
Gurobi 13.0.2 (win64) logging started Sat Jul 25 03:32:35 2026

Set parameter LogFile to value "E:\codes\ExactEBRP\results\gf_nonblocking_gurobi_c6_round31\runs\stage5__tight_T_seed4101__c6_candidate__rep2__300s\external\native_logs\L1_terminal_mip.gurobi.log"
Gurobi Optimizer version 13.0.2 build v13.0.2rc1 (win64 - Windows 10.0 (19045.2))

CPU model: 12th Gen Intel(R) Core(TM) i7-12700KF, instruction set [SSE2|AVX|AVX2]
Thread count: 12 physical cores, 20 logical processors, using up to 1 threads

Non-default parameters:
TimeLimit  280.1339825
MIPGap  0
MIPGapAbs  0
LogToConsole  0
Threads  1

Optimize a model with 11897 rows, 3372 columns and 67355 nonzeros (Min)
Model fingerprint: 0x61ce0ef2
Model has 21 linear objective coefficients
Variable types: 1683 continuous, 1689 integer (1489 binary)
Coefficient statistics:
  Matrix range     [7e-03, 2e+04]
  Objective range  [7e-03, 1e+00]
  Bounds range     [2e-01, 1e+03]
  RHS range        [2e-01, 5e+04]

Presolved: 10147 rows, 3292 columns, 64106 nonzeros

Continuing optimization...

     0     0    0.46265    0  278          -    0.46265      -     -    2s
     0     0    0.46265    0  275          -    0.46265      -     -    2s
     0     0    0.46374    0  301          -    0.46374      -     -    2s
     0     0    0.46640    0  315          -    0.46640      -     -    3s
     0     0    0.46703    0  352          -    0.46703      -     -    3s
     0     0    0.47327    0  334          -    0.47327      -     -    4s
     0     0    0.47461    0  330          -    0.47461      -     -    4s
     0     0    0.47596    0  305          -    0.47596      -     -    5s
     0     0    0.47612    0  329          -    0.47612      -     -    5s
     0     0    0.47786    0  311          -    0.47786      -     -    6s
     0     0    0.47817    0  314          -    0.47817      -     -    6s
     0     0    0.47911    0  326          -    0.47911      -     -    7s
     0     0    0.47941    0  344          -    0.47941      -     -    7s
     0     0    0.47974    0  343          -    0.47974      -     -    8s
     0     0    0.47987    0  329          -    0.47987      -     -    8s
     0     0    0.48120    0  291          -    0.48120      -     -    8s
     0     0    0.48139    0  320          -    0.48139      -     -    9s
     0     0    0.48159    0  258          -    0.48159      -     -    9s
     0     0    0.48173    0  281          -    0.48173      -     -    9s
     0     0    0.48186    0  313          -    0.48186      -     -   10s
     0     0    0.48189    0  346          -    0.48189      -     -   10s
     0     0    0.48192    0  349          -    0.48192      -     -   10s
     0     0    0.48192    0  344          -    0.48192      -     -   11s
     0     0    0.48197    0  328          -    0.48197      -     -   11s
     0     0    0.48197    0  328          -    0.48197      -     -   11s
     0     0    0.48197    0  320          -    0.48197      -     -   11s
     0     2    0.48197    0  320          -    0.48197      -     -   12s
     1     3    0.48873    1  331          -    0.48197      -  1653   13s
H    6     6                       0.5793999    0.48226  16.8%  1333   17s
H    6     6                       0.5793428    0.48226  16.8%  1333   18s
     6     8    0.48352    3  256    0.57934    0.48243  16.7%  1492   21s
    44    45    0.48752   37  331    0.57934    0.48253  16.7%   901   25s
   198   199    0.50051  187  327    0.57934    0.48253  16.7%   324   30s
H  221   220                       0.5793428    0.48253  16.7%   308   31s
   371   352    0.49509    8  302    0.57934    0.48353  16.5%   281   35s
H  389   368                       0.5791630    0.48353  16.5%   284   36s
H  389   368                       0.5787986    0.48353  16.5%   284   36s
H  389   368                       0.5783816    0.48353  16.4%   284   36s
H  389   368                       0.5780172    0.48353  16.3%   284   36s
   528   503    0.52372  150  266    0.57802    0.48353  16.3%   235   41s
   531   505    0.53193  107  331    0.57802    0.48353  16.3%   234   45s
   536   509    0.52674  127  311    0.57802    0.48440  16.2%   232   50s
   540   511    0.51258  118  307    0.57802    0.48888  15.4%   230   55s
   544   514    0.50528  185  407    0.57802    0.49073  15.1%   228   60s
   548   517    0.50454   51  404    0.57802    0.49143  15.0%   227   65s
H  550   491                       0.5639996    0.49195  12.8%   226   68s
H  550   466                       0.5629814    0.49195  12.6%   226   68s
   553   468    0.51516   76  370    0.56298    0.49199  12.6%   225   70s
   559   472    0.51016   78  364    0.56298    0.49229  12.6%   222   75s
   574   483    0.49239   23  249    0.56298    0.49239  12.5%   301   80s
   578   486    0.49239    7  345    0.56298    0.49239  12.5%   299   85s
   582   489    0.50282   91  350    0.56298    0.49317  12.4%   297   90s
   586   491    0.49710   17  377    0.56298    0.49373  12.3%   294   95s
   591   495    0.53330  109  371    0.56298    0.49398  12.3%   292  101s
   597   499    0.50703  116  384    0.56298    0.49419  12.2%   289  105s
   606   507    0.50412   23  318    0.56298    0.49422  12.2%   338  110s
   619   515    0.50975   29  328    0.56298    0.50380  10.5%   361  115s
   641   525    0.55618   40  250    0.56298    0.50380  10.5%   368  120s
   699   524    0.51833   26  304    0.56298    0.50381  10.5%   368  125s
   728   527    0.51758   27  289    0.56298    0.50432  10.4%   387  130s
   760   535    0.52696   25  315    0.56298    0.51257  8.95%   401  135s
   810   548     cutoff   51         0.56298    0.51257  8.95%   414  140s
   839   544    0.55741   25  282    0.56298    0.51417  8.67%   438  145s
   875   532    0.53369   34  313    0.56298    0.51621  8.31%   458  150s
   936   540     cutoff   39         0.56298    0.51636  8.28%   456  155s
   993   534    0.55963   45  216    0.56298    0.51758  8.07%   454  160s
  1033   525    0.52346   28  318    0.56298    0.51833  7.93%   466  165s
  1076   530    0.54521   34  264    0.56298    0.51846  7.91%   476  170s
  1107   525     cutoff   37         0.56298    0.51852  7.90%   492  175s
  1171   520    0.53407   30  247    0.56298    0.52173  7.33%   487  180s
  1224   525    0.53078   29  334    0.56298    0.52257  7.18%   489  185s
  1265   522    0.55328   28  333    0.56298    0.52373  6.97%   500  190s
  1303   517    0.53381   31  328    0.56298    0.52457  6.82%   505  195s
  1348   516    0.54918   27  289    0.56298    0.52532  6.69%   515  200s
  1388   516    0.54658   35  254    0.56298    0.52577  6.61%   519  205s
  1432   519    0.54672   34  259    0.56298    0.52620  6.53%   516  210s
  1481   506     cutoff   30         0.56298    0.52672  6.44%   519  215s
  1518   497    0.55180   33  259    0.56298    0.52719  6.36%   526  220s
  1569   494    0.54976   27  304    0.56298    0.52760  6.29%   528  225s
  1618   495 infeasible   42         0.56298    0.52785  6.24%   528  230s
  1667   490    0.54151   32  282    0.56298    0.52819  6.18%   529  235s
  1695   487    0.54453   32  297    0.56298    0.52964  5.92%   538  240s
  1763   484    0.53535   35  268    0.56298    0.53013  5.83%   536  245s
  1834   466    0.53509   32  330    0.56298    0.53168  5.56%   534  250s
  1881   459    0.54859   40  239    0.56298    0.53232  5.45%   540  255s
  1943   453    0.54399   35  255    0.56298    0.53256  5.40%   538  260s
  2000   443    0.55470   33  256    0.56298    0.53368  5.20%   534  265s
  2050   427    0.55324   35  209    0.56298    0.53448  5.06%   536  270s
  2115   415    0.55401   38  238    0.56298    0.53532  4.91%   535  275s
  2163   419    0.55118   36  288    0.56298    0.53546  4.89%   540  280s

Cutting planes:
  Learned: 9
  Gomory: 2
  Cover: 64
  Implied bound: 126
  Projected implied bound: 17
  Clique: 15
  MIR: 222
  Mixing: 2
  StrongCG: 17
  Flow cover: 453
  GUB cover: 4
  Inf proof: 1
  Zero half: 6
  Network: 21
  RLT: 7
  Relax-and-lift: 80
  BQP: 2

Explored 2205 nodes (1230288 simplex iterations) in 282.27 seconds (556.99 work units)
Most recent optimization runtime was 280.14 seconds (552.92 work units)
Thread count was 1 (of 20 available processors)

Solution count 7: 0.562981 0.578017 0.578382 ... 0.5794

Time limit reached
Best objective 5.629814005590e-01, best bound 5.354741018921e-01, gap 4.8860%

User-callback calls 54999, time in user-callback 0.01 sec
