
Gurobi 13.0.2 (win64) logging started Sat Jul 25 03:32:31 2026

Set parameter LogFile to value "E:\codes\ExactEBRP\results\gf_nonblocking_gurobi_c6_round31\runs\stage5__tight_T_seed4101__c6_candidate__rep2__300s\external\native_logs\L2_lp.gurobi.log"
Gurobi Optimizer version 13.0.2 build v13.0.2rc1 (win64 - Windows 10.0 (19045.2))

CPU model: 12th Gen Intel(R) Core(TM) i7-12700KF, instruction set [SSE2|AVX|AVX2]
Thread count: 12 physical cores, 20 logical processors, using up to 1 threads

Non-default parameters:
TimeLimit  284.1974043
MIPGap  0
MIPGapAbs  0
LogToConsole  0
Threads  1

Optimize a model with 11897 rows, 3372 columns and 67355 nonzeros (Min)
Model fingerprint: 0xe4c3c6b3
Model has 21 linear objective coefficients
Coefficient statistics:
  Matrix range     [7e-03, 2e+04]
  Objective range  [7e-03, 1e+00]
  Bounds range     [3e-01, 8e+02]
  RHS range        [3e-01, 5e+04]

Presolve removed 1455 rows and 102 columns
Presolve time: 0.04s
Presolved: 10442 rows, 3271 columns, 56851 nonzeros

Iteration    Objective       Primal Inf.    Dual Inf.      Time
       0    4.4208435e-01   4.854786e+02   0.000000e+00      0s

Extra simplex iterations after uncrush: 16
    2700    5.3589014e-01   0.000000e+00   0.000000e+00      0s

Solved in 2700 iterations and 0.19 seconds (0.50 work units)
Optimal objective  5.358901396e-01

User-callback calls 2848, time in user-callback 0.00 sec
