
Gurobi 13.0.2 (win64) logging started Fri Aug  7 21:13:13 2026

Set parameter LogFile to value "E:\codes\ExactEBRP\results\gf_v10_convergence_round33\runs\stage1__round33_v10_high_imbalance_M2_Q20_seed1719879984__c6_frozen__3600s\native.log"
Set parameter Threads to value 1
Set parameter Presolve to value -1
Set parameter Seed to value 0
Set parameter MIPGap to value 0
Set parameter MIPGapAbs to value 0
Warning: unknown variable 'r_max' in bounds section (line 4792)
Warning: unknown variable 'r_min' in bounds section (line 4793)
Read LP format model from file E:\codes\ExactEBRP\results\gf_v10_convergence_round33\runs\stage1__round33_v10_high_imbalance_M2_Q20_seed1719879984__c6_frozen__3600s\external\models\L0.lp
Reading time = 0.01 seconds
obj: 4276 rows, 763 columns, 30549 nonzeros
Set parameter TimeLimit to value 3582.3922581
Warning: unknown variable 'r_max' in bounds section (line 4792)
Warning: unknown variable 'r_min' in bounds section (line 4793)
Read LP format model from file E:\codes\ExactEBRP\results\gf_v10_convergence_round33\runs\stage1__round33_v10_high_imbalance_M2_Q20_seed1719879984__c6_frozen__3600s\external\models\L1.lp
Reading time = 0.01 seconds
obj: 4276 rows, 763 columns, 30673 nonzeros
Set parameter TimeLimit to value 3582.3141793
Warning: unknown variable 'r_max' in bounds section (line 4792)
Warning: unknown variable 'r_min' in bounds section (line 4793)
Read LP format model from file E:\codes\ExactEBRP\results\gf_v10_convergence_round33\runs\stage1__round33_v10_high_imbalance_M2_Q20_seed1719879984__c6_frozen__3600s\external\models\L2.lp
Reading time = 0.01 seconds
obj: 4276 rows, 763 columns, 30673 nonzeros
Set parameter TimeLimit to value 3582.2063723
Warning: unknown variable 'r_max' in bounds section (line 4793)
Warning: unknown variable 'r_min' in bounds section (line 4794)
Warning: Numeric variable name in LP file ('0') - often the result
         of a constant term in the left-hand side of a constraint.

Read LP format model from file E:\codes\ExactEBRP\results\gf_v10_convergence_round33\runs\stage1__round33_v10_high_imbalance_M2_Q20_seed1719879984__c6_frozen__3600s\external\models\L3.lp
Reading time = 0.01 seconds
obj: 4277 rows, 764 columns, 30584 nonzeros
Set parameter TimeLimit to value 3582.1048258
Warning: unknown variable 'r_max' in bounds section (line 4792)
Warning: unknown variable 'r_min' in bounds section (line 4793)
Read LP format model from file E:\codes\ExactEBRP\results\gf_v10_convergence_round33\runs\stage1__round33_v10_high_imbalance_M2_Q20_seed1719879984__c6_frozen__3600s\external\models\L1.0.lp
Reading time = 0.01 seconds
obj: 4276 rows, 763 columns, 30673 nonzeros
Set parameter TimeLimit to value 3572.9419979
Warning: unknown variable 'r_max' in bounds section (line 4792)
Warning: unknown variable 'r_min' in bounds section (line 4793)
Read LP format model from file E:\codes\ExactEBRP\results\gf_v10_convergence_round33\runs\stage1__round33_v10_high_imbalance_M2_Q20_seed1719879984__c6_frozen__3600s\external\models\L1.1.lp
Reading time = 0.01 seconds
obj: 4276 rows, 763 columns, 30673 nonzeros
Set parameter TimeLimit to value 3572.8388123
Warning: unknown variable 'r_max' in bounds section (line 4792)
Warning: unknown variable 'r_min' in bounds section (line 4793)
Read LP format model from file E:\codes\ExactEBRP\results\gf_v10_convergence_round33\runs\stage1__round33_v10_high_imbalance_M2_Q20_seed1719879984__c6_frozen__3600s\external\models\L2.0.lp
Reading time = 0.01 seconds
obj: 4276 rows, 763 columns, 30673 nonzeros
Set parameter TimeLimit to value 3563.6397247
Warning: unknown variable 'r_max' in bounds section (line 4792)
Warning: unknown variable 'r_min' in bounds section (line 4793)
Read LP format model from file E:\codes\ExactEBRP\results\gf_v10_convergence_round33\runs\stage1__round33_v10_high_imbalance_M2_Q20_seed1719879984__c6_frozen__3600s\external\models\L2.1.lp
Reading time = 0.01 seconds
obj: 4276 rows, 763 columns, 30673 nonzeros
Set parameter TimeLimit to value 3563.5417593
Warning: unknown variable 'r_max' in bounds section (line 4792)
Warning: unknown variable 'r_min' in bounds section (line 4793)
Read LP format model from file E:\codes\ExactEBRP\results\gf_v10_convergence_round33\runs\stage1__round33_v10_high_imbalance_M2_Q20_seed1719879984__c6_frozen__3600s\external\models\L1.1.0.lp
Reading time = 0.01 seconds
obj: 4276 rows, 763 columns, 30673 nonzeros
Set parameter TimeLimit to value 3563.1083335
Warning: unknown variable 'r_max' in bounds section (line 4792)
Warning: unknown variable 'r_min' in bounds section (line 4793)
Read LP format model from file E:\codes\ExactEBRP\results\gf_v10_convergence_round33\runs\stage1__round33_v10_high_imbalance_M2_Q20_seed1719879984__c6_frozen__3600s\external\models\L1.1.1.lp
Reading time = 0.01 seconds
obj: 4276 rows, 763 columns, 30673 nonzeros
Set parameter TimeLimit to value 3563.0074016
Warning: unknown variable 'r_max' in bounds section (line 4792)
Warning: unknown variable 'r_min' in bounds section (line 4793)
Read LP format model from file E:\codes\ExactEBRP\results\gf_v10_convergence_round33\runs\stage1__round33_v10_high_imbalance_M2_Q20_seed1719879984__c6_frozen__3600s\external\models\L2.0.0.lp
Reading time = 0.01 seconds
obj: 4276 rows, 763 columns, 30673 nonzeros
Set parameter TimeLimit to value 3559.0720498
Warning: unknown variable 'r_max' in bounds section (line 4792)
Warning: unknown variable 'r_min' in bounds section (line 4793)
Read LP format model from file E:\codes\ExactEBRP\results\gf_v10_convergence_round33\runs\stage1__round33_v10_high_imbalance_M2_Q20_seed1719879984__c6_frozen__3600s\external\models\L2.0.1.lp
Reading time = 0.01 seconds
obj: 4276 rows, 763 columns, 30673 nonzeros
Set parameter TimeLimit to value 3558.9704448
Warning: unknown variable 'r_max' in bounds section (line 4792)
Warning: unknown variable 'r_min' in bounds section (line 4793)
Read LP format model from file E:\codes\ExactEBRP\results\gf_v10_convergence_round33\runs\stage1__round33_v10_high_imbalance_M2_Q20_seed1719879984__c6_frozen__3600s\external\models\L2.0.0.0.lp
Reading time = 0.01 seconds
obj: 4276 rows, 763 columns, 30673 nonzeros
Set parameter TimeLimit to value 3558.8698138
Warning: unknown variable 'r_max' in bounds section (line 4792)
Warning: unknown variable 'r_min' in bounds section (line 4793)
Read LP format model from file E:\codes\ExactEBRP\results\gf_v10_convergence_round33\runs\stage1__round33_v10_high_imbalance_M2_Q20_seed1719879984__c6_frozen__3600s\external\models\L2.0.0.1.lp
Reading time = 0.01 seconds
obj: 4276 rows, 763 columns, 30673 nonzeros
Set parameter TimeLimit to value 3558.7710782
