
Gurobi 13.0.2 (win64) logging started Mon Aug 24 17:15:09 2026

Set parameter LogFile to value "E:\codes\ExactEBRP\results\gf_k1_amf_formulation_rescue_round48\counterfactual_runs\tight3102_L0_0__midpoint\external\native_logs\L0.0.0_terminal_mip.gurobi.log"
Gurobi Optimizer version 13.0.2 build v13.0.2rc1 (win64 - Windows 10.0 (19045.2))

CPU model: 12th Gen Intel(R) Core(TM) i7-12700KF, instruction set [SSE2|AVX|AVX2]
Thread count: 12 physical cores, 20 logical processors, using up to 1 threads

Non-default parameters:
TimeLimit  1147.6230371
MIPGap  0
MIPGapAbs  0
LogToConsole  0
Threads  1

Optimize a model with 11903 rows, 3374 columns and 67107 nonzeros (Min)
Model fingerprint: 0x1d5d4d5b
Model has 21 linear objective coefficients
Variable types: 1684 continuous, 1690 integer (1490 binary)
Coefficient statistics:
  Matrix range     [7e-03, 2e+04]
  Objective range  [7e-03, 1e+00]
  Bounds range     [2e-01, 6e+02]
  RHS range        [2e-01, 5e+04]

Presolved: 10434 rows, 3138 columns, 86749 nonzeros

Continuing optimization...

     0     0    0.54931    0  272          -    0.54931      -     -    2s
     0     0    0.54931    0  266          -    0.54931      -     -    2s
     0     0    0.54942    0  242          -    0.54942      -     -    2s
     0     0    0.55248    0  305          -    0.55248      -     -    2s
     0     0    0.55329    0  299          -    0.55329      -     -    3s
     0     0    0.55623    0  302          -    0.55623      -     -    3s
     0     0    0.55693    0  330          -    0.55693      -     -    4s
     0     0    0.55936    0  304          -    0.55936      -     -    5s
     0     0    0.55963    0  328          -    0.55963      -     -    5s
     0     0    0.56223    0  357          -    0.56223      -     -    6s
     0     0    0.56248    0  322          -    0.56248      -     -    6s
     0     0    0.56371    0  345          -    0.56371      -     -    7s
     0     0    0.56386    0  335          -    0.56386      -     -    7s
     0     0    0.56453    0  254          -    0.56453      -     -    8s
     0     0    0.56470    0  334          -    0.56470      -     -    8s
     0     0    0.56515    0  309          -    0.56515      -     -    9s
     0     0    0.56532    0  285          -    0.56532      -     -    9s
     0     0    0.56588    0  325          -    0.56588      -     -   10s
     0     0    0.56614    0  290          -    0.56614      -     -   10s
     0     0    0.56629    0  290          -    0.56629      -     -   11s
     0     0    0.56630    0  310          -    0.56630      -     -   11s
     0     0    0.56648    0  316          -    0.56648      -     -   12s
     0     0    0.56655    0  352          -    0.56655      -     -   12s
     0     0    0.56657    0  334          -    0.56657      -     -   13s
     0     0    0.56666    0  335          -    0.56666      -     -   13s
     0     0    0.56677    0  333          -    0.56677      -     -   14s
     0     0    0.56682    0  310          -    0.56682      -     -   14s
     0     0    0.56687    0  354          -    0.56687      -     -   15s
     0     0    0.56689    0  339          -    0.56689      -     -   15s
     0     0    0.56692    0  353          -    0.56692      -     -   15s
     0     0    0.56692    0  348          -    0.56692      -     -   15s
     0     0    0.56692    0  334          -    0.56692      -     -   15s
     0     2    0.56692    0  334          -    0.56692      -     -   17s
     1     3    0.56694    1  333          -    0.56692      -   685   17s
    12    12    0.56980    7  262          -    0.56767      -  1054   20s
    52    38    0.56768    3  241          -    0.56768      -   620   25s
    67    51    0.57329   14  257          -    0.56768      -   572   30s
   347   293    0.58700   67  237          -    0.56795      -   195   35s
   354   289    0.58848    4  226          -    0.56820      -   205   44s
   389   320    0.59707   37  229          -    0.56820      -   194   45s
   574   472    0.59855   84  334          -    0.56831      -   172   51s
   577   474    0.60831   52  306          -    0.56831      -   171   55s
   580   476    0.59348   58  342          -    0.56831      -   170   60s
   583   478    0.58922    8  323          -    0.57081      -   169   65s
   586   480    0.59401   77  347          -    0.57330      -   168   70s
   589   482    0.57537   15  338          -    0.57537      -   167   75s
   592   484    0.60000   48  354          -    0.57625      -   166   81s
   594   485    0.59327   30  353          -    0.57685      -   166   85s
   597   487    0.59367   29  398          -    0.57816      -   165   90s
   605   493    0.58418   19  378          -    0.57856      -   163   95s
   614   499    0.59206   38  381          -    0.57876      -   160  100s
   623   506    0.57876   11  310          -    0.57876      -   281  106s
   626   508    0.60103   51  306          -    0.57876      -   280  111s
   629   510    0.59367   35  333          -    0.57876      -   279  117s
   631   511    0.59215   38  329          -    0.57888      -   278  120s
   634   513    0.57972   13  332          -    0.57972      -   276  126s
   637   515    0.59238   20  299          -    0.58014      -   275  131s
   640   517    0.58034    8  360          -    0.58034      -   274  136s
   645   521    0.59446   23  348          -    0.58083      -   272  140s
   656   528    0.58090   17  366          -    0.58090      -   267  146s
   660   533    0.58139   25  311          -    0.58091      -   340  150s
   665   536    0.58864   27  311          -    0.58173      -   345  155s
   672   541    0.58677   31  276          -    0.58200      -   350  160s
   681   545 infeasible   35               -    0.58337      -   353  165s
   726   537    0.59689   58  282          -    0.58337      -   353  170s
   766   523    0.58659   30  196          -    0.58435      -   353  175s
   813   515    0.59562   41  243          -    0.58438      -   353  180s
   850   497    0.58554   29  218          -    0.58544      -   359  185s
   890   486    0.58871   28  323          -    0.58871      -   358  190s
   910   491 infeasible   37               -    0.58905      -   360  195s
   943   477    0.60035   37  254          -    0.59156      -   364  200s
   984   463 infeasible   36               -    0.59470      -   363  205s

Cutting planes:
  Learned: 14
  Cover: 31
  Implied bound: 60
  Projected implied bound: 14
  Clique: 15
  MIR: 118
  StrongCG: 6
  Flow cover: 166
  GUB cover: 8
  Zero half: 7
  Network: 17
  RLT: 8
  Relax-and-lift: 41
  BQP: 15
  PSD: 1

Explored 1062 nodes (427167 simplex iterations) in 209.61 seconds (378.36 work units)
Most recent optimization runtime was 207.84 seconds (375.28 work units)
Thread count was 1 (of 20 available processors)

Solution count 0

Model is infeasible
Best objective -, best bound -, gap -

User-callback calls 51799, time in user-callback 0.01 sec
