
Gurobi 13.0.2 (win64) logging started Mon Aug 24 17:18:38 2026

Set parameter LogFile to value "E:\codes\ExactEBRP\results\gf_k1_amf_formulation_rescue_round48\counterfactual_runs\tight3102_L0_0__midpoint\external\native_logs\L0.0.1_terminal_mip.gurobi.log"
Gurobi Optimizer version 13.0.2 build v13.0.2rc1 (win64 - Windows 10.0 (19045.2))

CPU model: 12th Gen Intel(R) Core(TM) i7-12700KF, instruction set [SSE2|AVX|AVX2]
Thread count: 12 physical cores, 20 logical processors, using up to 1 threads

Non-default parameters:
TimeLimit  939.076161
MIPGap  0
MIPGapAbs  0
LogToConsole  0
Threads  1

Optimize a model with 11903 rows, 3374 columns and 67347 nonzeros (Min)
Model fingerprint: 0x57b70784
Model has 21 linear objective coefficients
Variable types: 1684 continuous, 1690 integer (1490 binary)
Coefficient statistics:
  Matrix range     [7e-03, 2e+04]
  Objective range  [7e-03, 1e+00]
  Bounds range     [2e-01, 5e+02]
  RHS range        [2e-01, 5e+04]

Presolved: 10322 rows, 3120 columns, 65744 nonzeros

Continuing optimization...

     0     0    0.55192    0  250          -    0.55192      -     -    1s
     0     0    0.55192    0  243          -    0.55192      -     -    1s
     0     0    0.55197    0  268          -    0.55197      -     -    1s
     0     0    0.55325    0  257          -    0.55325      -     -    2s
     0     0    0.55357    0  299          -    0.55357      -     -    2s
     0     0    0.55505    0  306          -    0.55505      -     -    3s
     0     0    0.55581    0  316          -    0.55581      -     -    4s
     0     0    0.55786    0  326          -    0.55786      -     -    5s
     0     0    0.55809    0  291          -    0.55809      -     -    5s
     0     0    0.55912    0  340          -    0.55912      -     -    6s
     0     0    0.55938    0  325          -    0.55938      -     -    6s
     0     0    0.55986    0  328          -    0.55986      -     -    6s
     0     0    0.56000    0  345          -    0.56000      -     -    7s
     0     0    0.56100    0  307          -    0.56100      -     -    8s
     0     0    0.56131    0  331          -    0.56131      -     -    8s
     0     0    0.56170    0  328          -    0.56170      -     -    9s
     0     0    0.56181    0  305          -    0.56181      -     -    9s
     0     0    0.56234    0  284          -    0.56234      -     -   10s
     0     0    0.56253    0  311          -    0.56253      -     -   10s
     0     0    0.56270    0  337          -    0.56270      -     -   11s
     0     0    0.56283    0  341          -    0.56283      -     -   11s
     0     0    0.56315    0  302          -    0.56315      -     -   12s
     0     0    0.56336    0  347          -    0.56336      -     -   12s
     0     0    0.56354    0  288          -    0.56354      -     -   12s
     0     0    0.56371    0  324          -    0.56371      -     -   13s
     0     0    0.56383    0  290          -    0.56383      -     -   14s
     0     0    0.56384    0  318          -    0.56384      -     -   14s
     0     0    0.56396    0  300          -    0.56396      -     -   15s
     0     0    0.56397    0  298          -    0.56397      -     -   15s
     0     0    0.56399    0  302          -    0.56399      -     -   16s
     0     0    0.56401    0  360          -    0.56401      -     -   16s
     0     0    0.56409    0  315          -    0.56409      -     -   17s
     0     0    0.56414    0  333          -    0.56414      -     -   17s
     0     0    0.56419    0  289          -    0.56419      -     -   18s
     0     0    0.56419    0  346          -    0.56419      -     -   18s
     0     0    0.56422    0  283          -    0.56422      -     -   19s
     0     0    0.56422    0  300          -    0.56422      -     -   20s
     0     0    0.56422    0  352          -    0.56422      -     -   20s
     0     0    0.56422    0  350          -    0.56422      -     -   21s
     0     0    0.56422    0  347          -    0.56422      -     -   21s
     0     2    0.56423    0  345          -    0.56423      -     -   22s
     1     3    0.56435    1  281          -    0.56423      -  1495   22s
     8    10    0.56488    6  264          -    0.56473      -  1232   25s
    68    70    0.56972   60  294          -    0.56473      -   550   30s
   141   143    0.57335  133  290          -    0.56473      -   329   35s
   205   201    0.56892    3  255          -    0.56474      -   267   44s
   216   212    0.57070   13  218          -    0.56474      -   263   48s
   357   341    0.57115   20  258          -    0.56475      -   195   50s
   535   497    0.57300   64  347          -    0.56475      -   183   55s
   539   500    0.57855   77  329          -    0.56475      -   181   60s
   542   502    0.58665   37  303          -    0.56475      -   180   66s
   545   504    0.57522   81  347          -    0.56534      -   179   71s
   548   506    0.57895  104  345          -    0.56585      -   178   77s
   550   507    0.57734   41  360          -    0.56619      -   178   80s
   552   508    0.58933   59  387          -    0.56654      -   177   85s
   555   510    0.57291   63  399          -    0.56666      -   176   90s
   558   512    0.57369   44  393          -    0.56675      -   175   96s
   560   514    0.57504   67  401          -    0.56680      -   175  102s
   562   515    0.57383  135  367          -    0.56690      -   174  105s
   568   519    0.57336   35  375          -    0.56704      -   172  110s
   581   529    0.57734   41  233          -    0.56707      -   337  116s
   584   531    0.57961  162  279          -    0.56707      -   335  120s
   587   533    0.57369   44  337          -    0.56707      -   333  125s
   590   535    0.57682   15  356          -    0.56708      -   332  131s
   592   537    0.58476   60  399          -    0.56713      -   330  135s
   595   539    0.58870   42  399          -    0.56726      -   329  141s
   597   540    0.56949   10  373          -    0.56726      -   328  145s
   600   542    0.56726   24  358          -    0.56726      -   326  150s
   604   545    0.57158   39  374          -    0.56726      -   324  156s
   608   547    0.57007   21  376          -    0.56730      -   322  160s
   611   551    0.56734   22  339          -    0.56730      -   409  167s
   617   555    0.57256   25  214          -    0.56734      -   423  171s
   622   559    0.58081   27  233          -    0.56734      -   442  175s
   630   560    0.58472   31  192          -    0.56734      -   457  183s
   633   562    0.58207   33  213          -    0.56734      -   457  185s
   635   563    0.58265   34  216          -    0.56734      -   459  190s
   657   573    0.58760   45  232          -    0.56734      -   468  195s
   698   572    0.56784   26  303          -    0.56734      -   473  200s
   707   578    0.58006   30  181          -    0.56734      -   485  205s
   782   582    0.56761   23  333          -    0.56761      -   471  211s
   808   586    0.57171   29  298          -    0.56784      -   481  215s
   826   588    0.57818   31  178          -    0.56842      -   501  220s
   846   594    0.59963   41  143          -    0.56842      -   502  225s
   871   595    0.58216   33  226          -    0.56919      -   518  230s
   891   604    0.58182   43  227          -    0.56919      -   540  235s
   930   598    0.58039   27  196          -    0.56920      -   545  240s
   992   610    0.59544   42  128          -    0.56971      -   530  246s
  1048   626    0.59809   42  112          -    0.56971      -   516  250s
  1090   625    0.57483   29  193          -    0.56984      -   522  255s
  1134   639    0.57308   28  241          -    0.56989      -   516  263s
  1143   645    0.57980   34  221          -    0.56989      -   518  265s
  1196   662    0.57664   29  231          -    0.57012      -   511  270s
  1260   681    0.58966   28  154          -    0.57056      -   511  275s
  1277   679    0.58497   30  217          -    0.57099      -   512  280s
  1347   695    0.59603   35  170          -    0.57103      -   510  285s
  1383   698    0.58833   30  203          -    0.57121      -   518  290s
  1426   709    0.58802   39  157          -    0.57150      -   523  295s
  1513   705    0.58745   35  161          -    0.57226      -   515  300s
  1595   710 infeasible   35               -    0.57270      -   509  305s
  1679   719 infeasible   35               -    0.57326      -   500  310s
  1743   710    0.58125   29  212          -    0.57434      -   497  319s
  1744   711    0.58239   30  186          -    0.57434      -   498  321s
  1786   712    0.58805   30  161          -    0.57467      -   496  325s
  1864   710    0.59679   35  185          -    0.57498      -   494  330s
  1973   742    0.59594   37  187          -    0.57528      -   482  335s
  2049   759    0.58264   32  234          -    0.57532      -   477  340s
  2118   744    0.59425   36  210          -    0.57606      -   479  345s
  2220   748    0.57847   29  227          -    0.57624      -   473  350s
  2285   761    0.58630   30  158          -    0.57637      -   473  355s
  2364   779    0.59220   30  245          -    0.57683      -   471  360s
  2431   822    0.59211   57  115          -    0.57690      -   468  365s
H 2437   795                       0.6007044    0.57690  3.96%   467  365s
  2550   807    0.59218   35  149    0.60070    0.57795  3.79%   467  370s
  2664   823 infeasible   33         0.60070    0.57839  3.71%   465  375s
  2779   825    0.58062   35  180    0.60070    0.57970  3.50%   463  380s
  2945   865    0.59327   35  165    0.60070    0.58051  3.36%   455  385s
  3046   893    0.58665   32  182    0.60070    0.58088  3.30%   457  390s
  3224   942    0.59813   43  131    0.60070    0.58132  3.23%   448  395s
  3356   947    0.59562   42  179    0.60070    0.58198  3.12%   447  400s
  3516   961    0.58759   33  179    0.60070    0.58246  3.04%   443  405s
  3674   967    0.59823   42  125    0.60070    0.58369  2.83%   442  410s
  3819   965    0.59115   36  191    0.60070    0.58461  2.68%   442  415s
  3985   982 infeasible   35         0.60070    0.58527  2.57%   438  420s
  4130   987    0.59251   38  157    0.60070    0.58589  2.47%   439  425s
  4281   992    0.59545   34  203    0.60070    0.58633  2.39%   439  430s
  4477  1003 infeasible   38         0.60070    0.58709  2.27%   433  435s
  4639  1022    0.59738   41  157    0.60070    0.58754  2.19%   431  440s
  4840  1021 infeasible   32         0.60070    0.58807  2.10%   425  445s
  4995  1009    0.59055   35  191    0.60070    0.58862  2.01%   423  450s
  5127  1021    0.60029   42  139    0.60070    0.58897  1.95%   420  455s
  5248  1001    0.59476   35  137    0.60070    0.58950  1.87%   422  460s
  5505  1023    0.60064   40   93    0.60070    0.58985  1.81%   414  465s
  5735  1037 infeasible   37         0.60070    0.59023  1.74%   409  470s
  5950  1018 infeasible   36         0.60070    0.59085  1.64%   403  475s
  6154  1012    0.59722   45  180    0.60070    0.59129  1.57%   402  480s
  6426  1003    0.59306   37  145    0.60070    0.59201  1.45%   395  485s
  6747   991    0.59928   46  147    0.60070    0.59253  1.36%   387  490s
  6917   970    0.59420   38  204    0.60070    0.59290  1.30%   384  495s
  7135   939 infeasible   36         0.60070    0.59331  1.23%   382  500s
  7372   912    0.59729   38  144    0.60070    0.59363  1.18%   379  505s
  7652   869    0.59697   37  164    0.60070    0.59415  1.09%   373  510s
  7873   848    0.59705   50   66    0.60070    0.59445  1.04%   370  515s
  8075   808 infeasible   41         0.60070    0.59480  0.98%   367  520s
  8331   754 infeasible   41         0.60070    0.59532  0.90%   364  525s
  8630   655 infeasible   35         0.60070    0.59591  0.80%   360  530s
  8862   521    0.59939   52  120    0.60070    0.59657  0.69%   359  535s
  9106   409 infeasible   43         0.60070    0.59717  0.59%   357  540s
  9374   260 infeasible   39         0.60070    0.59807  0.44%   355  545s

Cutting planes:
  Learned: 17
  Gomory: 1
  Cover: 85
  Implied bound: 122
  Projected implied bound: 11
  Clique: 9
  MIR: 326
  StrongCG: 8
  Flow cover: 364
  GUB cover: 10
  Inf proof: 2
  Zero half: 9
  Network: 28
  RLT: 15
  Relax-and-lift: 61
  BQP: 5
  PSD: 1

Explored 9719 nodes (3476658 simplex iterations) in 549.71 seconds (1116.98 work units)
Most recent optimization runtime was 548.35 seconds (1114.36 work units)
Thread count was 1 (of 20 available processors)

Solution count 1: 0.600704 

Optimal solution found (tolerance 0.00e+00)
Best objective 6.007044366851e-01, best bound 6.007044366851e-01, gap 0.0000%

User-callback calls 127005, time in user-callback 0.05 sec
