
Gurobi 13.0.2 (win64) logging started Mon Aug 24 17:15:09 2026

Set parameter LogFile to value "E:\codes\ExactEBRP\results\gf_k1_amf_formulation_rescue_round48\counterfactual_runs\tight3102_L0_0__midpoint\external\native_logs\L0.0.0.1_lp.gurobi.log"
Gurobi Optimizer version 13.0.2 build v13.0.2rc1 (win64 - Windows 10.0 (19045.2))

CPU model: 12th Gen Intel(R) Core(TM) i7-12700KF, instruction set [SSE2|AVX|AVX2]
Thread count: 12 physical cores, 20 logical processors, using up to 1 threads

Non-default parameters:
TimeLimit  1147.9216068
MIPGap  0
MIPGapAbs  0
LogToConsole  0
Threads  1

Optimize a model with 11903 rows, 3374 columns and 67347 nonzeros (Min)
Model fingerprint: 0xe9eb9ad8
Model has 21 linear objective coefficients
Coefficient statistics:
  Matrix range     [7e-03, 2e+04]
  Objective range  [7e-03, 1e+00]
  Bounds range     [8e-02, 5e+02]
  RHS range        [8e-02, 5e+04]

Presolve removed 809 rows and 108 columns
Presolve time: 0.04s
Presolved: 11094 rows, 3267 columns, 63450 nonzeros

Iteration    Objective       Primal Inf.    Dual Inf.      Time
       0    3.7508805e-01   5.168907e+02   0.000000e+00      0s

Extra simplex iterations after uncrush: 27
    3247    4.7233178e-01   0.000000e+00   0.000000e+00      0s

Solved in 3247 iterations and 0.26 seconds (0.77 work units)
Optimal objective  4.723317785e-01

User-callback calls 3398, time in user-callback 0.00 sec
