
Gurobi 13.0.2 (win64) logging started Sun Aug  9 21:09:18 2026

Set parameter LogFile to value "E:\codes\ExactEBRP\results\gf_simple_start_qualification_round35\runs\matrix1800__round32_multi_m_moderate_V20_M4_seed822125155__c6_simple_start__1800s\external\native_logs\L0_c6_1_next_leaf_target_mip.gurobi.log"
Gurobi Optimizer version 13.0.2 build v13.0.2rc1 (win64 - Windows 10.0 (19045.2))

CPU model: 12th Gen Intel(R) Core(TM) i7-12700KF, instruction set [SSE2|AVX|AVX2]
Thread count: 12 physical cores, 20 logical processors, using up to 1 threads

Non-default parameters:
TimeLimit  1784.6372529
MIPGap  0
MIPGapAbs  0
LogToConsole  0
Threads  1

Optimize a model with 15106 rows, 4336 columns and 83869 nonzeros (Min)
Model fingerprint: 0x308d3968
Model has 21 linear objective coefficients
Variable types: 2125 continuous, 2211 integer (1951 binary)
Coefficient statistics:
  Matrix range     [1e-02, 2e+04]
  Objective range  [1e-02, 1e+00]
  Bounds range     [6e-02, 5e+02]
  RHS range        [6e-02, 5e+04]

Presolve removed 1323 rows and 80 columns
Presolve time: 0.27s
Presolved: 13783 rows, 4256 columns, 92066 nonzeros
Variable types: 2075 continuous, 2181 integer (1933 binary)

Root relaxation: objective 0.000000e+00, 2516 iterations, 0.12 seconds (0.28 work units)

    Nodes    |    Current Node    |     Objective Bounds      |     Work
 Expl Unexpl |  Obj  Depth IntInf | Incumbent    BestBd   Gap | It/Node Time

     0     0    0.00000    0  160          -    0.00000      -     -    0s
     0     0    0.00436    0  257          -    0.00436      -     -    1s
     0     0    0.02754    0  296          -    0.02754      -     -    2s
     0     0    0.02814    0  302          -    0.02814      -     -    2s
     0     0    0.03500    0  347          -    0.03500      -     -    4s
     0     0    0.03544    0  377          -    0.03544      -     -    4s
     0     0    0.03985    0  364          -    0.03985      -     -    6s
     0     0    0.04016    0  333          -    0.04016      -     -    7s
     0     0    0.04202    0  362          -    0.04202      -     -    8s
     0     0    0.04205    0  352          -    0.04205      -     -    9s
     0     0    0.04234    0  338          -    0.04234      -     -   10s
     0     0    0.04238    0  334          -    0.04238      -     -   11s
     0     0    0.04308    0  418          -    0.04308      -     -   11s
     0     0    0.04309    0  345          -    0.04309      -     -   12s
     0     0    0.04328    0  380          -    0.04328      -     -   14s
     0     0    0.04333    0  288          -    0.04333      -     -   14s
     0     0    0.04338    0  354          -    0.04338      -     -   15s
     0     0    0.04341    0  320          -    0.04341      -     -   15s
     0     0    0.04355    0  361          -    0.04355      -     -   16s
     0     0    0.04362    0  393          -    0.04362      -     -   17s
     0     0    0.04391    0  332          -    0.04391      -     -   18s
     0     0    0.04391    0  353          -    0.04391      -     -   18s
     0     0    0.04392    0  343          -    0.04392      -     -   18s
     0     0    0.04392    0  344          -    0.04392      -     -   18s
     0     0    0.04392    0  422          -    0.04392      -     -   19s
     0     0    0.04392    0  422          -    0.04392      -     -   19s
     0     0    0.04392    0  410          -    0.04392      -     -   19s
     0     2    0.04392    0  410          -    0.04392      -     -   21s
     4     6    0.04401    2  425          -    0.04401      -  1395   30s
    17    19    0.04514   11  342          -    0.04405      -  2068   35s
    31    33    0.04591   24  357          -    0.04405      -  1491   41s
    44    46    0.04705   37  332          -    0.04405      -  1137   45s
    91    93    0.05363   76  279          -    0.04405      -   889   50s
   238   228    0.09276    7  294          -    0.04405      -   459   56s
   316   298    0.04452    4  327          -    0.04405      -   414   60s
   495   465    0.04613    3  276          -    0.04406      -   324   65s
   531   500    0.05545   11  410          -    0.04406      -   329   70s
   534   502    0.07348   76  337          -    0.04406      -   327   76s
   536   503    0.05805   91  282          -    0.04406      -   326   80s
   538   505    0.14925  189  418          -    0.04406      -   325   85s
   542   507    0.06007  134  307          -    0.04418      -   322   91s
   545   509    0.06358  157  303          -    0.04425      -   321   96s
   547   511    0.05034   21  341          -    0.04426      -   319  100s
   550   513    0.04871   45  351          -    0.04428      -   318  105s
   553   515    0.05931   82  397          -    0.04436      -   316  110s
   555   516    0.04761   46  509          -    0.04478      -   315  117s
   556   517    0.06107   22  503          -    0.04504      -   314  121s
   558   518    0.04707   39  514          -    0.04512      -   313  127s
   559   519    0.05655   32  525          -    0.04517      -   313  130s
   561   520    0.05249   70  515          -    0.04520      -   311  136s
   563   521    0.04722   15  479          -    0.04523      -   310  141s
   565   523    0.07999  119  512          -    0.04537      -   309  146s
   568   525    0.04600   10  497          -    0.04600      -   308  162s
   571   527    0.05633   70  522          -    0.04627      -   306  166s
   575   529    0.06044    5  555          -    0.04645      -   304  170s
   586   537    0.05633   70  515          -    0.04653      -   298  175s
   594   543    0.08981   41  454          -    0.04653      -   536  183s
   595   544    0.09102   57  366          -    0.04653      -   535  186s
   596   544    0.07840  110  475          -    0.04653      -   534  190s
   598   546    0.04705   38  515          -    0.04653      -   533  197s
   599   546    0.04875   49  509          -    0.04653      -   532  201s
   600   547    0.04692    4  511          -    0.04692      -   531  206s
   602   548    0.06358  150  521          -    0.04695      -   529  212s
   603   549    0.04698   12  518          -    0.04698      -   528  215s
   605   550    0.05978  125  517          -    0.04713      -   526  222s
   606   551    0.06669  185  517          -    0.04717      -   526  226s
   608   552    0.06276   83  523          -    0.04719      -   524  233s
   609   553    0.05903  106  549          -    0.04719      -   523  238s
   610   554    0.06047   63  515          -    0.04720      -   522  243s
   611   554    0.06409   25  528          -    0.04720      -   521  246s
   612   555    0.05901  108  527          -    0.04722      -   520  250s
   614   556    0.06920   37  516          -    0.04724      -   519  256s
   616   558    0.05805   18  509          -    0.04726      -   517  262s
   618   559    0.04726   40  499          -    0.04726      -   515  267s
   619   560    0.05940  109  526          -    0.04726      -   515  270s
   621   561    0.04726   39  529          -    0.04726      -   513  275s
   624   563    0.05702   80  514          -    0.04731      -   510  280s
   628   566    0.08440   46  515          -    0.04734      -   507  286s
   633   569    0.07363  108  515          -    0.04734      -   503  290s
   637   574    0.04734   22  514          -    0.04734      -   741  311s
   641   576    0.04734   24  485          -    0.04734      -   756  316s
   643   578    0.04804   25  450          -    0.04734      -   763  320s
   644   578    0.05100   25  282          -    0.04734      -   766  327s
   646   580    0.04808   26  471          -    0.04734      -   775  331s
   647   580    0.04808   27  464          -    0.04734      -   775  335s
   649   582    0.04849   28  449          -    0.04734      -   792  346s
   657   587    0.05013   32  293          -    0.04734      -   810  350s
   667   594    0.05380   37  326          -    0.04734      -   821  355s
   684   605    0.08516   45  247          -    0.04734      -   831  360s
   693   611    0.06070   50  254          -    0.04734      -   842  365s
   717   627    0.06475   62  251          -    0.04734      -   842  370s
   737   638    0.07564   72  192          -    0.04734      -   839  375s
   748   646    0.14572   77  209          -    0.04734      -   835  380s
   777   663    0.07656   92  174          -    0.04734      -   822  385s
   810   670 infeasible  108               -    0.04734      -   815  390s
   835   665    0.04806   26  390          -    0.04734      -   820  397s
   840   668    0.05043   29  244          -    0.04734      -   831  400s
   849   674    0.06057   33  309          -    0.04734      -   847  405s
   877   683 infeasible   47               -    0.04734      -   848  410s
   887   681    0.04745   27  340          -    0.04745      -   868  415s
   890   683    0.04985   28  314          -    0.04751      -   880  421s
   897   688    0.05034   32  292          -    0.04755      -   894  425s
   901   691    0.05160   34  370          -    0.04755      -   910  451s
   902   691    0.06656   34  262          -    0.04755      -   912  455s
   912   698    0.12221   39  211          -    0.04755      -   929  460s
   933   710    0.06626   50  240          -    0.04755      -   926  465s
   959   715    0.11845   63  213          -    0.04755      -   923  470s
   993   712    0.14043   79  137          -    0.04755      -   918  475s
  1010   706    0.05002   27  302          -    0.04755      -   910  492s
  1019   712    0.05428   32  295          -    0.04755      -   909  495s
  1035   723    0.05970   40  246          -    0.04755      -   923  500s
  1057   736    0.07245   51  231          -    0.04755      -   923  505s
  1082   746    0.11197   63  191          -    0.04755      -   921  510s
  1109   750    0.04769   28  349          -    0.04755      -   913  515s
  1118   756    0.04937   32  326          -    0.04755      -   933  520s
  1135   768    0.05392   41  260          -    0.04755      -   939  525s
  1162   784    0.08272   54  245          -    0.04755      -   935  530s
  1196   794    0.13836   71  187          -    0.04755      -   925  535s
  1250   812    0.10137   98  204          -    0.04755      -   900  540s
  1288   815    0.05053   34  256          -    0.04755      -   889  545s
  1302   824    0.08951   41  191          -    0.04755      -   899  550s
  1328   827    0.04785   31  324          -    0.04758      -   905  555s
  1336   833    0.04974   35  279          -    0.04758      -   921  560s
  1352   843    0.05826   43  252          -    0.04758      -   926  565s
  1372   855    0.10151   53  237          -    0.04758      -   930  570s
  1413   866    0.17143   74  194          -    0.04758      -   914  575s
  1431   866    0.08341   28  347          -    0.04758      -   918  580s
  1453   877    0.12836   39  257          -    0.04758      -   919  590s
  1486   885    0.04822   27  339          -    0.04764      -   909  595s
  1501   895    0.06774   37  321          -    0.04764      -   912  600s
  1519   907    0.05477   45  250          -    0.04764      -   912  605s
  1551   916    0.09000   59  213          -    0.04764      -   907  610s
  1580   923    0.04834   26  338          -    0.04764      -   904  615s
  1596   934    0.06182   37  221          -    0.04764      -   907  620s
  1624   951    0.08729   49  198          -    0.04764      -   903  625s
  1658   963    0.12497   60  149          -    0.04764      -   899  630s
  1719   984    0.04785   27  301          -    0.04765      -   873  635s
  1733   993    0.09134   37  254          -    0.04765      -   877  641s
  1751  1001    0.12365   46  198          -    0.04765      -   880  645s
  1784  1021    0.11560   66  222          -    0.04765      -   877  650s
  1831  1033    0.05021   25  464          -    0.04777      -   869  656s
  1842  1040    0.05753   35  285          -    0.04777      -   871  660s
  1862  1053    0.09393   46  282          -    0.04777      -   876  665s
  1877  1061    0.10789   52  273          -    0.04777      -   880  670s
  1903  1068    0.17705   70  126          -    0.04777      -   886  675s
  1932  1071    0.05109   36  251          -    0.04777      -   884  680s
  1940  1076    0.22429   40  284          -    0.04777      -   885  685s
  1963  1088    0.11563   48  161          -    0.04777      -   889  690s
  2015  1100    0.04810   32  278          -    0.04781      -   880  695s
  2037  1115    0.06087   46  170          -    0.04781      -   884  700s
  2108  1143    0.04793   29  330          -    0.04783      -   865  705s
  2126  1155    0.06427   42  227          -    0.04783      -   870  710s
  2131  1159    0.06991   45  192          -    0.04783      -   870  715s
  2166  1176    0.12497   66  174          -    0.04783      -   866  720s
  2239  1207    0.16565  111  130          -    0.04783      -   851  725s
  2286  1222    0.07785   46  226          -    0.04783      -   845  730s
  2304  1234    0.09647   56  130          -    0.04783      -   845  774s
  2306  1235    0.10764   57  175          -    0.04783      -   847  775s
  2308  1237    0.09899   57  191          -    0.04783      -   847  783s
  2323  1245    0.11559   67  165          -    0.04783      -   843  785s
  2354  1259    0.09756   39  200          -    0.04790      -   844  790s
  2385  1288    0.13174   59  187          -    0.04790      -   844  795s
  2418  1304    0.05167   33  260          -    0.04791      -   847  800s
  2438  1322    0.08245   43  275          -    0.04791      -   851  805s
  2460  1342    0.10896   54  231          -    0.04791      -   853  810s
  2514  1376    0.05995   34  329          -    0.04791      -   846  815s
  2538  1398    0.08124   44  210          -    0.04791      -   849  820s
  2593  1447    0.13113   80  108          -    0.04791      -   838  825s
  2624  1459    0.05375   36  234          -    0.04793      -   836  830s
  2638  1473    0.12864   41  226          -    0.04793      -   843  835s
  2648  1477    0.12760   46  228          -    0.04793      -   847  840s
  2668  1489    0.06462   38  237          -    0.04794      -   850  845s
  2705  1524    0.15380   54  247          -    0.04794      -   847  850s
  2747  1550    0.04844   31  288          -    0.04795      -   845  855s
  2788  1591    0.10493   54  201          -    0.04795      -   842  860s
  2818  1611    0.11288   68  137          -    0.04795      -   838  866s
  2862  1641    0.06407   36  250          -    0.04796      -   832  870s
  2918  1697    0.10536   74  161          -    0.04796      -   825  875s
  2972  1727    0.12221   32  149          -    0.04796      -   819  880s
  2994  1747    0.11118   43  153          -    0.04796      -   821  885s
  3019  1768    0.12533   59  187          -    0.04796      -   823  890s
  3068  1799    0.05144   35  331          -    0.04803      -   817  908s
  3076  1807    0.06847   40  229          -    0.04803      -   819  910s
  3148  1867    0.04810   30  329          -    0.04805      -   808  915s
  3175  1894    0.06704   44  204          -    0.04805      -   811  920s
  3240  1947    0.05054   24  487          -    0.04805      -   804  926s
  3262  1969    0.07747   39  181          -    0.04805      -   805  930s
  3340  2022    0.06454   34  310          -    0.04806      -   794  935s
  3378  2056    0.11365   55  220          -    0.04806      -   795  940s
  3419  2083    0.05350   36  293          -    0.04811      -   795  945s
  3447  2107    0.09897   51  211          -    0.04811      -   798  950s
  3514  2162    0.04811   26  387          -    0.04811      -   793  956s
  3527  2175    0.06630   35  259          -    0.04811      -   795  960s
  3580  2227    0.10234   57  150          -    0.04811      -   791  965s
  3670  2281    0.05399   34  247          -    0.04814      -   779  970s
  3712  2323    0.09019   58  190          -    0.04814      -   778  975s
  3782  2376    0.04859   28  363          -    0.04814      -   771  980s
  3798  2392    0.13273   40  214          -    0.04814      -   774  985s
  3830  2402    0.04918   27  357          -    0.04816      -   779  990s
  3843  2415    0.08554   35  308          -    0.04816      -   782  995s
  3873  2443    0.12153   51  142          -    0.04816      -   784 1000s
  3908  2456    0.18586   39  285          -    0.04818      -   787 1005s
  3916  2462    0.16794   40  255          -    0.04818      -   793 1010s
  3941  2479    0.20282   55  201          -    0.04818      -   794 1025s
  3954  2480    0.08342   27  336          -    0.04818      -   795 1050s
  4006  2528    0.13595   63  111          -    0.04818      -   791 1055s
  4036  2550    0.10187   46  306          -    0.04818      -   793 1060s
  4092  2582    0.04930   33  349          -    0.04820      -   792 1065s
  4123  2613    0.09646   55  233          -    0.04820      -   794 1070s
  4157  2631    0.06003   29  237          -    0.04821      -   797 1075s
  4192  2664    0.10216   47  166          -    0.04821      -   800 1080s
  4281  2727    0.16588   37  246          -    0.04821      -   792 1085s
  4315  2761    0.09649   56  179          -    0.04821      -   793 1090s
  4379  2801    0.05190   28  287          -    0.04822      -   788 1095s
  4407  2827    0.08682   49  205          -    0.04822      -   789 1100s
  4494  2899 infeasible  114               -    0.04822      -   780 1105s
  4528  2925    0.08082   41  195          -    0.04837      -   781 1110s
  4570  2957 infeasible   65               -    0.04837      -   781 1115s
  4588  2975    0.06091   37  247          -    0.04840      -   784 1120s
  4649  3027    0.04948   30  380          -    0.04842      -   780 1125s
  4663  3041    0.11868   40  344          -    0.04842      -   782 1130s
  4701  3069    0.17553   59  202          -    0.04842      -   781 1135s
  4741  3097    0.09914   58  151          -    0.04844      -   781 1140s
  4810  3144 infeasible   37               -    0.04845      -   776 1145s
  4820  3154    0.06896   39  298          -    0.04845      -   779 1150s
  4837  3161    0.22490   48  233          -    0.04845      -   780 1155s
  4851  3167    0.08264   36  272          -    0.04849      -   783 1160s
  4876  3190    0.11403   50  193          -    0.04849      -   784 1165s
  4924  3236    0.11974   77   91          -    0.04849      -   781 1212s
  4925  3237    0.12377   78  128          -    0.04849      -   781 1219s
  4943  3241    0.05090   29  420          -    0.04849      -   780 1220s
  4958  3256    0.06927   38  323          -    0.04849      -   781 1225s
  4977  3275    0.12085   47  263          -    0.04849      -   784 1230s
  4995  3281    0.05251   31  229          -    0.04850      -   788 1235s
  5013  3299    0.07801   40  294          -    0.04850      -   789 1255s
  5049  3333    0.14003   64  200          -    0.04850      -   789 1260s
  5069  3331    0.04884   29  325          -    0.04850      -   790 1270s
  5084  3346    0.05400   37  273          -    0.04850      -   792 1275s
  5101  3361    0.10243   45  217          -    0.04850      -   795 1281s
  5117  3371    0.16278   54  208          -    0.04850      -   798 1285s
  5138  3382    0.05367   32  281          -    0.04852      -   801 1290s
  5170  3408    0.11053   52  187          -    0.04852      -   803 1295s
  5217  3437    0.07667   34  348          -    0.04853      -   804 1300s
  5237  3448    0.16118   41  284          -    0.04853      -   806 1316s
  5256  3457    0.17938   32  324          -    0.04855      -   809 1320s
  5271  3466    0.13073   40  151          -    0.04855      -   813 1325s
  5313  3492    0.17738   36  295          -    0.04859      -   814 1330s
  5330  3509    0.06572   42  212          -    0.04859      -   817 1335s
  5398  3562    0.11091   80  120          -    0.04859      -   814 1340s
  5436  3578 infeasible   38               -    0.04859      -   814 1345s
  5461  3583    0.07650   34  251          -    0.04862      -   818 1350s
  5513  3617 infeasible   62               -    0.04862      -   817 1355s
  5547  3639    0.09832   44  217          -    0.04863      -   818 1360s
  5638  3698    0.10036   32  265          -    0.04864      -   811 1365s
  5665  3723    0.12940   48  209          -    0.04864      -   813 1370s
  5689  3733    0.10934   36  263          -    0.04866      -   816 1375s
  5715  3753    0.16970   48  209          -    0.04866      -   818 1380s
  5724  3750    0.05126   28  319          -    0.04868      -   818 1392s
  5735  3761    0.05679   35  234          -    0.04868      -   819 1395s
  5761  3785    0.10317   47  271          -    0.04868      -   822 1400s
  5831  3840    0.14888   41  303          -    0.04871      -   818 1405s
  5878  3887    0.12064   67  138          -    0.04871      -   817 1410s
  5907  3912    0.11846   85   85          -    0.04871      -   814 1431s
  5937  3922    0.06291   39  273          -    0.04872      -   814 1444s
  5940  3925    0.08718   41  244          -    0.04872      -   814 1445s
  5963  3948    0.12279   50  199          -    0.04872      -   817 1450s
  5996  3961    0.11884   40  233          -    0.04873      -   820 1455s
  6015  3968    0.19338   49  251          -    0.04873      -   824 1460s
  6036  3977    0.08076   40  254          -    0.04880      -   827 1465s
  6078  4019    0.10105   62  172          -    0.04880      -   827 1470s
  6132  4061    0.06509   42  222          -    0.04882      -   826 1475s
  6188  4115    0.12112   78  146          -    0.04882      -   824 1491s
  6206  4123 infeasible   37               -    0.04884      -   825 1495s
  6225  4132    0.16213   47  217          -    0.04884      -   828 1501s
  6255  4154    0.08913   48  198          -    0.04885      -   829 1505s
  6321  4208    0.07973   40  222          -    0.04885      -   826 1510s
  6325  4210    0.07858   41  220          -    0.04885      -   827 1517s
  6352  4235    0.11238   60  124          -    0.04885      -   827 1520s
  6453  4320    0.11408   84   74          -    0.04886      -   820 1525s
  6523  4352 infeasible   44               -    0.04886      -   817 1530s
  6552  4365    0.06654   40  262          -    0.04886      -   819 1535s
  6582  4391    0.12575   54  172          -    0.04886      -   820 1540s
  6633  4424    0.10605   43  225          -    0.04888      -   819 1545s
  6664  4447    0.13776   59  149          -    0.04888      -   821 1550s
  6703  4472    0.07760   50  216          -    0.04890      -   820 1558s
  6713  4480    0.11493   56  243          -    0.04890      -   820 1560s
  6768  4519    0.07271   45  256          -    0.04891      -   819 1565s
  6825  4553    0.05583   38  270          -    0.04891      -   818 1570s
  6864  4592    0.10444   62  197          -    0.04891      -   818 1575s
  6920  4636    0.05618   39  255          -    0.04892      -   816 1581s
  6940  4652    0.08458   50  196          -    0.04892      -   816 1585s
  7028  4718    0.19615   37  258          -    0.04898      -   811 1590s
  7056  4746    0.09646   56  189          -    0.04898      -   811 1595s
  7097  4785    0.12360   71  113          -    0.04898      -   811 1600s
  7121  4785    0.18171   70  172          -    0.04898      -   810 1607s
  7131  4791    0.05911   38  269          -    0.04898      -   811 1610s
  7146  4806    0.08696   47  260          -    0.04898      -   813 1615s
  7171  4829    0.18202   62  207          -    0.04898      -   815 1620s
  7200  4845    0.11369   39  242          -    0.04900      -   816 1625s
  7248  4884    0.15276   69  140          -    0.04900      -   815 1630s
  7285  4909    0.09793   47  181          -    0.04905      -   816 1635s
  7286  4910    0.09800   48  188          -    0.04905      -   816 1655s
  7349  4953    0.08390   38  281          -    0.04908      -   813 1660s
  7377  4981    0.11180   53  177          -    0.04908      -   815 1665s
  7393  4997    0.11889   66  113          -    0.04908      -   815 1672s
  7421  5003    0.05333   31  300          -    0.04908      -   814 1675s
  7447  5029    0.08434   46  219          -    0.04908      -   815 1680s
  7505  5077    0.14568   90  129          -    0.04908      -   811 1685s
  7530  5093    0.15084   41  246          -    0.04909      -   812 1690s
  7566  5107    0.08031   31  301          -    0.04909      -   813 1695s
  7583  5124    0.10369   42  208          -    0.04909      -   813 1703s
  7604  5145    0.12899   58  122          -    0.04909      -   813 1705s
  7644  5172    0.11947   37  207          -    0.04912      -   813 1710s
  7694  5206    0.05041   34  337          -    0.04914      -   812 1715s
  7723  5235    0.08773   57  187          -    0.04914      -   812 1720s
  7800  5298    0.07481   47  247          -    0.04915      -   808 1725s
  7848  5335    0.06390   34  340          -    0.04917      -   807 1730s
  7873  5360    0.09778   57  154          -    0.04917      -   807 1735s
  7928  5402    0.05313   35  341          -    0.04918      -   805 1740s
  7942  5416    0.14213   43  208          -    0.04918      -   808 1745s
  7962  5419    0.04926   28  359          -    0.04919      -   810 1750s
  7976  5433    0.06336   38  319          -    0.04919      -   811 1755s
  8000  5455    0.12107   48  269          -    0.04919      -   813 1760s
  8042  5483    0.07577   43  188          -    0.04922      -   812 1765s
  8111  5530    0.04968   30  361          -    0.04926      -   807 1773s
  8120  5539    0.06276   36  269          -    0.04926      -   808 1775s
  8181  5584    0.07034   36  274          -    0.04927      -   806 1780s

Cutting planes:
  Learned: 9
  Gomory: 5
  Cover: 40
  Implied bound: 59
  Projected implied bound: 20
  Clique: 22
  MIR: 123
  StrongCG: 7
  Flow cover: 252
  GUB cover: 2
  Zero half: 7
  Network: 18
  RLT: 9
  Relax-and-lift: 48
  BQP: 8

Explored 8223 nodes (6694276 simplex iterations) in 1784.64 seconds (3678.57 work units)
Thread count was 1 (of 20 available processors)

Solution count 0

Time limit reached
Best objective -, best bound 4.926545290054e-02, gap -

User-callback calls 379630, time in user-callback 0.06 sec
