
Gurobi 13.0.2 (win64) logging started Mon Aug 10 04:50:10 2026

Set parameter LogFile to value "E:\codes\ExactEBRP\results\gf_simple_start_qualification_round35\runs\v50_3600__round31_sealed_tight_T_V50_seed1973327304__c6_simple_start__3600s\external\native_logs\L1_terminal_mip.gurobi.log"
Gurobi Optimizer version 13.0.2 build v13.0.2rc1 (win64 - Windows 10.0 (19045.2))

CPU model: 12th Gen Intel(R) Core(TM) i7-12700KF, instruction set [SSE2|AVX|AVX2]
Thread count: 12 physical cores, 20 logical processors, using up to 1 threads

Non-default parameters:
TimeLimit  3434.0690937
MIPGap  0
MIPGapAbs  0
LogToConsole  0
Threads  1

Optimize a model with 93030 rows, 18193 columns and 665893 nonzeros (Min)
Model fingerprint: 0x01abc1aa
Model has 51 linear objective coefficients
Variable types: 9461 continuous, 8732 integer (8232 binary)
Coefficient statistics:
  Matrix range     [7e-03, 2e+04]
  Objective range  [7e-03, 1e+00]
  Bounds range     [2e-01, 4e+03]
  RHS range        [1e-01, 5e+04]

Presolved: 85850 rows, 18073 columns, 571375 nonzeros

Continuing optimization...

     0     0    0.63613    0  222          -    0.63613      -     -   11s
     0     0    0.64904    0  277          -    0.64904      -     -   14s
     0     0    0.64904    0  277          -    0.64904      -     -   14s
     0     0    0.65763    0  264          -    0.65763      -     -   14s
     0     0    0.66092    0  251          -    0.66092      -     -   16s
     0     0    0.66236    0  267          -    0.66236      -     -   17s
     0     0    0.66595    0  302          -    0.66595      -     -   19s
     0     0    0.66670    0  322          -    0.66670      -     -   20s
     0     0    0.67109    0  351          -    0.67109      -     -   23s
     0     0    0.67154    0  361          -    0.67154      -     -   24s
     0     0    0.67275    0  306          -    0.67275      -     -   27s
     0     0    0.67290    0  308          -    0.67290      -     -   27s
     0     0    0.67365    0  310          -    0.67365      -     -   29s
H    0     0                       1.1563674    0.67365  41.7%     -   30s
H    0     0                       1.1559492    0.67365  41.7%     -   30s
     0     0    0.67375    0  316    1.15595    0.67375  41.7%     -   33s
     0     0    0.67406    0  328    1.15595    0.67406  41.7%     -   35s
H    0     0                       1.1556511    0.67406  41.7%     -   35s
H    0     0                       1.1551398    0.67406  41.6%     -   35s
H    0     0                       1.1530966    0.67406  41.5%     -   35s
H    0     0                       1.1517252    0.67406  41.5%     -   35s
     0     0    0.67411    0  383    1.15173    0.67411  41.5%     -   36s
     0     0    0.67446    0  374    1.15173    0.67446  41.4%     -   38s
     0     0    0.67456    0  402    1.15173    0.67456  41.4%     -   39s
     0     0    0.67486    0  358    1.15173    0.67486  41.4%     -   41s
     0     0    0.67494    0  371    1.15173    0.67494  41.4%     -   42s
     0     0    0.67537    0  342    1.15173    0.67537  41.4%     -   44s
     0     0    0.67544    0  351    1.15173    0.67544  41.4%     -   44s
     0     0    0.67573    0  378    1.15173    0.67573  41.3%     -   46s
     0     0    0.67584    0  355    1.15173    0.67584  41.3%     -   48s
     0     0    0.67616    0  399    1.15173    0.67616  41.3%     -   51s
H    0     0                       1.1488380    0.67616  41.1%     -   52s
     0     0    0.67635    0  406    1.14884    0.67635  41.1%     -   56s
     0     0    0.67661    0  395    1.14884    0.67661  41.1%     -   58s
     0     0    0.67670    0  382    1.14884    0.67670  41.1%     -   60s
     0     0    0.67695    0  432    1.14884    0.67695  41.1%     -   62s
     0     0    0.67703    0  429    1.14884    0.67703  41.1%     -   63s
     0     0    0.67715    0  415    1.14884    0.67715  41.1%     -   65s
     0     0    0.67717    0  439    1.14884    0.67717  41.1%     -   66s
     0     0    0.67727    0  420    1.14884    0.67727  41.0%     -   69s
     0     0    0.67732    0  452    1.14884    0.67732  41.0%     -   69s
     0     0    0.67741    0  481    1.14884    0.67741  41.0%     -   71s
     0     0    0.67743    0  472    1.14884    0.67743  41.0%     -   72s
     0     0    0.67744    0  486    1.14884    0.67744  41.0%     -   74s
     0     0    0.67747    0  515    1.14884    0.67747  41.0%     -   74s
     0     0    0.67762    0  494    1.14884    0.67762  41.0%     -   76s
H    0     0                       1.1488380    0.67762  41.0%     -   79s
     0     0    0.67763    0  490    1.14884    0.67763  41.0%     -   79s
     0     0    0.67772    0  501    1.14884    0.67772  41.0%     -   81s
     0     0    0.67774    0  509    1.14884    0.67774  41.0%     -   82s
     0     0    0.67776    0  485    1.14884    0.67776  41.0%     -   83s
H    0     0                       1.1473626    0.67776  40.9%     -   84s
H    0     0                       1.1470889    0.67776  40.9%     -   84s
H    0     0                       1.1468949    0.67776  40.9%     -   84s
H    0     0                       1.1462322    0.67776  40.9%     -   84s
     0     0    0.67777    0  499    1.14623    0.67777  40.9%     -   85s
     0     0    0.67778    0  509    1.14623    0.67778  40.9%     -   86s
     0     0    0.67778    0  508    1.14623    0.67778  40.9%     -   88s
     0     0    0.67778    0  472    1.14623    0.67778  40.9%     -   89s
     0     2    0.67778    0  465    1.14623    0.67778  40.9%     -   96s
     1     3    0.68220    1  371    1.14623    0.67778  40.9%  1790   97s
H    2     2                       1.1410647    0.67778  40.6%   895  102s
H    2     2                       1.1382175    0.67778  40.5%   895  103s
     2     4    0.67797    1  437    1.13822    0.67797  40.4%  1745  111s
     5     7    0.68325    3  345    1.13822    0.68257  40.0%  1807  115s
H    6     6                       1.1374706    0.68257  40.0%  1506  117s
H    8     8                       1.1370404    0.68257  40.0%  1632  120s
H   10    10                       1.1366731    0.68257  40.0%  1692  125s
    12    14    0.83717    7  266    1.13667    0.68257  40.0%  1954  131s
    18    20    1.04059   11  313    1.13667    0.68257  40.0%  1872  135s
    23    25    0.84020   14  276    1.13667    0.68257  40.0%  1808  140s
    37    37    0.84194   24  273    1.13667    0.68257  40.0%  1380  145s
    51    50    0.85010   32  228    1.13667    0.68257  40.0%  1155  150s
    71    69    0.84988   47  235    1.13667    0.68257  40.0%   958  155s
H   82    77                       1.0945517    0.68257  37.6%   865  160s
H   82    77                       1.0930211    0.68257  37.6%   865  161s
H   82    77                       1.0849300    0.68257  37.1%   865  161s
H   82    77                       1.0816498    0.68257  36.9%   865  162s
    89    84    0.87263   59  227    1.08165    0.68257  36.9%   864  165s
   118   108    0.86822   81  215    1.08165    0.68257  36.9%   747  170s
   149   136    0.87181  106  299    1.08165    0.68257  36.9%   666  175s
   196   180    0.89434  145  213    1.08165    0.68257  36.9%   558  180s
   234   216    0.95586  175  175    1.08165    0.68257  36.9%   513  185s
   307   288    0.96590  239  403    1.08165    0.68257  36.9%   410  190s
   362   323    0.68531    2  356    1.08165    0.68274  36.9%   379  196s
   364   325    0.78463    3  323    1.08165    0.68274  36.9%   408  200s
   369   330    0.80766    7  274    1.08165    0.68274  36.9%   435  205s
H  372   331                       1.0802683    0.68274  36.8%   445  209s
H  372   327                       1.0462017    0.68274  34.7%   445  209s
H  372   325                       1.0259172    0.68274  33.5%   445  210s
H  372   325                       1.0253145    0.68274  33.4%   445  214s
   372   327    0.91039    8  220    1.02531    0.68274  33.4%   454  216s
   377   332    0.90528   13  241    1.02531    0.68274  33.4%   458  220s
   393   348    0.92347   23  210    1.02531    0.68274  33.4%   470  225s
   442   394     cutoff   62         1.02531    0.68274  33.4%   448  230s
   496   430    0.69313    3  345    1.02531    0.68286  33.4%   430  236s
   498   432    0.75101    5  342    1.02531    0.68286  33.4%   445  240s
   503   437    0.81555    9  340    1.02531    0.68286  33.4%   462  245s
H  507   414                       0.9844053    0.68286  30.6%   467  248s
   512   421    0.82726   17  301    0.98441    0.68286  30.6%   475  250s
   525   432    0.83688   27  247    0.98441    0.68286  30.6%   484  255s
   550   456    0.84205   17  472    0.98441    0.68286  30.6%   479  284s
   552   457    0.94399   20  237    0.98441    0.68286  30.6%   478  294s
   553   458    0.97201  251  324    0.98441    0.68286  30.6%   477  303s
   554   459    0.87874  133  362    0.98441    0.68286  30.6%   476  309s
H  554   436                       0.9825866    0.68515  30.3%   476  318s
H  554   414                       0.9764259    0.68515  29.8%   476  318s
H  554   393                       0.9746774    0.68515  29.7%   476  318s
H  554   373                       0.9739330    0.68515  29.7%   476  318s
   556   374    0.95562  188  330    0.97393    0.68720  29.4%   474  323s
   557   375    0.92883   33  312    0.97393    0.68843  29.3%   473  332s
   558   375    0.96106  218  368    0.97393    0.68966  29.2%   472  340s
H  558   356                       0.9730063    0.69040  29.0%   472  348s
H  558   338                       0.9727208    0.69040  29.0%   472  348s
   560   340    0.93650   60  426    0.97272    0.69059  29.0%   471  353s
   561   340    0.69150    5  356    0.97272    0.69097  29.0%   470  363s
   562   341    0.83689   28  373    0.97272    0.69129  28.9%   469  367s
   563   342    0.94795   20  364    0.97272    0.69136  28.9%   468  375s
   564   342    0.96358  228  446    0.97272    0.69151  28.9%   467  381s
   565   343    0.84425   26  377    0.97272    0.69173  28.9%   467  389s
   566   344    0.87826  122  433    0.97272    0.69181  28.9%   466  397s
   567   344    0.83726   32  413    0.97272    0.69207  28.9%   465  405s
   569   346    0.87864  137  433    0.97272    0.69252  28.8%   463  418s
   570   346    0.69257    5  483    0.97272    0.69257  28.8%   462  424s
   571   347    0.95663  190  508    0.97272    0.69275  28.8%   462  437s
   572   348    0.84225   43  525    0.97272    0.69276  28.8%   461  445s
   573   348    0.81556   11  468    0.97272    0.69284  28.8%   460  454s
   574   349    0.86142   76  533    0.97272    0.69290  28.8%   459  459s
   575   350    0.96091  210  516    0.97272    0.69292  28.8%   458  469s
   576   350    0.92940   37  555    0.97272    0.69296  28.8%   458  475s
   577   351    0.93116   45  534    0.97272    0.69313  28.7%   457  484s
   578   352    0.84989   40  555    0.97272    0.69318  28.7%   456  493s
   579   352    0.92901  153  508    0.97272    0.69323  28.7%   455  507s
   580   353    0.84955   41  505    0.97272    0.69323  28.7%   454  516s
H  580   335                       0.9707535    0.69323  28.6%   454  535s
H  580   318                       0.9706259    0.69323  28.6%   454  538s
H  580   301                       0.9702894    0.69323  28.6%   454  546s
   581   302    0.84618   29  505    0.97029    0.69323  28.6%   454  552s
   582   304    0.69345   11  413    0.97029    0.69323  28.6%   701  559s
   583   305    0.69465   11  446    0.97029    0.69345  28.5%   710  565s
   584   306    0.69573   12  432    0.97029    0.69345  28.5%   727  574s
   585   306    0.69726   12  455    0.97029    0.69345  28.5%   742  584s
   586   307    0.69729   13  427    0.97029    0.69345  28.5%   741  587s
   587   308    0.78630   13  347    0.97029    0.69345  28.5%   755  594s
   588   308    0.74430   14  333    0.97029    0.69345  28.5%   769  609s
   589   309    0.84838   14  392    0.97029    0.69345  28.5%   793  618s
   590   310    0.76394   15  322    0.97029    0.69345  28.5%   807  624s
   591   310    0.76438   15  411    0.97029    0.69345  28.5%   818  630s
   592   311    0.77128   16  357    0.97029    0.69345  28.5%   820  638s
   594   312    0.81063   17  324    0.97029    0.69345  28.5%   838  646s
   595   311 infeasible   17         0.97029    0.69345  28.5%   852  658s
   596   312    0.81793   18  329    0.97029    0.69345  28.5%   853  662s
   597   312    0.86917   18  323    0.97029    0.69345  28.5%   862  670s
   598   313    0.81822   19  298    0.97029    0.69345  28.5%   870  677s
   599   314    0.81908   19  379    0.97029    0.69345  28.5%   893  685s
H  601   298                       0.9675378    0.69345  28.3%   894  695s
H  601   283                       0.9672859    0.69345  28.3%   894  696s
H  601   269                       0.9659043    0.69345  28.2%   894  698s
H  601   255                       0.9494807    0.69345  27.0%   894  698s
H  601   243                       0.9494718    0.69345  27.0%   894  714s
H  601   230                       0.9486349    0.69345  26.9%   894  722s
H  601   219                       0.9480124    0.69345  26.9%   894  728s
   601   221    0.82187   20  372    0.94801    0.69345  26.9%   903  731s
H  602   209                       0.9479703    0.69345  26.8%   901  733s
H  602   199                       0.9472850    0.69345  26.8%   901  733s
H  602   189                       0.9468201    0.69345  26.8%   901  733s
H  602   179                       0.9431077    0.69345  26.5%   901  733s
H  602   171                       0.9425846    0.69345  26.4%   901  733s
H  602   162                       0.9292924    0.69345  25.4%   901  733s
H  602   154                       0.9291125    0.69345  25.4%   901  733s
H  602   146                       0.9281844    0.69345  25.3%   901  734s
   603   148    0.82177   21  378    0.92818    0.69345  25.3%   907  737s
H  605   141                       0.9231405    0.69345  24.9%   905  741s
H  605   134                       0.9227663    0.69345  24.9%   905  742s
H  606   128                       0.9175548    0.69345  24.4%   906  746s
H  606   122                       0.9174569    0.69345  24.4%   906  747s
   608   126    0.82015   24  353    0.91746    0.69345  24.4%   910  752s
   609   126    0.89646   24  339    0.91746    0.69345  24.4%   917  756s
H  610   119                       0.9173214    0.69345  24.4%   915  757s
H  610   113                       0.9166224    0.69345  24.3%   915  757s
   610   115    0.82020   25  334    0.91662    0.69345  24.3%   915  760s
   612   116    0.82027   26  348    0.91662    0.69345  24.3%   919  767s
   613   117    0.82428   26  274    0.91662    0.69345  24.3%   923  771s
   614   118    0.82035   27  326    0.91662    0.69345  24.3%   924  775s
   616   119    0.82040   28  321    0.91662    0.69345  24.3%   931  782s
   617   120    0.82770   28  324    0.91662    0.69345  24.3%   934  786s
   618   120    0.82044   29  318    0.91662    0.69345  24.3%   936  790s
   621   122    0.82448   30  285    0.91662    0.69345  24.3%   945  798s
   623   124    0.82341   31  252    0.91662    0.69345  24.3%   947  802s
   625   125    0.83223   32  322    0.91662    0.69345  24.3%   950  806s
   627   126    0.87363   33  287    0.91662    0.69345  24.3%   960  812s
   628   127    0.82188   34  301    0.91662    0.69345  24.3%   960  815s
   630   128    0.82204   35  263    0.91662    0.69345  24.3%   961  820s
   632   130    0.82213   36  284    0.91662    0.69345  24.3%   964  825s
   635   132    0.82485   37  256    0.91662    0.69345  24.3%   970  832s
   636   132    0.82275   38  298    0.91662    0.69345  24.3%   970  835s
   638   134    0.82294   39  290    0.91662    0.69345  24.3%   974  842s
   639   134    0.82738   39  299    0.91662    0.69345  24.3%   978  845s
   642   136    0.82308   41  269    0.91662    0.69345  24.3%   977  850s
H  643   130                       0.9163912    0.69345  24.3%   975  853s
   644   133    0.82303   42  278    0.91639    0.69345  24.3%   980  856s
   647   135    0.82782   43  310    0.91639    0.69345  24.3%   982  862s
   649   136    0.82405   44  255    0.91639    0.69345  24.3%   980  865s
   652   138    0.82313   46  265    0.91639    0.69345  24.3%   979  870s
   654   139    0.82317   47  257    0.91639    0.69345  24.3%   978  875s
   657   141    0.82423   48  270    0.91639    0.69345  24.3%   981  880s
   659   143    0.83051   49  235    0.91639    0.69345  24.3%   983  886s
H  660   136                       0.9076171    0.69345  23.6%   982  888s
H  660   129                       0.8964034    0.69345  22.6%   982  888s
H  660   124                       0.8931685    0.69345  22.4%   982  888s
H  660   119                       0.8875048    0.69345  21.9%   982  888s
H  660   115                       0.8850748    0.69345  21.7%   982  889s
H  660   111                       0.8810048    0.69345  21.3%   982  889s
H  660   107                       0.8805667    0.69345  21.3%   982  889s
H  660   104                       0.8800895    0.69345  21.2%   982  889s
   661   105     cutoff   50         0.88009    0.69345  21.2%   987  891s
H  662   100                       0.8790348    0.69345  21.1%   985  892s
H  662    97                       0.8789679    0.69345  21.1%   985  892s
H  662    93                       0.8764934    0.69345  20.9%   985  892s
H  662    89                       0.8761713    0.69345  20.9%   985  892s
H  662    85                       0.8699516    0.69345  20.3%   985  892s
H  662    83                       0.8662572    0.69345  19.9%   985  892s
H  662    80                       0.8651075    0.69345  19.8%   985  892s
H  662    78                       0.8649237    0.69345  19.8%   985  893s
H  662    76                       0.8637740    0.69345  19.7%   985  893s
H  662    74                       0.8606075    0.69345  19.4%   985  893s
H  663    72                       0.8593957    0.69345  19.3%   984  896s
H  663    72                       0.8587899    0.69345  19.3%   984  897s
H  663    72                       0.8574653    0.69345  19.1%   984  897s
H  664    73                       0.8572286    0.69345  19.1%   988  899s
H  664    73                       0.8553531    0.69345  18.9%   988  899s
H  664    73                       0.8553442    0.69345  18.9%   988  899s
   664    75    0.82343   52  270    0.85534    0.69345  18.9%   989  900s
   666    76    0.82369   53  284    0.85534    0.69345  18.9%   991  905s
   668    78    0.82375   54  280    0.85534    0.69345  18.9%   996  911s
   669    78    0.82764   54  261    0.85534    0.69345  18.9%  1000  915s
   671    80    0.82403   55  268    0.85534    0.69345  18.9%   999  920s
   673    82    0.82469   56  262    0.85534    0.69345  18.9%   998  925s
H  675    82                       0.8546023    0.69345  18.9%   996  929s
   676    84    0.82381   58  278    0.85460    0.69345  18.9%  1005  933s
   677    84    0.83253   58  207    0.85460    0.69345  18.9%  1007  935s
   680    87    0.82390   60  270    0.85460    0.69345  18.9%  1008  941s
   681    88    0.82597   60  318    0.85460    0.69345  18.9%  1011  945s
H  684    89                       0.8542321    0.69345  18.8%  1011  961s
   686    93    0.82427   63  294    0.85423    0.69345  18.8%  1010  966s
   687    94    0.82892   63  273    0.85423    0.69345  18.8%  1014  970s
H  688    93                       0.8530095    0.69345  18.7%  1012  974s
H  688    93                       0.8522817    0.69345  18.6%  1012  974s
H  688    93                       0.8519548    0.69345  18.6%  1012  974s
H  688    93                       0.8516279    0.69345  18.6%  1012  974s
H  688    93                       0.8503624    0.69345  18.5%  1012  974s
   688    95    0.82438   64  287    0.85036    0.69345  18.5%  1013  975s
H  690    95                       0.8494301    0.69345  18.4%  1017  979s
   691    97    0.83013   65  223    0.84943    0.69345  18.4%  1023  982s
   692    98    0.83026   66  279    0.84943    0.69345  18.4%  1027  986s
   694   100    0.82453   67  239    0.84943    0.69345  18.4%  1025  995s
   696   102    0.82601   68  232    0.84943    0.69345  18.4%  1026 1000s
   697   103    0.82455   68  236    0.84943    0.69345  18.4%  1024 1005s
   700   105    0.82472   70  272    0.84943    0.69345  18.4%  1025 1010s
   702   107    0.83227   71  296    0.84943    0.69345  18.4%  1035 1017s
   703   108    0.83501   71  240    0.84943    0.69345  18.4%  1038 1020s
   706   110    0.83768   73  214    0.84943    0.69345  18.4%  1039 1025s
   710   112    0.84889   75  253    0.84943    0.69345  18.4%  1037 1031s
   714   113     cutoff   77         0.84943    0.69345  18.4%  1036 1035s
   718   114     cutoff   79         0.84943    0.69345  18.4%  1035 1040s
   722   116     cutoff   81         0.84943    0.69345  18.4%  1035 1045s
   726   118     cutoff   83         0.84943    0.69345  18.4%  1035 1050s
   730   119     cutoff   85         0.84943    0.69345  18.4%  1033 1055s
   731   120    0.84059   86  225    0.84943    0.69345  18.4%  1032 1060s
   736   125    0.84076   89  219    0.84943    0.69345  18.4%  1027 1066s
   739   128    0.84888   90  227    0.84943    0.69345  18.4%  1028 1070s
   743   130    0.84096   92  214    0.84943    0.69345  18.4%  1026 1075s
   746   132    0.84225   94  212    0.84943    0.69345  18.4%  1025 1080s
   750   133    0.84326   96  219    0.84943    0.69345  18.4%  1024 1085s
   754   135    0.84410   98  205    0.84943    0.69345  18.4%  1020 1090s
   758   137    0.84627  100  188    0.84943    0.69345  18.4%  1016 1096s
   763   137    0.84355  103  202    0.84943    0.69345  18.4%  1012 1100s
   769   137     cutoff  106         0.84943    0.69345  18.4%  1008 1105s
   777   138    0.84362  111  203    0.84943    0.69345  18.4%  1003 1110s
   783   138    0.84362  114  212    0.84943    0.69345  18.4%   997 1115s
   787   137    0.84364  116  194    0.84943    0.69345  18.4%   993 1120s
   792   138    0.84439  119  174    0.84943    0.69345  18.4%   989 1125s
   797   139    0.84445  122  155    0.84943    0.69345  18.4%   986 1130s
   802   140     cutoff  124         0.84943    0.69345  18.4%   984 1135s
   807   143    0.84468  127  200    0.84943    0.69345  18.4%   981 1142s
   811   143    0.84469  129  205    0.84943    0.69345  18.4%   978 1145s
   813   142    0.84470  130  207    0.84943    0.69345  18.4%   977 1151s
   817   143    0.84885  132  206    0.84943    0.69345  18.4%   974 1156s
   822   144    0.84474  135  190    0.84943    0.69345  18.4%   971 1160s
H  826   142                       0.8494300    0.69345  18.4%   967 1162s
   831   143     cutoff  139         0.84943    0.69345  18.4%   963 1165s
   837   143    0.84480  144  176    0.84943    0.69345  18.4%   957 1170s
   846   145    0.84481  149  188    0.84943    0.69345  18.4%   951 1175s
   853   150    0.84775  152  172    0.84943    0.69345  18.4%   947 1180s
   860   151    0.84849  154  165    0.84943    0.69345  18.4%   943 1185s
   861   151    0.84849  155  156    0.84943    0.69345  18.4%   942 1195s
   865   151    0.69420   12  462    0.84943    0.69345  18.4%   958 1223s
H  866   150                       0.8494211    0.69345  18.4%   957 1230s
   867   151     cutoff   13         0.84942    0.69345  18.4%   979 1239s
   868   152    0.69654   14  453    0.84942    0.69345  18.4%   984 1244s
   869   153    0.75669   14  366    0.84942    0.69345  18.4%   989 1249s
   870   154    0.69700   15  424    0.84942    0.69345  18.4%   990 1251s
   871   153     cutoff   15         0.84942    0.69345  18.4%   999 1257s
   872   154    0.71954   16  437    0.84942    0.69345  18.4%  1006 1263s
   873   153     cutoff   16         0.84942    0.69345  18.4%  1015 1269s
   874   154    0.74691   17  307    0.84942    0.69345  18.4%  1022 1274s
   875   153     cutoff   17         0.84942    0.69345  18.4%  1025 1276s
   876   154    0.81840   18  290    0.84942    0.69345  18.4%  1032 1282s
H  877   133                       0.8472412    0.69345  18.2%  1030 1294s
   877   135    0.84616   18  339    0.84724    0.69345  18.2%  1044 1299s
   878   136    0.81907   19  291    0.84724    0.69345  18.2%  1044 1301s
   880   138    0.82488   20  253    0.84724    0.69345  18.2%  1046 1308s
   881   139    0.82948   20  225    0.84724    0.69345  18.2%  1049 1310s
   883   141    0.82508   21  213    0.84724    0.69345  18.2%  1052 1315s
   886   144    0.82589   23  229    0.84724    0.69345  18.2%  1051 1320s
   889   147    0.82929   24  223    0.84724    0.69345  18.2%  1053 1326s
   890   148    0.82604   25  205    0.84724    0.69345  18.2%  1052 1330s
   893   151    0.83110   26  202    0.84724    0.69345  18.2%  1051 1335s
   895   153    0.83202   27  242    0.84724    0.69345  18.2%  1055 1340s
   897   155    0.83501   28  225    0.84724    0.69345  18.2%  1056 1345s
   900   158    0.83131   30  231    0.84724    0.69345  18.2%  1054 1350s
   903   161    0.83241   31  204    0.84724    0.69345  18.2%  1052 1355s
   906   163    0.83356   33  169    0.84724    0.69345  18.2%  1051 1360s
   911   163    0.83362   35  186    0.84724    0.69345  18.2%  1048 1367s
   913   164    0.83498   37  165    0.84724    0.69345  18.2%  1046 1370s
   919   164    0.69680   12  421    0.84724    0.69680  17.8%  1052 1389s
   920   165    0.70144   13  461    0.84724    0.69680  17.8%  1058 1395s
   921   166    0.70630   13  455    0.84724    0.69718  17.7%  1066 1401s
   922   167    0.71617   14  376    0.84724    0.69718  17.7%  1072 1406s
   923   168    0.76518   14  305    0.84724    0.69718  17.7%  1076 1410s
   924   169    0.77114   15  453    0.84724    0.69718  17.7%  1082 1415s
   930   169    0.81918   18  299    0.84724    0.69718  17.7%  1083 1420s
   933   172    0.82866   19  282    0.84724    0.69718  17.7%  1088 1426s
   935   174    0.82999   20  342    0.84724    0.69718  17.7%  1094 1432s
   936   175    0.82560   21  265    0.84724    0.69718  17.7%  1094 1439s
   938   177    0.82566   22  239    0.84724    0.69718  17.7%  1094 1441s
   940   179    0.83916   23  255    0.84724    0.69718  17.7%  1096 1446s
   944   183    0.82681   25  255    0.84724    0.69718  17.7%  1096 1451s
   947   186    0.83022   26  243    0.84724    0.69718  17.7%  1097 1455s
   954   193    0.82970   30  244    0.84724    0.69718  17.7%  1096 1460s
   959   198    0.83655   32  168    0.84724    0.69718  17.7%  1097 1465s
   966   205    0.83087   36  205    0.84724    0.69718  17.7%  1094 1470s
   971   210    0.83471   38  247    0.84724    0.69718  17.7%  1097 1476s
   976   215    0.83320   41  187    0.84724    0.69718  17.7%  1096 1481s
   981   218    0.83191   43  156    0.84724    0.69718  17.7%  1095 1485s
   989   221    0.83250   48  170    0.84724    0.69718  17.7%  1092 1490s
   993   225    0.83252   50  153    0.84724    0.69718  17.7%  1092 1497s
   996   227    0.84076   51  180    0.84724    0.69718  17.7%  1092 1500s
  1001   231    0.83518   54  188    0.84724    0.69718  17.7%  1091 1505s
  1009   238    0.83405   58  186    0.84724    0.69718  17.7%  1088 1510s
  1015   243    0.84014   61  150    0.84724    0.69718  17.7%  1087 1516s
  1022   249    0.83559   65  140    0.84724    0.69718  17.7%  1084 1520s
  1031   256    0.84356   69  155    0.84724    0.69718  17.7%  1080 1525s
  1037   261    0.84506   72  175    0.84724    0.69718  17.7%  1077 1530s
  1046   269    0.84227   77  128    0.84724    0.69718  17.7%  1071 1535s
  1062   274    0.83870   85  140    0.84724    0.69718  17.7%  1059 1540s
  1078   279    0.84005   93  143    0.84724    0.69718  17.7%  1048 1545s
  1093   283    0.84078  103  114    0.84724    0.69718  17.7%  1037 1550s
  1113   284    0.84689  119  110    0.84724    0.69718  17.7%  1020 1555s
  1116   284    0.70144   13  443    0.84724    0.70144  17.2%  1024 1567s
  1117   285    0.75619   14  419    0.84724    0.70144  17.2%  1031 1574s
  1118   284     cutoff   14         0.84724    0.70144  17.2%  1037 1579s
  1119   283     cutoff   15         0.84724    0.70144  17.2%  1046 1586s
  1120   284    0.82310   15  359    0.84724    0.70144  17.2%  1058 1596s
  1122   286    0.82857   16  227    0.84724    0.70144  17.2%  1062 1600s
  1126   290    0.82952   18  299    0.84724    0.70144  17.2%  1063 1605s
  1130   294    0.83616   20  254    0.84724    0.70144  17.2%  1065 1610s
  1135   299    0.83610   23  269    0.84724    0.70144  17.2%  1066 1615s
  1142   304    0.83717   26  228    0.84724    0.70144  17.2%  1064 1620s
  1149   311    0.84340   30  192    0.84724    0.70144  17.2%  1060 1625s
  1158   314    0.84142   35  182    0.84724    0.70144  17.2%  1054 1630s
  1176   314     cutoff   48         0.84724    0.70144  17.2%  1043 1635s
  1188   314    0.84373   59  141    0.84724    0.70144  17.2%  1034 1642s
  1192   314    0.71887   14  469    0.84724    0.70342  17.0%  1036 1654s
  1193   315    0.72235   15  477    0.84724    0.70342  17.0%  1038 1657s
  1195   317    0.77837   16  283    0.84724    0.70342  17.0%  1042 1663s
  1196   317    0.84712   16  338    0.84724    0.70342  17.0%  1053 1672s
  1200   315     cutoff   14         0.84724    0.71821  15.2%  1059 1681s
  1201   316    0.75545   15  313    0.84724    0.75545  10.8%  1070 1692s
  1202   317    0.84104   16  301    0.84724    0.75545  10.8%  1076 1697s
  1203   317    0.84706   16  324    0.84724    0.75842  10.5%  1081 1702s
  1206   315    0.84668   17  312    0.84724    0.75842  10.5%  1085 1707s
  1212   313     cutoff   13         0.84724    0.76438  9.78%  1091 1718s
  1213   312 infeasible   16         0.84724    0.76438  9.78%  1098 1724s
  1214   313    0.76717   16  323    0.84724    0.76717  9.45%  1104 1740s
  1215   313    0.83339   17  339    0.84724    0.76717  9.45%  1109 1746s
  1218   312     cutoff   19         0.84724    0.76935  9.19%  1114 1751s
  1220   310     cutoff   15         0.84724    0.77851  8.11%  1122 1760s
  1221   310    0.84279   17  277    0.84724    0.77924  8.03%  1133 1768s
  1223   310    0.81414   17  397    0.84724    0.78013  7.92%  1139 1775s
  1226   307     cutoff   16         0.84724    0.78013  7.92%  1146 1782s
  1227   308    0.82170   16  286    0.84724    0.78791  7.00%  1150 1786s
  1230   311    0.82856   18  255    0.84724    0.78791  7.00%  1152 1793s
  1232   313    0.83167   20  263    0.84724    0.78791  7.00%  1154 1796s
  1236   317    0.83703   24  258    0.84724    0.78791  7.00%  1156 1800s
  1242   323    0.83554   29  231    0.84724    0.78791  7.00%  1153 1805s
  1248   328    0.84027   32  235    0.84724    0.78791  7.00%  1154 1810s
  1251   331    0.84496   33  182    0.84724    0.78791  7.00%  1158 1816s
  1257   336    0.83975   36  198    0.84724    0.78791  7.00%  1154 1820s
  1267   346    0.84430   42  153    0.84724    0.78791  7.00%  1148 1825s
  1283   349    0.84392   51  167    0.84724    0.78791  7.00%  1136 1830s
  1299   351    0.84493   67  138    0.84724    0.78791  7.00%  1123 1835s
  1308   351    0.84570   76  119    0.84724    0.78791  7.00%  1117 1840s
  1321   352    0.79083   15  346    0.84724    0.79083  6.66%  1109 1845s
  1322   353    0.82250   16  320    0.84724    0.79193  6.53%  1112 1854s
  1323   354    0.83135   17  201    0.84724    0.79193  6.53%  1113 1855s
  1329   360    0.83342   22  208    0.84724    0.79193  6.53%  1111 1860s
  1335   365    0.83632   28  192    0.84724    0.79193  6.53%  1109 1865s
  1339   369    0.83735   31  185    0.84724    0.79193  6.53%  1109 1870s
  1349   379    0.83866   41  213    0.84724    0.79193  6.53%  1105 1875s
  1358   387    0.83945   47  186    0.84724    0.79193  6.53%  1099 1880s
  1371   396    0.84548   52  185    0.84724    0.79193  6.53%  1093 1885s
  1388   404    0.84525   63  174    0.84724    0.79193  6.53%  1083 1890s
  1404   403     cutoff   17         0.84724    0.79193  6.53%  1079 1900s
  1408   401    0.82578   20  303    0.84724    0.81843  3.40%  1083 1907s
  1411   404    0.83360   23  257    0.84724    0.81843  3.40%  1083 1910s
  1420   413    0.83938   32  189    0.84724    0.81843  3.40%  1080 1915s
  1428   418    0.84370   40  227    0.84724    0.81843  3.40%  1076 1920s
  1441   420    0.84532   53  167    0.84724    0.81843  3.40%  1068 1925s
  1459   423    0.82893   21  242    0.84724    0.81908  3.32%  1060 1930s
  1465   429    0.83323   26  208    0.84724    0.81908  3.32%  1061 1935s
  1473   437    0.83926   29  153    0.84724    0.81908  3.32%  1061 1942s
  1479   441    0.83947   29  217    0.84724    0.81908  3.32%  1059 1945s
  1498   447     cutoff   46         0.84724    0.81908  3.32%  1049 1950s
  1511   446    0.82494   20  425    0.84724    0.81908  3.32%  1047 1958s
  1512   447    0.83409   21  348    0.84724    0.81908  3.32%  1050 1961s
  1515   450    0.83876   24  331    0.84724    0.81908  3.32%  1053 1966s
  1519   454    0.84370   28  247    0.84724    0.81908  3.32%  1053 1970s
  1528   455    0.82080   20  353    0.84724    0.81918  3.31%  1053 1986s
  1530   457    0.83083   22  217    0.84724    0.81918  3.31%  1057 1991s
  1531   458    0.83083   23  217    0.84724    0.81918  3.31%  1057 1995s
  1536   463    0.83306   28  224    0.84724    0.81918  3.31%  1058 2000s
  1540   467    0.84128   32  307    0.84724    0.81918  3.31%  1060 2005s
  1549   473    0.84498   40  266    0.84724    0.81918  3.31%  1057 2010s
  1554   474    0.84517   45  265    0.84724    0.81918  3.31%  1054 2015s
  1572   478     cutoff   60         0.84724    0.81918  3.31%  1044 2020s
  1576   480    0.83076   21  238    0.84724    0.81918  3.31%  1046 2025s
  1581   483     cutoff   26         0.84724    0.81918  3.31%  1049 2031s
  1585   487    0.83366   29  260    0.84724    0.81918  3.31%  1050 2035s
  1589   491    0.83493   33  181    0.84724    0.81918  3.31%  1050 2042s
  1595   497    0.84189   39  208    0.84724    0.81918  3.31%  1047 2045s
  1623   502    0.83162   19  231    0.84724    0.82080  3.12%  1034 2052s
  1627   505    0.84513   22  320    0.84724    0.82080  3.12%  1036 2056s
  1635   509    0.83474   27  188    0.84724    0.82080  3.12%  1034 2060s
  1646   516    0.83758   30  181    0.84724    0.82080  3.12%  1032 2065s
  1656   523    0.84585   33  215    0.84724    0.82080  3.12%  1030 2070s
  1670   524    0.83277   22  255    0.84724    0.82158  3.03%  1025 2075s
  1678   532    0.83969   30  228    0.84724    0.82158  3.03%  1024 2080s
  1698   543     cutoff   50         0.84724    0.82158  3.03%  1015 2085s
  1701   544    0.83454   31  201    0.84724    0.82158  3.03%  1020 2091s
  1712   555    0.83897   42  144    0.84724    0.82158  3.03%  1018 2095s
  1727   570    0.84071   57  128    0.84724    0.82158  3.03%  1010 2101s
  1735   572    0.83529   31  186    0.84724    0.82177  3.01%  1009 2106s
  1742   579    0.83786   38  209    0.84724    0.82177  3.01%  1007 2114s
  1745   582    0.83830   41  205    0.84724    0.82177  3.01%  1006 2115s
  1773   606    0.84343   68  141    0.84724    0.82177  3.01%   991 2120s
  1794   610    0.82918   22  369    0.84724    0.82177  3.01%   984 2127s
  1795   611    0.83865   23  287    0.84724    0.82177  3.01%   989 2132s
  1796   612    0.84685   24  259    0.84724    0.82177  3.01%   991 2135s
  1807   614    0.84411   27  277    0.84724    0.82177  3.01%   992 2141s
  1821   614     cutoff   33         0.84724    0.82177  3.01%   987 2145s
  1825   616     cutoff   25         0.84724    0.82187  2.99%   990 2150s
  1839   621    0.82744   21  371    0.84724    0.82193  2.99%   988 2157s
  1840   622    0.82893   22  349    0.84724    0.82193  2.99%   992 2162s
  1842   624    0.83774   24  326    0.84724    0.82193  2.99%   994 2165s
  1846   628    0.84491   28  286    0.84724    0.82193  2.99%   998 2170s
  1862   629    0.83245   21  370    0.84724    0.82200  2.98%   995 2177s
  1864   631    0.84126   22  275    0.84724    0.82200  2.98%   997 2180s
  1873   636    0.84641   28  260    0.84724    0.82200  2.98%   997 2185s
  1891   634    0.82537   23  352    0.84724    0.82200  2.98%   993 2192s
  1892   635    0.83715   24  240    0.84724    0.82200  2.98%   996 2195s
  1907   640    0.83644   23  207    0.84724    0.82221  2.95%   994 2201s
  1918   643    0.82556   35  190    0.84724    0.82221  2.95%   993 2205s
  1937   654    0.83452   35  219    0.84724    0.82224  2.95%   990 2212s
  1947   662    0.84350   44   96    0.84724    0.82224  2.95%   987 2215s
  1957   662     cutoff   24         0.84724    0.82229  2.95%   986 2220s
  1961   664     cutoff   26         0.84724    0.82250  2.92%   991 2225s
  1982   670    0.84683   38  161    0.84724    0.82250  2.92%   985 2230s
  1991   673    0.83135   20  211    0.84724    0.82313  2.85%   985 2235s
  2002   683    0.84561   31  156    0.84724    0.82313  2.85%   983 2240s
  2016   688    0.83859   49  176    0.84724    0.82319  2.84%   981 2245s
  2027   695    0.84330   58  183    0.84724    0.82319  2.84%   979 2252s
  2043   702    0.83317   47  226    0.84724    0.82342  2.81%   975 2256s
  2052   703    0.83123   32  269    0.84724    0.82342  2.81%   975 2261s
  2053   703    0.83897   33  342    0.84724    0.82342  2.81%   979 2266s
  2056   704    0.84451   34  200    0.84724    0.82342  2.81%   982 2270s
  2066   707    0.84365   33  271    0.84724    0.82399  2.74%   984 2277s
  2069   705    0.83491   33  317    0.84724    0.82399  2.74%   986 2280s
  2077   710     cutoff   39         0.84724    0.82399  2.74%   987 2285s
  2089   710    0.83831   29  153    0.84724    0.82399  2.74%   986 2290s
  2108   717    0.82725   28  211    0.84724    0.82399  2.74%   981 2295s
  2129   737    0.84562   49  144    0.84724    0.82399  2.74%   976 2300s
  2144   743    0.83458   46  221    0.84724    0.82403  2.74%   972 2305s
  2150   749    0.83571   52  160    0.84724    0.82403  2.74%   971 2325s
  2158   752     cutoff   59         0.84724    0.82403  2.74%   968 2330s
  2173   764    0.84455   54  188    0.84724    0.82403  2.74%   965 2335s
  2212   787    0.84598   91  182    0.84724    0.82403  2.74%   949 2340s
  2225   792    0.83690   61  234    0.84724    0.82405  2.74%   948 2345s
  2250   817    0.83915   86  210    0.84724    0.82405  2.74%   940 2350s
  2272   831    0.83311   45  209    0.84724    0.82406  2.74%   934 2355s
  2284   843    0.84326   57  185    0.84724    0.82406  2.74%   933 2360s
  2294   845    0.83315   46  203    0.84724    0.82416  2.72%   933 2365s
  2304   855    0.83924   56  192    0.84724    0.82416  2.72%   934 2370s
  2322   873    0.84339   74  184    0.84724    0.82416  2.72%   930 2375s
  2345   880    0.83565   57  254    0.84724    0.82419  2.72%   924 2380s
  2353   886     cutoff   60         0.84724    0.82419  2.72%   927 2385s
  2366   893    0.84543   63  229    0.84724    0.82419  2.72%   927 2390s
  2385   903    0.82673   43  196    0.84724    0.82420  2.72%   923 2395s
  2393   911    0.84270   51  216    0.84724    0.82420  2.72%   925 2400s
  2418   918    0.82840   43  180    0.84724    0.82423  2.72%   921 2406s
  2426   926    0.84151   51  187    0.84724    0.82423  2.72%   921 2410s
  2427   927    0.84192   52  173    0.84724    0.82423  2.72%   921 2415s
  2474   949    0.84662   93  137    0.84724    0.82423  2.72%   905 2420s
  2481   954    0.83558   54  230    0.84724    0.82426  2.71%   908 2425s
  2497   968    0.84090   65  114    0.84724    0.82426  2.71%   907 2430s
  2527   983    0.84519   87  184    0.84724    0.82426  2.71%   899 2435s
  2572   999    0.83691   27  257    0.84724    0.82428  2.71%   887 2443s
  2576  1003    0.84572   29  190    0.84724    0.82428  2.71%   887 2445s
  2586  1004    0.83742   30  197    0.84724    0.82448  2.69%   889 2450s
  2603  1018    0.84369   46  137    0.84724    0.82448  2.69%   886 2455s
  2618  1027    0.83956   33  162    0.84724    0.82449  2.69%   885 2461s
  2631  1033 infeasible   42         0.84724    0.82449  2.69%   883 2465s
  2635  1035    0.83794   33  282    0.84724    0.82466  2.67%   886 2470s
  2643  1036    0.82702   38  204    0.84724    0.82469  2.66%   885 2475s
  2652  1045    0.83749   47  192    0.84724    0.82469  2.66%   885 2482s
  2667  1058    0.84218   61  130    0.84724    0.82469  2.66%   882 2485s
  2687  1065    0.84026   60  195    0.84724    0.82470  2.66%   879 2490s
  2715  1077    0.84654   84  116    0.84724    0.82470  2.66%   873 2495s
  2722  1080    0.83677   60  205    0.84724    0.82472  2.66%   875 2500s
  2748  1098 infeasible   83         0.84724    0.82472  2.66%   870 2505s
  2753  1103    0.83743   35  201    0.84724    0.82478  2.65%   873 2510s
  2768  1117    0.84150   50  196    0.84724    0.82478  2.65%   870 2515s
  2817  1147 infeasible   98         0.84724    0.82478  2.65%   856 2520s
  2823  1151    0.84148   41  280    0.84724    0.82485  2.64%   858 2525s
  2837  1159     cutoff   44         0.84724    0.82485  2.64%   858 2530s
  2861  1165    0.83491   43  171    0.84724    0.82485  2.64%   853 2538s
  2870  1174    0.83699   50  186    0.84724    0.82485  2.64%   852 2540s
  2897  1196     cutoff   65         0.84724    0.82485  2.64%   847 2545s
  2924  1205     cutoff   41         0.84724    0.82494  2.63%   843 2550s
  2939  1210    0.83569   21  352    0.84724    0.82537  2.58%   842 2557s
  2942  1213    0.83772   24  316    0.84724    0.82537  2.58%   843 2560s
  2953  1218     cutoff   33         0.84724    0.82537  2.58%   844 2565s
  2961  1220    0.83194   25  236    0.84724    0.82538  2.58%   845 2570s
  2981  1230    0.82752   52  227    0.84724    0.82548  2.57%   843 2577s
  2988  1237    0.83664   59  215    0.84724    0.82548  2.57%   844 2580s
  2991  1240    0.83674   62  202    0.84724    0.82548  2.57%   843 2590s
  3011  1254    0.84315   82  141    0.84724    0.82548  2.57%   839 2595s
  3037  1274    0.84446  108  106    0.84724    0.82548  2.57%   833 2601s
  3070  1283    0.84590   64  187    0.84724    0.82548  2.57%   826 2605s
  3087  1293    0.84052   41  180    0.84724    0.82549  2.57%   825 2610s
  3116  1312    0.83902   69  227    0.84724    0.82556  2.56%   821 2615s
  3137  1322     cutoff   84         0.84724    0.82556  2.56%   819 2622s
  3158  1332    0.83554   36  199    0.84724    0.82560  2.55%   815 2625s
  3185  1353    0.84646   62  113    0.84724    0.82560  2.55%   810 2630s
  3193  1354    0.84457   23  223    0.84724    0.82560  2.55%   811 2636s
  3198  1359    0.84502   28  239    0.84724    0.82560  2.55%   811 2641s
  3207  1361    0.82965   22  230    0.84724    0.82578  2.53%   811 2646s
  3213  1367    0.83616   25  260    0.84724    0.82578  2.53%   813 2651s
  3218  1372    0.83093   28  224    0.84724    0.82578  2.53%   815 2655s
  3223  1375    0.83517   30  235    0.84724    0.82578  2.53%   817 2660s
  3232  1384    0.83362   35  231    0.84724    0.82578  2.53%   818 2665s
  3242  1392    0.83509   40  216    0.84724    0.82578  2.53%   818 2670s
  3254  1404    0.83619   46  195    0.84724    0.82578  2.53%   818 2675s
  3268  1413    0.83668   53  173    0.84724    0.82578  2.53%   817 2680s
  3288  1432    0.83718   63  197    0.84724    0.82578  2.53%   815 2685s
  3304  1440    0.83831   71  121    0.84724    0.82578  2.53%   814 2690s
  3319  1443    0.84343   78  185    0.84724    0.82578  2.53%   813 2695s
  3351  1456    0.84397   95  126    0.84724    0.82578  2.53%   808 2700s
  3369  1459    0.82769   21  321    0.84724    0.82597  2.51%   806 2706s
  3375  1464    0.83524   24  242    0.84724    0.82597  2.51%   808 2710s
  3394  1475     cutoff   37         0.84724    0.82597  2.51%   806 2715s
  3423  1495     cutoff   64         0.84724    0.82597  2.51%   801 2720s
  3435  1499    0.84016   64  247    0.84724    0.82597  2.51%   801 2725s
  3448  1500    0.83118   61  191    0.84724    0.82601  2.51%   803 2731s
  3459  1503    0.83785   52  204    0.84724    0.82601  2.51%   803 2736s
  3473  1512     cutoff   65         0.84724    0.82601  2.51%   801 2740s
  3483  1515    0.83877   72  198    0.84724    0.82601  2.51%   801 2745s
  3506  1526    0.84402   88  172    0.84724    0.82601  2.51%   798 2750s
  3516  1530    0.84044   73  193    0.84724    0.82601  2.51%   797 2755s
  3531  1542    0.84406   87  176    0.84724    0.82601  2.51%   796 2761s
  3556  1557    0.84630  109  130    0.84724    0.82601  2.51%   791 2765s
  3571  1563    0.83668   50  257    0.84724    0.82610  2.49%   791 2770s
  3582  1574    0.83981   61  176    0.84724    0.82610  2.49%   790 2775s
  3597  1585    0.84401   76  184    0.84724    0.82610  2.49%   787 2780s
  3646  1607    0.84626  119  122    0.84724    0.82610  2.49%   778 2785s
  3657  1612    0.84506   43  229    0.84724    0.82610  2.49%   778 2790s
  3667  1614    0.83953   37  182    0.84724    0.82617  2.49%   778 2795s
  3677  1617    0.83096   68  275    0.84724    0.82617  2.49%   779 2800s
  3688  1627    0.84446   79  220    0.84724    0.82617  2.49%   778 2805s
  3699  1626    0.83495   50  208    0.84724    0.82621  2.48%   778 2810s
  3711  1636    0.84219   61  211    0.84724    0.82621  2.48%   778 2815s
  3730  1637     cutoff   68         0.84724    0.82621  2.48%   776 2820s
  3733  1634     cutoff   38         0.84724    0.82673  2.42%   780 2826s
  3737  1638    0.83621   47  189    0.84724    0.82678  2.42%   780 2831s
  3740  1641    0.83650   50  210    0.84724    0.82678  2.42%   780 2835s
  3759  1660    0.84096   69  161    0.84724    0.82678  2.42%   777 2840s
  3778  1671    0.83156   26  269    0.84724    0.82678  2.42%   775 2846s
  3783  1676    0.83485   31  257    0.84724    0.82678  2.42%   775 2850s
  3799  1692    0.83974   47  173    0.84724    0.82678  2.42%   773 2858s
  3807  1695    0.84035   51  188    0.84724    0.82678  2.42%   772 2860s
  3831  1711    0.83373   26  250    0.84724    0.82680  2.41%   768 2865s
  3850  1727    0.84297   44  236    0.84724    0.82680  2.41%   766 2870s
  3867  1734    0.84060   31  226    0.84724    0.82680  2.41%   765 2875s
  3879  1740    0.83598   24  221    0.84724    0.82699  2.39%   765 2880s
  3893  1746    0.83894   25  292    0.84724    0.82699  2.39%   764 2886s
  3898  1747    0.84236   28  264    0.84724    0.82699  2.39%   765 2890s
  3907  1746    0.84271   30  334    0.84724    0.82699  2.39%   765 2895s
  3912  1747    0.84618   26  188    0.84724    0.82699  2.39%   765 2900s
  3926  1753    0.84282   50  196    0.84724    0.82702  2.39%   765 2905s
  3934  1756    0.84354   58  208    0.84724    0.82702  2.39%   764 2910s
  3956  1763    0.83932   40  161    0.84724    0.82715  2.37%   761 2915s
  3988  1787     cutoff   69         0.84724    0.82715  2.37%   756 2920s
  3994  1787    0.83145   20  276    0.84724    0.82719  2.37%   757 2926s
  3996  1789    0.83165   22  272    0.84724    0.82719  2.37%   757 2930s
  4003  1795    0.83528   27  229    0.84724    0.82719  2.37%   758 2935s
  4025  1812    0.84415   43  153    0.84724    0.82719  2.37%   755 2940s
  4055  1822    0.83153   18  293    0.84724    0.82738  2.34%   752 2947s
  4061  1828    0.83459   24  209    0.84724    0.82738  2.34%   752 2952s
  4072  1838    0.83948   35  194    0.84724    0.82738  2.34%   751 2955s
  4098  1845    0.83346   40  171    0.84724    0.82738  2.34%   748 2960s
  4109  1854    0.84556   51  214    0.84724    0.82738  2.34%   748 2965s
  4128  1862    0.84569   46  194    0.84724    0.82744  2.34%   746 2970s
  4136  1862    0.82777   22  398    0.84724    0.82744  2.34%   747 2976s
  4137  1863    0.83646   23  391    0.84724    0.82744  2.34%   749 2982s
  4139  1863     cutoff   25         0.84724    0.82744  2.34%   750 2986s
  4143  1865    0.83975   26  326    0.84724    0.82744  2.34%   752 2992s
  4145  1867    0.84204   28  333    0.84724    0.82744  2.34%   753 2995s
  4148  1868    0.84278   30  344    0.84724    0.82744  2.34%   753 3003s
  4152  1872    0.84391   34  341    0.84724    0.82744  2.34%   753 3006s
  4157  1874    0.84525   39  306    0.84724    0.82744  2.34%   753 3011s
  4163  1874    0.84526   45  307    0.84724    0.82744  2.34%   752 3016s
  4168  1874    0.83535   57  230    0.84724    0.82744  2.34%   752 3020s
  4174  1877    0.84209   61  164    0.84724    0.82744  2.34%   753 3025s
  4188  1884    0.84349   67  197    0.84724    0.82744  2.34%   752 3031s
  4215  1889    0.84691   80  141    0.84724    0.82744  2.34%   748 3035s
  4227  1898    0.83802   58  236    0.84724    0.82745  2.34%   748 3042s
  4236  1906    0.84005   67  194    0.84724    0.82745  2.34%   747 3045s
  4255  1916    0.84511   70  155    0.84724    0.82752  2.33%   745 3050s
  4273  1917    0.83465   51  218    0.84724    0.82761  2.32%   745 3057s
  4278  1922    0.83736   56  195    0.84724    0.82761  2.32%   745 3060s
  4300  1941    0.84335   77  146    0.84724    0.82761  2.32%   742 3065s
  4308  1947     cutoff   85         0.84724    0.82761  2.32%   741 3070s
  4328  1957    0.84553   98  190    0.84724    0.82761  2.32%   740 3075s
  4349  1965    0.83520   54  257    0.84724    0.82764  2.31%   737 3080s
  4365  1981    0.84280   70  191    0.84724    0.82764  2.31%   736 3085s
  4376  1990    0.84447   80  144    0.84724    0.82764  2.31%   735 3090s
  4393  1994    0.83926   56  225    0.84724    0.82767  2.31%   734 3095s
  4399  1995    0.83970   59  250    0.84724    0.82767  2.31%   734 3103s
  4404  1999    0.84609   61  160    0.84724    0.82767  2.31%   734 3105s
  4421  2008    0.84653   73  100    0.84724    0.82767  2.31%   733 3110s
  4428  2005    0.83121   23  256    0.84724    0.82769  2.31%   734 3115s
  4437  2008    0.83376   46  206    0.84724    0.82769  2.31%   734 3121s
  4444  2011    0.84602   51  169    0.84724    0.82769  2.31%   735 3125s
  4452  2010    0.83504   46  228    0.84724    0.82770  2.31%   735 3130s
  4460  2016    0.84271   50  195    0.84724    0.82770  2.31%   736 3135s
  4473  2016    0.84651   59  189    0.84724    0.82770  2.31%   735 3140s
  4477  2016    0.83789   30  229    0.84724    0.82774  2.30%   737 3145s
  4482  2021    0.84271   35  163    0.84724    0.82774  2.30%   738 3150s
  4484  2021    0.84282   36  229    0.84724    0.82774  2.30%   738 3158s
  4487  2022    0.84463   38  195    0.84724    0.82774  2.30%   738 3160s
  4495  2025    0.84591   44  193    0.84724    0.82774  2.30%   737 3167s
  4509  2027    0.83589   29  258    0.84724    0.82775  2.30%   737 3172s
  4514  2029    0.84706   33  164    0.84724    0.82775  2.30%   737 3175s
  4521  2027    0.83595   54  221    0.84724    0.82782  2.29%   738 3180s
  4527  2030    0.84484   59  205    0.84724    0.82782  2.29%   739 3185s
  4548  2048    0.84698   80  157    0.84724    0.82782  2.29%   737 3190s
  4555  2047    0.84290   46  163    0.84724    0.82787  2.29%   738 3195s
  4558  2049    0.84589   49  240    0.84724    0.82787  2.29%   738 3200s
  4566  2052    0.84311   47  260    0.84724    0.82789  2.28%   738 3205s
  4573  2052    0.83922   40  155    0.84724    0.82794  2.28%   739 3210s
  4583  2062    0.84528   45  137    0.84724    0.82794  2.28%   739 3215s
  4594  2066    0.84214   42  238    0.84724    0.82800  2.27%   739 3220s
  4609  2069    0.83630   59  268    0.84724    0.82808  2.26%   738 3225s
  4617  2075    0.84481   66  279    0.84724    0.82808  2.26%   739 3230s
  4631  2081    0.83455   32  196    0.84724    0.82809  2.26%   738 3235s
  4642  2088     cutoff   43         0.84724    0.82809  2.26%   738 3240s
  4653  2091    0.84254   61  158    0.84724    0.82812  2.26%   737 3245s
  4660  2097    0.84499   68  183    0.84724    0.82812  2.26%   737 3250s
  4681  2103    0.84074   43  199    0.84724    0.82840  2.22%   735 3255s
  4705  2123    0.84608   66  179    0.84724    0.82840  2.22%   732 3260s
  4717  2129    0.84229   50  271    0.84724    0.82847  2.22%   733 3265s
  4721  2130    0.84396   54  244    0.84724    0.82847  2.22%   732 3270s
  4723  2132    0.84404   56  231    0.84724    0.82847  2.22%   732 3275s
  4738  2137     cutoff   55         0.84724    0.82854  2.21%   732 3280s
  4757  2156    0.84493   73  234    0.84724    0.82854  2.21%   730 3285s
  4792  2164     cutoff   45         0.84724    0.82856  2.21%   726 3290s
  4803  2175    0.83933   56  210    0.84724    0.82856  2.20%   726 3295s
  4815  2178    0.83352   20  271    0.84724    0.82856  2.20%   726 3301s
  4819  2182    0.83304   23  271    0.84724    0.82856  2.20%   727 3306s
  4823  2186    0.83448   26  204    0.84724    0.82856  2.20%   728 3310s
  4830  2190    0.84198   29  224    0.84724    0.82856  2.20%   728 3315s
  4849  2197    0.83470   18  293    0.84724    0.82858  2.20%   727 3321s
  4852  2200    0.83726   21  258    0.84724    0.82858  2.20%   728 3325s
  4860  2203     cutoff   28         0.84724    0.82858  2.20%   729 3330s
  4866  2203    0.83658   23  357    0.84724    0.82862  2.20%   730 3336s
  4870  2207    0.84043   27  260    0.84724    0.82862  2.20%   731 3340s
  4876  2212    0.84238   33  219    0.84724    0.82862  2.20%   731 3346s
  4891  2216    0.83505   48  228    0.84724    0.82864  2.20%   730 3351s
  4894  2219    0.84204   51  227    0.84724    0.82864  2.20%   731 3363s
  4899  2218    0.84658   53  248    0.84724    0.82864  2.20%   730 3365s
  4912  2220     cutoff   53         0.84724    0.82864  2.20%   730 3370s
  4929  2228    0.84658   65  188    0.84724    0.82864  2.20%   728 3375s
  4936  2229    0.84038   20  216    0.84724    0.82866  2.19%   728 3380s
  4941  2234    0.84633   25  245    0.84724    0.82866  2.19%   730 3385s
  4949  2233    0.83231   20  229    0.84724    0.82869  2.19%   730 3390s
  4966  2235    0.83533   20  345    0.84724    0.82872  2.19%   729 3397s
  4969  2236 infeasible   23         0.84724    0.82872  2.19%   730 3400s
  4988  2241    0.83810   21  242    0.84724    0.82879  2.18%   729 3408s
  4991  2244    0.84002   24  238    0.84724    0.82879  2.18%   730 3411s
  5011  2253     cutoff   39         0.84724    0.82879  2.18%   728 3415s
  5043  2267    0.82908   21  265    0.84724    0.82893  2.16%   725 3423s
  5044  2268    0.83006   22  252    0.84724    0.82893  2.16%   726 3435s
  5053  2277    0.83804   31  136    0.84724    0.82893  2.16%   726 3440s

Cutting planes:
  Learned: 17
  Gomory: 3
  Lift-and-project: 1
  Cover: 133
  Implied bound: 274
  Projected implied bound: 143
  Clique: 54
  MIR: 948
  Mixing: 2
  StrongCG: 31
  Flow cover: 1182
  GUB cover: 10
  Inf proof: 1
  Zero half: 19
  Network: 72
  RLT: 9
  Relax-and-lift: 219
  BQP: 10

Explored 5055 nodes (3733893 simplex iterations) in 3440.77 seconds (9564.87 work units)
Most recent optimization runtime was 3434.09 seconds (9548.05 work units)
Thread count was 1 (of 20 available processors)

Solution count 10: 0.847241 0.849421 0.84943 ... 0.854602

Time limit reached
Best objective 8.472412339911e-01, best bound 8.289251734989e-01, gap 2.1618%

User-callback calls 433033, time in user-callback 0.07 sec
