
Gurobi 13.0.2 (win64) logging started Sat Aug  8 14:48:25 2026

Set parameter LogFile to value "E:\codes\ExactEBRP\results\gf_c6_documentation_hga_round34\runs\v10__round33_v10_high_imbalance_M2_Q20_seed1719879984__c6_simple_start__3600s\native.log"
Set parameter Threads to value 1
Set parameter Presolve to value -1
Set parameter Seed to value 0
Set parameter MIPGap to value 0
Set parameter MIPGapAbs to value 0
Warning: unknown variable 'r_max' in bounds section (line 4792)
Warning: unknown variable 'r_min' in bounds section (line 4793)
Read LP format model from file E:\codes\ExactEBRP\results\gf_c6_documentation_hga_round34\runs\v10__round33_v10_high_imbalance_M2_Q20_seed1719879984__c6_simple_start__3600s\external\models\L0.lp
Reading time = 0.01 seconds
obj: 4276 rows, 763 columns, 30549 nonzeros
Set parameter TimeLimit to value 3584.9362055
Warning: unknown variable 'r_max' in bounds section (line 4792)
Warning: unknown variable 'r_min' in bounds section (line 4793)
Read LP format model from file E:\codes\ExactEBRP\results\gf_c6_documentation_hga_round34\runs\v10__round33_v10_high_imbalance_M2_Q20_seed1719879984__c6_simple_start__3600s\external\models\L1.lp
Reading time = 0.01 seconds
obj: 4276 rows, 763 columns, 30673 nonzeros
Set parameter TimeLimit to value 3584.8582284
Warning: unknown variable 'r_max' in bounds section (line 4792)
Warning: unknown variable 'r_min' in bounds section (line 4793)
Read LP format model from file E:\codes\ExactEBRP\results\gf_c6_documentation_hga_round34\runs\v10__round33_v10_high_imbalance_M2_Q20_seed1719879984__c6_simple_start__3600s\external\models\L2.lp
Reading time = 0.01 seconds
obj: 4276 rows, 763 columns, 30673 nonzeros
Set parameter TimeLimit to value 3584.7493812
Warning: unknown variable 'r_max' in bounds section (line 4792)
Warning: unknown variable 'r_min' in bounds section (line 4793)
Read LP format model from file E:\codes\ExactEBRP\results\gf_c6_documentation_hga_round34\runs\v10__round33_v10_high_imbalance_M2_Q20_seed1719879984__c6_simple_start__3600s\external\models\L3.lp
Reading time = 0.01 seconds
obj: 4276 rows, 763 columns, 30583 nonzeros
Set parameter TimeLimit to value 3584.6465251
Warning: unknown variable 'r_max' in bounds section (line 4792)
Warning: unknown variable 'r_min' in bounds section (line 4793)
Read LP format model from file E:\codes\ExactEBRP\results\gf_c6_documentation_hga_round34\runs\v10__round33_v10_high_imbalance_M2_Q20_seed1719879984__c6_simple_start__3600s\external\models\L1.0.lp
Reading time = 0.01 seconds
obj: 4276 rows, 763 columns, 30673 nonzeros
Set parameter TimeLimit to value 3576.7154656
Warning: unknown variable 'r_max' in bounds section (line 4792)
Warning: unknown variable 'r_min' in bounds section (line 4793)
Read LP format model from file E:\codes\ExactEBRP\results\gf_c6_documentation_hga_round34\runs\v10__round33_v10_high_imbalance_M2_Q20_seed1719879984__c6_simple_start__3600s\external\models\L1.1.lp
Reading time = 0.01 seconds
obj: 4276 rows, 763 columns, 30673 nonzeros
Set parameter TimeLimit to value 3576.5997995
Warning: unknown variable 'r_max' in bounds section (line 4792)
Warning: unknown variable 'r_min' in bounds section (line 4793)
Read LP format model from file E:\codes\ExactEBRP\results\gf_c6_documentation_hga_round34\runs\v10__round33_v10_high_imbalance_M2_Q20_seed1719879984__c6_simple_start__3600s\external\models\L2.0.lp
Reading time = 0.01 seconds
obj: 4276 rows, 763 columns, 30673 nonzeros
Set parameter TimeLimit to value 3569.7526282
Warning: unknown variable 'r_max' in bounds section (line 4792)
Warning: unknown variable 'r_min' in bounds section (line 4793)
Read LP format model from file E:\codes\ExactEBRP\results\gf_c6_documentation_hga_round34\runs\v10__round33_v10_high_imbalance_M2_Q20_seed1719879984__c6_simple_start__3600s\external\models\L2.1.lp
Reading time = 0.01 seconds
obj: 4276 rows, 763 columns, 30673 nonzeros
Set parameter TimeLimit to value 3569.6577862
Warning: unknown variable 'r_max' in bounds section (line 4792)
Warning: unknown variable 'r_min' in bounds section (line 4793)
Read LP format model from file E:\codes\ExactEBRP\results\gf_c6_documentation_hga_round34\runs\v10__round33_v10_high_imbalance_M2_Q20_seed1719879984__c6_simple_start__3600s\external\models\L1.1.0.lp
Reading time = 0.01 seconds
obj: 4276 rows, 763 columns, 30673 nonzeros
Set parameter TimeLimit to value 3566.2794653
Warning: unknown variable 'r_max' in bounds section (line 4792)
Warning: unknown variable 'r_min' in bounds section (line 4793)
Read LP format model from file E:\codes\ExactEBRP\results\gf_c6_documentation_hga_round34\runs\v10__round33_v10_high_imbalance_M2_Q20_seed1719879984__c6_simple_start__3600s\external\models\L1.1.1.lp
Reading time = 0.01 seconds
obj: 4276 rows, 763 columns, 30673 nonzeros
Set parameter TimeLimit to value 3566.1709962
