
Gurobi 13.0.2 (win64) logging started Mon Aug 10 03:22:24 2026

Set parameter LogFile to value "E:\codes\ExactEBRP\results\gf_simple_start_qualification_round35\runs\v50_3600__round31_sealed_high_imbalance_V50_seed802548647__c6_simple_start__3600s\external\native_logs\L2_terminal_mip.gurobi.log"
Gurobi Optimizer version 13.0.2 build v13.0.2rc1 (win64 - Windows 10.0 (19045.2))

CPU model: 12th Gen Intel(R) Core(TM) i7-12700KF, instruction set [SSE2|AVX|AVX2]
Thread count: 12 physical cores, 20 logical processors, using up to 1 threads

Non-default parameters:
TimeLimit  3533.5253679
MIPGap  0
MIPGapAbs  0
LogToConsole  0
Threads  1

Optimize a model with 93037 rows, 18195 columns and 665900 nonzeros (Min)
Model fingerprint: 0x261d470b
Model has 51 linear objective coefficients
Variable types: 9462 continuous, 8733 integer (8233 binary)
Coefficient statistics:
  Matrix range     [1e-02, 2e+04]
  Objective range  [1e-02, 1e+00]
  Bounds range     [5e-01, 3e+04]
  RHS range        [5e-01, 1e+05]

Presolved: 79491 rows, 18067 columns, 529902 nonzeros

Continuing optimization...

     0     0    8.28861    0  342          -    8.28861      -     -   16s
     0     0    8.28861    0  327          -    8.28861      -     -   17s
     0     0    8.28927    0  385          -    8.28927      -     -   17s
     0     0    8.33066    0  375          -    8.33066      -     -   20s
     0     0    8.45994    0  390          -    8.45994      -     -   21s
     0     0    8.47525    0  387          -    8.47525      -     -   23s
     0     0    8.48155    0  427          -    8.48155      -     -   24s
     0     0    8.49805    0  475          -    8.49805      -     -   26s
     0     0    8.50208    0  450          -    8.50208      -     -   27s
     0     0    8.51823    0  482          -    8.51823      -     -   30s
     0     0    8.51939    0  490          -    8.51939      -     -   31s
     0     0    8.52957    0  469          -    8.52957      -     -   33s
     0     0    8.53127    0  469          -    8.53127      -     -   34s
     0     0    8.53764    0  519          -    8.53764      -     -   38s
     0     0    8.53797    0  490          -    8.53797      -     -   39s
     0     0    8.54204    0  468          -    8.54204      -     -   42s
     0     0    8.54285    0  501          -    8.54285      -     -   43s
     0     0    8.54516    0  507          -    8.54516      -     -   45s
     0     0    8.54565    0  558          -    8.54565      -     -   46s
     0     0    8.54738    0  611          -    8.54738      -     -   48s
     0     0    8.54768    0  629          -    8.54768      -     -   49s
     0     0    8.55019    0  578          -    8.55019      -     -   51s
     0     0    8.55048    0  527          -    8.55048      -     -   54s
     0     0    8.55150    0  575          -    8.55150      -     -   56s
     0     0    8.55160    0  539          -    8.55160      -     -   58s
     0     0    8.55289    0  524          -    8.55289      -     -   60s
     0     0    8.55321    0  578          -    8.55321      -     -   61s
     0     0    8.55470    0  586          -    8.55470      -     -   63s
     0     0    8.55482    0  611          -    8.55482      -     -   64s
     0     0    8.55691    0  560          -    8.55691      -     -   66s
     0     0    8.55741    0  582          -    8.55741      -     -   68s
     0     0    8.55862    0  549          -    8.55862      -     -   69s
     0     0    8.55919    0  583          -    8.55919      -     -   72s
     0     0    8.56174    0  586          -    8.56174      -     -   74s
     0     0    8.56288    0  594          -    8.56288      -     -  100s
     0     0    8.56433    0  658          -    8.56433      -     -  102s
     0     0    8.56461    0  668          -    8.56461      -     -  107s
     0     0    8.56627    0  633          -    8.56627      -     -  110s
     0     0    8.56647    0  634          -    8.56647      -     -  111s
     0     0    8.56690    0  565          -    8.56690      -     -  113s
     0     0    8.56698    0  608          -    8.56698      -     -  117s
     0     0    8.56770    0  530          -    8.56770      -     -  120s
     0     0    8.56805    0  565          -    8.56805      -     -  121s
     0     0    8.56838    0  555          -    8.56838      -     -  124s
     0     0    8.56850    0  613          -    8.56850      -     -  127s
     0     0    8.56926    0  505          -    8.56926      -     -  130s
     0     0    8.56937    0  559          -    8.56937      -     -  130s
     0     0    8.57006    0  576          -    8.57006      -     -  134s
     0     0    8.57013    0  551          -    8.57013      -     -  137s
     0     0    8.57107    0  536          -    8.57107      -     -  140s
     0     0    8.57137    0  569          -    8.57137      -     -  141s
     0     0    8.57147    0  582          -    8.57147      -     -  143s
     0     0    8.57152    0  580          -    8.57152      -     -  145s
     0     0    8.57214    0  570          -    8.57214      -     -  147s
     0     0    8.57214    0  560          -    8.57214      -     -  149s
     0     0    8.57214    0  535          -    8.57214      -     -  150s
     0     2    8.57215    0  535          -    8.57215      -     -  160s
     1     3    8.59900    1  423          -    8.57234      -  1393  161s
     4     6    8.63945    2  439          -    8.62323      -  1730  166s
    10    12    8.65833    6  367          -    8.63512      -  1213  170s
    21    19    8.69573   14  361          -    8.63512      -   898  175s
    27    25    8.70979   18  314          -    8.63512      -   786  180s
    48    42    8.74412   36  346          -    8.63512      -   563  185s
    59    53    8.75461   47  455          -    8.63512      -   503  190s
    83    77    8.75602   71  433          -    8.63512      -   395  195s
    89    81 infeasible   76               -    8.63512      -   417  200s
    95    87    8.76652   80  385          -    8.63512      -   419  205s
   101    91    8.77516   85  397          -    8.63512      -   441  210s
   111    95    8.70281    4  366          -    8.63595      -   441  220s
   114    98    8.72821    7  453          -    8.63595      -   450  231s
   123   105    8.74523   14  397          -    8.63595      -   461  235s
   139   109    8.69922    4  390          -    8.63595      -   471  240s
   158   124    8.77581   20  344          -    8.63595      -   459  245s
   176   132    8.68924   13  360          -    8.63945      -   458  250s
   197   149 infeasible   30               -    8.63945      -   449  255s
   229   178    8.72047   58  349          -    8.63945      -   417  260s
   260   206    8.74548   86  367          -    8.63945      -   383  267s
   282   226    8.75103  107  346          -    8.63945      -   364  270s
   317   251    8.65103    3  434          -    8.63945      -   345  275s
   335   265    8.68064   18  308          -    8.63945      -   345  280s
   375   305    8.71650   54  364          -    8.63945      -   325  287s
   390   320    8.74575   67  349          -    8.63945      -   319  290s
   429   355    8.76024  104  292          -    8.63945      -   305  295s
   436   360    8.76159  110  322          -    8.63945      -   304  300s
   485   409    8.77454  156  364          -    8.63945      -   286  305s
   527   439    8.67009    5  381          -    8.64067      -   277  310s
   543   455    8.71002   20  281          -    8.64067      -   278  323s
   553   463    8.72595   27  315          -    8.64067      -   279  325s
   568   477    8.71111   22  535          -    8.64067      -   275  345s
   570   478    8.76398  113  370          -    8.64067      -   274  360s
   571   479    8.70846   31  497          -    8.64067      -   274  370s
   573   480    8.87776  117  479          -    8.64067      -   273  378s
   574   481    8.71014   38  552          -    8.64067      -   272  382s
   575   482    8.77784  168  502          -    8.64067      -   272  385s
   576   482    8.82372   79  542          -    8.64067      -   271  390s
   577   483    8.75115  113  553          -    8.64067      -   271  397s
   578   484    8.67367    6  451          -    8.64067      -   270  406s
   579   484    8.77561  137  554          -    8.64067      -   270  410s
   581   486    8.77699  172  494          -    8.64067      -   269  422s
   583   487    8.77561  137  509          -    8.64067      -   268  428s
   584   488    8.71003   21  486          -    8.64144      -   267  436s
   585   488    8.75415   91  533          -    8.64163      -   267  444s
   586   489    8.72012   44  546          -    8.64258      -   267  455s
   588   490    8.74696   91  483          -    8.64322      -   266  471s
   589   491    8.75558   61  529          -    8.64370      -   265  475s
   591   492    8.76390  129  613          -    8.64502      -   264  492s
   592   493    8.69492   15  602          -    8.64565      -   264  496s
   593   494    8.79558   14  635          -    8.64578      -   263  501s
   594   494    8.66284    6  420          -    8.64665      -   263  511s
   595   495    8.75107  106  559          -    8.64693      -   263  518s
   596   496    8.72445   68  511          -    8.64805      -   262  527s
   597   496    8.72113   59  580          -    8.64835      -   262  538s
   598   497    8.75649   68  664          -    8.64966      -   261  548s
   599   498    8.83361   37  663          -    8.64966      -   261  564s
   600   498    8.72981   40  663          -    8.64966      -   260  580s
   601   501    8.65591   10  465          -    8.64967      -   518  587s
   603   502    8.66625   11  388          -    8.64972      -   521  610s
   605   504    8.67193   12  325          -    8.64972      -   526  616s
   607   505    8.69720   13  290          -    8.64972      -   531  621s
   609   506    8.69782   14  306          -    8.64972      -   534  625s
   611   508    8.70063   15  274          -    8.64972      -   536  630s
   613   509    8.70077   16  273          -    8.64972      -   536  635s
   616   509    8.72681   17  263          -    8.64972      -   539  643s
   617   510    8.71854   18  268          -    8.64972      -   538  646s
   619   509    8.71862   19  264          -    8.64972      -   538  652s
   621   508    8.71862   20  265          -    8.64972      -   538  659s
   623   508    8.71864   21  260          -    8.64972      -   536  661s
   627   506    8.74108   23  208          -    8.64972      -   535  667s
   629   506    8.74264   24  211          -    8.64972      -   534  673s
   630   506    8.77019   24  208          -    8.64972      -   534  675s
   633   506    8.74309   26  190          -    8.64972      -   533  680s
   635   508    8.74374   27  223          -    8.64972      -   532  687s
   637   509    8.74740   28  211          -    8.64972      -   534  692s
   639   508    8.74920   29  207          -    8.64972      -   532  697s
   641   508    8.75039   30  204          -    8.64972      -   532  700s
   647   504    8.65303   11  411          -    8.64972      -   544  711s
   648   504    8.65353   12  342          -    8.64972      -   544  738s
   649   505    8.77101   12  377          -    8.64972      -   546  742s
   650   506    8.66565   13  411          -    8.64972      -   548  745s
   652   507    8.67897   14  351          -    8.64972      -   552  755s
   654   508    8.68155   15  352          -    8.64972      -   552  762s
   655   509    8.67905   15  351          -    8.64972      -   552  765s
   657   510    8.68159   16  419          -    8.64972      -   553  770s
   658   511    8.68661   17  442          -    8.64972      -   557  776s
H  660   479                       8.7766138    8.64972  1.45%   560  781s
H  660   455                       8.7760154    8.64972  1.44%   560  781s
H  660   432                       8.7756971    8.64972  1.44%   560  781s
H  662   410                       8.7745252    8.64972  1.42%   563  782s
H  662   389                       8.7743585    8.64972  1.42%   563  782s
   663   389 infeasible   19         8.77436    8.64972  1.42%   564  785s
H  664   369                       8.7738252    8.64972  1.41%   563  786s
H  668   349                       8.7737647    8.64972  1.41%   564  789s
   668   351    8.75626   22  361    8.77376    8.64972  1.41%   564  790s
   672   351    8.75694   24  332    8.77376    8.64972  1.41%   564  795s
   675   350    8.76543   26  384    8.77376    8.64972  1.41%   569  800s
   677   351    8.75115  113  535    8.77376    8.64972  1.41%   567  840s
   679   352    8.77376  137  389    8.77376    8.64972  1.41%   565  848s
   680   353    8.74550   88  475    8.77376    8.64972  1.41%   564  855s
   682   354    8.72353   33  392    8.77376    8.64972  1.41%   563  860s
   684   356    8.71003   21  541    8.77376    8.64972  1.41%   561  869s
   685   356    8.75415   91  525    8.77376    8.64972  1.41%   560  872s
   686   357    8.72012   44  552    8.77376    8.64972  1.41%   559  876s
   688   358    8.74696   91  600    8.77376    8.64977  1.41%   558  885s
   689   359    8.75558   61  600    8.77376    8.65072  1.40%   557  893s
   690   360    8.70490   17  487    8.77376    8.65095  1.40%   556  900s
   691   360    8.76390  129  567    8.77376    8.65368  1.37%   555  908s
   692   361    8.69492   15  379    8.77376    8.65391  1.37%   555  913s
   693   362    8.77376   14  578    8.77376    8.65471  1.36%   554  921s
   694   362    8.66284    6  696    8.77376    8.65478  1.36%   553  926s
   695   363    8.75107  106  564    8.77376    8.65537  1.35%   552  932s
   696   364    8.72445   68  480    8.77376    8.65550  1.35%   551  940s
H  696   345                       8.7737204    8.65656  1.34%   551  947s
H  696   327                       8.7736886    8.65656  1.34%   551  947s
   698   328    8.75649   68  673    8.77369    8.65683  1.33%   550  953s
   699   329    8.77369   37  526    8.77369    8.65756  1.32%   549  960s
   700   329    8.72981   40  638    8.77369    8.65766  1.32%   548  967s
   701   330    8.71940   56  578    8.77369    8.65795  1.32%   547  974s
   702   331    8.67367    6  608    8.77369    8.65801  1.32%   547  980s
   703   331    8.71160   16  504    8.77369    8.65850  1.31%   546  987s
   704   332    8.68911   24  504    8.77369    8.65851  1.31%   545  994s
   705   333    8.70392   25  504    8.77369    8.65851  1.31%   544  998s
   706   335    8.66294   25  501    8.77369    8.65851  1.31%   765 1002s
   707   336    8.65858   25  449    8.77369    8.65858  1.31%   771 1006s
H  708   318                       8.7736672    8.65858  1.31%   770 1009s
   709   320    8.67677   26  359    8.77367    8.65858  1.31%   774 1011s
H  710   303                       8.7719902    8.65858  1.29%   773 1012s
H  711   289                       8.7719817    8.65858  1.29%   774 1015s
H  711   274                       8.7719791    8.65858  1.29%   774 1016s
   714   277    8.71260   29  431    8.77198    8.65858  1.29%   782 1023s
   715   277    8.71691   30  395    8.77198    8.65858  1.29%   783 1026s
   717   279    8.71703   31  365    8.77198    8.65858  1.29%   783 1031s
   721   277    8.72403   33  367    8.77198    8.65858  1.29%   783 1035s
   724   278    8.73684   34  337    8.77198    8.65858  1.29%   785 1043s
   725   279    8.72920   35  355    8.77198    8.65858  1.29%   785 1048s
   727   280    8.74324   36  390    8.77198    8.65858  1.29%   785 1050s
   737   274     cutoff   41         8.77198    8.65858  1.29%   781 1055s
   738   275    8.66474   26  448    8.77198    8.65860  1.29%   786 1063s
   739   275    8.68155   27  395    8.77198    8.65860  1.29%   791 1065s
   743   276    8.70383   29  387    8.77198    8.65860  1.29%   797 1071s
   748   275    8.76040   31  297    8.77198    8.65860  1.29%   799 1075s
   754   274    8.67016   26  372    8.77198    8.67016  1.16%   801 1084s
   755   275    8.69000   27  236    8.77198    8.67019  1.16%   802 1085s
   761   276    8.73241   30  264    8.77198    8.67678  1.09%   808 1090s
   766   273    8.71228   28  457    8.77198    8.68324  1.01%   812 1096s
   770   275    8.71979   31  437    8.77198    8.68324  1.01%   816 1100s
   777   277    8.73981   34  304    8.77198    8.68324  1.01%   818 1105s
   786   279    8.74667   39  342    8.77198    8.68324  1.01%   818 1110s
   802   271    8.75252   27  435    8.77198    8.68677  0.97%   811 1118s
   803   272    8.69633   28  464    8.77198    8.68901  0.95%   816 1121s
   808   273    8.72506   31  368    8.77198    8.68901  0.95%   818 1125s
   822   273    8.74648   37  338    8.77198    8.68901  0.95%   818 1130s
   844   272    8.77003   53   82    8.77198    8.68901  0.95%   802 1135s
   867   271    8.75669   29  443    8.77198    8.69000  0.93%   790 1140s
   878   266    8.73107   31  302    8.77198    8.69363  0.89%   791 1145s
   888   270    8.74750   36  262    8.77198    8.69363  0.89%   790 1150s
   906   267 infeasible   29         8.77198    8.69449  0.88%   782 1155s
   911   265    8.76144   31  414    8.77198    8.70557  0.76%   786 1160s
   917   265    8.74798   36  279    8.77198    8.70557  0.76%   789 1165s
   929   262    8.72658   29  307    8.77198    8.71512  0.65%   785 1170s
   938   265    8.77188   35  287    8.77198    8.71810  0.61%   786 1175s
   948   260    8.73248   31  499    8.77198    8.71812  0.61%   788 1180s
   958   261    8.74609   38  409    8.77198    8.71812  0.61%   788 1185s
   971   256    8.73910   32  406    8.77198    8.71993  0.59%   783 1190s
   988   254    8.73061   32  428    8.77198    8.71999  0.59%   778 1195s
   997   256    8.74546   41  339    8.77198    8.71999  0.59%   778 1200s
  1019   254    8.72952   32  376    8.77198    8.72356  0.55%   769 1205s
  1033   252    8.75789   45  254    8.77198    8.72356  0.55%   764 1210s
  1048   247    8.76874   38  220    8.77198    8.72403  0.55%   761 1215s
  1060   244    8.75445   41  327    8.77198    8.72407  0.55%   762 1220s
  1072   239 infeasible   30         8.77198    8.72552  0.53%   763 1225s
  1087   232    8.73443   33  371    8.77198    8.73061  0.47%   760 1230s
  1102   230    8.76532   33  369    8.77198    8.73108  0.47%   762 1236s
  1115   224 infeasible   34         8.77198    8.73111  0.47%   759 1240s
  1128   220    8.75232   39  260    8.77198    8.73536  0.42%   757 1245s
  1141   217    8.75462   41  354    8.77198    8.73556  0.42%   755 1250s
  1153   211    8.75576   41  212    8.77198    8.73584  0.41%   755 1255s
  1166   204    8.74287   35  338    8.77198    8.73718  0.40%   757 1260s
  1180   200 infeasible   46         8.77198    8.73718  0.40%   755 1265s
  1194   191    8.76736   39  235    8.77198    8.74060  0.36%   756 1270s
  1209   179    8.76051   42  191    8.77198    8.74257  0.34%   753 1275s
  1237   175    8.75711   36  241    8.77198    8.74272  0.33%   741 1280s
  1255   162     cutoff   37         8.77198    8.74382  0.32%   739 1285s
  1268   157    8.75512   46  323    8.77198    8.74572  0.30%   740 1290s
  1300   158    8.76541   45  330    8.77198    8.74614  0.29%   730 1295s
  1336   166    8.77033   66   61    8.77198    8.74614  0.29%   714 1300s
  1359   155 infeasible   40         8.77198    8.74721  0.28%   710 1305s
  1392   153    8.76245   36  261    8.77198    8.74798  0.27%   698 1310s
  1402   145    8.75590   40  194    8.77198    8.74880  0.26%   698 1317s
  1411   140    8.76079   39  309    8.77198    8.74891  0.26%   697 1320s
  1432   122    8.76880   34  309    8.77198    8.75164  0.23%   696 1325s
  1446   113    8.75404   43  390    8.77198    8.75275  0.22%   695 1331s
  1452   112    8.76991   49   97    8.77198    8.75275  0.22%   694 1335s
  1487   108     cutoff   42         8.77198    8.75305  0.22%   679 1340s
  1531   106    8.76789   46  199    8.77198    8.75512  0.19%   665 1345s
  1560   112    8.77012   52   81    8.77198    8.75568  0.19%   659 1350s
  1592   116    8.77044   51  147    8.77198    8.75644  0.18%   651 1355s
  1640   130    8.77047   40  183    8.77198    8.75961  0.14%   638 1360s
  1686   127     cutoff   30         8.77198    8.76427  0.09%   626 1365s
  1724   126    8.77050   47   82    8.77198    8.76988  0.02%   619 1370s
  1775   139    8.77088   66   60    8.77198    8.76998  0.02%   604 1375s
  1877   170    8.77024   61   58    8.77198    8.77003  0.02%   576 1380s
  1989   167     cutoff   64         8.77198    8.77012  0.02%   550 1385s
  2099   197 infeasible   63         8.77198    8.77017  0.02%   524 1390s
  2214   198     cutoff   63         8.77198    8.77024  0.02%   503 1395s
  2365   206    8.77139   73   48    8.77198    8.77032  0.02%   477 1400s
  2582   210    8.77064   50  115    8.77198    8.77055  0.02%   443 1405s
  2708   207    8.77087   54   57    8.77198    8.77071  0.01%   427 1410s
  2899   243    8.77098   65   47    8.77198    8.77078  0.01%   403 1415s
  3066   249     cutoff   65         8.77198    8.77087  0.01%   384 1420s
  3278   263    8.77163   71   44    8.77198    8.77096  0.01%   362 1425s
  3506   250    8.77111   63   70    8.77198    8.77111  0.01%   341 1430s
  3701   244    8.77142   72   47    8.77198    8.77124  0.01%   325 1435s
  3923   225    8.77183   76   39    8.77198    8.77136  0.01%   308 1440s
  4155   188    8.77172   68   18    8.77198    8.77148  0.01%   292 1445s
  4433   157    8.77158   67   19    8.77198    8.77158  0.00%   275 1450s
  4699   101    8.77190   74   58    8.77198    8.77174  0.00%   260 1455s
  4969    53    8.77194   77   10    8.77198    8.77183  0.00%   247 1460s

Cutting planes:
  Learned: 1
  Gomory: 1
  Cover: 147
  Implied bound: 395
  Projected implied bound: 105
  Clique: 31
  MIR: 558
  Mixing: 1
  StrongCG: 20
  Flow cover: 923
  GUB cover: 15
  Inf proof: 3
  Zero half: 4
  Network: 64
  RLT: 5
  Relax-and-lift: 180

Explored 5120 nodes (1329844 simplex iterations) in 1462.76 seconds (3638.72 work units)
Most recent optimization runtime was 1452.15 seconds (3613.10 work units)
Thread count was 1 (of 20 available processors)

Solution count 10: 8.77198 8.77198 8.77199 ... 8.77453

Optimal solution found (tolerance 0.00e+00)
Best objective 8.771979091147e+00, best bound 8.771979091147e+00, gap 0.0000%

User-callback calls 220916, time in user-callback 0.05 sec
