
Gurobi 13.0.2 (win64) logging started Sun Aug  9 18:38:37 2026

Set parameter LogFile to value "E:\codes\ExactEBRP\results\gf_simple_start_qualification_round35\runs\matrix1800__round31_sealed_moderate_V20_seed311185674__c6_simple_start__1800s\external\native_logs\L1_lp.gurobi.log"
Gurobi Optimizer version 13.0.2 build v13.0.2rc1 (win64 - Windows 10.0 (19045.2))

CPU model: 12th Gen Intel(R) Core(TM) i7-12700KF, instruction set [SSE2|AVX|AVX2]
Thread count: 12 physical cores, 20 logical processors, using up to 1 threads

Non-default parameters:
TimeLimit  1784.5844345
MIPGap  0
MIPGapAbs  0
LogToConsole  0
Threads  1

Optimize a model with 11910 rows, 3376 columns and 67320 nonzeros (Min)
Model fingerprint: 0x337f9207
Model has 21 linear objective coefficients
Coefficient statistics:
  Matrix range     [1e-02, 1e+04]
  Objective range  [1e-02, 1e+00]
  Bounds range     [4e-02, 4e+02]
  RHS range        [4e-02, 5e+04]

Presolve removed 1229 rows and 111 columns
Presolve time: 0.04s
Presolved: 10681 rows, 3266 columns, 60961 nonzeros

Iteration    Objective       Primal Inf.    Dual Inf.      Time
       0    3.9730247e-02   2.485992e+02   0.000000e+00      0s
    2263    5.4856046e-02   0.000000e+00   0.000000e+00      0s

Solved in 2263 iterations and 0.14 seconds (0.41 work units)
Optimal objective  5.485604632e-02

User-callback calls 2406, time in user-callback 0.00 sec
