
Gurobi 13.0.2 (win64) logging started Sat Aug  8 15:33:50 2026

Set parameter LogFile to value "E:\codes\ExactEBRP\results\gf_c6_documentation_hga_round34\runs\repeat__V12_M2__c6_hga_light__repeat1__3600s\native.log"
Set parameter Threads to value 1
Set parameter Presolve to value -1
Set parameter Seed to value 0
Set parameter MIPGap to value 0
Set parameter MIPGapAbs to value 0
Warning: unknown variable 'r_max' in bounds section (line 12040)
Warning: unknown variable 'r_min' in bounds section (line 12041)
Read LP format model from file E:\codes\ExactEBRP\results\gf_c6_documentation_hga_round34\runs\repeat__V12_M2__c6_hga_light__repeat1__3600s\external\models\L0.lp
Reading time = 0.03 seconds
obj: 11351 rows, 1034 columns, 113440 nonzeros
Set parameter TimeLimit to value 3580.8965257
Warning: unknown variable 'r_max' in bounds section (line 12040)
Warning: unknown variable 'r_min' in bounds section (line 12041)
Read LP format model from file E:\codes\ExactEBRP\results\gf_c6_documentation_hga_round34\runs\repeat__V12_M2__c6_hga_light__repeat1__3600s\external\models\L1.lp
Reading time = 0.03 seconds
obj: 11351 rows, 1034 columns, 113600 nonzeros
Set parameter TimeLimit to value 3580.5998432
Warning: unknown variable 'r_max' in bounds section (line 12040)
Warning: unknown variable 'r_min' in bounds section (line 12041)
Read LP format model from file E:\codes\ExactEBRP\results\gf_c6_documentation_hga_round34\runs\repeat__V12_M2__c6_hga_light__repeat1__3600s\external\models\L2.lp
Reading time = 0.03 seconds
obj: 11351 rows, 1034 columns, 113600 nonzeros
Set parameter TimeLimit to value 3580.2973539
Warning: unknown variable 'r_max' in bounds section (line 12040)
Warning: unknown variable 'r_min' in bounds section (line 12041)
Read LP format model from file E:\codes\ExactEBRP\results\gf_c6_documentation_hga_round34\runs\repeat__V12_M2__c6_hga_light__repeat1__3600s\external\models\L3.lp
Reading time = 0.03 seconds
obj: 11351 rows, 1034 columns, 113600 nonzeros
Set parameter TimeLimit to value 3579.9873432
Warning: unknown variable 'r_max' in bounds section (line 12040)
Warning: unknown variable 'r_min' in bounds section (line 12041)
Read LP format model from file E:\codes\ExactEBRP\results\gf_c6_documentation_hga_round34\runs\repeat__V12_M2__c6_hga_light__repeat1__3600s\external\models\L2.0.lp
Reading time = 0.03 seconds
obj: 11351 rows, 1034 columns, 113600 nonzeros
Set parameter TimeLimit to value 3579.722679
Warning: unknown variable 'r_max' in bounds section (line 12040)
Warning: unknown variable 'r_min' in bounds section (line 12041)
Read LP format model from file E:\codes\ExactEBRP\results\gf_c6_documentation_hga_round34\runs\repeat__V12_M2__c6_hga_light__repeat1__3600s\external\models\L2.1.lp
Reading time = 0.03 seconds
obj: 11351 rows, 1034 columns, 113600 nonzeros
Set parameter TimeLimit to value 3579.443914
Warning: unknown variable 'r_max' in bounds section (line 12040)
Warning: unknown variable 'r_min' in bounds section (line 12041)
Read LP format model from file E:\codes\ExactEBRP\results\gf_c6_documentation_hga_round34\runs\repeat__V12_M2__c6_hga_light__repeat1__3600s\external\models\L2.0.0.lp
Reading time = 0.03 seconds
obj: 11351 rows, 1034 columns, 113600 nonzeros
Set parameter TimeLimit to value 3575.7209573
Warning: unknown variable 'r_max' in bounds section (line 12040)
Warning: unknown variable 'r_min' in bounds section (line 12041)
Read LP format model from file E:\codes\ExactEBRP\results\gf_c6_documentation_hga_round34\runs\repeat__V12_M2__c6_hga_light__repeat1__3600s\external\models\L2.0.1.lp
Reading time = 0.03 seconds
obj: 11351 rows, 1034 columns, 113600 nonzeros
Set parameter TimeLimit to value 3575.2990151
Warning: unknown variable 'r_max' in bounds section (line 12040)
Warning: unknown variable 'r_min' in bounds section (line 12041)
Read LP format model from file E:\codes\ExactEBRP\results\gf_c6_documentation_hga_round34\runs\repeat__V12_M2__c6_hga_light__repeat1__3600s\external\models\L2.1.0.lp
Reading time = 0.03 seconds
obj: 11351 rows, 1034 columns, 113600 nonzeros
Set parameter TimeLimit to value 3572.9598757
Warning: unknown variable 'r_max' in bounds section (line 12040)
Warning: unknown variable 'r_min' in bounds section (line 12041)
Read LP format model from file E:\codes\ExactEBRP\results\gf_c6_documentation_hga_round34\runs\repeat__V12_M2__c6_hga_light__repeat1__3600s\external\models\L2.1.1.lp
Reading time = 0.03 seconds
obj: 11351 rows, 1034 columns, 113600 nonzeros
Set parameter TimeLimit to value 3572.6675277
Warning: unknown variable 'r_max' in bounds section (line 12040)
Warning: unknown variable 'r_min' in bounds section (line 12041)
Read LP format model from file E:\codes\ExactEBRP\results\gf_c6_documentation_hga_round34\runs\repeat__V12_M2__c6_hga_light__repeat1__3600s\external\models\L2.0.1.0.lp
Reading time = 0.03 seconds
obj: 11351 rows, 1034 columns, 113600 nonzeros
Set parameter TimeLimit to value 3478.5469465
Warning: unknown variable 'r_max' in bounds section (line 12040)
Warning: unknown variable 'r_min' in bounds section (line 12041)
Read LP format model from file E:\codes\ExactEBRP\results\gf_c6_documentation_hga_round34\runs\repeat__V12_M2__c6_hga_light__repeat1__3600s\external\models\L2.0.1.1.lp
Reading time = 0.03 seconds
obj: 11351 rows, 1034 columns, 113600 nonzeros
Set parameter TimeLimit to value 3478.2835515
