
Gurobi 13.0.2 (win64) logging started Sun Aug  9 13:07:49 2026

Set parameter LogFile to value "E:\codes\ExactEBRP\results\gf_simple_start_qualification_round35\runs\matrix1800__V12_M2__c6_simple_start__1800s\external\native_logs\L2.1_c6_1_next_leaf_target_mip.gurobi.log"
Gurobi Optimizer version 13.0.2 build v13.0.2rc1 (win64 - Windows 10.0 (19045.2))

CPU model: 12th Gen Intel(R) Core(TM) i7-12700KF, instruction set [SSE2|AVX|AVX2]
Thread count: 12 physical cores, 20 logical processors, using up to 1 threads

Non-default parameters:
TimeLimit  1753.4388693
MIPGap  0
MIPGapAbs  0
LogToConsole  0
Threads  1

Optimize a model with 11351 rows, 1034 columns and 113600 nonzeros (Min)
Model fingerprint: 0x470e232f
Model has 13 linear objective coefficients
Variable types: 516 continuous, 518 integer (434 binary)
Coefficient statistics:
  Matrix range     [5e-05, 1e+05]
  Objective range  [5e-05, 1e+00]
  Bounds range     [5e-01, 3e+02]
  RHS range        [2e-01, 1e+06]

Presolve removed 1191 rows and 30 columns
Presolve time: 0.28s
Presolved: 10160 rows, 1004 columns, 134106 nonzeros
Variable types: 489 continuous, 515 integer (431 binary)
Root relaxation presolved: 10121 rows, 981 columns, 134019 nonzeros


Extra simplex iterations after uncrush: 3

Root relaxation: objective 6.983881e-01, 1349 iterations, 0.15 seconds (0.45 work units)

    Nodes    |    Current Node    |     Objective Bounds      |     Work
 Expl Unexpl |  Obj  Depth IntInf | Incumbent    BestBd   Gap | It/Node Time

     0     0    0.69839    0  104          -    0.69839      -     -    0s

Explored 1 nodes (1349 simplex iterations) in 0.48 seconds (1.02 work units)
Thread count was 1 (of 20 available processors)

Solution count 0

Solve interrupted
Best objective -, best bound 6.983881490234e-01, gap -

User-callback calls 603, time in user-callback 0.00 sec
