
Gurobi 13.0.2 (win64) logging started Fri Jul 24 23:58:59 2026

Set parameter LogFile to value "E:\codes\ExactEBRP\results\gf_nonblocking_gurobi_c6_round31\runs\stage3__round31_sealed_moderate_V50_seed1112848618__c6_candidate__300s\native.log"
Set parameter Threads to value 1
Set parameter Presolve to value -1
Set parameter Seed to value 0
Set parameter MIPGap to value 0
Set parameter MIPGapAbs to value 0
Warning: unknown variable 'r_max' in bounds section (line 103341)
Warning: unknown variable 'r_min' in bounds section (line 103342)
Read LP format model from file E:\codes\ExactEBRP\results\gf_nonblocking_gurobi_c6_round31\runs\stage3__round31_sealed_moderate_V50_seed1112848618__c6_candidate__300s\external\models\L0.lp
Reading time = 0.23 seconds
obj: 93003 rows, 18185 columns, 665126 nonzeros
Set parameter TimeLimit to value 138.9994029
Warning: unknown variable 'r_max' in bounds section (line 103341)
Warning: unknown variable 'r_min' in bounds section (line 103342)
Read LP format model from file E:\codes\ExactEBRP\results\gf_nonblocking_gurobi_c6_round31\runs\stage3__round31_sealed_moderate_V50_seed1112848618__c6_candidate__300s\external\models\L1.lp
Reading time = 0.22 seconds
obj: 93003 rows, 18185 columns, 665732 nonzeros
Set parameter TimeLimit to value 128.4558963
Warning: unknown variable 'r_max' in bounds section (line 103341)
Warning: unknown variable 'r_min' in bounds section (line 103342)
Read LP format model from file E:\codes\ExactEBRP\results\gf_nonblocking_gurobi_c6_round31\runs\stage3__round31_sealed_moderate_V50_seed1112848618__c6_candidate__300s\external\models\L2.lp
Reading time = 0.22 seconds
obj: 93003 rows, 18185 columns, 665732 nonzeros
Set parameter TimeLimit to value 124.3078035
Warning: unknown variable 'r_max' in bounds section (line 103342)
Warning: unknown variable 'r_min' in bounds section (line 103343)
Read LP format model from file E:\codes\ExactEBRP\results\gf_nonblocking_gurobi_c6_round31\runs\stage3__round31_sealed_moderate_V50_seed1112848618__c6_candidate__300s\external\models\L3.lp
Reading time = 0.22 seconds
obj: 93004 rows, 18185 columns, 665738 nonzeros
Set parameter TimeLimit to value 87.156159
Warning: unknown variable 'r_max' in bounds section (line 103341)
Warning: unknown variable 'r_min' in bounds section (line 103342)
Read LP format model from file E:\codes\ExactEBRP\results\gf_nonblocking_gurobi_c6_round31\runs\stage3__round31_sealed_moderate_V50_seed1112848618__c6_candidate__300s\external\models\L1.0.lp
Reading time = 0.22 seconds
obj: 93003 rows, 18185 columns, 665732 nonzeros
Set parameter TimeLimit to value 8.3623945600000013e+01
Warning: unknown variable 'r_max' in bounds section (line 103341)
Warning: unknown variable 'r_min' in bounds section (line 103342)
Read LP format model from file E:\codes\ExactEBRP\results\gf_nonblocking_gurobi_c6_round31\runs\stage3__round31_sealed_moderate_V50_seed1112848618__c6_candidate__300s\external\models\L1.1.lp
Reading time = 0.23 seconds
obj: 93003 rows, 18185 columns, 665732 nonzeros
Set parameter TimeLimit to value 7.8512970200000012e+01
