
Gurobi 13.0.2 (win64) logging started Fri Jul 24 21:52:03 2026

Set parameter LogFile to value "E:\codes\ExactEBRP\results\gf_nonblocking_gurobi_c6_round31\runs\stage2__high_imbalance_seed5203__p_grb__300s\native.log"
Set parameter Threads to value 1
Set parameter Presolve to value -1
Set parameter Seed to value 0
Set parameter MIPGap to value 0
Set parameter MIPGapAbs to value 0
Set parameter TimeLimit to value 300
Read LP format model from file E:\codes\ExactEBRP\results\gf_nonblocking_gurobi_c6_round31\runs\stage2__high_imbalance_seed5203__p_grb__300s\canonical.lp
Reading time = 0.01 seconds
obj: 5072 rows, 2117 columns, 23361 nonzeros
Set parameter TimeLimit to value 294.9408512
Gurobi Optimizer version 13.0.2 build v13.0.2rc1 (win64 - Windows 10.0 (19045.2))

CPU model: 12th Gen Intel(R) Core(TM) i7-12700KF, instruction set [SSE2|AVX|AVX2]
Thread count: 12 physical cores, 20 logical processors, using up to 1 threads

Non-default parameters:
TimeLimit  294.9408512
MIPGap  0
MIPGapAbs  0
LogToConsole  0
Threads  1

Optimize a model with 5072 rows, 2117 columns and 23361 nonzeros (Min)
Model fingerprint: 0x8c828302
Model has 21 linear objective coefficients
Variable types: 424 continuous, 1693 integer (1493 binary)
Coefficient statistics:
  Matrix range     [3e-02, 6e+02]
  Objective range  [2e-02, 1e+00]
  Bounds range     [1e+00, 5e+01]
  RHS range        [1e+00, 4e+03]

Presolve removed 167 rows and 38 columns
Presolve time: 0.06s
Presolved: 4905 rows, 2079 columns, 40655 nonzeros
Variable types: 218 continuous, 1861 integer (1491 binary)
Found heuristic solution: objective 6.5872778

Root relaxation: objective 1.663763e+00, 1492 iterations, 0.06 seconds (0.15 work units)

    Nodes    |    Current Node    |     Objective Bounds      |     Work
 Expl Unexpl |  Obj  Depth IntInf | Incumbent    BestBd   Gap | It/Node Time

     0     0    1.66376    0  320    6.58728    1.66376  74.7%     -    0s
     0     0    1.67002    0  316    6.58728    1.67002  74.6%     -    0s
H    0     0                       6.4463023    1.67002  74.1%     -    0s
     0     0    1.76151    0  381    6.44630    1.76151  72.7%     -    0s
H    0     0                       5.6663961    1.76391  68.9%     -    0s
H    0     0                       5.3161429    1.76391  66.8%     -    0s
     0     0    1.79614    0  426    5.31614    1.79614  66.2%     -    0s
     0     0    1.82150    0  430    5.31614    1.82150  65.7%     -    0s
H    0     0                       5.3032078    1.82348  65.6%     -    0s
     0     0    1.82351    0  468    5.30321    1.82351  65.6%     -    0s
     0     0    1.83703    0  475    5.30321    1.83703  65.4%     -    0s
     0     0    1.83906    0  480    5.30321    1.83906  65.3%     -    0s
     0     0    1.84513    0  461    5.30321    1.84513  65.2%     -    0s
H    0     0                       5.1084017    1.84513  63.9%     -    0s
H    0     0                       5.1068321    1.84513  63.9%     -    0s
     0     0    1.84598    0  498    5.10683    1.84598  63.9%     -    0s
     0     0    1.84776    0  508    5.10683    1.84776  63.8%     -    1s
     0     0    1.84811    0  495    5.10683    1.84811  63.8%     -    1s
     0     0    1.84979    0  471    5.10683    1.84979  63.8%     -    1s
H    0     0                       5.1065562    1.84990  63.8%     -    1s
     0     0    1.85064    0  479    5.10656    1.85064  63.8%     -    1s
     0     0    1.85232    0  484    5.10656    1.85232  63.7%     -    1s
     0     0    1.85261    0  504    5.10656    1.85261  63.7%     -    1s
     0     0    1.85420    0  481    5.10656    1.85420  63.7%     -    1s
H    0     0                       5.1058874    1.85420  63.7%     -    1s
     0     0    1.85436    0  517    5.10589    1.85436  63.7%     -    1s
     0     0    1.85467    0  487    5.10589    1.85467  63.7%     -    1s
     0     0    1.85471    0  474    5.10589    1.85471  63.7%     -    1s
     0     0    1.85482    0  490    5.10589    1.85482  63.7%     -    1s
     0     0    1.85482    0  487    5.10589    1.85482  63.7%     -    1s
     0     0    1.85482    0  480    5.10589    1.85482  63.7%     -    1s
H    0     0                       3.3760814    1.85482  45.1%     -    2s
H    0     0                       3.3591049    1.85482  44.8%     -    2s
H    0     0                       3.3557613    1.85482  44.7%     -    2s
H    0     0                       3.3548267    1.85482  44.7%     -    2s
H    0     0                       3.2923774    1.85482  43.7%     -    2s
H    0     0                       3.2837335    1.85482  43.5%     -    2s
H    0     0                       3.2834339    1.85482  43.5%     -    2s
H    0     0                       3.2118151    1.85482  42.2%     -    2s
H    0     0                       3.2073493    1.85482  42.2%     -    2s
     0     2    1.85482    0  476    3.20735    1.85482  42.2%     -    2s
H    4     4                       2.5736714    1.85482  27.9%   221    2s
H    9     9                       2.5668793    1.85482  27.7%   233    2s
H    9     9                       2.5593994    1.85482  27.5%   233    2s
H    9     9                       2.5588533    1.85482  27.5%   233    2s
H    9     9                       2.5292409    1.85482  26.7%   233    2s
H    9     9                       2.5291473    1.85482  26.7%   233    2s
H    9     9                       2.5289218    1.85482  26.7%   233    2s
H    9     9                       2.4382924    1.85482  23.9%   233    2s
H   45    37                       2.4373359    1.85976  23.7%   243    3s
H   45    37                       2.4373292    1.85976  23.7%   243    3s
H   45    37                       2.4370368    1.85976  23.7%   243    3s
H   45    37                       2.4358493    1.85976  23.7%   243    3s
H   45    37                       2.4353662    1.85976  23.6%   243    3s
H   45    37                       2.4345349    1.85976  23.6%   243    3s
H   56    48                       2.4245533    1.85976  23.3%   223    4s
H   56    48                       2.4117703    1.85976  22.9%   223    4s
H   56    48                       2.3999648    1.85976  22.5%   223    4s
H   56    48                       2.3977376    1.85976  22.4%   223    4s
H   56    48                       2.3968711    1.85976  22.4%   223    4s
H   57    49                       2.3788568    1.85976  21.8%   223    4s
H   57    49                       2.3775194    1.85976  21.8%   223    4s
H   57    49                       2.3583655    1.85976  21.1%   223    4s
H   57    49                       2.3558623    1.85976  21.1%   223    4s
H   57    49                       2.3556291    1.85976  21.1%   223    4s
    84    77    2.14719   30  425    2.35563    1.85976  21.1%   239    5s
   406   306    2.29939   11  408    2.35563    1.87860  20.3%   139   10s
   622   465    1.98706   22  517    2.35563    1.88733  19.9%   120   15s
   694   501    1.99347   25  412    2.35563    1.88733  19.9%   136   20s
   943   614    1.92383   17  437    2.35563    1.89731  19.5%   137   25s
  1192   700 infeasible   23         2.35563    1.90060  19.3%   141   30s
  1346   765    2.01357   23  497    2.35563    1.92172  18.4%   150   35s
  1540   832    2.03745   41  354    2.35563    1.92568  18.3%   151   40s
  1774   913    1.97503   20  473    2.35563    1.93242  18.0%   150   45s
  2056  1014    1.96538   18  439    2.35563    1.93996  17.6%   145   50s
  2296  1178    2.21003   72  264    2.35563    1.94802  17.3%   143   55s
  2582  1271    1.97488   29  438    2.35563    1.95414  17.0%   143   60s
  2852  1399    2.05782   25  443    2.35563    1.95602  17.0%   141   65s
  3157  1581 infeasible   20         2.35563    1.95779  16.9%   138   70s
  3375  1676    2.07887   34  391    2.35563    1.96339  16.7%   140   75s
  3632  1843    2.06696   36  396    2.35563    1.96538  16.6%   140   80s
  3967  2067    2.10106   40  365    2.35563    1.96791  16.5%   137   85s
  4260  2237    2.18887   33  373    2.35563    1.97062  16.3%   137   90s
  4595  2440    2.06982   38  402    2.35563    1.97173  16.3%   135   95s
  4892  2610    2.08911   31  433    2.35563    1.97361  16.2%   134  100s
  5236  2818    2.27700   35  302    2.35563    1.97412  16.2%   132  105s
  5546  2996    2.20587   51  329    2.35563    1.97678  16.1%   131  110s
  5914  3216    1.98644   26  392    2.35563    1.97801  16.0%   130  115s
  6183  3391    2.18317   40  339    2.35563    1.97935  16.0%   130  120s
  6533  3582    2.06934   29  395    2.35563    1.98028  15.9%   130  125s
  6808  3753     cutoff   48         2.35563    1.98097  15.9%   130  130s
  7120  3936     cutoff   57         2.35563    1.98202  15.9%   129  135s
  7435  4131    2.01831   25  438    2.35563    1.98232  15.8%   129  140s
  7791  4316    2.09295   28  409    2.35563    1.98413  15.8%   128  145s
  8132  4527    2.21878   30  442    2.35563    1.98475  15.7%   128  150s
  8416  4675    2.06680   26  407    2.35563    1.98607  15.7%   128  155s
  8746  4842    2.10028   32  375    2.35563    1.98718  15.6%   128  160s
  9064  5033    2.31730   41  299    2.35563    1.98825  15.6%   128  165s
  9367  5179    2.08654   44  388    2.35563    1.98912  15.6%   128  170s
  9722  5415    2.20978   53  340    2.35563    1.98982  15.5%   126  175s
 10111  5655    2.23456   35  396    2.35563    1.99029  15.5%   126  180s
 10203  5716    2.20349   71  480    2.35563    1.99036  15.5%   125  191s
 10218  5726    2.27863   38  539    2.35563    1.99036  15.5%   125  195s
 10227  5732    2.13235   38  535    2.35563    1.99036  15.5%   125  200s
 10236  5738    2.32716   55  574    2.35563    1.99036  15.5%   125  205s
 10242  5742    2.06882   25  583    2.35563    1.99036  15.5%   125  210s
 10248  5746    2.14048   32  586    2.35563    1.99036  15.5%   125  215s
 10255  5751    2.31309   52  586    2.35563    1.99036  15.5%   125  220s
 10261  5755    2.01888   30  561    2.35563    1.99036  15.5%   124  225s
 10268  5759    2.26876   46  579    2.35563    1.99036  15.5%   124  230s
 10275  5764    2.17100   37  578    2.35563    1.99036  15.5%   124  235s
 10282  5769    2.14429   39  582    2.35563    1.99036  15.5%   124  240s
 10288  5773    2.25103   44  582    2.35563    1.99036  15.5%   124  245s
 10295  5777    2.27616   48  587    2.35563    1.99036  15.5%   124  250s
 10302  5782    2.04373   25  586    2.35563    1.99036  15.5%   124  255s
 10314  5792    1.99036   27  461    2.35563    1.99036  15.5%   126  260s
 10448  5824    2.26857   29  446    2.35563    1.99036  15.5%   127  265s
 10538  5853 infeasible   56         2.35563    1.99036  15.5%   127  270s
 10683  5899    2.17437   51  372    2.35563    1.99036  15.5%   128  275s
 10824  5932    1.99036   32  423    2.35563    1.99036  15.5%   129  280s
 10952  5983    2.26938   58  360    2.35563    1.99036  15.5%   129  285s
 11093  6029    1.99036   32  463    2.35563    1.99036  15.5%   130  290s

Cutting planes:
  Learned: 20
  Gomory: 43
  Cover: 30
  Implied bound: 78
  Projected implied bound: 60
  Clique: 33
  MIR: 246
  StrongCG: 18
  Flow cover: 534
  GUB cover: 2
  Inf proof: 2
  Zero half: 8
  RLT: 3
  Relax-and-lift: 49
  BQP: 23
  PSD: 1

Explored 11249 nodes (1467235 simplex iterations) in 294.94 seconds (542.52 work units)
Thread count was 1 (of 20 available processors)

Solution count 10: 2.35563 2.35586 2.35837 ... 2.43453

Time limit reached
Best objective 2.355629122488e+00, best bound 1.990356413225e+00, gap 15.5064%

User-callback calls 116803, time in user-callback 0.03 sec
