
Gurobi 13.0.2 (win64) logging started Sat Jul 25 00:57:44 2026

Set parameter LogFile to value "E:\codes\ExactEBRP\results\gf_nonblocking_gurobi_c6_round31\runs\stage4__high_imbalance_seed3202__p_grb__300s\native.log"
Set parameter Threads to value 1
Set parameter Presolve to value -1
Set parameter Seed to value 0
Set parameter MIPGap to value 0
Set parameter MIPGapAbs to value 0
Set parameter TimeLimit to value 300
Read LP format model from file E:\codes\ExactEBRP\results\gf_nonblocking_gurobi_c6_round31\runs\stage4__high_imbalance_seed3202__p_grb__300s\canonical.lp
Reading time = 0.01 seconds
obj: 5060 rows, 2109 columns, 23316 nonzeros
Set parameter TimeLimit to value 294.9440112
Gurobi Optimizer version 13.0.2 build v13.0.2rc1 (win64 - Windows 10.0 (19045.2))

CPU model: 12th Gen Intel(R) Core(TM) i7-12700KF, instruction set [SSE2|AVX|AVX2]
Thread count: 12 physical cores, 20 logical processors, using up to 1 threads

Non-default parameters:
TimeLimit  294.9440112
MIPGap  0
MIPGapAbs  0
LogToConsole  0
Threads  1

Optimize a model with 5060 rows, 2109 columns and 23316 nonzeros (Min)
Model fingerprint: 0x3af169ca
Model has 21 linear objective coefficients
Variable types: 420 continuous, 1689 integer (1489 binary)
Coefficient statistics:
  Matrix range     [2e-02, 6e+02]
  Objective range  [1e-02, 1e+00]
  Bounds range     [1e+00, 5e+01]
  RHS range        [1e+00, 4e+03]

Presolve removed 176 rows and 45 columns
Presolve time: 0.06s
Presolved: 4884 rows, 2064 columns, 40865 nonzeros
Variable types: 208 continuous, 1856 integer (1482 binary)
Found heuristic solution: objective 5.0416019

Root relaxation: objective 8.660701e-01, 1347 iterations, 0.05 seconds (0.13 work units)

    Nodes    |    Current Node    |     Objective Bounds      |     Work
 Expl Unexpl |  Obj  Depth IntInf | Incumbent    BestBd   Gap | It/Node Time

     0     0    0.86607    0  367    5.04160    0.86607  82.8%     -    0s
     0     0    0.87020    0  360    5.04160    0.87020  82.7%     -    0s
H    0     0                       5.0175677    0.87020  82.7%     -    0s
     0     0    0.96852    0  428    5.01757    0.96852  80.7%     -    0s
H    0     0                       5.0160348    0.96852  80.7%     -    0s
H    0     0                       4.9219342    0.96852  80.3%     -    0s
     0     0    0.97549    0  451    4.92193    0.97549  80.2%     -    0s
     0     0    0.98732    0  459    4.92193    0.98732  79.9%     -    0s
H    0     0                       4.9180474    0.98732  79.9%     -    0s
     0     0    0.98919    0  495    4.91805    0.98919  79.9%     -    0s
     0     0    0.99468    0  504    4.91805    0.99468  79.8%     -    0s
     0     0    0.99600    0  508    4.91805    0.99600  79.7%     -    0s
     0     0    0.99848    0  515    4.91805    0.99848  79.7%     -    0s
H    0     0                       4.4953267    0.99848  77.8%     -    0s
H    0     0                       3.2718875    0.99848  69.5%     -    0s
H    0     0                       2.6209794    0.99848  61.9%     -    0s
H    0     0                       2.6205398    0.99848  61.9%     -    0s
H    0     0                       2.6187814    0.99848  61.9%     -    0s
H    0     0                       2.5855757    0.99848  61.4%     -    0s
H    0     0                       2.5816193    0.99848  61.3%     -    0s
     0     0    0.99957    0  509    2.58162    0.99957  61.3%     -    0s
     0     0    1.00028    0  520    2.58162    1.00028  61.3%     -    1s
H    0     0                       2.5305659    1.00086  60.4%     -    1s
H    0     0                       2.5223935    1.00086  60.3%     -    1s
     0     0    1.00097    0  527    2.52239    1.00097  60.3%     -    1s
     0     0    1.00224    0  530    2.52239    1.00224  60.3%     -    1s
H    0     0                       2.5204884    1.00445  60.1%     -    1s
H    0     0                       2.5154945    1.00445  60.1%     -    1s
H    0     0                       2.5151748    1.00445  60.1%     -    1s
H    0     0                       2.5149709    1.00445  60.1%     -    1s
     0     0    1.00445    0  548    2.51497    1.00445  60.1%     -    1s
     0     0    1.00445    0  561    2.51497    1.00445  60.1%     -    1s
     0     0    1.00445    0  565    2.51497    1.00445  60.1%     -    1s
     0     0    1.00445    0  560    2.51497    1.00445  60.1%     -    1s
     0     0    1.00445    0  551    2.51497    1.00445  60.1%     -    1s
     0     0    1.00445    0  557    2.51497    1.00445  60.1%     -    1s
     0     0    1.00445    0  556    2.51497    1.00445  60.1%     -    1s
     0     0    1.00445    0  582    2.51497    1.00445  60.1%     -    1s
     0     0    1.00445    0  580    2.51497    1.00445  60.1%     -    1s
     0     0    1.00445    0  554    2.51497    1.00445  60.1%     -    1s
H    0     0                       2.4101147    1.00458  58.3%     -    1s
H    0     0                       2.4100780    1.00458  58.3%     -    1s
H    0     0                       2.4100671    1.00458  58.3%     -    1s
H    0     0                       2.4094293    1.00458  58.3%     -    1s
H    0     0                       2.4087086    1.00458  58.3%     -    1s
H    0     0                       2.4084985    1.00458  58.3%     -    1s
H    0     0                       2.4084823    1.00458  58.3%     -    1s
H    0     0                       2.4082576    1.00458  58.3%     -    1s
H    0     0                       2.4080559    1.00458  58.3%     -    1s
H    0     0                       2.3788767    1.00458  57.8%     -    1s
H    0     0                       2.3786360    1.00458  57.8%     -    1s
H    0     0                       2.3783433    1.00458  57.8%     -    2s
H    0     0                       2.3777048    1.00458  57.8%     -    2s
H    0     0                       2.3767099    1.00458  57.7%     -    2s
H    0     0                       2.3764502    1.00458  57.7%     -    2s
H    0     0                       2.3762877    1.00458  57.7%     -    2s
     0     2    1.00458    0  553    2.37629    1.00458  57.7%     -    2s
H    2     2                       2.3621573    1.00877  57.3%   401    2s
H    2     2                       2.3604730    1.00877  57.3%   401    2s
H    2     2                       2.3598298    1.00877  57.3%   401    2s
H    2     2                       2.3593413    1.00877  57.2%   401    2s
H    6     6                       2.3373898    1.01173  56.7%   340    2s
H    6     6                       2.3328104    1.01173  56.6%   340    2s
H    6     6                       2.3311316    1.01173  56.6%   340    2s
H    6     6                       2.3309947    1.01173  56.6%   340    2s
H    6     6                       2.3294384    1.01173  56.6%   340    2s
H   10    10                       2.3101546    1.01212  56.2%   291    2s
H   10    10                       2.3101175    1.01212  56.2%   291    2s
H   10    10                       2.3033551    1.01212  56.1%   291    2s
H   10    10                       2.3030662    1.01212  56.1%   291    2s
H   13    13                       2.3028568    1.01212  56.0%   274    2s
H   13    13                       2.3026431    1.01212  56.0%   274    2s
H   26    26                       2.3021839    1.01212  56.0%   187    2s
H   26    26                       2.3020832    1.01212  56.0%   187    2s
H   26    26                       2.3016420    1.01212  56.0%   187    2s
H   28    28                       2.3015740    1.01212  56.0%   177    2s
H   31    31                       2.2894524    1.01212  55.8%   177    2s
H   31    31                       2.2888341    1.01212  55.8%   177    2s
H   31    31                       2.2886634    1.01212  55.8%   177    2s
H   31    31                       2.2885577    1.01212  55.8%   177    2s
H   31    31                       2.2878512    1.01212  55.8%   177    2s
H   38    38                       2.2875745    1.01212  55.8%   160    2s
H   48    48                       2.2874871    1.01212  55.8%   159    3s
H   48    48                       2.2874820    1.01212  55.8%   159    3s
H   61    61                       2.2831433    1.01212  55.7%   138    3s
H   61    61                       2.2795792    1.01212  55.6%   138    3s
H   61    61                       2.2792920    1.01212  55.6%   138    3s
H   61    61                       2.2777849    1.01212  55.6%   138    3s
   192   174    1.64901   58  336    2.27778    1.01316  55.5%   124    5s
H  546   458                       2.2777306    1.01853  55.3%  95.2    8s
H  546   458                       2.2774737    1.01853  55.3%  95.2    8s
H  564   477                       2.2774377    1.02028  55.2%   102    9s
H  564   477                       2.2774062    1.02028  55.2%   102    9s
   567   479    1.37878   10  378    2.27741    1.02028  55.2%   102   10s
H  579   462                       2.1961098    1.02045  53.5%  99.5   14s
H  579   439                       2.1943278    1.02045  53.5%  99.5   14s
H  579   416                       2.1932704    1.02045  53.5%  99.5   14s
H  579   395                       1.9461157    1.02045  47.6%  99.5   14s
H  579   375                       1.9452247    1.02045  47.5%  99.5   14s
H  579   356                       1.9444074    1.02045  47.5%  99.5   14s
H  579   338                       1.9424939    1.02045  47.5%  99.5   14s
H  579   321                       1.9278992    1.02045  47.1%  99.5   14s
H  579   305                       1.9264130    1.02045  47.0%  99.5   14s
H  579   289                       1.9264024    1.02045  47.0%  99.5   14s
H  579   274                       1.9050939    1.02045  46.4%  99.5   14s
H  579   260                       1.9042534    1.02045  46.4%  99.5   14s
H  579   247                       1.9039505    1.02045  46.4%  99.5   14s
H  581   236                       1.8767802    1.02045  45.6%   113   14s
H  581   224                       1.8764507    1.02045  45.6%   113   14s
H  581   213                       1.8753743    1.02045  45.6%   113   14s
H  581   202                       1.8744723    1.02045  45.6%   113   14s
H  581   192                       1.8693368    1.02045  45.4%   113   14s
H  581   182                       1.8659451    1.02045  45.3%   113   14s
H  582   173                       1.8657907    1.02080  45.3%   113   14s
   582   175    1.04179   13  530    1.86579    1.02667  45.0%   114   15s
H  591   170                       1.8657907    1.03335  44.6%   121   15s
   674   202    1.05910   27  423    1.86579    1.03344  44.6%   136   20s
H  684   193                       1.8308051    1.03344  43.6%   137   20s
H  684   183                       1.7967836    1.03344  42.5%   137   20s
H  684   176                       1.7958414    1.03344  42.5%   137   20s
H  712   178                       1.7905577    1.03344  42.3%   143   22s
H  712   171                       1.7902910    1.03344  42.3%   143   22s
H  712   164                       1.7833406    1.03344  42.1%   143   22s
H  712   158                       1.7826601    1.03344  42.0%   143   22s
H  712   152                       1.7821969    1.03344  42.0%   143   22s
H  712   147                       1.7803651    1.03344  42.0%   143   22s
H  712   141                       1.7799092    1.03344  41.9%   143   22s
H  712   136                       1.7796397    1.03344  41.9%   143   22s
   812   168    1.05193   21  470    1.77964    1.04035  41.5%   147   25s
H  813   161                       1.7793151    1.04035  41.5%   147   25s
H  813   157                       1.7789829    1.04035  41.5%   147   25s
H  813   154                       1.7760409    1.04035  41.4%   147   25s
H  819   156                       1.7759732    1.04179  41.3%   150   25s
H  819   156                       1.7759308    1.04179  41.3%   150   25s
H  827   164                       1.7758142    1.04179  41.3%   150   25s
   888   213    1.12801   30  437    1.77581    1.04182  41.3%   165   30s
H  961   263                       1.7741505    1.04184  41.3%   170   33s
H  961   263                       1.7676857    1.04184  41.1%   170   33s
H  961   263                       1.7653988    1.04184  41.0%   170   33s
H  961   263                       1.7652588    1.04184  41.0%   170   33s
H  961   263                       1.7649124    1.04184  41.0%   170   33s
H  961   263                       1.7643299    1.04184  40.9%   170   33s
H  961   263                       1.7642460    1.04184  40.9%   170   33s
H  976   276                       1.7632011    1.04184  40.9%   172   34s
H  986   285                       1.7631632    1.04184  40.9%   172   35s
H  986   285                       1.7630552    1.04184  40.9%   172   35s
  1067   337    1.15959   26  451    1.76306    1.04373  40.8%   183   40s
  1178   406    1.65993   48  384    1.76306    1.04394  40.8%   185   45s
  1305   494    1.21672   31  440    1.76306    1.04661  40.6%   189   50s
  1398   572    1.15557   31  416    1.76306    1.04664  40.6%   189   55s
  1561   693    1.43736   64  334    1.76306    1.04847  40.5%   188   60s
  1725   807    1.10228   22  460    1.76306    1.04957  40.5%   188   65s
  1885   930    1.61846   53  352    1.76306    1.04982  40.5%   186   70s
  2027  1018    1.05814   18  512    1.76306    1.05106  40.4%   185   75s
  2239  1163 infeasible   74         1.76306    1.05153  40.4%   179   80s
  2359  1233    1.67130   53  385    1.76306    1.05387  40.2%   183   85s
  2487  1306    1.59251   44  338    1.76306    1.05516  40.2%   183   90s
  2632  1390    1.33347   45  347    1.76306    1.05573  40.1%   182   95s
  2781  1481    1.69850   40  420    1.76306    1.05673  40.1%   183  100s
  2911  1551    1.42496   38  383    1.76306    1.05694  40.1%   189  105s
  3048  1605    1.05806   21  463    1.76306    1.05794  40.0%   192  110s
  3193  1686    1.06650   22  464    1.76306    1.05847  40.0%   194  115s
  3346  1765    1.10891   30  367    1.76306    1.05926  39.9%   194  120s
  3447  1796    1.16356   21  455    1.76306    1.05963  39.9%   198  125s
  3585  1863    1.51353   33  399    1.76306    1.06048  39.9%   199  130s
  3724  1949    1.14140   26  435    1.76306    1.06136  39.8%   203  135s
  3923  2093    1.15451   25  407    1.76306    1.06199  39.8%   201  140s
  4099  2180    1.47104   35  383    1.76306    1.06259  39.7%   201  145s
  4233  2237    1.57726   35  371    1.76306    1.06348  39.7%   203  150s
  4416  2342    1.16131   25  457    1.76306    1.06423  39.6%   203  155s
  4596  2448    1.31115   26  405    1.76306    1.06481  39.6%   202  160s
  4742  2511 infeasible   37         1.76306    1.06499  39.6%   203  165s
  4920  2631    1.67259   32  423    1.76306    1.06518  39.6%   202  170s
  5086  2722    1.28308   28  429    1.76306    1.06571  39.6%   202  175s
  5240  2809    1.08367   24  436    1.76306    1.06613  39.5%   203  180s
  5396  2859    1.11475   28  467    1.76306    1.06647  39.5%   204  185s
  5593  2968    1.19635   27  436    1.76306    1.06696  39.5%   203  190s
  5747  3053    1.67627   35  351    1.76306    1.06751  39.5%   204  195s
  5890  3139    1.32502   47  333    1.76306    1.06780  39.4%   205  200s
  6004  3183    1.27711   30  372    1.76306    1.06823  39.4%   206  205s
H 6029  3194                       1.7630424    1.06826  39.4%   206  205s
  6141  3257    1.61436   37  388    1.76304    1.06852  39.4%   207  210s
  6270  3308    1.66933   41  317    1.76304    1.06874  39.4%   208  215s
  6384  3386    1.41730   50  415    1.76304    1.06886  39.4%   209  220s
  6500  3439    1.71920   31  419    1.76304    1.06940  39.3%   212  225s
  6650  3513    1.09927   30  460    1.76304    1.06967  39.3%   212  230s
  6794  3586    1.60801   40  437    1.76304    1.07008  39.3%   213  235s
H 6841  3595                       1.7630424    1.07013  39.3%   214  236s
  6936  3624    1.12938   21  488    1.76304    1.07040  39.3%   215  240s
  7058  3697    1.37937   28  463    1.76304    1.07068  39.3%   215  245s
  7253  3835    1.16645   24  448    1.76304    1.07121  39.2%   214  250s
  7384  3903    1.20002   30  431    1.76304    1.07184  39.2%   215  255s
  7539  4005    1.45935   52  334    1.76304    1.07196  39.2%   215  260s
  7583  4029    1.28968   27  415    1.76304    1.07223  39.2%   215  266s
  7689  4096 infeasible   53         1.76304    1.07240  39.2%   216  270s
  7841  4166    1.71150   44  393    1.76304    1.07290  39.1%   216  275s
  7974  4222 infeasible   36         1.76304    1.07334  39.1%   216  280s
  8139  4304    1.11164   23  494    1.76304    1.07378  39.1%   215  285s
  8280  4388    1.16752   27  396    1.76304    1.07427  39.1%   215  290s

Cutting planes:
  Learned: 35
  Gomory: 151
  Cover: 82
  Implied bound: 226
  Projected implied bound: 256
  Clique: 72
  MIR: 538
  Mixing: 1
  StrongCG: 50
  Flow cover: 679
  GUB cover: 4
  Inf proof: 3
  Zero half: 7
  RLT: 11
  Relax-and-lift: 83
  BQP: 25

Explored 8428 nodes (1822485 simplex iterations) in 294.95 seconds (579.24 work units)
Thread count was 1 (of 20 available processors)

Solution count 10: 1.76304 1.76306 1.76316 ... 1.76769

Time limit reached
Best objective 1.763042383714e+00, best bound 1.074560640382e+00, gap 39.0508%

User-callback calls 89280, time in user-callback 0.02 sec
