
Gurobi 13.0.2 (win64) logging started Sat Aug  8 14:59:28 2026

Set parameter LogFile to value "E:\codes\ExactEBRP\results\gf_c6_documentation_hga_round34\runs\v10__round33_v10_moderate_M3_Q30_seed2031960658__c6_simple_start__3600s\external\native_logs\L0.0_lp.gurobi.log"
Gurobi Optimizer version 13.0.2 build v13.0.2rc1 (win64 - Windows 10.0 (19045.2))

CPU model: 12th Gen Intel(R) Core(TM) i7-12700KF, instruction set [SSE2|AVX|AVX2]
Thread count: 12 physical cores, 20 logical processors, using up to 1 threads

Non-default parameters:
TimeLimit  3579.8047391
MIPGap  0
MIPGapAbs  0
LogToConsole  0
Threads  1

Optimize a model with 5979 rows, 1037 columns and 44080 nonzeros (Min)
Model fingerprint: 0xedafc016
Model has 11 linear objective coefficients
Coefficient statistics:
  Matrix range     [9e-03, 1e+05]
  Objective range  [9e-03, 1e+00]
  Bounds range     [7e-02, 1e+02]
  RHS range        [7e-02, 1e+06]

Presolve removed 664 rows and 54 columns
Presolve time: 0.02s
Presolved: 5315 rows, 990 columns, 41580 nonzeros

Iteration    Objective       Primal Inf.    Dual Inf.      Time
       0    0.0000000e+00   7.218750e+01   0.000000e+00      0s
     641    9.8249546e-02   0.000000e+00   0.000000e+00      0s

Solved in 641 iterations and 0.04 seconds (0.13 work units)
Optimal objective  9.824954594e-02

User-callback calls 781, time in user-callback 0.00 sec
