
Gurobi 13.0.2 (win64) logging started Sat Aug  8 14:59:23 2026

Set parameter LogFile to value "E:\codes\ExactEBRP\results\gf_c6_documentation_hga_round34\runs\v10__round33_v10_moderate_M3_Q30_seed2031960658__c6_simple_start__3600s\external\native_logs\L0_c6_1_next_leaf_target_mip.gurobi.log"
Gurobi Optimizer version 13.0.2 build v13.0.2rc1 (win64 - Windows 10.0 (19045.2))

CPU model: 12th Gen Intel(R) Core(TM) i7-12700KF, instruction set [SSE2|AVX|AVX2]
Thread count: 12 physical cores, 20 logical processors, using up to 1 threads

Non-default parameters:
TimeLimit  3584.8456879
MIPGap  0
MIPGapAbs  0
LogToConsole  0
Threads  1

Optimize a model with 5979 rows, 1037 columns and 44080 nonzeros (Min)
Model fingerprint: 0x64baa803
Model has 11 linear objective coefficients
Variable types: 493 continuous, 544 integer (444 binary)
Coefficient statistics:
  Matrix range     [9e-03, 1e+05]
  Objective range  [9e-03, 1e+00]
  Bounds range     [1e-01, 1e+02]
  RHS range        [1e-01, 1e+06]

Presolve removed 1109 rows and 46 columns
Presolve time: 0.15s
Presolved: 4870 rows, 991 columns, 51154 nonzeros
Variable types: 467 continuous, 524 integer (433 binary)

Root relaxation: objective 9.652166e-02, 885 iterations, 0.04 seconds (0.12 work units)

    Nodes    |    Current Node    |     Objective Bounds      |     Work
 Expl Unexpl |  Obj  Depth IntInf | Incumbent    BestBd   Gap | It/Node Time

     0     0    0.09652    0   96          -    0.09652      -     -    0s
     0     0    0.10983    0  112          -    0.10983      -     -    0s
     0     0    0.11031    0  110          -    0.11031      -     -    0s
     0     0    0.11133    0  118          -    0.11133      -     -    0s
     0     0    0.11137    0  119          -    0.11137      -     -    0s
     0     0    0.11143    0  122          -    0.11143      -     -    0s
     0     0    0.11144    0  115          -    0.11144      -     -    0s
     0     0    0.11153    0  110          -    0.11153      -     -    0s
     0     0    0.11167    0  100          -    0.11167      -     -    0s
     0     0    0.11167    0  123          -    0.11167      -     -    1s
     0     0    0.11168    0  120          -    0.11168      -     -    1s
     0     0    0.11168    0  143          -    0.11168      -     -    1s
     0     0    0.11168    0  132          -    0.11168      -     -    1s
     0     0    0.11168    0  122          -    0.11168      -     -    1s
     0     0    0.11168    0  129          -    0.11168      -     -    1s
     0     0    0.11168    0  128          -    0.11168      -     -    1s
     0     0    0.11168    0  127          -    0.11168      -     -    1s
     0     0    0.11168    0  122          -    0.11168      -     -    1s
     0     0    0.11168    0  101          -    0.11168      -     -    1s
     0     0    0.11168    0  108          -    0.11168      -     -    1s
     0     0    0.11168    0  115          -    0.11168      -     -    1s
     0     0    0.11168    0  115          -    0.11168      -     -    1s
     0     0    0.11168    0  115          -    0.11168      -     -    1s
     0     0    0.11168    0  115          -    0.11168      -     -    2s
H    0     0                       0.1804515    0.11168  38.1%     -    2s
H    0     0                       0.1759962    0.11168  36.5%     -    2s
H    0     0                       0.1715684    0.11168  34.9%     -    2s
H    0     0                       0.1686372    0.11168  33.8%     -    3s
H    0     0                       0.1677963    0.11168  33.4%     -    3s
H    0     0                       0.1662336    0.11168  32.8%     -    3s
     0     2    0.11168    0  105    0.16623    0.11168  32.8%     -    3s
*   65    43              44       0.1624782    0.11168  31.3%  57.1    3s
H   67    43                       0.1624040    0.11409  29.7%  61.7    3s
H   67    43                       0.1622332    0.11409  29.7%  61.7    3s
*  314   136              36       0.1572429    0.12384  21.2%  56.1    4s

Cutting planes:
  Learned: 4
  Gomory: 28
  Cover: 39
  Implied bound: 130
  Clique: 7
  MIR: 137
  StrongCG: 8
  Flow cover: 52
  Mod-K: 1
  Network: 7
  RLT: 4
  Relax-and-lift: 6
  BQP: 9

Explored 418 nodes (35662 simplex iterations) in 4.82 seconds (7.02 work units)
Thread count was 1 (of 20 available processors)

Solution count 8: 0.157243 0.162233 0.162404 ... 0.175996

Solve interrupted
Best objective 1.572429097777e-01, best bound 1.349478324322e-01, gap 14.1787%

User-callback calls 3504, time in user-callback 0.00 sec
