
Gurobi 13.0.2 (win64) logging started Fri Jul 24 18:43:01 2026

Set parameter LogFile to value "E:\codes\ExactEBRP\results\gf_nonblocking_gurobi_c6_round31\development\V12_M2__c6_candidate__71s\native.log"
Set parameter Threads to value 1
Set parameter Presolve to value -1
Set parameter Seed to value 0
Set parameter MIPGap to value 0
Set parameter MIPGapAbs to value 0
Warning: unknown variable 'r_max' in bounds section (line 12040)
Warning: unknown variable 'r_min' in bounds section (line 12041)
Read LP format model from file E:\codes\ExactEBRP\results\gf_nonblocking_gurobi_c6_round31\development\V12_M2__c6_candidate__71s\external\models\L0.lp
Reading time = 0.03 seconds
obj: 11351 rows, 1034 columns, 113440 nonzeros
Set parameter TimeLimit to value 58.9178292
Warning: unknown variable 'r_max' in bounds section (line 12040)
Warning: unknown variable 'r_min' in bounds section (line 12041)
Read LP format model from file E:\codes\ExactEBRP\results\gf_nonblocking_gurobi_c6_round31\development\V12_M2__c6_candidate__71s\external\models\L1.lp
Reading time = 0.03 seconds
obj: 11351 rows, 1034 columns, 113600 nonzeros
Set parameter TimeLimit to value 58.6286114
Warning: unknown variable 'r_max' in bounds section (line 12040)
Warning: unknown variable 'r_min' in bounds section (line 12041)
Read LP format model from file E:\codes\ExactEBRP\results\gf_nonblocking_gurobi_c6_round31\development\V12_M2__c6_candidate__71s\external\models\L2.lp
Reading time = 0.03 seconds
obj: 11351 rows, 1034 columns, 113600 nonzeros
Set parameter TimeLimit to value 58.3302751
Warning: unknown variable 'r_max' in bounds section (line 12040)
Warning: unknown variable 'r_min' in bounds section (line 12041)
Read LP format model from file E:\codes\ExactEBRP\results\gf_nonblocking_gurobi_c6_round31\development\V12_M2__c6_candidate__71s\external\models\L3.lp
Reading time = 0.03 seconds
obj: 11351 rows, 1034 columns, 113600 nonzeros
Set parameter TimeLimit to value 58.0598123
Warning: unknown variable 'r_max' in bounds section (line 12040)
Warning: unknown variable 'r_min' in bounds section (line 12041)
Read LP format model from file E:\codes\ExactEBRP\results\gf_nonblocking_gurobi_c6_round31\development\V12_M2__c6_candidate__71s\external\models\L2.0.lp
Reading time = 0.03 seconds
obj: 11351 rows, 1034 columns, 113600 nonzeros
Set parameter TimeLimit to value 5.7788584900000004e+01
Warning: unknown variable 'r_max' in bounds section (line 12040)
Warning: unknown variable 'r_min' in bounds section (line 12041)
Read LP format model from file E:\codes\ExactEBRP\results\gf_nonblocking_gurobi_c6_round31\development\V12_M2__c6_candidate__71s\external\models\L2.1.lp
Reading time = 0.03 seconds
obj: 11351 rows, 1034 columns, 113600 nonzeros
Set parameter TimeLimit to value 57.5134389
Warning: unknown variable 'r_max' in bounds section (line 12040)
Warning: unknown variable 'r_min' in bounds section (line 12041)
Read LP format model from file E:\codes\ExactEBRP\results\gf_nonblocking_gurobi_c6_round31\development\V12_M2__c6_candidate__71s\external\models\L2.0.0.lp
Reading time = 0.03 seconds
obj: 11351 rows, 1034 columns, 113600 nonzeros
Set parameter TimeLimit to value 53.8301797
Warning: unknown variable 'r_max' in bounds section (line 12040)
Warning: unknown variable 'r_min' in bounds section (line 12041)
Read LP format model from file E:\codes\ExactEBRP\results\gf_nonblocking_gurobi_c6_round31\development\V12_M2__c6_candidate__71s\external\models\L2.0.1.lp
Reading time = 0.03 seconds
obj: 11351 rows, 1034 columns, 113600 nonzeros
Set parameter TimeLimit to value 5.3419940499999996e+01
Warning: unknown variable 'r_max' in bounds section (line 12040)
Warning: unknown variable 'r_min' in bounds section (line 12041)
Read LP format model from file E:\codes\ExactEBRP\results\gf_nonblocking_gurobi_c6_round31\development\V12_M2__c6_candidate__71s\external\models\L2.1.0.lp
Reading time = 0.03 seconds
obj: 11351 rows, 1034 columns, 113600 nonzeros
Set parameter TimeLimit to value 51.0149445
Warning: unknown variable 'r_max' in bounds section (line 12040)
Warning: unknown variable 'r_min' in bounds section (line 12041)
Read LP format model from file E:\codes\ExactEBRP\results\gf_nonblocking_gurobi_c6_round31\development\V12_M2__c6_candidate__71s\external\models\L2.1.1.lp
Reading time = 0.03 seconds
obj: 11351 rows, 1034 columns, 113600 nonzeros
Set parameter TimeLimit to value 50.7312132
