
Gurobi 13.0.2 (win64) logging started Sat Jul 25 06:21:13 2026

Set parameter LogFile to value "E:\codes\ExactEBRP\results\gf_nonblocking_gurobi_c6_round31\runs\stage6__tight_T_seed3101__c6_candidate__1200s\external\native_logs\L1_terminal_mip.gurobi.log"
Gurobi Optimizer version 13.0.2 build v13.0.2rc1 (win64 - Windows 10.0 (19045.2))

CPU model: 12th Gen Intel(R) Core(TM) i7-12700KF, instruction set [SSE2|AVX|AVX2]
Thread count: 12 physical cores, 20 logical processors, using up to 1 threads

Non-default parameters:
TimeLimit  1036.6080368
MIPGap  0
MIPGapAbs  0
LogToConsole  0
Threads  1

Optimize a model with 11939 rows, 3384 columns and 67420 nonzeros (Min)
Model fingerprint: 0x1f1358a7
Model has 21 linear objective coefficients
Variable types: 1689 continuous, 1695 integer (1495 binary)
Coefficient statistics:
  Matrix range     [7e-03, 2e+04]
  Objective range  [7e-03, 1e+00]
  Bounds range     [3e-02, 3e+02]
  RHS range        [3e-02, 5e+04]

Presolved: 10274 rows, 3252 columns, 70680 nonzeros

Continuing optimization...

   606   549    0.05371   26  301          -    0.05365      -   504  140s
   612   553    0.05412   29  252          -    0.05382      -   516  145s
   622   560    0.05438   34  268          -    0.05382      -   529  150s
   625   560    0.06137   35  203          -    0.05382      -   532  158s
   627   561    0.05795   36  218          -    0.05382      -   533  160s
   653   579    0.07209   49  189          -    0.05382      -   545  165s
   688   600    0.05776   67  167          -    0.05382      -   545  170s
   722   599    0.06302   84  146          -    0.05382      -   544  175s
   762   595    0.08325  104  214          -    0.05382      -   534  180s
   803   594    0.07479   33  184          -    0.05382      -   533  185s
   823   603    0.06021   43  166          -    0.05382      -   533  190s
   869   598    0.06310   32  160          -    0.05419      -   532  195s
   886   605    0.07152   41  142          -    0.05419      -   531  202s
   893   610    0.09207   44  176          -    0.05419      -   530  205s
   955   604    0.05574   34  223          -    0.05421      -   517  210s
  1002   602 infeasible   57               -    0.05421      -   519  215s
  1038   614    0.05866   32  215          -    0.05473      -   524  220s
  1077   616    0.05595   32  241          -    0.05510      -   525  225s
  1121   620    0.05584   34  234          -    0.05510      -   525  230s
  1172   626    0.07219   38  161          -    0.05528      -   520  235s
  1198   629    0.06088   36  188          -    0.05546      -   521  240s
  1236   635 infeasible   35               -    0.05569      -   525  245s
  1266   645    0.06422   42  113          -    0.05569      -   529  250s
  1298   653    0.06639   36  215          -    0.05580      -   533  255s
  1300   654    0.06998   38  213          -    0.05580      -   533  261s
  1339   654    0.06213   31  150          -    0.05591      -   533  265s
  1386   659 infeasible   40               -    0.05598      -   530  270s
  1451   652    0.07642   44  226          -    0.05601      -   525  275s
  1492   647    0.07349   36  169          -    0.05606      -   526  292s
  1496   644    0.05894   32  236          -    0.05612      -   527  297s
  1522   650    0.10142   43  162          -    0.05612      -   528  300s
  1589   648    0.06167   32  249          -    0.05630      -   525  305s
  1662   655    0.07889   34  153          -    0.05659      -   520  310s
  1718   654    0.06728   38  131          -    0.05693      -   522  315s
  1795   663    0.07685   45  130          -    0.05710      -   516  320s
  1878   671    0.06680   45  156          -    0.05743      -   509  325s
  1946   660 infeasible   38               -    0.05774      -   508  330s
  2029   670    0.07184   60  142          -    0.05784      -   501  335s
  2100   661    0.07579   39  181          -    0.05787      -   502  340s
  2150   665    0.07126   36  242          -    0.05789      -   499  345s
  2237   653 infeasible   68               -    0.05822      -   496  350s
  2320   665    0.06097   32  191          -    0.05854      -   494  355s
  2385   677    0.08731   39  142          -    0.05867      -   495  360s
  2436   673    0.09236   35  259          -    0.05878      -   498  365s
  2506   686    0.06965   27  233          -    0.05904      -   497  370s
  2562   695    0.06155   32  254          -    0.05915      -   495  375s
  2603   707    0.09088   45  141          -    0.05916      -   496  382s
  2638   722    0.08055   53  131          -    0.05916      -   494  385s
  2717   725    0.07324   33  198          -    0.05978      -   490  390s
  2772   750    0.07257   43  143          -    0.05979      -   491  395s
  2819   760    0.07446   44  218          -    0.05999      -   493  400s
  2880   775 infeasible   45               -    0.06029      -   493  405s
  2965   803    0.08208   40  175          -    0.06038      -   487  410s
  3039   832 infeasible   35               -    0.06059      -   484  415s
  3104   841    0.06805   29  158          -    0.06069      -   484  421s
  3165   858    0.06312   42  166          -    0.06081      -   482  425s
  3235   863    0.06390   39  222          -    0.06125      -   481  430s
  3305   873    0.08413   33  139          -    0.06142      -   482  435s
  3386   906 infeasible   38               -    0.06159      -   480  440s
  3458   905 infeasible   34               -    0.06178      -   480  445s
  3513   901    0.07116   36  175          -    0.06215      -   481  452s
  3569   918    0.07413   33  236          -    0.06218      -   479  455s
  3637   924    0.08638   39  142          -    0.06273      -   480  460s
  3726   930    0.07649   43  187          -    0.06308      -   477  465s
  3800   926    0.09629   37  158          -    0.06329      -   477  470s
  3856   932    0.06914   38  172          -    0.06359      -   477  476s
  3909   927    0.07038   41  191          -    0.06371      -   478  480s
  3974   960    0.08381   69  151          -    0.06374      -   474  485s
  4054   964    0.09390   40  183          -    0.06392      -   473  490s
  4113   957    0.06459   43  249          -    0.06413      -   475  495s
  4172   960 infeasible   32               -    0.06435      -   475  500s
  4247   965    0.08476   36  182          -    0.06453      -   474  505s
  4304   973    0.09900   75  229          -    0.06459      -   472  510s
  4369   980    0.07174   36  153          -    0.06491      -   470  527s
  4387   982 infeasible   44               -    0.06493      -   469  530s
  4469   998    0.06919   41  156          -    0.06523      -   467  537s
  4523  1004 infeasible   69               -    0.06540      -   465  540s
  4604  1013    0.08793   35  203          -    0.06579      -   463  545s
  4678  1023    0.06941   41  196          -    0.06603      -   462  550s
  4728  1023    0.06889   42  122          -    0.06620      -   463  555s
  4815  1028    0.07465   34  201          -    0.06654      -   462  560s
  4877  1016    0.07619   54  134          -    0.06692      -   462  568s
  4911  1026    0.07260   43  167          -    0.06697      -   461  570s
  4991  1023    0.07346   54  171          -    0.06719      -   460  575s
  5092  1026    0.07211   43  218          -    0.06747      -   458  580s
  5163  1018    0.06873   55  173          -    0.06766      -   457  585s
  5284  1045    0.08565   48  134          -    0.06779      -   455  590s
  5367  1060    0.08293   43  153          -    0.06795      -   452  595s
  5492  1061    0.09318   34  229          -    0.06817      -   448  600s
  5607  1075 infeasible   38               -    0.06863      -   446  605s
  5665  1081    0.07305   43  157          -    0.06873      -   445  613s
  5693  1087 infeasible   39               -    0.06880      -   445  615s
  5819  1093 infeasible   36               -    0.06908      -   442  620s
  5924  1094 infeasible   53               -    0.06935      -   440  625s
  6020  1095    0.07851   40  143          -    0.06954      -   440  630s
  6132  1102    0.07491   37  145          -    0.06990      -   438  635s
  6244  1102    0.08612   39  136          -    0.07025      -   436  640s
  6290  1092    0.07507   46  217          -    0.07047      -   436  653s
  6329  1092    0.07493   64  150          -    0.07050      -   435  655s
  6489  1097 infeasible   39               -    0.07078      -   430  660s
  6607  1089 infeasible   66               -    0.07118      -   428  665s
  6743  1081    0.09375   41  147          -    0.07144      -   425  670s
  6878  1077    0.08626   45  202          -    0.07192      -   422  675s
  6983  1079 infeasible   55               -    0.07216      -   421  680s
  7089  1067    0.07760   33  207          -    0.07247      -   420  685s
  7214  1067    0.07405   43  159          -    0.07284      -   417  690s
  7331  1062 infeasible   54               -    0.07303      -   415  695s
  7447  1068    0.10014   44  163          -    0.07335      -   413  700s
  7525  1077    0.07346   64  142          -    0.07345      -   412  709s
  7527  1079    0.07870   65  144          -    0.07345      -   412  710s
  7660  1066    0.07699   46  107          -    0.07377      -   409  715s
  7749  1070 infeasible   60               -    0.07395      -   407  720s
  7870  1065 infeasible   60               -    0.07427      -   405  725s
  7991  1055 infeasible   47               -    0.07453      -   403  730s
  8037  1059    0.08668   48  125          -    0.07465      -   403  735s
  8169  1047    0.08950   50  145          -    0.07486      -   401  740s
  8298  1033 infeasible   58               -    0.07518      -   398  745s
  8414  1009 infeasible   45               -    0.07541      -   397  750s
  8503  1005    0.07736   46  147          -    0.07561      -   396  756s
  8596  1019    0.08507   47   98          -    0.07579      -   393  760s
  8756   997    0.08045   39  156          -    0.07632      -   390  765s
  8913   972 infeasible   43               -    0.07674      -   388  770s
  9027   965    0.09942   48  156          -    0.07695      -   386  775s
  9159   957    0.10507   47  150          -    0.07711      -   384  788s
  9224   948 infeasible   41               -    0.07723      -   383  790s
  9392   925    0.08572   34  204          -    0.07759      -   380  795s
  9552   898 infeasible   37               -    0.07787      -   377  800s
  9576   900    0.09269   37  156          -    0.07793      -   377  811s
  9719   887    0.07987   39  205          -    0.07828      -   374  815s
  9886   860 infeasible   78               -    0.07867      -   372  820s
 10039   826    0.09168   39  172          -    0.07917      -   370  825s
 10248   801    0.08068   73  136          -    0.07977      -   366  830s
 10436   771 infeasible   44               -    0.08025      -   363  835s
 10621   745    0.09441   50  158          -    0.08061      -   360  840s
 10810   715 infeasible   41               -    0.08132      -   358  845s
 10846   715    0.08196   42  180          -    0.08142      -   357  854s
 10860   711    0.08706   39  165          -    0.08147      -   357  855s
 11039   662 infeasible   42               -    0.08236      -   355  860s
 11244   610 infeasible  108               -    0.08352      -   351  865s
 11463   548 infeasible   46               -    0.08478      -   348  870s
 11662   475 infeasible   48               -    0.08596      -   345  875s
 11854   391    0.09594   55  176          -    0.08764      -   343  880s
 12043   278 infeasible   47               -    0.09061      -   341  885s
 12241   132 infeasible   52               -    0.09776      -   339  890s

Cutting planes:
  Learned: 13
  Gomory: 4
  Cover: 40
  Implied bound: 122
  Projected implied bound: 17
  Clique: 13
  MIR: 139
  StrongCG: 5
  Flow cover: 341
  GUB cover: 3
  Zero half: 24
  Network: 46
  RLT: 4
  Relax-and-lift: 29
  BQP: 1

Explored 12392 nodes (4217842 simplex iterations) in 892.93 seconds (1781.89 work units)
Most recent optimization runtime was 753.57 seconds (1525.55 work units)
Thread count was 1 (of 20 available processors)

Solution count 0

Model is infeasible
Best objective -, best bound -, gap -

User-callback calls 175532, time in user-callback 0.05 sec
