
Gurobi 13.0.2 (win64) logging started Fri Aug  7 22:17:02 2026

Set parameter LogFile to value "E:\codes\ExactEBRP\results\gf_v10_convergence_round33\runs\stage3__round33_v10_moderate_M1_Q30_seed82526096__c6_frozen__repeat1__3600s\external\native_logs\L3.0.0_terminal_mip.gurobi.log"
Gurobi Optimizer version 13.0.2 build v13.0.2rc1 (win64 - Windows 10.0 (19045.2))

CPU model: 12th Gen Intel(R) Core(TM) i7-12700KF, instruction set [SSE2|AVX|AVX2]
Thread count: 12 physical cores, 20 logical processors, using up to 1 threads

Non-default parameters:
TimeLimit  3581.1393015
MIPGap  0
MIPGapAbs  0
LogToConsole  0
Threads  1

Optimize a model with 2552 rows, 483 columns and 17031 nonzeros (Min)
Model fingerprint: 0x684f9264
Model has 11 linear objective coefficients
Variable types: 256 continuous, 227 integer (187 binary)
Coefficient statistics:
  Matrix range     [8e-03, 1e+05]
  Objective range  [8e-03, 1e+00]
  Bounds range     [4e-01, 6e+01]
  RHS range        [4e-01, 1e+06]

Presolve removed 1469 rows and 42 columns
Presolve time: 0.00s

Explored 0 nodes (0 simplex iterations) in 0.00 seconds (0.00 work units)
Thread count was 1 (of 20 available processors)

Solution count 0

Model is infeasible
Best objective -, best bound -, gap -

User-callback calls 57, time in user-callback 0.00 sec
