
Gurobi 13.0.2 (win64) logging started Sat Aug  8 15:29:04 2026

Set parameter LogFile to value "E:\codes\ExactEBRP\results\gf_c6_documentation_hga_round34\runs\repeat__round33_v10_moderate_M2_Q20_seed1118884127__c6_hga_full__repeat1__3600s\external\native_logs\L1_lp.gurobi.log"
Gurobi Optimizer version 13.0.2 build v13.0.2rc1 (win64 - Windows 10.0 (19045.2))

CPU model: 12th Gen Intel(R) Core(TM) i7-12700KF, instruction set [SSE2|AVX|AVX2]
Thread count: 12 physical cores, 20 logical processors, using up to 1 threads

Non-default parameters:
TimeLimit  3582.2292469
MIPGap  0
MIPGapAbs  0
LogToConsole  0
Threads  1

Optimize a model with 4275 rows, 761 columns and 30652 nonzeros (Min)
Model fingerprint: 0x78aaa823
Model has 11 linear objective coefficients
Coefficient statistics:
  Matrix range     [2e-03, 1e+05]
  Objective range  [9e-03, 1e+00]
  Bounds range     [2e-03, 5e+01]
  RHS range        [2e-03, 1e+06]

Presolve removed 341 rows and 49 columns
Presolve time: 0.02s
Presolved: 3934 rows, 742 columns, 28048 nonzeros

Iteration    Objective       Primal Inf.    Dual Inf.      Time
       0    1.8828688e-03   4.352654e+01   0.000000e+00      0s
     348    1.8828688e-03   0.000000e+00   0.000000e+00      0s

Solved in 348 iterations and 0.03 seconds (0.07 work units)
Optimal objective  1.882868790e-03

User-callback calls 491, time in user-callback 0.00 sec
