
Gurobi 13.0.2 (win64) logging started Fri Aug  7 22:17:02 2026

Set parameter LogFile to value "E:\codes\ExactEBRP\results\gf_v10_convergence_round33\runs\stage3__round33_v10_moderate_M2_Q20_seed1118884127__p_grb__repeat1__3600s\native.log"
Set parameter Threads to value 1
Set parameter Presolve to value -1
Set parameter Seed to value 0
Set parameter MIPGap to value 0
Set parameter MIPGapAbs to value 0
Set parameter TimeLimit to value 3600
Read LP format model from file E:\codes\ExactEBRP\results\gf_v10_convergence_round33\runs\stage3__round33_v10_moderate_M2_Q20_seed1118884127__p_grb__repeat1__3600s\canonical.lp
Reading time = 0.00 seconds
obj: 1137 rows, 538 columns, 4655 nonzeros
Set parameter TimeLimit to value 3584.9730124
Gurobi Optimizer version 13.0.2 build v13.0.2rc1 (win64 - Windows 10.0 (19045.2))

CPU model: 12th Gen Intel(R) Core(TM) i7-12700KF, instruction set [SSE2|AVX|AVX2]
Thread count: 12 physical cores, 20 logical processors, using up to 1 threads

Non-default parameters:
TimeLimit  3584.9730124
MIPGap  0
MIPGapAbs  0
LogToConsole  0
Threads  1

Optimize a model with 1137 rows, 538 columns and 4655 nonzeros (Min)
Model fingerprint: 0x51e0ecad
Model has 11 linear objective coefficients
Variable types: 152 continuous, 386 integer (316 binary)
Coefficient statistics:
  Matrix range     [4e-02, 6e+02]
  Objective range  [9e-03, 1e+00]
  Bounds range     [1e+00, 5e+01]
  RHS range        [1e+00, 4e+03]

Presolve removed 58 rows and 16 columns
Presolve time: 0.01s
Presolved: 1079 rows, 522 columns, 5461 nonzeros
Variable types: 87 continuous, 435 integer (312 binary)
Found heuristic solution: objective 2.1666304

Root relaxation: objective 0.000000e+00, 214 iterations, 0.00 seconds (0.00 work units)

    Nodes    |    Current Node    |     Objective Bounds      |     Work
 Expl Unexpl |  Obj  Depth IntInf | Incumbent    BestBd   Gap | It/Node Time

     0     0    0.00000    0   54    2.16663    0.00000   100%     -    0s
     0     0    0.00000    0   78    2.16663    0.00000   100%     -    0s
H    0     0                       2.0052712    0.00000   100%     -    0s
H    0     0                       1.4427070    0.00000   100%     -    0s
     0     0    0.00000    0   77    1.44271    0.00000   100%     -    0s
     0     0    0.00000    0   91    1.44271    0.00000   100%     -    0s
     0     0    0.00000    0   67    1.44271    0.00000   100%     -    0s
     0     0    0.00000    0   61    1.44271    0.00000   100%     -    0s
     0     0    0.00000    0   68    1.44271    0.00000   100%     -    0s
     0     0    0.00000    0   32    1.44271    0.00000   100%     -    0s
H    0     0                       0.3243212    0.00000   100%     -    0s
H    0     0                       0.2242970    0.00000   100%     -    0s
     0     0    0.00000    0   66    0.22430    0.00000   100%     -    0s
     0     0    0.00000    0   60    0.22430    0.00000   100%     -    0s
     0     0    0.00000    0   60    0.22430    0.00000   100%     -    0s
     0     0    0.00000    0   35    0.22430    0.00000   100%     -    0s
     0     0    0.00000    0   35    0.22430    0.00000   100%     -    0s
     0     0    0.00000    0   35    0.22430    0.00000   100%     -    0s
H    0     0                       0.1106108    0.00000   100%     -    0s
H    0     0                       0.1105408    0.00000   100%     -    0s
H    0     0                       0.1103629    0.00000   100%     -    0s
H    0     0                       0.1102278    0.00000   100%     -    0s
H    0     0                       0.1102256    0.00000   100%     -    0s
H    0     0                       0.1099105    0.00000   100%     -    0s
H    0     0                       0.1065584    0.00000   100%     -    0s
     0     2    0.00000    0   34    0.10656    0.00000   100%     -    0s
H   12    12                       0.0939731    0.00000   100%   107    0s
H   60    51                       0.0830549    0.00000   100%  69.3    0s
*  120   103              61       0.0812138    0.00000   100%  49.5    0s
*  121    97              61       0.0474895    0.00000   100%  49.2    0s
H  251   175                       0.0473403    0.00000   100%  44.6    0s
H  251   175                       0.0470097    0.00000   100%  44.6    0s
H  251   169                       0.0436904    0.00000   100%  44.6    0s
H  397   203                       0.0294694    0.00000   100%  39.3    0s
H  655   302                       0.0222332    0.00000   100%  39.2    1s
H  839   327                       0.0139064    0.00000   100%  51.1    2s
H  839   311                       0.0135274    0.00000   100%  51.1    2s
*  851   285              41       0.0076044    0.00000   100%  50.5    2s
H  912   275                       0.0075315    0.00000   100%  55.5    2s
  1537   162    0.00064   28   38    0.00753    0.00000   100%  70.4    5s
  3452   291    0.00644   30   31    0.00753    0.00000   100%  72.5   10s

Cutting planes:
  Learned: 3
  Gomory: 9
  Cover: 12
  Implied bound: 24
  Projected implied bound: 6
  Clique: 4
  MIR: 59
  StrongCG: 34
  Flow cover: 45
  GUB cover: 1
  Inf proof: 4
  Zero half: 16
  Relax-and-lift: 7

Explored 5612 nodes (371537 simplex iterations) in 13.71 seconds (17.94 work units)
Thread count was 1 (of 20 available processors)

Solution count 10: 0.00753148 0.00760439 0.0135274 ... 0.0474895

Optimal solution found (tolerance 0.00e+00)
Best objective 7.531475161480e-03, best bound 7.531475161480e-03, gap 0.0000%

User-callback calls 17210, time in user-callback 0.01 sec
