
Gurobi 13.0.2 (win64) logging started Fri Oct  2 00:51:16 2026

Set parameter LogFile to value "E:\codes\ExactEBRP\results\unified_exact_round99\repeat01\raw\04_F2_Q-I\external\native_logs\L0_c6_1_child_disjunction_target_mip.gurobi.log"
Set parameter TimeLimit to value 8.9472322730000008e+02
Gurobi Optimizer version 13.0.2 build v13.0.2rc1 (win64 - Windows 10.0 (19045.2))

CPU model: 12th Gen Intel(R) Core(TM) i7-12700KF, instruction set [SSE2|AVX|AVX2]
Thread count: 12 physical cores, 20 logical processors, using up to 1 threads

Non-default parameters:
TimeLimit  8.9472322730000008e+02
MIPGap  0
MIPGapAbs  0
LogToConsole  0
Threads  1

Optimize a model with 9229 rows, 3448 columns and 53486 nonzeros (Min)
Model fingerprint: 0x10c2e63c
Model has 21 linear objective coefficients
Variable types: 1781 continuous, 1667 integer (1527 binary)
Coefficient statistics:
  Matrix range     [4e-02, 2e+04]
  Objective range  [4e-02, 1e+00]
  Bounds range     [9e-01, 4e+02]
  RHS range        [9e-01, 5e+04]

Loaded user MIP start with objective 0.885348

Presolve removed 1675 rows and 22 columns
Presolve time: 0.13s
Presolved: 7554 rows, 3426 columns, 57294 nonzeros
Variable types: 1569 continuous, 1857 integer (1527 binary)

Root relaxation: objective 5.974032e-01, 3445 iterations, 0.15 seconds (0.40 work units)

    Nodes    |    Current Node    |     Objective Bounds      |     Work
 Expl Unexpl |  Obj  Depth IntInf | Incumbent    BestBd   Gap | It/Node Time

     0     0    0.59740    0  341    0.88535    0.59740  32.5%     -    0s
     0     0    0.64947    0  367    0.88535    0.64947  26.6%     -    0s

Explored 1 nodes (4055 simplex iterations) in 0.39 seconds (0.87 work units)
Thread count was 1 (of 20 available processors)

Solution count 2: 0.885348 0.885348

Solve interrupted
Best objective 8.853483009346e-01, best bound 6.494667151808e-01, gap 26.6428%

User-callback calls 607, time in user-callback 0.00 sec
