
Gurobi 13.0.2 (win64) logging started Thu Oct  1 20:06:46 2026

Set parameter LogFile to value "E:\codes\ExactEBRP\results\unified_exact_round99\factorial01\raw\03_F2_M-B\external\native_logs\L0_terminal_mip.gurobi.log"
Set parameter TimeLimit to value 894.2393717
Gurobi Optimizer version 13.0.2 build v13.0.2rc1 (win64 - Windows 10.0 (19045.2))

CPU model: 12th Gen Intel(R) Core(TM) i7-12700KF, instruction set [SSE2|AVX|AVX2]
Thread count: 12 physical cores, 20 logical processors, using up to 1 threads

Non-default parameters:
TimeLimit  894.2393717
MIPGap  0
MIPGapAbs  0
LogToConsole  0
Threads  1

Optimize a model with 9309 rows, 3488 columns and 53646 nonzeros (Min)
Model fingerprint: 0xc456843a
Model has 21 linear objective coefficients
Variable types: 1861 continuous, 1627 integer (1567 binary)
Coefficient statistics:
  Matrix range     [4e-02, 2e+04]
  Objective range  [4e-02, 1e+00]
  Bounds range     [9e-01, 4e+02]
  RHS range        [9e-01, 5e+04]

Loaded user MIP start with objective 0.885348
MIP start from previous solve did not produce a new incumbent solution

Presolve removed 1715 rows and 22 columns
Presolve time: 0.09s
Presolved: 7594 rows, 3466 columns, 44996 nonzeros
Variable types: 1649 continuous, 1817 integer (1567 binary)

Root relaxation: objective 5.984895e-01, 3888 iterations, 0.17 seconds (0.40 work units)

    Nodes    |    Current Node    |     Objective Bounds      |     Work
 Expl Unexpl |  Obj  Depth IntInf | Incumbent    BestBd   Gap | It/Node Time

     0     0    0.59849    0  330    0.88535    0.59849  32.4%     -    0s
     0     0    0.64951    0  346    0.88535    0.64951  26.6%     -    0s
     0     0    0.70902    0  388    0.88535    0.70902  19.9%     -    0s
     0     0    0.75596    0  361    0.88535    0.75596  14.6%     -    0s
     0     0    0.76472    0  384    0.88535    0.76472  13.6%     -    1s
     0     0    0.76520    0  374    0.88535    0.76520  13.6%     -    1s
     0     0    0.76773    0  401    0.88535    0.76773  13.3%     -    1s
     0     0    0.76793    0  400    0.88535    0.76793  13.3%     -    1s
     0     0    0.76851    0  398    0.88535    0.76851  13.2%     -    1s
     0     0    0.76852    0  366    0.88535    0.76852  13.2%     -    1s
     0     0    0.76868    0  387    0.88535    0.76868  13.2%     -    2s
     0     0    0.76868    0  382    0.88535    0.76868  13.2%     -    2s
     0     0    0.76901    0  382    0.88535    0.76901  13.1%     -    2s
H    0     0                       0.8755722    0.76901  12.2%     -    2s
H    0     0                       0.8729647    0.76901  11.9%     -    2s
H    0     0                       0.8699781    0.76901  11.6%     -    2s
     0     0    0.76903    0  397    0.86998    0.76903  11.6%     -    2s
     0     0    0.76921    0  398    0.86998    0.76921  11.6%     -    3s
     0     0    0.76932    0  395    0.86998    0.76932  11.6%     -    3s
     0     0    0.76942    0  390    0.86998    0.76942  11.6%     -    3s
     0     0    0.76942    0  389    0.86998    0.76942  11.6%     -    3s
     0     0    0.76942    0  389    0.86998    0.76942  11.6%     -    3s
     0     0    0.76942    0  389    0.86998    0.76942  11.6%     -    3s
     0     2    0.76942    0  384    0.86998    0.76942  11.6%     -    3s
    28    30    0.81415   20  314    0.86998    0.77381  11.1%   333    5s
   476   446    0.80767    5  348    0.86998    0.78039  10.3%  91.7   10s
   541   500    0.83016  115  401    0.86998    0.78057  10.3%   104   15s
   548   505    0.82720  104  424    0.86998    0.78248  10.1%   103   20s
H  554   483                       0.8667829    0.78514  9.42%   126   22s
   567   494    0.81454   22  350    0.86678    0.78514  9.42%   135   25s
   678   524    0.85583   49  186    0.86678    0.78524  9.41%   145   30s
   763   554    0.81284   20  295    0.86678    0.79487  8.30%   165   35s
   858   591    0.84759   23  264    0.86678    0.79651  8.11%   176   40s
H  960   586                       0.8659871    0.79828  7.82%   179   45s
H  960   563                       0.8659435    0.79828  7.81%   179   45s
  1093   592    0.80724   18  365    0.86594    0.80082  7.52%   180   50s
  1261   629    0.80733   22  293    0.86594    0.80315  7.25%   178   55s
  1455   658    0.82307   23  282    0.86594    0.80736  6.77%   175   60s
  1639   681    0.82624   24  296    0.86594    0.81011  6.45%   177   65s
  1837   704    0.83977   26  270    0.86594    0.81146  6.29%   174   70s
  2049   799    0.86282   28  266    0.86594    0.81245  6.18%   172   75s
  2172   864    0.85233   21  360    0.86594    0.81281  6.14%   176   80s
  2366   944    0.82748   23  336    0.86594    0.81344  6.06%   174   85s
  2576  1024    0.84696   32  245    0.86594    0.81440  5.95%   173   90s
  2770  1114    0.84041   23  306    0.86594    0.81548  5.83%   172   95s
  3026  1202    0.83814   22  312    0.86594    0.81653  5.71%   171  100s
  3283  1302    0.82806   25  264    0.86594    0.81764  5.58%   169  105s
  3494  1383    0.84161   23  329    0.86594    0.81833  5.50%   168  110s
  3708  1452    0.83850   29  232    0.86594    0.81911  5.41%   167  115s
  3925  1542    0.86065   27  279    0.86594    0.81977  5.33%   167  120s
  4151  1621    0.85672   30  257    0.86594    0.82050  5.25%   165  125s
  4327  1690    0.84198   33  182    0.86594    0.82096  5.20%   166  130s
  4626  1799    0.85072   28  251    0.86594    0.82165  5.11%   163  135s
  4869  1885     cutoff   26         0.86594    0.82223  5.05%   163  140s
  5101  1967     cutoff   33         0.86594    0.82266  5.00%   161  145s
  5271  2023    0.84855   30  250    0.86594    0.82290  4.97%   161  150s
  5575  2116    0.84484   25  289    0.86594    0.82354  4.90%   159  155s
  5824  2186    0.85364   23  334    0.86594    0.82403  4.84%   159  160s
  5979  2234    0.83641   20  367    0.86594    0.82434  4.80%   159  165s
  6160  2287    0.85105   25  277    0.86594    0.82471  4.76%   159  170s
  6440  2379    0.83163   20  307    0.86594    0.82524  4.70%   158  175s
  6681  2463    0.82632   23  343    0.86594    0.82553  4.67%   158  180s
  6890  2521    0.85827   28  298    0.86594    0.82597  4.62%   158  185s
  7107  2584    0.84421   26  263    0.86594    0.82639  4.57%   158  190s
  7414  2664    0.84910   33  272    0.86594    0.82688  4.51%   157  195s
  7706  2757     cutoff   27         0.86594    0.82729  4.46%   156  200s
  7941  2790    0.85583   23  314    0.86594    0.82767  4.42%   157  205s
  8152  2847    0.85443   26  313    0.86594    0.82802  4.38%   157  210s
  8408  2915    0.86142   34  267    0.86594    0.82841  4.33%   157  215s
  8592  2967    0.86035   36  233    0.86594    0.82862  4.31%   157  220s
  8828  2999    0.83127   22  294    0.86594    0.82896  4.27%   157  225s
  8856  3004    0.84313   27  261    0.86594    0.82896  4.27%   157  230s
  9166  3084    0.85181   25  309    0.86594    0.82939  4.22%   157  235s
  9480  3174    0.84826   26  309    0.86594    0.82964  4.19%   156  240s
  9668  3217     cutoff   23         0.86594    0.82987  4.17%   156  245s
  9986  3281    0.83707   24  320    0.86594    0.83022  4.13%   155  250s
 10202  3319     cutoff   24         0.86594    0.83048  4.09%   155  273s
 10278  3342    0.86063   26  221    0.86594    0.83068  4.07%   155  275s
 10584  3421    0.85773   30  261    0.86594    0.83107  4.03%   155  280s
 10868  3488     cutoff   26         0.86594    0.83138  3.99%   155  285s
 11151  3546    0.84196   23  348    0.86594    0.83164  3.96%   154  290s
 11419  3579    0.85577   28  230    0.86594    0.83188  3.93%   155  295s
 11672  3626    0.84209   24  306    0.86594    0.83214  3.90%   155  300s
 11952  3681     cutoff   28         0.86594    0.83241  3.87%   155  305s
 12221  3710     cutoff   24         0.86594    0.83281  3.83%   155  310s
 12514  3775    0.84977   26  298    0.86594    0.83305  3.80%   155  315s
 12791  3821    0.85964   29  228    0.86594    0.83342  3.76%   155  320s
 13084  3844    0.84208   26  347    0.86594    0.83379  3.71%   155  325s
 13320  3881    0.84812   28  265    0.86594    0.83415  3.67%   155  330s
 13461  3900    0.85028   23  334    0.86594    0.83432  3.65%   155  335s
 13753  3933     cutoff   32         0.86594    0.83459  3.62%   155  340s
 14069  3973    0.84852   21  366    0.86594    0.83494  3.58%   155  345s
 14354  3998     cutoff   29         0.86594    0.83523  3.55%   155  350s
 14649  4032     cutoff   37         0.86594    0.83557  3.51%   155  355s
 14754  4040    0.85878   30  335    0.86594    0.83564  3.50%   155  362s
 14922  4053     cutoff   26         0.86594    0.83584  3.48%   154  365s
 15240  4095     cutoff   25         0.86594    0.83608  3.45%   154  370s
 15489  4120     cutoff   24         0.86594    0.83629  3.42%   154  375s
 15765  4130 infeasible   27         0.86594    0.83659  3.39%   154  380s
 16070  4171    0.85631   25  230    0.86594    0.83677  3.37%   154  385s
 16375  4203    0.85925   26  210    0.86594    0.83704  3.34%   154  390s
 16677  4226     cutoff   22         0.86594    0.83737  3.30%   154  395s
 16959  4250     cutoff   26         0.86594    0.83763  3.27%   154  400s
 17243  4262    0.85934   25  305    0.86594    0.83785  3.24%   155  405s
 17514  4297 infeasible   30         0.86594    0.83802  3.22%   155  410s
 17734  4300    0.84621   27  312    0.86594    0.83828  3.19%   155  415s
 18025  4320    0.86373   29  264    0.86594    0.83859  3.16%   155  420s
 18308  4349    0.84953   27  244    0.86594    0.83882  3.13%   155  425s
 18609  4368    0.85882   26  364    0.86594    0.83906  3.10%   155  430s
 18876  4379    0.85403   34  235    0.86594    0.83920  3.09%   155  435s
 19142  4389    0.86144   23  314    0.86594    0.83942  3.06%   155  440s
 19475  4403     cutoff   35         0.86594    0.83972  3.03%   155  445s
 19784  4414     cutoff   24         0.86594    0.83994  3.00%   155  450s
 20130  4451    0.86162   28  293    0.86594    0.84017  2.98%   154  455s
 20409  4469     cutoff   25         0.86594    0.84041  2.95%   154  460s
 20740  4494     cutoff   27         0.86594    0.84064  2.92%   154  465s
 21040  4488 infeasible   27         0.86594    0.84088  2.89%   154  470s
 21331  4491    0.86303   34  154    0.86594    0.84115  2.86%   154  475s
 21652  4488    0.84666   26  337    0.86594    0.84141  2.83%   154  480s
 21933  4498    0.85968   33  212    0.86594    0.84165  2.80%   154  485s
 22230  4487     cutoff   25         0.86594    0.84190  2.78%   154  490s
 22567  4503    0.85150   27  307    0.86594    0.84213  2.75%   154  495s
 22861  4504     cutoff   33         0.86594    0.84229  2.73%   154  500s
 23154  4482    0.86429   25  326    0.86594    0.84255  2.70%   154  505s
 23482  4469    0.86287   30  284    0.86594    0.84281  2.67%   154  510s
 23790  4460     cutoff   35         0.86594    0.84307  2.64%   154  515s
 24107  4457     cutoff   26         0.86594    0.84333  2.61%   154  520s
 24372  4424    0.86118   29  270    0.86594    0.84363  2.58%   154  525s
 24699  4384     cutoff   26         0.86594    0.84389  2.55%   154  530s
 25003  4363     cutoff   27         0.86594    0.84413  2.52%   154  535s
 25319  4332    0.86062   33  169    0.86594    0.84438  2.49%   154  540s
 25591  4293    0.85240   28  242    0.86594    0.84468  2.46%   154  545s
 25880  4265    0.84922   24  282    0.86594    0.84494  2.43%   155  550s
 26174  4246     cutoff   32         0.86594    0.84515  2.40%   155  555s
 26487  4208    0.85938   29  255    0.86594    0.84545  2.37%   155  560s
 26779  4162    0.85336   28  317    0.86594    0.84573  2.33%   155  565s
 27078  4125 infeasible   31         0.86594    0.84602  2.30%   155  570s
 27348  4100    0.86135   33  168    0.86594    0.84628  2.27%   155  575s
H27533  4048                       0.8659435    0.84649  2.25%   155  581s
 27533  4050    0.85242   27  222    0.86594    0.84649  2.25%   155  586s
 27588  4050    0.84744   37  216    0.86594    0.84653  2.24%   155  590s
 27655  4044     cutoff   28         0.86594    0.84657  2.24%   155  595s
 27768  3999     cutoff   33         0.86594    0.84673  2.22%   156  600s
 28089  3957    0.85182   31  226    0.86594    0.84704  2.18%   155  605s
 28359  3904     cutoff   23         0.86594    0.84731  2.15%   156  610s
 28631  3850     cutoff   29         0.86594    0.84761  2.12%   156  615s
 28951  3784    0.86267   38  166    0.86594    0.84791  2.08%   156  620s
 29230  3712     cutoff   34         0.86594    0.84824  2.04%   156  625s
 29465  3683    0.85691   27  314    0.86594    0.84841  2.02%   156  630s
 29785  3620     cutoff   23         0.86594    0.84864  2.00%   156  635s
 30024  3561    0.85736   36  257    0.86594    0.84895  1.96%   156  640s
 30349  3522    0.85783   23  308    0.86594    0.84920  1.93%   156  645s
 30605  3459     cutoff   28         0.86594    0.84945  1.90%   156  650s
 30888  3384 infeasible   36         0.86594    0.84974  1.87%   157  655s
 31094  3343     cutoff   33         0.86594    0.84995  1.85%   157  660s
 31387  3257     cutoff   26         0.86594    0.85029  1.81%   157  665s
 31704  3176     cutoff   30         0.86594    0.85059  1.77%   157  670s
 32023  3071    0.85617   25  270    0.86594    0.85096  1.73%   157  675s
 32255  2982 infeasible   29         0.86594    0.85126  1.70%   157  680s
 32584  2903    0.86066   33  170    0.86594    0.85159  1.66%   157  685s
 32904  2824     cutoff   34         0.86594    0.85184  1.63%   157  690s
 33195  2713 infeasible   31         0.86594    0.85226  1.58%   157  695s
 33393  2667     cutoff   26         0.86594    0.85244  1.56%   157  700s
 33673  2573     cutoff   31         0.86594    0.85275  1.52%   157  705s
 33970  2467     cutoff   26         0.86594    0.85317  1.47%   157  710s
 34246  2345     cutoff   22         0.86594    0.85363  1.42%   157  715s
 34542  2224 infeasible   31         0.86594    0.85404  1.37%   157  720s
 34907  2111     cutoff   32         0.86594    0.85454  1.32%   157  725s
 35258  1980     cutoff   27         0.86594    0.85499  1.26%   157  730s
 35617  1828    0.85764   29  206    0.86594    0.85549  1.21%   156  735s
 35944  1695 infeasible   27         0.86594    0.85604  1.14%   156  740s
 36300  1550    0.86362   34  134    0.86594    0.85668  1.07%   156  745s
 36540  1414 infeasible   32         0.86594    0.85711  1.02%   156  750s
 36985  1274     cutoff   38         0.86594    0.85779  0.94%   155  755s
 37463  1125 infeasible   31         0.86594    0.85846  0.86%   154  760s
 37926   932     cutoff   24         0.86594    0.85932  0.77%   153  765s
 38450   738    0.86051   36  136    0.86594    0.86015  0.67%   152  770s
 39006   450 infeasible   30         0.86594    0.86156  0.51%   151  775s

Cutting planes:
  Learned: 59
  Gomory: 11
  Cover: 141
  Implied bound: 187
  Projected implied bound: 47
  Clique: 27
  MIR: 352
  StrongCG: 14
  Flow cover: 722
  GUB cover: 18
  Inf proof: 7
  Zero half: 1
  Network: 15
  RLT: 8
  Relax-and-lift: 58
  BQP: 5

Explored 39620 nodes (5938173 simplex iterations) in 779.18 seconds (1550.83 work units)
Thread count was 1 (of 20 available processors)

Solution count 8: 0.865944 0.865944 0.865987 ... 0.885348

Optimal solution found (tolerance 0.00e+00)
Best objective 8.659435203230e-01, best bound 8.659435203230e-01, gap 0.0000%

User-callback calls 203852, time in user-callback 5.13 sec
