
Gurobi 13.0.2 (win64) logging started Fri Aug  7 22:17:01 2026

Set parameter LogFile to value "E:\codes\ExactEBRP\results\gf_v10_convergence_round33\runs\stage3__round33_v10_moderate_M1_Q30_seed82526096__c6_frozen__repeat1__3600s\native.log"
Set parameter Threads to value 1
Set parameter Presolve to value -1
Set parameter Seed to value 0
Set parameter MIPGap to value 0
Set parameter MIPGapAbs to value 0
Warning: unknown variable 'r_max' in bounds section (line 2908)
Warning: unknown variable 'r_min' in bounds section (line 2909)
Read LP format model from file E:\codes\ExactEBRP\results\gf_v10_convergence_round33\runs\stage3__round33_v10_moderate_M1_Q30_seed82526096__c6_frozen__repeat1__3600s\external\models\L0.lp
Reading time = 0.01 seconds
obj: 2552 rows, 483 columns, 16907 nonzeros
Set parameter TimeLimit to value 3581.9196948
Warning: unknown variable 'r_max' in bounds section (line 2908)
Warning: unknown variable 'r_min' in bounds section (line 2909)
Read LP format model from file E:\codes\ExactEBRP\results\gf_v10_convergence_round33\runs\stage3__round33_v10_moderate_M1_Q30_seed82526096__c6_frozen__repeat1__3600s\external\models\L1.lp
Reading time = 0.00 seconds
obj: 2552 rows, 483 columns, 17031 nonzeros
Set parameter TimeLimit to value 3581.8642645
Warning: unknown variable 'r_max' in bounds section (line 2908)
Warning: unknown variable 'r_min' in bounds section (line 2909)
Read LP format model from file E:\codes\ExactEBRP\results\gf_v10_convergence_round33\runs\stage3__round33_v10_moderate_M1_Q30_seed82526096__c6_frozen__repeat1__3600s\external\models\L2.lp
Reading time = 0.01 seconds
obj: 2552 rows, 483 columns, 17031 nonzeros
Set parameter TimeLimit to value 3581.7766179
Warning: unknown variable 'r_max' in bounds section (line 2908)
Warning: unknown variable 'r_min' in bounds section (line 2909)
Read LP format model from file E:\codes\ExactEBRP\results\gf_v10_convergence_round33\runs\stage3__round33_v10_moderate_M1_Q30_seed82526096__c6_frozen__repeat1__3600s\external\models\L3.lp
Reading time = 0.01 seconds
obj: 2552 rows, 483 columns, 17031 nonzeros
Set parameter TimeLimit to value 3581.6516378
Warning: unknown variable 'r_max' in bounds section (line 2908)
Warning: unknown variable 'r_min' in bounds section (line 2909)
Read LP format model from file E:\codes\ExactEBRP\results\gf_v10_convergence_round33\runs\stage3__round33_v10_moderate_M1_Q30_seed82526096__c6_frozen__repeat1__3600s\external\models\L2.0.lp
Reading time = 0.00 seconds
obj: 2552 rows, 483 columns, 17031 nonzeros
Set parameter TimeLimit to value 3581.5906411
Warning: unknown variable 'r_max' in bounds section (line 2908)
Warning: unknown variable 'r_min' in bounds section (line 2909)
Read LP format model from file E:\codes\ExactEBRP\results\gf_v10_convergence_round33\runs\stage3__round33_v10_moderate_M1_Q30_seed82526096__c6_frozen__repeat1__3600s\external\models\L2.1.lp
Reading time = 0.00 seconds
obj: 2552 rows, 483 columns, 17031 nonzeros
Set parameter TimeLimit to value 3581.5305666
Warning: unknown variable 'r_max' in bounds section (line 2908)
Warning: unknown variable 'r_min' in bounds section (line 2909)
Read LP format model from file E:\codes\ExactEBRP\results\gf_v10_convergence_round33\runs\stage3__round33_v10_moderate_M1_Q30_seed82526096__c6_frozen__repeat1__3600s\external\models\L3.0.lp
Reading time = 0.00 seconds
obj: 2552 rows, 483 columns, 17031 nonzeros
Set parameter TimeLimit to value 3581.4562172
Warning: unknown variable 'r_max' in bounds section (line 2910)
Warning: unknown variable 'r_min' in bounds section (line 2911)
Read LP format model from file E:\codes\ExactEBRP\results\gf_v10_convergence_round33\runs\stage3__round33_v10_moderate_M1_Q30_seed82526096__c6_frozen__repeat1__3600s\external\models\L3.1.lp
Reading time = 0.01 seconds
obj: 2554 rows, 483 columns, 17035 nonzeros
Set parameter TimeLimit to value 3581.3949615
Warning: unknown variable 'r_max' in bounds section (line 2908)
Warning: unknown variable 'r_min' in bounds section (line 2909)
Read LP format model from file E:\codes\ExactEBRP\results\gf_v10_convergence_round33\runs\stage3__round33_v10_moderate_M1_Q30_seed82526096__c6_frozen__repeat1__3600s\external\models\L3.0.0.lp
Reading time = 0.01 seconds
obj: 2552 rows, 483 columns, 17031 nonzeros
Set parameter TimeLimit to value 3581.345522
Warning: unknown variable 'r_max' in bounds section (line 2909)
Warning: unknown variable 'r_min' in bounds section (line 2910)
Read LP format model from file E:\codes\ExactEBRP\results\gf_v10_convergence_round33\runs\stage3__round33_v10_moderate_M1_Q30_seed82526096__c6_frozen__repeat1__3600s\external\models\L3.0.1.lp
Reading time = 0.01 seconds
obj: 2553 rows, 483 columns, 17033 nonzeros
Set parameter TimeLimit to value 3581.284182
Warning: unknown variable 'r_max' in bounds section (line 2908)
Warning: unknown variable 'r_min' in bounds section (line 2909)
Read LP format model from file E:\codes\ExactEBRP\results\gf_v10_convergence_round33\runs\stage3__round33_v10_moderate_M1_Q30_seed82526096__c6_frozen__repeat1__3600s\external\models\L3.0.0.0.lp
Reading time = 0.00 seconds
obj: 2552 rows, 483 columns, 17031 nonzeros
Set parameter TimeLimit to value 3581.2261855
Warning: unknown variable 'r_max' in bounds section (line 2909)
Warning: unknown variable 'r_min' in bounds section (line 2910)
Read LP format model from file E:\codes\ExactEBRP\results\gf_v10_convergence_round33\runs\stage3__round33_v10_moderate_M1_Q30_seed82526096__c6_frozen__repeat1__3600s\external\models\L3.0.0.1.lp
Reading time = 0.01 seconds
obj: 2553 rows, 483 columns, 17033 nonzeros
Set parameter TimeLimit to value 3581.1680228
