
Gurobi 13.0.2 (win64) logging started Sat Jul 25 00:16:05 2026

Set parameter LogFile to value "E:\codes\ExactEBRP\results\gf_nonblocking_gurobi_c6_round31\runs\stage3__round31_sealed_tight_T_V50_seed1973327304__p_grb__300s\native.log"
Set parameter Threads to value 1
Set parameter Presolve to value -1
Set parameter Seed to value 0
Set parameter MIPGap to value 0
Set parameter MIPGapAbs to value 0
Set parameter TimeLimit to value 300
Read LP format model from file E:\codes\ExactEBRP\results\gf_nonblocking_gurobi_c6_round31\runs\stage3__round31_sealed_tight_T_V50_seed1973327304__p_grb__300s\canonical.lp
Reading time = 0.04 seconds
obj: 27659 rows, 10540 columns, 135648 nonzeros
Set parameter TimeLimit to value 294.7497415
Gurobi Optimizer version 13.0.2 build v13.0.2rc1 (win64 - Windows 10.0 (19045.2))

CPU model: 12th Gen Intel(R) Core(TM) i7-12700KF, instruction set [SSE2|AVX|AVX2]
Thread count: 12 physical cores, 20 logical processors, using up to 1 threads

Non-default parameters:
TimeLimit  294.7497415
MIPGap  0
MIPGapAbs  0
LogToConsole  0
Threads  1

Optimize a model with 27659 rows, 10540 columns and 135648 nonzeros (Min)
Model fingerprint: 0xb91845f9
Model has 51 linear objective coefficients
Variable types: 1808 continuous, 8732 integer (8232 binary)
Coefficient statistics:
  Matrix range     [2e-02, 6e+02]
  Objective range  [7e-03, 1e+00]
  Bounds range     [1e+00, 5e+01]
  RHS range        [1e+00, 4e+03]

Presolve removed 369 rows and 66 columns
Presolve time: 0.27s
Presolved: 27290 rows, 10474 columns, 207138 nonzeros
Variable types: 522 continuous, 9952 integer (8226 binary)
Found heuristic solution: objective 3.5545897

Use crossover to convert LP symmetric solution to basic solution...
Crossover time: 0.02 seconds (0.04 work units)

Root relaxation: objective 4.331566e-01, 6559 iterations, 0.35 seconds (0.73 work units)

    Nodes    |    Current Node    |     Objective Bounds      |     Work
 Expl Unexpl |  Obj  Depth IntInf | Incumbent    BestBd   Gap | It/Node Time

     0     0    0.43316    0  637    3.55459    0.43316  87.8%     -    0s
     0     0    0.43415    0  633    3.55459    0.43415  87.8%     -    0s
     0     0    0.50957    0 1555    3.55459    0.50957  85.7%     -    1s
     0     0    0.51466    0 1584    3.55459    0.51466  85.5%     -    1s
     0     0    0.52947    0 1630    3.55459    0.52947  85.1%     -    2s
H    0     0                       3.5281215    0.53002  85.0%     -    2s
     0     0    0.53002    0 1661    3.52812    0.53002  85.0%     -    2s
     0     0    0.53730    0 1569    3.52812    0.53730  84.8%     -    3s
     0     0    0.53742    0 1606    3.52812    0.53742  84.8%     -    3s
     0     0    0.54054    0 1725    3.52812    0.54054  84.7%     -    5s
H    0     0                       3.5205998    0.54056  84.6%     -    5s
H    0     0                       3.5198153    0.54056  84.6%     -    5s
H    0     0                       3.5173617    0.54056  84.6%     -    5s
H    0     0                       3.5067891    0.54056  84.6%     -    5s
H    0     0                       3.5063276    0.54056  84.6%     -    5s
H    0     0                       3.5012233    0.54056  84.6%     -    5s
H    0     0                       3.4996435    0.54056  84.6%     -    5s
H    0     0                       3.4978018    0.54056  84.5%     -    5s
H    0     0                       3.4977773    0.54056  84.5%     -    5s
H    0     0                       3.4961974    0.54056  84.5%     -    5s
     0     0    0.54115    0 1716    3.49620    0.54115  84.5%     -    5s
     0     0    0.54170    0 1643    3.49620    0.54170  84.5%     -    6s
     0     0    0.54173    0 1669    3.49620    0.54173  84.5%     -    6s
     0     0    0.54286    0 1737    3.49620    0.54286  84.5%     -    6s
H    0     0                       3.4899184    0.54286  84.4%     -    6s
H    0     0                       3.4898383    0.54286  84.4%     -    7s
H    0     0                       3.4805336    0.54286  84.4%     -    7s
H    0     0                       3.4794286    0.54286  84.4%     -    7s
H    0     0                       3.3452174    0.54286  83.8%     -    7s
H    0     0                       3.3437912    0.54286  83.8%     -    7s
     0     0    0.54331    0 1717    3.34379    0.54331  83.8%     -    7s
     0     0    0.54410    0 1720    3.34379    0.54410  83.7%     -    8s
     0     0    0.54415    0 1665    3.34379    0.54415  83.7%     -    8s
     0     0    0.54441    0 1698    3.34379    0.54441  83.7%     -    8s
H    0     0                       3.3434809    0.54441  83.7%     -    9s
H    0     0                       3.3425715    0.54441  83.7%     -    9s
H    0     0                       3.3419725    0.54441  83.7%     -    9s
H    0     0                       3.3411652    0.54441  83.7%     -    9s
H    0     0                       3.3408701    0.54441  83.7%     -    9s
H    0     0                       3.3405662    0.54441  83.7%     -    9s
H    0     0                       3.3400628    0.54441  83.7%     -    9s
H    0     0                       3.3397589    0.54441  83.7%     -    9s
     0     0    0.54443    0 1694    3.33976    0.54443  83.7%     -    9s
     0     0    0.54484    0 1753    3.33976    0.54484  83.7%     -   10s
     0     0    0.54492    0 1722    3.33976    0.54492  83.7%     -   10s
     0     0    0.54499    0 1678    3.33976    0.54499  83.7%     -   11s
     0     0    0.54500    0 1684    3.33976    0.54500  83.7%     -   11s
     0     0    0.54524    0 1740    3.33976    0.54524  83.7%     -   12s
     0     0    0.54524    0 1715    3.33976    0.54524  83.7%     -   12s
     0     0    0.54532    0 1705    3.33976    0.54532  83.7%     -   12s
     0     0    0.54532    0 1662    3.33976    0.54532  83.7%     -   12s
     0     0    0.54542    0 1729    3.33976    0.54542  83.7%     -   13s
     0     0    0.54542    0 1724    3.33976    0.54542  83.7%     -   13s
     0     0    0.54542    0 1686    3.33976    0.54542  83.7%     -   14s
H    0     0                       3.3368964    0.54542  83.7%     -   16s
H    0     0                       3.3368685    0.54542  83.7%     -   16s
H    0     0                       3.3348002    0.54542  83.6%     -   16s
H    0     0                       3.3347613    0.54542  83.6%     -   16s
H    0     0                       3.3347287    0.54542  83.6%     -   16s
     0     2    0.54542    0 1671    3.33473    0.54542  83.6%     -   16s
     6     8    0.54625    4 1608    3.33473    0.54542  83.6%   159   20s
    62    62    0.60895   44 1450    3.33473    0.54542  83.6%   206   25s
H   69    67                       3.3346217    0.54542  83.6%   193   25s
H  117   115                       2.6263438    0.54542  79.2%   163   28s
H  117   115                       2.6260334    0.54542  79.2%   163   28s
H  117   115                       2.6099985    0.54542  79.1%   163   28s
H  117   115                       2.6098338    0.54542  79.1%   163   28s
H  117   115                       2.6097385    0.54542  79.1%   163   28s
H  120   118                       2.3998522    0.54542  77.3%   166   28s
H  120   118                       1.6927233    0.54542  67.8%   166   28s
H  120   118                       1.6829663    0.54542  67.6%   166   28s
H  120   118                       1.6827486    0.54542  67.6%   166   28s
H  120   118                       1.6824159    0.54542  67.6%   166   28s
H  120   118                       1.6812820    0.54542  67.6%   166   28s
H  120   118                       1.6707822    0.54542  67.4%   166   28s
H  125   123                       1.6691048    0.54542  67.3%   164   28s
   142   140    0.84092  103 1378    1.66910    0.54542  67.3%   163   30s
H  150   146                       1.5906116    0.54542  65.7%   168   30s
H  150   146                       1.5899755    0.54542  65.7%   168   30s
H  150   146                       1.5571283    0.54542  65.0%   168   30s
H  150   146                       1.5391043    0.54542  64.6%   168   30s
H  150   146                       1.5366788    0.54542  64.5%   168   30s
H  150   146                       1.5349890    0.54542  64.5%   168   30s
H  150   146                       1.5330805    0.54542  64.4%   168   30s
H  150   146                       1.5316033    0.54542  64.4%   168   30s
H  164   160                       1.4608658    0.54542  62.7%   164   31s
H  164   160                       1.3902454    0.54542  60.8%   164   31s
H  164   160                       1.3902342    0.54542  60.8%   164   31s
H  164   160                       1.3901568    0.54542  60.8%   164   31s
H  178   174                       1.3899347    0.54542  60.8%   154   31s
H  178   174                       1.3885834    0.54542  60.7%   154   31s
H  198   194                       1.3776673    0.54542  60.4%   146   32s
H  198   194                       1.3762857    0.54542  60.4%   146   32s
H  198   194                       1.3272816    0.54542  58.9%   146   32s
H  198   194                       1.3259481    0.54542  58.9%   146   32s
H  214   210                       1.3255461    0.54542  58.9%   137   33s
H  214   210                       1.3252345    0.54542  58.8%   137   33s
H  214   210                       1.3245775    0.54542  58.8%   137   33s
H  214   210                       1.3245536    0.54542  58.8%   137   33s
   267   258    1.04993  192 1009    1.32455    0.54542  58.8%   122   35s
H  315   304                       1.3231720    0.54542  58.8%   107   35s
H  315   304                       1.3217905    0.54542  58.7%   107   35s
H  315   304                       1.3004495    0.54542  58.1%   107   35s
H  315   304                       1.2802710    0.54542  57.4%   107   35s
H  315   304                       1.2771483    0.54542  57.3%   107   35s
H  344   330                       1.2766426    0.54542  57.3%   100   36s
H  344   330                       1.2765324    0.54542  57.3%   100   36s
H  344   330                       1.2764632    0.54542  57.3%   100   36s
H  344   330                       1.2764272    0.54542  57.3%   100   36s
   393   377    0.56845    9 1541    1.27643    0.54547  57.3%   106   40s
   459   441    0.60278   57 1403    1.27643    0.54547  57.3%   114   45s
H  466   446                       1.2758798    0.54547  57.2%   116   45s
H  466   446                       1.2747284    0.54547  57.2%   116   45s
H  466   446                       1.2740923    0.54547  57.2%   116   45s
H  466   446                       1.2728977    0.54547  57.1%   116   45s
H  466   446                       1.2727800    0.54547  57.1%   116   45s
H  466   446                       1.2727624    0.54547  57.1%   116   45s
H  477   457                       1.2727562    0.54547  57.1%   115   46s
H  477   457                       1.2727444    0.54547  57.1%   115   46s
H  491   469                       1.2564092    0.54547  56.6%   116   48s
H  491   469                       1.2546516    0.54547  56.5%   116   48s
H  491   469                       1.2542950    0.54547  56.5%   116   48s
H  491   469                       1.2538627    0.54547  56.5%   116   48s
H  491   469                       1.2538405    0.54547  56.5%   116   48s
   513   491    0.81617   94 1189    1.25384    0.54547  56.5%   119   50s
   526   503    1.04803  199 1686    1.25384    0.54547  56.5%   120   55s
   529   505    0.65110   96 1659    1.25384    0.54547  56.5%   119   60s
   532   507    0.84835    8 1625    1.25384    0.54547  56.5%   118   65s
   535   509    0.61768   64 1689    1.25384    0.54774  56.3%   118   70s
   538   511    0.64854   94 1657    1.25384    0.54814  56.3%   117   75s
H  538   485                       1.2517806    0.54864  56.2%   117   77s
H  538   460                       1.2413768    0.54864  55.8%   117   77s
H  538   437                       1.2386136    0.54864  55.7%   117   77s
H  538   415                       1.2383825    0.54864  55.7%   117   77s
H  538   394                       1.2308505    0.54864  55.4%   117   77s
H  538   374                       1.2116547    0.54864  54.7%   117   78s
   540   375    0.54869    6 1573    1.21165    0.54869  54.7%   117   81s
   543   377    0.60948   70 1586    1.21165    0.54891  54.7%   116   85s
   548   381    0.72640   86 1665    1.21165    0.54901  54.7%   115   90s
   554   385    0.99014  166 1695    1.21165    0.54902  54.7%   114   95s
   559   388    1.05734  238 1574    1.21165    0.54946  54.7%   113  100s
   567   393    0.97990  146 1698    1.21165    0.54951  54.6%   111  105s
   575   400    0.99955  179 1759    1.21165    0.54951  54.6%   200  111s
   578   402    0.65603   92 1532    1.21165    0.54951  54.6%   199  115s
   581   404    0.60943   71 1573    1.21165    0.55000  54.6%   198  120s
H  584   385                       1.2099337    0.55000  54.5%   197  126s
H  584   366                       1.2097880    0.55000  54.5%   197  126s
H  584   347                       1.2009474    0.55000  54.2%   197  127s
H  584   329                       1.1999600    0.55000  54.2%   197  127s
H  584   313                       1.1999398    0.55000  54.2%   197  127s
   587   315    1.10762  242 1580    1.19994    0.55011  54.2%   196  130s
   591   318    0.55011    6 1581    1.19994    0.55011  54.2%   194  135s
   599   323    0.62756   82 1491    1.19994    0.55011  54.2%   192  140s
   605   327    0.95475  117 1652    1.19994    0.55011  54.2%   190  145s
H  606   311                       1.1980695    0.55011  54.1%   190  146s
H  606   295                       1.1980507    0.55011  54.1%   190  146s
H  606   279                       1.1977636    0.55011  54.1%   190  146s
H  606   265                       1.1961645    0.55011  54.0%   190  146s
   612   269    0.67635   96 1629    1.19616    0.55011  54.0%   188  150s
H  612   255                       1.1840468    0.55011  53.5%   188  151s
H  612   241                       1.1802565    0.55011  53.4%   188  152s
H  612   229                       1.1800647    0.55011  53.4%   188  152s
H  612   216                       1.1799885    0.55011  53.4%   188  153s
H  612   205                       1.1729689    0.55011  53.1%   188  153s
   618   210    0.77620   81 1686    1.17297    0.55011  53.1%   264  155s
   622   213    1.07915  259 1660    1.17297    0.55011  53.1%   262  161s
   625   215    1.04803  199 1532    1.17297    0.55011  53.1%   261  166s
   627   216    0.61299   76 1555    1.17297    0.55011  53.1%   260  170s
   631   219    1.17297  269 1568    1.17297    0.55011  53.1%   258  176s
   634   221    0.62565   81 1591    1.17297    0.55011  53.1%   257  180s
H  638   211                       1.1726820    0.55011  53.1%   255  185s
H  640   202                       1.1724058    0.55011  53.1%   255  186s
   647   206    0.98150  144 1537    1.17241    0.55011  53.1%   252  190s
H  648   196                       1.1723942    0.55012  53.1%   252  194s
H  650   187                       1.1690776    0.55012  52.9%   309  195s
H  651   178                       1.1679748    0.55196  52.7%   310  200s
H  651   168                       1.1602314    0.55196  52.4%   310  200s
H  651   160                       1.1602252    0.55196  52.4%   310  200s
H  651   151                       1.0695837    0.55196  48.4%   310  200s
H  651   143                       1.0691094    0.55196  48.4%   310  200s
H  651   135                       1.0690216    0.55196  48.4%   310  200s
H  651   128                       1.0644869    0.55196  48.1%   310  201s
H  651   121                       1.0579449    0.55196  47.8%   310  201s
H  651   115                       0.9763410    0.55196  43.5%   310  201s
H  651   109                       0.9545212    0.55196  42.2%   310  201s
H  651   103                       0.9525831    0.55196  42.1%   310  201s
   655   108    0.57116   38 1492    0.95258    0.55219  42.0%   318  205s
   661   112    0.56626   41 1480    0.95258    0.55219  42.0%   327  210s
   667   116    0.56425   44 1487    0.95258    0.55219  42.0%   337  215s
   677   122    0.56443   49 1572    0.95258    0.55219  42.0%   348  220s
   684   127    0.56290   53 1522    0.95258    0.55219  42.0%   352  225s
H  691   124                       0.9492759    0.55219  41.8%   355  229s
H  691   119                       0.9488782    0.55219  41.8%   355  229s
H  691   114                       0.9486909    0.55219  41.8%   355  229s
   692   116    0.56549   57 1487    0.94869    0.55219  41.8%   361  230s
H  699   114                       0.9486909    0.55219  41.8%   366  235s
   707   121    0.57501   64 1417    0.94869    0.55219  41.8%   377  240s
   722   131    0.57044   72 1407    0.94869    0.55219  41.8%   383  245s
H  733   132                       0.9482248    0.55219  41.8%   389  250s
H  733   128                       0.9482232    0.55219  41.8%   389  251s
H  733   124                       0.9482225    0.55219  41.8%   389  251s
   743   132    0.57629   82 1314    0.94822    0.55219  41.8%   392  255s
   759   143    0.58007   90 1276    0.94822    0.55219  41.8%   396  260s
   775   154    0.60088   98 1224    0.94822    0.55219  41.8%   400  265s
   791   164    0.58258  106 1192    0.94822    0.55219  41.8%   403  270s
   807   175    0.58319  114 1231    0.94822    0.55219  41.8%   406  275s
   828   189    0.58020  125 1141    0.94822    0.55219  41.8%   404  280s
   853   206    0.59113  137  968    0.94822    0.55219  41.8%   400  285s
   880   233    0.58373  151 1059    0.94822    0.55219  41.8%   397  290s

Cutting planes:
  Learned: 12
  Cover: 52
  Implied bound: 111
  Projected implied bound: 53
  Clique: 101
  MIR: 416
  StrongCG: 46
  Flow cover: 507
  GUB cover: 8
  Zero half: 30
  RLT: 12
  Relax-and-lift: 157
  BQP: 39

Explored 904 nodes (383583 simplex iterations) in 294.75 seconds (643.56 work units)
Thread count was 1 (of 20 available processors)

Solution count 10: 0.948222 0.948223 0.948225 ... 1.05794

Time limit reached
Best objective 9.482224878635e-01, best bound 5.521896007452e-01, gap 41.7658%

User-callback calls 65777, time in user-callback 0.01 sec
