
Gurobi 13.0.2 (win64) logging started Sat Jul 25 06:38:29 2026

Set parameter LogFile to value "E:\codes\ExactEBRP\results\gf_nonblocking_gurobi_c6_round31\runs\stage6__tight_T_seed5102__p_grb__1200s\native.log"
Set parameter Threads to value 1
Set parameter Presolve to value -1
Set parameter Seed to value 0
Set parameter MIPGap to value 0
Set parameter MIPGapAbs to value 0
Set parameter TimeLimit to value 1200
Read LP format model from file E:\codes\ExactEBRP\results\gf_nonblocking_gurobi_c6_round31\runs\stage6__tight_T_seed5102__p_grb__1200s\canonical.lp
Reading time = 0.01 seconds
obj: 5069 rows, 2115 columns, 23340 nonzeros
Set parameter TimeLimit to value 1194.9396626
Gurobi Optimizer version 13.0.2 build v13.0.2rc1 (win64 - Windows 10.0 (19045.2))

CPU model: 12th Gen Intel(R) Core(TM) i7-12700KF, instruction set [SSE2|AVX|AVX2]
Thread count: 12 physical cores, 20 logical processors, using up to 1 threads

Non-default parameters:
TimeLimit  1194.9396626
MIPGap  0
MIPGapAbs  0
LogToConsole  0
Threads  1

Optimize a model with 5069 rows, 2115 columns and 23340 nonzeros (Min)
Model fingerprint: 0xb4b5f557
Model has 21 linear objective coefficients
Variable types: 423 continuous, 1692 integer (1492 binary)
Coefficient statistics:
  Matrix range     [3e-02, 6e+02]
  Objective range  [7e-03, 1e+00]
  Bounds range     [1e+00, 5e+01]
  RHS range        [1e+00, 4e+03]

Presolve removed 160 rows and 37 columns
Presolve time: 0.05s
Presolved: 4909 rows, 2078 columns, 40107 nonzeros
Variable types: 193 continuous, 1885 integer (1488 binary)
Found heuristic solution: objective 2.2854652

Root relaxation: objective 1.279955e-01, 1606 iterations, 0.05 seconds (0.12 work units)

    Nodes    |    Current Node    |     Objective Bounds      |     Work
 Expl Unexpl |  Obj  Depth IntInf | Incumbent    BestBd   Gap | It/Node Time

     0     0    0.12800    0  219    2.28547    0.12800  94.4%     -    0s
H    0     0                       2.1850976    0.12800  94.1%     -    0s
     0     0    0.15742    0  447    2.18510    0.15742  92.8%     -    0s
H    0     0                       2.1613572    0.15758  92.7%     -    0s
H    0     0                       2.1294222    0.15758  92.6%     -    0s
     0     0    0.15957    0  421    2.12942    0.15957  92.5%     -    0s
     0     0    0.18011    0  511    2.12942    0.18011  91.5%     -    0s
H    0     0                       2.1281697    0.18011  91.5%     -    0s
     0     0    0.18251    0  456    2.12817    0.18251  91.4%     -    0s
     0     0    0.18841    0  472    2.12817    0.18841  91.1%     -    0s
H    0     0                       1.1278082    0.18841  83.3%     -    0s
H    0     0                       1.1061353    0.18841  83.0%     -    0s
     0     0    0.18856    0  471    1.10614    0.18856  83.0%     -    0s
     0     0    0.18869    0  501    1.10614    0.18869  82.9%     -    0s
H    0     0                       1.0913109    0.18880  82.7%     -    0s
H    0     0                       1.0904060    0.18880  82.7%     -    0s
H    0     0                       1.0880788    0.18880  82.6%     -    0s
     0     0    0.18913    0  463    1.08808    0.18913  82.6%     -    0s
     0     0    0.19122    0  471    1.08808    0.19122  82.4%     -    1s
     0     0    0.19127    0  478    1.08808    0.19127  82.4%     -    1s
     0     0    0.19153    0  497    1.08808    0.19153  82.4%     -    1s
H    0     0                       1.0453257    0.19153  81.7%     -    1s
H    0     0                       1.0392944    0.19153  81.6%     -    1s
     0     0    0.19157    0  482    1.03929    0.19157  81.6%     -    1s
     0     0    0.19157    0  527    1.03929    0.19157  81.6%     -    1s
     0     0    0.19165    0  491    1.03929    0.19165  81.6%     -    1s
     0     0    0.19165    0  514    1.03929    0.19165  81.6%     -    1s
H    0     0                       0.9131444    0.19165  79.0%     -    1s
H    0     0                       0.9099839    0.19165  78.9%     -    1s
H    0     0                       0.9095889    0.19165  78.9%     -    1s
H    0     0                       0.8941187    0.19165  78.6%     -    1s
H    0     0                       0.8780217    0.19165  78.2%     -    1s
H    0     0                       0.8764415    0.19165  78.1%     -    1s
     0     0    0.19165    0  530    0.87644    0.19165  78.1%     -    1s
     0     0    0.19368    0  501    0.87644    0.19368  77.9%     -    1s
H    0     0                       0.8560433    0.19373  77.4%     -    1s
H    0     0                       0.8367821    0.19373  76.8%     -    1s
     0     0    0.19379    0  524    0.83678    0.19379  76.8%     -    1s
     0     0    0.19445    0  528    0.83678    0.19445  76.8%     -    1s
H    0     0                       0.8352364    0.19445  76.7%     -    1s
     0     0    0.19446    0  519    0.83524    0.19446  76.7%     -    1s
     0     0    0.19456    0  536    0.83524    0.19456  76.7%     -    1s
     0     0    0.19462    0  523    0.83524    0.19462  76.7%     -    1s
     0     0    0.19464    0  521    0.83524    0.19464  76.7%     -    2s
     0     0    0.19464    0  518    0.83524    0.19464  76.7%     -    2s
     0     0    0.19464    0  476    0.83524    0.19464  76.7%     -    2s
H    0     0                       0.8175534    0.19464  76.2%     -    2s
H    0     0                       0.8174170    0.19464  76.2%     -    2s
H    0     0                       0.8173528    0.19464  76.2%     -    2s
H    0     0                       0.8167636    0.19464  76.2%     -    2s
H    0     0                       0.8105539    0.19464  76.0%     -    2s
H    0     0                       0.8104179    0.19464  76.0%     -    2s
     0     2    0.19467    0  454    0.81042    0.19467  76.0%     -    2s
H   10    10                       0.8073627    0.19489  75.9%  76.3    2s
H   10    10                       0.7339783    0.19489  73.4%  76.3    2s
H   10    10                       0.7263472    0.19489  73.2%  76.3    2s
H   10    10                       0.7231209    0.19489  73.0%  76.3    2s
H   10    10                       0.7173905    0.19489  72.8%  76.3    2s
H   10    10                       0.7164475    0.19489  72.8%  76.3    2s
H   10    10                       0.7107139    0.19489  72.6%  76.3    2s
H   20    20                       0.7083282    0.19489  72.5%   138    2s
H   20    20                       0.7083190    0.19489  72.5%   138    2s
H   20    20                       0.6995569    0.19489  72.1%   138    2s
H   30    30                       0.6951876    0.19489  72.0%   123    3s
H   30    30                       0.6950890    0.19489  72.0%   123    3s
H  186   172                       0.6940358    0.19885  71.3%  68.1    4s
H  186   172                       0.6939988    0.19885  71.3%  68.1    4s
H  196   182                       0.6939937    0.19885  71.3%  66.7    4s
H  274   247                       0.6901851    0.20075  70.9%  60.3    4s
H  274   247                       0.6898160    0.20075  70.9%  60.3    4s
H  274   247                       0.6882805    0.20075  70.8%  60.3    4s
   329   298    0.29292   53  276    0.68828    0.20075  70.8%  60.0    5s
H  384   341                       0.6881813    0.20075  70.8%  55.7    5s
H  384   341                       0.6880462    0.20075  70.8%  55.7    5s
H  384   341                       0.6525043    0.20075  69.2%  55.7    5s
H  384   341                       0.6521599    0.20075  69.2%  55.7    5s
H  384   341                       0.6505522    0.20075  69.1%  55.7    5s
H  384   339                       0.6499854    0.20075  69.1%  55.7    5s
H  396   351                       0.6492278    0.20075  69.1%  58.7    5s
H  406   346                       0.4713739    0.20075  57.4%  59.1    5s
H  406   346                       0.4693764    0.20075  57.2%  59.1    5s
H  557   452                       0.4659876    0.20913  55.1%  59.2   10s
H  567   435                       0.4645103    0.21000  54.8%  58.1   12s
H  567   413                       0.4645054    0.21000  54.8%  58.1   12s
H  571   395                       0.4644668    0.21000  54.8%  57.7   13s
H  571   375                       0.4569231    0.21000  54.0%  57.7   14s
H  571   356                       0.4475594    0.21000  53.1%  57.7   14s
H  571   338                       0.4457375    0.21000  52.9%  57.7   14s
   579   345    0.21384   18  470    0.44574    0.21024  52.8%  92.6   15s
H  580   326                       0.4365137    0.21024  51.8%  92.5   15s
H  585   313                       0.4360800    0.21024  51.8%  96.0   15s
H  612   315                       0.4351528    0.21024  51.7%   107   17s
H  612   300                       0.4339746    0.21024  51.6%   107   17s
H  612   286                       0.4315700    0.21024  51.3%   107   17s
H  612   273                       0.4271237    0.21024  50.8%   107   17s
   669   313    0.39049   63  283    0.42712    0.21024  50.8%   110   20s
   870   389    0.27076   77  256    0.42712    0.21024  50.8%   122   25s
  1134   530    0.30572   55  258    0.42712    0.21224  50.3%   135   30s
  1448   703    0.22019   22  525    0.42712    0.21234  50.3%   143   35s
  1703   876    0.21776   23  510    0.42712    0.21386  49.9%   151   40s
  1973  1102    0.23252   28  464    0.42712    0.21788  49.0%   151   45s
  2209  1299    0.30974   54  292    0.42712    0.21819  48.9%   148   50s
  2507  1526    0.32783   46  433    0.42712    0.21906  48.7%   147   55s
  2795  1746    0.27107   41  368    0.42712    0.21911  48.7%   145   60s
H 2901  1802                       0.4186671    0.21946  47.6%   147   63s
  2901  1804    0.28317   27  379    0.41867    0.21946  47.6%   147   66s
  3031  1901    0.26363   38  386    0.41867    0.21987  47.5%   147   70s
  3274  2089    0.28003   56  341    0.41867    0.22069  47.3%   147   75s
  3696  2408    0.24939   30  408    0.41867    0.22107  47.2%   143   80s
  4211  2794    0.30314   65  323    0.41867    0.22164  47.1%   138   85s
  4548  3024    0.39374   33  396    0.41867    0.22212  46.9%   139   90s
  4879  3257    0.32596   41  345    0.41867    0.22246  46.9%   141   95s
  5101  3418     cutoff   39         0.41867    0.22264  46.8%   140  100s
  5601  3792    0.31987   43  345    0.41867    0.22292  46.8%   136  105s
  5907  4022    0.28537   56  367    0.41867    0.22307  46.7%   135  110s
  6223  4236    0.27665   39  419    0.41867    0.22345  46.6%   135  115s
  6763  4652    0.34310   41  287    0.41867    0.22363  46.6%   132  120s
  7124  4888    0.27949   29  435    0.41867    0.22404  46.5%   132  125s
  7580  5213    0.22883   22  516    0.41867    0.22432  46.4%   131  130s
  8055  5580    0.28480   53  317    0.41867    0.22462  46.3%   130  135s
  8420  5861    0.30025   44  375    0.41867    0.22486  46.3%   129  140s
  9028  6329    0.30621   41  348    0.41867    0.22517  46.2%   126  145s
  9525  6687    0.23191   23  448    0.41867    0.22554  46.1%   124  150s
 10011  7028    0.24191   28  395    0.41867    0.22580  46.1%   123  155s
 10203  7173    0.28330   27  476    0.41867    0.22588  46.0%   123  173s
 10208  7176    0.39075   66  503    0.41867    0.22588  46.0%   123  175s
 10213  7180    0.41402   61  532    0.41867    0.22588  46.0%   123  180s
 10219  7184    0.34448   66  549    0.41867    0.22588  46.0%   123  185s
 10224  7187    0.40476   55  536    0.41867    0.22588  46.0%   123  190s
 10230  7191    0.27230   33  527    0.41867    0.22588  46.0%   123  195s
 10235  7194    0.35431   62  519    0.41867    0.22588  46.0%   123  200s
 10241  7198    0.27788   29  527    0.41867    0.22588  46.0%   123  205s
 10246  7202    0.32365   56  543    0.41867    0.22588  46.0%   123  210s
 10251  7205    0.25944   36  564    0.41867    0.22588  46.0%   122  215s
 10257  7209    0.27276   39  556    0.41867    0.22588  46.0%   122  220s
 10262  7212    0.29019   50  519    0.41867    0.22588  46.0%   122  225s
 10271  7218    0.27412   34  517    0.41867    0.22588  46.0%   122  230s
 10286  7228    0.36558   47  547    0.41867    0.22588  46.0%   122  235s
 10301  7238    0.23349   36  545    0.41867    0.22588  46.0%   122  240s
 10347  7270    0.25339   48  343    0.41867    0.22588  46.0%   130  245s
 10483  7320    0.24244   51  383    0.41867    0.22588  46.0%   130  250s
 10596  7378     cutoff   61         0.41867    0.22588  46.0%   131  255s
 10697  7425    0.26085   54  371    0.41867    0.22588  46.0%   132  260s
 10862  7484    0.25264   59  296    0.41867    0.22588  46.0%   132  265s
 10977  7523    0.26045   56  347    0.41867    0.22588  46.0%   134  270s
 11135  7568    0.22588   34  493    0.41867    0.22588  46.0%   134  275s
 11303  7641    0.22919   39  498    0.41867    0.22588  46.0%   134  280s
 11415  7702    0.25104   48  405    0.41867    0.22588  46.0%   135  285s
 11585  7787    0.22595   35  526    0.41867    0.22588  46.0%   135  290s
 11716  7856    0.31683   79  309    0.41867    0.22588  46.0%   135  295s
 11843  7916    0.26237   46  382    0.41867    0.22588  46.0%   136  300s
 12014  7993    0.28199   89  219    0.41867    0.22588  46.0%   136  305s
 12126  8031    0.22588   33  513    0.41867    0.22588  46.0%   137  310s
 12256  8103    0.27391   59  323    0.41867    0.22588  46.0%   137  315s
H12310  7763                       0.4159373    0.22588  45.7%   137  315s
H12310  7417                       0.4157275    0.22588  45.7%   137  315s
H12310  7087                       0.4139487    0.22588  45.4%   137  315s
H12310  6775                       0.4136921    0.22588  45.4%   137  315s
 12496  6839     cutoff   64         0.41369    0.22588  45.4%   137  320s
 12702  6931    0.40517  107  170    0.41369    0.22588  45.4%   137  325s
 12929  6995    0.26585   50  411    0.41369    0.22588  45.4%   138  330s
 13189  7113    0.23415   36  518    0.41369    0.22588  45.4%   137  335s
 13396  7211    0.36743   64  301    0.41369    0.22588  45.4%   137  340s
 13639  7308    0.22645   37  432    0.41369    0.22588  45.4%   136  345s
H13771  7067                       0.4136921    0.22588  45.4%   136  352s
 13771  7069    0.27458   60  271    0.41369    0.22588  45.4%   136  357s
 13845  7097    0.23643   42  462    0.41369    0.22588  45.4%   136  360s
 14038  7174    0.28874   49  429    0.41369    0.22588  45.4%   137  365s
 14270  7271    0.22588   37  503    0.41369    0.22588  45.4%   137  370s
 14508  7389    0.32200   69  295    0.41369    0.22588  45.4%   137  375s
 14855  7524    0.22628   38  486    0.41369    0.22588  45.4%   136  380s
 15009  7581    0.28098   61  355    0.41369    0.22588  45.4%   137  385s
 15146  7629    0.39130   64  337    0.41369    0.22588  45.4%   138  390s
 15434  7736    0.34978   47  402    0.41369    0.22588  45.4%   137  395s
 15599  7805    0.33343   65  351    0.41369    0.22588  45.4%   138  400s
 15888  7897    0.32558   41  398    0.41369    0.22588  45.4%   138  405s
 16221  8027    0.32547   38  436    0.41369    0.22588  45.4%   137  410s
 16510  8159    0.31736   39  431    0.41369    0.22588  45.4%   137  415s
 16860  8290    0.23020   40  477    0.41369    0.22588  45.4%   136  420s
 17088  8396    0.27016   42  408    0.41369    0.22588  45.4%   136  425s
 17350  8498    0.31709   41  424    0.41369    0.22588  45.4%   136  430s
 17597  8600    0.28682   54  400    0.41369    0.22588  45.4%   137  435s
 17904  8687    0.23250   35  542    0.41369    0.22588  45.4%   137  440s
 18246  8841    0.35535   45  351    0.41369    0.22588  45.4%   136  445s
 18572  8962    0.24319   38  502    0.41369    0.22591  45.4%   136  450s
 18712  9008    0.24306   47  426    0.41369    0.22595  45.4%   136  455s
 18996  9097    0.23553   41  459    0.41369    0.22612  45.3%   135  460s
 19308  9226    0.34467   48  415    0.41369    0.22631  45.3%   135  465s
 19551  9308    0.36881   53  329    0.41369    0.22646  45.3%   136  470s
 19850  9415    0.23469   46  402    0.41369    0.22669  45.2%   136  475s
 20200  9587    0.31382   68  279    0.41369    0.22684  45.2%   136  480s
 20507  9687    0.24124   40  451    0.41369    0.22698  45.1%   135  485s
 20869  9840    0.25764   40  442    0.41369    0.22712  45.1%   135  490s
 21200  9994    0.23423   36  487    0.41369    0.22718  45.1%   134  495s
 21460 10088    0.26311   44  356    0.41369    0.22729  45.1%   134  500s
 21794 10211    0.23062   39  494    0.41369    0.22750  45.0%   134  505s
 22037 10326    0.38605   65  350    0.41369    0.22759  45.0%   134  510s
 22391 10471     cutoff   62         0.41369    0.22773  45.0%   134  515s
 22654 10572    0.34523   54  366    0.41369    0.22786  44.9%   134  520s
 22997 10708    0.24104   43  429    0.41369    0.22807  44.9%   133  525s
 23259 10793    0.24771   42  441    0.41369    0.22826  44.8%   133  530s
 23575 10921    0.34391   64  321    0.41369    0.22845  44.8%   133  535s
 23913 11047    0.27336   49  414    0.41369    0.22873  44.7%   133  540s
 24213 11194    0.39340   42  387    0.41369    0.22886  44.7%   133  545s
 24551 11298    0.23116   39  526    0.41369    0.22902  44.6%   132  550s
 24799 11391    0.32015   43  414    0.41369    0.22921  44.6%   133  555s
 25091 11509    0.29008   46  409    0.41369    0.22929  44.6%   132  560s
 25348 11608    0.27485   54  377    0.41369    0.22934  44.6%   132  565s
 25550 11697    0.38681   49  411    0.41369    0.22943  44.5%   133  570s
 25856 11793    0.27622   46  412    0.41369    0.22953  44.5%   133  575s
 26110 11890    0.25542   55  319    0.41369    0.22975  44.5%   133  580s
H26156 11620                       0.4131426    0.22976  44.4%   133  583s
H26156 11580                       0.4120501    0.22976  44.2%   133  583s
 26183 11600    0.29610   56  406    0.41205    0.22978  44.2%   133  585s
 26503 11845    0.35168   67  317    0.41205    0.22984  44.2%   133  590s
 26919 12162    0.31477   79  298    0.41205    0.22999  44.2%   132  595s
 27246 12399    0.23812   39  486    0.41205    0.23013  44.1%   132  600s
 27439 12532    0.25050   48  431    0.41205    0.23020  44.1%   132  605s
 27826 12814    0.23916   39  502    0.41205    0.23035  44.1%   131  610s
 28095 13002    0.28835   57  336    0.41205    0.23041  44.1%   131  615s
 28428 13263    0.34901   56  338    0.41205    0.23050  44.1%   131  620s
 28736 13500    0.40392   46  424    0.41205    0.23060  44.0%   131  629s
 28766 13520    0.39293   63  360    0.41205    0.23061  44.0%   131  630s
 29082 13762    0.28960   59  346    0.41205    0.23065  44.0%   130  635s
 29395 13968    0.29987   47  358    0.41205    0.23074  44.0%   130  640s
 29730 14223    0.27758   53  367    0.41205    0.23086  44.0%   130  645s
 30041 14428 infeasible   45         0.41205    0.23094  44.0%   130  650s
 30296 14617    0.31874   66  311    0.41205    0.23106  43.9%   130  655s
 30606 14828    0.24111   46  398    0.41205    0.23108  43.9%   130  660s
 30898 15058    0.31081   59  338    0.41205    0.23112  43.9%   130  665s
 31339 15399    0.37603   55  336    0.41205    0.23122  43.9%   129  670s
 31630 15631    0.33787   73  352    0.41205    0.23129  43.9%   129  675s
 31966 15882    0.31406   83  241    0.41205    0.23136  43.9%   129  680s
 32353 16162    0.24664   37  445    0.41205    0.23143  43.8%   129  685s
 32620 16351    0.37098   56  332    0.41205    0.23144  43.8%   129  690s
 32992 16648    0.36917   94  181    0.41205    0.23152  43.8%   128  695s
 33261 16827    0.25124   38  464    0.41205    0.23161  43.8%   129  700s
 33580 17065    0.39033   71  299    0.41205    0.23165  43.8%   128  705s
 33874 17269    0.31177   46  384    0.41205    0.23170  43.8%   129  710s
 34143 17466    0.35303   80  291    0.41205    0.23176  43.8%   128  715s
 34399 17648    0.26111   40  414    0.41205    0.23182  43.7%   129  720s
 34816 17932    0.31257   52  411    0.41205    0.23190  43.7%   128  725s
 35097 18131    0.29634   74  275    0.41205    0.23195  43.7%   128  730s
 35516 18433    0.36273   74  334    0.41205    0.23200  43.7%   128  735s
 35815 18633    0.28422   44  423    0.41205    0.23206  43.7%   128  740s
 36125 18858    0.24356   47  416    0.41205    0.23214  43.7%   128  745s
 36331 18986    0.27210   51  383    0.41205    0.23223  43.6%   128  750s
 36593 19186    0.32154   43  403    0.41205    0.23233  43.6%   128  755s
 36891 19389     cutoff   42         0.41205    0.23244  43.6%   128  760s
 37215 19640    0.27453   61  262    0.41205    0.23252  43.6%   128  765s
 37582 19896    0.28528   82  255    0.41205    0.23262  43.5%   127  770s
 37988 20209    0.29886   50  387    0.41205    0.23267  43.5%   127  775s
 38264 20400     cutoff   68         0.41205    0.23273  43.5%   127  780s
 38525 20583    0.40809   69  364    0.41205    0.23276  43.5%   127  785s
 38904 20845    0.29314   43  410    0.41205    0.23285  43.5%   126  790s
 39202 21060    0.36107   55  371    0.41205    0.23291  43.5%   126  795s
 39522 21284    0.25434   38  451    0.41205    0.23297  43.5%   127  800s
 39844 21518    0.33657   45  401    0.41205    0.23305  43.4%   127  805s
 40183 21754 infeasible   89         0.41205    0.23310  43.4%   127  810s
 40586 22031    0.39434   60  378    0.41205    0.23319  43.4%   126  815s
 40946 22238    0.25390   46  371    0.41205    0.23331  43.4%   126  820s
 41302 22502    0.36230   55  407    0.41205    0.23335  43.4%   126  825s
 41599 22729    0.31313   62  355    0.41205    0.23342  43.4%   126  830s
 42036 23066    0.33555   52  350    0.41205    0.23351  43.3%   126  835s
 42422 23343    0.27047   46  409    0.41205    0.23356  43.3%   126  840s
 42745 23595    0.31483   78  341    0.41205    0.23363  43.3%   126  845s
 43107 23849    0.34508   89  289    0.41205    0.23372  43.3%   126  850s
 43458 24075    0.39260   72  367    0.41205    0.23375  43.3%   126  855s
 43872 24356    0.27390   47  419    0.41205    0.23385  43.2%   125  860s
 44193 24598    0.32007   41  483    0.41205    0.23392  43.2%   125  865s
 44581 24860    0.30495   46  393    0.41205    0.23398  43.2%   125  870s
 44964 25113    0.26727   50  443    0.41205    0.23402  43.2%   125  875s
 45211 25283    0.31436   63  301    0.41205    0.23407  43.2%   125  880s
 45654 25619    0.31956   47  361    0.41205    0.23416  43.2%   125  885s
 46076 25913    0.39020   55  404    0.41205    0.23417  43.2%   124  890s
 46411 26151    0.26376   42  452    0.41205    0.23427  43.1%   124  895s
 46825 26450    0.24340   43  398    0.41205    0.23434  43.1%   124  900s
 47203 26723     cutoff   73         0.41205    0.23438  43.1%   124  905s
 47577 26989    0.32215   61  341    0.41205    0.23444  43.1%   124  910s
 47936 27247    0.26453   63  392    0.41205    0.23447  43.1%   124  915s
 48231 27451 infeasible   53         0.41205    0.23453  43.1%   124  920s
 48481 27617 infeasible   46         0.41205    0.23458  43.1%   124  925s
 48773 27819    0.24933   47  420    0.41205    0.23464  43.1%   124  930s
 49121 28067    0.36558   76  327    0.41205    0.23466  43.1%   124  935s
 49279 28140    0.37352   39  445    0.41205    0.23466  43.1%   124  940s
 49518 28299    0.25819   38  458    0.41205    0.23467  43.0%   125  945s
 49804 28506    0.34640   59  361    0.41205    0.23470  43.0%   125  950s
 50220 28835    0.33148   56  357    0.41205    0.23474  43.0%   124  955s
 50562 29093    0.29837   60  407    0.41205    0.23477  43.0%   124  960s
 50930 29350    0.25696   55  368    0.41205    0.23481  43.0%   124  965s
 51296 29623    0.34496   44  352    0.41205    0.23486  43.0%   124  970s
 51585 29786    0.26742   40  451    0.41205    0.23489  43.0%   124  975s
 51898 30021    0.27386   46  429    0.41205    0.23493  43.0%   124  980s
 52299 30324    0.27749   70  331    0.41205    0.23497  43.0%   124  985s
 52687 30609    0.24477   46  446    0.41205    0.23499  43.0%   123  990s
 53126 30914    0.23797   43  495    0.41205    0.23506  43.0%   123  995s
 53423 31131    0.31991   48  426    0.41205    0.23509  42.9%   123 1000s
 53845 31440    0.23834   44  472    0.41205    0.23515  42.9%   123 1005s
 54193 31669    0.30077   42  436    0.41205    0.23520  42.9%   123 1010s
 54499 31910    0.29627   69  347    0.41205    0.23523  42.9%   123 1015s
 54879 32204    0.33741   48  422    0.41205    0.23530  42.9%   123 1020s
 55304 32500    0.26135   48  413    0.41205    0.23536  42.9%   123 1025s
 55732 32839    0.35374   70  309    0.41205    0.23539  42.9%   122 1030s
 56107 33104    0.24939   50  364    0.41205    0.23541  42.9%   122 1035s
 56488 33387    0.39937  147   25    0.41205    0.23543  42.9%   122 1040s
*56497 32986             156       0.4038844    0.23543  41.7%   122 1040s
H56502 32196                       0.3960729    0.23543  40.6%   122 1040s
H56502 31999                       0.3945580    0.23543  40.3%   122 1040s
H56502 31926                       0.3940340    0.23543  40.3%   122 1040s
H56502 31924                       0.3940122    0.23543  40.2%   122 1040s
H56502 31779                       0.3931325    0.23543  40.1%   122 1040s
H56502 31773                       0.3931110    0.23543  40.1%   122 1040s
 56955 32090    0.26178   39  486    0.39311    0.23546  40.1%   122 1045s
 57364 32409    0.32756   89  234    0.39311    0.23552  40.1%   122 1050s
 57822 32699    0.27882   46  395    0.39311    0.23563  40.1%   122 1055s
 58177 32969    0.38189   44  356    0.39311    0.23569  40.0%   121 1060s
 58492 33159    0.25705   38  461    0.39311    0.23571  40.0%   122 1065s
 58812 33383    0.28700   84  232    0.39311    0.23578  40.0%   122 1070s
 59150 33600    0.24934   44  396    0.39311    0.23580  40.0%   122 1075s
H59406 33669                       0.3921652    0.23581  39.9%   122 1078s
H59406 33585                       0.3916554    0.23581  39.8%   122 1078s
H59406 33546                       0.3914180    0.23581  39.8%   122 1078s
H59406 33530                       0.3913102    0.23581  39.7%   122 1078s
 59451 33561 infeasible   59         0.39131    0.23581  39.7%   122 1080s
 59744 33757    0.27097   57  394    0.39131    0.23583  39.7%   122 1085s
H59791 33786                       0.3912859    0.23583  39.7%   122 1085s
 60016 33893    0.26859   46  476    0.39129    0.23588  39.7%   122 1090s
 60285 34085    0.31519   87  148    0.39129    0.23590  39.7%   122 1095s
H60324 33302                       0.3863234    0.23591  38.9%   122 1096s
 60592 33495    0.32910   64  345    0.38632    0.23594  38.9%   122 1100s
 60945 33739    0.25355   44  471    0.38632    0.23598  38.9%   122 1105s
H61137 32988                       0.3812207    0.23605  38.1%   122 1108s
H61137 32797                       0.3800434    0.23605  37.9%   122 1108s
H61137 32641                       0.3791568    0.23605  37.7%   122 1108s
H61137 32463                       0.3779822    0.23605  37.5%   122 1108s
 61253 32544    0.24311   40  391    0.37798    0.23606  37.5%   122 1110s
H61404 32618                       0.3778041    0.23607  37.5%   122 1111s
H61404 32467                       0.3771001    0.23607  37.4%   122 1111s
H61404 32460                       0.3770769    0.23607  37.4%   122 1111s
H61404 32426                       0.3768117    0.23607  37.3%   122 1111s
 61595 32558    0.24271   34  547    0.37681    0.23609  37.3%   122 1115s
 61979 32854 infeasible   91         0.37681    0.23614  37.3%   122 1120s
 62362 33096    0.29678   83  252    0.37681    0.23618  37.3%   122 1125s
 62763 33396    0.36314   70  293    0.37681    0.23625  37.3%   121 1130s
H62869 33428                       0.3766756    0.23626  37.3%   121 1131s
 62978 33509    0.25729   49  435    0.37668    0.23628  37.3%   121 1135s
 63310 33719    0.33908   47  405    0.37668    0.23629  37.3%   122 1140s
 63649 33946    0.28400   53  354    0.37668    0.23634  37.3%   122 1145s
 64022 34218    0.23671   40  541    0.37668    0.23637  37.2%   121 1150s
 64374 34456    0.26009   58  324    0.37668    0.23639  37.2%   121 1155s
 64719 34721    0.24750   46  415    0.37668    0.23641  37.2%   121 1160s
 65050 34936    0.28448   47  433    0.37668    0.23646  37.2%   121 1165s
 65374 35139    0.30868   48  414    0.37668    0.23655  37.2%   121 1170s
 65687 35339    0.34152   71  385    0.37668    0.23656  37.2%   121 1175s
H65711 35312                       0.3764377    0.23656  37.2%   121 1176s
 65946 35456    0.26467   47  437    0.37644    0.23660  37.1%   121 1180s
 66313 35697    0.34388   88  208    0.37644    0.23666  37.1%   121 1185s
 66730 35996    0.24314   42  426    0.37644    0.23668  37.1%   121 1190s

Cutting planes:
  Learned: 97
  Gomory: 5
  Cover: 153
  Implied bound: 594
  Projected implied bound: 258
  Clique: 97
  MIR: 1648
  Mixing: 6
  StrongCG: 133
  Flow cover: 3148
  GUB cover: 7
  Inf proof: 18
  Zero half: 64
  Mod-K: 1
  RLT: 51
  Relax-and-lift: 142
  BQP: 29
  PSD: 2

Explored 66998 nodes (8130605 simplex iterations) in 1194.94 seconds (2188.51 work units)
Thread count was 1 (of 20 available processors)

Solution count 10: 0.376438 0.376676 0.376812 ... 0.381221

Time limit reached
Best objective 3.764376942569e-01, best bound 2.367271144195e-01, gap 37.1139%

User-callback calls 439378, time in user-callback 0.17 sec
