
Gurobi 13.0.2 (win64) logging started Sat Aug  8 14:51:51 2026

Set parameter LogFile to value "E:\codes\ExactEBRP\results\gf_c6_documentation_hga_round34\runs\v10__round33_v10_moderate_M2_Q30_seed763364383__c6_simple_start__3600s\native.log"
Set parameter Threads to value 1
Set parameter Presolve to value -1
Set parameter Seed to value 0
Set parameter MIPGap to value 0
Set parameter MIPGapAbs to value 0
Warning: unknown variable 'r_max' in bounds section (line 4783)
Warning: unknown variable 'r_min' in bounds section (line 4784)
Read LP format model from file E:\codes\ExactEBRP\results\gf_c6_documentation_hga_round34\runs\v10__round33_v10_moderate_M2_Q30_seed763364383__c6_simple_start__3600s\external\models\L0.lp
Reading time = 0.01 seconds
obj: 4269 rows, 761 columns, 30504 nonzeros
Set parameter TimeLimit to value 3584.9408762
Warning: unknown variable 'r_max' in bounds section (line 4783)
Warning: unknown variable 'r_min' in bounds section (line 4784)
Read LP format model from file E:\codes\ExactEBRP\results\gf_c6_documentation_hga_round34\runs\v10__round33_v10_moderate_M2_Q30_seed763364383__c6_simple_start__3600s\external\models\L1.lp
Reading time = 0.01 seconds
obj: 4269 rows, 761 columns, 30626 nonzeros
Set parameter TimeLimit to value 3584.6163423
Warning: unknown variable 'r_max' in bounds section (line 4783)
Warning: unknown variable 'r_min' in bounds section (line 4784)
Read LP format model from file E:\codes\ExactEBRP\results\gf_c6_documentation_hga_round34\runs\v10__round33_v10_moderate_M2_Q30_seed763364383__c6_simple_start__3600s\external\models\L0.0.lp
Reading time = 0.01 seconds
obj: 4269 rows, 761 columns, 30504 nonzeros
Set parameter TimeLimit to value 3584.5108971
Warning: unknown variable 'r_max' in bounds section (line 4783)
Warning: unknown variable 'r_min' in bounds section (line 4784)
Read LP format model from file E:\codes\ExactEBRP\results\gf_c6_documentation_hga_round34\runs\v10__round33_v10_moderate_M2_Q30_seed763364383__c6_simple_start__3600s\external\models\L0.1.lp
Reading time = 0.01 seconds
obj: 4269 rows, 761 columns, 30626 nonzeros
Set parameter TimeLimit to value 3584.3989443
Warning: unknown variable 'r_max' in bounds section (line 4783)
Warning: unknown variable 'r_min' in bounds section (line 4784)
Read LP format model from file E:\codes\ExactEBRP\results\gf_c6_documentation_hga_round34\runs\v10__round33_v10_moderate_M2_Q30_seed763364383__c6_simple_start__3600s\external\models\L2.lp
Reading time = 0.01 seconds
obj: 4269 rows, 761 columns, 30626 nonzeros
Set parameter TimeLimit to value 3573.256924
Warning: unknown variable 'r_max' in bounds section (line 4783)
Warning: unknown variable 'r_min' in bounds section (line 4784)
Read LP format model from file E:\codes\ExactEBRP\results\gf_c6_documentation_hga_round34\runs\v10__round33_v10_moderate_M2_Q30_seed763364383__c6_simple_start__3600s\external\models\L1.0.lp
Reading time = 0.01 seconds
obj: 4269 rows, 761 columns, 30626 nonzeros
Set parameter TimeLimit to value 3573.1551354
Warning: unknown variable 'r_max' in bounds section (line 4783)
Warning: unknown variable 'r_min' in bounds section (line 4784)
Read LP format model from file E:\codes\ExactEBRP\results\gf_c6_documentation_hga_round34\runs\v10__round33_v10_moderate_M2_Q30_seed763364383__c6_simple_start__3600s\external\models\L1.1.lp
Reading time = 0.01 seconds
obj: 4269 rows, 761 columns, 30626 nonzeros
Set parameter TimeLimit to value 3573.0537619
Warning: unknown variable 'r_max' in bounds section (line 4783)
Warning: unknown variable 'r_min' in bounds section (line 4784)
Read LP format model from file E:\codes\ExactEBRP\results\gf_c6_documentation_hga_round34\runs\v10__round33_v10_moderate_M2_Q30_seed763364383__c6_simple_start__3600s\external\models\L2.0.lp
Reading time = 0.01 seconds
obj: 4269 rows, 761 columns, 30626 nonzeros
Set parameter TimeLimit to value 3564.5126993
Warning: unknown variable 'r_max' in bounds section (line 4784)
Warning: unknown variable 'r_min' in bounds section (line 4785)
Read LP format model from file E:\codes\ExactEBRP\results\gf_c6_documentation_hga_round34\runs\v10__round33_v10_moderate_M2_Q30_seed763364383__c6_simple_start__3600s\external\models\L2.1.lp
Reading time = 0.01 seconds
obj: 4270 rows, 761 columns, 30630 nonzeros
Set parameter TimeLimit to value 3564.4161938
