
Gurobi 13.0.2 (win64) logging started Mon Aug 24 17:40:26 2026

Set parameter LogFile to value "E:\codes\ExactEBRP\results\gf_k1_amf_formulation_rescue_round48\runs\stage3_300s__round39_small_hard_V12_M2_Q20_slot06_seed258908503__K1-AMF\native.log"
Set parameter Threads to value 1
Set parameter Presolve to value -1
Set parameter Seed to value 0
Set parameter MIPGap to value 0
Set parameter MIPGapAbs to value 0
Warning: unknown variable 'r_max' in bounds section (line 11959)
Warning: unknown variable 'r_min' in bounds section (line 11960)
Read LP format model from file E:\codes\ExactEBRP\results\gf_k1_amf_formulation_rescue_round48\runs\stage3_300s__round39_small_hard_V12_M2_Q20_slot06_seed258908503__K1-AMF\external\models\L0.lp
Reading time = 0.03 seconds
obj: 11288 rows, 1016 columns, 112427 nonzeros
Set parameter TimeLimit to value 279.2784246
Warning: unknown variable 'r_max' in bounds section (line 11959)
Warning: unknown variable 'r_min' in bounds section (line 11960)
Read LP format model from file E:\codes\ExactEBRP\results\gf_k1_amf_formulation_rescue_round48\runs\stage3_300s__round39_small_hard_V12_M2_Q20_slot06_seed258908503__K1-AMF\external\models\L0.0.lp
Reading time = 0.03 seconds
obj: 11288 rows, 1016 columns, 112427 nonzeros
Set parameter TimeLimit to value 279.0129129
Warning: unknown variable 'r_max' in bounds section (line 11959)
Warning: unknown variable 'r_min' in bounds section (line 11960)
Read LP format model from file E:\codes\ExactEBRP\results\gf_k1_amf_formulation_rescue_round48\runs\stage3_300s__round39_small_hard_V12_M2_Q20_slot06_seed258908503__K1-AMF\external\models\L0.1.lp
Reading time = 0.03 seconds
obj: 11288 rows, 1016 columns, 112569 nonzeros
Set parameter TimeLimit to value 278.7495058
