
Gurobi 13.0.2 (win64) logging started Sat Jul 25 00:21:40 2026

Set parameter LogFile to value "E:\codes\ExactEBRP\results\gf_nonblocking_gurobi_c6_round31\runs\stage3__round31_sealed_tight_T_V50_seed1973327304__c5_candidate__300s\native.log"
Set parameter Threads to value 1
Set parameter Presolve to value -1
Set parameter Seed to value 0
Set parameter MIPGap to value 0
Set parameter MIPGapAbs to value 0
Warning: unknown variable 'r_max' in bounds section (line 103377)
Warning: unknown variable 'r_min' in bounds section (line 103378)
Read LP format model from file E:\codes\ExactEBRP\results\gf_nonblocking_gurobi_c6_round31\runs\stage3__round31_sealed_tight_T_V50_seed1973327304__c5_candidate__300s\external\models\L0.lp
Reading time = 0.23 seconds
obj: 93031 rows, 18193 columns, 665285 nonzeros
Set parameter TimeLimit to value 2.5381371430000002e+02
Warning: unknown variable 'r_max' in bounds section (line 103377)
Warning: unknown variable 'r_min' in bounds section (line 103378)
Read LP format model from file E:\codes\ExactEBRP\results\gf_nonblocking_gurobi_c6_round31\runs\stage3__round31_sealed_tight_T_V50_seed1973327304__c5_candidate__300s\external\models\L0.0.lp
Reading time = 0.22 seconds
obj: 93031 rows, 18193 columns, 665285 nonzeros
Set parameter TimeLimit to value 249.575723
Warning: unknown variable 'r_max' in bounds section (line 103378)
Warning: unknown variable 'r_min' in bounds section (line 103379)
Read LP format model from file E:\codes\ExactEBRP\results\gf_nonblocking_gurobi_c6_round31\runs\stage3__round31_sealed_tight_T_V50_seed1973327304__c5_candidate__300s\external\models\L0.1.lp
Reading time = 0.22 seconds
obj: 93032 rows, 18193 columns, 665905 nonzeros
Set parameter TimeLimit to value 239.3473276
Warning: unknown variable 'r_max' in bounds section (line 103378)
Warning: unknown variable 'r_min' in bounds section (line 103379)
Read LP format model from file E:\codes\ExactEBRP\results\gf_nonblocking_gurobi_c6_round31\runs\stage3__round31_sealed_tight_T_V50_seed1973327304__c5_candidate__300s\external\models\L1.lp
Reading time = 0.23 seconds
obj: 93032 rows, 18193 columns, 665905 nonzeros
Set parameter TimeLimit to value 234.7918004
Warning: unknown variable 'r_max' in bounds section (line 103378)
Warning: unknown variable 'r_min' in bounds section (line 103379)
Read LP format model from file E:\codes\ExactEBRP\results\gf_nonblocking_gurobi_c6_round31\runs\stage3__round31_sealed_tight_T_V50_seed1973327304__c5_candidate__300s\external\models\L1.0.lp
Reading time = 0.22 seconds
obj: 93032 rows, 18193 columns, 665905 nonzeros
Set parameter TimeLimit to value 231.0282713
Warning: unknown variable 'r_max' in bounds section (line 103378)
Warning: unknown variable 'r_min' in bounds section (line 103379)
Read LP format model from file E:\codes\ExactEBRP\results\gf_nonblocking_gurobi_c6_round31\runs\stage3__round31_sealed_tight_T_V50_seed1973327304__c5_candidate__300s\external\models\L1.1.lp
Reading time = 0.22 seconds
obj: 93032 rows, 18193 columns, 665905 nonzeros
Set parameter TimeLimit to value 226.9468584
