
Gurobi 13.0.2 (win64) logging started Fri Aug  7 22:10:27 2026

Set parameter LogFile to value "E:\codes\ExactEBRP\results\gf_v10_convergence_round33\runs\stage1__round33_v10_moderate_M3_Q30_seed2031960658__c6_frozen__3600s\external\native_logs\L2.0_c6_1_next_leaf_target_mip.gurobi.log"
Gurobi Optimizer version 13.0.2 build v13.0.2rc1 (win64 - Windows 10.0 (19045.2))

CPU model: 12th Gen Intel(R) Core(TM) i7-12700KF, instruction set [SSE2|AVX|AVX2]
Thread count: 12 physical cores, 20 logical processors, using up to 1 threads

Non-default parameters:
TimeLimit  3577.8785422
MIPGap  0
MIPGapAbs  0
LogToConsole  0
Threads  1

Optimize a model with 5980 rows, 1037 columns and 44224 nonzeros (Min)
Model fingerprint: 0xf551bf34
Model has 11 linear objective coefficients
Variable types: 493 continuous, 544 integer (444 binary)
Coefficient statistics:
  Matrix range     [9e-03, 1e+05]
  Objective range  [9e-03, 1e+00]
  Bounds range     [8e-02, 5e+01]
  RHS range        [8e-02, 1e+06]

Presolve removed 1109 rows and 79 columns
Presolve time: 0.20s
Presolved: 4871 rows, 958 columns, 54698 nonzeros
Variable types: 454 continuous, 504 integer (417 binary)

Root relaxation: objective 1.474707e-01, 561 iterations, 0.04 seconds (0.09 work units)

    Nodes    |    Current Node    |     Objective Bounds      |     Work
 Expl Unexpl |  Obj  Depth IntInf | Incumbent    BestBd   Gap | It/Node Time

     0     0    0.14747    0   93          -    0.14747      -     -    0s
     0     0    0.14747    0   84          -    0.14747      -     -    0s
     0     0    0.14747    0   76          -    0.14747      -     -    0s
     0     0    0.14752    0   99          -    0.14752      -     -    0s
     0     0    0.14752    0   70          -    0.14752      -     -    0s
     0     0    0.14765    0   73          -    0.14765      -     -    0s

Cutting planes:
  Learned: 3
  Gomory: 3
  Lift-and-project: 4
  Cover: 3
  Implied bound: 22
  Clique: 1
  MIR: 4
  StrongCG: 1
  Flow cover: 8
  GUB cover: 1
  Relax-and-lift: 2

Explored 1 nodes (3361 simplex iterations) in 0.71 seconds (1.24 work units)
Thread count was 1 (of 20 available processors)

Solution count 0

Solve interrupted
Best objective -, best bound 1.476469582321e-01, gap -

User-callback calls 952, time in user-callback 0.00 sec
