
Gurobi 13.0.2 (win64) logging started Fri Aug  7 22:10:27 2026

Set parameter LogFile to value "E:\codes\ExactEBRP\results\gf_v10_convergence_round33\runs\stage1__round33_v10_moderate_M3_Q30_seed2031960658__c6_frozen__3600s\external\native_logs\L2.0_lp.gurobi.log"
Gurobi Optimizer version 13.0.2 build v13.0.2rc1 (win64 - Windows 10.0 (19045.2))

CPU model: 12th Gen Intel(R) Core(TM) i7-12700KF, instruction set [SSE2|AVX|AVX2]
Thread count: 12 physical cores, 20 logical processors, using up to 1 threads

Non-default parameters:
TimeLimit  3578.0628663
MIPGap  0
MIPGapAbs  0
LogToConsole  0
Threads  1

Optimize a model with 5980 rows, 1037 columns and 44224 nonzeros (Min)
Model fingerprint: 0x7aec3b0f
Model has 11 linear objective coefficients
Coefficient statistics:
  Matrix range     [9e-03, 1e+05]
  Objective range  [9e-03, 1e+00]
  Bounds range     [8e-02, 5e+01]
  RHS range        [8e-02, 1e+06]

Presolve removed 574 rows and 54 columns
Presolve time: 0.02s
Presolved: 5406 rows, 988 columns, 41689 nonzeros

Iteration    Objective       Primal Inf.    Dual Inf.      Time
       0    7.6970231e-02   1.058252e+02   0.000000e+00      0s
     633    1.4566451e-01   0.000000e+00   0.000000e+00      0s

Solved in 633 iterations and 0.04 seconds (0.11 work units)
Optimal objective  1.456645059e-01

User-callback calls 776, time in user-callback 0.00 sec
