
Gurobi 13.0.2 (win64) logging started Sat Aug  8 14:47:07 2026

Set parameter LogFile to value "E:\codes\ExactEBRP\results\gf_c6_documentation_hga_round34\runs\v10__round33_v10_tight_T_M1_Q20_seed1215342007__c6_hga_full__3600s\native.log"
Set parameter Threads to value 1
Set parameter Presolve to value -1
Set parameter Seed to value 0
Set parameter MIPGap to value 0
Set parameter MIPGapAbs to value 0
Warning: unknown variable 'r_max' in bounds section (line 2908)
Warning: unknown variable 'r_min' in bounds section (line 2909)
Read LP format model from file E:\codes\ExactEBRP\results\gf_c6_documentation_hga_round34\runs\v10__round33_v10_tight_T_M1_Q20_seed1215342007__c6_hga_full__3600s\external\models\L0.lp
Reading time = 0.01 seconds
obj: 2552 rows, 483 columns, 16927 nonzeros
Set parameter TimeLimit to value 3583.8209565
Warning: unknown variable 'r_max' in bounds section (line 2908)
Warning: unknown variable 'r_min' in bounds section (line 2909)
Read LP format model from file E:\codes\ExactEBRP\results\gf_c6_documentation_hga_round34\runs\v10__round33_v10_tight_T_M1_Q20_seed1215342007__c6_hga_full__3600s\external\models\L1.lp
Reading time = 0.01 seconds
obj: 2552 rows, 483 columns, 17051 nonzeros
Set parameter TimeLimit to value 3583.7630698
Warning: unknown variable 'r_max' in bounds section (line 2908)
Warning: unknown variable 'r_min' in bounds section (line 2909)
Read LP format model from file E:\codes\ExactEBRP\results\gf_c6_documentation_hga_round34\runs\v10__round33_v10_tight_T_M1_Q20_seed1215342007__c6_hga_full__3600s\external\models\L2.lp
Reading time = 0.00 seconds
obj: 2552 rows, 483 columns, 17051 nonzeros
Set parameter TimeLimit to value 3583.7035884
Warning: unknown variable 'r_max' in bounds section (line 2908)
Warning: unknown variable 'r_min' in bounds section (line 2909)
Warning: Numeric variable name in LP file ('0') - often the result
         of a constant term in the left-hand side of a constraint.

Read LP format model from file E:\codes\ExactEBRP\results\gf_c6_documentation_hga_round34\runs\v10__round33_v10_tight_T_M1_Q20_seed1215342007__c6_hga_full__3600s\external\models\L3.lp
Reading time = 0.01 seconds
obj: 2552 rows, 484 columns, 16960 nonzeros
Set parameter TimeLimit to value 3583.6620364
Warning: unknown variable 'r_max' in bounds section (line 2908)
Warning: unknown variable 'r_min' in bounds section (line 2909)
Read LP format model from file E:\codes\ExactEBRP\results\gf_c6_documentation_hga_round34\runs\v10__round33_v10_tight_T_M1_Q20_seed1215342007__c6_hga_full__3600s\external\models\L1.0.lp
Reading time = 0.00 seconds
obj: 2552 rows, 483 columns, 17051 nonzeros
Set parameter TimeLimit to value 3583.6177756
Warning: unknown variable 'r_max' in bounds section (line 2908)
Warning: unknown variable 'r_min' in bounds section (line 2909)
Read LP format model from file E:\codes\ExactEBRP\results\gf_c6_documentation_hga_round34\runs\v10__round33_v10_tight_T_M1_Q20_seed1215342007__c6_hga_full__3600s\external\models\L1.1.lp
Reading time = 0.00 seconds
obj: 2552 rows, 483 columns, 17051 nonzeros
Set parameter TimeLimit to value 3583.5616601
Warning: unknown variable 'r_max' in bounds section (line 2908)
Warning: unknown variable 'r_min' in bounds section (line 2909)
Read LP format model from file E:\codes\ExactEBRP\results\gf_c6_documentation_hga_round34\runs\v10__round33_v10_tight_T_M1_Q20_seed1215342007__c6_hga_full__3600s\external\models\L1.1.0.lp
Reading time = 0.01 seconds
obj: 2552 rows, 483 columns, 17051 nonzeros
Set parameter TimeLimit to value 3583.5012617
Warning: unknown variable 'r_max' in bounds section (line 2908)
Warning: unknown variable 'r_min' in bounds section (line 2909)
Read LP format model from file E:\codes\ExactEBRP\results\gf_c6_documentation_hga_round34\runs\v10__round33_v10_tight_T_M1_Q20_seed1215342007__c6_hga_full__3600s\external\models\L1.1.1.lp
Reading time = 0.01 seconds
obj: 2552 rows, 483 columns, 17051 nonzeros
Set parameter TimeLimit to value 3583.4401152
Warning: unknown variable 'r_max' in bounds section (line 2908)
Warning: unknown variable 'r_min' in bounds section (line 2909)
Read LP format model from file E:\codes\ExactEBRP\results\gf_c6_documentation_hga_round34\runs\v10__round33_v10_tight_T_M1_Q20_seed1215342007__c6_hga_full__3600s\external\models\L1.1.1.0.lp
Reading time = 0.01 seconds
obj: 2552 rows, 483 columns, 17051 nonzeros
Set parameter TimeLimit to value 3583.3266481
Warning: unknown variable 'r_max' in bounds section (line 2908)
Warning: unknown variable 'r_min' in bounds section (line 2909)
Read LP format model from file E:\codes\ExactEBRP\results\gf_c6_documentation_hga_round34\runs\v10__round33_v10_tight_T_M1_Q20_seed1215342007__c6_hga_full__3600s\external\models\L1.1.1.1.lp
Reading time = 0.00 seconds
obj: 2552 rows, 483 columns, 17051 nonzeros
Set parameter TimeLimit to value 3583.2683551
Warning: unknown variable 'r_max' in bounds section (line 2908)
Warning: unknown variable 'r_min' in bounds section (line 2909)
Read LP format model from file E:\codes\ExactEBRP\results\gf_c6_documentation_hga_round34\runs\v10__round33_v10_tight_T_M1_Q20_seed1215342007__c6_hga_full__3600s\external\models\L1.1.1.0.0.lp
Reading time = 0.01 seconds
obj: 2552 rows, 483 columns, 17051 nonzeros
Set parameter TimeLimit to value 3583.206653
Warning: unknown variable 'r_max' in bounds section (line 2908)
Warning: unknown variable 'r_min' in bounds section (line 2909)
Read LP format model from file E:\codes\ExactEBRP\results\gf_c6_documentation_hga_round34\runs\v10__round33_v10_tight_T_M1_Q20_seed1215342007__c6_hga_full__3600s\external\models\L1.1.1.0.1.lp
Reading time = 0.01 seconds
obj: 2552 rows, 483 columns, 17051 nonzeros
Set parameter TimeLimit to value 3583.1457449
