
Gurobi 13.0.2 (win64) logging started Sun Aug  9 14:19:58 2026

Set parameter LogFile to value "E:\codes\ExactEBRP\results\gf_simple_start_qualification_round35\runs\matrix1800__moderate_seed4302__c6_simple_start__1800s\external\native_logs\L0.0_lp.gurobi.log"
Gurobi Optimizer version 13.0.2 build v13.0.2rc1 (win64 - Windows 10.0 (19045.2))

CPU model: 12th Gen Intel(R) Core(TM) i7-12700KF, instruction set [SSE2|AVX|AVX2]
Thread count: 12 physical cores, 20 logical processors, using up to 1 threads

Non-default parameters:
TimeLimit  1565.5143259
MIPGap  0
MIPGapAbs  0
LogToConsole  0
Threads  1

Optimize a model with 11917 rows, 3378 columns and 67122 nonzeros (Min)
Model fingerprint: 0x59718057
Model has 21 linear objective coefficients
Coefficient statistics:
  Matrix range     [7e-03, 2e+04]
  Objective range  [7e-03, 1e+00]
  Bounds range     [8e-03, 1e+02]
  RHS range        [8e-03, 5e+04]

Presolve removed 958 rows and 117 columns
Presolve time: 0.03s
Presolved: 10959 rows, 3391 columns, 63814 nonzeros

Iteration    Objective       Primal Inf.    Dual Inf.      Time
       0    0.0000000e+00   1.350289e+02   0.000000e+00      0s
    1279    0.0000000e+00   0.000000e+00   0.000000e+00      0s

Solved in 1279 iterations and 0.09 seconds (0.26 work units)
Optimal objective  0.000000000e+00

User-callback calls 1424, time in user-callback 0.00 sec
