
Gurobi 13.0.2 (win64) logging started Sat Jul 25 10:27:13 2026

Set parameter LogFile to value "E:\codes\ExactEBRP\results\gf_nonblocking_gurobi_c6_round31\runs\stage6__round31_sealed_high_imbalance_V50_seed802548647__c5_candidate__1200s\external\native_logs\L2.0.1.1.1_terminal_mip.gurobi.log"
Gurobi Optimizer version 13.0.2 build v13.0.2rc1 (win64 - Windows 10.0 (19045.2))

CPU model: 12th Gen Intel(R) Core(TM) i7-12700KF, instruction set [SSE2|AVX|AVX2]
Thread count: 12 physical cores, 20 logical processors, using up to 1 threads

Non-default parameters:
TimeLimit  840.7242047
MIPGap  0
MIPGapAbs  0
LogToConsole  0
Threads  1

Optimize a model with 93037 rows, 18195 columns and 665900 nonzeros (Min)
Model fingerprint: 0x905d9a74
Model has 51 linear objective coefficients
Variable types: 9462 continuous, 8733 integer (8233 binary)
Coefficient statistics:
  Matrix range     [1e-02, 2e+04]
  Objective range  [1e-02, 1e+00]
  Bounds range     [6e-01, 3e+04]
  RHS range        [6e-01, 1e+05]

Presolve removed 13554 rows and 145 columns
Presolve time: 1.72s
Presolved: 79483 rows, 18050 columns, 518338 nonzeros
Variable types: 9356 continuous, 8694 integer (8222 binary)
Root relaxation presolved: 17918 rows, 97210 columns, 535886 nonzeros


Root simplex log...

Iteration    Objective       Primal Inf.    Dual Inf.      Time
    9586    4.2647676e+30   8.276656e+32   4.264768e+00      5s
   11816    8.1597910e+00   0.000000e+00   0.000000e+00      6s
   11816    8.1597910e+00   0.000000e+00   0.000000e+00      6s
   11952    8.1597937e+00   0.000000e+00   0.000000e+00      6s

Extra simplex iterations from dual to original model: 136

Root relaxation: objective 8.159794e+00, 11952 iterations, 4.16 seconds (12.48 work units)

    Nodes    |    Current Node    |     Objective Bounds      |     Work
 Expl Unexpl |  Obj  Depth IntInf | Incumbent    BestBd   Gap | It/Node Time

     0     0    8.15979    0  300          -    8.15979      -     -    6s
     0     0    8.17575    0  310          -    8.17575      -     -    8s
     0     0    8.27816    0  294          -    8.27816      -     -    8s
     0     0    8.28387    0  266          -    8.28387      -     -    9s
     0     0    8.45491    0  341          -    8.45491      -     -   11s
     0     0    8.46220    0  307          -    8.46220      -     -   12s
     0     0    8.49106    0  358          -    8.49106      -     -   15s
     0     0    8.49608    0  404          -    8.49608      -     -   15s
     0     0    8.50595    0  338          -    8.50595      -     -   18s
     0     0    8.51261    0  348          -    8.51261      -     -   19s
     0     0    8.52355    0  347          -    8.52355      -     -   20s
     0     0    8.52554    0  352          -    8.52554      -     -   21s
     0     0    8.54009    0  401          -    8.54009      -     -   23s
     0     0    8.54075    0  363          -    8.54075      -     -   25s
     0     0    8.54729    0  412          -    8.54729      -     -   27s
     0     0    8.54876    0  461          -    8.54876      -     -   28s
     0     0    8.55061    0  365          -    8.55061      -     -   30s
     0     0    8.55139    0  416          -    8.55139      -     -   31s
     0     0    8.55579    0  543          -    8.55579      -     -   33s
     0     0    8.55610    0  528          -    8.55610      -     -   34s
     0     0    8.55922    0  510          -    8.55922      -     -   36s
     0     0    8.56115    0  593          -    8.56115      -     -   38s
     0     0    8.56331    0  496          -    8.56331      -     -   40s
     0     0    8.56403    0  516          -    8.56403      -     -   41s
     0     0    8.56540    0  532          -    8.56540      -     -   44s
     0     0    8.56580    0  535          -    8.56580      -     -   48s
     0     0    8.56874    0  542          -    8.56874      -     -   50s
     0     0    8.56922    0  596          -    8.56922      -     -   52s
     0     0    8.57160    0  531          -    8.57160      -     -   54s
     0     0    8.57186    0  534          -    8.57186      -     -   55s
     0     0    8.57351    0  512          -    8.57351      -     -   56s
     0     0    8.57389    0  510          -    8.57389      -     -   58s
     0     0    8.57511    0  572          -    8.57511      -     -   61s
     0     0    8.57525    0  526          -    8.57525      -     -   62s
     0     0    8.57656    0  526          -    8.57656      -     -   64s
     0     0    8.57677    0  598          -    8.57677      -     -   65s
     0     0    8.57704    0  583          -    8.57704      -     -   67s
     0     0    8.57711    0  516          -    8.57711      -     -   68s
     0     0    8.57741    0  513          -    8.57741      -     -   69s
     0     0    8.57741    0  513          -    8.57741      -     -   70s
     0     0    8.57741    0  511          -    8.57741      -     -   71s
     0     2    8.57741    0  504          -    8.57741      -     -   87s
     2     4    8.64784    1  419          -    8.59925      -  1502   90s
     6     8    8.62645    4  388          -    8.62444      -  1187  104s
     8    10    8.63305    6  444          -    8.62444      -   993  105s
    13    15    8.64065    9  354          -    8.62444      -  1233  110s
    24    23    8.69943   16  329          -    8.62444      -   960  115s
    38    35    8.70483   26  369          -    8.62444      -   792  120s
    42    39    8.65387   29  391          -    8.62444      -   745  125s
    66    61    8.68345   49  379          -    8.62444      -   565  130s
    96    91    8.69885   75  323          -    8.62444      -   447  135s
   115   110    8.73389   90  234          -    8.62444      -   402  140s
   121   116    8.72387   96  285          -    8.62444      -   389  145s
   128   123    8.73611  102  304          -    8.62444      -   384  150s
   170   165    8.75754  143  288          -    8.62444      -   310  155s
   247   240    8.76655  219  313          -    8.62444      -   230  160s
   302   293    8.81521  271  163          -    8.62444      -   211  174s
   305   294    8.82394  272  131          -    8.62444      -   212  175s
H  330   290                       8.8313317    8.62549  2.33%   210  186s
H  330   290                       8.8311671    8.62549  2.33%   210  187s
H  330   288                       8.8300925    8.62549  2.32%   210  188s
H  330   288                       8.8300472    8.62549  2.32%   210  189s
H  330   288                       8.8299851    8.62549  2.32%   210  190s
H  330   287                       8.8281592    8.62549  2.30%   210  192s
H  330   287                       8.8271774    8.62549  2.28%   210  194s
   330   289    8.68767    4  252    8.82718    8.62549  2.28%   212  197s
   338   297    8.71736   10  307    8.82718    8.62549  2.28%   218  200s
   355   309 infeasible   23         8.82718    8.62549  2.28%   232  205s
   383   312    8.67911    5  390    8.82718    8.62826  2.25%   238  210s
   403   328    8.82081   21  319    8.82718    8.62826  2.25%   247  215s
   430   347 infeasible   24         8.82718    8.62829  2.25%   251  220s
   445   360    8.76209   36  405    8.82718    8.62829  2.25%   263  225s
   483   398    8.77203   73  289    8.82718    8.62829  2.25%   258  230s
   561   465    8.75933  169  511    8.82718    8.62829  2.25%   238  264s
   563   466    8.81210  267  330    8.82718    8.62829  2.25%   238  274s
   564   467    8.68300   48  429    8.82718    8.62829  2.25%   237  282s
   565   468    8.75735  129  395    8.82718    8.62829  2.25%   237  285s
   568   470    8.75526  115  398    8.82718    8.63689  2.16%   236  291s
   570   471    8.78792  244  381    8.82718    8.63722  2.15%   235  295s
   571   472    8.76165  191  384    8.82718    8.64204  2.10%   234  303s
   573   473    8.77292   18  416    8.82718    8.64255  2.09%   234  308s
   574   474    8.82394  273  523    8.82718    8.64469  2.07%   233  316s
   576   475    8.68518    7  556    8.82718    8.64500  2.06%   232  324s
H  576   451                       8.8268906    8.64685  2.04%   232  331s
H  578   429                       8.8261879    8.64854  2.01%   231  344s
   580   431    8.75542   13  501    8.82619    8.64938  2.00%   231  345s
   581   431    8.77909  229  537    8.82619    8.64947  2.00%   230  351s
H  581   409                       8.8256782    8.65067  1.98%   230  359s
   583   411    8.76657  220  514    8.82568    8.65121  1.98%   229  362s
   584   411    8.68518    7  561    8.82568    8.65127  1.98%   229  367s
   585   412    8.76156  187  475    8.82568    8.65207  1.97%   229  376s
   587   413    8.66823   28  491    8.82568    8.65298  1.96%   228  387s
   588   414    8.81744   15  505    8.82568    8.65320  1.95%   228  391s
   589   415    8.76668  180  468    8.82568    8.65457  1.94%   227  399s
   590   415    8.77059   61  521    8.82568    8.65492  1.93%   227  402s
   591   416    8.75655  123  499    8.82568    8.65498  1.93%   226  406s
   592   417    8.77057   60  545    8.82568    8.65668  1.91%   226  416s
   593   417    8.75921  140  545    8.82568    8.65668  1.91%   226  426s
H  593   395                       8.8254424    8.65668  1.91%   226  432s
H  593   375                       8.7818570    8.65668  1.43%   226  432s
H  593   356                       8.7801017    8.65668  1.41%   226  432s
   595   359    8.68929    5  511    8.78010    8.65668  1.41%   467  440s
   597   360    8.77059   62  317    8.78010    8.65668  1.41%   465  448s
   598   361    8.78010  267  393    8.78010    8.65668  1.41%   464  454s
   599   362    8.75760  122  374    8.78010    8.65668  1.41%   464  456s
   601   363    8.66823   28  461    8.78010    8.65668  1.41%   462  463s
   602   364    8.76926   55  442    8.78010    8.65668  1.41%   461  467s
   604   365    8.69249   27  417    8.78010    8.65668  1.41%   460  474s
   605   366    8.77477   90  454    8.78010    8.65668  1.41%   459  477s
   606   366    8.76038  177  490    8.78010    8.65723  1.40%   458  483s
   607   367    8.65940    7  558    8.78010    8.65748  1.40%   458  488s
   608   368    8.68959   59  508    8.78010    8.65954  1.37%   457  495s
   609   368    8.76657  220  530    8.78010    8.65971  1.37%   456  502s
   610   369    8.68059    9  595    8.78010    8.66139  1.35%   455  507s
   611   370    8.76695   45  534    8.78010    8.66182  1.35%   455  510s
   612   370    8.78010  223  543    8.78010    8.66196  1.35%   454  515s
   613   371    8.68626   16  495    8.78010    8.66473  1.31%   453  521s
   615   372    8.78010  275  550    8.78010    8.66511  1.31%   452  527s
H  615   353                       8.7786165    8.66604  1.28%   452  533s
   617   355    8.77862  101  656    8.77862    8.66639  1.28%   450  535s
   618   355    8.77862  267  665    8.77862    8.66645  1.28%   449  540s
   619   356    8.70861   24  566    8.77862    8.66795  1.26%   449  546s
   621   357    8.76630  213  538    8.77862    8.66844  1.26%   447  552s
H  621   338                       8.7754043    8.66875  1.22%   447  560s
   623   340    8.66878   20  527    8.77540    8.66878  1.22%   446  566s
   624   340    8.68521    9  575    8.77540    8.66896  1.21%   445  572s
   625   341    8.66898    2  617    8.77540    8.66898  1.21%   444  576s
   626   342    8.68653   12  605    8.77540    8.66959  1.21%   444  592s
   627   342    8.77540  233  605    8.77540    8.66959  1.21%   443  603s
H  627   325                       8.7744402    8.66960  1.19%   443  608s
H  627   308                       8.7742853    8.66960  1.19%   443  608s
H  627   292                       8.7741506    8.66960  1.19%   443  608s
   629   296    8.69082   22  340    8.77415    8.66967  1.19%   687  612s
H  630   279                       8.7741201    8.66967  1.19%   686  615s
H  630   264                       8.7739008    8.66967  1.19%   686  615s
H  630   250                       8.7738340    8.66967  1.19%   686  615s
H  630   237                       8.7738213    8.66967  1.19%   686  616s
H  630   225                       8.7737855    8.66967  1.19%   686  616s
   631   228    8.67109   23  337    8.77379    8.67005  1.18%   698  621s
H  632   215                       8.7723732    8.67005  1.17%   697  623s
   633   217    8.67115   24  491    8.77237    8.67109  1.15%   713  628s
H  634   205                       8.7722755    8.67109  1.15%   712  633s
   635   208    8.67720   25  413    8.77228    8.67115  1.15%   731  636s
   636   208    8.69042   25  407    8.77228    8.67720  1.08%   737  640s
H  639   197                       8.7720930    8.67849  1.07%   739  643s
   641   199    8.73284   28  247    8.77209    8.67858  1.07%   744  645s
   646   201    8.73334   30  337    8.77209    8.67858  1.07%   743  651s
   650   201    8.72631   33  223    8.77209    8.67858  1.07%   743  655s
   655   202    8.73841   36  204    8.77209    8.67858  1.07%   739  660s
   672   198    8.75067   47  173    8.77209    8.67858  1.07%   728  665s
   687   192    8.68424   27  394    8.77209    8.67870  1.06%   720  671s
   690   193    8.69168   29  344    8.77209    8.67870  1.06%   723  675s
   700   192    8.73359   34  273    8.77209    8.67870  1.06%   724  680s
   714   187    8.74411   43  183    8.77209    8.67870  1.06%   719  685s
   732   185    8.77195   56   59    8.77209    8.67870  1.06%   712  690s
   737   184    8.68326   27  444    8.77209    8.68326  1.01%   711  695s
   740   186    8.70266   29  273    8.77209    8.68334  1.01%   713  700s
   746   185    8.76487   30  255    8.77209    8.68334  1.01%   713  705s
   749   186    8.73412   32  347    8.77209    8.68334  1.01%   712  710s
   752   187    8.74818   34  231    8.77209    8.68334  1.01%   713  717s
   758   186    8.75680   38  193    8.77209    8.68334  1.01%   710  720s
   763   184    8.69140   24  292    8.77209    8.68335  1.01%   709  725s
   766   182    8.68689   24  364    8.77209    8.68433  1.00%   717  733s
   768   183    8.71142   25  300    8.77209    8.68433  1.00%   718  735s
   774   185    8.73487   28  290    8.77209    8.68433  1.00%   723  740s
   788   187    8.75565   36  205    8.77209    8.68433  1.00%   718  745s
   798   183    8.71242   26  308    8.77209    8.68433  1.00%   717  750s
   806   187    8.73352   30  280    8.77209    8.68433  1.00%   718  755s
   816   187    8.74468   35  231    8.77209    8.68433  1.00%   717  760s
   827   184    8.68757   25  435    8.77209    8.68587  0.98%   714  766s
   831   181    8.72122   30  312    8.77209    8.68587  0.98%   719  770s
   843   184    8.75052   37  258    8.77209    8.68587  0.98%   719  775s
   857   180    8.73177   30  298    8.77209    8.68959  0.94%   718  780s
   868   180    8.75837   39  190    8.77209    8.68959  0.94%   715  785s
   884   175    8.77117   34  179    8.77209    8.68959  0.94%   713  790s
   892   173    8.73755   27  284    8.77209    8.69084  0.93%   719  795s
   905   173    8.76559   34  177    8.77209    8.69084  0.93%   721  800s
   917   170 infeasible   29         8.77209    8.69806  0.84%   724  805s
   932   171    8.74558   33  227    8.77209    8.70009  0.82%   723  810s
   948   165    8.76982   43  197    8.77209    8.70009  0.82%   719  815s
   957   159    8.71359   26  326    8.77209    8.71261  0.68%   729  821s
   969   153    8.72855   35  220    8.77209    8.71851  0.61%   727  825s
   984   146    8.74213   32  277    8.77209    8.72374  0.55%   730  831s
   992   142    8.73377   28  373    8.77209    8.72581  0.53%   732  835s
  1006   142    8.75784   32  196    8.77209    8.72673  0.52%   731  840s

Cutting planes:
  Learned: 5
  Cover: 120
  Implied bound: 221
  Projected implied bound: 60
  Clique: 31
  MIR: 388
  StrongCG: 16
  Flow cover: 623
  GUB cover: 13
  Zero half: 6
  Network: 57
  RLT: 5
  Relax-and-lift: 127
  BQP: 4

Explored 1008 nodes (789675 simplex iterations) in 840.73 seconds (2090.79 work units)
Thread count was 1 (of 20 available processors)

Solution count 10: 8.77209 8.77228 8.77237 ... 8.77429

Time limit reached
Best objective 8.772093021270e+00, best bound 8.726731954932e+00, gap 0.5171%

User-callback calls 120836, time in user-callback 0.01 sec
