
Gurobi 13.0.2 (win64) logging started Sat Jul 25 10:26:52 2026

Set parameter LogFile to value "E:\codes\ExactEBRP\results\gf_nonblocking_gurobi_c6_round31\runs\stage6__round31_sealed_high_imbalance_V50_seed802548647__c5_candidate__1200s\external\native_logs\L2.0.1.1.0.0_lp.gurobi.log"
Gurobi Optimizer version 13.0.2 build v13.0.2rc1 (win64 - Windows 10.0 (19045.2))

CPU model: 12th Gen Intel(R) Core(TM) i7-12700KF, instruction set [SSE2|AVX|AVX2]
Thread count: 12 physical cores, 20 logical processors, using up to 1 threads

Non-default parameters:
TimeLimit  861.1609684
MIPGap  0
MIPGapAbs  0
LogToConsole  0
Threads  1

Optimize a model with 93037 rows, 18195 columns and 665900 nonzeros (Min)
Model fingerprint: 0x2f6b8101
Model has 51 linear objective coefficients
Coefficient statistics:
  Matrix range     [1e-02, 2e+04]
  Objective range  [1e-02, 1e+00]
  Bounds range     [6e-01, 3e+04]
  RHS range        [6e-01, 1e+05]

Presolve removed 12679 rows and 251 columns
Presolve time: 0.32s
Presolved: 17934 rows, 98299 columns, 463970 nonzeros

Iteration    Objective       Primal Inf.    Dual Inf.      Time
       0      handle free variables                          0s

Extra simplex iterations after uncrush: 9

Extra simplex iterations from dual to original model: 1
    8226    8.1766910e+00   0.000000e+00   0.000000e+00      3s

Solved in 8226 iterations and 2.52 seconds (8.00 work units)
Optimal objective  8.176690994e+00

User-callback calls 8398, time in user-callback 0.00 sec
