
Gurobi 13.0.2 (win64) logging started Sat Jul 25 10:26:21 2026

Set parameter LogFile to value "E:\codes\ExactEBRP\results\gf_nonblocking_gurobi_c6_round31\runs\stage6__round31_sealed_high_imbalance_V50_seed802548647__c5_candidate__1200s\external\native_logs\L2.0.0_lp.gurobi.log"
Gurobi Optimizer version 13.0.2 build v13.0.2rc1 (win64 - Windows 10.0 (19045.2))

CPU model: 12th Gen Intel(R) Core(TM) i7-12700KF, instruction set [SSE2|AVX|AVX2]
Thread count: 12 physical cores, 20 logical processors, using up to 1 threads

Non-default parameters:
TimeLimit  892.781318
MIPGap  0
MIPGapAbs  0
LogToConsole  0
Threads  1

Optimize a model with 93037 rows, 18195 columns and 665900 nonzeros (Min)
Model fingerprint: 0x1096da56
Model has 51 linear objective coefficients
Coefficient statistics:
  Matrix range     [1e-02, 2e+04]
  Objective range  [1e-02, 1e+00]
  Bounds range     [5e-01, 3e+04]
  RHS range        [5e-01, 1e+05]

Presolve removed 12673 rows and 257 columns
Presolve time: 0.34s
Presolved: 17934 rows, 98307 columns, 464546 nonzeros

Iteration    Objective       Primal Inf.    Dual Inf.      Time
       0      handle free variables                          0s
   12798    9.1901549e+00   0.000000e+00   1.021434e+06      5s

Solved in 13955 iterations and 5.53 seconds (16.69 work units)
Infeasible model

User-callback calls 14110, time in user-callback 0.00 sec
