
Gurobi 13.0.2 (win64) logging started Sun Aug  9 13:08:43 2026

Set parameter LogFile to value "E:\codes\ExactEBRP\results\gf_simple_start_qualification_round35\runs\matrix1800__high_imbalance_seed3202__c6_simple_start__1800s\external\native_logs\L2.0_lp.gurobi.log"
Gurobi Optimizer version 13.0.2 build v13.0.2rc1 (win64 - Windows 10.0 (19045.2))

CPU model: 12th Gen Intel(R) Core(TM) i7-12700KF, instruction set [SSE2|AVX|AVX2]
Thread count: 12 physical cores, 20 logical processors, using up to 1 threads

Non-default parameters:
TimeLimit  1781.433632
MIPGap  0
MIPGapAbs  0
LogToConsole  0
Threads  1

Optimize a model with 11895 rows, 3372 columns and 67322 nonzeros (Min)
Model fingerprint: 0x78719d97
Model has 21 linear objective coefficients
Coefficient statistics:
  Matrix range     [1e-02, 2e+04]
  Objective range  [1e-02, 1e+00]
  Bounds range     [5e-01, 2e+03]
  RHS range        [5e-01, 5e+04]

Presolve removed 2016 rows and 107 columns
Presolve time: 0.03s
Presolved: 9879 rows, 3266 columns, 50294 nonzeros

Iteration    Objective       Primal Inf.    Dual Inf.      Time
       0    1.0642148e+00   7.899421e+02   0.000000e+00      0s
    3117    1.5827841e+00   0.000000e+00   0.000000e+00      0s

Solved in 3117 iterations and 0.23 seconds (0.62 work units)
Optimal objective  1.582784058e+00

User-callback calls 3263, time in user-callback 0.00 sec
