
Gurobi 13.0.2 (win64) logging started Sun Aug  9 13:08:41 2026

Set parameter LogFile to value "E:\codes\ExactEBRP\results\gf_simple_start_qualification_round35\runs\matrix1800__high_imbalance_seed3202__c6_simple_start__1800s\external\native_logs\L2_c6_1_next_leaf_target_mip.gurobi.log"
Gurobi Optimizer version 13.0.2 build v13.0.2rc1 (win64 - Windows 10.0 (19045.2))

CPU model: 12th Gen Intel(R) Core(TM) i7-12700KF, instruction set [SSE2|AVX|AVX2]
Thread count: 12 physical cores, 20 logical processors, using up to 1 threads

Non-default parameters:
TimeLimit  1783.8027732
MIPGap  0
MIPGapAbs  0
LogToConsole  0
Threads  1

Optimize a model with 11895 rows, 3372 columns and 67322 nonzeros (Min)
Model fingerprint: 0x4788db5d
Model has 21 linear objective coefficients
Variable types: 1683 continuous, 1689 integer (1489 binary)
Coefficient statistics:
  Matrix range     [1e-02, 2e+04]
  Objective range  [1e-02, 1e+00]
  Bounds range     [5e-01, 2e+03]
  RHS range        [5e-01, 5e+04]

Presolve removed 2415 rows and 89 columns
Presolve time: 0.20s
Presolved: 9480 rows, 3283 columns, 57988 nonzeros
Variable types: 1631 continuous, 1652 integer (1467 binary)

Root relaxation: objective 1.591083e+00, 3802 iterations, 0.19 seconds (0.46 work units)

    Nodes    |    Current Node    |     Objective Bounds      |     Work
 Expl Unexpl |  Obj  Depth IntInf | Incumbent    BestBd   Gap | It/Node Time

     0     0    1.59108    0  250          -    1.59108      -     -    0s
     0     0    1.62747    0  285          -    1.62747      -     -    0s
     0     0    1.65934    0  318          -    1.65934      -     -    1s

Cutting planes:
  Learned: 7
  Cover: 31
  Implied bound: 102
  Clique: 15
  MIR: 183
  StrongCG: 22
  Flow cover: 73
  Zero half: 20
  Network: 21
  RLT: 14
  Relax-and-lift: 47
  BQP: 28

Explored 1 nodes (7341 simplex iterations) in 1.37 seconds (2.81 work units)
Thread count was 1 (of 20 available processors)

Solution count 0

Solve interrupted
Best objective -, best bound 1.659337012523e+00, gap -

User-callback calls 975, time in user-callback 0.00 sec
