
Gurobi 13.0.2 (win64) logging started Sun Aug  9 13:08:44 2026

Set parameter LogFile to value "E:\codes\ExactEBRP\results\gf_simple_start_qualification_round35\runs\matrix1800__high_imbalance_seed3202__c6_simple_start__1800s\external\native_logs\L2_terminal_mip.gurobi.log"
Gurobi Optimizer version 13.0.2 build v13.0.2rc1 (win64 - Windows 10.0 (19045.2))

CPU model: 12th Gen Intel(R) Core(TM) i7-12700KF, instruction set [SSE2|AVX|AVX2]
Thread count: 12 physical cores, 20 logical processors, using up to 1 threads

Non-default parameters:
TimeLimit  1780.8363439
MIPGap  0
MIPGapAbs  0
LogToConsole  0
Threads  1

Optimize a model with 11895 rows, 3372 columns and 67322 nonzeros (Min)
Model fingerprint: 0x4788db5d
Model has 21 linear objective coefficients
Variable types: 1683 continuous, 1689 integer (1489 binary)
Coefficient statistics:
  Matrix range     [1e-02, 2e+04]
  Objective range  [1e-02, 1e+00]
  Bounds range     [5e-01, 2e+03]
  RHS range        [5e-01, 5e+04]

Presolved: 9480 rows, 3283 columns, 57988 nonzeros

Continuing optimization...

     0     0    1.65934    0  325          -    1.65934      -     -    1s
     0     0    1.65934    0  314          -    1.65934      -     -    1s
     0     0    1.65978    0  326          -    1.65978      -     -    1s
     0     0    1.66404    0  335          -    1.66404      -     -    2s
     0     0    1.66461    0  325          -    1.66461      -     -    2s
     0     0    1.67126    0  342          -    1.67126      -     -    3s
     0     0    1.67309    0  360          -    1.67309      -     -    3s
     0     0    1.67765    0  357          -    1.67765      -     -    4s
     0     0    1.67796    0  352          -    1.67796      -     -    4s
     0     0    1.67986    0  360          -    1.67986      -     -    4s
     0     0    1.67994    0  372          -    1.67994      -     -    5s
     0     0    1.68141    0  359          -    1.68141      -     -    5s
     0     0    1.68163    0  357          -    1.68163      -     -    6s
     0     0    1.68212    0  349          -    1.68212      -     -    6s
     0     0    1.68229    0  329          -    1.68229      -     -    6s
     0     0    1.68281    0  335          -    1.68281      -     -    7s
     0     0    1.68285    0  358          -    1.68285      -     -    7s
     0     0    1.68302    0  344          -    1.68302      -     -    7s
     0     0    1.68305    0  370          -    1.68305      -     -    7s
     0     0    1.68310    0  386          -    1.68310      -     -    8s
     0     0    1.68311    0  372          -    1.68311      -     -    8s
     0     0    1.68314    0  397          -    1.68314      -     -    8s
     0     0    1.68314    0  396          -    1.68314      -     -    8s
     0     0    1.68314    0  380          -    1.68314      -     -    9s
     0     2    1.68315    0  380          -    1.68315      -     -   10s
     1     3    1.68332    1  362          -    1.68332      -  2170   10s
H   30    30                       1.7565235    1.68408  4.12%   608   14s
H   30    30                       1.7565209    1.68408  4.12%   608   14s
    33    35    1.68695   30  304    1.75652    1.68408  4.12%   577   15s
H   36    36                       1.7564150    1.68408  4.12%   590   15s
   121   121    1.72334  105  218    1.75642    1.68408  4.12%   419   20s
H  150   140                       1.7545008    1.68459  3.98%   398   21s
H  150   140                       1.7499937    1.68459  3.74%   398   21s
H  150   140                       1.7499864    1.68459  3.74%   398   21s
H  150   140                       1.7498769    1.68459  3.73%   398   21s
   468   442    1.73060   27  240    1.74988    1.68469  3.73%   207   25s
H  481   436                       1.7494339    1.68480  3.69%   213   25s
H  481   436                       1.7494264    1.68480  3.69%   213   25s
H  481   436                       1.7494194    1.68480  3.69%   213   25s
H  481   436                       1.7493135    1.68480  3.69%   213   25s
   560   482    1.71050   27  380    1.74931    1.68487  3.68%   251   31s
   563   484    1.72780  183  356    1.74931    1.68487  3.68%   250   35s
   566   486    1.70368   13  376    1.74931    1.68487  3.68%   249   40s
   569   488    1.70207   12  378    1.74931    1.68889  3.45%   247   46s
   572   490    1.72801  187  362    1.74931    1.69394  3.17%   246   50s
   577   493    1.74108  196  366    1.74931    1.69868  2.89%   244   56s
   582   497    1.70680  113  286    1.74931    1.70195  2.71%   242   60s
   589   501    1.70319   14  405    1.74931    1.70319  2.64%   239   65s
   600   509    1.71251   58  312    1.74931    1.70345  2.62%   235   70s
   607   515    1.70345   32  354    1.74931    1.70345  2.62%   346   75s
   610   517    1.74126  228  322    1.74931    1.70345  2.62%   344   81s
   612   518    1.74128   21  336    1.74931    1.70346  2.62%   343   85s
   615   520    1.72811  185  312    1.74931    1.70375  2.60%   342   90s
   621   524    1.71932   15  326    1.74931    1.70389  2.60%   338   95s
   627   528    1.72813  159  361    1.74931    1.70400  2.59%   335  100s
   635   536    1.70405   29  308    1.74931    1.70405  2.59%   405  105s
   649   543    1.72343   36  248    1.74931    1.70405  2.59%   418  110s
   681   542    1.73582   54  179    1.74931    1.70405  2.59%   413  115s
   704   537    1.74578   32  284    1.74931    1.70405  2.59%   418  120s
   715   543    1.71964   38  268    1.74931    1.70405  2.59%   429  125s
   724   549    1.72570   42  201    1.74931    1.70405  2.59%   442  130s
H  734   523                       1.7493135    1.70405  2.59%   442  132s
   749   518    1.70463   30  354    1.74931    1.70463  2.55%   439  135s
   758   516    1.70991   32  350    1.74931    1.70653  2.45%   462  140s
   800   512     cutoff   60         1.74931    1.70653  2.45%   462  145s
   867   501    1.73888   62  113    1.74931    1.70732  2.40%   443  150s
   930   496    1.72991   45  210    1.74931    1.70734  2.40%   433  155s
   990   484    1.70983   33  300    1.74931    1.70853  2.33%   422  160s
  1044   476    1.74141   54  131    1.74931    1.70951  2.28%   415  165s
  1102   476    1.71735   35  277    1.74931    1.71189  2.14%   409  170s
  1161   482    1.72923   48  237    1.74931    1.71430  2.00%   403  175s
  1245   492    1.74508   38  134    1.74931    1.71696  1.85%   392  180s
  1330   464    1.72922   36  229    1.74931    1.72096  1.62%   390  185s
  1442   437    1.73988   46   79    1.74931    1.72338  1.48%   380  190s
  1548   413    1.73346   44  291    1.74931    1.72500  1.39%   371  195s
  1674   389    1.72772   39  238    1.74931    1.72597  1.33%   361  200s
  1814   352    1.73322   40  232    1.74931    1.72772  1.23%   350  205s
  1934   309 infeasible   48         1.74931    1.72934  1.14%   346  210s
  2023   280    1.74429   51   79    1.74931    1.73082  1.06%   347  215s
  2190   228 infeasible   40         1.74931    1.73316  0.92%   339  220s
  2429   233    1.74919   47   91    1.74931    1.73561  0.78%   321  225s
  2745   222    1.74809   55   47    1.74931    1.73846  0.62%   301  230s
  3002   214 infeasible   50         1.74931    1.74047  0.51%   286  235s
  3462   232    1.74698   55   91    1.74931    1.74233  0.40%   260  240s
  3889   189    1.74693   46   98    1.74931    1.74478  0.26%   241  245s
  4861     2     cutoff   51         1.74931    1.74919  0.01%   200  250s

Cutting planes:
  Learned: 10
  Cover: 79
  Implied bound: 176
  Projected implied bound: 14
  Clique: 7
  MIR: 252
  StrongCG: 15
  Flow cover: 396
  GUB cover: 14
  Inf proof: 1
  Zero half: 9
  Network: 20
  RLT: 11
  Relax-and-lift: 47
  BQP: 3

Explored 4864 nodes (1010884 simplex iterations) in 250.03 seconds (477.90 work units)
Most recent optimization runtime was 248.65 seconds (475.09 work units)
Thread count was 1 (of 20 available processors)

Solution count 10: 1.74931 1.74942 1.74943 ... 1.75652

Optimal solution found (tolerance 0.00e+00)
Best objective 1.749313451412e+00, best bound 1.749313451412e+00, gap 0.0000%

User-callback calls 57490, time in user-callback 0.02 sec
