
Gurobi 13.0.2 (win64) logging started Thu Oct  1 20:52:10 2026

Set parameter LogFile to value "E:\codes\ExactEBRP\results\unified_exact_round99\factorial01\raw\07_R98-C1_M-B\external\native_logs\L0_terminal_mip.gurobi.log"
Set parameter TimeLimit to value 5.9437565660000007e+02
Gurobi Optimizer version 13.0.2 build v13.0.2rc1 (win64 - Windows 10.0 (19045.2))

CPU model: 12th Gen Intel(R) Core(TM) i7-12700KF, instruction set [SSE2|AVX|AVX2]
Thread count: 12 physical cores, 20 logical processors, using up to 1 threads

Non-default parameters:
TimeLimit  5.9437565660000007e+02
MIPGap  0
MIPGapAbs  0
LogToConsole  0
Threads  1

Optimize a model with 9138 rows, 3318 columns and 53024 nonzeros (Min)
Model fingerprint: 0xd8f16a10
Model has 21 linear objective coefficients
Variable types: 1776 continuous, 1542 integer (1482 binary)
Coefficient statistics:
  Matrix range     [4e-02, 1e+04]
  Objective range  [5e-02, 1e+00]
  Bounds range     [4e-01, 4e+02]
  RHS range        [4e-01, 4e+04]

Loaded user MIP start with objective 0.377846

Presolve removed 1938 rows and 22 columns
Presolve time: 0.08s
Presolved: 7200 rows, 3296 columns, 42711 nonzeros
Variable types: 1564 continuous, 1732 integer (1482 binary)

Root relaxation: objective 8.764071e-02, 3486 iterations, 0.12 seconds (0.29 work units)

    Nodes    |    Current Node    |     Objective Bounds      |     Work
 Expl Unexpl |  Obj  Depth IntInf | Incumbent    BestBd   Gap | It/Node Time

     0     0    0.08764    0  179    0.37785    0.08764  76.8%     -    0s
     0     0    0.13216    0  317    0.37785    0.13216  65.0%     -    0s
     0     0    0.16513    0  334    0.37785    0.16513  56.3%     -    0s
     0     0    0.17887    0  425    0.37785    0.17887  52.7%     -    1s
     0     0    0.20366    0  366    0.37785    0.20366  46.1%     -    1s
     0     0    0.21577    0  361    0.37785    0.21577  42.9%     -    1s
     0     0    0.21758    0  416    0.37785    0.21758  42.4%     -    1s
     0     0    0.22899    0  394    0.37785    0.22899  39.4%     -    2s
     0     0    0.22975    0  387    0.37785    0.22975  39.2%     -    2s
     0     0    0.23163    0  382    0.37785    0.23163  38.7%     -    2s
     0     0    0.23212    0  391    0.37785    0.23212  38.6%     -    2s
     0     0    0.23212    0  391    0.37785    0.23212  38.6%     -    2s
     0     0    0.23212    0  391    0.37785    0.23212  38.6%     -    2s
     0     0    0.23212    0  391    0.37785    0.23212  38.6%     -    2s
     0     0    0.23212    0  391    0.37785    0.23212  38.6%     -    2s
     0     0    0.23212    0  391    0.37785    0.23212  38.6%     -    2s
     0     0    0.23212    0  391    0.37785    0.23212  38.6%     -    2s
     0     0    0.23411    0  395    0.37785    0.23411  38.0%     -    2s
     0     0    0.23579    0  410    0.37785    0.23579  37.6%     -    2s
     0     0    0.24071    0  428    0.37785    0.24071  36.3%     -    3s
     0     0    0.24156    0  438    0.37785    0.24156  36.1%     -    3s
     0     0    0.24919    0  396    0.37785    0.24919  34.1%     -    3s
     0     0    0.25194    0  409    0.37785    0.25194  33.3%     -    3s
     0     0    0.25510    0  395    0.37785    0.25510  32.5%     -    3s
     0     0    0.25594    0  426    0.37785    0.25594  32.3%     -    3s
     0     0    0.26096    0  428    0.37785    0.26096  30.9%     -    3s
     0     0    0.26136    0  429    0.37785    0.26136  30.8%     -    4s
     0     0    0.26269    0  407    0.37785    0.26269  30.5%     -    4s
     0     0    0.26525    0  410    0.37785    0.26525  29.8%     -    4s
     0     0    0.26585    0  419    0.37785    0.26585  29.6%     -    4s
     0     0    0.26593    0  419    0.37785    0.26593  29.6%     -    5s
     0     0    0.26606    0  431    0.37785    0.26606  29.6%     -    5s
     0     0    0.26619    0  431    0.37785    0.26619  29.5%     -    5s
     0     0    0.26625    0  432    0.37785    0.26625  29.5%     -    5s
     0     0    0.26625    0  432    0.37785    0.26625  29.5%     -    5s
     0     0    0.26625    0  423    0.37785    0.26625  29.5%     -    5s
H    0     0                       0.3686123    0.26625  27.8%     -    5s
     0     2    0.26625    0  416    0.36861    0.26625  27.8%     -    6s
H    2     2                       0.3676427    0.26625  27.6%   277    6s
H    2     2                       0.3665153    0.26625  27.4%   277    6s
H   21    21                       0.3600776    0.26944  25.2%   320    7s
H   21    21                       0.3600029    0.26944  25.2%   320    7s
   227   194    0.33640   11  305    0.36000    0.27052  24.9%   145   10s
H  228   193                       0.3599437    0.27052  24.8%   144   10s
H  254   204                       0.3589364    0.27076  24.6%   149   10s
   544   380    0.33742    7  326    0.35894    0.28723  20.0%   162   15s
H  631   439                       0.3587412    0.28932  19.4%   158   16s
   642   447    0.33932   94  413    0.35874    0.28932  19.4%   155   20s
   656   458    0.28932   18  343    0.35874    0.28932  19.4%   175   25s
   763   471    0.30013   19  368    0.35874    0.28932  19.4%   181   30s
   895   495    0.33475   28  260    0.35874    0.28932  19.4%   180   35s
  1043   495    0.35726   26  286    0.35874    0.29700  17.2%   174   40s
  1195   500    0.35200   29  291    0.35874    0.30030  16.3%   169   45s
  1385   492    0.31905   29  350    0.35874    0.30797  14.2%   163   50s
  1616   476     cutoff   27         0.35874    0.31044  13.5%   157   55s
  1791   468    0.35292   31  239    0.35874    0.31783  11.4%   159   60s
  2039   413    0.33605   26  360    0.35874    0.32277  10.0%   158   65s
  2352   491    0.33785   28  269    0.35874    0.32453  9.54%   151   70s
  2664   560    0.33991   23  329    0.35874    0.32698  8.85%   145   75s
  2871   590     cutoff   20         0.35874    0.32915  8.25%   144   80s
  3135   597    0.34274   27  323    0.35874    0.33267  7.27%   142   85s
  3359   609    0.33732   25  270    0.35874    0.33400  6.90%   141   90s
  3570   618     cutoff   32         0.35874    0.33585  6.38%   143   95s
  3845   618    0.35513   32  280    0.35874    0.33749  5.92%   143  100s
  4176   626    0.34653   33  339    0.35874    0.33972  5.30%   141  105s
  4465   656    0.35049   43  288    0.35874    0.34077  5.01%   139  110s
  4751   631    0.35568   33  340    0.35874    0.34254  4.52%   138  115s
  5019   634 infeasible   20         0.35874    0.34397  4.12%   137  120s
  5357   635    0.35212   29  305    0.35874    0.34563  3.65%   135  125s
  5735   645    0.35824   37  329    0.35874    0.34724  3.21%   134  130s
  6043   622    0.35137   30  243    0.35874    0.34836  2.89%   132  135s
  6839   809 infeasible   31         0.35874    0.34960  2.55%   122  140s
  7756  1024    0.35465   32  337    0.35874    0.35049  2.30%   112  145s
  8293  1136    0.35358   31  275    0.35874    0.35089  2.19%   108  150s
  8856  1223    0.35242   43   74    0.35874    0.35138  2.05%   103  155s
  9615  1369    0.35244   36  167    0.35874    0.35178  1.94%  97.6  160s
 10720  1604 infeasible   48         0.35874    0.35213  1.84%  90.6  165s
 12051  1782    0.35671   49   51    0.35874    0.35257  1.72%  83.7  170s
 13090  1917     cutoff   46         0.35874    0.35285  1.64%  79.2  175s
 14497  2068    0.35635   40  196    0.35874    0.35324  1.53%  74.1  180s
 15769  2156     cutoff   46         0.35874    0.35351  1.46%  70.4  185s
 17159  2288     cutoff   40         0.35874    0.35376  1.39%  66.8  190s
 18532  2370    0.35410   43  169    0.35874    0.35404  1.31%  63.8  195s
 19966  2379    0.35717   53   93    0.35874    0.35431  1.23%  61.1  200s
 21330  2380 infeasible   52         0.35874    0.35454  1.17%  58.9  205s
 22788  2364    0.35837   52  173    0.35874    0.35481  1.10%  56.7  210s
 24243  2336     cutoff   45         0.35874    0.35503  1.03%  54.8  215s
 25729  2267    0.35530   51   53    0.35874    0.35527  0.97%  53.0  220s
 26996  2255 infeasible   40         0.35874    0.35550  0.90%  51.6  225s
 28335  2184    0.35710   49  126    0.35874    0.35572  0.84%  50.3  230s
 29844  2039    0.35688   44  169    0.35874    0.35599  0.77%  48.9  235s
 31268  1845    0.35676   51   78    0.35874    0.35623  0.70%  47.7  240s
 32800  1699    0.35679   39  113    0.35874    0.35649  0.63%  46.5  245s
 34274  1448    0.35748   44  100    0.35874    0.35677  0.55%  45.4  250s
 35749  1078    0.35855   41  200    0.35874    0.35715  0.44%  44.4  255s
 37085   567     cutoff   45         0.35874    0.35765  0.31%  43.6  260s

Cutting planes:
  Learned: 34
  Cover: 100
  Implied bound: 136
  Projected implied bound: 24
  Clique: 17
  MIR: 282
  Mixing: 3
  Knapsack: 1
  StrongCG: 9
  Flow cover: 394
  GUB cover: 11
  Inf proof: 5
  Zero half: 1
  Network: 41
  RLT: 6
  Relax-and-lift: 28

Explored 38002 nodes (1657281 simplex iterations) in 263.65 seconds (424.55 work units)
Thread count was 1 (of 20 available processors)

Solution count 10: 0.358741 0.358741 0.358936 ... 0.377846

Optimal solution found (tolerance 0.00e+00)
Best objective 3.587412415544e-01, best bound 3.587412415544e-01, gap 0.0000%

User-callback calls 141674, time in user-callback 4.18 sec
