
Gurobi 13.0.2 (win64) logging started Sun Aug  9 14:16:18 2026

Set parameter LogFile to value "E:\codes\ExactEBRP\results\gf_simple_start_qualification_round35\runs\matrix1800__moderate_seed4302__c6_simple_start__1800s\native.log"
Set parameter Threads to value 1
Set parameter Presolve to value -1
Set parameter Seed to value 0
Set parameter MIPGap to value 0
Set parameter MIPGapAbs to value 0
Warning: unknown variable 'r_max' in bounds section (line 13958)
Warning: unknown variable 'r_min' in bounds section (line 13959)
Read LP format model from file E:\codes\ExactEBRP\results\gf_simple_start_qualification_round35\runs\matrix1800__moderate_seed4302__c6_simple_start__1800s\external\models\L0.lp
Reading time = 0.02 seconds
obj: 11917 rows, 3378 columns, 67122 nonzeros
Set parameter TimeLimit to value 1784.8638534
Warning: unknown variable 'r_max' in bounds section (line 13960)
Warning: unknown variable 'r_min' in bounds section (line 13961)
Read LP format model from file E:\codes\ExactEBRP\results\gf_simple_start_qualification_round35\runs\matrix1800__moderate_seed4302__c6_simple_start__1800s\external\models\L1.lp
Reading time = 0.02 seconds
obj: 11919 rows, 3378 columns, 67378 nonzeros
Set parameter TimeLimit to value 1671.8042455
Warning: unknown variable 'r_max' in bounds section (line 13958)
Warning: unknown variable 'r_min' in bounds section (line 13959)
Read LP format model from file E:\codes\ExactEBRP\results\gf_simple_start_qualification_round35\runs\matrix1800__moderate_seed4302__c6_simple_start__1800s\external\models\L0.0.lp
Reading time = 0.02 seconds
obj: 11917 rows, 3378 columns, 67122 nonzeros
Set parameter TimeLimit to value 1565.5143259
Warning: unknown variable 'r_max' in bounds section (line 13959)
Warning: unknown variable 'r_min' in bounds section (line 13960)
Read LP format model from file E:\codes\ExactEBRP\results\gf_simple_start_qualification_round35\runs\matrix1800__moderate_seed4302__c6_simple_start__1800s\external\models\L0.1.lp
Reading time = 0.02 seconds
obj: 11918 rows, 3378 columns, 67372 nonzeros
Set parameter TimeLimit to value 1565.2762952
Warning: unknown variable 'r_max' in bounds section (line 13960)
Warning: unknown variable 'r_min' in bounds section (line 13961)
Read LP format model from file E:\codes\ExactEBRP\results\gf_simple_start_qualification_round35\runs\matrix1800__moderate_seed4302__c6_simple_start__1800s\external\models\L1.0.lp
Reading time = 0.02 seconds
obj: 11919 rows, 3378 columns, 67378 nonzeros
Set parameter TimeLimit to value 1554.920427
Warning: unknown variable 'r_max' in bounds section (line 13960)
Warning: unknown variable 'r_min' in bounds section (line 13961)
Read LP format model from file E:\codes\ExactEBRP\results\gf_simple_start_qualification_round35\runs\matrix1800__moderate_seed4302__c6_simple_start__1800s\external\models\L1.1.lp
Reading time = 0.02 seconds
obj: 11919 rows, 3378 columns, 67378 nonzeros
Set parameter TimeLimit to value 1554.6588617
