
Gurobi 13.0.2 (win64) logging started Sun Aug  9 13:12:54 2026

Set parameter LogFile to value "E:\codes\ExactEBRP\results\gf_simple_start_qualification_round35\runs\matrix1800__moderate_seed3302__c6_simple_start__1800s\external\native_logs\L0_c6_1_next_leaf_target_mip.gurobi.log"
Gurobi Optimizer version 13.0.2 build v13.0.2rc1 (win64 - Windows 10.0 (19045.2))

CPU model: 12th Gen Intel(R) Core(TM) i7-12700KF, instruction set [SSE2|AVX|AVX2]
Thread count: 12 physical cores, 20 logical processors, using up to 1 threads

Non-default parameters:
TimeLimit  1783.9619975
MIPGap  0
MIPGapAbs  0
LogToConsole  0
Threads  1

Optimize a model with 11902 rows, 3374 columns and 67082 nonzeros (Min)
Model fingerprint: 0x8b0085ff
Model has 21 linear objective coefficients
Variable types: 1684 continuous, 1690 integer (1490 binary)
Coefficient statistics:
  Matrix range     [7e-03, 1e+04]
  Objective range  [7e-03, 1e+00]
  Bounds range     [8e-02, 4e+02]
  RHS range        [8e-02, 5e+04]

Presolve removed 1215 rows and 53 columns
Presolve time: 0.18s
Presolved: 10687 rows, 3321 columns, 80180 nonzeros
Variable types: 1642 continuous, 1679 integer (1485 binary)

Root relaxation: objective 1.175413e-01, 5406 iterations, 0.39 seconds (1.12 work units)

    Nodes    |    Current Node    |     Objective Bounds      |     Work
 Expl Unexpl |  Obj  Depth IntInf | Incumbent    BestBd   Gap | It/Node Time

     0     0    0.11754    0  265          -    0.11754      -     -    0s
     0     0    0.11952    0  306          -    0.11952      -     -    1s
     0     0    0.13786    0  358          -    0.13786      -     -    2s
     0     0    0.13855    0  329          -    0.13855      -     -    2s
     0     0    0.14049    0  344          -    0.14049      -     -    4s
     0     0    0.14089    0  349          -    0.14089      -     -    4s
     0     0    0.14292    0  349          -    0.14292      -     -    5s
     0     0    0.14311    0  310          -    0.14311      -     -    5s
     0     0    0.14411    0  312          -    0.14411      -     -    7s
     0     0    0.14427    0  372          -    0.14427      -     -    7s
     0     0    0.14475    0  354          -    0.14475      -     -    8s
     0     0    0.14482    0  385          -    0.14482      -     -    9s
     0     0    0.14497    0  381          -    0.14497      -     -   10s
     0     0    0.14499    0  388          -    0.14499      -     -   10s
     0     0    0.14510    0  335          -    0.14510      -     -   11s
     0     0    0.14511    0  365          -    0.14511      -     -   11s
     0     0    0.14517    0  348          -    0.14517      -     -   13s
     0     0    0.14519    0  331          -    0.14519      -     -   13s
     0     0    0.14520    0  354          -    0.14520      -     -   14s
     0     0    0.14522    0  369          -    0.14522      -     -   15s
     0     0    0.14523    0  359          -    0.14523      -     -   15s
     0     0    0.14523    0  358          -    0.14523      -     -   16s
     0     0    0.14523    0  348          -    0.14523      -     -   16s
     0     2    0.14523    0  347          -    0.14523      -     -   17s
     6     8    0.14655    4  293          -    0.14523      -  2204   25s
    23    24    0.14687   17  290          -    0.14523      -  2221   30s
    34    35    0.15170   26  273          -    0.14523      -  2178   39s
    36    37    0.14970   27  294          -    0.14523      -  2165   40s
    39    40    0.14975   30  294          -    0.14523      -  2080   45s
    76    77    0.15390   63  289          -    0.14523      -  1601   50s
   116   117    0.16165  101  295          -    0.14523      -  1292   55s
   245   236    0.15058   49  231          -    0.14527      -   757   60s
H  432   402                       0.2443909    0.14527  40.6%   472   70s
H  433   402                       0.2416935    0.14538  39.8%   476   71s
H  433   401                       0.2390888    0.14538  39.2%   476   71s
H  433   401                       0.2390888    0.14538  39.2%   476   71s
   473   443    0.15083   41  222    0.23909    0.14538  39.2%   466   75s
H  527   496                       0.2386098    0.14538  39.1%   423   75s
   530   498    0.15320  177  318    0.23861    0.14538  39.1%   420   80s
   532   500    0.16167   95  382    0.23861    0.14538  39.1%   419   85s
   534   501    0.15329  145  381    0.23861    0.14538  39.1%   417   90s
   537   503    0.15301   56  384    0.23861    0.14538  39.1%   415   96s
   539   504    0.15294  174  414    0.23861    0.14538  39.1%   413  100s
   541   506    0.15346  130  392    0.23861    0.14538  39.1%   412  106s
   543   507    0.22403  215  372    0.23861    0.14620  38.7%   410  110s
   545   508    0.15254   51  388    0.23861    0.14647  38.6%   409  115s
   548   510    0.16484   61  360    0.23861    0.14675  38.5%   407  121s
H  548   484                       0.2102974    0.14676  30.2%   407  123s
   550   486    0.15236  155  397    0.21030    0.14678  30.2%   405  125s
   553   488    0.15311   74  377    0.21030    0.14684  30.2%   403  131s
   555   489    0.15383  165  373    0.21030    0.14690  30.1%   401  135s
   558   491    0.15323  141  386    0.21030    0.14694  30.1%   399  140s
H  558   466                       0.2096081    0.14694  29.9%   399  142s
   561   468    0.15209   73  369    0.20961    0.14698  29.9%   397  146s
   563   469    0.15388   91  382    0.20961    0.14703  29.9%   396  151s
   567   472    0.15092   67  360    0.20961    0.14703  29.9%   393  155s
   573   476    0.15342   88  392    0.20961    0.14703  29.9%   389  160s
   579   481    0.15246  136  396    0.20961    0.14703  29.9%   619  166s
   581   482    0.15487   68  368    0.20961    0.14703  29.9%   617  171s
   583   484    0.16156   91  359    0.20961    0.14703  29.9%   615  175s
   585   485    0.15139   76  372    0.20961    0.14722  29.8%   613  180s
   588   487    0.15331  138  387    0.20961    0.14724  29.8%   610  186s
   590   488    0.15326   82  373    0.20961    0.14724  29.8%   608  190s
   592   490    0.16196  131  397    0.20961    0.14725  29.7%   606  195s
   595   492    0.20961  163  388    0.20961    0.14732  29.7%   603  201s
   597   493    0.15282   99  400    0.20961    0.14732  29.7%   601  206s
   599   494    0.14734   15  382    0.20961    0.14734  29.7%   599  210s
   601   496    0.14735    6  351    0.20961    0.14735  29.7%   597  215s
   607   500    0.14737    7  390    0.20961    0.14737  29.7%   591  220s
   612   503    0.14895   13  358    0.20961    0.14737  29.7%   586  225s
   616   508    0.14744   26  341    0.20961    0.14738  29.7%   748  230s
H  618   481                       0.2064991    0.14738  28.6%   754  238s
   619   484    0.14748   27  299    0.20650    0.14738  28.6%   769  240s
H  623   459                       0.2017250    0.14738  26.9%   782  244s
   624   462    0.14806   30  289    0.20173    0.14738  26.9%   790  245s
   631   467    0.14965   33  281    0.20173    0.14738  26.9%   810  250s
   636   470    0.15146   36  261    0.20173    0.14738  26.9%   819  255s
   644   475    0.15180   40  262    0.20173    0.14738  26.9%   832  260s
   651   480    0.15503   43  248    0.20173    0.14738  26.9%   843  265s
H  655   458                       0.2017250    0.14738  26.9%   848  268s
   658   462    0.15691   47  233    0.20173    0.14738  26.9%   855  270s
   664   466    0.15757   50  275    0.20173    0.14738  26.9%   864  275s
   670   470    0.16247   53  253    0.20173    0.14738  26.9%   877  280s
   675   473    0.16632   55  251    0.20173    0.14738  26.9%   887  285s
   678   475    0.16419   57  260    0.20173    0.14738  26.9%   887  291s
   684   479    0.16451   60  261    0.20173    0.14738  26.9%   886  295s
   693   483    0.17173   64  285    0.20173    0.14738  26.9%   890  300s
   701   488    0.17752   68  229    0.20173    0.14738  26.9%   891  305s
   719   500    0.16726   77  221    0.20173    0.14738  26.9%   889  310s
   738   513    0.16653   87  245    0.20173    0.14738  26.9%   880  315s
   757   526    0.16940   96  215    0.20173    0.14738  26.9%   876  320s
   779   539    0.19251  107  235    0.20173    0.14738  26.9%   872  325s
   804   556    0.18665  120  179    0.20173    0.14738  26.9%   859  330s
   842   560    0.14780   27  336    0.20173    0.14738  26.9%   840  336s
   845   562    0.14989   29  352    0.20173    0.14738  26.9%   855  340s
   848   562    0.15302   30  360    0.20173    0.14738  26.9%   868  345s
   852   565    0.15353   32  347    0.20173    0.14738  26.9%   886  350s
   860   570    0.16168   36  304    0.20173    0.14738  26.9%   895  355s
   871   578    0.15973   42  254    0.20173    0.14738  26.9%   897  360s
   890   590    0.16586   51  217    0.20173    0.14738  26.9%   893  365s
   903   599    0.16349   58  217    0.20173    0.14738  26.9%   888  371s
   922   610    0.17303   67  192    0.20173    0.14738  26.9%   880  375s
   969   625    0.18485   93  191    0.20173    0.14738  26.9%   848  380s
  1011   633    0.14751   27  323    0.20173    0.14751  26.9%   827  386s
  1016   636    0.15054   30  352    0.20173    0.14764  26.8%   839  390s
  1023   641    0.15164   33  286    0.20173    0.14764  26.8%   847  395s
H 1025   618                       0.1988709    0.14764  25.8%   847  402s
H 1025   596                       0.1981236    0.14764  25.5%   847  403s
  1025   598    0.15271   34  251    0.19812    0.14764  25.5%   849  405s
H 1026   575                       0.1975191    0.14764  25.3%   849  406s
H 1026   554                       0.1974400    0.14764  25.2%   849  406s
H 1026   536                       0.1974378    0.14764  25.2%   849  406s
H 1026   519                       0.1973569    0.14764  25.2%   849  406s
H 1026   502                       0.1973464    0.14764  25.2%   849  406s
H 1026   487                       0.1973448    0.14764  25.2%   849  406s
H 1026   470                       0.1972633    0.14764  25.2%   849  406s
  1031   475    0.15429   37  298    0.19726    0.14764  25.2%   854  410s
  1043   483    0.16243   43  280    0.19726    0.14764  25.2%   865  415s
H 1049   471                       0.1972233    0.14764  25.1%   864  417s
H 1049   458                       0.1971789    0.14764  25.1%   864  417s
H 1049   446                       0.1971419    0.14764  25.1%   864  417s
  1061   456    0.18046   52  234    0.19714    0.14764  25.1%   865  420s
  1092   477    0.16695   68  210    0.19714    0.14764  25.1%   851  425s
  1137   492     cutoff   90         0.19714    0.14764  25.1%   831  430s
  1172   483    0.15282   27  322    0.19714    0.14764  25.1%   818  435s
  1179   488    0.15471   31  301    0.19714    0.14764  25.1%   828  440s
  1190   495    0.16321   36  269    0.19714    0.14764  25.1%   837  445s
  1213   510    0.16513   48  237    0.19714    0.14764  25.1%   833  450s
  1251   516    0.14819   26  309    0.19714    0.14794  25.0%   817  456s
  1258   521    0.15125   30  365    0.19714    0.14794  25.0%   832  460s
  1266   526    0.15676   34  327    0.19714    0.14794  25.0%   847  465s
  1285   537    0.16263   43  244    0.19714    0.14794  25.0%   852  470s
  1365   596    0.15179   28  341    0.19714    0.14795  25.0%   814  476s
  1371   602    0.15588   31  318    0.19714    0.14795  25.0%   826  480s
  1382   613    0.15834   37  307    0.19714    0.14795  25.0%   839  485s
  1400   631    0.16553   46  259    0.19714    0.14795  25.0%   845  490s
  1437   661    0.19406   64  213    0.19714    0.14795  25.0%   836  495s
  1469   670    0.15037   32  366    0.19714    0.14795  25.0%   833  500s
  1480   681    0.15636   37  342    0.19714    0.14795  25.0%   845  505s
  1492   693    0.16220   43  289    0.19714    0.14795  25.0%   854  510s
  1521   720    0.16886   58  251    0.19714    0.14795  25.0%   856  515s
  1586   750    0.15164   31  341    0.19714    0.14796  24.9%   834  520s
  1596   760    0.16046   36  316    0.19714    0.14796  24.9%   849  525s
  1609   773    0.16480   42  290    0.19714    0.14796  24.9%   859  530s
  1712   826 infeasible   94         0.19714    0.14796  24.9%   821  535s
  1752   833    0.15119   32  335    0.19714    0.14796  24.9%   813  540s
  1774   855    0.16582   45  249    0.19714    0.14796  24.9%   819  545s
  1844   907    0.15223   29  356    0.19714    0.14812  24.9%   801  551s
  1857   920    0.17000   38  302    0.19714    0.14812  24.9%   804  555s
  1913   959    0.15060   28  364    0.19714    0.14812  24.9%   792  560s
  1923   969    0.15634   36  302    0.19714    0.14812  24.9%   800  565s
  1947   992    0.16579   44  253    0.19714    0.14812  24.9%   804  570s
  1975  1015    0.18116   56  202    0.19714    0.14812  24.9%   801  580s
  2019  1042    0.16309   33  297    0.19714    0.14812  24.9%   793  585s
  2055  1078    0.17393   54  225    0.19714    0.14812  24.9%   793  590s
  2081  1095    0.16143   33  335    0.19714    0.14854  24.7%   795  595s
  2118  1115    0.14953   32  327    0.19714    0.14854  24.7%   797  601s
  2129  1126    0.15612   38  279    0.19714    0.14854  24.7%   804  605s
  2196  1178    0.15296   32  299    0.19714    0.14901  24.4%   791  610s
  2231  1207    0.18154   53  219    0.19714    0.14901  24.4%   792  615s
  2267  1226    0.15253   32  297    0.19714    0.14901  24.4%   789  620s
  2286  1245    0.16231   38  248    0.19714    0.14901  24.4%   795  625s
  2369  1305    0.16135   31  385    0.19714    0.14984  24.0%   779  630s
  2386  1308    0.15649   34  279    0.19714    0.14984  24.0%   785  635s
  2421  1332    0.15988   37  288    0.19714    0.14997  23.9%   787  640s
  2475  1372    0.15499   36  279    0.19714    0.14997  23.9%   782  645s
  2526  1406    0.15966   44  247    0.19714    0.14999  23.9%   777  650s
  2564  1436    0.16755   42  242    0.19714    0.15017  23.8%   777  655s
  2611  1465    0.15376   34  269    0.19714    0.15017  23.8%   773  660s
  2694  1529    0.16965   46  203    0.19714    0.15037  23.7%   760  665s
  2748  1561    0.15190   33  359    0.19714    0.15038  23.7%   755  670s
  2761  1574    0.17660   41  276    0.19714    0.15038  23.7%   762  675s
  2803  1596    0.16992   38  277    0.19714    0.15047  23.7%   762  680s
  2851  1629    0.15261   30  312    0.19714    0.15048  23.7%   761  686s
  2877  1647    0.15340   33  295    0.19714    0.15060  23.6%   762  690s
  2953  1693    0.15975   34  322    0.19714    0.15069  23.6%   751  695s
  2958  1698    0.18289   39  293    0.19714    0.15069  23.6%   752  716s
  2977  1702    0.15532   36  321    0.19714    0.15069  23.6%   753  720s
  3010  1720    0.15417   34  337    0.19714    0.15087  23.5%   752  725s
  3062  1770    0.18605   70  159    0.19714    0.15087  23.5%   747  730s
  3111  1797    0.15601   37  307    0.19714    0.15097  23.4%   744  735s
  3153  1827    0.17290   44  238    0.19714    0.15097  23.4%   742  740s
  3199  1858    0.18673   47  213    0.19714    0.15099  23.4%   739  745s
  3225  1869    0.15946   35  304    0.19714    0.15101  23.4%   742  750s
  3254  1888    0.18138   47  204    0.19714    0.15101  23.4%   743  755s
  3328  1924    0.15799   36  304    0.19714    0.15101  23.4%   734  760s
  3360  1946    0.17253   40  273    0.19714    0.15102  23.4%   735  765s
  3421  1982     cutoff   56         0.19714    0.15119  23.3%   730  770s
  3434  1993    0.17728   41  245    0.19714    0.15119  23.3%   735  775s
  3471  2018    0.16222   35  292    0.19714    0.15130  23.3%   735  780s
  3507  2041    0.15612   31  308    0.19714    0.15130  23.3%   736  785s
  3609  2103    0.15257   29  319    0.19714    0.15136  23.2%   721  790s
  3644  2128    0.15475   36  360    0.19714    0.15138  23.2%   721  796s
  3680  2146    0.15585   32  333    0.19714    0.15141  23.2%   722  800s
  3707  2166    0.16475   31  302    0.19714    0.15142  23.2%   723  805s
  3743  2183    0.16121   41  307    0.19714    0.15142  23.2%   725  810s
  3771  2203    0.16830   44  259    0.19714    0.15149  23.2%   726  815s
  3832  2236    0.15389   33  328    0.19714    0.15151  23.1%   722  820s
  3860  2264    0.17920   44  264    0.19714    0.15151  23.1%   725  825s
  3918  2273    0.15296   32  345    0.19714    0.15160  23.1%   721  830s
  3937  2284    0.17465   44  226    0.19714    0.15160  23.1%   725  835s
  3941  2288    0.19018   48  191    0.19714    0.15160  23.1%   724  865s
  3961  2301    0.18023   41  250    0.19714    0.15164  23.1%   728  870s
  4013  2331    0.15329   34  304    0.19714    0.15167  23.1%   728  875s
  4035  2353    0.18692   45  248    0.19714    0.15167  23.1%   731  880s
  4143  2416 infeasible   43         0.19714    0.15167  23.1%   720  885s
  4181  2443    0.19212   64  173    0.19714    0.15175  23.0%   720  890s
  4210  2460    0.19361   56  253    0.19714    0.15176  23.0%   722  895s
  4274  2505    0.15280   28  359    0.19714    0.15177  23.0%   718  901s
  4316  2537    0.15548   31  351    0.19714    0.15183  23.0%   717  905s
  4346  2559    0.15434   40  314    0.19714    0.15183  23.0%   719  910s
  4372  2578    0.16992   41  289    0.19714    0.15195  22.9%   721  915s
  4454  2640    0.19144   65  137    0.19714    0.15196  22.9%   716  920s
  4524  2683    0.16847   49  249    0.19714    0.15208  22.9%   711  925s
  4589  2713    0.15547   34  361    0.19714    0.15211  22.8%   708  930s
  4634  2748    0.19396   48  214    0.19714    0.15211  22.8%   707  935s
  4682  2768     cutoff   50         0.19714    0.15211  22.8%   707  940s
  4713  2791    0.15641   38  344    0.19714    0.15214  22.8%   709  945s
  4733  2803    0.16253   34  303    0.19714    0.15219  22.8%   710  950s
  4759  2829    0.17318   47  268    0.19714    0.15219  22.8%   712  955s
  4812  2854    0.16461   47  269    0.19714    0.15223  22.8%   710  960s
  4862  2888    0.17569   37  343    0.19714    0.15223  22.8%   708  965s
  4876  2898 infeasible   41         0.19714    0.15223  22.8%   711  970s
  4897  2907    0.15787   33  356    0.19714    0.15234  22.7%   713  981s
  4900  2910    0.16029   36  298    0.19714    0.15234  22.7%   714  985s
  4904  2914    0.16200   40  293    0.19714    0.15234  22.7%   714  990s
  4912  2922    0.17923   48  219    0.19714    0.15234  22.7%   714  995s
  4926  2934    0.19378   61  166    0.19714    0.15234  22.7%   712 1000s
  4941  2941    0.18088   40  278    0.19714    0.15235  22.7%   712 1005s
  4981  2959    0.15477   33  368    0.19714    0.15237  22.7%   711 1010s
  5002  2971    0.15528   33  366    0.19714    0.15239  22.7%   714 1015s
  5041  2994    0.15291   31  343    0.19714    0.15239  22.7%   713 1020s
  5056  3000    0.15384   34  359    0.19714    0.15240  22.7%   715 1025s
  5101  3027    0.15381   31  345    0.19714    0.15251  22.6%   714 1031s
  5117  3043    0.16558   46  252    0.19714    0.15251  22.6%   716 1035s
  5186  3096    0.19088   50  238    0.19714    0.15251  22.6%   710 1040s
  5194  3099    0.15669   35  332    0.19714    0.15251  22.6%   714 1045s
H 5203  3075                       0.1960247    0.15251  22.2%   714 1050s
  5217  3082    0.16310   35  304    0.19602    0.15253  22.2%   716 1055s
  5315  3148    0.15549   34  325    0.19602    0.15256  22.2%   708 1060s
  5350  3175    0.17237   40  271    0.19602    0.15257  22.2%   708 1065s
  5371  3189    0.16083   36  300    0.19602    0.15258  22.2%   709 1070s
  5481  3248    0.18885   91  158    0.19602    0.15258  22.2%   700 1075s
  5547  3276    0.15545   34  363    0.19602    0.15262  22.1%   697 1080s
  5591  3303    0.15299   30  355    0.19602    0.15263  22.1%   697 1085s
  5610  3322    0.17586   43  272    0.19602    0.15263  22.1%   699 1090s
  5662  3349    0.17196   42  284    0.19602    0.15268  22.1%   699 1095s
H 5664  3345                       0.1959236    0.15268  22.1%   698 1095s
H 5664  3331                       0.1956362    0.15268  22.0%   698 1095s
  5688  3346    0.18668   43  287    0.19564    0.15269  22.0%   700 1100s
  5732  3367    0.15805   36  278    0.19564    0.15271  21.9%   699 1105s
  5772  3393    0.18025   47  252    0.19564    0.15273  21.9%   698 1110s
  5807  3407    0.15633   31  384    0.19564    0.15276  21.9%   699 1115s
  5831  3431    0.18951   55  189    0.19564    0.15276  21.9%   701 1120s
  5866  3446    0.16485   33  300    0.19564    0.15280  21.9%   701 1125s
  5906  3472    0.16900   40  247    0.19564    0.15282  21.9%   701 1130s
  5937  3487    0.15654   33  311    0.19564    0.15282  21.9%   701 1135s
  5953  3503    0.17228   48  227    0.19564    0.15282  21.9%   701 1142s
  5997  3536    0.15556   29  297    0.19564    0.15282  21.9%   697 1145s
  6030  3554    0.15432   35  288    0.19564    0.15284  21.9%   698 1150s
  6103  3611    0.16131   33  324    0.19564    0.15287  21.9%   694 1155s
  6162  3652    0.15504   31  407    0.19564    0.15290  21.8%   693 1160s
  6178  3668    0.17563   47  257    0.19564    0.15290  21.8%   695 1165s
  6227  3704    0.18845   59  188    0.19564    0.15290  21.8%   694 1170s
  6267  3720    0.15563   35  316    0.19564    0.15292  21.8%   694 1175s
  6332  3767    0.18207   38  284    0.19564    0.15294  21.8%   691 1180s
  6386  3797    0.15588   32  355    0.19564    0.15295  21.8%   690 1185s
  6421  3832    0.18270   48  166    0.19564    0.15295  21.8%   691 1190s
  6518  3891    0.19260   44  241    0.19564    0.15296  21.8%   684 1195s
  6560  3918    0.16742   42  260    0.19564    0.15300  21.8%   684 1200s
  6615  3953    0.16458   42  280    0.19564    0.15301  21.8%   682 1205s
  6652  3971     cutoff   45         0.19564    0.15302  21.8%   683 1210s
  6675  3980    0.15961   31  412    0.19564    0.15308  21.8%   685 1215s
  6686  3991    0.17839   38  248    0.19564    0.15308  21.8%   688 1220s
  6731  4007    0.16556   33  292    0.19564    0.15308  21.8%   688 1225s
  6765  4030    0.16139   35  273    0.19564    0.15308  21.8%   688 1230s
  6840  4084    0.15649   35  315    0.19564    0.15310  21.7%   684 1235s
  6883  4112    0.15443   31  388    0.19564    0.15312  21.7%   684 1240s
  6927  4147    0.15673   34  323    0.19564    0.15313  21.7%   683 1245s
  6977  4175    0.15414   31  352    0.19564    0.15316  21.7%   681 1250s
  7021  4205    0.15840   36  281    0.19564    0.15317  21.7%   682 1255s
  7042  4218    0.16723   40  281    0.19564    0.15317  21.7%   683 1260s
  7076  4232    0.15833   39  299    0.19564    0.15319  21.7%   684 1265s
  7100  4245    0.15600   37  341    0.19564    0.15321  21.7%   685 1270s
  7138  4283    0.18754   59  172    0.19564    0.15321  21.7%   684 1275s
  7188  4315    0.15564   35  324    0.19564    0.15322  21.7%   683 1280s
  7194  4321    0.17185   41  273    0.19564    0.15322  21.7%   684 1288s
  7213  4324    0.19217   46  256    0.19564    0.15322  21.7%   683 1290s
  7238  4327    0.16817   37  301    0.19564    0.15324  21.7%   685 1295s
  7266  4346    0.16382   43  284    0.19564    0.15325  21.7%   685 1300s
  7312  4374    0.19148   46  227    0.19564    0.15327  21.7%   684 1305s
  7333  4387    0.15792   35  303    0.19564    0.15329  21.6%   686 1310s
  7359  4404    0.16221   38  272    0.19564    0.15331  21.6%   687 1315s
  7399  4431    0.16958   43  257    0.19564    0.15332  21.6%   687 1320s
  7452  4456    0.18497   39  271    0.19564    0.15335  21.6%   686 1325s
  7479  4465    0.18080   42  275    0.19564    0.15336  21.6%   687 1330s
  7518  4478    0.18763   43  279    0.19564    0.15337  21.6%   687 1335s
  7562  4505    0.18872   51  239    0.19564    0.15339  21.6%   686 1340s
  7602  4535    0.19330   68  175    0.19564    0.15340  21.6%   686 1345s
  7641  4551    0.15680   37  300    0.19564    0.15343  21.6%   686 1350s
  7697  4592    0.15596   35  368    0.19564    0.15345  21.6%   684 1355s
  7761  4627    0.16067   35  326    0.19564    0.15347  21.6%   681 1360s
  7793  4649    0.15780   34  312    0.19564    0.15347  21.6%   681 1365s
  7829  4671    0.15744   36  326    0.19564    0.15347  21.6%   681 1370s
  7882  4702    0.16198   34  348    0.19564    0.15347  21.6%   679 1375s
  7933  4706    0.18168   41  274    0.19564    0.15347  21.6%   679 1380s
  7960  4715    0.16749   37  308    0.19564    0.15348  21.5%   680 1385s
  7977  4730    0.18143   42  268    0.19564    0.15348  21.5%   682 1390s
  8033  4759    0.16432   39  277    0.19564    0.15349  21.5%   681 1395s
  8162  4807    0.15791   43  352    0.19564    0.15349  21.5%   673 1400s
  8198  4835    0.17829   40  287    0.19564    0.15349  21.5%   673 1405s
  8231  4854     cutoff   56         0.19564    0.15350  21.5%   674 1410s
  8277  4885    0.16277   36  277    0.19564    0.15354  21.5%   673 1415s
  8309  4902    0.16093   39  269    0.19564    0.15357  21.5%   674 1420s
  8348  4924    0.15664   32  372    0.19564    0.15358  21.5%   674 1425s
  8377  4941    0.15512   31  334    0.19564    0.15359  21.5%   675 1430s
  8381  4945    0.16676   35  284    0.19564    0.15359  21.5%   675 1440s
  8415  4956    0.15527   30  311    0.19564    0.15364  21.5%   676 1445s
  8437  4969    0.15842   36  296    0.19564    0.15365  21.5%   678 1450s
  8472  4998    0.18610   53  192    0.19564    0.15365  21.5%   677 1455s
  8526  5022    0.15744   35  347    0.19564    0.15368  21.4%   677 1460s
  8592  5074    0.15777   33  291    0.19564    0.15369  21.4%   674 1465s
  8646  5111    0.15592   31  368    0.19564    0.15374  21.4%   674 1470s
  8670  5133    0.17994   43  248    0.19564    0.15374  21.4%   675 1475s
  8752  5173    0.15519   33  298    0.19564    0.15376  21.4%   671 1480s
  8798  5203     cutoff   51         0.19564    0.15377  21.4%   671 1485s
  8833  5221    0.17328   40  273    0.19564    0.15381  21.4%   672 1490s
  8869  5247    0.18486   43  280    0.19564    0.15381  21.4%   672 1495s
  8887  5257    0.17222   41  297    0.19564    0.15382  21.4%   674 1500s
  8936  5278    0.16027   35  342    0.19564    0.15382  21.4%   673 1505s
  8969  5296    0.16428   38  282    0.19564    0.15382  21.4%   674 1510s
  9014  5321    0.15976   35  298    0.19564    0.15386  21.4%   673 1515s
  9049  5340    0.17295   41  261    0.19564    0.15386  21.4%   674 1520s
  9082  5352    0.15616   33  307    0.19564    0.15390  21.3%   675 1525s
  9103  5361    0.16230   39  236    0.19564    0.15390  21.3%   676 1530s
  9158  5400    0.17451   40  295    0.19564    0.15392  21.3%   675 1535s
  9177  5410    0.15671   35  320    0.19564    0.15392  21.3%   676 1540s
  9199  5426     cutoff   42         0.19564    0.15392  21.3%   678 1545s
  9245  5451    0.19108   53  200    0.19564    0.15393  21.3%   677 1550s
  9325  5504    0.15695   32  370    0.19564    0.15394  21.3%   675 1556s
  9353  5522    0.16134   34  244    0.19564    0.15397  21.3%   675 1560s
  9424  5570    0.15609   34  321    0.19564    0.15398  21.3%   673 1565s
  9472  5579    0.16363   33  322    0.19564    0.15398  21.3%   673 1570s
  9489  5586    0.15913   34  343    0.19564    0.15399  21.3%   674 1575s
  9526  5604     cutoff   45         0.19564    0.15399  21.3%   675 1580s
  9542  5620    0.17352   47  237    0.19564    0.15399  21.3%   676 1585s
  9594  5646    0.16183   45  268    0.19564    0.15401  21.3%   675 1590s
  9639  5677    0.16079   33  323    0.19564    0.15401  21.3%   675 1595s
  9663  5698    0.19360   42  259    0.19564    0.15401  21.3%   676 1600s
  9700  5715 infeasible   52         0.19564    0.15407  21.2%   677 1605s
  9731  5730    0.17264   38  297    0.19564    0.15412  21.2%   677 1610s
  9796  5773    0.15699   33  309    0.19564    0.15414  21.2%   676 1615s
  9831  5790    0.16011   32  378    0.19564    0.15414  21.2%   675 1620s
  9850  5798    0.15780   32  394    0.19564    0.15414  21.2%   677 1625s
  9865  5813    0.17235   40  299    0.19564    0.15414  21.2%   678 1630s
  9907  5833    0.15782   37  369    0.19564    0.15416  21.2%   679 1635s
  9926  5845    0.16491   34  325    0.19564    0.15417  21.2%   679 1640s
  9959  5868    0.16756   45  267    0.19564    0.15417  21.2%   680 1645s
 10006  5896    0.16361   34  332    0.19564    0.15423  21.2%   679 1650s
 10020  5906    0.18854   40  300    0.19564    0.15423  21.2%   681 1655s
 10035  5920    0.18820   43  315    0.19564    0.15423  21.2%   682 1670s
 10052  5920    0.17234   37  264    0.19564    0.15424  21.2%   683 1675s
 10117  5962    0.16503   40  297    0.19564    0.15425  21.2%   682 1680s
 10143  5968    0.16505   40  302    0.19564    0.15426  21.2%   681 1685s
 10191  5998    0.16529   37  309    0.19564    0.15428  21.1%   681 1690s

Cutting planes:
  Learned: 38
  Gomory: 10
  Cover: 134
  Implied bound: 453
  Projected implied bound: 156
  Clique: 39
  MIR: 563
  Mixing: 7
  StrongCG: 26
  Flow cover: 1065
  GUB cover: 7
  Zero half: 3
  Network: 71
  RLT: 38
  Relax-and-lift: 88
  BQP: 16
  PSD: 1

Explored 10202 nodes (7008520 simplex iterations) in 1783.97 seconds (3894.81 work units)
Thread count was 1 (of 20 available processors)

Solution count 10: 0.195636 0.195924 0.196025 ... 0.197357

Time limit reached
Best objective 1.956362065490e-01, best bound 1.542761293287e-01, gap 21.1413%

User-callback calls 303121, time in user-callback 0.07 sec
