
Gurobi 13.0.2 (win64) logging started Sun Aug  9 21:44:36 2026

Set parameter LogFile to value "E:\codes\ExactEBRP\results\gf_simple_start_qualification_round35\runs\matrix1800__round32_multi_m_tight_T_V20_M4_seed2095231402__c6_simple_start__1800s\native.log"
Set parameter Threads to value 1
Set parameter Presolve to value -1
Set parameter Seed to value 0
Set parameter MIPGap to value 0
Set parameter MIPGapAbs to value 0
Warning: unknown variable 'r_max' in bounds section (line 17682)
Warning: unknown variable 'r_min' in bounds section (line 17683)
Read LP format model from file E:\codes\ExactEBRP\results\gf_simple_start_qualification_round35\runs\matrix1800__round32_multi_m_tight_T_V20_M4_seed2095231402__c6_simple_start__1800s\external\models\L0.lp
Reading time = 0.03 seconds
obj: 15119 rows, 4340 columns, 83923 nonzeros
Set parameter TimeLimit to value 1784.8512807
Warning: unknown variable 'r_max' in bounds section (line 17682)
Warning: unknown variable 'r_min' in bounds section (line 17683)
Read LP format model from file E:\codes\ExactEBRP\results\gf_simple_start_qualification_round35\runs\matrix1800__round32_multi_m_tight_T_V20_M4_seed2095231402__c6_simple_start__1800s\external\models\L1.lp
Reading time = 0.03 seconds
obj: 15119 rows, 4340 columns, 84169 nonzeros
Set parameter TimeLimit to value 1784.35728
Warning: unknown variable 'r_max' in bounds section (line 17682)
Warning: unknown variable 'r_min' in bounds section (line 17683)
Warning: Numeric variable name in LP file ('0') - often the result
         of a constant term in the left-hand side of a constraint.

Read LP format model from file E:\codes\ExactEBRP\results\gf_simple_start_qualification_round35\runs\matrix1800__round32_multi_m_tight_T_V20_M4_seed2095231402__c6_simple_start__1800s\external\models\L2.lp
Reading time = 0.03 seconds
obj: 15119 rows, 4341 columns, 84162 nonzeros
Set parameter TimeLimit to value 1783.7271988
Warning: unknown variable 'r_max' in bounds section (line 17682)
Warning: unknown variable 'r_min' in bounds section (line 17683)
Warning: Numeric variable name in LP file ('0') - often the result
         of a constant term in the left-hand side of a constraint.

Read LP format model from file E:\codes\ExactEBRP\results\gf_simple_start_qualification_round35\runs\matrix1800__round32_multi_m_tight_T_V20_M4_seed2095231402__c6_simple_start__1800s\external\models\L3.lp
Reading time = 0.03 seconds
obj: 15119 rows, 4341 columns, 83782 nonzeros
Set parameter TimeLimit to value 1783.5525245
Warning: unknown variable 'r_max' in bounds section (line 17682)
Warning: unknown variable 'r_min' in bounds section (line 17683)
Read LP format model from file E:\codes\ExactEBRP\results\gf_simple_start_qualification_round35\runs\matrix1800__round32_multi_m_tight_T_V20_M4_seed2095231402__c6_simple_start__1800s\external\models\L1.0.lp
Reading time = 0.03 seconds
obj: 15119 rows, 4340 columns, 84169 nonzeros
Set parameter TimeLimit to value 1783.3710712
Warning: unknown variable 'r_max' in bounds section (line 17682)
Warning: unknown variable 'r_min' in bounds section (line 17683)
Read LP format model from file E:\codes\ExactEBRP\results\gf_simple_start_qualification_round35\runs\matrix1800__round32_multi_m_tight_T_V20_M4_seed2095231402__c6_simple_start__1800s\external\models\L1.1.lp
Reading time = 0.03 seconds
obj: 15119 rows, 4340 columns, 84169 nonzeros
Set parameter TimeLimit to value 1782.6835278
