
Gurobi 13.0.2 (win64) logging started Sun Aug  9 22:15:01 2026

Set parameter LogFile to value "E:\codes\ExactEBRP\results\gf_simple_start_qualification_round35\runs\matrix1800__round32_multi_m_high_imbalance_V50_M2_seed910922492__c6_simple_start__1800s\external\native_logs\L2_terminal_mip.gurobi.log"
Gurobi Optimizer version 13.0.2 build v13.0.2rc1 (win64 - Windows 10.0 (19045.2))

CPU model: 12th Gen Intel(R) Core(TM) i7-12700KF, instruction set [SSE2|AVX|AVX2]
Thread count: 12 physical cores, 20 logical processors, using up to 1 threads

Non-default parameters:
TimeLimit  1745.250964
MIPGap  0
MIPGapAbs  0
LogToConsole  0
Threads  1

Optimize a model with 73989 rows, 12783 columns and 563715 nonzeros (Min)
Model fingerprint: 0x24811a26
Model has 51 linear objective coefficients
Variable types: 6856 continuous, 5927 integer (5577 binary)
Coefficient statistics:
  Matrix range     [1e-02, 2e+04]
  Objective range  [1e-02, 1e+00]
  Bounds range     [5e-01, 1e+04]
  RHS range        [5e-01, 5e+04]

Presolved: 59348 rows, 12615 columns, 367628 nonzeros

Continuing optimization...

     0     0    4.67089    0  317          -    4.67089      -     -   11s
     0     0    4.67089    0  312          -    4.67089      -     -   11s
     0     0    4.67348    0  271          -    4.67348      -     -   11s
     0     0    4.69405    0  230          -    4.69405      -     -   13s
     0     0    4.69428    0  209          -    4.69428      -     -   13s
     0     0    4.70042    0  291          -    4.70042      -     -   14s
     0     0    4.70241    0  310          -    4.70241      -     -   15s
     0     0    4.71070    0  333          -    4.71070      -     -   16s
     0     0    4.71106    0  282          -    4.71106      -     -   16s
     0     0    4.71602    0  306          -    4.71602      -     -   17s
     0     0    4.71669    0  359          -    4.71669      -     -   18s
     0     0    4.71802    0  302          -    4.71802      -     -   19s
     0     0    4.71850    0  317          -    4.71850      -     -   20s
     0     0    4.72247    0  344          -    4.72247      -     -   21s
     0     0    4.72286    0  362          -    4.72286      -     -   21s
     0     0    4.72385    0  278          -    4.72385      -     -   22s
     0     0    4.72444    0  343          -    4.72444      -     -   23s
     0     0    4.72564    0  319          -    4.72564      -     -   24s
     0     0    4.72577    0  429          -    4.72577      -     -   25s
     0     0    4.72647    0  357          -    4.72647      -     -   26s
     0     0    4.72656    0  386          -    4.72656      -     -   26s
     0     0    4.72673    0  384          -    4.72673      -     -   27s
     0     0    4.72680    0  424          -    4.72680      -     -   28s
     0     0    4.72694    0  400          -    4.72694      -     -   29s
     0     0    4.72694    0  400          -    4.72694      -     -   30s
     0     0    4.72694    0  386          -    4.72694      -     -   30s
     0     2    4.72701    0  385          -    4.72701      -     -   34s
     1     3    4.77745    1  336          -    4.72701      -  1396   35s
H    5     3                       4.8938437    4.79524  2.01%  1317   42s
H    5     3                       4.8936865    4.79524  2.01%  1317   43s
H    5     3                       4.8928020    4.79524  1.99%  1317   43s
H   11     9                       4.8926886    4.79524  1.99%   707   44s
    15    11 infeasible   10         4.89269    4.79524  1.99%   706   45s
    31    16    4.86103    3  267    4.89269    4.85691  0.73%   665   50s
    75    58    4.88109   45  138    4.89269    4.85691  0.73%   375   55s
H  103    77                       4.8920341    4.85691  0.72%   319   57s
H  103    77                       4.8918553    4.85691  0.71%   319   58s
   117    82    4.88942   10  294    4.89186    4.85890  0.67%   310   60s
   132    77    4.86951    7  354    4.89186    4.86148  0.62%   349   65s
H  133    76                       4.8916686    4.86148  0.62%   347   66s
H  133    76                       4.8914234    4.86148  0.61%   347   66s
H  133    76                       4.8912892    4.86148  0.61%   347   66s
H  133    76                       4.8912274    4.86148  0.61%   347   66s
H  133    76                       4.8903546    4.86148  0.59%   347   66s
H  133    74                       4.8901746    4.86148  0.59%   347   66s
   160   102    4.88099   34  188    4.89017    4.86148  0.59%   341   70s
   254   163     cutoff    4         4.89017    4.86158  0.58%   261   75s
   284   168    4.87857   13  319    4.89017    4.86387  0.54%   266   80s
H  287   169                       4.8901684    4.86387  0.54%   266   80s
   317   187    4.88080   16  326    4.89017    4.86477  0.52%   285   85s
   349   196    4.87426    7  300    4.89017    4.86503  0.51%   290   90s
   373   194     cutoff   11         4.89017    4.87294  0.35%   297   95s
   415   205    4.88106   25  318    4.89017    4.87443  0.32%   295  100s
   435   216    4.87945   21  216    4.89017    4.87502  0.31%   300  105s
   463   223 infeasible   11         4.89017    4.87559  0.30%   305  110s
   489   230 infeasible   13         4.89017    4.87618  0.29%   318  115s
   510   242    4.88730   25  224    4.89017    4.87628  0.28%   322  120s
   576   258     cutoff    6         4.89017    4.87835  0.24%   317  125s
   635   274    4.88875   21  100    4.89017    4.87899  0.23%   310  130s
   667   257 infeasible   24         4.89017    4.87956  0.22%   316  135s
H  695   270                       4.8899440    4.87970  0.21%   312  141s
   714   274    4.88602   46  152    4.88994    4.87996  0.20%   308  145s
   755   263    4.88430   31  136    4.88994    4.88073  0.19%   305  150s
   842   311    4.88720   31  342    4.88994    4.88109  0.18%   291  155s
   887   313    4.88538   51   64    4.88994    4.88129  0.18%   293  160s
   931   286 infeasible   40         4.88994    4.88270  0.15%   294  165s
   972   297    4.88854   32   42    4.88994    4.88308  0.14%   297  170s
  1044   325    4.88695   49  138    4.88994    4.88347  0.13%   291  175s
  1131   353 infeasible   26         4.88994    4.88395  0.12%   280  180s
  1188   365 infeasible   34         4.88994    4.88414  0.12%   277  185s
  1252   376 infeasible   37         4.88994    4.88489  0.10%   272  190s
  1344   407 infeasible   58         4.88994    4.88522  0.10%   264  195s
  1379   413    4.88938   29   75    4.88994    4.88533  0.09%   267  200s
  1462   440    4.88782   27   79    4.88994    4.88547  0.09%   263  206s
  1511   453    4.88662   37   73    4.88994    4.88555  0.09%   263  210s
  1589   471    4.88966   75   60    4.88994    4.88578  0.09%   261  215s
  1703   488    4.88803   73   69    4.88994    4.88611  0.08%   256  220s
  1790   476    4.88794   39   97    4.88994    4.88654  0.07%   254  225s
  1893   456 infeasible   49         4.88994    4.88695  0.06%   253  230s
  1975   458    4.88949   45   62    4.88994    4.88713  0.06%   251  235s
  2099   476    4.88965   41  105    4.88994    4.88731  0.05%   246  240s
  2146   470    4.88962   56   94    4.88994    4.88741  0.05%   247  245s
  2197   456    4.88925   31   75    4.88994    4.88755  0.05%   247  250s
  2242   430     cutoff   31         4.88994    4.88769  0.05%   250  255s
  2334   389     cutoff   57         4.88994    4.88802  0.04%   252  260s
  2420   360     cutoff   12         4.88994    4.88827  0.03%   250  265s
  2465   324     cutoff   35         4.88994    4.88847  0.03%   253  270s
  2581   291    4.88954   50   65    4.88994    4.88872  0.02%   251  275s
  2643   242     cutoff   67         4.88994    4.88888  0.02%   251  280s
  2733   172     cutoff   23         4.88994    4.88914  0.02%   248  285s
  2823   116     cutoff   24         4.88994    4.88942  0.01%   244  290s

Cutting planes:
  Learned: 28
  Gomory: 1
  Cover: 137
  Implied bound: 1109
  Clique: 18
  MIR: 1141
  StrongCG: 30
  Flow cover: 599
  GUB cover: 9
  Zero half: 10
  Network: 31
  RLT: 9
  Relax-and-lift: 175
  BQP: 3

Explored 2959 nodes (730522 simplex iterations) in 292.70 seconds (779.13 work units)
Most recent optimization runtime was 284.61 seconds (760.74 work units)
Thread count was 1 (of 20 available processors)

Solution count 10: 4.88994 4.89017 4.89017 ... 4.89203

Optimal solution found (tolerance 0.00e+00)
Best objective 4.889944045091e+00, best bound 4.889944045091e+00, gap 0.0000%

User-callback calls 30925, time in user-callback 0.02 sec
