
Gurobi 13.0.2 (win64) logging started Fri Jul 24 22:45:10 2026

Set parameter LogFile to value "E:\codes\ExactEBRP\results\gf_nonblocking_gurobi_c6_round31\runs\stage2__high_imbalance_seed6202__c6_candidate__300s\external\native_logs\L2_terminal_mip.gurobi.log"
Gurobi Optimizer version 13.0.2 build v13.0.2rc1 (win64 - Windows 10.0 (19045.2))

CPU model: 12th Gen Intel(R) Core(TM) i7-12700KF, instruction set [SSE2|AVX|AVX2]
Thread count: 12 physical cores, 20 logical processors, using up to 1 threads

Non-default parameters:
TimeLimit  216.1668627
MIPGap  0
MIPGapAbs  0
LogToConsole  0
Threads  1

Optimize a model with 93009 rows, 18187 columns and 665803 nonzeros (Min)
Model fingerprint: 0x7eb3fb38
Model has 51 linear objective coefficients
Variable types: 9458 continuous, 8729 integer (8229 binary)
Coefficient statistics:
  Matrix range     [1e-02, 2e+04]
  Objective range  [1e-02, 1e+00]
  Bounds range     [5e-01, 5e+04]
  RHS range        [5e-01, 1e+05]

Presolved: 76506 rows, 18026 columns, 525650 nonzeros

Continuing optimization...

     0     0    7.78506    0  437          -    7.78506      -     -   22s
     0     0    7.78506    0  432          -    7.78506      -     -   23s
     0     0    7.78750    0  399          -    7.78750      -     -   24s
     0     0    7.95866    0  417          -    7.95866      -     -   26s
     0     0    8.27038    0  355          -    8.27038      -     -   29s
     0     0    8.41684    0  388          -    8.41684      -     -   31s
     0     0    8.47335    0  312          -    8.47335      -     -   32s
     0     0    8.48029    0  465          -    8.48029      -     -   33s
     0     0    8.49008    0  363          -    8.49008      -     -   33s
     0     0    8.51366    0  302          -    8.51366      -     -   33s
     0     0    8.51618    0  349          -    8.51618      -     -   34s
     0     0    8.51635    0  334          -    8.51635      -     -   34s
     0     0    8.51639    0  334          -    8.51639      -     -   34s
     0     0    8.55977    0  295          -    8.55977      -     -   35s
     0     0    8.57376    0  298          -    8.57376      -     -   37s
     0     0    8.57437    0  327          -    8.57437      -     -   37s
     0     0    8.57470    0  366          -    8.57470      -     -   37s
     0     0    8.57473    0  348          -    8.57473      -     -   37s
     0     0    8.58834    0  310          -    8.58834      -     -   38s
     0     0    8.58994    0  313          -    8.58994      -     -   53s
     0     0    8.59025    0  322          -    8.59025      -     -   53s
     0     0    8.59026    0  315          -    8.59026      -     -   53s
     0     0    8.62138    0  326          -    8.62138      -     -   55s
     0     0    8.62298    0  307          -    8.62298      -     -   56s
     0     0    8.62330    0  331          -    8.62330      -     -   57s
     0     0    8.62333    0  348          -    8.62333      -     -   57s
     0     0    8.64397    0  288          -    8.64397      -     -   58s
     0     0    8.65322    0  373          -    8.65322      -     -   60s
     0     0    8.65498    0  338          -    8.65498      -     -   60s
     0     0    8.65530    0  355          -    8.65530      -     -   60s
     0     0    8.65531    0  325          -    8.65531      -     -   60s
     0     0    8.66737    0  366          -    8.66737      -     -   61s
     0     0    8.66872    0  410          -    8.66872      -     -   65s
     0     0    8.66940    0  337          -    8.66940      -     -   65s
     0     0    8.67007    0  387          -    8.67007      -     -   66s
     0     0    8.67039    0  368          -    8.67039      -     -   66s
     0     0    8.67046    0  370          -    8.67046      -     -   66s
     0     0    8.67690    0  381          -    8.67690      -     -   67s
     0     0    8.67733    0  438          -    8.67733      -     -   69s
     0     0    8.67747    0  414          -    8.67747      -     -   69s
     0     0    8.67980    0  470          -    8.67980      -     -   70s
     0     0    8.68024    0  376          -    8.68024      -     -   73s
     0     0    8.68048    0  382          -    8.68048      -     -   73s
     0     0    8.68055    0  400          -    8.68055      -     -   73s
     0     0    8.68146    0  509          -    8.68146      -     -   75s
     0     0    8.68171    0  396          -    8.68171      -     -   76s
     0     0    8.68180    0  402          -    8.68180      -     -   76s
     0     0    8.68573    0  398          -    8.68573      -     -   78s
     0     0    8.68598    0  514          -    8.68598      -     -   84s
     0     0    8.68601    0  416          -    8.68601      -     -   84s
     0     0    8.68689    0  486          -    8.68689      -     -   85s
     0     0    8.68710    0  388          -    8.68710      -     -   87s
     0     0    8.68715    0  529          -    8.68715      -     -   87s
     0     0    8.68754    0  421          -    8.68754      -     -   88s
     0     0    8.68767    0  418          -    8.68767      -     -   95s
     0     0    8.68819    0  407          -    8.68819      -     -   96s
     0     0    8.68819    0  406          -    8.68819      -     -   97s
     0     0    8.68819    0  399          -    8.68819      -     -   97s
     0     2    8.68819    0  399          -    8.68819      -     -  111s
     1     3    8.72296    1  337          -    8.68830      -   690  112s
H    2     2                       9.8152461    8.68830  11.5%   345  114s
H    2     2                       9.8143393    8.68830  11.5%   345  114s
H    2     2                       9.8139106    8.68830  11.5%   345  114s
     3     5    8.82895    2  297    9.81391    8.72341  11.1%   832  115s
    11    13    8.90319    6  309    9.81391    8.77048  10.6%   855  120s
    23    23    8.94879   12  352    9.81391    8.77048  10.6%   692  125s
    53    52    8.99272   37  338    9.81391    8.77048  10.6%   414  130s
   101    94    9.17750   72  270    9.81391    8.77048  10.6%   281  135s
   133   119    8.88195    4  320    9.81391    8.77084  10.6%   266  140s
   160   146    9.11919   25  336    9.81391    8.77084  10.6%   265  145s
   198   180    9.32542   55  326    9.81391    8.77084  10.6%   248  150s
   239   221    9.53780   90  347    9.81391    8.77084  10.6%   238  155s
   280   259    9.68584  123  338    9.81391    8.77084  10.6%   235  160s
   297   270    9.69875  137  340    9.81391    8.77084  10.6%   266  165s
   318   291    9.70996  157  323    9.81391    8.77084  10.6%   295  170s
   343   298 infeasible  168         9.81391    8.77084  10.6%   313  175s
   356   311    9.45213   12  463    9.81391    8.77214  10.6%   327  180s
   388   342    9.55401   35  290    9.81391    8.77214  10.6%   320  185s
   442   370    9.26645    3  369    9.81391    8.78885  10.4%   305  190s
   462   378     cutoff   13         9.81391    8.78885  10.4%   320  195s
   471   381    9.31349    7  444    9.81391    8.78898  10.4%   333  200s
   500   408    9.48737   28  414    9.81391    8.78898  10.4%   331  205s
   523   427    9.64996   46  406    9.81391    8.78898  10.4%   336  210s
   556   446    9.02201    5  287    9.81391    8.79681  10.4%   336  215s
   565   451    9.66471   11  426    9.81391    8.79681  10.4%   348  220s
   580   458    9.04819    6  395    9.81391    8.79683  10.4%   354  225s
H  588   464                       9.8124915    8.79683  10.4%   358  229s
H  588   464                       9.8108477    8.79683  10.3%   358  229s

Cutting planes:
  Learned: 32
  Gomory: 3
  Cover: 140
  Implied bound: 538
  Clique: 30
  MIR: 1187
  StrongCG: 27
  Flow cover: 589
  GUB cover: 4
  Inf proof: 1
  Zero half: 12
  Mod-K: 1
  Network: 38
  RLT: 12
  Relax-and-lift: 185
  BQP: 1

Explored 588 nodes (268296 simplex iterations) in 231.26 seconds (631.35 work units)
Most recent optimization runtime was 216.18 seconds (595.76 work units)
Thread count was 1 (of 20 available processors)

Solution count 5: 9.81085 9.81249 9.81391 ... 9.81525

Time limit reached
Best objective 9.810847745997e+00, best bound 8.796829406126e+00, gap 10.3357%

User-callback calls 23449, time in user-callback 0.01 sec
