
Gurobi 13.0.2 (win64) logging started Fri Jul 24 19:59:06 2026

Set parameter LogFile to value "E:\codes\ExactEBRP\results\gf_nonblocking_gurobi_c6_round31\runs\stage1__tight_T_seed4101__c5_candidate__300s\external\native_logs\L1_terminal_mip.gurobi.log"
Gurobi Optimizer version 13.0.2 build v13.0.2rc1 (win64 - Windows 10.0 (19045.2))

CPU model: 12th Gen Intel(R) Core(TM) i7-12700KF, instruction set [SSE2|AVX|AVX2]
Thread count: 12 physical cores, 20 logical processors, using up to 1 threads

Non-default parameters:
TimeLimit  282.9248711
MIPGap  0
MIPGapAbs  0
LogToConsole  0
Threads  1

Optimize a model with 11897 rows, 3372 columns and 67355 nonzeros (Min)
Model fingerprint: 0x61ce0ef2
Model has 21 linear objective coefficients
Variable types: 1683 continuous, 1689 integer (1489 binary)
Coefficient statistics:
  Matrix range     [7e-03, 2e+04]
  Objective range  [7e-03, 1e+00]
  Bounds range     [2e-01, 1e+03]
  RHS range        [2e-01, 5e+04]

Presolve removed 1750 rows and 80 columns
Presolve time: 0.20s
Presolved: 10147 rows, 3292 columns, 64106 nonzeros
Variable types: 1636 continuous, 1656 integer (1474 binary)

Root relaxation: objective 3.944731e-01, 3288 iterations, 0.18 seconds (0.43 work units)

    Nodes    |    Current Node    |     Objective Bounds      |     Work
 Expl Unexpl |  Obj  Depth IntInf | Incumbent    BestBd   Gap | It/Node Time

     0     0    0.39447    0  202          -    0.39447      -     -    0s
     0     0    0.41504    0  223          -    0.41504      -     -    0s
     0     0    0.45002    0  256          -    0.45002      -     -    1s
     0     0    0.45107    0  258          -    0.45107      -     -    1s
     0     0    0.46265    0  269          -    0.46265      -     -    2s
     0     0    0.46374    0  302          -    0.46374      -     -    2s
     0     0    0.46868    0  331          -    0.46868      -     -    2s
     0     0    0.46993    0  310          -    0.46993      -     -    3s
     0     0    0.47367    0  316          -    0.47367      -     -    3s
     0     0    0.47392    0  314          -    0.47392      -     -    3s
     0     0    0.47597    0  292          -    0.47597      -     -    4s
     0     0    0.47614    0  305          -    0.47614      -     -    4s
     0     0    0.47772    0  315          -    0.47772      -     -    5s
     0     0    0.47793    0  329          -    0.47793      -     -    5s
     0     0    0.47927    0  308          -    0.47927      -     -    6s
     0     0    0.47987    0  322          -    0.47987      -     -    6s
     0     0    0.48041    0  289          -    0.48041      -     -    7s
     0     0    0.48055    0  316          -    0.48055      -     -    7s
     0     0    0.48078    0  310          -    0.48078      -     -    7s
     0     0    0.48086    0  361          -    0.48086      -     -    7s
     0     0    0.48095    0  305          -    0.48095      -     -    8s
     0     0    0.48098    0  327          -    0.48098      -     -    8s
     0     0    0.48111    0  321          -    0.48111      -     -    8s
     0     0    0.48118    0  294          -    0.48118      -     -    9s
     0     0    0.48133    0  345          -    0.48133      -     -    9s
     0     0    0.48134    0  341          -    0.48134      -     -   10s
     0     0    0.48143    0  345          -    0.48143      -     -   11s
     0     0    0.48146    0  341          -    0.48146      -     -   11s
     0     0    0.48149    0  312          -    0.48149      -     -   11s
     0     0    0.48149    0  310          -    0.48149      -     -   11s
     0     0    0.48149    0  300          -    0.48149      -     -   11s
     0     2    0.48149    0  298          -    0.48149      -     -   12s
H    7     7                       0.6021379    0.48572  19.3%   960   14s
H    7     7                       0.5815042    0.48572  16.5%   960   14s
     7     9    0.48784    5  260    0.58150    0.48572  16.5%  1014   15s
H    9     9                       0.5811538    0.48572  16.4%   879   16s
H    9     9                       0.5793999    0.48572  16.2%   879   16s
    99   101    0.51065   89  226    0.57940    0.48572  16.2%   398   20s
   228   222    0.51799   31  225    0.57940    0.48577  16.2%   269   25s
   407   365    0.53304   26  216    0.57940    0.48607  16.1%   240   30s
   548   490    0.54354    7  252    0.57940    0.48608  16.1%   210   36s
   551   492    0.53792   52  334    0.57940    0.48608  16.1%   209   40s
H  554   469                       0.5703168    0.48608  14.8%   208   45s
H  554   445                       0.5629814    0.48608  13.7%   208   45s
   559   449    0.50295   28  336    0.56298    0.48608  13.7%   206   50s
   563   451    0.50900   10  350    0.56298    0.48608  13.7%   204   55s
   567   454    0.52343   21  393    0.56298    0.48608  13.7%   203   61s
   571   459    0.49874   13  331    0.56298    0.48608  13.7%   280   65s
   581   463    0.54459   18  300    0.56298    0.48635  13.6%   304   70s
H  583   440                       0.5629814    0.48635  13.6%   303   71s
   596   440    0.51046   18  334    0.56298    0.48635  13.6%   325   75s
   621   440    0.54082   30  249    0.56298    0.48635  13.6%   337   80s
   634   443    0.53267   37  236    0.56298    0.48635  13.6%   337   85s
   661   441    0.51562   18  332    0.56298    0.49058  12.9%   346   90s
   706   446    0.50168   17  331    0.56298    0.49058  12.9%   367   95s
   739   450    0.55977   23  276    0.56298    0.49876  11.4%   397  100s
   799   460    0.51742   17  287    0.56298    0.49891  11.4%   396  105s
   835   468    0.54060   26  197    0.56298    0.50690  10.0%   411  110s
   892   472    0.54829   25  210    0.56298    0.51069  9.29%   423  115s
   959   481    0.54975   45  161    0.56298    0.51199  9.06%   431  120s
  1031   484    0.53375   26  232    0.56298    0.51265  8.94%   433  125s
  1109   488    0.52906   23  248    0.56298    0.51268  8.94%   427  130s
  1151   493    0.54473   27  211    0.56298    0.51456  8.60%   434  135s
  1231   479    0.52809   17  347    0.56298    0.51471  8.57%   436  140s
  1281   494    0.53972   24  245    0.56298    0.51484  8.55%   441  145s
  1350   493    0.53637   19  313    0.56298    0.51548  8.44%   441  150s
  1379   490    0.55865   22  260    0.56298    0.51557  8.42%   453  155s
  1408   489    0.55292   28  242    0.56298    0.51612  8.32%   458  160s
  1456   495     cutoff   28         0.56298    0.51680  8.20%   459  165s
  1501   490    0.53240   23  241    0.56298    0.51797  7.99%   469  170s
  1533   488    0.54870   27  297    0.56298    0.51990  7.65%   475  175s
  1581   485    0.53003   24  301    0.56298    0.52126  7.41%   480  180s
  1631   486    0.53143   19  320    0.56298    0.52156  7.36%   483  185s
  1674   487     cutoff   31         0.56298    0.52204  7.27%   490  190s
  1719   475    0.53492   23  293    0.56298    0.52405  6.92%   500  195s
  1782   468    0.53240   22  295    0.56298    0.52490  6.76%   502  200s
  1845   461    0.54412   21  313    0.56298    0.52580  6.60%   502  205s
  1871   453    0.54826   22  272    0.56298    0.52698  6.40%   511  210s
  1947   470    0.53683   20  331    0.56298    0.52789  6.23%   508  215s
  1996   484    0.54528   22  290    0.56298    0.52845  6.13%   513  220s
  2060   507    0.54343   19  317    0.56298    0.52888  6.06%   516  225s
  2120   521    0.55341   24  217    0.56298    0.52921  6.00%   517  230s
  2167   525    0.54284   27  197    0.56298    0.52979  5.90%   517  235s
  2232   532    0.55069   26  202    0.56298    0.53045  5.78%   518  240s
  2298   543    0.53349   24  294    0.56298    0.53132  5.62%   521  245s
  2352   537    0.55921   21  335    0.56298    0.53216  5.47%   529  250s
  2414   546    0.54745   24  294    0.56298    0.53257  5.40%   532  255s
  2474   552    0.56262   24  218    0.56298    0.53285  5.35%   534  260s
  2517   561    0.55859   25  167    0.56298    0.53309  5.31%   536  265s
  2583   553    0.54111   24  284    0.56298    0.53391  5.16%   538  270s
  2663   567     cutoff   22         0.56298    0.53484  5.00%   536  275s
  2711   567    0.54470   20  316    0.56298    0.53513  4.95%   541  280s

Cutting planes:
  Learned: 10
  Cover: 64
  Implied bound: 139
  Projected implied bound: 14
  Clique: 22
  MIR: 316
  StrongCG: 18
  Flow cover: 516
  GUB cover: 6
  Zero half: 2
  Network: 31
  RLT: 5
  Relax-and-lift: 91
  BQP: 8
  PSD: 1

Explored 2774 nodes (1531312 simplex iterations) in 282.93 seconds (588.03 work units)
Thread count was 1 (of 20 available processors)

Solution count 5: 0.562981 0.5794 0.581154 ... 0.602138

Time limit reached
Best objective 5.629814001995e-01, best bound 5.357018869646e-01, gap 4.8455%

User-callback calls 54202, time in user-callback 0.01 sec
