
Gurobi 13.0.2 (win64) logging started Fri Aug  7 21:12:07 2026

Set parameter LogFile to value "E:\codes\ExactEBRP\results\gf_v10_convergence_round33\runs\stage1__round33_v10_moderate_M1_Q20_seed256070676__c6_frozen__3600s\external\native_logs\L1_c6_1_next_leaf_target_mip.gurobi.log"
Gurobi Optimizer version 13.0.2 build v13.0.2rc1 (win64 - Windows 10.0 (19045.2))

CPU model: 12th Gen Intel(R) Core(TM) i7-12700KF, instruction set [SSE2|AVX|AVX2]
Thread count: 12 physical cores, 20 logical processors, using up to 1 threads

Non-default parameters:
TimeLimit  3580.9563268
MIPGap  0
MIPGapAbs  0
LogToConsole  0
Threads  1

Optimize a model with 2538 rows, 479 columns and 17013 nonzeros (Min)
Model fingerprint: 0x0840070a
Model has 11 linear objective coefficients
Variable types: 254 continuous, 225 integer (185 binary)
Coefficient statistics:
  Matrix range     [8e-03, 1e+05]
  Objective range  [8e-03, 1e+00]
  Bounds range     [1e-01, 8e+01]
  RHS range        [1e-01, 1e+06]

Presolve removed 1739 rows and 127 columns
Presolve time: 0.06s
Presolved: 799 rows, 352 columns, 4137 nonzeros
Variable types: 188 continuous, 164 integer (135 binary)

Root relaxation: objective 4.381687e-01, 572 iterations, 0.01 seconds (0.02 work units)

    Nodes    |    Current Node    |     Objective Bounds      |     Work
 Expl Unexpl |  Obj  Depth IntInf | Incumbent    BestBd   Gap | It/Node Time

     0     0    0.43817    0   79          -    0.43817      -     -    0s

Explored 1 nodes (572 simplex iterations) in 0.07 seconds (0.11 work units)
Thread count was 1 (of 20 available processors)

Solution count 0

Solve interrupted
Best objective -, best bound 4.381687385944e-01, gap -

User-callback calls 1269, time in user-callback 0.00 sec
