
Gurobi 13.0.2 (win64) logging started Fri Aug  7 21:12:08 2026

Set parameter LogFile to value "E:\codes\ExactEBRP\results\gf_v10_convergence_round33\runs\stage1__round33_v10_moderate_M1_Q20_seed256070676__c6_frozen__3600s\external\native_logs\L2.0.0.1_lp.gurobi.log"
Gurobi Optimizer version 13.0.2 build v13.0.2rc1 (win64 - Windows 10.0 (19045.2))

CPU model: 12th Gen Intel(R) Core(TM) i7-12700KF, instruction set [SSE2|AVX|AVX2]
Thread count: 12 physical cores, 20 logical processors, using up to 1 threads

Non-default parameters:
TimeLimit  3579.7742433
MIPGap  0
MIPGapAbs  0
LogToConsole  0
Threads  1

Optimize a model with 2538 rows, 479 columns and 17013 nonzeros (Min)
Model fingerprint: 0x7a724526
Model has 11 linear objective coefficients
Coefficient statistics:
  Matrix range     [8e-03, 1e+05]
  Objective range  [8e-03, 1e+00]
  Bounds range     [2e-01, 5e+01]
  RHS range        [2e-01, 1e+06]

Presolve removed 840 rows and 38 columns
Presolve time: 0.00s
Presolved: 1698 rows, 442 columns, 9645 nonzeros

Iteration    Objective       Primal Inf.    Dual Inf.      Time
       0    4.1869837e-01   8.482084e+01   0.000000e+00      0s
     300    4.5866969e-01   0.000000e+00   0.000000e+00      0s

Solved in 300 iterations and 0.01 seconds (0.02 work units)
Optimal objective  4.586696911e-01

User-callback calls 394, time in user-callback 0.00 sec
