
Gurobi 13.0.2 (win64) logging started Mon Aug 10 06:54:30 2026

Set parameter LogFile to value "E:\codes\ExactEBRP\results\gf_simple_start_qualification_round35\runs\v50_3600__round32_multi_m_moderate_V50_M2_seed254020866__c6_simple_start__3600s\external\native_logs\L1_terminal_mip.gurobi.log"
Gurobi Optimizer version 13.0.2 build v13.0.2rc1 (win64 - Windows 10.0 (19045.2))

CPU model: 12th Gen Intel(R) Core(TM) i7-12700KF, instruction set [SSE2|AVX|AVX2]
Thread count: 12 physical cores, 20 logical processors, using up to 1 threads

Non-default parameters:
TimeLimit  3505.5217499
MIPGap  0
MIPGapAbs  0
LogToConsole  0
Threads  1

Optimize a model with 74031 rows, 12795 columns and 563771 nonzeros (Min)
Model fingerprint: 0xb1443697
Model has 51 linear objective coefficients
Variable types: 6862 continuous, 5933 integer (5583 binary)
Coefficient statistics:
  Matrix range     [7e-03, 2e+04]
  Objective range  [7e-03, 1e+00]
  Bounds range     [2e-01, 2e+03]
  RHS range        [2e-01, 5e+04]

Presolved: 68988 rows, 12680 columns, 500274 nonzeros

Continuing optimization...

     0     0    0.78085    0  575          -    0.78085      -     -   37s
     0     0    0.78085    0  551          -    0.78085      -     -   38s
     0     0    0.78108    0  552          -    0.78108      -     -   39s
     0     0    0.78286    0  560          -    0.78286      -     -   44s
H    0     0                       0.9617597    0.78286  18.6%     -   45s
H    0     0                       0.9447273    0.78286  17.1%     -   45s
H    0     0                       0.9218372    0.78286  15.1%     -   45s
H    0     0                       0.9023605    0.78286  13.2%     -   45s
H    0     0                       0.8915505    0.78286  12.2%     -   46s
H    0     0                       0.8896316    0.78286  12.0%     -   46s
H    0     0                       0.8839996    0.78286  11.4%     -   46s
H    0     0                       0.8836247    0.78286  11.4%     -   46s
H    0     0                       0.8826420    0.78286  11.3%     -   46s
H    0     0                       0.8804180    0.78286  11.1%     -   46s
H    0     0                       0.8786189    0.78286  10.9%     -   46s
H    0     0                       0.8783671    0.78286  10.9%     -   46s
     0     0    0.78336    0  550    0.87837    0.78336  10.8%     -   47s
     0     0    0.78459    0  548    0.87837    0.78459  10.7%     -   53s
     0     0    0.78513    0  573    0.87837    0.78513  10.6%     -   56s
     0     0    0.78597    0  579    0.87837    0.78597  10.5%     -   62s
     0     0    0.78610    0  564    0.87837    0.78610  10.5%     -   64s
     0     0    0.78667    0  605    0.87837    0.78667  10.4%     -   70s
H    0     0                       0.8769455    0.78667  10.3%     -   70s
     0     0    0.78704    0  612    0.87695    0.78704  10.3%     -   73s
     0     0    0.78780    0  554    0.87695    0.78780  10.2%     -   77s
     0     0    0.78791    0  573    0.87695    0.78791  10.2%     -   79s
     0     0    0.78834    0  627    0.87695    0.78834  10.1%     -   83s
     0     0    0.78839    0  580    0.87695    0.78839  10.1%     -   86s
     0     0    0.78925    0  592    0.87695    0.78925  10.0%     -   93s
H    0     0                       0.8743067    0.78925  9.73%     -   94s
     0     0    0.78941    0  600    0.87431    0.78941  9.71%     -   95s
     0     0    0.79047    0  617    0.87431    0.79047  9.59%     -  102s
H    0     0                       0.8735170    0.79047  9.51%     -  102s
H    0     0                       0.8696211    0.79047  9.10%     -  102s
H    0     0                       0.8663943    0.79047  8.76%     -  102s
     0     0    0.79060    0  607    0.86639    0.79060  8.75%     -  102s
     0     0    0.79078    0  576    0.86639    0.79078  8.73%     -  107s
     0     0    0.79082    0  629    0.86639    0.79082  8.72%     -  109s
     0     0    0.79096    0  611    0.86639    0.79096  8.71%     -  117s
     0     0    0.79100    0  594    0.86639    0.79100  8.70%     -  120s
     0     0    0.79125    0  629    0.86639    0.79125  8.67%     -  128s
     0     0    0.79131    0  634    0.86639    0.79131  8.67%     -  136s
     0     0    0.79146    0  641    0.86639    0.79146  8.65%     -  143s
     0     0    0.79149    0  655    0.86639    0.79149  8.65%     -  145s
     0     0    0.79160    0  654    0.86639    0.79160  8.63%     -  151s
H    0     0                       0.8660477    0.79160  8.60%     -  153s
     0     0    0.79162    0  635    0.86605    0.79162  8.59%     -  158s
     0     0    0.79174    0  623    0.86605    0.79174  8.58%     -  165s
     0     0    0.79177    0  669    0.86605    0.79177  8.58%     -  170s
     0     0    0.79185    0  680    0.86605    0.79185  8.57%     -  177s
     0     0    0.79186    0  648    0.86605    0.79186  8.57%     -  183s
     0     0    0.79203    0  615    0.86605    0.79203  8.55%     -  187s
     0     0    0.79209    0  667    0.86605    0.79209  8.54%     -  193s
     0     0    0.79248    0  616    0.86605    0.79248  8.49%     -  200s
     0     0    0.79251    0  621    0.86605    0.79251  8.49%     -  207s
     0     0    0.79279    0  650    0.86605    0.79279  8.46%     -  215s
     0     0    0.79290    0  649    0.86605    0.79290  8.45%     -  216s
     0     0    0.79306    0  629    0.86605    0.79306  8.43%     -  221s
     0     0    0.79312    0  627    0.86605    0.79312  8.42%     -  221s
     0     0    0.79322    0  614    0.86605    0.79322  8.41%     -  228s
     0     0    0.79324    0  630    0.86605    0.79324  8.41%     -  228s
     0     0    0.79329    0  640    0.86605    0.79329  8.40%     -  236s
     0     0    0.79329    0  609    0.86605    0.79329  8.40%     -  240s
     0     0    0.79344    0  656    0.86605    0.79344  8.38%     -  247s
     0     0    0.79348    0  657    0.86605    0.79348  8.38%     -  250s
     0     0    0.79364    0  668    0.86605    0.79364  8.36%     -  259s
     0     0    0.79369    0  698    0.86605    0.79369  8.35%     -  261s
     0     0    0.79393    0  658    0.86605    0.79393  8.33%     -  269s
     0     0    0.79416    0  673    0.86605    0.79416  8.30%     -  278s
     0     0    0.79468    0  665    0.86605    0.79468  8.24%     -  284s
     0     0    0.79485    0  723    0.86605    0.79485  8.22%     -  288s
     0     0    0.79524    0  652    0.86605    0.79524  8.18%     -  296s
H    0     0                       0.8623155    0.79524  7.78%     -  297s
     0     0    0.79533    0  704    0.86232    0.79533  7.77%     -  301s
     0     0    0.79594    0  656    0.86232    0.79594  7.70%     -  310s
     0     0    0.79599    0  719    0.86232    0.79599  7.69%     -  315s
     0     0    0.79617    0  686    0.86232    0.79617  7.67%     -  320s
H    0     0                       0.8598358    0.79617  7.40%     -  320s
H    0     0                       0.8583175    0.79617  7.24%     -  320s
H    0     0                       0.8575640    0.79617  7.16%     -  320s
     0     0    0.79619    0  689    0.85756    0.79619  7.16%     -  320s
     0     0    0.79659    0  682    0.85756    0.79659  7.11%     -  328s
     0     0    0.79672    0  656    0.85756    0.79672  7.10%     -  331s
     0     0    0.79719    0  723    0.85756    0.79719  7.04%     -  338s
H    0     0                       0.8573415    0.79719  7.02%     -  338s
     0     0    0.79729    0  687    0.85734    0.79729  7.00%     -  344s
     0     0    0.79735    0  720    0.85734    0.79735  7.00%     -  350s
     0     0    0.79736    0  722    0.85734    0.79736  7.00%     -  351s
     0     0    0.79744    0  714    0.85734    0.79744  6.99%     -  356s
     0     0    0.79746    0  727    0.85734    0.79746  6.99%     -  357s
     0     0    0.79750    0  719    0.85734    0.79750  6.98%     -  361s
     0     0    0.79750    0  719    0.85734    0.79750  6.98%     -  362s
     0     0    0.79750    0  719    0.85734    0.79750  6.98%     -  362s
     0     0    0.79750    0  680    0.85734    0.79750  6.98%     -  362s
     0     2    0.79750    0  676    0.85734    0.79750  6.98%     -  372s
     1     3    0.79918    1  630    0.85734    0.79755  6.97%  3734  374s
H    2     2                       0.8571528    0.79755  6.95%  1867  378s
H    2     2                       0.8570794    0.79755  6.95%  1867  378s
     2     4    0.80213    1  617    0.85708    0.79918  6.76%  4808  380s
     4     6    0.79942    2  612    0.85708    0.79942  6.73%  4285  385s
     6     8    0.80009    3  607    0.85708    0.80009  6.65%  3943  390s
     8    10    0.80049    4  591    0.85708    0.80049  6.60%  3770  397s
    10    11    0.81333    6  491    0.85708    0.80077  6.57%  4248  408s
    11    12    0.80108    6  628    0.85708    0.80094  6.55%  5369  414s
    12    13    0.80127    7  611    0.85708    0.80094  6.55%  5122  415s
    14    15    0.80469    8  598    0.85708    0.80094  6.55%  5091  420s
    20    21    0.80266   14  579    0.85708    0.80094  6.55%  3809  425s
    27    28    0.80364   21  564    0.85708    0.80094  6.55%  3096  430s
    40    41    0.80401   34  545    0.85708    0.80094  6.55%  2262  435s
    49    50    0.81813   42  484    0.85708    0.80094  6.55%  2030  441s
    51    52    0.80663   44  548    0.85708    0.80094  6.55%  2164  445s
    54    55    0.80767   46  539    0.85708    0.80094  6.55%  2174  450s
    62    63    0.81057   54  529    0.85708    0.80094  6.55%  2024  455s
    69    70    0.81140   60  529    0.85708    0.80094  6.55%  1953  461s
    74    75    0.81230   64  509    0.85708    0.80094  6.55%  2014  467s
    76    77    0.81297   66  503    0.85708    0.80094  6.55%  2017  470s
    82    83    0.81373   72  514    0.85708    0.80094  6.55%  1945  475s
    95    96    0.81466   85  550    0.85708    0.80094  6.55%  1774  481s
   111   112    0.81503  101  541    0.85708    0.80094  6.55%  1576  485s
   124   125    0.81632  114  491    0.85708    0.80094  6.55%  1473  490s
   140   141    0.81745  129  465    0.85708    0.80094  6.55%  1357  495s
   150   151    0.81769  139  457    0.85708    0.80094  6.55%  1315  500s
   162   163    0.81819  151  479    0.85708    0.80094  6.55%  1254  505s
   178   179    0.81879  167  490    0.85708    0.80094  6.55%  1180  510s
   192   193    0.81962  181  422    0.85708    0.80094  6.55%  1116  515s
H  206   203                       0.8496084    0.80094  5.73%  1068  519s
   210   209    0.82619  197  404    0.84961    0.80094  5.73%  1058  520s
   233   232    0.82307  220  427    0.84961    0.80094  5.73%   979  525s
   251   250    0.82465  238  442    0.84961    0.80094  5.73%   934  530s
   266   265    0.82805  252  414    0.84961    0.80094  5.73%   907  535s
   277   276    0.82871  263  412    0.84961    0.80094  5.73%   897  540s
   288   287    0.82890  274  425    0.84961    0.80094  5.73%   877  545s
   313   312    0.82911  299  429    0.84961    0.80094  5.73%   831  550s
   337   336    0.82932  323  444    0.84961    0.80094  5.73%   793  555s
   385   384    0.83038  371  378    0.84961    0.80094  5.73%   710  560s
   420   419    0.83149  405  382    0.84961    0.80094  5.73%   666  565s
   448   447    0.83276  430  342    0.84961    0.80094  5.73%   638  570s
   494   493    0.83331  476  344    0.84961    0.80094  5.73%   588  575s
   551   550    0.83543  533  348    0.84961    0.80094  5.73%   536  580s
   586   575    0.80930    5  461    0.84961    0.80109  5.71%   517  586s
   588   576    0.83295  453  680    0.84961    0.80109  5.71%   515  608s
   590   577    0.83608  551  436    0.84961    0.80109  5.71%   514  614s
   591   578    0.82619  198  606    0.84961    0.80109  5.71%   513  621s
   592   579    0.83359  487  613    0.84961    0.80109  5.71%   512  627s
   593   579    0.83034  361  665    0.84961    0.80109  5.71%   511  637s
   594   580    0.83660  554  650    0.84961    0.80309  5.48%   510  644s
   595   581    0.83821  410  683    0.84961    0.80422  5.34%   509  653s
   596   581    0.83035  365  689    0.84961    0.80454  5.31%   508  658s
   597   582    0.81473   91  709    0.84961    0.80553  5.19%   508  668s
   598   583    0.82276  207  702    0.84961    0.80571  5.17%   507  676s
   599   583    0.82873  266  703    0.84961    0.80622  5.11%   506  685s
   600   584    0.83568  550  696    0.84961    0.80625  5.10%   505  693s
H  600   554                       0.8493047    0.80652  5.04%   505  704s
   601   555    0.83068  370  711    0.84930    0.80652  5.04%   504  706s
   602   555    0.83588  557  719    0.84930    0.80654  5.03%   503  715s
   603   556    0.80816   52  710    0.84930    0.80658  5.03%   502  724s
   604   557    0.83551  539  736    0.84930    0.80659  5.03%   502  727s
   605   557    0.83089  368  674    0.84930    0.80670  5.02%   501  737s
   606   558    0.81498   97  728    0.84930    0.80673  5.01%   500  742s
   607   559    0.80689   16  688    0.84930    0.80689  4.99%   499  752s
   608   559    0.81765  132  736    0.84930    0.80690  4.99%   498  761s
   609   560    0.82920  314  670    0.84930    0.80696  4.99%   498  770s
   610   561    0.81666  120  724    0.84930    0.80699  4.98%   497  779s
   611   561    0.83359  487  678    0.84930    0.80702  4.98%   496  784s
   612   562    0.82287  208  665    0.84930    0.80703  4.98%   495  789s
   613   563    0.82307  221  662    0.84930    0.80708  4.97%   494  797s
   614   563    0.81758  121  675    0.84930    0.80708  4.97%   493  801s
   615   564    0.82890  276  650    0.84930    0.80714  4.96%   493  806s
   616   565    0.81819  153  659    0.84930    0.80714  4.96%   492  811s
   617   565    0.81813  146  658    0.84930    0.80714  4.96%   491  819s
   618   566    0.81297   67  654    0.84930    0.80714  4.96%   490  826s
   619   567    0.83260  427  654    0.84930    0.80714  4.96%   489  840s
   620   569    0.80855   10  499    0.84930    0.80714  4.96%   711  847s
   621   570    0.80803   10  580    0.84930    0.80803  4.86%   720  859s
   622   571    0.81033   11  552    0.84930    0.80803  4.86%   727  863s
   623   571    0.82578   11  623    0.84930    0.80855  4.80%   739  869s
   624   572    0.81105   12  524    0.84930    0.80855  4.80%   739  870s
   626   573    0.81271   13  452    0.84930    0.80855  4.80%   755  877s
   627   574    0.81791   13  518    0.84930    0.80855  4.80%   771  882s
   629   573     cutoff   14         0.84930    0.80855  4.80%   781  888s
   631   575    0.81368   15  393    0.84930    0.80855  4.80%   783  891s
   633   576    0.81742   16  441    0.84930    0.80855  4.80%   795  897s
   635   577    0.81808   17  424    0.84930    0.80855  4.80%   799  901s
   638   579    0.81437   19  400    0.84930    0.80855  4.80%   801  906s
   640   581    0.81532   20  389    0.84930    0.80855  4.80%   804  910s
   643   583    0.84771   21  387    0.84930    0.80855  4.80%   810  916s
   646   585    0.81692   23  358    0.84930    0.80855  4.80%   813  920s
   649   585     cutoff   24         0.84930    0.80855  4.80%   817  925s
   652   587    0.81704   26  361    0.84930    0.80855  4.80%   824  931s
   655   585     cutoff   27         0.84930    0.80855  4.80%   830  935s
   658   585    0.81734   29  373    0.84930    0.80855  4.80%   836  940s
   663   584     cutoff   31         0.84930    0.80855  4.80%   841  946s
   665   585    0.81873   32  377    0.84930    0.80855  4.80%   841  950s
   670   587    0.81763   35  340    0.84930    0.80855  4.80%   841  955s
   673   589    0.83078   36  319    0.84930    0.80855  4.80%   843  960s
   678   592    0.81788   39  254    0.84930    0.80855  4.80%   846  966s
   682   595    0.81813   41  240    0.84930    0.80855  4.80%   846  970s
   687   598    0.82758   43  251    0.84930    0.80855  4.80%   845  975s
   691   601    0.81943   45  251    0.84930    0.80855  4.80%   849  981s
   694   603    0.81860   47  242    0.84930    0.80855  4.80%   850  985s
   700   605    0.82174   50  242    0.84930    0.80855  4.80%   850  990s
   704   607    0.82175   52  257    0.84930    0.80855  4.80%   851  995s
   707   607    0.82405   53  246    0.84930    0.80855  4.80%   854 1000s
   713   607     cutoff   56         0.84930    0.80855  4.80%   853 1005s
   718   610    0.82200   59  239    0.84930    0.80855  4.80%   853 1010s
   723   611     cutoff   61         0.84930    0.80855  4.80%   854 1015s
   729   613    0.83106   64  254    0.84930    0.80855  4.80%   852 1020s
   734   614    0.82204   67  236    0.84930    0.80855  4.80%   852 1025s
   739   616    0.84245   69  247    0.84930    0.80855  4.80%   853 1031s
   745   617    0.83771   72  246    0.84930    0.80855  4.80%   854 1036s
   751   617    0.82521   75  178    0.84930    0.80855  4.80%   850 1040s
   755   617    0.84146   77  239    0.84930    0.80855  4.80%   849 1046s
   759   619    0.83334   79  278    0.84930    0.80855  4.80%   848 1050s
   765   619     cutoff   82         0.84930    0.80855  4.80%   847 1055s
   771   621    0.82816   85  188    0.84930    0.80855  4.80%   845 1064s
   773   621    0.83171   86  240    0.84930    0.80855  4.80%   844 1066s
   777   623    0.84746   88  220    0.84930    0.80855  4.80%   845 1070s
   782   624    0.82229   91  236    0.84930    0.80855  4.80%   844 1075s
   787   627    0.82259   94  218    0.84930    0.80855  4.80%   844 1080s
   793   626     cutoff   97         0.84930    0.80855  4.80%   843 1085s
   800   628    0.82296  101  233    0.84930    0.80855  4.80%   840 1090s
   807   628     cutoff  104         0.84930    0.80855  4.80%   838 1095s
   813   626     cutoff  107         0.84930    0.80855  4.80%   837 1100s
   819   625    0.82886  110  261    0.84930    0.80855  4.80%   838 1105s
   825   627    0.82333  113  196    0.84930    0.80855  4.80%   836 1110s
   832   630    0.82371  117  217    0.84930    0.80855  4.80%   832 1115s
   839   632    0.83067  120  199    0.84930    0.80855  4.80%   831 1120s
   845   636    0.83357  123  181    0.84930    0.80855  4.80%   828 1126s
   848   638    0.82406  125  198    0.84930    0.80855  4.80%   827 1130s
   855   643    0.83983  128  189    0.84930    0.80855  4.80%   825 1136s
   861   646    0.83695  131  185    0.84930    0.80855  4.80%   821 1140s
   870   646    0.82411  137  205    0.84930    0.80855  4.80%   816 1145s
   880   647    0.82550  142  176    0.84930    0.80855  4.80%   812 1150s
   886   650    0.82454  145  176    0.84930    0.80855  4.80%   809 1155s
   895   651    0.82512  150  185    0.84930    0.80855  4.80%   804 1166s
   904   650     cutoff  155         0.84930    0.80855  4.80%   799 1170s
   912   653    0.82954  159  202    0.84930    0.80855  4.80%   794 1175s
   919   654    0.82534  163  187    0.84930    0.80855  4.80%   790 1180s
   925   656    0.82538  166  206    0.84930    0.80855  4.80%   787 1185s
   932   657    0.83051  169  205    0.84930    0.80855  4.80%   784 1190s
   940   658    0.82552  174  189    0.84930    0.80855  4.80%   781 1196s
   947   658 infeasible  177         0.84930    0.80855  4.80%   779 1200s
   956   661    0.83109  182  195    0.84930    0.80855  4.80%   774 1205s
   968   659    0.83915  188  201    0.84930    0.80855  4.80%   767 1210s
   976   661    0.83579  192  182    0.84930    0.80855  4.80%   763 1215s
   986   665    0.84517  197  187    0.84930    0.80855  4.80%   758 1220s
   995   666    0.82638  202  211    0.84930    0.80855  4.80%   753 1225s
  1004   665    0.84300  206  176    0.84930    0.80855  4.80%   750 1230s
  1013   668    0.82658  211  180    0.84930    0.80855  4.80%   746 1235s
  1023   673    0.82669  216  171    0.84930    0.80855  4.80%   742 1240s
  1030   675 infeasible  219         0.84930    0.80855  4.80%   741 1245s
  1038   676     cutoff  223         0.84930    0.80855  4.80%   739 1250s
  1048   676    0.82889  229  143    0.84930    0.80855  4.80%   734 1255s
  1060   673    0.82945  236  152    0.84930    0.80855  4.80%   729 1260s
  1065   676    0.83317  239  153    0.84930    0.80855  4.80%   727 1265s
  1073   675    0.83946  244  164    0.84930    0.80855  4.80%   724 1270s
  1081   680    0.83986  248  167    0.84930    0.80855  4.80%   721 1275s
  1094   677    0.84125  255  150    0.84930    0.80855  4.80%   716 1280s
  1106   672    0.84461  259  113    0.84930    0.80855  4.80%   710 1285s
  1113   669    0.81164   11  471    0.84930    0.80855  4.80%   710 1295s
  1115   670    0.81465   12  498    0.84930    0.80855  4.80%   718 1303s
  1116   671    0.81659   13  455    0.84930    0.80855  4.80%   721 1306s
  1119   673    0.81599   14  483    0.84930    0.80855  4.80%   725 1312s
H 1121   642                       0.8492233    0.80855  4.79%   726 1318s
  1121   644    0.81568   15  482    0.84922    0.80855  4.79%   729 1326s
  1123   646    0.82368   16  427    0.84922    0.80855  4.79%   732 1330s
  1125   647    0.81664   17  454    0.84922    0.80855  4.79%   738 1337s
  1128   649    0.81664   19  449    0.84922    0.80855  4.79%   737 1340s
  1131   651    0.81800   20  461    0.84922    0.80855  4.79%   740 1346s
  1133   650     cutoff   21         0.84922    0.80855  4.79%   743 1350s
  1135   652    0.81899   22  447    0.84922    0.80855  4.79%   745 1355s
  1137   652    0.82341   23  353    0.84922    0.80855  4.79%   747 1360s
  1140   652    0.82224   26  410    0.84922    0.80855  4.79%   747 1365s
  1143   653    0.82009   28  379    0.84922    0.80855  4.79%   747 1370s
  1146   653    0.82711   29  384    0.84922    0.80855  4.79%   749 1376s
  1149   654    0.82118   31  371    0.84922    0.80855  4.79%   749 1380s
  1155   653    0.82198   34  414    0.84922    0.80855  4.79%   749 1385s
  1160   650    0.83154   38  436    0.84922    0.80855  4.79%   749 1390s
  1165   650    0.84195   43  345    0.84922    0.80855  4.79%   750 1395s
  1170   652    0.84375   46  357    0.84922    0.80855  4.79%   751 1401s
  1178   650    0.84479   50  422    0.84922    0.80855  4.79%   749 1405s
  1182   649     cutoff   52         0.84922    0.80855  4.79%   750 1410s
  1184   648    0.80918   11  535    0.84922    0.80918  4.72%   753 1419s
  1185   649    0.81213   12  545    0.84922    0.80919  4.71%   756 1423s
  1186   650    0.82543   12  534    0.84922    0.81105  4.50%   759 1426s
  1189   652    0.81507   14  540    0.84922    0.81105  4.50%   766 1433s
  1190   652    0.81390   14  592    0.84922    0.81105  4.50%   767 1435s
  1192   654    0.82436   15  527    0.84922    0.81105  4.50%   772 1440s
  1194   655    0.81631   16  519    0.84922    0.81105  4.50%   778 1446s
  1197   655    0.81665   18  522    0.84922    0.81105  4.50%   780 1450s
  1200   657    0.82222   19  419    0.84922    0.81105  4.50%   784 1455s
  1203   658    0.81732   21  483    0.84922    0.81105  4.50%   787 1460s
  1206   659    0.82099   23  478    0.84922    0.81105  4.50%   792 1466s
  1208   660    0.82107   24  454    0.84922    0.81105  4.50%   796 1470s
  1211   662    0.82987   25  480    0.84922    0.81105  4.50%   801 1476s
  1212   663    0.82368   26  470    0.84922    0.81105  4.50%   805 1481s
  1216   662    0.82370   28  479    0.84922    0.81105  4.50%   806 1485s
  1219   662     cutoff   30         0.84922    0.81105  4.50%   811 1490s
  1223   662    0.82625   33  421    0.84922    0.81105  4.50%   811 1495s
  1228   664    0.82737   35  393    0.84922    0.81105  4.50%   812 1500s
  1233   660     cutoff   37         0.84922    0.81105  4.50%   815 1505s
  1235   659    0.81170   13  557    0.84922    0.81105  4.50%   819 1517s
  1236   660    0.81633   14  444    0.84922    0.81105  4.50%   822 1520s
  1237   661    0.82758   14  532    0.84922    0.81105  4.50%   828 1525s
  1240   663    0.81680   16  453    0.84922    0.81105  4.50%   831 1530s
  1242   664    0.81702   17  460    0.84922    0.81105  4.50%   834 1535s
  1245   666    0.82093   18  483    0.84922    0.81105  4.50%   839 1541s
  1247   667    0.82922   19  468    0.84922    0.81105  4.50%   841 1545s
  1252   671    0.82051   22  448    0.84922    0.81105  4.50%   843 1551s
  1255   671     cutoff   23         0.84922    0.81105  4.50%   844 1555s
  1259   671    0.82283   25  463    0.84922    0.81105  4.50%   849 1562s
  1262   671    0.82287   27  402    0.84922    0.81105  4.50%   850 1565s
  1266   674    0.82300   29  403    0.84922    0.81105  4.50%   849 1570s
  1271   676    0.82840   31  388    0.84922    0.81105  4.50%   850 1575s
  1277   679    0.83348   34  350    0.84922    0.81105  4.50%   848 1580s
  1283   681    0.83811   37  423    0.84922    0.81105  4.50%   847 1585s
  1291   683     cutoff   41         0.84922    0.81105  4.50%   846 1590s
  1296   685    0.83888   44  337    0.84922    0.81105  4.50%   846 1595s
  1300   688    0.83906   46  319    0.84922    0.81105  4.50%   845 1600s
  1306   690    0.83930   49  301    0.84922    0.81105  4.50%   845 1607s
  1308   691    0.83935   50  308    0.84922    0.81105  4.50%   845 1610s
  1316   696    0.83961   54  300    0.84922    0.81105  4.50%   844 1615s
  1324   701    0.83994   58  247    0.84922    0.81105  4.50%   843 1620s
  1331   703    0.84311   61  218    0.84922    0.81105  4.50%   843 1625s
  1341   703 infeasible   66         0.84922    0.81105  4.50%   841 1630s
  1353   704    0.84188   72  209    0.84922    0.81105  4.50%   838 1635s
  1364   704    0.84068   78  182    0.84922    0.81105  4.50%   835 1640s
  1383   707    0.84113   89  177    0.84922    0.81105  4.50%   827 1645s
  1396   710    0.84207   96  150    0.84922    0.81105  4.50%   823 1650s
  1417   714    0.84558  106  158    0.84922    0.81105  4.50%   814 1655s
  1425   710    0.81430   13  448    0.84922    0.81368  4.18%   815 1668s
  1426   711    0.81801   14  479    0.84922    0.81368  4.18%   819 1673s
  1427   711    0.83107   14  476    0.84922    0.81368  4.18%   822 1677s
  1429   713    0.82076   15  475    0.84922    0.81368  4.18%   824 1681s
  1431   712     cutoff   16         0.84922    0.81368  4.18%   831 1689s
  1432   713    0.82266   17  441    0.84922    0.81368  4.18%   832 1692s
  1433   713    0.82065   17  440    0.84922    0.81368  4.18%   834 1696s
  1436   715    0.82362   19  454    0.84922    0.81368  4.18%   838 1702s
  1438   717    0.82337   20  430    0.84922    0.81368  4.18%   839 1706s
  1442   719    0.82416   22  415    0.84922    0.81368  4.18%   841 1711s
  1446   722    0.82493   24  399    0.84922    0.81368  4.18%   841 1715s
  1449   723    0.84669   25  325    0.84922    0.81368  4.18%   843 1720s
  1453   724     cutoff   27         0.84922    0.81368  4.18%   844 1725s
  1456   726    0.82604   29  399    0.84922    0.81368  4.18%   845 1730s
  1461   728    0.83654   31  293    0.84922    0.81368  4.18%   848 1738s
  1463   729    0.83362   32  352    0.84922    0.81368  4.18%   849 1741s
  1468   731    0.82792   35  369    0.84922    0.81368  4.18%   848 1745s
  1472   733    0.82835   37  296    0.84922    0.81368  4.18%   848 1751s
  1476   736    0.82923   39  269    0.84922    0.81368  4.18%   848 1757s
  1480   739    0.82965   41  261    0.84922    0.81368  4.18%   847 1760s
  1487   743    0.83375   44  263    0.84922    0.81368  4.18%   844 1765s
  1492   747    0.83077   47  254    0.84922    0.81368  4.18%   843 1770s
  1502   749    0.83495   52  203    0.84922    0.81368  4.18%   838 1775s
  1510   754    0.83565   56  208    0.84922    0.81368  4.18%   836 1780s
  1521   754    0.83284   62  233    0.84922    0.81368  4.18%   832 1785s
  1531   756    0.84425   67  208    0.84922    0.81368  4.18%   829 1790s
  1542   758    0.83368   74  186    0.84922    0.81368  4.18%   824 1795s
  1556   763    0.83435   82  208    0.84922    0.81368  4.18%   818 1800s
  1563   766    0.84335   85  174    0.84922    0.81368  4.18%   815 1807s
  1568   767    0.84734   88  203    0.84922    0.81368  4.18%   813 1810s
  1582   771    0.83763   96  189    0.84922    0.81368  4.18%   808 1815s
  1591   768    0.81532   16  487    0.84922    0.81368  4.18%   809 1829s
  1592   768    0.81855   17  430    0.84922    0.81368  4.18%   811 1832s
  1594   770    0.81908   18  419    0.84922    0.81368  4.18%   813 1836s
  1595   768     cutoff   18         0.84922    0.81368  4.18%   819 1842s
  1597   770    0.82417   19  400    0.84922    0.81368  4.18%   820 1845s
  1600   772    0.82090   21  479    0.84922    0.81368  4.18%   823 1851s
  1603   774    0.82185   22  418    0.84922    0.81368  4.18%   824 1856s
  1605   775    0.82353   23  427    0.84922    0.81368  4.18%   826 1860s
  1610   778    0.82296   26  431    0.84922    0.81368  4.18%   827 1865s
  1614   781    0.82334   28  381    0.84922    0.81368  4.18%   828 1870s
  1617   783    0.82764   29  392    0.84922    0.81368  4.18%   831 1875s
  1620   783    0.82452   31  401    0.84922    0.81368  4.18%   831 1880s
  1624   786    0.82473   33  357    0.84922    0.81368  4.18%   832 1885s
  1629   785    0.83063   35  351    0.84922    0.81368  4.18%   833 1890s
  1637   790    0.82689   39  363    0.84922    0.81368  4.18%   831 1895s
  1642   794    0.82769   42  362    0.84922    0.81368  4.18%   831 1900s
  1647   797    0.83629   44  326    0.84922    0.81368  4.18%   833 1906s
  1652   800    0.83068   47  335    0.84922    0.81368  4.18%   834 1910s
  1662   807    0.83145   52  336    0.84922    0.81368  4.18%   832 1915s
  1671   811 infeasible   56         0.84922    0.81368  4.18%   831 1920s
  1687   817    0.83504   65  248    0.84922    0.81368  4.18%   825 1930s
  1698   817    0.84171   70  260    0.84922    0.81368  4.18%   823 1935s
  1714   813    0.81552   16  514    0.84922    0.81390  4.16%   819 1944s
  1715   813    0.81831   17  423    0.84922    0.81390  4.16%   821 1948s
  1716   814    0.84157   17  500    0.84922    0.81390  4.16%   823 1952s
  1718   815    0.82401   18  437    0.84922    0.81390  4.16%   824 1955s
  1720   815     cutoff   19         0.84922    0.81390  4.16%   828 1961s
  1721   815    0.82022   20  469    0.84922    0.81390  4.16%   828 1971s
  1723   817    0.82044   21  446    0.84922    0.81390  4.16%   830 1976s
  1727   819    0.82169   23  440    0.84922    0.81390  4.16%   832 1981s
  1730   821    0.82984   24  449    0.84922    0.81390  4.16%   834 1985s
  1733   823    0.82508   26  388    0.84922    0.81390  4.16%   835 1990s
  1738   825     cutoff   28         0.84922    0.81390  4.16%   836 1995s
  1744   829    0.83449   31  368    0.84922    0.81390  4.16%   837 2000s
  1752   833    0.83692   35  356    0.84922    0.81390  4.16%   836 2005s
  1758   837    0.84033   38  333    0.84922    0.81390  4.16%   838 2010s
  1768   840    0.84791   43  216    0.84922    0.81390  4.16%   836 2015s
  1782   846    0.84456   50  197    0.84922    0.81390  4.16%   831 2020s
  1795   851    0.84059   58  244    0.84922    0.81390  4.16%   828 2025s
  1804   851     cutoff   62         0.84922    0.81390  4.16%   827 2030s
  1821   853    0.84810   71  187    0.84922    0.81390  4.16%   822 2035s
  1840   851 infeasible   81         0.84922    0.81390  4.16%   817 2040s
  1848   847    0.82667   15  547    0.84922    0.81390  4.16%   817 2045s
  1851   847    0.82780   17  526    0.84922    0.81390  4.16%   820 2051s
  1853   848    0.82787   18  526    0.84922    0.81390  4.16%   822 2055s
  1856   850    0.83343   19  466    0.84922    0.81390  4.16%   826 2063s
  1858   852    0.83049   20  460    0.84922    0.81390  4.16%   828 2067s
  1860   853    0.82813   21  525    0.84922    0.81390  4.16%   829 2070s
  1863   855    0.82832   23  509    0.84922    0.81390  4.16%   830 2075s
  1865   856    0.82952   24  483    0.84922    0.81390  4.16%   832 2080s
  1869   859    0.82978   26  411    0.84922    0.81390  4.16%   834 2086s
  1871   860    0.84268   27  446    0.84922    0.81390  4.16%   836 2090s
  1873   862    0.82981   28  399    0.84922    0.81390  4.16%   837 2095s
  1876   864    0.83524   29  434    0.84922    0.81390  4.16%   839 2100s
  1879   866    0.82995   31  410    0.84922    0.81390  4.16%   840 2105s
  1883   866    0.83049   33  442    0.84922    0.81390  4.16%   841 2110s
  1886   866     cutoff   34         0.84922    0.81390  4.16%   844 2115s
  1890   867     cutoff   36         0.84922    0.81390  4.16%   845 2121s
  1892   868    0.83095   37  431    0.84922    0.81390  4.16%   847 2125s
  1896   868    0.84507   39  419    0.84922    0.81390  4.16%   850 2131s
  1900   869    0.84701   41  364    0.84922    0.81390  4.16%   852 2136s
  1905   867    0.84738   44  375    0.84922    0.81390  4.16%   852 2140s
  1915   865    0.84762   53  330    0.84922    0.81390  4.16%   848 2160s
  1920   862    0.81414   15  619    0.84922    0.81413  4.13%   849 2172s
  1921   863    0.82698   16  534    0.84922    0.81413  4.13%   851 2175s
  1923   864    0.83361   16  525    0.84922    0.81413  4.13%   854 2181s
  1926   866    0.83109   20  547    0.84922    0.81413  4.13%   856 2187s
  1929   868    0.83639   21  555    0.84922    0.81413  4.13%   856 2190s
  1933   871    0.83404   26  451    0.84922    0.81413  4.13%   859 2195s
  1937   873    0.83858   29  458    0.84922    0.81413  4.13%   861 2201s
  1940   875    0.83549   31  451    0.84922    0.81413  4.13%   862 2205s
  1946   875     cutoff   34         0.84922    0.81413  4.13%   863 2210s
  1951   879    0.84156   38  406    0.84922    0.81413  4.13%   864 2215s
  1957   881    0.84171   40  423    0.84922    0.81413  4.13%   864 2220s
  1964   879     cutoff   45         0.84922    0.81413  4.13%   865 2225s
  1971   879    0.84775   48  417    0.84922    0.81413  4.13%   864 2230s
  1976   876    0.81586   19  479    0.84922    0.81414  4.13%   865 2241s
  1979   878    0.82113   22  464    0.84922    0.81414  4.13%   867 2246s
  1981   880    0.82226   24  491    0.84922    0.81414  4.13%   869 2252s
  1982   880    0.82266   25  520    0.84922    0.81414  4.13%   871 2255s
  1984   882    0.82292   26  501    0.84922    0.81414  4.13%   873 2260s
  1989   883    0.82375   30  452    0.84922    0.81414  4.13%   874 2268s
  1990   884    0.82455   31  424    0.84922    0.81414  4.13%   875 2270s
  1993   886    0.82417   31  453    0.84922    0.81414  4.13%   877 2276s
  1995   887    0.82443   33  485    0.84922    0.81414  4.13%   877 2280s
  1998   889    0.82531   36  395    0.84922    0.81414  4.13%   878 2285s
  2000   890    0.82575   37  395    0.84922    0.81414  4.13%   878 2290s
  2006   894    0.82701   41  313    0.84922    0.81414  4.13%   877 2295s
  2012   895    0.83284   42  278    0.84922    0.81414  4.13%   876 2300s
  2024   902    0.83598   55  294    0.84922    0.81414  4.13%   872 2305s
  2039   911    0.83632   63  249    0.84922    0.81414  4.13%   867 2310s
  2056   923    0.83538   80  207    0.84922    0.81414  4.13%   862 2315s
  2080   933    0.83812   99  184    0.84922    0.81414  4.13%   854 2320s
  2110   948    0.83932  127  167    0.84922    0.81414  4.13%   843 2325s
  2132   955    0.83965  149  134    0.84922    0.81414  4.13%   835 2330s
  2161   960    0.81732   19  501    0.84922    0.81577  3.94%   827 2339s
  2162   960    0.82105   20  474    0.84922    0.81577  3.94%   829 2343s
  2163   961    0.82161   21  473    0.84922    0.81577  3.94%   830 2345s
  2166   963    0.82377   24  478    0.84922    0.81577  3.94%   833 2352s
  2168   964    0.82673   24  490    0.84922    0.81577  3.94%   835 2356s
  2172   967    0.82530   29  443    0.84922    0.81577  3.94%   835 2360s
  2174   968    0.82552   31  422    0.84922    0.81577  3.94%   839 2366s
  2179   972    0.82639   34  374    0.84922    0.81577  3.94%   840 2370s
  2185   974    0.82947   38  317    0.84922    0.81577  3.94%   840 2375s
  2197   982    0.83293   47  290    0.84922    0.81577  3.94%   837 2380s
  2209   987    0.83384   50  243    0.84922    0.81577  3.94%   835 2385s
  2232   999    0.84202   70  197    0.84922    0.81577  3.94%   828 2390s
  2255  1022    0.84033   94  141    0.84922    0.81577  3.94%   821 2395s
  2264  1028    0.84094   96  162    0.84922    0.81577  3.94%   819 2400s
  2289  1047    0.84209  119  137    0.84922    0.81577  3.94%   812 2405s
  2300  1058    0.84246  126  120    0.84922    0.81577  3.94%   809 2410s
  2330  1082    0.84319  154   75    0.84922    0.81577  3.94%   800 2415s
  2363  1096    0.81682   16  472    0.84922    0.81584  3.93%   791 2424s
  2365  1096    0.82949   17  438    0.84922    0.81584  3.93%   792 2427s
  2367  1098    0.83301   19  390    0.84922    0.81584  3.93%   793 2430s
  2373  1102     cutoff   23         0.84922    0.81584  3.93%   794 2435s
  2378  1105     cutoff   25         0.84922    0.81584  3.93%   794 2440s
  2383  1109    0.83979   30  354    0.84922    0.81584  3.93%   795 2445s
  2401  1124    0.84744   46  376    0.84922    0.81584  3.93%   791 2450s
  2415  1132    0.84529   57  298    0.84922    0.81584  3.93%   789 2455s
  2435  1143    0.84712   74  188    0.84922    0.81584  3.93%   784 2460s
  2448  1144    0.82601   16  498    0.84922    0.81591  3.92%   781 2465s
  2451  1147    0.83161   19  393    0.84922    0.81591  3.92%   782 2471s
  2456  1150    0.83310   20  449    0.84922    0.81591  3.92%   783 2475s
  2464  1158    0.83568   23  433    0.84922    0.81591  3.92%   782 2480s
  2478  1164     cutoff   27         0.84922    0.81591  3.92%   781 2485s
  2490  1168    0.84676   33  391    0.84922    0.81591  3.92%   780 2490s
  2496  1166    0.83706   20  497    0.84922    0.81599  3.91%   784 2502s
  2498  1168    0.84075   22  470    0.84922    0.81599  3.91%   785 2505s
  2501  1170    0.84661   24  439    0.84922    0.81599  3.91%   786 2510s
  2509  1172    0.84767   31  465    0.84922    0.81599  3.91%   785 2515s
  2516  1170     cutoff   34         0.84922    0.81599  3.91%   785 2520s
  2518  1172    0.83271   16  442    0.84922    0.81599  3.91%   788 2526s
  2520  1174    0.83495   17  473    0.84922    0.81599  3.91%   790 2531s
  2525  1178    0.84101   20  438    0.84922    0.81599  3.91%   790 2535s
  2531  1182    0.84648   25  393    0.84922    0.81599  3.91%   790 2540s
  2542  1181    0.81881   15  584    0.84922    0.81660  3.84%   790 2554s
  2543  1182    0.83129   16  506    0.84922    0.81660  3.84%   791 2556s
  2544  1183    0.83482   16  528    0.84922    0.81660  3.84%   793 2560s
  2546  1185    0.83804   17  549    0.84922    0.81660  3.84%   794 2565s
  2547  1186    0.83204   17  511    0.84922    0.81660  3.84%   796 2570s
  2552  1191    0.84496   21  465    0.84922    0.81660  3.84%   797 2576s
  2557  1190    0.84511   23  461    0.84922    0.81660  3.84%   797 2581s
  2563  1190     cutoff   29         0.84922    0.81660  3.84%   796 2586s
  2566  1191    0.83128   15  504    0.84922    0.81667  3.83%   798 2591s
  2567  1192    0.83130   16  509    0.84922    0.81667  3.83%   798 2595s
  2571  1194    0.83673   20  379    0.84922    0.81667  3.83%   798 2600s
  2579  1198    0.84401   26  372    0.84922    0.81667  3.83%   798 2605s
  2593  1202    0.84853   37  319    0.84922    0.81667  3.83%   795 2610s
  2600  1200    0.81819   20  494    0.84922    0.81669  3.83%   795 2617s
  2601  1200    0.81966   21  434    0.84922    0.81669  3.83%   796 2620s
  2604  1202    0.82218   24  411    0.84922    0.81669  3.83%   798 2626s
  2606  1204    0.82646   26  429    0.84922    0.81669  3.83%   800 2630s
  2612  1210    0.82981   32  394    0.84922    0.81669  3.83%   800 2637s
  2615  1213    0.83563   35  336    0.84922    0.81669  3.83%   800 2640s
  2624  1218    0.84847   42  318    0.84922    0.81669  3.83%   799 2645s
  2631  1219    0.83654   15  489    0.84922    0.81702  3.79%   799 2651s
  2634  1218     cutoff   16         0.84922    0.81702  3.79%   801 2655s
  2639  1221    0.84215   19  472    0.84922    0.81702  3.79%   801 2661s
  2643  1224    0.84514   21  480    0.84922    0.81702  3.79%   802 2665s
  2648  1224    0.84583   24  458    0.84922    0.81702  3.79%   802 2670s
  2652  1222    0.82084   18  587    0.84922    0.81707  3.79%   805 2679s
  2653  1223    0.82158   19  547    0.84922    0.81707  3.79%   807 2682s
  2654  1224    0.82268   20  539    0.84922    0.81707  3.79%   809 2687s
  2656  1226    0.82342   22  541    0.84922    0.81707  3.79%   810 2690s
  2658  1228    0.82367   24  502    0.84922    0.81707  3.79%   812 2698s
  2660  1230    0.82422   26  459    0.84922    0.81707  3.79%   812 2700s
  2662  1232    0.82539   28  382    0.84922    0.81707  3.79%   813 2705s
  2666  1236    0.82752   32  345    0.84922    0.81707  3.79%   813 2716s
  2670  1240    0.83295   36  426    0.84922    0.81707  3.79%   813 2720s
  2675  1244    0.83377   41  414    0.84922    0.81707  3.79%   813 2725s
  2682  1251    0.83522   48  476    0.84922    0.81707  3.79%   812 2730s
  2687  1256    0.83569   53  422    0.84922    0.81707  3.79%   812 2735s
  2698  1264    0.83728   63  357    0.84922    0.81707  3.79%   811 2740s
  2710  1275    0.83903   75  297    0.84922    0.81707  3.79%   808 2745s
  2716  1275    0.84003   77  236    0.84922    0.81707  3.79%   810 2750s
  2720  1279    0.84033   81  228    0.84922    0.81707  3.79%   809 2755s
  2732  1282     cutoff   90         0.84922    0.81707  3.79%   807 2760s
  2735  1281    0.82140   18  568    0.84922    0.81742  3.75%   809 2766s
  2738  1284    0.82371   21  505    0.84922    0.81742  3.75%   811 2770s
  2741  1287    0.82511   24  491    0.84922    0.81742  3.75%   812 2775s
  2743  1289    0.82548   26  483    0.84922    0.81742  3.75%   814 2780s
  2747  1293    0.82816   30  474    0.84922    0.81742  3.75%   814 2787s
  2749  1295    0.82904   32  490    0.84922    0.81742  3.75%   815 2790s
  2755  1298    0.83236   38  437    0.84922    0.81742  3.75%   815 2795s
  2762  1302    0.83540   45  432    0.84922    0.81742  3.75%   814 2800s
  2767  1306    0.83627   50  441    0.84922    0.81742  3.75%   815 2805s
  2773  1311    0.84144   56  318    0.84922    0.81742  3.75%   814 2810s
  2788  1325    0.84530   71  210    0.84922    0.81742  3.75%   811 2815s
  2813  1342    0.84718   96  168    0.84922    0.81742  3.75%   805 2820s
  2832  1345    0.81948   17  517    0.84922    0.81750  3.74%   802 2830s
  2833  1346    0.82128   18  444    0.84922    0.81750  3.74%   803 2835s
  2834  1347    0.82192   19  429    0.84922    0.81750  3.74%   806 2840s
  2837  1350    0.82368   21  441    0.84922    0.81750  3.74%   807 2846s
  2839  1352    0.82412   23  379    0.84922    0.81750  3.74%   808 2850s
  2841  1354    0.82498   25  417    0.84922    0.81750  3.74%   810 2855s
  2846  1359    0.82850   29  440    0.84922    0.81750  3.74%   811 2860s
  2855  1368    0.83139   34  287    0.84922    0.81750  3.74%   810 2865s
  2864  1374    0.83279   41  236    0.84922    0.81750  3.74%   809 2873s
  2871  1381    0.83419   44  272    0.84922    0.81750  3.74%   808 2875s
  2880  1390    0.84006   49  274    0.84922    0.81750  3.74%   807 2880s
  2893  1396    0.84147   54  276    0.84922    0.81750  3.74%   805 2885s
  2910  1410    0.84387   70  231    0.84922    0.81750  3.74%   801 2890s
  2921  1415    0.84538   79  240    0.84922    0.81750  3.74%   800 2895s
  2938  1424    0.84629   89  197    0.84922    0.81750  3.74%   797 2900s
  2958  1437    0.84710  104  189    0.84922    0.81750  3.74%   792 2905s
  2991  1462    0.84808  132  129    0.84922    0.81750  3.74%   784 2910s
  3003  1463    0.82126   17  596    0.84922    0.81750  3.74%   784 2916s
  3006  1466    0.83743   20  515    0.84922    0.81750  3.74%   785 2923s
  3008  1467    0.84003   22  521    0.84922    0.81750  3.74%   785 2925s
  3021  1475    0.84687   34  431    0.84922    0.81750  3.74%   783 2930s
  3028  1476    0.82280   17  450    0.84922    0.81765  3.72%   782 2935s
  3030  1478    0.83367   19  469    0.84922    0.81765  3.72%   784 2940s
  3034  1482    0.83917   23  485    0.84922    0.81765  3.72%   785 2945s
  3038  1484    0.84113   27  496    0.84922    0.81765  3.72%   785 2950s
  3048  1493    0.84396   37  429    0.84922    0.81765  3.72%   784 2955s
  3060  1503    0.84630   49  408    0.84922    0.81765  3.72%   782 2960s
  3067  1508    0.84861   56  391    0.84922    0.81765  3.72%   781 2970s
  3073  1508    0.82596   20  503    0.84922    0.81767  3.72%   781 2975s
  3076  1511    0.84312   23  394    0.84922    0.81767  3.72%   783 2980s
  3085  1512     cutoff   29         0.84922    0.81767  3.72%   782 2985s
  3087  1512    0.84405   20  455    0.84922    0.81769  3.71%   784 2990s
  3091  1514     cutoff   23         0.84922    0.81769  3.71%   785 2996s
  3095  1516    0.84821   25  425    0.84922    0.81769  3.71%   785 3000s
  3101  1516     cutoff   29         0.84922    0.81769  3.71%   786 3005s
  3114  1516    0.82951   19  480    0.84922    0.81773  3.71%   784 3010s
  3119  1519     cutoff   24         0.84922    0.81773  3.71%   785 3015s
  3124  1518    0.82155   30  450    0.84922    0.81775  3.71%   786 3020s
  3127  1521    0.82316   33  412    0.84922    0.81775  3.71%   788 3027s
  3129  1523    0.82425   35  404    0.84922    0.81775  3.71%   790 3031s
  3136  1529    0.82782   42  380    0.84922    0.81775  3.71%   789 3035s
  3149  1540    0.83149   55  307    0.84922    0.81775  3.71%   787 3040s
  3167  1557    0.83622   73  193    0.84922    0.81775  3.71%   784 3045s
  3193  1577    0.83882   95  176    0.84922    0.81775  3.71%   778 3050s
  3225  1604    0.84083  126  101    0.84922    0.81775  3.71%   772 3055s
  3255  1620    0.84135  152  103    0.84922    0.81775  3.71%   766 3060s
  3265  1624    0.83318   34  292    0.84922    0.81793  3.68%   766 3065s
  3273  1630    0.84873   41  216    0.84922    0.81793  3.68%   766 3070s
  3282  1628    0.82368   14  541    0.84922    0.81802  3.67%   766 3075s
  3285  1631    0.82957   17  465    0.84922    0.81802  3.67%   768 3080s
  3288  1634    0.83133   20  458    0.84922    0.81802  3.67%   769 3085s
  3292  1637    0.83438   24  413    0.84922    0.81802  3.67%   770 3090s
  3298  1642    0.83622   30  386    0.84922    0.81802  3.67%   770 3095s
  3313  1656    0.84128   45  343    0.84922    0.81802  3.67%   769 3100s
  3332  1658    0.82488   17  437    0.84922    0.81808  3.67%   767 3108s
  3333  1659    0.82626   18  442    0.84922    0.81808  3.67%   768 3110s
  3337  1661    0.82885   21  428    0.84922    0.81808  3.67%   769 3115s
  3345  1669    0.83756   29  302    0.84922    0.81808  3.67%   769 3120s
  3370  1677    0.82050   18  494    0.84922    0.81817  3.66%   766 3131s
  3373  1680    0.82502   21  402    0.84922    0.81817  3.66%   767 3136s
  3375  1682    0.82553   23  425    0.84922    0.81817  3.66%   769 3140s
  3380  1687    0.82941   28  304    0.84922    0.81817  3.66%   770 3145s
  3388  1694    0.83630   36  342    0.84922    0.81817  3.66%   770 3150s
  3394  1700    0.84104   42  327    0.84922    0.81817  3.66%   769 3155s
  3401  1707    0.84368   49  323    0.84922    0.81817  3.66%   769 3160s
  3410  1716    0.84504   58  286    0.84922    0.81817  3.66%   768 3165s
  3425  1729    0.84674   73  234    0.84922    0.81817  3.66%   765 3170s
  3451  1743    0.84804   97  167    0.84922    0.81817  3.66%   761 3175s
  3473  1748    0.84842  118  190    0.84922    0.81817  3.66%   756 3180s
  3485  1751    0.82984   18  494    0.84922    0.81819  3.65%   756 3186s
  3487  1751    0.84635   20  494    0.84922    0.81819  3.65%   757 3191s
  3490  1750    0.84401   21  482    0.84922    0.81873  3.59%   758 3196s
  3496  1754     cutoff   27         0.84922    0.81873  3.59%   759 3200s
  3508  1758    0.84758   33  423    0.84922    0.81873  3.59%   758 3205s
  3514  1758    0.82657   34  347    0.84922    0.81875  3.59%   759 3211s
  3516  1760    0.82700   36  391    0.84922    0.81875  3.59%   760 3224s
  3518  1762    0.82843   38  393    0.84922    0.81875  3.59%   761 3226s
  3523  1767    0.83497   43  338    0.84922    0.81875  3.59%   761 3230s
  3537  1781    0.84088   57  272    0.84922    0.81875  3.59%   760 3236s
  3556  1791    0.82224   33  332    0.84922    0.81885  3.58%   759 3245s
  3559  1794    0.82357   36  442    0.84922    0.81885  3.58%   760 3250s
  3563  1798    0.82580   40  452    0.84922    0.81885  3.58%   761 3255s
  3572  1807    0.82881   49  382    0.84922    0.81885  3.58%   761 3260s
  3586  1821    0.83122   63  313    0.84922    0.81885  3.58%   760 3265s
  3600  1834    0.83376   77  271    0.84922    0.81885  3.58%   758 3270s
  3626  1846    0.84812   97  199    0.84922    0.81885  3.58%   754 3275s
  3635  1845     cutoff   21         0.84922    0.81899  3.56%   754 3280s
  3637  1847    0.84791   24  465    0.84922    0.81899  3.56%   755 3286s
  3641  1844    0.82801   23  545    0.84922    0.81914  3.54%   758 3294s
  3642  1845    0.82802   24  534    0.84922    0.81914  3.54%   758 3295s
  3645  1844     cutoff   26         0.84922    0.81914  3.54%   759 3300s
  3648  1845    0.82408   43  341    0.84922    0.81914  3.54%   761 3305s
  3653  1850    0.82646   48  339    0.84922    0.81914  3.54%   762 3311s
  3660  1857    0.82825   55  352    0.84922    0.81914  3.54%   762 3315s
  3663  1860    0.82883   58  319    0.84922    0.81914  3.54%   762 3320s
  3676  1873    0.83237   71  301    0.84922    0.81914  3.54%   761 3325s
  3687  1884    0.83510   82  262    0.84922    0.81914  3.54%   761 3330s
  3705  1902    0.83866  100  205    0.84922    0.81914  3.54%   758 3335s
  3729  1914    0.82487   42  358    0.84922    0.81917  3.54%   754 3340s
  3736  1921    0.82771   49  330    0.84922    0.81917  3.54%   755 3345s
  3745  1929    0.83441   58  346    0.84922    0.81917  3.54%   755 3350s
  3770  1943     cutoff   77         0.84922    0.81917  3.54%   752 3355s
  3778  1945    0.83085   23  410    0.84922    0.81928  3.53%   752 3360s
  3785  1952    0.83811   30  350    0.84922    0.81928  3.53%   754 3365s
  3799  1957    0.82226   24  410    0.84922    0.81948  3.50%   755 3377s
  3801  1959    0.82444   26  435    0.84922    0.81948  3.50%   756 3381s
  3805  1963    0.82853   30  375    0.84922    0.81948  3.50%   757 3385s
  3813  1969    0.83148   37  322    0.84922    0.81948  3.50%   757 3390s
  3819  1971    0.84286   42  307    0.84922    0.81948  3.50%   758 3396s
  3833  1983    0.84631   55  241    0.84922    0.81948  3.50%   757 3400s
  3846  1985    0.82302   46  333    0.84922    0.81975  3.47%   758 3408s
  3847  1986    0.82393   47  341    0.84922    0.81975  3.47%   758 3410s
  3852  1991    0.82645   52  417    0.84922    0.81975  3.47%   759 3415s
  3860  1999    0.82903   60  353    0.84922    0.81975  3.47%   760 3420s
  3874  2012    0.83498   74  264    0.84922    0.81975  3.47%   759 3425s
  3902  2033    0.84132   99  269    0.84922    0.81975  3.47%   755 3430s
  3933  2058    0.84542  128  108    0.84922    0.81975  3.47%   750 3435s
  3957  2064    0.82658   17  525    0.84922    0.81978  3.47%   747 3442s
  3960  2067    0.83011   20  543    0.84922    0.81978  3.47%   748 3445s
  3965  2072    0.83177   25  516    0.84922    0.81978  3.47%   749 3450s
  3972  2077     cutoff   32         0.84922    0.81978  3.47%   749 3455s
  3988  2090    0.83677   47  303    0.84922    0.81978  3.47%   748 3461s
  3991  2093    0.83721   50  294    0.84922    0.81978  3.47%   747 3465s
  4008  2103    0.83840   67  290    0.84922    0.81978  3.47%   745 3470s
  4027  2121    0.83979   86  284    0.84922    0.81978  3.47%   742 3475s
  4059  2135    0.84489  107  248    0.84922    0.81978  3.47%   738 3480s
  4066  2134    0.82627   20  566    0.84922    0.81987  3.46%   738 3485s
  4070  2134    0.82508   35  460    0.84922    0.81996  3.45%   739 3491s
  4075  2139    0.82778   40  360    0.84922    0.81996  3.45%   740 3495s
  4092  2155    0.83253   57  297    0.84922    0.81996  3.45%   738 3500s
  4104  2167    0.83569   69  353    0.84922    0.81996  3.45%   738 3505s
  4120  2183    0.83989   85  262    0.84922    0.81996  3.45%   737 3510s
  4152  2215    0.84291  117  164    0.84922    0.81996  3.45%   732 3515s
  4187  2230     cutoff   14         0.84922    0.81998  3.44%   729 3525s
  4189  2230    0.82241   14  546    0.84922    0.82004  3.44%   731 3538s

Cutting planes:
  Learned: 14
  Gomory: 4
  Cover: 156
  Implied bound: 382
  Projected implied bound: 102
  Clique: 22
  MIR: 755
  StrongCG: 28
  Flow cover: 1096
  GUB cover: 4
  Inf proof: 1
  Zero half: 8
  Network: 59
  RLT: 7
  Relax-and-lift: 161
  BQP: 7

Explored 4190 nodes (3355890 simplex iterations) in 3538.02 seconds (9874.60 work units)
Most recent optimization runtime was 3505.56 seconds (9808.74 work units)
Thread count was 1 (of 20 available processors)

Solution count 10: 0.849223 0.849305 0.849608 ... 0.862316

Time limit reached
Best objective 8.492232750000e-01, best bound 8.200410383554e-01, gap 3.4363%

User-callback calls 432602, time in user-callback 0.05 sec
