
Gurobi 13.0.2 (win64) logging started Fri Jul 24 23:59:53 2026

Set parameter LogFile to value "E:\codes\ExactEBRP\results\gf_nonblocking_gurobi_c6_round31\runs\stage3__round31_sealed_moderate_V50_seed1112848618__c6_candidate__300s\external\native_logs\L3_lp.gurobi.log"
Gurobi Optimizer version 13.0.2 build v13.0.2rc1 (win64 - Windows 10.0 (19045.2))

CPU model: 12th Gen Intel(R) Core(TM) i7-12700KF, instruction set [SSE2|AVX|AVX2]
Thread count: 12 physical cores, 20 logical processors, using up to 1 threads

Non-default parameters:
TimeLimit  87.156159
MIPGap  0
MIPGapAbs  0
LogToConsole  0
Threads  1

Optimize a model with 93004 rows, 18185 columns and 665738 nonzeros (Min)
Model fingerprint: 0x31098fbf
Model has 51 linear objective coefficients
Coefficient statistics:
  Matrix range     [7e-03, 2e+04]
  Objective range  [7e-03, 1e+00]
  Bounds range     [5e-01, 2e+03]
  RHS range        [5e-01, 5e+04]

Presolve removed 7655 rows and 236 columns
Presolve time: 0.36s
Presolved: 17929 rows, 103320 columns, 542881 nonzeros

Iteration    Objective       Primal Inf.    Dual Inf.      Time
       0      handle free variables                          0s

Solved in 7264 iterations and 2.06 seconds (6.87 work units)
Infeasible model

User-callback calls 7416, time in user-callback 0.00 sec
