
Gurobi 13.0.2 (win64) logging started Fri Oct  2 22:58:42 2026

Set parameter LogFile to value "E:\codes\ExactEBRP\results\unified_exact_round100\development01\raw\08_R98-C1_ENS-C\external\native_logs\L0_terminal_mip.gurobi.log"
Set parameter TimeLimit to value 594.5559503
Gurobi Optimizer version 13.0.2 build v13.0.2rc1 (win64 - Windows 10.0 (19045.2))

CPU model: 12th Gen Intel(R) Core(TM) i7-12700KF, instruction set [SSE2|AVX|AVX2]
Thread count: 12 physical cores, 20 logical processors, using up to 1 threads

Non-default parameters:
TimeLimit  594.5559503
MIPGap  0
MIPGapAbs  0
LogToConsole  0
Threads  1

Optimize a model with 9098 rows, 3318 columns and 52342 nonzeros (Min)
Model fingerprint: 0x1677d6fa
Model has 21 linear objective coefficients
Variable types: 1696 continuous, 1622 integer (1482 binary)
Coefficient statistics:
  Matrix range     [4e-02, 1e+04]
  Objective range  [5e-02, 1e+00]
  Bounds range     [4e-01, 4e+02]
  RHS range        [4e-01, 4e+04]

Loaded user MIP start with objective 0.377846

Presolve removed 1866 rows and 22 columns
Presolve time: 0.11s
Presolved: 7232 rows, 3296 columns, 42613 nonzeros
Variable types: 1484 continuous, 1812 integer (1482 binary)

Root relaxation: objective 8.536024e-02, 2986 iterations, 0.10 seconds (0.25 work units)

    Nodes    |    Current Node    |     Objective Bounds      |     Work
 Expl Unexpl |  Obj  Depth IntInf | Incumbent    BestBd   Gap | It/Node Time

     0     0    0.08536    0  196    0.37785    0.08536  77.4%     -    0s
     0     0    0.13414    0  373    0.37785    0.13414  64.5%     -    0s
     0     0    0.14069    0  349    0.37785    0.14069  62.8%     -    0s
     0     0    0.15297    0  427    0.37785    0.15297  59.5%     -    1s
     0     0    0.17302    0  336    0.37785    0.17302  54.2%     -    1s
     0     0    0.18812    0  373    0.37785    0.18812  50.2%     -    1s
     0     0    0.20263    0  431    0.37785    0.20263  46.4%     -    1s
     0     0    0.22044    0  413    0.37785    0.22044  41.7%     -    2s
     0     0    0.22879    0  428    0.37785    0.22879  39.4%     -    2s
     0     0    0.23422    0  484    0.37785    0.23422  38.0%     -    2s
     0     0    0.23501    0  450    0.37785    0.23501  37.8%     -    2s
     0     0    0.23865    0  454    0.37785    0.23865  36.8%     -    2s
     0     0    0.23917    0  493    0.37785    0.23917  36.7%     -    2s
     0     0    0.24490    0  472    0.37785    0.24490  35.2%     -    3s
     0     0    0.24588    0  472    0.37785    0.24588  34.9%     -    3s
     0     0    0.24826    0  474    0.37785    0.24826  34.3%     -    3s
     0     0    0.24853    0  486    0.37785    0.24853  34.2%     -    3s
     0     0    0.25403    0  475    0.37785    0.25403  32.8%     -    3s
     0     0    0.25437    0  474    0.37785    0.25437  32.7%     -    3s
     0     0    0.25572    0  473    0.37785    0.25572  32.3%     -    3s
     0     0    0.25619    0  475    0.37785    0.25619  32.2%     -    3s
     0     0    0.25645    0  476    0.37785    0.25645  32.1%     -    4s
     0     0    0.25667    0  473    0.37785    0.25667  32.1%     -    4s
     0     0    0.26127    0  468    0.37785    0.26127  30.9%     -    4s
     0     0    0.26198    0  477    0.37785    0.26198  30.7%     -    4s
     0     0    0.26432    0  468    0.37785    0.26432  30.0%     -    4s
     0     0    0.26455    0  483    0.37785    0.26455  30.0%     -    4s
     0     0    0.26537    0  462    0.37785    0.26537  29.8%     -    4s
     0     0    0.26541    0  471    0.37785    0.26541  29.8%     -    4s
     0     0    0.26581    0  458    0.37785    0.26581  29.7%     -    5s
     0     0    0.26591    0  467    0.37785    0.26591  29.6%     -    5s
     0     0    0.26600    0  464    0.37785    0.26600  29.6%     -    5s
     0     0    0.26607    0  464    0.37785    0.26607  29.6%     -    5s
     0     0    0.26607    0  464    0.37785    0.26607  29.6%     -    5s
     0     2    0.26608    0  459    0.37785    0.26608  29.6%     -    5s
H    4     4                       0.3775899    0.26608  29.5%   195    6s
H    4     4                       0.3770371    0.26608  29.4%   195    6s
H    4     4                       0.3705737    0.26608  28.2%   195    6s
H    4     4                       0.3698755    0.26608  28.1%   195    6s
H    4     4                       0.3696008    0.26608  28.0%   195    6s
H    6     6                       0.3641155    0.26608  26.9%   401    6s
H   14    14                       0.3621470    0.26608  26.5%   344    7s
H   14    14                       0.3621076    0.26608  26.5%   344    7s
H   14    14                       0.3620701    0.26608  26.5%   344    7s
H   78    78                       0.3619996    0.26608  26.5%   168    8s
   131   125    0.26880    1  358    0.36200    0.26685  26.3%   126   10s
   358   303    0.34441   16  218    0.36200    0.27758  23.3%   176   15s
   590   468    0.30179    8  374    0.36200    0.28113  22.3%   168   20s
   598   473    0.34494   21  471    0.36200    0.28113  22.3%   166   25s
   609   481    0.35313   16  466    0.36200    0.28113  22.3%   163   30s
   639   492    0.28602   17  432    0.36200    0.28262  21.9%   204   35s
H  732   472                       0.3612279    0.28553  21.0%   198   37s
H  762   450                       0.3605434    0.28553  20.8%   192   38s
   814   450    0.33677   19  423    0.36054    0.29371  18.5%   191   40s
H  845   425                       0.3594485    0.29371  18.3%   195   41s
   908   419    0.32746   20  368    0.35945    0.29598  17.7%   199   45s
  1047   426    0.35706   44  183    0.35945    0.31342  12.8%   197   50s
  1228   401    0.35718   25  305    0.35945    0.31838  11.4%   194   55s
  1467   377    0.35753   27  338    0.35945    0.32643  9.19%   187   60s
  1730   326 infeasible   27         0.35945    0.33384  7.12%   183   65s
  2051   326    0.35502   42  142    0.35945    0.34092  5.15%   180   70s
  2400   393    0.35505   24  264    0.35945    0.34481  4.07%   171   75s
  2958   516    0.35336   31  226    0.35945    0.34795  3.20%   153   80s
  3699   677    0.35862   36  170    0.35945    0.34958  2.75%   132   85s
  4784   893    0.35663   47   98    0.35945    0.35089  2.38%   110   90s
  6011  1097    0.35322   35  142    0.35945    0.35177  2.13%  94.3   95s
  7121  1285    0.35429   40  134    0.35945    0.35227  2.00%  84.5  100s
  8288  1391    0.35906   43  120    0.35945    0.35283  1.84%  77.4  105s
  9347  1435    0.35327   37  119    0.35945    0.35327  1.72%  72.3  110s
*10388  1418              85       0.3587412    0.35356  1.44%  68.0  113s
 10821  1411    0.35692   42  180    0.35874    0.35376  1.39%  66.6  115s
 12301  1411    0.35789   40  179    0.35874    0.35429  1.24%  62.4  120s
 13769  1300    0.35749   69   85    0.35874    0.35490  1.07%  59.0  125s
 15264  1230    0.35663   81   38    0.35874    0.35537  0.94%  56.0  130s
 16700  1033    0.35633   44  165    0.35874    0.35592  0.79%  53.7  135s
 18215   782    0.35783   46   92    0.35874    0.35650  0.62%  51.5  140s
 19575   319    0.35864   77   20    0.35874    0.35749  0.35%  50.1  145s

Cutting planes:
  Learned: 35
  Cover: 73
  Implied bound: 142
  Projected implied bound: 16
  Clique: 13
  MIR: 263
  Mixing: 2
  StrongCG: 14
  Flow cover: 387
  GUB cover: 20
  Inf proof: 5
  Zero half: 5
  Network: 50
  RLT: 3
  Relax-and-lift: 47
  BQP: 4

Explored 20050 nodes (1015939 simplex iterations) in 146.95 seconds (236.35 work units)
Thread count was 1 (of 20 available processors)

Solution count 10: 0.358741 0.359449 0.360543 ... 0.369601

Optimal solution found (tolerance 0.00e+00)
Best objective 3.587412415544e-01, best bound 3.587412415544e-01, gap 0.0000%

User-callback calls 65569, time in user-callback 2.09 sec
