
Gurobi 13.0.2 (win64) logging started Fri Jul 24 23:46:34 2026

Set parameter LogFile to value "E:\codes\ExactEBRP\results\gf_nonblocking_gurobi_c6_round31\runs\stage3__round31_sealed_moderate_V50_seed1112848618__p_grb__300s\native.log"
Set parameter Threads to value 1
Set parameter Presolve to value -1
Set parameter Seed to value 0
Set parameter MIPGap to value 0
Set parameter MIPGapAbs to value 0
Set parameter TimeLimit to value 300
Read LP format model from file E:\codes\ExactEBRP\results\gf_nonblocking_gurobi_c6_round31\runs\stage3__round31_sealed_moderate_V50_seed1112848618__p_grb__300s\canonical.lp
Reading time = 0.04 seconds
obj: 27647 rows, 10532 columns, 135618 nonzeros
Set parameter TimeLimit to value 294.7473801
Gurobi Optimizer version 13.0.2 build v13.0.2rc1 (win64 - Windows 10.0 (19045.2))

CPU model: 12th Gen Intel(R) Core(TM) i7-12700KF, instruction set [SSE2|AVX|AVX2]
Thread count: 12 physical cores, 20 logical processors, using up to 1 threads

Non-default parameters:
TimeLimit  294.7473801
MIPGap  0
MIPGapAbs  0
LogToConsole  0
Threads  1

Optimize a model with 27647 rows, 10532 columns and 135618 nonzeros (Min)
Model fingerprint: 0x57d130f4
Model has 51 linear objective coefficients
Variable types: 1804 continuous, 8728 integer (8228 binary)
Coefficient statistics:
  Matrix range     [3e-02, 6e+02]
  Objective range  [7e-03, 1e+00]
  Bounds range     [1e+00, 5e+01]
  RHS range        [1e+00, 4e+03]

Presolve removed 365 rows and 62 columns
Presolve time: 0.25s
Presolved: 27282 rows, 10470 columns, 218895 nonzeros
Variable types: 476 continuous, 9994 integer (8228 binary)
Found heuristic solution: objective 2.4751724

Use crossover to convert LP symmetric solution to basic solution...
Crossover time: 0.03 seconds (0.04 work units)

Root relaxation: objective 3.421758e-01, 6242 iterations, 0.34 seconds (0.71 work units)

    Nodes    |    Current Node    |     Objective Bounds      |     Work
 Expl Unexpl |  Obj  Depth IntInf | Incumbent    BestBd   Gap | It/Node Time

     0     0    0.34218    0  712    2.47517    0.34218  86.2%     -    0s
     0     0    0.40747    0 1646    2.47517    0.40747  83.5%     -    2s
     0     0    0.41102    0 1649    2.47517    0.41102  83.4%     -    2s
     0     0    0.42685    0 1816    2.47517    0.42685  82.8%     -    3s
H    0     0                       2.1242616    0.42690  79.9%     -    3s
     0     0    0.42784    0 1827    2.12426    0.42784  79.9%     -    3s
     0     0    0.43060    0 1913    2.12426    0.43060  79.7%     -    4s
     0     0    0.43106    0 1890    2.12426    0.43106  79.7%     -    5s
     0     0    0.43225    0 1987    2.12426    0.43225  79.7%     -    6s
H    0     0                       2.0887283    0.43225  79.3%     -    6s
H    0     0                       1.9827741    0.43225  78.2%     -    6s
H    0     0                       1.9821283    0.43225  78.2%     -    6s
H    0     0                       1.9772845    0.43225  78.1%     -    6s
H    0     0                       1.9722512    0.43225  78.1%     -    6s
     0     0    0.43247    0 2022    1.97225    0.43247  78.1%     -    7s
     0     0    0.43334    0 2025    1.97225    0.43334  78.0%     -    7s
H    0     0                       1.9451676    0.43390  77.7%     -    7s
     0     0    0.43390    0 2064    1.94517    0.43390  77.7%     -    8s
     0     0    0.43395    0 2011    1.94517    0.43395  77.7%     -    9s
H    0     0                       1.9399051    0.43395  77.6%     -    9s
H    0     0                       1.9392215    0.43395  77.6%     -    9s
H    0     0                       1.9215895    0.43395  77.4%     -    9s
H    0     0                       1.9161207    0.43395  77.4%     -    9s
H    0     0                       1.9154372    0.43395  77.3%     -    9s
H    0     0                       1.9148820    0.43395  77.3%     -    9s
H    0     0                       1.9100968    0.43395  77.3%     -    9s
H    0     0                       1.9094132    0.43395  77.3%     -    9s
H    0     0                       1.9083183    0.43395  77.3%     -    9s
H    0     0                       1.8961785    0.43395  77.1%     -    9s
H    0     0                       1.8896859    0.43395  77.0%     -    9s
H    0     0                       1.8890023    0.43395  77.0%     -    9s
H    0     0                       1.8816148    0.43395  76.9%     -    9s
H    0     0                       1.8777020    0.43395  76.9%     -    9s
H    0     0                       1.8776031    0.43395  76.9%     -    9s
H    0     0                       1.8748687    0.43395  76.9%     -    9s
H    0     0                       1.8732653    0.43395  76.8%     -    9s
     0     0    0.43399    0 2057    1.87327    0.43399  76.8%     -    9s
     0     0    0.43443    0 2001    1.87327    0.43443  76.8%     -   10s
H    0     0                       1.5173085    0.43443  71.4%     -   10s
H    0     0                       1.5164752    0.43443  71.4%     -   10s
     0     0    0.43448    0 2010    1.51648    0.43448  71.3%     -   11s
     0     0    0.43458    0 2033    1.51648    0.43458  71.3%     -   12s
H    0     0                       1.0880515    0.43458  60.1%     -   12s
H    0     0                       1.0875251    0.43458  60.0%     -   12s
     0     0    0.43463    0 2038    1.08753    0.43463  60.0%     -   12s
     0     0    0.43482    0 2000    1.08753    0.43482  60.0%     -   13s
     0     0    0.43482    0 2025    1.08753    0.43482  60.0%     -   13s
     0     0    0.43483    0 2085    1.08753    0.43483  60.0%     -   14s
     0     0    0.43484    0 2046    1.08753    0.43484  60.0%     -   14s
     0     0    0.43493    0 2041    1.08753    0.43493  60.0%     -   15s
     0     0    0.43493    0 2038    1.08753    0.43493  60.0%     -   15s
     0     0    0.43493    0 1956    1.08753    0.43493  60.0%     -   15s
H    0     0                       1.0604817    0.43493  59.0%     -   17s
H    0     0                       1.0021052    0.43493  56.6%     -   18s
H    0     0                       0.9692939    0.43493  55.1%     -   18s
H    0     0                       0.9691906    0.43493  55.1%     -   18s
H    0     0                       0.9691851    0.43493  55.1%     -   18s
H    0     0                       0.9689014    0.43493  55.1%     -   18s
H    0     0                       0.9674990    0.43493  55.0%     -   18s
H    0     0                       0.9674970    0.43493  55.0%     -   18s
     0     2    0.43493    0 1936    0.96750    0.43493  55.0%     -   18s
     3     5    0.43755    3 1913    0.96750    0.43493  55.0%   498   20s
H    6     6                       0.9622345    0.43493  54.8%   352   21s
H    6     6                       0.9618403    0.43493  54.8%   352   21s
H    6     6                       0.9610163    0.43493  54.7%   352   21s
H   36    36                       0.8755055    0.43493  50.3%   267   24s
H   36    36                       0.8748219    0.43493  50.3%   267   24s
H   36    36                       0.8696087    0.43493  50.0%   267   24s
H   36    36                       0.8683300    0.43493  49.9%   267   25s
H   36    36                       0.8683083    0.43493  49.9%   267   25s
H   43    43                       0.8667972    0.43493  49.8%   251   25s
H   43    43                       0.8659340    0.43493  49.8%   251   25s
H   51    51                       0.8440463    0.43493  48.5%   238   26s
H   51    51                       0.8389091    0.43493  48.2%   238   26s
H   51    51                       0.8383383    0.43493  48.1%   238   26s
H   51    51                       0.8363486    0.43493  48.0%   238   26s
H   51    51                       0.8261616    0.43493  47.4%   238   26s
H   51    51                       0.8255908    0.43493  47.3%   238   26s
H   51    51                       0.8239921    0.43493  47.2%   238   26s
H   51    51                       0.8233304    0.43493  47.2%   238   26s
H   51    51                       0.8231705    0.43493  47.2%   238   26s
H   51    51                       0.8231571    0.43493  47.2%   238   26s
H   51    51                       0.8205613    0.43493  47.0%   238   26s
H   51    51                       0.8203936    0.43493  47.0%   238   26s
H   59    59                       0.8191869    0.43493  46.9%   218   27s
H   59    59                       0.8180298    0.43493  46.8%   218   27s
H   59    59                       0.8180168    0.43493  46.8%   218   27s
H   59    59                       0.8179868    0.43493  46.8%   218   27s
H   59    59                       0.8179758    0.43493  46.8%   218   27s
H   64    64                       0.8176574    0.43493  46.8%   211   28s
H   64    64                       0.8175330    0.43493  46.8%   211   28s
    83    85    0.45392   56 1743    0.81753    0.43493  46.8%   199   30s
   168   170    0.47440  125 1261    0.81753    0.43493  46.8%   156   35s
   234   230    0.48301    2 1907    0.81753    0.43736  46.5%   167   40s
   267   263    0.47527   29 1634    0.81753    0.43736  46.5%   190   45s
H  282   276                       0.8029092    0.43736  45.5%   186   46s
   317   309    0.67204   66 1412    0.80291    0.43736  45.5%   184   51s
H  350   340                       0.7931175    0.43736  44.9%   174   54s
H  350   340                       0.7888940    0.43736  44.6%   174   54s
H  350   340                       0.7882410    0.43736  44.5%   174   54s
H  350   340                       0.7879237    0.43736  44.5%   174   54s
   360   352    0.68126   98 1211    0.78792    0.43736  44.5%   175   55s
   520   507    0.67708   83 1956    0.78792    0.43736  44.5%   135   65s
   523   509    0.70836  232 1788    0.78792    0.43736  44.5%   134   70s
   526   511    0.47832   33 1951    0.78792    0.44213  43.9%   134   76s
   528   512    0.48303    3 1945    0.78792    0.44395  43.7%   133   81s
H  528   486                       0.7861103    0.44436  43.5%   133   84s
H  528   461                       0.7808985    0.44436  43.1%   133   84s
   530   463    0.47788   36 2030    0.78090    0.44449  43.1%   133   86s
   533   465    0.70065  179 1929    0.78090    0.44505  43.0%   132   92s
H  534   442                       0.7797308    0.44515  42.9%   132   95s
H  536   421                       0.7699882    0.44545  42.1%   131  100s
H  538   401                       0.7631127    0.44582  41.6%   131  104s
   540   402    0.69323  164 1959    0.76311    0.44585  41.6%   130  106s
H  540   381                       0.7627738    0.44597  41.5%   130  108s
   542   383    0.44599   14 1911    0.76277    0.44599  41.5%   130  110s
   547   386    0.46385  100 1908    0.76277    0.44600  41.5%   129  115s
   552   389    0.49023  149 1940    0.76277    0.44600  41.5%   127  121s
H  552   369                       0.7577530    0.44600  41.1%   127  125s
H  554   352                       0.7576731    0.44605  41.1%   241  126s
H  555   334                       0.7575464    0.44657  41.1%   243  130s
H  555   317                       0.7574293    0.44657  41.0%   243  130s
H  555   301                       0.7484210    0.44657  40.3%   243  131s
H  555   285                       0.7479303    0.44657  40.3%   243  131s
H  555   270                       0.7390416    0.44657  39.6%   243  132s
H  555   256                       0.7327677    0.44657  39.1%   243  132s
H  555   243                       0.7321740    0.44657  39.0%   243  132s
H  555   230                       0.7320372    0.44657  39.0%   243  133s
H  555   218                       0.7320326    0.44657  39.0%   243  133s
H  555   207                       0.7298213    0.44657  38.8%   243  133s
H  556   197                       0.7266208    0.44657  38.5%   251  133s
H  556   187                       0.7255243    0.44657  38.4%   251  133s
H  556   177                       0.7252991    0.44657  38.4%   251  133s
H  556   167                       0.7252707    0.44657  38.4%   251  133s
H  557   160                       0.7251272    0.44657  38.4%   251  135s
H  557   151                       0.7251065    0.44657  38.4%   251  135s
H  557   143                       0.7251009    0.44657  38.4%   251  135s
H  557   136                       0.7250943    0.44657  38.4%   251  135s
H  557   128                       0.7250809    0.44657  38.4%   251  135s
H  557   122                       0.7250786    0.44657  38.4%   251  135s
H  557   115                       0.7250719    0.44657  38.4%   251  135s
H  557   109                       0.7250551    0.44657  38.4%   251  135s
H  558   103                       0.7249990    0.44679  38.4%   256  137s
H  558    97                       0.7249141    0.44679  38.4%   256  137s
   561   101    0.45929   18 1840    0.72491    0.44912  38.0%   272  141s
   565   104    0.44933   20 1756    0.72491    0.44920  38.0%   276  145s
   577   112    0.45528   26 1779    0.72491    0.44933  38.0%   293  150s
H  595   115                       0.7237725    0.44933  37.9%   296  153s
H  595   110                       0.7228713    0.44933  37.8%   296  153s
H  595   105                       0.7228449    0.44933  37.8%   296  153s
H  595   101                       0.7228186    0.44933  37.8%   296  153s
   601   107    0.45516   38 1565    0.72282    0.44933  37.8%   297  155s
   621   120    0.50529   48 1489    0.72282    0.44933  37.8%   302  160s
   645   136    0.46529   60 1445    0.72282    0.44933  37.8%   303  165s
   674   156    0.47205   75 1385    0.72282    0.44933  37.8%   300  170s
H  677   151                       0.7213767    0.44933  37.7%   299  170s
H  677   147                       0.7212620    0.44933  37.7%   299  170s
H  680   145                       0.7212620    0.44933  37.7%   299  171s
   712   168    0.47400   94 1273    0.72126    0.44933  37.7%   294  175s
   751   198    0.48445  113 1049    0.72126    0.44933  37.7%   287  180s
   784   231    0.48085  130 1039    0.72126    0.44933  37.7%   283  185s
   815   262    0.68835  145 1082    0.72126    0.44933  37.7%   286  190s
   846   292    0.48150  161 1129    0.72126    0.44933  37.7%   288  195s
   877   321    0.48493  176 1038    0.72126    0.44933  37.7%   288  200s
   914   356    0.48360  195  959    0.72126    0.44933  37.7%   287  205s
   944   374    0.48382  210  894    0.72126    0.44933  37.7%   289  210s
   993   423    0.48920  234  780    0.72126    0.44933  37.7%   282  215s
H 1005   433                       0.7210124    0.44933  37.7%   281  217s
  1031   461    0.49497  253  721    0.72101    0.44933  37.7%   277  220s
H 1033   461                       0.7208171    0.44933  37.7%   277  221s
H 1033   461                       0.7207834    0.44933  37.7%   277  221s
  1033   463    0.49440  254  766    0.72078    0.44933  37.7%   277  225s
  1069   499    0.50707  272  610    0.72078    0.44933  37.7%   273  230s
  1103   533    0.49842  289  786    0.72078    0.44933  37.7%   272  235s
  1127   553    0.52969  301  833    0.72078    0.44933  37.7%   274  240s
  1153   577    0.49507  314  768    0.72078    0.44933  37.7%   276  245s
  1190   604    0.49539  333  797    0.72078    0.44933  37.7%   279  250s
  1231   637    0.55930  353  672    0.72078    0.44933  37.7%   279  255s
  1259   657     cutoff  367         0.72078    0.44933  37.7%   282  260s
  1295   677     cutoff  385         0.72078    0.44933  37.7%   284  265s
  1325   693    0.55440  400  720    0.72078    0.44933  37.7%   286  270s
  1365   723    0.56752  420  686    0.72078    0.44933  37.7%   286  275s
  1423   781    0.64181  449  747    0.72078    0.44933  37.7%   284  280s
  1489   847    0.62703  482  768    0.72078    0.44933  37.7%   282  285s
  1540   873    0.44937   21 1775    0.72078    0.44937  37.7%   280  290s

Cutting planes:
  Learned: 18
  Gomory: 5
  Cover: 62
  Implied bound: 242
  Projected implied bound: 152
  Clique: 93
  MIR: 388
  StrongCG: 31
  Flow cover: 595
  GUB cover: 1
  Zero half: 16
  RLT: 33
  Relax-and-lift: 192
  BQP: 37

Explored 1547 nodes (470541 simplex iterations) in 294.75 seconds (659.91 work units)
Thread count was 1 (of 20 available processors)

Solution count 10: 0.720783 0.720817 0.721012 ... 0.724914

Time limit reached
Best objective 7.207834027900e-01, best bound 4.494563662367e-01, gap 37.6434%

User-callback calls 74721, time in user-callback 0.01 sec
