
Gurobi 13.0.2 (win64) logging started Sat Aug  8 15:05:02 2026

Set parameter LogFile to value "E:\codes\ExactEBRP\results\gf_c6_documentation_hga_round34\runs\transfer__V12_M2__c6_simple_start__3600s\external\native_logs\L0_lp.gurobi.log"
Gurobi Optimizer version 13.0.2 build v13.0.2rc1 (win64 - Windows 10.0 (19045.2))

CPU model: 12th Gen Intel(R) Core(TM) i7-12700KF, instruction set [SSE2|AVX|AVX2]
Thread count: 12 physical cores, 20 logical processors, using up to 1 threads

Non-default parameters:
TimeLimit  3584.8408006
MIPGap  0
MIPGapAbs  0
LogToConsole  0
Threads  1

Optimize a model with 11351 rows, 1034 columns and 113440 nonzeros (Min)
Model fingerprint: 0xa3940c7a
Model has 13 linear objective coefficients
Coefficient statistics:
  Matrix range     [5e-05, 1e+05]
  Objective range  [5e-05, 1e+00]
  Bounds range     [2e-01, 3e+02]
  RHS range        [2e-01, 1e+06]

Presolve removed 581 rows and 61 columns
Presolve time: 0.05s
Presolved: 956 rows, 11687 columns, 112118 nonzeros

Iteration    Objective       Primal Inf.    Dual Inf.      Time
       0      handle free variables                          0s

Solved in 1093 iterations and 0.10 seconds (0.34 work units)
Infeasible model

User-callback calls 1239, time in user-callback 0.00 sec
