
Gurobi 13.0.2 (win64) logging started Sat Aug  8 14:52:14 2026

Set parameter LogFile to value "E:\codes\ExactEBRP\results\gf_c6_documentation_hga_round34\runs\v10__round33_v10_tight_T_M2_Q30_seed1783646009__c6_hga_full__3600s\native.log"
Set parameter Threads to value 1
Set parameter Presolve to value -1
Set parameter Seed to value 0
Set parameter MIPGap to value 0
Set parameter MIPGapAbs to value 0
Warning: unknown variable 'r_max' in bounds section (line 4773)
Warning: unknown variable 'r_min' in bounds section (line 4774)
Read LP format model from file E:\codes\ExactEBRP\results\gf_c6_documentation_hga_round34\runs\v10__round33_v10_tight_T_M2_Q30_seed1783646009__c6_hga_full__3600s\external\models\L0.lp
Reading time = 0.01 seconds
obj: 4261 rows, 759 columns, 30493 nonzeros
Set parameter TimeLimit to value 3583.4802509
Warning: unknown variable 'r_max' in bounds section (line 4773)
Warning: unknown variable 'r_min' in bounds section (line 4774)
Read LP format model from file E:\codes\ExactEBRP\results\gf_c6_documentation_hga_round34\runs\v10__round33_v10_tight_T_M2_Q30_seed1783646009__c6_hga_full__3600s\external\models\L1.lp
Reading time = 0.01 seconds
obj: 4261 rows, 759 columns, 30613 nonzeros
Set parameter TimeLimit to value 3583.3905363
Warning: unknown variable 'r_max' in bounds section (line 4773)
Warning: unknown variable 'r_min' in bounds section (line 4774)
Read LP format model from file E:\codes\ExactEBRP\results\gf_c6_documentation_hga_round34\runs\v10__round33_v10_tight_T_M2_Q30_seed1783646009__c6_hga_full__3600s\external\models\L2.lp
Reading time = 0.01 seconds
obj: 4261 rows, 759 columns, 30613 nonzeros
Set parameter TimeLimit to value 3583.2791119
Warning: unknown variable 'r_max' in bounds section (line 4774)
Warning: unknown variable 'r_min' in bounds section (line 4775)
Warning: Numeric variable name in LP file ('0') - often the result
         of a constant term in the left-hand side of a constraint.

Read LP format model from file E:\codes\ExactEBRP\results\gf_c6_documentation_hga_round34\runs\v10__round33_v10_tight_T_M2_Q30_seed1783646009__c6_hga_full__3600s\external\models\L3.lp
Reading time = 0.01 seconds
obj: 4262 rows, 760 columns, 30614 nonzeros
Set parameter TimeLimit to value 3583.1734732
Warning: unknown variable 'r_max' in bounds section (line 4773)
Warning: unknown variable 'r_min' in bounds section (line 4774)
Read LP format model from file E:\codes\ExactEBRP\results\gf_c6_documentation_hga_round34\runs\v10__round33_v10_tight_T_M2_Q30_seed1783646009__c6_hga_full__3600s\external\models\L1.0.lp
Reading time = 0.01 seconds
obj: 4261 rows, 759 columns, 30613 nonzeros
Set parameter TimeLimit to value 3578.9526392
Warning: unknown variable 'r_max' in bounds section (line 4773)
Warning: unknown variable 'r_min' in bounds section (line 4774)
Read LP format model from file E:\codes\ExactEBRP\results\gf_c6_documentation_hga_round34\runs\v10__round33_v10_tight_T_M2_Q30_seed1783646009__c6_hga_full__3600s\external\models\L1.1.lp
Reading time = 0.01 seconds
obj: 4261 rows, 759 columns, 30613 nonzeros
Set parameter TimeLimit to value 3578.8427257
Warning: unknown variable 'r_max' in bounds section (line 4773)
Warning: unknown variable 'r_min' in bounds section (line 4774)
Read LP format model from file E:\codes\ExactEBRP\results\gf_c6_documentation_hga_round34\runs\v10__round33_v10_tight_T_M2_Q30_seed1783646009__c6_hga_full__3600s\external\models\L2.0.lp
Reading time = 0.01 seconds
obj: 4261 rows, 759 columns, 30613 nonzeros
Set parameter TimeLimit to value 3577.2757146
Warning: unknown variable 'r_max' in bounds section (line 4775)
Warning: unknown variable 'r_min' in bounds section (line 4776)
Warning: Numeric variable name in LP file ('0') - often the result
         of a constant term in the left-hand side of a constraint.

Read LP format model from file E:\codes\ExactEBRP\results\gf_c6_documentation_hga_round34\runs\v10__round33_v10_tight_T_M2_Q30_seed1783646009__c6_hga_full__3600s\external\models\L2.1.lp
Reading time = 0.01 seconds
obj: 4263 rows, 760 columns, 30618 nonzeros
Set parameter TimeLimit to value 3577.1733763
Warning: unknown variable 'r_max' in bounds section (line 4773)
Warning: unknown variable 'r_min' in bounds section (line 4774)
Read LP format model from file E:\codes\ExactEBRP\results\gf_c6_documentation_hga_round34\runs\v10__round33_v10_tight_T_M2_Q30_seed1783646009__c6_hga_full__3600s\external\models\L2.0.0.lp
Reading time = 0.01 seconds
obj: 4261 rows, 759 columns, 30613 nonzeros
Set parameter TimeLimit to value 3577.1061933
Warning: unknown variable 'r_max' in bounds section (line 4774)
Warning: unknown variable 'r_min' in bounds section (line 4775)
Read LP format model from file E:\codes\ExactEBRP\results\gf_c6_documentation_hga_round34\runs\v10__round33_v10_tight_T_M2_Q30_seed1783646009__c6_hga_full__3600s\external\models\L2.0.1.lp
Reading time = 0.01 seconds
obj: 4262 rows, 759 columns, 30617 nonzeros
Set parameter TimeLimit to value 3577.0000658
Warning: unknown variable 'r_max' in bounds section (line 4773)
Warning: unknown variable 'r_min' in bounds section (line 4774)
Read LP format model from file E:\codes\ExactEBRP\results\gf_c6_documentation_hga_round34\runs\v10__round33_v10_tight_T_M2_Q30_seed1783646009__c6_hga_full__3600s\external\models\L2.0.0.0.lp
Reading time = 0.01 seconds
obj: 4261 rows, 759 columns, 30613 nonzeros
Set parameter TimeLimit to value 3576.905307
Warning: unknown variable 'r_max' in bounds section (line 4774)
Warning: unknown variable 'r_min' in bounds section (line 4775)
Read LP format model from file E:\codes\ExactEBRP\results\gf_c6_documentation_hga_round34\runs\v10__round33_v10_tight_T_M2_Q30_seed1783646009__c6_hga_full__3600s\external\models\L2.0.0.1.lp
Reading time = 0.01 seconds
obj: 4262 rows, 759 columns, 30617 nonzeros
Set parameter TimeLimit to value 3576.801668
