
Gurobi 13.0.2 (win64) logging started Mon Aug 10 07:52:58 2026

Set parameter LogFile to value "E:\codes\ExactEBRP\results\gf_simple_start_qualification_round35\runs\v50_3600__round32_multi_m_moderate_V50_M4_seed721910669__c6_simple_start__3600s\external\native_logs\L0_lp.gurobi.log"
Gurobi Optimizer version 13.0.2 build v13.0.2rc1 (win64 - Windows 10.0 (19045.2))

CPU model: 12th Gen Intel(R) Core(TM) i7-12700KF, instruction set [SSE2|AVX|AVX2]
Thread count: 12 physical cores, 20 logical processors, using up to 1 threads

Non-default parameters:
TimeLimit  3583.6999166
MIPGap  0
MIPGapAbs  0
LogToConsole  0
Threads  1

Optimize a model with 103680 rows, 23591 columns and 719535 nonzeros (Min)
Model fingerprint: 0xd7241d24
Model has 51 linear objective coefficients
Coefficient statistics:
  Matrix range     [9e-03, 2e+04]
  Objective range  [9e-03, 1e+00]
  Bounds range     [2e-01, 2e+03]
  RHS range        [2e-01, 5e+04]

Presolve removed 4989 rows and 318 columns
Presolve time: 0.45s
Presolved: 23223 rows, 121918 columns, 720726 nonzeros

Iteration    Objective       Primal Inf.    Dual Inf.      Time
       0      handle free variables                          0s

Extra simplex iterations after uncrush: 16

Extra simplex iterations from dual to original model: 32
   10729    2.0182045e-01   0.000000e+00   0.000000e+00      4s

Solved in 10729 iterations and 4.45 seconds (14.87 work units)
Optimal objective  2.018204497e-01

User-callback calls 10916, time in user-callback 0.00 sec
