
Gurobi 13.0.2 (win64) logging started Sat Aug  8 15:23:11 2026

Set parameter LogFile to value "E:\codes\ExactEBRP\results\gf_c6_documentation_hga_round34\runs\transfer__tight_T_seed4101__c6_hga_light__3600s\external\native_logs\L2.0.1_lp.gurobi.log"
Gurobi Optimizer version 13.0.2 build v13.0.2rc1 (win64 - Windows 10.0 (19045.2))

CPU model: 12th Gen Intel(R) Core(TM) i7-12700KF, instruction set [SSE2|AVX|AVX2]
Thread count: 12 physical cores, 20 logical processors, using up to 1 threads

Non-default parameters:
TimeLimit  3100.1965758
MIPGap  0
MIPGapAbs  0
LogToConsole  0
Threads  1

Optimize a model with 11897 rows, 3372 columns and 67355 nonzeros (Min)
Model fingerprint: 0x71e967cc
Model has 21 linear objective coefficients
Coefficient statistics:
  Matrix range     [7e-03, 2e+04]
  Objective range  [7e-03, 1e+00]
  Bounds range     [3e-01, 7e+02]
  RHS range        [3e-01, 5e+04]

Presolve removed 1410 rows and 102 columns
Presolve time: 0.03s
Presolved: 10487 rows, 3271 columns, 57845 nonzeros

Iteration    Objective       Primal Inf.    Dual Inf.      Time
       0    4.7986489e-01   5.008312e+02   0.000000e+00      0s

Extra simplex iterations after uncrush: 4
    3120    5.7367067e-01   0.000000e+00   0.000000e+00      0s

Solved in 3120 iterations and 0.20 seconds (0.55 work units)
Optimal objective  5.736706731e-01

User-callback calls 3267, time in user-callback 0.00 sec
