
Gurobi 13.0.2 (win64) logging started Sat Aug  8 15:23:12 2026

Set parameter LogFile to value "E:\codes\ExactEBRP\results\gf_c6_documentation_hga_round34\runs\transfer__tight_T_seed4101__c6_hga_light__3600s\external\native_logs\L2.0_terminal_mip.gurobi.log"
Gurobi Optimizer version 13.0.2 build v13.0.2rc1 (win64 - Windows 10.0 (19045.2))

CPU model: 12th Gen Intel(R) Core(TM) i7-12700KF, instruction set [SSE2|AVX|AVX2]
Thread count: 12 physical cores, 20 logical processors, using up to 1 threads

Non-default parameters:
TimeLimit  3099.9658173
MIPGap  0
MIPGapAbs  0
LogToConsole  0
Threads  1

Optimize a model with 11897 rows, 3372 columns and 67355 nonzeros (Min)
Model fingerprint: 0xfde038cd
Model has 21 linear objective coefficients
Variable types: 1683 continuous, 1689 integer (1489 binary)
Coefficient statistics:
  Matrix range     [7e-03, 2e+04]
  Objective range  [7e-03, 1e+00]
  Bounds range     [3e-01, 8e+02]
  RHS range        [3e-01, 5e+04]

Presolve removed 1829 rows and 103 columns
Presolve time: 0.22s
Presolved: 10068 rows, 3269 columns, 67709 nonzeros
Variable types: 1624 continuous, 1645 integer (1463 binary)

Root relaxation: objective 5.392440e-01, 2515 iterations, 0.18 seconds (0.55 work units)

    Nodes    |    Current Node    |     Objective Bounds      |     Work
 Expl Unexpl |  Obj  Depth IntInf | Incumbent    BestBd   Gap | It/Node Time

     0     0    0.53924    0  121          -    0.53924      -     -    0s
     0     0    0.55591    0  157          -    0.55591      -     -    0s
     0     0    0.57829    0  178          -    0.57829      -     -    1s
     0     0    0.57919    0  202          -    0.57919      -     -    1s
     0     0    0.58459    0  213          -    0.58459      -     -    1s
     0     0    0.58512    0  235          -    0.58512      -     -    1s
     0     0    0.58809    0  245          -    0.58809      -     -    2s
     0     0    0.58838    0  263          -    0.58838      -     -    2s
     0     0    0.58987    0  223          -    0.58987      -     -    2s
     0     0    0.59050    0  233          -    0.59050      -     -    2s
     0     0    0.59191    0  258          -    0.59191      -     -    3s
     0     0    0.59210    0  259          -    0.59210      -     -    3s
     0     0    0.59368    0  187          -    0.59368      -     -    3s
     0     0    0.59387    0  198          -    0.59387      -     -    3s
     0     0    0.59404    0  230          -    0.59404      -     -    4s
     0     0    0.59433    0  199          -    0.59433      -     -    4s
     0     0    0.59451    0  206          -    0.59451      -     -    4s
     0     0    0.59461    0  165          -    0.59461      -     -    4s
     0     0    0.59470    0  209          -    0.59470      -     -    4s
     0     0    0.59471    0  188          -    0.59471      -     -    4s
     0     0    0.59476    0  193          -    0.59476      -     -    4s
     0     0    0.59476    0  199          -    0.59476      -     -    4s
     0     0    0.59476    0  199          -    0.59476      -     -    5s
     0     0    0.59476    0  198          -    0.59476      -     -    5s
     0     0    0.59476    0  196          -    0.59476      -     -    5s
     0     2    0.59477    0  196          -    0.59477      -     -    5s

Cutting planes:
  Learned: 6
  Gomory: 4
  Cover: 46
  Implied bound: 105
  Clique: 23
  MIR: 180
  StrongCG: 4
  Flow cover: 59
  GUB cover: 4
  Zero half: 6
  Network: 18
  RLT: 16
  Relax-and-lift: 116
  BQP: 2

Explored 53 nodes (38934 simplex iterations) in 8.78 seconds (17.49 work units)
Thread count was 1 (of 20 available processors)

Solution count 0

Model is infeasible
Best objective -, best bound -, gap -

User-callback calls 3124, time in user-callback 0.00 sec
