
Gurobi 13.0.2 (win64) logging started Sat Aug  8 14:53:51 2026

Set parameter LogFile to value "E:\codes\ExactEBRP\results\gf_c6_documentation_hga_round34\runs\v10__round33_v10_high_imbalance_M3_Q20_seed434104496__c6_hga_light__3600s\external\native_logs\L3_c6_1_next_leaf_target_mip.gurobi.log"
Gurobi Optimizer version 13.0.2 build v13.0.2rc1 (win64 - Windows 10.0 (19045.2))

CPU model: 12th Gen Intel(R) Core(TM) i7-12700KF, instruction set [SSE2|AVX|AVX2]
Thread count: 12 physical cores, 20 logical processors, using up to 1 threads

Non-default parameters:
TimeLimit  3576.6722251
MIPGap  0
MIPGapAbs  0
LogToConsole  0
Threads  1

Optimize a model with 5980 rows, 1037 columns and 44136 nonzeros (Min)
Model fingerprint: 0x5d8de81f
Model has 11 linear objective coefficients
Variable types: 493 continuous, 544 integer (444 binary)
Coefficient statistics:
  Matrix range     [1e-02, 1e+05]
  Objective range  [1e-02, 1e+00]
  Bounds range     [7e-01, 3e+03]
  RHS range        [7e-01, 1e+06]

Presolve removed 1502 rows and 191 columns
Presolve time: 0.17s
Presolved: 4478 rows, 846 columns, 36939 nonzeros
Variable types: 408 continuous, 438 integer (367 binary)

Root relaxation: objective 3.145283e+00, 1220 iterations, 0.08 seconds (0.22 work units)

    Nodes    |    Current Node    |     Objective Bounds      |     Work
 Expl Unexpl |  Obj  Depth IntInf | Incumbent    BestBd   Gap | It/Node Time

     0     0    3.14528    0  145          -    3.14528      -     -    0s

Explored 1 nodes (1220 simplex iterations) in 0.27 seconds (0.51 work units)
Thread count was 1 (of 20 available processors)

Solution count 0

Solve interrupted
Best objective -, best bound 3.145283154718e+00, gap -

User-callback calls 894, time in user-callback 0.00 sec
