
Gurobi 13.0.2 (win64) logging started Fri Aug  7 21:12:15 2026

Set parameter LogFile to value "E:\codes\ExactEBRP\results\gf_v10_convergence_round33\runs\stage1__round33_v10_high_imbalance_M1_Q30_seed289447508__c6_frozen__3600s\external\native_logs\L1.1_lp.gurobi.log"
Gurobi Optimizer version 13.0.2 build v13.0.2rc1 (win64 - Windows 10.0 (19045.2))

CPU model: 12th Gen Intel(R) Core(TM) i7-12700KF, instruction set [SSE2|AVX|AVX2]
Thread count: 12 physical cores, 20 logical processors, using up to 1 threads

Non-default parameters:
TimeLimit  3582.5775916
MIPGap  0
MIPGapAbs  0
LogToConsole  0
Threads  1

Optimize a model with 2530 rows, 477 columns and 16988 nonzeros (Min)
Model fingerprint: 0x7139e659
Model has 11 linear objective coefficients
Coefficient statistics:
  Matrix range     [1e-02, 1e+05]
  Objective range  [1e-02, 1e+00]
  Bounds range     [3e-01, 4e+03]
  RHS range        [3e-01, 1e+06]

Presolve removed 245 rows and 34 columns
Presolve time: 0.01s
Presolved: 2285 rows, 444 columns, 15989 nonzeros

Iteration    Objective       Primal Inf.    Dual Inf.      Time
       0    4.8369208e-01   9.909913e+02   0.000000e+00      0s
     351    2.6857417e+00   0.000000e+00   0.000000e+00      0s

Solved in 351 iterations and 0.02 seconds (0.04 work units)
Optimal objective  2.685741655e+00

User-callback calls 495, time in user-callback 0.00 sec
