
Gurobi 13.0.2 (win64) logging started Mon Aug 24 16:55:23 2026

Set parameter LogFile to value "E:\codes\ExactEBRP\results\gf_k1_amf_formulation_rescue_round48\counterfactual_runs\tight3102_L0_0__retain\native.log"
Set parameter Threads to value 1
Set parameter Presolve to value -1
Set parameter Seed to value 0
Set parameter MIPGap to value 0
Set parameter MIPGapAbs to value 0
Warning: unknown variable 'r_max' in bounds section (line 13940)
Warning: unknown variable 'r_min' in bounds section (line 13941)
Read LP format model from file E:\codes\ExactEBRP\results\gf_k1_amf_formulation_rescue_round48\counterfactual_runs\tight3102_L0_0__retain\external\models\L0.lp
Reading time = 0.02 seconds
obj: 11903 rows, 3374 columns, 67107 nonzeros
Set parameter TimeLimit to value 1153.50781
Warning: unknown variable 'r_max' in bounds section (line 13940)
Warning: unknown variable 'r_min' in bounds section (line 13941)
Read LP format model from file E:\codes\ExactEBRP\results\gf_k1_amf_formulation_rescue_round48\counterfactual_runs\tight3102_L0_0__retain\external\models\L0.0.lp
Reading time = 0.02 seconds
obj: 11903 rows, 3374 columns, 67107 nonzeros
Set parameter TimeLimit to value 1153.1449634
Warning: unknown variable 'r_max' in bounds section (line 13940)
Warning: unknown variable 'r_min' in bounds section (line 13941)
Read LP format model from file E:\codes\ExactEBRP\results\gf_k1_amf_formulation_rescue_round48\counterfactual_runs\tight3102_L0_0__retain\external\models\L0.1.lp
Reading time = 0.02 seconds
obj: 11903 rows, 3374 columns, 67347 nonzeros
Set parameter TimeLimit to value 1152.7807011
Warning: unknown variable 'r_max' in bounds section (line 13940)
Warning: unknown variable 'r_min' in bounds section (line 13941)
Read LP format model from file E:\codes\ExactEBRP\results\gf_k1_amf_formulation_rescue_round48\counterfactual_runs\tight3102_L0_0__retain\external\models\L0.0.0.lp
Reading time = 0.02 seconds
obj: 11903 rows, 3374 columns, 67107 nonzeros
Set parameter TimeLimit to value 1152.5913847
Warning: unknown variable 'r_max' in bounds section (line 13940)
Warning: unknown variable 'r_min' in bounds section (line 13941)
Read LP format model from file E:\codes\ExactEBRP\results\gf_k1_amf_formulation_rescue_round48\counterfactual_runs\tight3102_L0_0__retain\external\models\L0.0.1.lp
Reading time = 0.02 seconds
obj: 11903 rows, 3374 columns, 67347 nonzeros
Set parameter TimeLimit to value 1152.1926928
