
Gurobi 13.0.2 (win64) logging started Sun Aug  9 21:44:37 2026

Set parameter LogFile to value "E:\codes\ExactEBRP\results\gf_simple_start_qualification_round35\runs\matrix1800__round32_multi_m_tight_T_V20_M4_seed2095231402__c6_simple_start__1800s\external\native_logs\L1_lp.gurobi.log"
Gurobi Optimizer version 13.0.2 build v13.0.2rc1 (win64 - Windows 10.0 (19045.2))

CPU model: 12th Gen Intel(R) Core(TM) i7-12700KF, instruction set [SSE2|AVX|AVX2]
Thread count: 12 physical cores, 20 logical processors, using up to 1 threads

Non-default parameters:
TimeLimit  1784.35728
MIPGap  0
MIPGapAbs  0
LogToConsole  0
Threads  1

Optimize a model with 15119 rows, 4340 columns and 84169 nonzeros (Min)
Model fingerprint: 0xdef25834
Model has 21 linear objective coefficients
Coefficient statistics:
  Matrix range     [8e-03, 1e+04]
  Objective range  [8e-03, 1e+00]
  Bounds range     [2e-01, 2e+02]
  RHS range        [2e-01, 5e+04]

Presolve removed 1234 rows and 126 columns
Presolve time: 0.05s
Presolved: 13885 rows, 4215 columns, 70781 nonzeros

Iteration    Objective       Primal Inf.    Dual Inf.      Time
       0    7.9727578e-01   2.526078e+02   0.000000e+00      0s

Extra simplex iterations after uncrush: 251
    4978    8.4694683e-01   0.000000e+00   0.000000e+00      0s

Solved in 4978 iterations and 0.45 seconds (1.26 work units)
Optimal objective  8.469468333e-01

User-callback calls 5130, time in user-callback 0.00 sec
