
Gurobi 13.0.2 (win64) logging started Sat Aug  8 14:55:18 2026

Set parameter LogFile to value "E:\codes\ExactEBRP\results\gf_c6_documentation_hga_round34\runs\v10__round33_v10_tight_T_M3_Q20_seed284843780__c6_hga_full__3600s\native.log"
Set parameter Threads to value 1
Set parameter Presolve to value -1
Set parameter Seed to value 0
Set parameter MIPGap to value 0
Set parameter MIPGapAbs to value 0
Warning: unknown variable 'r_max' in bounds section (line 6676)
Warning: unknown variable 'r_min' in bounds section (line 6677)
Read LP format model from file E:\codes\ExactEBRP\results\gf_c6_documentation_hga_round34\runs\v10__round33_v10_tight_T_M3_Q20_seed284843780__c6_hga_full__3600s\external\models\L0.lp
Reading time = 0.01 seconds
obj: 6000 rows, 1043 columns, 44171 nonzeros
Set parameter TimeLimit to value 3582.8198145
Warning: unknown variable 'r_max' in bounds section (line 6676)
Warning: unknown variable 'r_min' in bounds section (line 6677)
Read LP format model from file E:\codes\ExactEBRP\results\gf_c6_documentation_hga_round34\runs\v10__round33_v10_tight_T_M3_Q20_seed284843780__c6_hga_full__3600s\external\models\L1.lp
Reading time = 0.01 seconds
obj: 6000 rows, 1043 columns, 44295 nonzeros
Set parameter TimeLimit to value 3582.7302111
Warning: unknown variable 'r_max' in bounds section (line 6678)
Warning: unknown variable 'r_min' in bounds section (line 6679)
Warning: Numeric variable name in LP file ('0') - often the result
         of a constant term in the left-hand side of a constraint.

Read LP format model from file E:\codes\ExactEBRP\results\gf_c6_documentation_hga_round34\runs\v10__round33_v10_tight_T_M3_Q20_seed284843780__c6_hga_full__3600s\external\models\L2.lp
Reading time = 0.01 seconds
obj: 6002 rows, 1044 columns, 44302 nonzeros
Set parameter TimeLimit to value 3582.5394273
Warning: unknown variable 'r_max' in bounds section (line 6677)
Warning: unknown variable 'r_min' in bounds section (line 6678)
Warning: Numeric variable name in LP file ('0') - often the result
         of a constant term in the left-hand side of a constraint.

Read LP format model from file E:\codes\ExactEBRP\results\gf_c6_documentation_hga_round34\runs\v10__round33_v10_tight_T_M3_Q20_seed284843780__c6_hga_full__3600s\external\models\L3.lp
Reading time = 0.01 seconds
obj: 6001 rows, 1044 columns, 44206 nonzeros
Set parameter TimeLimit to value 3582.4566431
Warning: unknown variable 'r_max' in bounds section (line 6676)
Warning: unknown variable 'r_min' in bounds section (line 6677)
Read LP format model from file E:\codes\ExactEBRP\results\gf_c6_documentation_hga_round34\runs\v10__round33_v10_tight_T_M3_Q20_seed284843780__c6_hga_full__3600s\external\models\L1.0.lp
Reading time = 0.01 seconds
obj: 6000 rows, 1043 columns, 44295 nonzeros
Set parameter TimeLimit to value 3582.3716856
Warning: unknown variable 'r_max' in bounds section (line 6676)
Warning: unknown variable 'r_min' in bounds section (line 6677)
Read LP format model from file E:\codes\ExactEBRP\results\gf_c6_documentation_hga_round34\runs\v10__round33_v10_tight_T_M3_Q20_seed284843780__c6_hga_full__3600s\external\models\L1.1.lp
Reading time = 0.01 seconds
obj: 6000 rows, 1043 columns, 44295 nonzeros
Set parameter TimeLimit to value 3582.1855305
Warning: unknown variable 'r_max' in bounds section (line 6676)
Warning: unknown variable 'r_min' in bounds section (line 6677)
Read LP format model from file E:\codes\ExactEBRP\results\gf_c6_documentation_hga_round34\runs\v10__round33_v10_tight_T_M3_Q20_seed284843780__c6_hga_full__3600s\external\models\L1.1.0.lp
Reading time = 0.01 seconds
obj: 6000 rows, 1043 columns, 44295 nonzeros
Set parameter TimeLimit to value 3581.4715564
Warning: unknown variable 'r_max' in bounds section (line 6677)
Warning: unknown variable 'r_min' in bounds section (line 6678)
Read LP format model from file E:\codes\ExactEBRP\results\gf_c6_documentation_hga_round34\runs\v10__round33_v10_tight_T_M3_Q20_seed284843780__c6_hga_full__3600s\external\models\L1.1.1.lp
Reading time = 0.01 seconds
obj: 6001 rows, 1043 columns, 44301 nonzeros
Set parameter TimeLimit to value 3581.3151896
