
Gurobi 13.0.2 (win64) logging started Fri Aug  7 21:10:13 2026

Set parameter LogFile to value "E:\codes\ExactEBRP\results\gf_v10_convergence_round33\stage0_runs\exactness__round33_v10_high_imbalance_M2_Q20_seed1719879984__c6_frozen\external\native_logs\L0_lp.gurobi.log"
Gurobi Optimizer version 13.0.2 build v13.0.2rc1 (win64 - Windows 10.0 (19045.2))

CPU model: 12th Gen Intel(R) Core(TM) i7-12700KF, instruction set [SSE2|AVX|AVX2]
Thread count: 12 physical cores, 20 logical processors, using up to 1 threads

Non-default parameters:
TimeLimit  3582.3399822
MIPGap  0
MIPGapAbs  0
LogToConsole  0
Threads  1

Optimize a model with 4276 rows, 763 columns and 30549 nonzeros (Min)
Model fingerprint: 0x1fe70355
Model has 11 linear objective coefficients
Coefficient statistics:
  Matrix range     [1e-02, 1e+05]
  Objective range  [1e-02, 1e+00]
  Bounds range     [2e-01, 8e+02]
  RHS range        [2e-01, 1e+06]

Presolve removed 483 rows and 52 columns
Presolve time: 0.01s

Solved in 0 iterations and 0.01 seconds (0.04 work units)
Infeasible model

User-callback calls 121, time in user-callback 0.00 sec
