
Gurobi 13.0.2 (win64) logging started Fri Aug  7 21:10:23 2026

Set parameter LogFile to value "E:\codes\ExactEBRP\results\gf_v10_convergence_round33\stage0_runs\exactness__round33_v10_high_imbalance_M2_Q20_seed1719879984__c6_frozen\external\native_logs\L2_c6_1_next_leaf_target_mip.gurobi.log"
Gurobi Optimizer version 13.0.2 build v13.0.2rc1 (win64 - Windows 10.0 (19045.2))

CPU model: 12th Gen Intel(R) Core(TM) i7-12700KF, instruction set [SSE2|AVX|AVX2]
Thread count: 12 physical cores, 20 logical processors, using up to 1 threads

Non-default parameters:
TimeLimit  3573.1077187
MIPGap  0
MIPGapAbs  0
LogToConsole  0
Threads  1

Optimize a model with 4276 rows, 763 columns and 30673 nonzeros (Min)
Model fingerprint: 0x1556478f
Model has 11 linear objective coefficients
Variable types: 376 continuous, 387 integer (317 binary)
Coefficient statistics:
  Matrix range     [1e-02, 1e+05]
  Objective range  [1e-02, 1e+00]
  Bounds range     [5e-01, 6e+02]
  RHS range        [5e-01, 1e+06]

Presolve removed 890 rows and 46 columns
Presolve time: 0.13s
Presolved: 3386 rows, 717 columns, 41088 nonzeros
Variable types: 348 continuous, 369 integer (303 binary)

Root relaxation: objective 1.817529e+00, 568 iterations, 0.02 seconds (0.06 work units)

    Nodes    |    Current Node    |     Objective Bounds      |     Work
 Expl Unexpl |  Obj  Depth IntInf | Incumbent    BestBd   Gap | It/Node Time

     0     0    1.81753    0   83          -    1.81753      -     -    0s

Explored 1 nodes (568 simplex iterations) in 0.17 seconds (0.30 work units)
Thread count was 1 (of 20 available processors)

Solution count 0

Solve interrupted
Best objective -, best bound 1.817529009800e+00, gap -

User-callback calls 776, time in user-callback 0.00 sec
