
Gurobi 13.0.2 (win64) logging started Mon Aug 24 17:50:38 2026

Set parameter LogFile to value "E:\codes\ExactEBRP\results\gf_k1_amf_formulation_rescue_round48\runs\stage3_300s__tight_T_seed3102__K1-AMF\native.log"
Set parameter Threads to value 1
Set parameter Presolve to value -1
Set parameter Seed to value 0
Set parameter MIPGap to value 0
Set parameter MIPGapAbs to value 0
Warning: unknown variable 'r_max' in bounds section (line 13940)
Warning: unknown variable 'r_min' in bounds section (line 13941)
Read LP format model from file E:\codes\ExactEBRP\results\gf_k1_amf_formulation_rescue_round48\runs\stage3_300s__tight_T_seed3102__K1-AMF\external\models\L0.lp
Reading time = 0.04 seconds
obj: 11903 rows, 3374 columns, 67107 nonzeros
Set parameter TimeLimit to value 2.5314265160000002e+02
Warning: unknown variable 'r_max' in bounds section (line 13940)
Warning: unknown variable 'r_min' in bounds section (line 13941)
Read LP format model from file E:\codes\ExactEBRP\results\gf_k1_amf_formulation_rescue_round48\runs\stage3_300s__tight_T_seed3102__K1-AMF\external\models\L0.0.lp
Reading time = 0.02 seconds
obj: 11903 rows, 3374 columns, 67107 nonzeros
Set parameter TimeLimit to value 252.7432119
Warning: unknown variable 'r_max' in bounds section (line 13940)
Warning: unknown variable 'r_min' in bounds section (line 13941)
Read LP format model from file E:\codes\ExactEBRP\results\gf_k1_amf_formulation_rescue_round48\runs\stage3_300s__tight_T_seed3102__K1-AMF\external\models\L0.1.lp
Reading time = 0.02 seconds
obj: 11903 rows, 3374 columns, 67347 nonzeros
Set parameter TimeLimit to value 2.5237727239999998e+02
Warning: unknown variable 'r_max' in bounds section (line 13940)
Warning: unknown variable 'r_min' in bounds section (line 13941)
Read LP format model from file E:\codes\ExactEBRP\results\gf_k1_amf_formulation_rescue_round48\runs\stage3_300s__tight_T_seed3102__K1-AMF\external\models\L0.0.0.lp
Reading time = 0.02 seconds
obj: 11903 rows, 3374 columns, 67107 nonzeros
Set parameter TimeLimit to value 2.5218787629999997e+02
Warning: unknown variable 'r_max' in bounds section (line 13940)
Warning: unknown variable 'r_min' in bounds section (line 13941)
Read LP format model from file E:\codes\ExactEBRP\results\gf_k1_amf_formulation_rescue_round48\runs\stage3_300s__tight_T_seed3102__K1-AMF\external\models\L0.0.1.lp
Reading time = 0.02 seconds
obj: 11903 rows, 3374 columns, 67347 nonzeros
Set parameter TimeLimit to value 251.7869111
