
Gurobi 13.0.2 (win64) logging started Wed Sep 30 13:16:42 2026

Set parameter LogFile to value "E:\codes\ExactEBRP\results\unified_exact_round97\development02\raw\13_F2_OFF\external\native_logs\L0_terminal_mip.gurobi.log"
Set parameter TimeLimit to value 894.4864802
Gurobi Optimizer version 13.0.2 build v13.0.2rc1 (win64 - Windows 10.0 (19045.2))

CPU model: 12th Gen Intel(R) Core(TM) i7-12700KF, instruction set [SSE2|AVX|AVX2]
Thread count: 12 physical cores, 20 logical processors, using up to 1 threads

Non-default parameters:
TimeLimit  894.4864802
MIPGap  0
MIPGapAbs  0
LogToConsole  0
Threads  1

Optimize a model with 9269 rows, 3488 columns and 52879 nonzeros (Min)
Model fingerprint: 0x212805e9
Model has 21 linear objective coefficients
Variable types: 1781 continuous, 1707 integer (1567 binary)
Coefficient statistics:
  Matrix range     [4e-02, 2e+04]
  Objective range  [4e-02, 1e+00]
  Bounds range     [9e-01, 4e+02]
  RHS range        [9e-01, 5e+04]

Loaded user MIP start with objective 0.885348
MIP start from previous solve did not produce a new incumbent solution

Presolve removed 1654 rows and 22 columns
Presolve time: 0.15s
Presolved: 7615 rows, 3466 columns, 56116 nonzeros
Variable types: 1569 continuous, 1897 integer (1567 binary)

Root relaxation: objective 5.642000e-01, 2930 iterations, 0.10 seconds (0.24 work units)

    Nodes    |    Current Node    |     Objective Bounds      |     Work
 Expl Unexpl |  Obj  Depth IntInf | Incumbent    BestBd   Gap | It/Node Time

     0     0    0.56420    0  325    0.88535    0.56420  36.3%     -    0s
     0     0    0.60718    0  328    0.88535    0.60718  31.4%     -    0s
     0     0    0.70809    0  393    0.88535    0.70809  20.0%     -    0s
     0     0    0.71473    0  411    0.88535    0.71473  19.3%     -    0s
     0     0    0.76269    0  428    0.88535    0.76269  13.9%     -    1s
     0     0    0.76272    0  404    0.88535    0.76272  13.9%     -    1s
     0     0    0.76595    0  444    0.88535    0.76595  13.5%     -    1s
     0     0    0.76621    0  441    0.88535    0.76621  13.5%     -    1s
     0     0    0.76748    0  419    0.88535    0.76748  13.3%     -    2s
     0     0    0.76775    0  426    0.88535    0.76775  13.3%     -    2s
     0     0    0.76805    0  429    0.88535    0.76805  13.2%     -    2s
     0     0    0.76828    0  443    0.88535    0.76828  13.2%     -    2s
     0     0    0.76836    0  437    0.88535    0.76836  13.2%     -    2s
     0     0    0.76839    0  433    0.88535    0.76839  13.2%     -    2s
     0     0    0.76859    0  421    0.88535    0.76859  13.2%     -    2s
     0     0    0.76859    0  420    0.88535    0.76859  13.2%     -    3s
     0     0    0.76859    0  420    0.88535    0.76859  13.2%     -    3s
     0     2    0.76859    0  420    0.88535    0.76859  13.2%     -    3s
    23    25    0.78155   19  399    0.88535    0.77301  12.7%   401    5s
   248   231    0.80201    9  382    0.88535    0.77413  12.6%   163   10s
   541   495    0.87793  113  355    0.88535    0.77551  12.4%   123   15s
   548   500    0.82133   69  447    0.88535    0.77551  12.4%   121   20s
   559   507    0.80370   11  446    0.88535    0.77551  12.4%   119   25s
   568   515    0.78654   15  381    0.88535    0.77554  12.4%   162   30s
H  616   509                       0.8818725    0.77554  12.1%   168   34s
H  616   484                       0.8804799    0.77554  11.9%   168   34s
H  648   466                       0.8804527    0.77554  11.9%   165   34s
H  648   444                       0.8802499    0.77554  11.9%   165   34s
H  648   423                       0.8802080    0.77554  11.9%   165   34s
H  648   403                       0.8800735    0.77554  11.9%   165   35s
   756   434    0.83284   27  345    0.88007    0.77554  11.9%   176   40s
   839   460    0.82414   30  269    0.88007    0.77554  11.9%   183   45s
   991   468    0.87946   42  191    0.88007    0.77762  11.6%   180   50s
  1200   504    0.79164   20  386    0.88007    0.78656  10.6%   178   55s
  1438   577    0.81733   27  292    0.88007    0.78900  10.3%   169   60s
H 1473   528                       0.8667829    0.78900  8.97%   167   60s
  1604   564    0.83179   20  325    0.86678    0.79279  8.54%   171   65s
  1754   637    0.82920   27  325    0.86678    0.79440  8.35%   174   70s
  1990   741    0.85618   24  374    0.86678    0.79608  8.16%   172   75s
H 2053   759                       0.8659435    0.79839  7.80%   172   77s
  2145   798    0.80099   22  367    0.86594    0.79935  7.69%   172   80s
  2334   874    0.80892   21  378    0.86594    0.80023  7.59%   174   85s
  2521   962    0.83032   28  325    0.86594    0.80186  7.40%   176   90s
  2684  1021    0.81435   19  355    0.86594    0.80352  7.21%   177   95s
  2904  1097 infeasible   28         0.86594    0.80438  7.11%   176  100s
  3057  1158    0.83911   33  320    0.86594    0.80514  7.02%   176  105s
  3289  1250    0.85587   25  288    0.86594    0.80699  6.81%   175  110s
  3514  1324    0.83446   23  315    0.86594    0.80837  6.65%   175  115s
  3777  1422    0.84627   45  211    0.86594    0.80956  6.51%   174  120s
  3911  1472    0.83979   23  334    0.86594    0.80991  6.47%   173  126s
  4065  1522    0.83733   30  323    0.86594    0.81052  6.40%   173  130s
  4271  1572    0.83871   20  383    0.86594    0.81150  6.29%   173  135s
  4470  1643    0.83254   25  313    0.86594    0.81243  6.18%   172  140s
  4695  1726    0.86212   34  274    0.86594    0.81299  6.12%   171  145s
  4890  1770    0.85078   29  362    0.86594    0.81367  6.04%   171  150s
  5046  1811    0.82769   22  314    0.86594    0.81452  5.94%   171  155s
  5276  1853    0.83950   26  253    0.86594    0.81532  5.85%   170  160s
  5565  1909    0.84506   28  284    0.86594    0.81617  5.75%   170  165s
  5848  1998    0.83596   20  362    0.86594    0.81705  5.65%   169  170s
  6039  2054    0.85773   22  365    0.86594    0.81795  5.54%   168  175s
  6340  2116     cutoff   29         0.86594    0.81862  5.46%   167  180s
  6592  2175    0.84876   24  318    0.86594    0.81938  5.38%   166  185s
  6769  2224    0.85091   29  264    0.86594    0.81971  5.34%   167  190s
  6998  2292    0.85494   33  262    0.86594    0.82039  5.26%   168  195s
  7227  2324    0.84786   44  198    0.86594    0.82124  5.16%   168  200s
  7439  2365    0.83678   21  383    0.86594    0.82183  5.09%   168  205s
  7648  2413    0.85692   53  195    0.86594    0.82269  4.99%   169  210s
  7873  2448    0.86094   32  245    0.86594    0.82329  4.93%   168  217s
  8021  2464    0.83207   22  307    0.86594    0.82360  4.89%   168  220s
  8295  2513    0.83929   24  387    0.86594    0.82404  4.84%   167  226s
  8484  2541     cutoff   28         0.86594    0.82443  4.79%   168  230s
  8779  2606    0.86132   22  351    0.86594    0.82535  4.69%   168  235s
  9032  2661    0.85912   33  254    0.86594    0.82582  4.63%   168  240s
  9344  2724    0.84552   21  389    0.86594    0.82654  4.55%   167  245s
  9587  2753    0.83953   25  348    0.86594    0.82715  4.48%   167  250s
  9821  2781    0.86333   33  302    0.86594    0.82765  4.42%   167  255s
 10020  2823    0.84140   24  334    0.86594    0.82798  4.38%   167  260s
 10202  2856     cutoff   31         0.86594    0.82843  4.33%   166  285s
 10492  2901 infeasible   26         0.86594    0.82898  4.27%   166  290s
 10829  2945    0.85164   25  297    0.86594    0.82952  4.21%   165  295s
 11146  2975     cutoff   20         0.86594    0.83014  4.13%   165  300s
 11402  2986    0.86022   32  330    0.86594    0.83087  4.05%   165  305s
 11736  3025    0.84420   20  327    0.86594    0.83135  3.99%   165  310s
 12012  3048    0.85437   38  247    0.86594    0.83186  3.94%   165  315s
 12262  3057    0.86451   25  368    0.86594    0.83260  3.85%   166  320s
 12526  3098 infeasible   33         0.86594    0.83296  3.81%   165  325s
 12789  3117     cutoff   31         0.86594    0.83332  3.77%   166  330s
 13095  3138     cutoff   29         0.86594    0.83399  3.69%   165  335s
 13438  3164    0.85364   33  253    0.86594    0.83441  3.64%   165  340s
 13681  3153     cutoff   29         0.86594    0.83488  3.59%   165  345s
 13986  3146    0.86497   28  314    0.86594    0.83549  3.52%   165  350s
 14283  3174 infeasible   30         0.86594    0.83601  3.46%   165  355s
 14419  3187    0.86372   27  334    0.86594    0.83620  3.44%   164  360s
 14714  3196     cutoff   27         0.86594    0.83666  3.38%   164  365s
 14754  3188    0.86008   30  287    0.86594    0.83677  3.37%   164  373s
 14852  3178    0.84704   25  217    0.86594    0.83691  3.35%   164  375s
 15225  3203    0.86076   31  187    0.86594    0.83731  3.31%   164  380s
 15457  3195     cutoff   34         0.86594    0.83771  3.26%   164  385s
 15785  3199    0.86457   37  284    0.86594    0.83808  3.22%   163  390s
 16128  3211    0.86268   23  347    0.86594    0.83855  3.16%   163  395s
 16409  3203    0.86170   34  249    0.86594    0.83902  3.11%   163  400s
 16693  3196    0.86224   24  268    0.86594    0.83948  3.06%   163  405s
 17065  3198    0.85842   24  400    0.86594    0.83989  3.01%   162  410s
 17366  3175    0.85630   30  333    0.86594    0.84030  2.96%   162  415s
 17686  3150     cutoff   23         0.86594    0.84079  2.91%   162  420s
 17993  3130    0.85925   24  256    0.86594    0.84133  2.84%   162  425s
 18348  3105 infeasible   29         0.86594    0.84186  2.78%   162  430s
 18728  3082     cutoff   27         0.86594    0.84243  2.72%   161  435s
 19061  3060    0.86536   32  180    0.86594    0.84290  2.66%   161  440s
 19429  3034    0.85470   36  274    0.86594    0.84329  2.62%   161  445s
 19745  2985    0.85752   26  339    0.86594    0.84381  2.56%   160  450s
 20076  2930    0.84958   23  285    0.86594    0.84442  2.49%   160  455s
 20367  2878     cutoff   33         0.86594    0.84496  2.42%   160  460s
 20666  2822 infeasible   29         0.86594    0.84536  2.38%   160  465s
 21016  2798     cutoff   25         0.86594    0.84578  2.33%   160  470s
 21340  2742    0.86363   33  256    0.86594    0.84633  2.27%   159  475s
 21633  2678     cutoff   28         0.86594    0.84677  2.21%   160  480s
 21941  2613    0.85991   34  254    0.86594    0.84738  2.14%   160  485s
 22320  2557    0.86541   38  145    0.86594    0.84782  2.09%   159  490s
 22642  2493     cutoff   32         0.86594    0.84829  2.04%   159  495s
 23034  2433    0.86378   28  311    0.86594    0.84873  1.99%   159  500s
 23405  2396    0.86319   34  205    0.86594    0.84920  1.93%   158  505s
 23754  2342    0.86262   32  201    0.86594    0.84967  1.88%   158  510s
 24133  2263 infeasible   32         0.86594    0.85024  1.81%   158  515s
 24541  2198     cutoff   34         0.86594    0.85079  1.75%   157  520s
 24918  2116     cutoff   33         0.86594    0.85134  1.69%   156  525s
 25384  2039 infeasible   27         0.86594    0.85197  1.61%   155  530s
 25734  1947     cutoff   33         0.86594    0.85261  1.54%   155  535s
 26075  1863    0.86587   29  319    0.86594    0.85316  1.48%   155  540s
 26492  1785    0.85511   34  252    0.86594    0.85370  1.41%   154  545s
 26880  1673     cutoff   27         0.86594    0.85419  1.36%   154  550s
 27279  1567    0.85728   28  277    0.86594    0.85481  1.29%   153  555s
 27702  1442    0.85977   28  323    0.86594    0.85537  1.22%   152  560s
 28172  1323    0.86313   30  311    0.86594    0.85600  1.15%   151  565s
 28651  1189    0.86234   32  200    0.86594    0.85677  1.06%   151  570s
 29174  1050 infeasible   26         0.86594    0.85752  0.97%   149  575s
 29728   859 infeasible   31         0.86594    0.85855  0.85%   148  580s
 30286   597     cutoff   26         0.86594    0.85981  0.71%   147  585s
 30918   229     cutoff   35         0.86594    0.86240  0.41%   145  590s

Cutting planes:
  Learned: 49
  Gomory: 5
  Cover: 113
  Implied bound: 188
  Projected implied bound: 76
  Clique: 31
  MIR: 321
  StrongCG: 27
  Flow cover: 654
  GUB cover: 34
  Inf proof: 7
  Zero half: 7
  Network: 30
  RLT: 10
  Relax-and-lift: 83
  BQP: 3

Explored 31220 nodes (4514521 simplex iterations) in 592.00 seconds (1135.14 work units)
Thread count was 1 (of 20 available processors)

Solution count 10: 0.865944 0.865944 0.866783 ... 0.885348

Optimal solution found (tolerance 0.00e+00)
Best objective 8.659435203230e-01, best bound 8.659435203230e-01, gap 0.0000%

User-callback calls 164157, time in user-callback 4.88 sec
