
Gurobi 13.0.2 (win64) logging started Mon Aug 24 17:46:12 2026

Set parameter LogFile to value "E:\codes\ExactEBRP\results\gf_k1_amf_formulation_rescue_round48\runs\stage3_300s__moderate_seed3301__K1-AMF\native.log"
Set parameter Threads to value 1
Set parameter Presolve to value -1
Set parameter Seed to value 0
Set parameter MIPGap to value 0
Set parameter MIPGapAbs to value 0
Warning: unknown variable 'r_max' in bounds section (line 13968)
Warning: unknown variable 'r_min' in bounds section (line 13969)
Read LP format model from file E:\codes\ExactEBRP\results\gf_k1_amf_formulation_rescue_round48\runs\stage3_300s__moderate_seed3301__K1-AMF\external\models\L0.lp
Reading time = 0.02 seconds
obj: 11925 rows, 3380 columns, 67136 nonzeros
Set parameter TimeLimit to value 238.2503201
Warning: unknown variable 'r_max' in bounds section (line 13968)
Warning: unknown variable 'r_min' in bounds section (line 13969)
Read LP format model from file E:\codes\ExactEBRP\results\gf_k1_amf_formulation_rescue_round48\runs\stage3_300s__moderate_seed3301__K1-AMF\external\models\L0.0.lp
Reading time = 0.02 seconds
obj: 11925 rows, 3380 columns, 67136 nonzeros
Set parameter TimeLimit to value 2.3794505679999997e+02
Warning: unknown variable 'r_max' in bounds section (line 13970)
Warning: unknown variable 'r_min' in bounds section (line 13971)
Read LP format model from file E:\codes\ExactEBRP\results\gf_k1_amf_formulation_rescue_round48\runs\stage3_300s__moderate_seed3301__K1-AMF\external\models\L0.1.lp
Reading time = 0.02 seconds
obj: 11927 rows, 3380 columns, 67394 nonzeros
Set parameter TimeLimit to value 2.3767293690000002e+02
Warning: unknown variable 'r_max' in bounds section (line 13968)
Warning: unknown variable 'r_min' in bounds section (line 13969)
Read LP format model from file E:\codes\ExactEBRP\results\gf_k1_amf_formulation_rescue_round48\runs\stage3_300s__moderate_seed3301__K1-AMF\external\models\L0.0.0.lp
Reading time = 0.02 seconds
obj: 11925 rows, 3380 columns, 67136 nonzeros
Set parameter TimeLimit to value 149.5151677
Warning: unknown variable 'r_max' in bounds section (line 13968)
Warning: unknown variable 'r_min' in bounds section (line 13969)
Read LP format model from file E:\codes\ExactEBRP\results\gf_k1_amf_formulation_rescue_round48\runs\stage3_300s__moderate_seed3301__K1-AMF\external\models\L0.0.1.lp
Reading time = 0.02 seconds
obj: 11925 rows, 3380 columns, 67382 nonzeros
Set parameter TimeLimit to value 149.2412619
