
Gurobi 13.0.2 (win64) logging started Sun Aug  9 21:39:03 2026

Set parameter LogFile to value "E:\codes\ExactEBRP\results\gf_simple_start_qualification_round35\runs\matrix1800__round32_multi_m_tight_T_V20_M2_seed89001413__c6_simple_start__1800s\native.log"
Set parameter Threads to value 1
Set parameter Presolve to value -1
Set parameter Seed to value 0
Set parameter MIPGap to value 0
Set parameter MIPGapAbs to value 0
Warning: unknown variable 'r_max' in bounds section (line 10241)
Warning: unknown variable 'r_min' in bounds section (line 10242)
Read LP format model from file E:\codes\ExactEBRP\results\gf_simple_start_qualification_round35\runs\matrix1800__round32_multi_m_tight_T_V20_M2_seed89001413__c6_simple_start__1800s\external\models\L0.lp
Reading time = 0.02 seconds
obj: 8720 rows, 2418 columns, 50382 nonzeros
Set parameter TimeLimit to value 1784.8870462
Warning: unknown variable 'r_max' in bounds section (line 10241)
Warning: unknown variable 'r_min' in bounds section (line 10242)
Read LP format model from file E:\codes\ExactEBRP\results\gf_simple_start_qualification_round35\runs\matrix1800__round32_multi_m_tight_T_V20_M2_seed89001413__c6_simple_start__1800s\external\models\L1.lp
Reading time = 0.02 seconds
obj: 8720 rows, 2418 columns, 50626 nonzeros
Set parameter TimeLimit to value 1784.6799371
Warning: unknown variable 'r_max' in bounds section (line 10242)
Warning: unknown variable 'r_min' in bounds section (line 10243)
Read LP format model from file E:\codes\ExactEBRP\results\gf_simple_start_qualification_round35\runs\matrix1800__round32_multi_m_tight_T_V20_M2_seed89001413__c6_simple_start__1800s\external\models\L2.lp
Reading time = 0.02 seconds
obj: 8721 rows, 2418 columns, 50630 nonzeros
Set parameter TimeLimit to value 1783.5691899
Warning: unknown variable 'r_max' in bounds section (line 10241)
Warning: unknown variable 'r_min' in bounds section (line 10242)
Read LP format model from file E:\codes\ExactEBRP\results\gf_simple_start_qualification_round35\runs\matrix1800__round32_multi_m_tight_T_V20_M2_seed89001413__c6_simple_start__1800s\external\models\L1.0.lp
Reading time = 0.02 seconds
obj: 8720 rows, 2418 columns, 50626 nonzeros
Set parameter TimeLimit to value 1783.3220554
Warning: unknown variable 'r_max' in bounds section (line 10242)
Warning: unknown variable 'r_min' in bounds section (line 10243)
Read LP format model from file E:\codes\ExactEBRP\results\gf_simple_start_qualification_round35\runs\matrix1800__round32_multi_m_tight_T_V20_M2_seed89001413__c6_simple_start__1800s\external\models\L1.1.lp
Reading time = 0.02 seconds
obj: 8721 rows, 2418 columns, 50630 nonzeros
Set parameter TimeLimit to value 1783.0871666
Warning: unknown variable 'r_max' in bounds section (line 10242)
Warning: unknown variable 'r_min' in bounds section (line 10243)
Read LP format model from file E:\codes\ExactEBRP\results\gf_simple_start_qualification_round35\runs\matrix1800__round32_multi_m_tight_T_V20_M2_seed89001413__c6_simple_start__1800s\external\models\L3.lp
Reading time = 0.02 seconds
obj: 8721 rows, 2418 columns, 50630 nonzeros
Set parameter TimeLimit to value 1484.4307956
Warning: unknown variable 'r_max' in bounds section (line 10242)
Warning: unknown variable 'r_min' in bounds section (line 10243)
Read LP format model from file E:\codes\ExactEBRP\results\gf_simple_start_qualification_round35\runs\matrix1800__round32_multi_m_tight_T_V20_M2_seed89001413__c6_simple_start__1800s\external\models\L2.0.lp
Reading time = 0.02 seconds
obj: 8721 rows, 2418 columns, 50630 nonzeros
Set parameter TimeLimit to value 1.4841948376999999e+03
Warning: unknown variable 'r_max' in bounds section (line 10242)
Warning: unknown variable 'r_min' in bounds section (line 10243)
Read LP format model from file E:\codes\ExactEBRP\results\gf_simple_start_qualification_round35\runs\matrix1800__round32_multi_m_tight_T_V20_M2_seed89001413__c6_simple_start__1800s\external\models\L2.1.lp
Reading time = 0.02 seconds
obj: 8721 rows, 2418 columns, 50630 nonzeros
Set parameter TimeLimit to value 1483.962253
