
Gurobi 13.0.2 (win64) logging started Fri Aug  7 21:21:48 2026

Set parameter LogFile to value "E:\codes\ExactEBRP\results\gf_v10_convergence_round33\runs\stage1__round33_v10_high_imbalance_M3_Q20_seed434104496__c6_frozen__3600s\native.log"
Set parameter Threads to value 1
Set parameter Presolve to value -1
Set parameter Seed to value 0
Set parameter MIPGap to value 0
Set parameter MIPGapAbs to value 0
Warning: unknown variable 'r_max' in bounds section (line 6649)
Warning: unknown variable 'r_min' in bounds section (line 6650)
Read LP format model from file E:\codes\ExactEBRP\results\gf_v10_convergence_round33\runs\stage1__round33_v10_high_imbalance_M3_Q20_seed434104496__c6_frozen__3600s\external\models\L0.lp
Reading time = 0.01 seconds
obj: 5979 rows, 1037 columns, 44102 nonzeros
Set parameter TimeLimit to value 3580.1013155
Warning: unknown variable 'r_max' in bounds section (line 6649)
Warning: unknown variable 'r_min' in bounds section (line 6650)
Read LP format model from file E:\codes\ExactEBRP\results\gf_v10_convergence_round33\runs\stage1__round33_v10_high_imbalance_M3_Q20_seed434104496__c6_frozen__3600s\external\models\L1.lp
Reading time = 0.01 seconds
obj: 5979 rows, 1037 columns, 44220 nonzeros
Set parameter TimeLimit to value 3580.0050904
Warning: unknown variable 'r_max' in bounds section (line 6649)
Warning: unknown variable 'r_min' in bounds section (line 6650)
Read LP format model from file E:\codes\ExactEBRP\results\gf_v10_convergence_round33\runs\stage1__round33_v10_high_imbalance_M3_Q20_seed434104496__c6_frozen__3600s\external\models\L2.lp
Reading time = 0.01 seconds
obj: 5979 rows, 1037 columns, 44220 nonzeros
Set parameter TimeLimit to value 3579.8799076
Warning: unknown variable 'r_max' in bounds section (line 6650)
Warning: unknown variable 'r_min' in bounds section (line 6651)
Read LP format model from file E:\codes\ExactEBRP\results\gf_v10_convergence_round33\runs\stage1__round33_v10_high_imbalance_M3_Q20_seed434104496__c6_frozen__3600s\external\models\L3.lp
Reading time = 0.01 seconds
obj: 5980 rows, 1037 columns, 44136 nonzeros
Set parameter TimeLimit to value 3579.7237292
Warning: unknown variable 'r_max' in bounds section (line 6649)
Warning: unknown variable 'r_min' in bounds section (line 6650)
Read LP format model from file E:\codes\ExactEBRP\results\gf_v10_convergence_round33\runs\stage1__round33_v10_high_imbalance_M3_Q20_seed434104496__c6_frozen__3600s\external\models\L2.0.lp
Reading time = 0.01 seconds
obj: 5979 rows, 1037 columns, 44220 nonzeros
Set parameter TimeLimit to value 3574.7713296
Warning: unknown variable 'r_max' in bounds section (line 6649)
Warning: unknown variable 'r_min' in bounds section (line 6650)
Read LP format model from file E:\codes\ExactEBRP\results\gf_v10_convergence_round33\runs\stage1__round33_v10_high_imbalance_M3_Q20_seed434104496__c6_frozen__3600s\external\models\L2.1.lp
Reading time = 0.01 seconds
obj: 5979 rows, 1037 columns, 44220 nonzeros
Set parameter TimeLimit to value 3574.6174948
Warning: unknown variable 'r_max' in bounds section (line 6650)
Warning: unknown variable 'r_min' in bounds section (line 6651)
Read LP format model from file E:\codes\ExactEBRP\results\gf_v10_convergence_round33\runs\stage1__round33_v10_high_imbalance_M3_Q20_seed434104496__c6_frozen__3600s\external\models\L3.0.lp
Reading time = 0.01 seconds
obj: 5980 rows, 1037 columns, 44226 nonzeros
Set parameter TimeLimit to value 3520.7828
Warning: unknown variable 'r_max' in bounds section (line 6651)
Warning: unknown variable 'r_min' in bounds section (line 6652)
Warning: Numeric variable name in LP file ('0') - often the result
         of a constant term in the left-hand side of a constraint.

Read LP format model from file E:\codes\ExactEBRP\results\gf_v10_convergence_round33\runs\stage1__round33_v10_high_imbalance_M3_Q20_seed434104496__c6_frozen__3600s\external\models\L3.1.lp
Reading time = 0.01 seconds
obj: 5981 rows, 1038 columns, 44137 nonzeros
Set parameter TimeLimit to value 3520.6393376
Warning: unknown variable 'r_max' in bounds section (line 6650)
Warning: unknown variable 'r_min' in bounds section (line 6651)
Read LP format model from file E:\codes\ExactEBRP\results\gf_v10_convergence_round33\runs\stage1__round33_v10_high_imbalance_M3_Q20_seed434104496__c6_frozen__3600s\external\models\L3.0.0.lp
Reading time = 0.01 seconds
obj: 5980 rows, 1037 columns, 44226 nonzeros
Set parameter TimeLimit to value 3520.5544794
Warning: unknown variable 'r_max' in bounds section (line 6650)
Warning: unknown variable 'r_min' in bounds section (line 6651)
Read LP format model from file E:\codes\ExactEBRP\results\gf_v10_convergence_round33\runs\stage1__round33_v10_high_imbalance_M3_Q20_seed434104496__c6_frozen__3600s\external\models\L3.0.1.lp
Reading time = 0.01 seconds
obj: 5980 rows, 1037 columns, 44226 nonzeros
Set parameter TimeLimit to value 3520.401786
