
Gurobi 13.0.2 (win64) logging started Sat Oct  3 05:07:51 2026

Set parameter LogFile to value "E:\codes\ExactEBRP\results\unified_exact_round100\certification_CF01\raw\03_R98-C2_M-B\external\native_logs\L0.0_lp.gurobi.log"
Gurobi Optimizer version 13.0.2 build v13.0.2rc1 (win64 - Windows 10.0 (19045.2))

CPU model: 12th Gen Intel(R) Core(TM) i7-12700KF, instruction set [SSE2|AVX|AVX2]
Thread count: 12 physical cores, 20 logical processors, using up to 1 threads

Non-default parameters:
TimeLimit  7189.6502301
MIPGap  0
MIPGapAbs  0
LogToConsole  0
Threads  1

Optimize a model with 31141 rows, 8871 columns and 194152 nonzeros (Min)
Model fingerprint: 0x8ee649fd
Model has 31 linear objective coefficients
Coefficient statistics:
  Matrix range     [4e-02, 2e+04]
  Objective range  [4e-02, 1e+00]
  Bounds range     [2e-01, 1e+03]
  RHS range        [4e-01, 7e+04]

Presolve removed 7531 rows and 152 columns
Presolve time: 0.10s
Presolved: 23610 rows, 8720 columns, 160736 nonzeros

Iteration    Objective       Primal Inf.    Dual Inf.      Time
       0    0.0000000e+00   8.077368e+02   0.000000e+00      0s

Extra simplex iterations after uncrush: 497
   11855    1.6200548e-01   0.000000e+00   0.000000e+00      2s

Solved in 11855 iterations and 1.60 seconds (5.16 work units)
Optimal objective  1.620054822e-01

User-callback calls 12009, time in user-callback 0.00 sec
