
Gurobi 13.0.2 (win64) logging started Sat Oct  3 05:08:00 2026

Set parameter LogFile to value "E:\codes\ExactEBRP\results\unified_exact_round100\certification_CF01\raw\03_R98-C2_M-B\external\native_logs\L0_terminal_mip.gurobi.log"
Set parameter TimeLimit to value 7.1799765322999992e+03
Gurobi Optimizer version 13.0.2 build v13.0.2rc1 (win64 - Windows 10.0 (19045.2))

CPU model: 12th Gen Intel(R) Core(TM) i7-12700KF, instruction set [SSE2|AVX|AVX2]
Thread count: 12 physical cores, 20 logical processors, using up to 1 threads

Non-default parameters:
TimeLimit  7.1799765322999992e+03
MIPGap  0
MIPGapAbs  0
LogToConsole  0
Threads  1

Optimize a model with 31141 rows, 8871 columns and 194152 nonzeros (Min)
Model fingerprint: 0x4480e27c
Model has 31 linear objective coefficients
Variable types: 4685 continuous, 4186 integer (4066 binary)
Coefficient statistics:
  Matrix range     [4e-02, 2e+04]
  Objective range  [4e-02, 1e+00]
  Bounds range     [4e-01, 1e+03]
  RHS range        [4e-01, 7e+04]

Loaded user MIP start with objective 0.391621
Loaded MIP start from previous solve with objective 0.391621

Presolve removed 7547 rows and 32 columns
Presolve time: 0.29s
Presolved: 23594 rows, 8839 columns, 229766 nonzeros
Variable types: 4218 continuous, 4621 integer (4066 binary)

Root relaxation: objective 1.612386e-01, 9023 iterations, 1.00 seconds (2.65 work units)

    Nodes    |    Current Node    |     Objective Bounds      |     Work
 Expl Unexpl |  Obj  Depth IntInf | Incumbent    BestBd   Gap | It/Node Time

     0     0    0.16124    0  359    0.39162    0.16124  58.8%     -    1s
     0     0    0.17258    0  491    0.39162    0.17258  55.9%     -    5s
     0     0    0.18874    0  349    0.39162    0.18874  51.8%     -    6s
     0     0    0.18876    0  374    0.39162    0.18876  51.8%     -    6s
     0     0    0.18876    0  357    0.39162    0.18876  51.8%     -    7s
     0     0    0.18876    0  409    0.39162    0.18876  51.8%     -    9s
     0     0    0.18876    0  359    0.39162    0.18876  51.8%     -    9s
     0     0    0.18876    0  431    0.39162    0.18876  51.8%     -   10s
     0     0    0.18876    0  382    0.39162    0.18876  51.8%     -   11s
     0     0    0.18877    0  449    0.39162    0.18877  51.8%     -   13s
     0     0    0.18877    0  449    0.39162    0.18877  51.8%     -   13s
     0     0    0.18877    0  444    0.39162    0.18877  51.8%     -   13s
     0     2    0.18877    0  442    0.39162    0.18877  51.8%     -   15s
H    7     7                       0.3901264    0.18877  51.6%  1670   19s
H    7     7                       0.3786216    0.18877  50.1%  1670   19s
     8    10    0.18904    6  304    0.37862    0.18877  50.1%  1588   20s
H   10    10                       0.3707767    0.18877  49.1%  1415   20s
H   10    10                       0.3707208    0.18877  49.1%  1415   20s
H   10    10                       0.3702477    0.18877  49.0%  1415   20s
H   10    10                       0.3701687    0.18877  49.0%  1415   20s
H   10    10                       0.3699434    0.18877  49.0%  1415   20s
    16    18    0.19051   10  223    0.36994    0.18877  49.0%  1727   25s
    58    60    0.19009   42  151    0.36994    0.18877  49.0%   881   30s
    83    85    0.22727   60  313    0.36994    0.18877  49.0%   827   35s
   181   177    0.19009  143  128    0.36994    0.18877  49.0%   603   40s
   284   276    0.34381  211  321    0.36994    0.18877  49.0%   466   45s
H  327   303                       0.3657364    0.18877  48.4%   410   47s
H  327   268                       0.3295403    0.18877  42.7%   410   53s
H  327   266                       0.3183656    0.18877  40.7%   410   54s
H  327   266                       0.3182903    0.18877  40.7%   410   54s
H  327   264                       0.3096470    0.18877  39.0%   410   54s
H  327   258                       0.2991106    0.18877  36.9%   410   54s
   327   260    0.18877    2  415    0.29911    0.18877  36.9%   429   58s
   330   263    0.18952    4  391    0.29911    0.18877  36.9%   461   60s
   353   286    0.19218   19  150    0.29911    0.18877  36.9%   562   65s
   415   346    0.19276   63  190    0.29911    0.18877  36.9%   590   70s
   511   431    0.18976    5  371    0.29911    0.18877  36.9%   568   75s
   523   443    0.19079   14  304    0.29911    0.18877  36.9%   595   80s
   534   453    0.19009   43  444    0.29911    0.18877  36.9%   608   90s
   536   454    0.19009  116  381    0.29911    0.18877  36.9%   605   95s
   537   455    0.21552  112  418    0.29911    0.18877  36.9%   604  103s
   538   456    0.21679   85  378    0.29911    0.18877  36.9%   603  105s
   539   456    0.19694  172  367    0.29911    0.18882  36.9%   602  111s
   541   458    0.22334   91  437    0.29911    0.18882  36.9%   600  115s
   543   459    0.25266   73  434    0.29911    0.18882  36.9%   597  120s
   546   461    0.26062   74  434    0.29911    0.18884  36.9%   594  126s
   547   462    0.19273   44  474    0.29911    0.18884  36.9%   593  130s
   549   463    0.28600  126  427    0.29911    0.18885  36.9%   591  135s
   551   464    0.19153  152  483    0.29911    0.18885  36.9%   589  140s
   553   466    0.19083   10  470    0.29911    0.18885  36.9%   587  146s
   555   467    0.19276   64  490    0.29911    0.18885  36.9%   585  152s
   556   468    0.19009   35  467    0.29911    0.18885  36.9%   584  155s
   558   469    0.19777  161  470    0.29911    0.18885  36.9%   581  161s
H  558   445                       0.2751180    0.18885  31.4%   581  169s
H  558   422                       0.2750142    0.18885  31.3%   581  169s
H  558   400                       0.2749110    0.18885  31.3%   581  169s
H  558   380                       0.2611644    0.18885  27.7%   581  171s
H  560   361                       0.2576749    0.18886  26.7%   579  180s
   563   363    0.20744   82  498    0.25767    0.18886  26.7%   576  185s
H  564   346                       0.2553596    0.18887  26.0%   575  190s
H  564   328                       0.2411953    0.18887  21.7%   575  190s
H  564   311                       0.2390472    0.18887  21.0%   575  190s
H  564   295                       0.2266746    0.18887  16.7%   575  190s
   567   297    0.19044    8  512    0.22667    0.18888  16.7%   572  195s
   569   298    0.19009   70  408    0.22667    0.18889  16.7%   570  201s
   571   300    0.19489  158  575    0.22667    0.18889  16.7%   568  207s
   573   301    0.19051   19  492    0.22667    0.18889  16.7%   566  212s
   575   302    0.20659  180  378    0.22667    0.18889  16.7%   564  218s
   577   304    0.21520   76  529    0.22667    0.18889  16.7%   562  223s
   578   304    0.19009  129  506    0.22667    0.18889  16.7%   561  225s
   581   306    0.18889    2  542    0.22667    0.18889  16.7%   558  231s
   583   308    0.19009   31  493    0.22667    0.18889  16.7%   557  235s
   588   312    0.19283   48  391    0.22667    0.18889  16.7%  1134  242s
   589   313    0.19025   13  328    0.22667    0.18889  16.7%  1132  245s
   591   314    0.22667  195  405    0.22667    0.18889  16.7%  1128  252s
   592   315    0.19954  103  482    0.22667    0.18889  16.7%  1126  255s
   594   316    0.19025   11  473    0.22667    0.18892  16.7%  1122  261s
   595   317    0.22667   58  561    0.22667    0.18892  16.7%  1121  265s
   597   318    0.19220   20  412    0.22667    0.18893  16.7%  1117  277s
   598   319    0.22667   73  470    0.22667    0.18893  16.7%  1115  280s
H  598   302                       0.2246739    0.18893  15.9%  1115  284s
   600   303    0.19489  158  502    0.22467    0.18893  15.9%  1111  287s
   601   304    0.19055   33  453    0.22467    0.18893  15.9%  1109  290s
H  602   290                       0.2237919    0.18894  15.6%  1107  296s
   605   292    0.19009   59  481    0.22379    0.18894  15.6%  1102  302s
H  606   277                       0.2236191    0.18894  15.5%  1100  308s
   608   279    0.20222   78  522    0.22362    0.18894  15.5%  1097  310s
   610   280    0.19009   64  537    0.22362    0.18894  15.5%  1093  316s
H  610   265                       0.2213147    0.18894  14.6%  1093  319s
H  610   252                       0.2120973    0.18894  10.9%  1093  319s
H  610   239                       0.2088981    0.18894  9.55%  1093  319s
   612   240    0.19283   48  528    0.20890    0.18894  9.55%  1089  322s
H  612   227                       0.2084821    0.18895  9.37%  1089  327s
   614   229    0.19667  164  509    0.20848    0.18895  9.37%  1086  330s
   616   230    0.19051   19  530    0.20848    0.18895  9.37%  1082  337s
H  616   218                       0.2077377    0.18895  9.04%  1082  341s
H  618   208                       0.2027351    0.18895  6.80%  1079  348s
   620   210    0.19085   10  535    0.20274    0.18896  6.80%  1075  353s
H  620   199                       0.2003645    0.18897  5.69%  1075  356s
   623   201    0.19308   82  507    0.20036    0.18897  5.69%  1070  365s
   625   202    0.19009   43  493    0.20036    0.18897  5.69%  1067  371s
   627   203    0.19009   77  488    0.20036    0.18897  5.69%  1063  376s
   629   205    0.19009  150  534    0.20036    0.18897  5.69%  1060  381s
   632   208    0.20036  118  444    0.20036    0.18897  5.69%  1515  385s
   637   213    0.20036  112  444    0.20036    0.18897  5.69%  1530  392s
   639   214    0.19694  172  393    0.20036    0.18897  5.69%  1525  396s
   640   215    0.19009  129  306    0.20036    0.18909  5.63%  1523  400s
   642   216    0.19009  145  387    0.20036    0.18909  5.63%  1518  407s
   644   218    0.19266   28  338    0.20036    0.18909  5.63%  1514  415s
   646   219    0.20036   74  370    0.20036    0.18909  5.63%  1509  423s
   647   220    0.19273   44  479    0.20036    0.18909  5.63%  1507  425s
   649   221    0.20036  126  544    0.20036    0.18909  5.63%  1502  430s
   651   222    0.19153  152  480    0.20036    0.18909  5.63%  1497  435s
   652   223    0.20036  184  412    0.20036    0.18909  5.63%  1495  442s
   654   224    0.18971    7  466    0.20036    0.18909  5.63%  1490  449s
   655   225    0.19276   64  450    0.20036    0.18909  5.63%  1488  451s
   656   226    0.19009   35  406    0.20036    0.18909  5.62%  1486  458s
   657   226    0.19009   79  429    0.20036    0.18909  5.62%  1484  460s
H  657   214                       0.1991114    0.18909  5.03%  1484  467s
   659   216    0.19911  114  478    0.19911    0.18909  5.03%  1479  470s
   660   216    0.19911  199  382    0.19911    0.18909  5.03%  1477  477s
H  661   206                       0.1987341    0.18909  4.85%  1475  486s
H  661   195                       0.1978561    0.18909  4.43%  1475  486s
   664   197    0.19786   72  404    0.19786    0.18909  4.43%  1468  496s
   666   198    0.19124  127  386    0.19786    0.18910  4.42%  1464  505s
   667   199    0.19044    8  341    0.19786    0.18910  4.42%  1461  511s
H  668   189                       0.1973775    0.18910  4.19%  1975  515s
H  668   179                       0.1970345    0.18910  4.03%  1975  515s
   669   181    0.18948   54  460    0.19703    0.18944  3.86%  2007  524s
   670   182    0.18957   54  378    0.19703    0.18948  3.83%  2027  528s
   671   183    0.18960   55  341    0.19703    0.18948  3.83%  2034  530s
   673   184    0.18964   56  369    0.19703    0.18948  3.83%  2037  535s
   676   186    0.19023   57  337    0.19703    0.18948  3.83%  2044  543s
   677   187    0.19038   58  320    0.19703    0.18948  3.83%  2052  546s
   679   188    0.19061   59  359    0.19703    0.18948  3.83%  2053  550s
   684   191    0.19086   61  298    0.19703    0.18948  3.83%  2043  555s
H  700   187                       0.1955281    0.18948  3.09%  2033  560s
   702   186    0.19151   70  198    0.19553    0.18948  3.09%  2041  565s
   733   201    0.19328   87  155    0.19553    0.18948  3.09%  1983  570s
   772   221    0.19349  107  137    0.19553    0.18948  3.09%  1920  575s
   798   238    0.19349  120  138    0.19553    0.18948  3.09%  1905  580s
   809   245    0.19349  126   90    0.19553    0.18948  3.09%  1897  585s
   825   255    0.19349  134  152    0.19553    0.18948  3.09%  1890  590s
   848   267    0.19349  146  125    0.19553    0.18948  3.09%  1878  595s
   871   282    0.19349  158  120    0.19553    0.18948  3.09%  1864  600s
   898   300    0.19349  172  114    0.19553    0.18948  3.09%  1842  605s
   919   311    0.19349  182  176    0.19553    0.18948  3.09%  1839  610s
   945   322     cutoff  195         0.19553    0.18948  3.09%  1822  615s
   972   317    0.18953   55  353    0.19553    0.18950  3.08%  1813  624s
   973   318    0.18968   56  420    0.19553    0.18950  3.08%  1824  626s
   976   320    0.19028   57  463    0.19553    0.18950  3.08%  1846  631s
   981   323    0.19070   60  389    0.19553    0.18950  3.08%  1855  635s
   989   329    0.19103   64  397    0.19553    0.18950  3.08%  1876  640s
   997   332    0.19178   68  261    0.19553    0.18950  3.08%  1882  645s
  1006   338    0.19265   72  300    0.19553    0.18950  3.08%  1892  650s
  1037   350    0.19346   89  187    0.19553    0.18950  3.08%  1860  655s
  1067   370    0.19359  104  121    0.19553    0.18950  3.08%  1838  660s
  1089   378    0.19359  115  157    0.19553    0.18950  3.08%  1835  665s
  1118   389    0.19359  129  121    0.19553    0.18950  3.08%  1817  670s
  1151   386    0.18994   55  417    0.19553    0.18965  3.01%  1799  677s
  1154   388    0.19040   57  455    0.19553    0.18965  3.01%  1812  680s
  1159   391    0.19076   59  449    0.19553    0.18965  3.01%  1830  685s
  1175   398    0.19454   67  288    0.19553    0.18965  3.01%  1828  690s
  1193   407     cutoff   76         0.19553    0.18965  3.01%  1832  695s
  1218   420    0.19549   93  268    0.19553    0.18965  3.01%  1820  700s
  1260   440    0.19390  115  227    0.19553    0.18965  3.01%  1782  705s
  1295   456    0.19430  141  189    0.19553    0.18965  3.01%  1752  710s
  1309   470    0.19430  148  129    0.19553    0.18965  3.01%  1759  715s
  1331   487    0.19430  159   95    0.19553    0.18965  3.01%  1751  720s
  1356   504    0.19430  172  162    0.19553    0.18965  3.01%  1740  725s
  1372   502    0.19013   56  381    0.19553    0.18965  3.01%  1740  730s
  1375   505    0.19033   58  454    0.19553    0.18965  3.01%  1758  735s
  1378   508    0.19075   59  442    0.19553    0.18965  3.01%  1776  740s
  1384   514    0.19147   62  338    0.19553    0.18965  3.01%  1789  745s
  1392   521    0.19292   66  324    0.19553    0.18965  3.01%  1800  750s
  1408   537    0.19251   74  288    0.19553    0.18965  3.01%  1800  755s
  1430   552    0.19309   86  204    0.19553    0.18965  3.01%  1794  760s
  1456   569    0.19352  102  119    0.19553    0.18965  3.01%  1777  765s
  1475   588    0.19352  112  138    0.19553    0.18965  3.01%  1779  770s
  1495   606    0.19352  122  116    0.19553    0.18965  3.01%  1777  775s
  1518   625    0.19352  133  159    0.19553    0.18965  3.01%  1773  780s
  1538   641    0.19352  143  128    0.19553    0.18965  3.01%  1769  785s
  1567   648    0.19352  158  114    0.19553    0.18965  3.01%  1757  790s
  1599   646    0.19034   56  467    0.19553    0.19020  2.73%  1748  796s
  1600   647    0.19042   57  435    0.19553    0.19020  2.73%  1749  801s
  1602   649    0.19079   58  424    0.19553    0.19020  2.73%  1761  807s
  1604   651    0.19084   59  416    0.19553    0.19020  2.73%  1764  811s
  1605   652    0.19489   59  411    0.19553    0.19020  2.73%  1767  815s
  1607   654    0.19426   60  385    0.19553    0.19020  2.73%  1771  821s
  1615   662    0.19123   64  329    0.19553    0.19020  2.73%  1779  825s
H 1622   661                       0.1954283    0.19020  2.68%  1772  828s
  1622   663    0.19149   68  278    0.19543    0.19020  2.68%  1773  832s
  1631   666    0.19336   74  259    0.19543    0.19020  2.68%  1768  835s
H 1646   672                       0.1951170    0.19020  2.52%  1759  839s
  1649   677    0.19328   85  182    0.19512    0.19020  2.52%  1756  840s
  1670   692    0.19348   97  203    0.19512    0.19020  2.52%  1749  846s
  1692   696    0.19363  115  188    0.19512    0.19020  2.52%  1733  850s
H 1695   683                       0.1948297    0.19020  2.38%  1740  856s
  1702   690    0.19363  120  160    0.19483    0.19020  2.38%  1751  860s
  1715   701    0.19363  127  151    0.19483    0.19020  2.38%  1754  865s
  1727   713    0.19363  133  147    0.19483    0.19020  2.38%  1758  870s
  1738   722    0.19376  138  286    0.19483    0.19020  2.38%  1767  875s
  1752   736    0.19363  145  141    0.19483    0.19020  2.38%  1767  880s
  1768   750     cutoff  153         0.19483    0.19020  2.38%  1767  885s
  1785   765    0.19363  162  113    0.19483    0.19020  2.38%  1765  890s
  1798   778    0.19363  168  137    0.19483    0.19020  2.38%  1767  895s
  1820   791     cutoff  179         0.19483    0.19020  2.38%  1764  900s
  1842   800    0.19432  190  273    0.19483    0.19020  2.38%  1763  905s
  1868   802     cutoff  203         0.19483    0.19020  2.38%  1758  910s
  1891   810    0.19363  215  125    0.19483    0.19020  2.38%  1755  915s
  1913   821    0.19363  226  130    0.19483    0.19020  2.38%  1753  920s
  1938   830    0.19421  239  128    0.19483    0.19020  2.38%  1746  925s
  1948   828     cutoff   58         0.19483    0.19020  2.38%  1750  930s
  1953   831    0.19117   61  435    0.19483    0.19020  2.38%  1760  935s
  1968   835    0.19169   72  255    0.19483    0.19020  2.38%  1755  940s
  1991   852    0.19298   87  211    0.19483    0.19020  2.38%  1740  945s
  2011   868    0.19293   97  134    0.19483    0.19020  2.38%  1728  950s
  2030   882    0.19293  107   90    0.19483    0.19020  2.38%  1728  955s
  2049   897    0.19293  117  103    0.19483    0.19020  2.38%  1725  960s
  2076   912     cutoff  130         0.19483    0.19020  2.38%  1718  965s
  2107   918    0.19293  146   81    0.19483    0.19020  2.38%  1707  970s
  2136   926    0.19293  161  113    0.19483    0.19020  2.38%  1699  975s
  2174   926    0.19069   57  386    0.19483    0.19023  2.36%  1688  981s
  2177   927    0.19082   59  319    0.19483    0.19023  2.36%  1694  985s
  2181   929    0.19100   61  329    0.19483    0.19023  2.36%  1699  990s
  2190   936    0.19134   66  299    0.19483    0.19023  2.36%  1703  995s
  2204   948    0.19243   73  288    0.19483    0.19023  2.36%  1705 1000s
  2214   957    0.19294   78  262    0.19483    0.19023  2.36%  1712 1005s
  2234   973    0.19354   88   96    0.19483    0.19023  2.36%  1710 1010s
  2271   988    0.19362  113  117    0.19483    0.19023  2.36%  1691 1015s
  2291  1006    0.19362  123  105    0.19483    0.19023  2.36%  1689 1020s
  2307  1021    0.19362  131  102    0.19483    0.19023  2.36%  1686 1025s
  2331  1044    0.19362  143  110    0.19483    0.19023  2.36%  1680 1031s
  2348  1059    0.19362  151  114    0.19483    0.19023  2.36%  1678 1035s
  2372  1082    0.19362  163  189    0.19483    0.19023  2.36%  1674 1040s
  2391  1097    0.19362  173  137    0.19483    0.19023  2.36%  1673 1045s
  2418  1112    0.19362  186  108    0.19483    0.19023  2.36%  1666 1050s
  2450  1116 infeasible  202         0.19483    0.19023  2.36%  1656 1055s
  2462  1117    0.19104   62  275    0.19483    0.19025  2.35%  1663 1060s
  2464  1118    0.19109   63  276    0.19483    0.19025  2.35%  1665 1067s
  2469  1123    0.19263   65  374    0.19483    0.19025  2.35%  1670 1070s
  2477  1131    0.19287   69  275    0.19483    0.19025  2.35%  1676 1075s
  2498  1151    0.19290   80  213    0.19483    0.19025  2.35%  1676 1080s
  2529  1169    0.19360   96  136    0.19483    0.19025  2.35%  1666 1085s
  2544  1182    0.19360  103  167    0.19483    0.19025  2.35%  1670 1090s
  2560  1196    0.19360  111  177    0.19483    0.19025  2.35%  1672 1095s
  2577  1211    0.19360  120  124    0.19483    0.19025  2.35%  1672 1100s
  2603  1211    0.19360  133  166    0.19483    0.19025  2.35%  1669 1105s
  2630  1210    0.19360  146  184    0.19483    0.19025  2.35%  1665 1110s
  2651  1209    0.19093   58  426    0.19483    0.19028  2.34%  1663 1115s
  2678  1234    0.19288   79  214    0.19483    0.19028  2.34%  1654 1120s
  2708  1261    0.19356   95  154    0.19483    0.19028  2.34%  1644 1125s
  2732  1284    0.19390  115  123    0.19483    0.19028  2.34%  1635 1130s
  2754  1306    0.19390  132  122    0.19483    0.19028  2.34%  1628 1135s
  2778  1330    0.19390  154  177    0.19483    0.19028  2.34%  1621 1140s
  2799  1351    0.19390  175  131    0.19483    0.19028  2.34%  1613 1145s
  2820  1372    0.19390  195  161    0.19483    0.19028  2.34%  1606 1150s
  2831  1383    0.19390  203  125    0.19483    0.19028  2.34%  1605 1155s
  2854  1404    0.19390  218  141    0.19483    0.19028  2.34%  1600 1160s
  2877  1411    0.19032   58  405    0.19483    0.19028  2.34%  1598 1167s
  2882  1416    0.19094   63  393    0.19483    0.19028  2.34%  1598 1170s
  2887  1420    0.19140   68  429    0.19483    0.19028  2.34%  1605 1180s
  2895  1428    0.19214   72  390    0.19483    0.19028  2.34%  1609 1185s
  2908  1441    0.19266   75  271    0.19483    0.19028  2.34%  1613 1190s
  2938  1471    0.19332   99  123    0.19483    0.19028  2.34%  1605 1195s
  2958  1490    0.19332  119  143    0.19483    0.19028  2.34%  1598 1209s
  2961  1493    0.19332  122  124    0.19483    0.19028  2.34%  1597 1210s
  2984  1516    0.19332  140  141    0.19483    0.19028  2.34%  1589 1215s
  3005  1534     cutoff  153         0.19483    0.19028  2.34%  1584 1220s
  3024  1538    0.19054   58  470    0.19483    0.19032  2.32%  1584 1227s
  3027  1541    0.19075   61  378    0.19483    0.19032  2.32%  1587 1230s
  3032  1546    0.19159   62  340    0.19483    0.19032  2.32%  1592 1236s
  3039  1550    0.19145   68  382    0.19483    0.19032  2.32%  1595 1240s
  3064  1566    0.19281   90  216    0.19483    0.19032  2.32%  1587 1245s
  3092  1592    0.19396  110  119    0.19483    0.19032  2.32%  1579 1250s
  3115  1614    0.19404  130  139    0.19483    0.19032  2.32%  1573 1255s
  3142  1641    0.19404  157  126    0.19483    0.19032  2.32%  1564 1260s
  3169  1668    0.19404  183  115    0.19483    0.19032  2.32%  1555 1265s
  3190  1689    0.19404  201  122    0.19483    0.19032  2.32%  1549 1270s
  3213  1712    0.19404  224  118    0.19483    0.19032  2.32%  1541 1275s
  3240  1739    0.19404  245  128    0.19483    0.19032  2.32%  1534 1280s
  3268  1767    0.19404  272  129    0.19483    0.19032  2.32%  1524 1285s
  3290  1786    0.19404  292  160    0.19483    0.19032  2.32%  1519 1290s
  3304  1787    0.19338   61  337    0.19483    0.19033  2.31%  1525 1296s
  3336  1803    0.19065   59  483    0.19483    0.19034  2.31%  1516 1302s
  3343  1810    0.19143   66  462    0.19483    0.19034  2.31%  1516 1305s
  3349  1816    0.19194   71  343    0.19483    0.19034  2.31%  1519 1310s
  3377  1839    0.19336   88  283    0.19483    0.19034  2.31%  1514 1316s
  3400  1852    0.19398  101  143    0.19483    0.19034  2.31%  1508 1320s
  3424  1876    0.19418  122  118    0.19483    0.19034  2.31%  1502 1325s
  3438  1890    0.19418  136  165    0.19483    0.19034  2.31%  1501 1330s
  3459  1911    0.19418  150  104    0.19483    0.19034  2.31%  1499 1335s
  3486  1936    0.19418  168  168    0.19483    0.19034  2.31%  1494 1340s
  3533  1975    0.19418  208  118    0.19483    0.19034  2.31%  1478 1345s
  3555  1996    0.19418  223  151    0.19483    0.19034  2.31%  1473 1350s
  3562  1994    0.19042   59  461    0.19483    0.19038  2.28%  1478 1356s
  3564  1996    0.19096   61  422    0.19483    0.19038  2.28%  1483 1360s
  3567  1999    0.19140   63  374    0.19483    0.19038  2.28%  1485 1365s
H 3587  2014                       0.1948185    0.19038  2.28%  1482 1370s
H 3587  2009                       0.1947700    0.19038  2.25%  1482 1370s
H 3587  2002                       0.1947013    0.19038  2.22%  1482 1370s
H 3587  2001                       0.1946348    0.19038  2.19%  1482 1370s
  3603  2017    0.19305   89  212    0.19463    0.19038  2.19%  1481 1375s
  3631  2038    0.19353  113  118    0.19463    0.19038  2.19%  1473 1380s
  3650  2057    0.19353  132  130    0.19463    0.19038  2.19%  1469 1385s
  3674  2081    0.19353  150  138    0.19463    0.19038  2.19%  1464 1390s
  3696  2103    0.19353  172  179    0.19463    0.19038  2.19%  1459 1395s
  3721  2128    0.19353  197  148    0.19463    0.19038  2.19%  1453 1400s
  3742  2139 infeasible  209         0.19463    0.19038  2.19%  1452 1405s
  3769  2160    0.19353  232  134    0.19463    0.19038  2.19%  1447 1410s
  3797  2184     cutoff  258         0.19463    0.19038  2.19%  1440 1415s
  3820  2195    0.19073   59  383    0.19463    0.19039  2.18%  1438 1422s
  3821  2196    0.19101   60  372    0.19463    0.19039  2.18%  1441 1425s
  3826  2201    0.19155   64  333    0.19463    0.19039  2.18%  1445 1430s
  3840  2215    0.19256   76  286    0.19463    0.19039  2.18%  1445 1435s
  3856  2230    0.19319   88  175    0.19463    0.19039  2.18%  1445 1440s
  3882  2245    0.19383  106  124    0.19463    0.19039  2.18%  1437 1445s
  3914  2273    0.19400  125  101    0.19463    0.19039  2.18%  1432 1450s
  3939  2286    0.19069   59  419    0.19463    0.19042  2.16%  1431 1457s
H 3941  2286                       0.1946348    0.19042  2.16%  1432 1469s
  3941  2288    0.19120   61  365    0.19463    0.19042  2.16%  1433 1496s
  3942  2289    0.19124   62  348    0.19463    0.19042  2.16%  1435 1502s
  3960  2307    0.19267   75  200    0.19463    0.19042  2.16%  1430 1505s
  4003  2344    0.19396  106  122    0.19463    0.19042  2.16%  1420 1510s
  4036  2377    0.19396  139  141    0.19463    0.19042  2.16%  1412 1515s
  4065  2406    0.19396  164  152    0.19463    0.19042  2.16%  1408 1520s
  4090  2431    0.19396  189  133    0.19463    0.19042  2.16%  1403 1525s
  4115  2441    0.19114   60  440    0.19463    0.19054  2.10%  1401 1530s
  4128  2452    0.19410   73  258    0.19463    0.19054  2.10%  1400 1535s
  4138  2453    0.19078   59  442    0.19463    0.19057  2.09%  1401 1541s
  4146  2461    0.19283   67  299    0.19463    0.19057  2.09%  1402 1545s
  4172  2487    0.19438   93  108    0.19463    0.19057  2.09%  1399 1550s
  4200  2515    0.19438  121  128    0.19463    0.19057  2.09%  1395 1555s
  4224  2539    0.19438  145  107    0.19463    0.19057  2.09%  1389 1560s
  4253  2568    0.19438  174  119    0.19463    0.19057  2.09%  1383 1565s
  4286  2601    0.19438  207  157    0.19463    0.19057  2.09%  1377 1570s
  4314  2617    0.19291   60  418    0.19463    0.19058  2.08%  1375 1576s
  4318  2619     cutoff   62         0.19463    0.19058  2.08%  1380 1580s
  4341  2625    0.19459   74  142    0.19463    0.19058  2.08%  1379 1585s
  4345  2624    0.19064   58  457    0.19463    0.19058  2.08%  1382 1590s
  4349  2628    0.19176   62  363    0.19463    0.19058  2.08%  1385 1595s
  4353  2632    0.19238   66  191    0.19463    0.19058  2.08%  1389 1600s
  4379  2658    0.19392   92   95    0.19463    0.19058  2.08%  1385 1605s
  4413  2692    0.19392  126  110    0.19463    0.19058  2.08%  1379 1610s
  4447  2726    0.19392  160  142    0.19463    0.19058  2.08%  1373 1615s
  4484  2763    0.19392  197  132    0.19463    0.19058  2.08%  1367 1620s
  4506  2771    0.19432  207  247    0.19463    0.19058  2.08%  1366 1627s
  4508  2771    0.19448  208  174    0.19463    0.19058  2.08%  1365 1630s
  4511  2770    0.19064   58  511    0.19463    0.19064  2.05%  1370 1635s
  4514  2773    0.19195   61  383    0.19463    0.19064  2.05%  1374 1640s
  4555  2800    0.19446  102  138    0.19463    0.19064  2.05%  1365 1645s
  4573  2800    0.19089   59  463    0.19463    0.19064  2.05%  1364 1650s
  4576  2803    0.19137   62  405    0.19463    0.19064  2.05%  1368 1655s
  4582  2809    0.19219   68  283    0.19463    0.19064  2.05%  1370 1660s
  4607  2834    0.19365   86  120    0.19463    0.19064  2.05%  1370 1665s
  4641  2868    0.19396  117   98    0.19463    0.19064  2.05%  1364 1670s
  4675  2902    0.19396  149  133    0.19463    0.19064  2.05%  1358 1675s
  4709  2936    0.19396  181  153    0.19463    0.19064  2.05%  1353 1680s
  4743  2970    0.19396  204  161    0.19463    0.19064  2.05%  1349 1685s
  4769  2992    0.19397  219  223    0.19463    0.19064  2.05%  1349 1690s
  4796  3009    0.19396  238  131    0.19463    0.19064  2.05%  1347 1695s
  4833  3039 infeasible  267         0.19463    0.19064  2.05%  1341 1700s
  4845  3037    0.19147   61  442    0.19463    0.19066  2.04%  1342 1705s
  4853  3043    0.19257   68  258    0.19463    0.19066  2.04%  1345 1710s
  4882  3065    0.19376   94  230    0.19463    0.19066  2.04%  1341 1715s
  4902  3083    0.19422  113  135    0.19463    0.19066  2.04%  1341 1720s
  4925  3100    0.19422  133  135    0.19463    0.19066  2.04%  1339 1725s
  4941  3114    0.19422  148  179    0.19463    0.19066  2.04%  1337 1741s
  4960  3120    0.19098   60  462    0.19463    0.19067  2.04%  1337 1748s
  4965  3125    0.19175   65  301    0.19463    0.19067  2.04%  1338 1750s
  5011  3171    0.19397  111  174    0.19463    0.19067  2.04%  1330 1755s
  5041  3201    0.19397  141  132    0.19463    0.19067  2.04%  1327 1760s
  5076  3236    0.19397  176  156    0.19463    0.19067  2.04%  1323 1765s
  5083  3229     cutoff   60         0.19463    0.19070  2.02%  1329 1771s
  5085  3229    0.19134   60  487    0.19463    0.19072  2.01%  1333 1775s
  5101  3245    0.19299   76  218    0.19463    0.19072  2.01%  1329 1789s
  5107  3251    0.19347   82  142    0.19463    0.19072  2.01%  1328 1790s
  5141  3284    0.19416  116  124    0.19463    0.19072  2.01%  1323 1795s
  5183  3326    0.19416  158   83    0.19463    0.19072  2.01%  1317 1800s
  5232  3373    0.19416  206  108    0.19463    0.19072  2.01%  1309 1805s
  5260  3389    0.19074   60  516    0.19463    0.19074  2.00%  1305 1811s
  5262  3391    0.19096   62  507    0.19463    0.19074  2.00%  1308 1815s
  5263  3392    0.19099   63  453    0.19463    0.19074  2.00%  1308 1822s
  5265  3394    0.19146   65  422    0.19463    0.19074  2.00%  1312 1826s
  5278  3407    0.19318   78  307    0.19463    0.19074  2.00%  1314 1830s
  5307  3434    0.19394  107  155    0.19463    0.19074  2.00%  1311 1835s
  5328  3453    0.19394  127  226    0.19463    0.19074  2.00%  1310 1840s
  5347  3463    0.19145   60  384    0.19463    0.19074  2.00%  1311 1845s
  5393  3508    0.19389  106  125    0.19463    0.19074  2.00%  1303 1850s
  5435  3550    0.19389  148  126    0.19463    0.19074  2.00%  1298 1855s
  5469  3584    0.19389  182  153    0.19463    0.19074  2.00%  1295 1860s
  5517  3607    0.19238   61  454    0.19463    0.19075  1.99%  1292 1867s
  5533  3615    0.19116   61  430    0.19463    0.19076  1.99%  1291 1871s
  5537  3619    0.19195   65  374    0.19463    0.19076  1.99%  1292 1875s
  5543  3625    0.19274   71  309    0.19463    0.19076  1.99%  1296 1880s
  5581  3657     cutoff  106         0.19463    0.19076  1.99%  1291 1885s
  5584  3658    0.19088   62  399    0.19463    0.19076  1.99%  1294 1890s
  5594  3668    0.19228   70  296    0.19463    0.19076  1.99%  1297 1895s
  5622  3694    0.19361   94  138    0.19463    0.19076  1.99%  1294 1900s
  5656  3728    0.19361  124  126    0.19463    0.19076  1.99%  1291 1905s
  5688  3760    0.19361  153  105    0.19463    0.19076  1.99%  1287 1910s
  5730  3799    0.19361  192  138    0.19463    0.19076  1.99%  1282 1915s
  5760  3811     cutoff  207         0.19463    0.19076  1.99%  1279 1920s
  5777  3819    0.19228   69  298    0.19463    0.19076  1.99%  1279 1925s
  5808  3849    0.19412  100  187    0.19463    0.19076  1.99%  1277 1930s
  5835  3876    0.19412  127  144    0.19463    0.19076  1.99%  1276 1935s
  5860  3901    0.19412  152  154    0.19463    0.19076  1.99%  1275 1942s
  5883  3924    0.19412  175  164    0.19463    0.19076  1.99%  1273 1945s
  5920  3943    0.19104   60  468    0.19463    0.19078  1.98%  1271 1951s
  5942  3961    0.19458   81  172    0.19463    0.19078  1.98%  1269 1955s
  5966  3982    0.19334   83  197    0.19463    0.19079  1.98%  1269 1960s
  5986  4002    0.19344  103  172    0.19463    0.19079  1.98%  1269 1965s
  6027  4037    0.19379  140  155    0.19463    0.19079  1.98%  1264 1970s
  6042  4039    0.19163   66  326    0.19463    0.19079  1.98%  1265 1981s
  6071  4061    0.19425   92  127    0.19463    0.19079  1.98%  1263 1985s
  6114  4101    0.19461  134  132    0.19463    0.19079  1.98%  1258 1990s
  6142  4116    0.19462  155  250    0.19463    0.19079  1.98%  1258 1995s
  6147  4117    0.19113   60  451    0.19463    0.19079  1.98%  1261 2000s
  6154  4120    0.19199   64  284    0.19463    0.19079  1.98%  1265 2005s
  6193  4145    0.19378   83  145    0.19463    0.19079  1.98%  1266 2010s
  6225  4170    0.19398   99  156    0.19463    0.19079  1.98%  1267 2015s
  6254  4195    0.19398  114  128    0.19463    0.19079  1.98%  1268 2020s
  6283  4220    0.19398  128  149    0.19463    0.19079  1.98%  1269 2025s
  6327  4227    0.19084   59  524    0.19463    0.19080  1.97%  1269 2032s
  6328  4228    0.19130   60  419    0.19463    0.19080  1.97%  1271 2036s
  6334  4230     cutoff   62         0.19463    0.19080  1.97%  1274 2041s
  6337  4231    0.19192   63  453    0.19463    0.19080  1.97%  1278 2045s
  6342  4230     cutoff   64         0.19463    0.19080  1.97%  1283 2050s
  6361  4237    0.19326   72  239    0.19463    0.19080  1.97%  1284 2055s
  6387  4241    0.19437   85  274    0.19463    0.19080  1.97%  1285 2060s
  6410  4251    0.19462   93  199    0.19463    0.19080  1.97%  1288 2065s
  6419  4254    0.19462   94  239    0.19463    0.19080  1.97%  1292 2070s
  6428  4259    0.19462   99  211    0.19463    0.19080  1.97%  1294 2077s
  6439  4258    0.19085   62  446    0.19463    0.19080  1.97%  1295 2081s
  6442  4261    0.19133   65  358    0.19463    0.19080  1.97%  1297 2085s
  6470  4289    0.19406   93  166    0.19463    0.19080  1.97%  1297 2090s
  6495  4300    0.19148   63  286    0.19463    0.19082  1.96%  1296 2095s
  6522  4315    0.19167   62  525    0.19463    0.19082  1.96%  1296 2102s
  6528  4321    0.19218   68  283    0.19463    0.19082  1.96%  1296 2105s
  6553  4344    0.19430   92  148    0.19463    0.19082  1.96%  1295 2110s
  6582  4373    0.19439  121  165    0.19463    0.19082  1.96%  1294 2115s
  6596  4378     cutoff   67         0.19463    0.19083  1.96%  1296 2120s
  6629  4409    0.19447   98  172    0.19463    0.19083  1.96%  1295 2125s
  6647  4419    0.19084   61  447    0.19463    0.19083  1.95%  1296 2132s
  6648  4420    0.19099   62  429    0.19463    0.19083  1.95%  1298 2144s
  6658  4430    0.19193   69  259    0.19463    0.19083  1.95%  1297 2145s
  6687  4451    0.19329   88  142    0.19463    0.19083  1.95%  1297 2150s
  6712  4476    0.19329  111  140    0.19463    0.19083  1.95%  1296 2155s
  6736  4496    0.19329  132  203    0.19463    0.19083  1.95%  1297 2160s
  6747  4493     cutoff   64         0.19463    0.19084  1.95%  1300 2166s
  6750  4494    0.19120   61  425    0.19463    0.19084  1.95%  1302 2170s
  6789  4531    0.19402   99  141    0.19463    0.19084  1.95%  1299 2175s
  6826  4568    0.19410  136  151    0.19463    0.19084  1.95%  1297 2180s
  6865  4607    0.19410  175  136    0.19463    0.19084  1.95%  1295 2185s
  6911  4653    0.19410  221  148    0.19463    0.19084  1.95%  1290 2190s
  6946  4672    0.19094   63  483    0.19463    0.19084  1.95%  1288 2196s
  6964  4690    0.19281   81  248    0.19463    0.19084  1.95%  1288 2200s
  7001  4725    0.19397  117  137    0.19463    0.19084  1.95%  1286 2205s
  7041  4759    0.19397  153  133    0.19463    0.19084  1.95%  1283 2210s
  7073  4781     cutoff  178         0.19463    0.19084  1.95%  1283 2215s
  7074  4782    0.19160   62  441    0.19463    0.19085  1.95%  1285 2224s
  7079  4787    0.19216   67  362    0.19463    0.19085  1.95%  1285 2225s
  7126  4831    0.19390  112  177    0.19463    0.19085  1.95%  1280 2230s
  7159  4864    0.19390  145  121    0.19463    0.19085  1.95%  1279 2235s
  7199  4904    0.19390  185  130    0.19463    0.19085  1.95%  1276 2240s
  7228  4922    0.19120   64  355    0.19463    0.19085  1.94%  1275 2245s
  7241  4935    0.19320   77  149    0.19463    0.19085  1.94%  1276 2250s
  7281  4969    0.19441  112  166    0.19463    0.19085  1.94%  1274 2255s
  7323  5001    0.19092   63  377    0.19463    0.19085  1.94%  1272 2261s
  7327  5005    0.19165   67  384    0.19463    0.19085  1.94%  1274 2265s
  7378  5056    0.19376  118  126    0.19463    0.19085  1.94%  1269 2270s
  7417  5093     cutoff  157         0.19463    0.19085  1.94%  1267 2275s
  7459  5115     cutoff   81         0.19463    0.19086  1.94%  1265 2280s
  7484  5123    0.19105   62  385    0.19463    0.19087  1.93%  1265 2286s
  7504  5131     cutoff   74         0.19463    0.19087  1.93%  1266 2290s
  7556  5143    0.19121   61  420    0.19463    0.19088  1.93%  1264 2319s
  7557  5144    0.19122   62  309    0.19463    0.19088  1.93%  1265 2320s
  7584  5165    0.19449   86  117    0.19463    0.19088  1.93%  1264 2325s
  7599  5167    0.19141   63  390    0.19463    0.19088  1.93%  1266 2330s
  7639  5207    0.19376  103  164    0.19463    0.19088  1.93%  1262 2335s
  7682  5250    0.19376  146  166    0.19463    0.19088  1.93%  1260 2340s
  7706  5260    0.19130   63  499    0.19463    0.19088  1.93%  1261 2345s
  7739  5291    0.19365   87  236    0.19463    0.19088  1.93%  1259 2350s
  7763  5314    0.19379  107  163    0.19463    0.19088  1.93%  1260 2355s
  7789  5339    0.19379  133  150    0.19463    0.19088  1.93%  1259 2360s
  7826  5376    0.19379  170  189    0.19463    0.19088  1.93%  1256 2365s
  7842  5377    0.19174   65  405    0.19463    0.19089  1.93%  1258 2370s
  7858  5393    0.19350   81  195    0.19463    0.19089  1.93%  1258 2375s
  7892  5427    0.19382  115  114    0.19463    0.19089  1.93%  1256 2380s
  7922  5457    0.19382  145  171    0.19463    0.19089  1.93%  1254 2385s
  7952  5477    0.19095   61  477    0.19463    0.19089  1.92%  1255 2393s
  7954  5479    0.19108   62  419    0.19463    0.19089  1.92%  1256 2395s
  7960  5481     cutoff   65         0.19463    0.19089  1.92%  1260 2401s
  7964  5482    0.19349   67  351    0.19463    0.19089  1.92%  1263 2405s
  8001  5490    0.19108   61  407    0.19463    0.19089  1.92%  1261 2413s
  8010  5499    0.19243   70  291    0.19463    0.19089  1.92%  1260 2415s
H 8012  5332                       0.1944397    0.19089  1.83%  1261 2422s
  8012  5334    0.19259   72  290    0.19444    0.19089  1.83%  1261 2432s
  8023  5345    0.19358   83  186    0.19444    0.19089  1.83%  1260 2435s
  8041  5361    0.19398  101  200    0.19444    0.19089  1.83%  1261 2440s
  8070  5387    0.19411  128  128    0.19444    0.19089  1.83%  1259 2445s
  8101  5418    0.19411  159  155    0.19444    0.19089  1.83%  1257 2450s
  8128  5435    0.19128   60  467    0.19444    0.19089  1.82%  1259 2457s
  8132  5438    0.19176   64  378    0.19444    0.19089  1.82%  1259 2460s
  8140  5443    0.19205   71  340    0.19444    0.19089  1.82%  1261 2465s
  8142  5443     cutoff   73         0.19444    0.19089  1.82%  1262 2471s
  8145  5446    0.19269   75  358    0.19444    0.19089  1.82%  1263 2477s
  8148  5449    0.19293   78  337    0.19444    0.19089  1.82%  1264 2482s
  8153  5454    0.19336   83  192    0.19444    0.19089  1.82%  1265 2485s
  8181  5475    0.19437  109  177    0.19444    0.19089  1.82%  1262 2490s
  8192  5482    0.19437  117  146    0.19444    0.19089  1.82%  1262 2495s
  8203  5489    0.19437  125  154    0.19444    0.19089  1.82%  1263 2500s
  8216  5502    0.19437  138  159    0.19444    0.19089  1.82%  1263 2505s
  8234  5505     cutoff   63         0.19444    0.19089  1.82%  1265 2511s
  8235  5506    0.19143   61  480    0.19444    0.19090  1.82%  1267 2515s
  8240  5511    0.19215   66  367    0.19444    0.19090  1.82%  1269 2520s
  8249  5516    0.19250   73  379    0.19444    0.19090  1.82%  1271 2526s
  8254  5521    0.19302   78  334    0.19444    0.19090  1.82%  1273 2530s
  8268  5533    0.19376   91  333    0.19444    0.19090  1.82%  1273 2535s
  8288  5547    0.19428  108  230    0.19444    0.19090  1.82%  1273 2540s
  8309  5568    0.19436  129  235    0.19444    0.19090  1.82%  1273 2545s
  8327  5574 infeasible  139         0.19444    0.19090  1.82%  1274 2550s
  8330  5577    0.19141   62  462    0.19444    0.19092  1.81%  1275 2555s
  8362  5606    0.19378   94  212    0.19444    0.19092  1.81%  1273 2560s
  8398  5632    0.19386  130  145    0.19444    0.19092  1.81%  1270 2565s
  8433  5655    0.19136   63  429    0.19444    0.19094  1.80%  1268 2570s
  8480  5702    0.19428  110  144    0.19444    0.19094  1.80%  1264 2575s
  8524  5746    0.19428  154   92    0.19444    0.19094  1.80%  1260 2580s
  8602  5812    0.19172   64  369    0.19444    0.19094  1.80%  1253 2586s
  8627  5836    0.19380   89  139    0.19444    0.19094  1.80%  1251 2590s
  8646  5855    0.19380  108  221    0.19444    0.19094  1.80%  1252 2595s
  8660  5861    0.19151   66  383    0.19444    0.19094  1.80%  1254 2600s
  8670  5865 infeasible   72         0.19444    0.19094  1.80%  1256 2605s
  8698  5872    0.19201   64  427    0.19444    0.19095  1.80%  1255 2610s
  8703  5877    0.19243   68  318    0.19444    0.19095  1.80%  1258 2615s
  8737  5902    0.19409   88  168    0.19444    0.19095  1.80%  1256 2620s
  8767  5932    0.19425  112  107    0.19444    0.19095  1.80%  1256 2625s
  8807  5961     cutoff  144         0.19444    0.19095  1.80%  1254 2630s
  8838  5990    0.19411   91  130    0.19444    0.19095  1.79%  1253 2635s
  8885  6037    0.19435  138  112    0.19444    0.19095  1.79%  1250 2640s
  8943  6094    0.19435  196  142    0.19444    0.19095  1.79%  1244 2645s
  8997  6136    0.19125   59  488    0.19444    0.19096  1.79%  1240 2652s
  8999  6136     cutoff   61         0.19444    0.19096  1.79%  1242 2655s
  9046  6181    0.19425  107  118    0.19444    0.19096  1.79%  1238 2660s
  9074  6201    0.19116   64  442    0.19444    0.19096  1.79%  1238 2668s
  9078  6205    0.19178   68  319    0.19444    0.19096  1.79%  1239 2670s
  9124  6241    0.19443  114  108    0.19444    0.19096  1.79%  1236 2675s
  9167  6284    0.19443  157  120    0.19444    0.19096  1.79%  1234 2680s
  9203  6318    0.19443  192   87    0.19444    0.19096  1.79%  1232 2685s
  9219  6320    0.19129   63  499    0.19444    0.19096  1.79%  1232 2690s
  9245  6340    0.19421   86  213    0.19444    0.19096  1.79%  1232 2695s
  9271  6358    0.19100   63  429    0.19444    0.19096  1.79%  1233 2704s
  9272  6359    0.19119   64  455    0.19444    0.19096  1.79%  1234 2707s
  9278  6365    0.19232   70  303    0.19444    0.19096  1.79%  1235 2710s
  9319  6406    0.19401  111  202    0.19444    0.19096  1.79%  1232 2715s
  9345  6432    0.19401  137  205    0.19444    0.19096  1.79%  1232 2720s
  9368  6444    0.19106   59  407    0.19444    0.19097  1.79%  1233 2727s
  9372  6448    0.19144   63  342    0.19444    0.19097  1.79%  1234 2730s
  9398  6472    0.19359   88  132    0.19444    0.19097  1.79%  1235 2735s
  9406  6480    0.19359   96  192    0.19444    0.19097  1.79%  1236 2740s
  9429  6501    0.19359  118  157    0.19444    0.19097  1.79%  1235 2745s
  9443  6505    0.19104   62  484    0.19444    0.19098  1.78%  1236 2751s
  9490  6552    0.19386  109  129    0.19444    0.19098  1.78%  1232 2755s
  9519  6581    0.19386  138  157    0.19444    0.19098  1.78%  1232 2760s
  9552  6604    0.19112   62  482    0.19444    0.19098  1.78%  1232 2769s
  9553  6605    0.19119   63  442    0.19444    0.19098  1.78%  1232 2770s
  9556  6608    0.19179   66  362    0.19444    0.19098  1.78%  1235 2775s
  9564  6616    0.19276   74  294    0.19444    0.19098  1.78%  1236 2797s
  9590  6634    0.19429   94  133    0.19444    0.19098  1.78%  1234 2800s
  9599  6635    0.19108   63  346    0.19444    0.19099  1.78%  1237 2806s
  9610  6638    0.19254   68  298    0.19444    0.19099  1.78%  1239 2810s
  9620  6642    0.19284   73  354    0.19444    0.19099  1.78%  1241 2815s
  9632  6650    0.19364   79  220    0.19444    0.19099  1.78%  1244 2820s
  9666  6675    0.19377   96  191    0.19444    0.19099  1.78%  1244 2825s
  9684  6690    0.19377  105  256    0.19444    0.19099  1.78%  1246 2830s
  9703  6706    0.19409  115  249    0.19444    0.19099  1.78%  1248 2835s
  9724  6715    0.19377  126  140    0.19444    0.19099  1.78%  1249 2840s
  9759  6718     cutoff  143         0.19444    0.19099  1.78%  1250 2845s
  9776  6717    0.19314   59  448    0.19444    0.19099  1.77%  1252 2850s
  9785  6726    0.19387   65  338    0.19444    0.19099  1.77%  1254 2855s
  9802  6729    0.19109   63  502    0.19444    0.19100  1.77%  1254 2862s
  9804  6731    0.19144   64  400    0.19444    0.19100  1.77%  1256 2865s
  9811  6736     cutoff   67         0.19444    0.19100  1.77%  1258 2870s
  9830  6746    0.19440   72  398    0.19444    0.19100  1.77%  1259 2876s
  9839  6751    0.19274   75  276    0.19444    0.19100  1.77%  1259 3013s
  9840  6752    0.19285   76  276    0.19444    0.19100  1.77%  1259 3035s
  9876  6757    0.19443   90  178    0.19444    0.19100  1.77%  1258 3040s
  9889  6759    0.19355   62  457    0.19444    0.19100  1.77%  1260 3045s
  9901  6762    0.19181   64  444    0.19444    0.19101  1.76%  1260 3050s
  9907  6768    0.19225   70  381    0.19444    0.19101  1.76%  1262 3055s
  9920  6781    0.19359   83  314    0.19444    0.19101  1.76%  1263 3060s
  9948  6809    0.19411  111  108    0.19444    0.19101  1.76%  1262 3065s
  9990  6849    0.19411  152  106    0.19444    0.19101  1.76%  1260 3070s
 10008  6855    0.19102   61  486    0.19444    0.19102  1.76%  1260 3077s
 10010  6857    0.19195   63  437    0.19444    0.19102  1.76%  1262 3081s
 10011  6858    0.19288   64  421    0.19444    0.19102  1.76%  1263 3085s
 10036  6869    0.19135   62  405    0.19444    0.19102  1.76%  1264 3090s
 10060  6893    0.19352   86  285    0.19444    0.19102  1.76%  1263 3095s
 10076  6898    0.19141   63  318    0.19444    0.19103  1.76%  1264 3105s
 10108  6914    0.19180   64  476    0.19444    0.19103  1.76%  1264 3112s
 10111  6915    0.19193   66  425    0.19444    0.19103  1.76%  1266 3115s
 10123  6917    0.19120   62  438    0.19444    0.19104  1.75%  1268 3122s
 10127  6921    0.19213   66  371    0.19444    0.19104  1.75%  1269 3125s
 10152  6938    0.19135   60  368    0.19444    0.19104  1.75%  1268 3130s
 10172  6954    0.19396   79  183    0.19444    0.19104  1.75%  1269 3135s
 10203  6982    0.19301   60  444    0.19444    0.19104  1.75%  1268 3354s
 10205  6983    0.19362  176  354    0.19444    0.19104  1.75%  1267 3360s
 10206  6984    0.19288   65  383    0.19444    0.19104  1.75%  1267 3367s
 10207  6985    0.19233   70  453    0.19444    0.19104  1.75%  1267 3371s
 10208  6985    0.19410  141  435    0.19444    0.19104  1.75%  1267 3390s
 10209  6986    0.19392  144  538    0.19444    0.19104  1.75%  1267 3401s
 10210  6987    0.19376  147  582    0.19444    0.19104  1.75%  1267 3417s
 10211  6987    0.19222   69  537    0.19444    0.19104  1.75%  1267 3429s
 10212  6988    0.19385  100  502    0.19444    0.19104  1.75%  1267 3445s
 10213  6989    0.19306   78  517    0.19444    0.19104  1.75%  1266 3464s
 10214  6989    0.19352  113  461    0.19444    0.19104  1.75%  1266 3485s
 10215  6990    0.19385   63  555    0.19444    0.19104  1.75%  1266 3496s
 10216  6991    0.19387   66  406    0.19444    0.19104  1.75%  1266 3512s
 10217  6991    0.19435  101  448    0.19444    0.19104  1.75%  1266 3529s
 10218  6992    0.19334   76  373    0.19444    0.19104  1.75%  1266 3543s
 10219  6993    0.19376  146  477    0.19444    0.19104  1.75%  1266 3556s
 10220  6993    0.19389  139  457    0.19444    0.19104  1.75%  1266 3576s
 10221  6994    0.19396  170  456    0.19444    0.19104  1.75%  1265 3591s
 10222  6995    0.19226   75  440    0.19444    0.19104  1.75%  1265 3608s
 10223  6995    0.19397   91  546    0.19444    0.19104  1.75%  1265 3622s
 10224  6996    0.19301   62  422    0.19444    0.19104  1.75%  1265 3641s
 10225  6997    0.19383   89  559    0.19444    0.19104  1.75%  1265 3652s
 10226  6997    0.19368   67  437    0.19444    0.19104  1.75%  1265 3673s
 10227  6998    0.19392  170  437    0.19444    0.19104  1.75%  1265 3690s
 10228  6999    0.19396  128  437    0.19444    0.19104  1.75%  1265 3699s
 10229  7001    0.19104   64  403    0.19444    0.19104  1.75%  1295 3705s
 10232  7003    0.19104   65  468    0.19444    0.19104  1.75%  1296 3710s
 10235  7005    0.19104   67  454    0.19444    0.19104  1.75%  1298 3715s
 10239  7008    0.19104   69  455    0.19444    0.19104  1.75%  1299 3720s
 10244  7009    0.19104   71  399    0.19444    0.19104  1.75%  1300 3725s
 10252  7013    0.19180   76  497    0.19444    0.19104  1.75%  1301 3731s
 10259  7016    0.19268   80  263    0.19444    0.19104  1.75%  1302 3735s
 10282  7016    0.19346   91  341    0.19444    0.19104  1.75%  1300 3740s
 10309  7028    0.19372  105  201    0.19444    0.19104  1.75%  1298 3745s
 10324  7034    0.19372  113  169    0.19444    0.19104  1.75%  1297 3750s
 10336  7038    0.19372  119  155    0.19444    0.19104  1.75%  1297 3755s
 10349  7039     cutoff  125         0.19444    0.19104  1.75%  1297 3760s
 10366  7038    0.19372  134  175    0.19444    0.19104  1.75%  1297 3765s
 10379  7034    0.19419  140  270    0.19444    0.19104  1.75%  1297 3770s
 10384  7036    0.19372  143  195    0.19444    0.19104  1.75%  1297 3775s
 10392  7031    0.19104   65  576    0.19444    0.19104  1.75%  1297 3786s
 10394  7032    0.19104   66  408    0.19444    0.19104  1.75%  1299 3790s
 10396  7034    0.19104   67  545    0.19444    0.19104  1.75%  1301 3797s
 10398  7033     cutoff   68         0.19444    0.19104  1.75%  1302 3801s
 10400  7034    0.19107   69  416    0.19444    0.19104  1.75%  1303 3805s
 10404  7037    0.19130   71  321    0.19444    0.19104  1.75%  1305 3821s
 10407  7038    0.19186   73  357    0.19444    0.19104  1.75%  1306 3825s
 10412  7041    0.19340   75  433    0.19444    0.19104  1.75%  1307 3830s
 10419  7044    0.19300   79  342    0.19444    0.19104  1.75%  1307 3835s
 10426  7049    0.19335   82  206    0.19444    0.19104  1.75%  1307 3840s
 10446  7049    0.19387   92  161    0.19444    0.19104  1.75%  1306 3845s
 10464  7053    0.19415  101  159    0.19444    0.19104  1.75%  1306 3850s
 10481  7056    0.19415  110  151    0.19444    0.19104  1.75%  1305 3855s
 10497  7054 infeasible  118         0.19444    0.19104  1.75%  1304 3860s
 10523  7044    0.19104   65  464    0.19444    0.19104  1.75%  1302 3866s
 10527  7045     cutoff   67         0.19444    0.19104  1.75%  1304 3872s
 10530  7047    0.19104   69  348    0.19444    0.19104  1.75%  1304 3875s
 10537  7052    0.19128   72  437    0.19444    0.19104  1.75%  1305 3880s
 10541  7054    0.19187   74  309    0.19444    0.19104  1.75%  1306 3885s
 10547  7056     cutoff   77         0.19444    0.19104  1.75%  1307 3890s
 10554  7055    0.19298   81  158    0.19444    0.19104  1.75%  1308 3895s
 10567  7064    0.19308   87  163    0.19444    0.19104  1.75%  1308 3900s
 10590  7070    0.19359   99  151    0.19444    0.19104  1.75%  1306 3905s
 10604  7077    0.19359  106  134    0.19444    0.19104  1.75%  1306 3910s
 10611  7078 infeasible  109         0.19444    0.19104  1.75%  1306 3915s
 10628  7079    0.19359  118  141    0.19444    0.19104  1.75%  1305 3920s
 10650  7078    0.19359  129  152    0.19444    0.19104  1.75%  1304 3925s
 10662  7072    0.19104   66  508    0.19444    0.19104  1.75%  1303 3944s
 10663  7073    0.19104   67  579    0.19444    0.19104  1.75%  1304 3946s
 10665  7074    0.19104   68  443    0.19444    0.19104  1.75%  1305 3950s
 10668  7074    0.19115   69  345    0.19444    0.19104  1.75%  1306 3955s
 10675  7079    0.19205   73  389    0.19444    0.19104  1.75%  1307 3960s
 10684  7085    0.19290   77  301    0.19444    0.19104  1.75%  1308 3966s
 10693  7091    0.19313   82  236    0.19444    0.19104  1.75%  1309 3970s
 10701  7096    0.19345   86  185    0.19444    0.19104  1.75%  1309 3975s
 10704  7096 infeasible   87         0.19444    0.19104  1.75%  1316 3994s
 10705  7097    0.19345   88  216    0.19444    0.19104  1.75%  1316 3995s
 10714  7101    0.19345   92  188    0.19444    0.19104  1.75%  1317 4000s
 10728  7104    0.19372   99  170    0.19444    0.19104  1.75%  1317 4005s
 10737  7110    0.19364  104  142    0.19444    0.19104  1.75%  1317 4010s
 10750  7117    0.19364  110  208    0.19444    0.19104  1.75%  1317 4015s
 10762  7119    0.19364  116  163    0.19444    0.19104  1.75%  1317 4020s
 10771  7121    0.19364  121  143    0.19444    0.19104  1.75%  1317 4027s
 10787  7117    0.19364  129  165    0.19444    0.19104  1.75%  1315 4030s
 10806  7110     cutoff  138         0.19444    0.19104  1.75%  1314 4035s
 10819  7105    0.19104   66  582    0.19444    0.19104  1.75%  1313 4040s
 10821  7106    0.19104   67  524    0.19444    0.19104  1.75%  1315 4045s
 10825  7109    0.19265   69  318    0.19444    0.19104  1.75%  1315 4061s
 10828  7111    0.19104   71  462    0.19444    0.19104  1.75%  1317 4066s
 10834  7114    0.19248   74  355    0.19444    0.19104  1.75%  1318 4070s
 10842  7117    0.19201   78  252    0.19444    0.19104  1.75%  1318 4075s
 10860  7126    0.19356   88  255    0.19444    0.19104  1.75%  1317 4080s
 10879  7130    0.19428   99  154    0.19444    0.19104  1.75%  1317 4087s
 10885  7134    0.19428  102  191    0.19444    0.19104  1.75%  1317 4090s
 10901  7132    0.19428  110  167    0.19444    0.19104  1.75%  1316 4095s
 10914  7127    0.19428  115  164    0.19444    0.19104  1.75%  1316 4100s
 10930  7124    0.19428  123  200    0.19444    0.19104  1.75%  1315 4105s
 10937  7122    0.19428  126  167    0.19444    0.19104  1.75%  1316 4110s
 10945  7120    0.19428  130  185    0.19444    0.19104  1.75%  1316 4115s
 10957  7123    0.19428  136  210    0.19444    0.19104  1.75%  1316 4120s
 10965  7118    0.19104   69  544    0.19444    0.19104  1.75%  1316 4131s
 10967  7119    0.19104   70  582    0.19444    0.19104  1.75%  1318 4140s
 10970  7121    0.19138   72  403    0.19444    0.19104  1.75%  1319 4146s
 10975  7124    0.19208   74  308    0.19444    0.19104  1.75%  1319 4150s
 11003  7127    0.19378   92  135    0.19444    0.19104  1.75%  1317 4155s
 11019  7138    0.19386  101  139    0.19444    0.19104  1.75%  1317 4160s
 11033  7147    0.19386  108  104    0.19444    0.19104  1.75%  1317 4165s
 11042  7152    0.19386  112  130    0.19444    0.19104  1.75%  1317 4170s
 11062  7166    0.19386  123   84    0.19444    0.19104  1.75%  1316 4175s
 11069  7170    0.19386  126  127    0.19444    0.19104  1.75%  1315 4180s
 11084  7180    0.19386  134   98    0.19444    0.19104  1.75%  1315 4185s
 11096  7181    0.19386  140  111    0.19444    0.19104  1.75%  1314 4191s
 11115  7178 infeasible  147         0.19444    0.19104  1.75%  1313 4195s
 11118  7175    0.19104   67  388    0.19444    0.19104  1.75%  1314 4202s
 11119  7176    0.19104   68  431    0.19444    0.19104  1.75%  1315 4205s
 11121  7177    0.19104   69  559    0.19444    0.19104  1.75%  1317 4213s
 11123  7178    0.19217   70  380    0.19444    0.19104  1.75%  1318 4215s
 11133  7185    0.19236   75  289    0.19444    0.19104  1.75%  1318 4220s
 11144  7189    0.19444   81  155    0.19444    0.19104  1.75%  1318 4225s
 11152  7186    0.19104   67  468    0.19444    0.19104  1.75%  1319 4234s
 11153  7186    0.19104   68  587    0.19444    0.19104  1.75%  1320 4238s
 11154  7185     cutoff   68         0.19444    0.19104  1.75%  1321 4241s
 11157  7187    0.19104   70  487    0.19444    0.19104  1.75%  1322 4246s
 11159  7188    0.19111   71  495    0.19444    0.19104  1.75%  1323 4250s
 11166  7193    0.19369   74  348    0.19444    0.19104  1.75%  1324 4255s
 11180  7197    0.19342   83  310    0.19444    0.19104  1.75%  1324 4260s
 11202  7196    0.19423  100  254    0.19444    0.19104  1.75%  1322 4265s
 11208  7190    0.19104   67  484    0.19444    0.19104  1.75%  1323 4297s
 11209  7191    0.19105   68  437    0.19444    0.19104  1.75%  1325 4301s
 11210  7191    0.19162   68  357    0.19444    0.19104  1.75%  1326 4305s
 11222  7195    0.19248   76  258    0.19444    0.19104  1.75%  1326 4312s
 11231  7200    0.19333   82  272    0.19444    0.19104  1.75%  1325 4315s
 11256  7206    0.19381  100  156    0.19444    0.19104  1.75%  1323 4320s
 11274  7218    0.19381  114  119    0.19444    0.19104  1.75%  1322 4327s
 11282  7223    0.19381  121  190    0.19444    0.19104  1.75%  1322 4330s
 11299  7225    0.19104   67  545    0.19444    0.19104  1.75%  1322 4341s
 11301  7226    0.19124   68  468    0.19444    0.19104  1.75%  1323 4346s
 11317  7231    0.19232   83  296    0.19444    0.19104  1.75%  1322 4350s
 11334  7236    0.19353   98  209    0.19444    0.19104  1.75%  1320 4355s
 11349  7246    0.19353  110  163    0.19444    0.19104  1.75%  1320 4360s
 11365  7255    0.19353  121  180    0.19444    0.19104  1.75%  1319 4365s
 11378  7257    0.19353  129  167    0.19444    0.19104  1.75%  1318 4385s
 11385  7254    0.19104   67  541    0.19444    0.19104  1.75%  1318 4391s
 11387  7255    0.19147   69  465    0.19444    0.19104  1.75%  1319 4395s
 11388  7256    0.19177   69  384    0.19444    0.19104  1.75%  1321 4401s
 11391  7257    0.19119   69  521    0.19444    0.19104  1.75%  1322 4406s
 11394  7259    0.19157   72  357    0.19444    0.19104  1.75%  1323 4410s
 11398  7262    0.19190   75  302    0.19444    0.19104  1.75%  1324 4415s
 11422  7269    0.19333   89  245    0.19444    0.19104  1.75%  1323 4420s
 11438  7279    0.19320  102  176    0.19444    0.19104  1.75%  1322 4425s
 11455  7291    0.19320  117  160    0.19444    0.19104  1.75%  1322 4430s
 11478  7304    0.19320  137  207    0.19444    0.19104  1.75%  1320 4435s
 11499  7312    0.19320  155  177    0.19444    0.19104  1.75%  1318 4440s
 11507  7305    0.19104   68  491    0.19444    0.19104  1.75%  1320 4453s
 11508  7306    0.19105   69  462    0.19444    0.19104  1.75%  1320 4455s
 11510  7307    0.19149   70  396    0.19444    0.19104  1.75%  1321 4460s
 11514  7310    0.19197   71  435    0.19444    0.19104  1.75%  1323 4466s
 11533  7313    0.19293   87  377    0.19444    0.19104  1.75%  1321 4470s
 11553  7326    0.19392  104  119    0.19444    0.19104  1.75%  1320 4475s
 11580  7342    0.19392  128  128    0.19444    0.19104  1.75%  1318 4480s
 11600  7346    0.19107   68  591    0.19444    0.19104  1.75%  1317 4486s
 11602  7348    0.19116   70  501    0.19444    0.19104  1.75%  1319 4492s
 11603  7348    0.19123   71  411    0.19444    0.19104  1.75%  1321 4498s
 11605  7350    0.19177   73  358    0.19444    0.19104  1.75%  1321 4500s
 11611  7353    0.19223   76  323    0.19444    0.19104  1.75%  1322 4505s
 11618  7354     cutoff   78         0.19444    0.19104  1.75%  1323 4510s
 11630  7356    0.19276   88  240    0.19444    0.19104  1.75%  1323 4515s
 11641  7360    0.19316   99  187    0.19444    0.19104  1.75%  1323 4520s
 11653  7363    0.19378  106  203    0.19444    0.19104  1.75%  1323 4525s
 11672  7375    0.19378  124  153    0.19444    0.19104  1.75%  1322 4530s
 11697  7389    0.19378  146  160    0.19444    0.19104  1.75%  1320 4535s
 11709  7390    0.19387  151  198    0.19444    0.19104  1.75%  1319 4540s
 11737  7393    0.19378  173  146    0.19444    0.19104  1.75%  1317 4545s
 11755  7388    0.19104   68  433    0.19444    0.19104  1.75%  1316 4554s
 11756  7388    0.19104   69  510    0.19444    0.19104  1.75%  1317 4556s
 11759  7390    0.19104   72  478    0.19444    0.19104  1.75%  1318 4562s
 11761  7391    0.19134   74  486    0.19444    0.19104  1.75%  1319 4568s
 11762  7391    0.19179   74  506    0.19444    0.19104  1.75%  1320 4571s
 11769  7395    0.19229   80  410    0.19444    0.19104  1.75%  1320 4576s
 11780  7399    0.19285   88  312    0.19444    0.19104  1.75%  1321 4581s
 11788  7404    0.19438   89  299    0.19444    0.19104  1.75%  1321 4585s
 11804  7406 infeasible  101         0.19444    0.19104  1.75%  1320 4590s
 11806  7406    0.19104   68  502    0.19444    0.19104  1.75%  1321 4599s
 11807  7406    0.19113   69  465    0.19444    0.19104  1.75%  1321 4600s
 11809  7408    0.19149   71  517    0.19444    0.19104  1.75%  1323 4624s
 11810  7408    0.19161   72  497    0.19444    0.19104  1.75%  1324 4628s
 11812  7410    0.19197   74  386    0.19444    0.19104  1.75%  1324 4630s
 11825  7415    0.19421   87  238    0.19444    0.19104  1.75%  1324 4635s
 11836  7413    0.19193   71  431    0.19444    0.19104  1.75%  1325 4641s
 11849  7415    0.19289   84  310    0.19444    0.19104  1.75%  1325 4645s
 11859  7421    0.19391   94  200    0.19444    0.19104  1.75%  1325 4650s
 11882  7431    0.19442  114  189    0.19444    0.19104  1.75%  1323 4655s
 11898  7442    0.19442  130  201    0.19444    0.19104  1.75%  1322 4660s
 11916  7454    0.19442  148  152    0.19444    0.19104  1.75%  1321 4665s
 11937  7465    0.19442  168  188    0.19444    0.19104  1.75%  1320 4670s
 11956  7471    0.19110   72  489    0.19444    0.19104  1.75%  1319 4677s
 11959  7472    0.19124   74  460    0.19444    0.19104  1.75%  1320 4681s
 11963  7474    0.19153   76  429    0.19444    0.19104  1.75%  1321 4685s
 11964  7475    0.19220   76  440    0.19444    0.19104  1.75%  1321 4691s
 11967  7477    0.19189   78  410    0.19444    0.19104  1.75%  1322 4697s
 11968  7478    0.19224   78  307    0.19444    0.19104  1.75%  1322 4704s
 11969  7478    0.19190   79  363    0.19444    0.19104  1.75%  1322 4705s
 11972  7479    0.19413   80  299    0.19444    0.19104  1.75%  1323 4710s
 11982  7486    0.19303   85  245    0.19444    0.19104  1.75%  1323 4715s
 12000  7493    0.19403   95  232    0.19444    0.19104  1.75%  1322 4720s
 12011  7498    0.19367  100  174    0.19444    0.19104  1.75%  1323 4725s
 12024  7503    0.19367  107  219    0.19444    0.19104  1.75%  1322 4730s
 12037  7498     cutoff  113         0.19444    0.19104  1.75%  1322 4735s
 12054  7493    0.19128   72  529    0.19444    0.19104  1.75%  1322 4744s
 12055  7494    0.19128   73  436    0.19444    0.19104  1.75%  1323 4745s
 12058  7496    0.19161   76  499    0.19444    0.19104  1.75%  1324 4750s
 12065  7500    0.19354   83  363    0.19444    0.19104  1.75%  1324 4755s
 12083  7509    0.19434  101  197    0.19444    0.19104  1.75%  1323 4760s
 12104  7521    0.19434  121  185    0.19444    0.19104  1.75%  1322 4765s
 12126  7526    0.19434  137  184    0.19444    0.19104  1.75%  1320 4770s
 12133  7523    0.19139   71  449    0.19444    0.19104  1.75%  1321 4775s
 12141  7525    0.19274   79  387    0.19444    0.19104  1.75%  1321 4780s
 12161  7528    0.19436   98  215    0.19444    0.19104  1.75%  1320 4785s
 12178  7539    0.19443  115  200    0.19444    0.19104  1.75%  1320 4790s
 12198  7552    0.19443  135  126    0.19444    0.19104  1.75%  1319 4795s
 12233  7560    0.19163   70  525    0.19444    0.19104  1.75%  1316 4801s
 12238  7563    0.19233   74  365    0.19444    0.19104  1.75%  1316 4805s
 12246  7567    0.19303   78  394    0.19444    0.19104  1.75%  1317 4811s
 12256  7570    0.19422   82  355    0.19444    0.19104  1.75%  1318 4816s
 12276  7565    0.19104   71  563    0.19444    0.19104  1.75%  1318 4827s
 12277  7566    0.19134   72  540    0.19444    0.19104  1.75%  1319 4831s
 12279  7567    0.19206   74  422    0.19444    0.19104  1.75%  1319 4835s
 12282  7569    0.19242   77  500    0.19444    0.19104  1.75%  1321 4840s
 12287  7572    0.19305   82  395    0.19444    0.19104  1.75%  1322 4846s
 12293  7572    0.19358   88  345    0.19444    0.19104  1.75%  1322 4850s
 12309  7569    0.19104   71  597    0.19444    0.19104  1.75%  1322 4862s
 12310  7570    0.19140   72  599    0.19444    0.19104  1.75%  1323 4866s
 12313  7572    0.19251   75  412    0.19444    0.19104  1.75%  1324 4870s
 12327  7571    0.19104   68  611    0.19444    0.19104  1.75%  1324 4889s
 12328  7572    0.19108   69  548    0.19444    0.19104  1.75%  1326 4895s
 12330  7573    0.19131   71  453    0.19444    0.19104  1.75%  1327 4900s
 12333  7575    0.19268   74  446    0.19444    0.19104  1.75%  1329 4910s
 12338  7578    0.19326   79  419    0.19444    0.19104  1.75%  1331 4916s
 12352  7582    0.19432   93  193    0.19444    0.19104  1.75%  1330 4920s
 12361  7577    0.19208   72  560    0.19444    0.19104  1.75%  1331 4925s
 12364  7579    0.19265   75  437    0.19444    0.19104  1.75%  1332 4930s
 12374  7582    0.19367   80  360    0.19444    0.19104  1.75%  1332 4935s
 12383  7586    0.19395   83  299    0.19444    0.19104  1.75%  1332 4940s
 12399  7594    0.19430   90  231    0.19444    0.19104  1.75%  1332 4945s
 12413  7594    0.19430   95  181    0.19444    0.19104  1.75%  1332 4950s
 12429  7596    0.19430  104  200    0.19444    0.19104  1.75%  1331 4955s
 12447  7595 infeasible  109         0.19444    0.19104  1.75%  1330 4960s
 12469  7589    0.19430  121  175    0.19444    0.19104  1.75%  1329 4965s
 12474  7584    0.19183   68  486    0.19444    0.19104  1.75%  1330 4978s
 12477  7585    0.19338   71  402    0.19444    0.19104  1.75%  1330 4980s
 12487  7585    0.19439   77  354    0.19444    0.19104  1.75%  1331 5008s
 12489  7582     cutoff   78         0.19444    0.19104  1.75%  1332 5011s
 12490  7583    0.19170   69  511    0.19444    0.19104  1.75%  1333 5016s
 12492  7584    0.19244   71  456    0.19444    0.19104  1.75%  1333 5020s
 12507  7586     cutoff   81         0.19444    0.19104  1.75%  1333 5025s
 12508  7587    0.19104   69  542    0.19444    0.19104  1.75%  1334 5035s
 12510  7588    0.19188   71  525    0.19444    0.19104  1.75%  1336 5040s
 12515  7591    0.19255   76  361    0.19444    0.19104  1.75%  1337 5046s
 12524  7596    0.19389   85  332    0.19444    0.19104  1.75%  1337 5050s
 12535  7597    0.19104   69  499    0.19444    0.19104  1.75%  1337 5061s
 12543  7601    0.19203   77  281    0.19444    0.19104  1.75%  1337 5065s
 12564  7613    0.19402   97  165    0.19444    0.19104  1.75%  1336 5070s
 12581  7624    0.19402  114  159    0.19444    0.19104  1.75%  1336 5075s
 12604  7640    0.19402  137  153    0.19444    0.19104  1.75%  1334 5080s
 12625  7650    0.19402  156  138    0.19444    0.19104  1.75%  1333 5085s
 12636  7644    0.19141   72  525    0.19444    0.19104  1.75%  1333 5090s
 12640  7647    0.19235   76  441    0.19444    0.19104  1.75%  1334 5095s
 12654  7655    0.19317   90  173    0.19444    0.19104  1.75%  1333 5100s
 12668  7664    0.19317  104  213    0.19444    0.19104  1.75%  1333 5105s
 12682  7672    0.19317  117  212    0.19444    0.19104  1.75%  1332 5110s
 12697  7680    0.19317  131  192    0.19444    0.19104  1.75%  1331 5115s
 12705  7675    0.19129   72  519    0.19444    0.19104  1.75%  1332 5120s
 12711  7679    0.19221   78  345    0.19444    0.19104  1.75%  1333 5125s
 12725  7688    0.19327   92  183    0.19444    0.19104  1.75%  1332 5130s
 12748  7704    0.19327  115  119    0.19444    0.19104  1.75%  1331 5135s
 12772  7713    0.19139   72  520    0.19444    0.19104  1.75%  1330 5143s
 12773  7713    0.19147   73  453    0.19444    0.19104  1.75%  1331 5145s
 12776  7715    0.19224   75  419    0.19444    0.19104  1.75%  1332 5151s
 12781  7719    0.19245   80  314    0.19444    0.19104  1.75%  1333 5156s
 12788  7723    0.19362   83  323    0.19444    0.19104  1.75%  1333 5162s
 12796  7729    0.19344   86  267    0.19444    0.19104  1.75%  1333 5165s
 12817  7734    0.19440  102  166    0.19444    0.19104  1.75%  1332 5170s
 12832  7735    0.19224   70  503    0.19444    0.19104  1.75%  1334 5187s
 12837  7738    0.19316   75  376    0.19444    0.19104  1.75%  1334 5190s
 12854  7738     cutoff   70         0.19444    0.19104  1.75%  1334 5196s
 12861  7743    0.19229   76  299    0.19444    0.19104  1.75%  1334 5200s
 12882  7757    0.19382   97  135    0.19444    0.19104  1.75%  1333 5205s
 12908  7774    0.19382  123  148    0.19444    0.19104  1.75%  1331 5210s
 12928  7788    0.19382  143  143    0.19444    0.19104  1.75%  1330 5215s
 12941  7787    0.19106   70  569    0.19444    0.19104  1.75%  1330 5224s
 12942  7788    0.19124   71  389    0.19444    0.19104  1.75%  1330 5225s
 12949  7792    0.19162   78  370    0.19444    0.19104  1.75%  1331 5231s
 12961  7800    0.19305   90  235    0.19444    0.19104  1.75%  1330 5235s
 12970  7804    0.19315   98  201    0.19444    0.19104  1.75%  1330 5240s
 12990  7815    0.19315  117  147    0.19444    0.19104  1.75%  1329 5245s
 13012  7828    0.19315  138  168    0.19444    0.19104  1.75%  1327 5250s
 13022  7824    0.19121   70  596    0.19444    0.19104  1.75%  1328 5255s
 13030  7829    0.19426   74  372    0.19444    0.19104  1.75%  1328 5260s
 13043  7836    0.19356   81  219    0.19444    0.19104  1.75%  1328 5265s
 13056  7843    0.19356   87  154    0.19444    0.19104  1.75%  1328 5270s
 13066  7850    0.19356   92  200    0.19444    0.19104  1.75%  1328 5275s
 13076  7856    0.19356   97  208    0.19444    0.19104  1.75%  1329 5280s
 13088  7860     cutoff  103         0.19444    0.19104  1.75%  1329 5285s
 13100  7864    0.19356  109  176    0.19444    0.19104  1.75%  1329 5315s
 13114  7869    0.19391  116  154    0.19444    0.19104  1.75%  1329 5320s
 13135  7866    0.19417  126  223    0.19444    0.19104  1.75%  1328 5325s
 13160  7859    0.19442  139  156    0.19444    0.19104  1.75%  1327 5330s
 13176  7853    0.19125   72  529    0.19444    0.19104  1.75%  1327 5337s
 13178  7852     cutoff   74         0.19444    0.19104  1.75%  1328 5340s
 13181  7854    0.19228   75  526    0.19444    0.19104  1.75%  1329 5345s
 13182  7855    0.19266   73  551    0.19444    0.19104  1.75%  1330 5351s
 13188  7859    0.19258   77  439    0.19444    0.19104  1.75%  1331 5356s
 13190  7860    0.19237   77  549    0.19444    0.19104  1.75%  1332 5361s
 13194  7863    0.19243   78  531    0.19444    0.19104  1.75%  1333 5365s
 13197  7865    0.19243   79  496    0.19444    0.19104  1.75%  1334 5371s
 13199  7866    0.19321   79  462    0.19444    0.19104  1.75%  1336 5377s
 13201  7866     cutoff   81         0.19444    0.19104  1.75%  1336 5380s
 13208  7867    0.19338   81  387    0.19444    0.19104  1.75%  1337 5385s
 13222  7867    0.19141   70  616    0.19444    0.19104  1.75%  1337 5392s
 13227  7870    0.19193   75  393    0.19444    0.19104  1.75%  1338 5397s
 13230  7872    0.19241   78  357    0.19444    0.19104  1.75%  1338 5400s
 13245  7881    0.19415   93  161    0.19444    0.19104  1.75%  1338 5405s
 13267  7896    0.19415  115  160    0.19444    0.19104  1.75%  1336 5410s
 13292  7911    0.19415  140  149    0.19444    0.19104  1.75%  1334 5415s
 13310  7912    0.19181   72  501    0.19444    0.19104  1.75%  1334 5420s
 13332  7925    0.19402   93  201    0.19444    0.19104  1.75%  1333 5425s
 13351  7936    0.19402  111  139    0.19444    0.19104  1.75%  1332 5430s
 13376  7944    0.19149   73  481    0.19444    0.19104  1.75%  1331 5437s
 13384  7950    0.19200   81  314    0.19444    0.19104  1.75%  1330 5440s
 13407  7949    0.19114   74  538    0.19444    0.19104  1.75%  1329 5450s
 13409  7950    0.19215   76  412    0.19444    0.19104  1.75%  1330 5455s
 13427  7962    0.19370   94  185    0.19444    0.19104  1.75%  1329 5460s
 13449  7977    0.19370  116  130    0.19444    0.19104  1.75%  1328 5465s
 13476  7989    0.19370  140  124    0.19444    0.19104  1.75%  1326 5470s
 13499  7987    0.19127   74  567    0.19444    0.19104  1.75%  1325 5477s
 13502  7989    0.19257   77  396    0.19444    0.19104  1.75%  1326 5480s
 13521  8002    0.19395   87  193    0.19444    0.19104  1.75%  1325 5485s
 13538  8013    0.19395  104  188    0.19444    0.19104  1.75%  1324 5490s
 13553  8015    0.19395  115  185    0.19444    0.19104  1.75%  1324 5495s
 13561  8012    0.19185   72  530    0.19444    0.19104  1.75%  1325 5503s
 13562  8012    0.19194   73  445    0.19444    0.19104  1.75%  1326 5505s
 13578  8023    0.19411   89  199    0.19444    0.19104  1.75%  1325 5510s
 13593  8027 infeasible  101         0.19444    0.19104  1.75%  1325 5515s
 13613  8036    0.19411  118  179    0.19444    0.19104  1.75%  1324 5520s
 13626  8033     cutoff   70         0.19444    0.19104  1.75%  1324 5526s
 13629  8035    0.19173   73  410    0.19444    0.19104  1.75%  1324 5530s
 13635  8039    0.19356   79  321    0.19444    0.19104  1.75%  1325 5543s
 13651  8039    0.19208   72  623    0.19444    0.19104  1.75%  1324 5547s
 13658  8043    0.19281   79  367    0.19444    0.19104  1.75%  1324 5550s
 13681  8053    0.19439   97  172    0.19444    0.19104  1.75%  1323 5555s
 13693  8051    0.19104   71  550    0.19444    0.19104  1.75%  1323 5565s
 13697  8053    0.19144   75  398    0.19444    0.19104  1.75%  1324 5570s
 13702  8056    0.19223   80  380    0.19444    0.19104  1.75%  1325 5575s
 13717  8066    0.19403   95  180    0.19444    0.19104  1.75%  1324 5580s
 13735  8078    0.19403  113  135    0.19444    0.19104  1.75%  1323 5585s
 13758  8093    0.19403  136  138    0.19444    0.19104  1.75%  1322 5590s
 13771  8102    0.19403  149  133    0.19444    0.19104  1.75%  1321 5614s
 13773  8103    0.19403  151  117    0.19444    0.19104  1.75%  1321 5615s
 13798  8116    0.19440  174  141    0.19444    0.19104  1.75%  1319 5620s
 13811  8111    0.19149   71  455    0.19444    0.19104  1.75%  1319 5625s
 13819  8116    0.19242   79  340    0.19444    0.19104  1.75%  1320 5630s
 13841  8128    0.19342  101  125    0.19444    0.19104  1.75%  1318 5635s
 13865  8144    0.19342  125  111    0.19444    0.19104  1.75%  1317 5640s
 13899  8167    0.19342  159  104    0.19444    0.19104  1.75%  1314 5645s
 13920  8169    0.19115   71  548    0.19444    0.19104  1.75%  1313 5653s
 13922  8170    0.19126   73  417    0.19444    0.19104  1.75%  1314 5655s
 13937  8178    0.19365   87  222    0.19444    0.19104  1.75%  1314 5660s
 13952  8188    0.19365  102  161    0.19444    0.19104  1.75%  1313 5665s
 13971  8199    0.19365  120  129    0.19444    0.19104  1.75%  1312 5670s
 13984  8200    0.19170   72  447    0.19444    0.19104  1.75%  1312 5676s
 13997  8201    0.19219   78  376    0.19444    0.19104  1.75%  1312 5680s
 14023  8214    0.19416   88  269    0.19444    0.19104  1.75%  1310 5685s
 14033  8208    0.19121   72  593    0.19444    0.19104  1.75%  1310 5692s
 14036  8210    0.19194   75  393    0.19444    0.19104  1.75%  1312 5699s
 14038  8212    0.19225   77  352    0.19444    0.19104  1.75%  1312 5700s
 14064  8226    0.19404  102  160    0.19444    0.19104  1.75%  1311 5705s
 14083  8239    0.19404  121  176    0.19444    0.19104  1.75%  1310 5710s
 14103  8252    0.19404  141  132    0.19444    0.19104  1.75%  1309 5715s
 14130  8261    0.19404  161  132    0.19444    0.19104  1.75%  1307 5720s
 14153  8270    0.19404  181  153    0.19444    0.19104  1.75%  1306 5725s
 14177  8269    0.19167   71  576    0.19444    0.19105  1.74%  1305 5733s
 14181  8272    0.19200   75  364    0.19444    0.19105  1.74%  1305 5735s
 14198  8283    0.19332   92  172    0.19444    0.19105  1.74%  1304 5740s
 14218  8297    0.19332  112  161    0.19444    0.19105  1.74%  1303 5745s
 14237  8309    0.19332  131  184    0.19444    0.19105  1.74%  1302 5750s
 14258  8320    0.19332  150  173    0.19444    0.19105  1.74%  1301 5755s
 14280  8325    0.19325   69  579    0.19444    0.19105  1.74%  1301 5916s
 14284  8328    0.19369   72  387    0.19444    0.19105  1.74%  1302 5921s
 14294  8329    0.19438   77  313    0.19444    0.19105  1.74%  1302 5925s
 14301  8323     cutoff   70         0.19444    0.19105  1.74%  1303 5932s
 14302  8324    0.19115   70  446    0.19444    0.19107  1.73%  1303 5937s
 14304  8325    0.19257   71  558    0.19444    0.19107  1.73%  1306 5947s
 14308  8328    0.19161   73  402    0.19444    0.19107  1.73%  1306 5950s
 14322  8337    0.19301   80  238    0.19444    0.19107  1.73%  1306 5955s
 14348  8346    0.19403   93  156    0.19444    0.19107  1.73%  1304 5960s
 14368  8358    0.19403  103  127    0.19444    0.19107  1.73%  1304 5965s
 14390  8372    0.19403  114  117    0.19444    0.19107  1.73%  1303 5970s
 14411  8384    0.19403  125  170    0.19444    0.19107  1.73%  1302 5975s
 14433  8381    0.19403  136  154    0.19444    0.19107  1.73%  1301 5980s
 14438  8377    0.19156   70  605    0.19444    0.19107  1.73%  1302 5986s
 14442  8380    0.19193   74  315    0.19444    0.19107  1.73%  1302 5990s
 14465  8391    0.19430   96  117    0.19444    0.19107  1.73%  1301 5995s
 14488  8407    0.19430  119  146    0.19444    0.19107  1.73%  1300 6000s
 14511  8422    0.19430  142  153    0.19444    0.19107  1.73%  1299 6005s
 14530  8426    0.19130   70  532    0.19444    0.19108  1.73%  1298 6014s
 14531  8426    0.19170   71  478    0.19444    0.19108  1.73%  1301 6026s
 14539  8429    0.19277   79  256    0.19444    0.19108  1.73%  1301 6030s
 14555  8439    0.19421   95  166    0.19444    0.19108  1.73%  1301 6035s
 14574  8452    0.19421  114  161    0.19444    0.19108  1.73%  1300 6040s
 14598  8468    0.19421  138  145    0.19444    0.19108  1.73%  1299 6045s
 14621  8474    0.19421  155  154    0.19444    0.19108  1.73%  1298 6050s
 14644  8486    0.19421  176  152    0.19444    0.19108  1.73%  1296 6055s
 14656  8484    0.19122   69  574    0.19444    0.19108  1.73%  1296 6060s
 14670  8492    0.19365   83  219    0.19444    0.19108  1.73%  1296 6065s
 14692  8505    0.19408  104  135    0.19444    0.19108  1.73%  1295 6070s
 14715  8515    0.19408  124  136    0.19444    0.19108  1.73%  1294 6075s
 14740  8517    0.19258   70  548    0.19444    0.19109  1.72%  1293 6082s
 14742  8518    0.19286   72  513    0.19444    0.19109  1.72%  1294 6087s
 14750  8515     cutoff   76         0.19444    0.19109  1.72%  1294 6090s
 14754  8516    0.19206   73  422    0.19444    0.19110  1.72%  1294 6182s
 14756  8517    0.19245   75  359    0.19444    0.19110  1.72%  1295 6185s
 14771  8522    0.19444   88  148    0.19444    0.19110  1.72%  1294 6190s
 14797  8534    0.19411   97  141    0.19444    0.19110  1.72%  1293 6195s
 14814  8545    0.19420  114  128    0.19444    0.19110  1.72%  1292 6200s
 14841  8563    0.19420  141  177    0.19444    0.19110  1.72%  1290 6205s
 14870  8572    0.19125   73  403    0.19444    0.19110  1.72%  1289 6215s
 14874  8575    0.19267   77  280    0.19444    0.19110  1.72%  1290 6220s
 14902  8590    0.19416  102  165    0.19444    0.19110  1.72%  1288 6225s
 14919  8601    0.19416  119  170    0.19444    0.19110  1.72%  1288 6230s
 14938  8608    0.19416  134  161    0.19444    0.19110  1.72%  1287 6235s
 14944  8604    0.19237   75  491    0.19444    0.19112  1.71%  1288 6242s
 14946  8605    0.19176   75  487    0.19444    0.19112  1.71%  1288 6245s
 14948  8606    0.19319   77  436    0.19444    0.19112  1.71%  1289 6250s
 14957  8612    0.19358   79  339    0.19444    0.19112  1.71%  1289 6255s
 14980  8612    0.19442   91  224    0.19444    0.19112  1.71%  1288 6260s
 14988  8615    0.19442   92  202    0.19444    0.19112  1.71%  1289 6265s
 14999  8622    0.19442   95  221    0.19444    0.19112  1.71%  1289 6270s
 15010  8628    0.19442   98  180    0.19444    0.19112  1.71%  1289 6275s
 15022  8632    0.19442  103  181    0.19444    0.19112  1.71%  1289 6280s
 15036  8626    0.19442  110  227    0.19444    0.19112  1.71%  1288 6285s
 15041  8623    0.19132   75  428    0.19444    0.19112  1.71%  1289 6292s
 15043  8625    0.19163   77  408    0.19444    0.19112  1.71%  1290 6296s
 15045  8626    0.19176   78  289    0.19444    0.19112  1.71%  1291 6300s
 15054  8632    0.19328   83  250    0.19444    0.19112  1.71%  1291 6305s
 15072  8642    0.19395   98  148    0.19444    0.19112  1.71%  1290 6310s
 15094  8657    0.19395  115  141    0.19444    0.19112  1.71%  1289 6315s
 15120  8661 infeasible  135         0.19444    0.19112  1.71%  1288 6320s
 15148  8666    0.19395  155  126    0.19444    0.19112  1.71%  1286 6325s
 15184  8666    0.19395  178  132    0.19444    0.19112  1.71%  1284 6330s
 15213  8667 infeasible  192         0.19444    0.19112  1.71%  1283 6335s
 15227  8662    0.19132   69  536    0.19444    0.19113  1.70%  1283 6342s
 15229  8662     cutoff   71         0.19444    0.19113  1.70%  1283 6346s
 15234  8663    0.19226   75  347    0.19444    0.19113  1.70%  1284 6350s
 15255  8664    0.19124   71  445    0.19444    0.19113  1.70%  1283 6359s
 15257  8665    0.19190   73  316    0.19444    0.19113  1.70%  1283 6360s
 15271  8675    0.19316   87  169    0.19444    0.19113  1.70%  1283 6365s
 15288  8686    0.19316  104  170    0.19444    0.19113  1.70%  1282 6370s
 15296  8683     cutoff   70         0.19444    0.19113  1.70%  1282 6375s
 15297  8684    0.19192   71  586    0.19444    0.19114  1.69%  1284 6384s
 15298  8685    0.19210   72  469    0.19444    0.19114  1.69%  1285 6388s
 15300  8686    0.19221   74  396    0.19444    0.19114  1.69%  1285 6390s
 15303  8688    0.19243   77  334    0.19444    0.19114  1.69%  1286 6401s
 15322  8699    0.19416   95  158    0.19444    0.19114  1.69%  1285 6405s
 15340  8711    0.19416  113  116    0.19444    0.19114  1.69%  1284 6410s
 15362  8725    0.19416  135  114    0.19444    0.19114  1.69%  1283 6415s
 15392  8739    0.19416  162  110    0.19444    0.19114  1.69%  1281 6420s
 15420  8747    0.19256   75  482    0.19444    0.19115  1.69%  1280 6426s
 15425  8750    0.19329   80  457    0.19444    0.19115  1.69%  1280 6430s
 15442  8753    0.19182   72  528    0.19444    0.19115  1.69%  1280 6436s
 15446  8755    0.19292   76  298    0.19444    0.19115  1.69%  1280 6440s
 15453  8755    0.19404   79  280    0.19444    0.19115  1.69%  1281 6445s
 15468  8752    0.19202   70  403    0.19444    0.19115  1.69%  1281 6450s
 15483  8762    0.19419   85  211    0.19444    0.19115  1.69%  1281 6455s
 15497  8760    0.19176   73  569    0.19444    0.19116  1.69%  1281 6463s
 15498  8761    0.19179   74  456    0.19444    0.19116  1.69%  1282 6465s
 15505  8766    0.19314   81  366    0.19444    0.19116  1.69%  1282 6470s
 15517  8772    0.19408   93  244    0.19444    0.19116  1.69%  1282 6475s
 15529  8780    0.19430  105  207    0.19444    0.19116  1.69%  1282 6480s
 15548  8792    0.19430  124  178    0.19444    0.19116  1.69%  1281 6485s
 15563  8795    0.19240   71  380    0.19444    0.19116  1.68%  1281 6490s
 15583  8800    0.19379   88  155    0.19444    0.19116  1.68%  1280 6495s
 15594  8805 infeasible   99         0.19444    0.19116  1.68%  1280 6500s
 15610  8800 infeasible  104         0.19444    0.19116  1.68%  1280 6505s
 15611  8800    0.19192   73  614    0.19444    0.19119  1.67%  1281 6511s
 15615  8803    0.19258   75  538    0.19444    0.19119  1.67%  1283 6521s
 15617  8804    0.19214   76  461    0.19444    0.19119  1.67%  1284 6525s
 15620  8804    0.19322   78  448    0.19444    0.19119  1.67%  1286 6533s
 15621  8805    0.19248   78  492    0.19444    0.19119  1.67%  1286 6536s
 15623  8806    0.19346   79  489    0.19444    0.19119  1.67%  1287 6540s
 15625  8808    0.19286   80  324    0.19444    0.19119  1.67%  1289 6547s
 15629  8810    0.19362   82  411    0.19444    0.19119  1.67%  1289 6550s
 15642  8817     cutoff   89         0.19444    0.19119  1.67%  1289 6555s
 15657  8823    0.19428   96  191    0.19444    0.19119  1.67%  1288 6560s
 15674  8822    0.19436  103  170    0.19444    0.19119  1.67%  1288 6565s
 15692  8821    0.19439  109  183    0.19444    0.19119  1.67%  1287 6570s
 15705  8816    0.19124   69  608    0.19444    0.19119  1.67%  1287 6576s
 15709  8819    0.19198   73  302    0.19444    0.19119  1.67%  1287 6580s
 15717  8824    0.19239   76  259    0.19444    0.19119  1.67%  1288 6585s
 15736  8835    0.19347   89  183    0.19444    0.19119  1.67%  1287 6590s
 15752  8845    0.19347   97  174    0.19444    0.19119  1.67%  1286 6595s
 15765  8854    0.19347  107  176    0.19444    0.19119  1.67%  1286 6600s
 15778  8863    0.19347  114  183    0.19444    0.19119  1.67%  1286 6605s
 15790  8858    0.19208   70  474    0.19444    0.19119  1.67%  1286 6610s
 15799  8862    0.19286   76  287    0.19444    0.19119  1.67%  1287 6615s
 15818  8869    0.19397   85  190    0.19444    0.19119  1.67%  1286 6620s
 15834  8879    0.19409   92  236    0.19444    0.19119  1.67%  1285 6625s
 15861  8877    0.19418  105  136    0.19444    0.19119  1.67%  1284 6630s
 15868  8876    0.19195   76  489    0.19444    0.19119  1.67%  1286 6640s
 15872  8878    0.19255   80  325    0.19444    0.19119  1.67%  1286 6645s
 15890  8890    0.19417   98  187    0.19444    0.19119  1.67%  1286 6650s
 15901  8896    0.19425  108  235    0.19444    0.19119  1.67%  1286 6655s
 15917  8900    0.19425  120  168    0.19444    0.19119  1.67%  1286 6660s
 15940  8905    0.19269   75  463    0.19444    0.19119  1.67%  1285 6667s
 15949  8908    0.19425   83  183    0.19444    0.19119  1.67%  1285 6670s
 15961  8904    0.19160   70  612    0.19444    0.19121  1.66%  1285 6676s
 15971  8908    0.19308   80  396    0.19444    0.19121  1.66%  1284 6680s
 15985  8909    0.19243   73  444    0.19444    0.19121  1.66%  1284 6686s
 15987  8910    0.19286   75  266    0.19444    0.19121  1.66%  1285 6690s
 15996  8916    0.19438   84  233    0.19444    0.19121  1.66%  1285 6725s
 16011  8924    0.19438   98  137    0.19444    0.19121  1.66%  1284 6730s
 16037  8940    0.19438  124  129    0.19444    0.19121  1.66%  1283 6735s
 16071  8954    0.19145   73  572    0.19444    0.19121  1.66%  1281 6743s
 16074  8956    0.19215   76  408    0.19444    0.19121  1.66%  1281 6745s
 16093  8967    0.19418   94  190    0.19444    0.19121  1.66%  1280 6750s
 16105  8964    0.19191   71  500    0.19444    0.19122  1.66%  1280 6755s
 16124  8973    0.19410   89  166    0.19444    0.19122  1.66%  1280 6760s
 16141  8985    0.19410  106  161    0.19444    0.19122  1.66%  1279 6765s
 16166  9001    0.19411  131  172    0.19444    0.19122  1.66%  1278 6770s
 16177  9001    0.19304   79  460    0.19444    0.19122  1.66%  1278 6776s
 16189  9009    0.19425   91  185    0.19444    0.19122  1.66%  1278 6780s
 16197  9005    0.19312   77  320    0.19444    0.19123  1.65%  1278 6785s
 16220  9020    0.19397  100  141    0.19444    0.19123  1.65%  1277 6790s
 16230  9022    0.19142   75  373    0.19444    0.19123  1.65%  1278 6796s
 16232  9023    0.19182   77  415    0.19444    0.19123  1.65%  1280 6804s
 16234  9025    0.19247   79  275    0.19444    0.19123  1.65%  1280 6805s
 16247  9024    0.19228   72  522    0.19444    0.19123  1.65%  1279 6810s
 16257  9031    0.19380   78  325    0.19444    0.19123  1.65%  1279 6815s
 16260  9033    0.19392   77  307    0.19444    0.19123  1.65%  1280 6820s
 16266  9037    0.19392   81  223    0.19444    0.19123  1.65%  1281 6825s
 16282  9035    0.19137   73  516    0.19444    0.19124  1.65%  1281 6833s
 16283  9035    0.19147   74  379    0.19444    0.19124  1.65%  1281 6835s
 16298  9041    0.19357   89  135    0.19444    0.19124  1.65%  1281 6840s
 16315  9053    0.19357  106  163    0.19444    0.19124  1.65%  1280 6845s
 16330  9057    0.19273   74  378    0.19444    0.19124  1.65%  1280 6850s
 16344  9065    0.19442   88  184    0.19444    0.19124  1.65%  1280 6855s
 16370  9076    0.19442  113  130    0.19444    0.19124  1.65%  1278 6860s
 16389  9076    0.19139   70  572    0.19444    0.19124  1.65%  1278 6867s
 16391  9077    0.19188   72  330    0.19444    0.19124  1.65%  1279 6871s
 16407  9088    0.19375   88  162    0.19444    0.19124  1.65%  1278 6875s
 16425  9100    0.19375  106  148    0.19444    0.19124  1.65%  1277 6880s
 16450  9117    0.19375  131  125    0.19444    0.19124  1.65%  1276 6885s
 16493  9138    0.19443  173   93    0.19444    0.19124  1.65%  1273 6890s
 16527  9143    0.19134   71  476    0.19444    0.19124  1.65%  1271 6896s
 16531  9146    0.19180   75  320    0.19444    0.19124  1.65%  1272 6901s
 16555  9159    0.19419   97  190    0.19444    0.19124  1.65%  1271 6905s
 16575  9172    0.19419  117   93    0.19444    0.19124  1.65%  1271 6910s
 16607  9193    0.19419  149  102    0.19444    0.19124  1.65%  1269 6915s
 16634  9201    0.19149   72  471    0.19444    0.19124  1.64%  1268 6920s
 16636  9203    0.19208   74  523    0.19444    0.19124  1.64%  1269 6928s
 16640  9205    0.19264   78  327    0.19444    0.19124  1.64%  1269 6930s
 16655  9204    0.19161   70  405    0.19444    0.19124  1.64%  1269 6935s
 16662  9209    0.19224   77  295    0.19444    0.19124  1.64%  1269 6940s
 16682  9222    0.19415   97  174    0.19444    0.19124  1.64%  1269 6945s
 16708  9238    0.19415  122   98    0.19444    0.19124  1.64%  1267 6950s
 16740  9244    0.19127   69  609    0.19444    0.19124  1.64%  1266 6958s
 16743  9246    0.19162   71  394    0.19444    0.19124  1.64%  1267 6961s
 16748  9249    0.19189   73  325    0.19444    0.19124  1.64%  1267 6965s
 16785  9258    0.19406   92  153    0.19444    0.19124  1.64%  1265 6970s
 16800  9268    0.19406  100  132    0.19444    0.19124  1.64%  1265 6975s
 16822  9275    0.19406  111  147    0.19444    0.19124  1.64%  1264 6980s
 16852  9270    0.19406  126  167    0.19444    0.19124  1.64%  1263 6985s
 16883  9264    0.19406  141  138    0.19444    0.19124  1.64%  1261 6990s
 16930  9250    0.19406  165  147    0.19444    0.19124  1.64%  1258 6995s
 16951  9242    0.19177   76  399    0.19444    0.19124  1.64%  1258 7000s
 16960  9248    0.19342   85  226    0.19444    0.19124  1.64%  1258 7005s
 16998  9273    0.19429  123  127    0.19444    0.19124  1.64%  1256 7010s
 17029  9294    0.19429  154  118    0.19444    0.19124  1.64%  1254 7015s
 17054  9303    0.19429  174  204    0.19444    0.19124  1.64%  1253 7020s
 17061  9300    0.19126   72  590    0.19444    0.19125  1.64%  1254 7025s
 17073  9308    0.19315   84  221    0.19444    0.19125  1.64%  1254 7030s
 17096  9317    0.19390  106  113    0.19444    0.19125  1.64%  1253 7035s
 17124  9336    0.19390  134  164    0.19444    0.19125  1.64%  1252 7040s
 17149  9340    0.19237   74  491    0.19444    0.19125  1.64%  1252 7051s
 17170  9354    0.19410   95  151    0.19444    0.19125  1.64%  1251 7055s
 17197  9372    0.19410  122  163    0.19444    0.19125  1.64%  1250 7060s
 17223  9385    0.19410  146  132    0.19444    0.19125  1.64%  1249 7065s
 17263  9410    0.19410  185  141    0.19444    0.19125  1.64%  1246 7070s
 17278  9410    0.19322   78  261    0.19444    0.19125  1.64%  1246 7075s
 17298  9415    0.19392   88  194    0.19444    0.19125  1.64%  1246 7080s
 17311  9419    0.19392   91  168    0.19444    0.19125  1.64%  1246 7085s
 17331  9428     cutoff  101         0.19444    0.19125  1.64%  1246 7090s
 17360  9426    0.19389   86  194    0.19444    0.19125  1.64%  1244 7095s
 17378  9436    0.19407  103  163    0.19444    0.19125  1.64%  1244 7100s
 17401  9445    0.19147   75  536    0.19444    0.19126  1.64%  1244 7108s
 17404  9447    0.19193   78  424    0.19444    0.19126  1.64%  1244 7110s
 17410  9451    0.19331   84  271    0.19444    0.19126  1.64%  1245 7116s
 17430  9454    0.19441   98  204    0.19444    0.19126  1.64%  1244 7120s
 17450  9464    0.19441  118  161    0.19444    0.19126  1.64%  1243 7125s
 17462  9465    0.19404   82  196    0.19444    0.19127  1.63%  1243 7130s
 17471  9463    0.19179   74  411    0.19444    0.19127  1.63%  1244 7136s
 17474  9465    0.19320   77  245    0.19444    0.19127  1.63%  1245 7141s
 17487  9474    0.19373   90  188    0.19444    0.19127  1.63%  1244 7145s
 17509  9487    0.19432  111  207    0.19444    0.19127  1.63%  1244 7150s
 17519  9482    0.19172   76  361    0.19444    0.19127  1.63%  1244 7155s
 17530  9490    0.19309   81  145    0.19444    0.19127  1.63%  1244 7160s
 17556  9496    0.19418   96  186    0.19444    0.19127  1.63%  1243 7165s
 17568  9502     cutoff  101         0.19444    0.19127  1.63%  1243 7170s
 17582  9507    0.19418  103  225    0.19444    0.19127  1.63%  1243 7175s

Cutting planes:
  Learned: 4
  Gomory: 17
  Cover: 136
  Implied bound: 635
  Projected implied bound: 309
  Clique: 26
  MIR: 732
  Mixing: 2
  Knapsack: 2
  StrongCG: 51
  Flow cover: 1102
  GUB cover: 23
  Zero half: 13
  Network: 78
  RLT: 48
  Relax-and-lift: 331
  BQP: 20

Explored 17598 nodes (21916016 simplex iterations) in 7179.98 seconds (17709.48 work units)
Thread count was 1 (of 20 available processors)

Solution count 10: 0.19444 0.194635 0.194701 ... 0.197034

Time limit reached
Best objective 1.944396990361e-01, best bound 1.912734793780e-01, gap 1.6284%

User-callback calls 792701, time in user-callback 0.47 sec
