
Gurobi 13.0.2 (win64) logging started Sat Jul 25 01:44:28 2026

Set parameter LogFile to value "E:\codes\ExactEBRP\results\gf_nonblocking_gurobi_c6_round31\runs\stage4__tight_T_seed3101__p_grb__300s\native.log"
Set parameter Threads to value 1
Set parameter Presolve to value -1
Set parameter Seed to value 0
Set parameter MIPGap to value 0
Set parameter MIPGapAbs to value 0
Set parameter TimeLimit to value 300
Read LP format model from file E:\codes\ExactEBRP\results\gf_nonblocking_gurobi_c6_round31\runs\stage4__tight_T_seed3101__p_grb__300s\canonical.lp
Reading time = 0.01 seconds
obj: 5078 rows, 2121 columns, 23379 nonzeros
Set parameter TimeLimit to value 294.9438753
Gurobi Optimizer version 13.0.2 build v13.0.2rc1 (win64 - Windows 10.0 (19045.2))

CPU model: 12th Gen Intel(R) Core(TM) i7-12700KF, instruction set [SSE2|AVX|AVX2]
Thread count: 12 physical cores, 20 logical processors, using up to 1 threads

Non-default parameters:
TimeLimit  294.9438753
MIPGap  0
MIPGapAbs  0
LogToConsole  0
Threads  1

Optimize a model with 5078 rows, 2121 columns and 23379 nonzeros (Min)
Model fingerprint: 0x5a04c966
Model has 21 linear objective coefficients
Variable types: 426 continuous, 1695 integer (1495 binary)
Coefficient statistics:
  Matrix range     [3e-02, 6e+02]
  Objective range  [7e-03, 1e+00]
  Bounds range     [1e+00, 5e+01]
  RHS range        [1e+00, 4e+03]

Presolve removed 154 rows and 30 columns
Presolve time: 0.06s
Presolved: 4924 rows, 2091 columns, 42575 nonzeros
Variable types: 199 continuous, 1892 integer (1489 binary)
Found heuristic solution: objective 3.0822120

Root relaxation: objective 5.011703e-04, 1292 iterations, 0.06 seconds (0.16 work units)

    Nodes    |    Current Node    |     Objective Bounds      |     Work
 Expl Unexpl |  Obj  Depth IntInf | Incumbent    BestBd   Gap | It/Node Time

     0     0    0.00050    0  231    3.08221    0.00050   100%     -    0s
     0     0    0.00050    0  224    3.08221    0.00050   100%     -    0s
H    0     0                       3.0065152    0.00050   100%     -    0s
H    0     0                       2.2573975    0.00050   100%     -    0s
     0     0    0.00427    0  415    2.25740    0.00427   100%     -    0s
H    0     0                       1.8229615    0.00427   100%     -    0s
H    0     0                       1.8095245    0.00427   100%     -    0s
H    0     0                       1.8090642    0.00427   100%     -    0s
     0     0    0.00632    0  408    1.80906    0.00632   100%     -    0s
     0     0    0.00899    0  483    1.80906    0.00899   100%     -    0s
H    0     0                       1.8088098    0.00899   100%     -    0s
     0     0    0.00940    0  510    1.80881    0.00940  99.5%     -    0s
     0     0    0.01091    0  466    1.80881    0.01091  99.4%     -    0s
     0     0    0.01126    0  507    1.80881    0.01126  99.4%     -    0s
     0     0    0.01168    0  536    1.80881    0.01168  99.4%     -    1s
     0     0    0.01172    0  531    1.80881    0.01172  99.4%     -    1s
     0     0    0.01173    0  499    1.80881    0.01173  99.4%     -    1s
     0     0    0.01175    0  504    1.80881    0.01175  99.4%     -    1s
     0     0    0.01185    0  531    1.80881    0.01185  99.3%     -    1s
H    0     0                       1.8080029    0.01185  99.3%     -    1s
H    0     0                       1.7353354    0.01185  99.3%     -    1s
H    0     0                       1.7237236    0.01185  99.3%     -    1s
H    0     0                       1.6466571    0.01185  99.3%     -    1s
H    0     0                       1.6423217    0.01185  99.3%     -    1s
     0     0    0.01186    0  519    1.64232    0.01186  99.3%     -    1s
     0     0    0.01187    0  551    1.64232    0.01187  99.3%     -    1s
H    0     0                       1.5650575    0.01187  99.2%     -    1s
H    0     0                       1.3984449    0.01187  99.2%     -    1s
     0     0    0.01187    0  509    1.39844    0.01187  99.2%     -    1s
     0     0    0.01187    0  526    1.39844    0.01187  99.2%     -    1s
H    0     0                       1.0512366    0.01192  98.9%     -    1s
     0     0    0.01192    0  513    1.05124    0.01192  98.9%     -    1s
     0     0    0.01192    0  547    1.05124    0.01192  98.9%     -    1s
     0     0    0.01192    0  547    1.05124    0.01192  98.9%     -    1s
     0     0    0.01192    0  443    1.05124    0.01192  98.9%     -    1s
H    0     0                       0.9417676    0.01192  98.7%     -    2s
H    0     0                       0.9292627    0.01192  98.7%     -    2s
H    0     0                       0.9270526    0.01192  98.7%     -    2s
H    0     0                       0.9268388    0.01192  98.7%     -    2s
H    0     0                       0.9267811    0.01192  98.7%     -    2s
H    0     0                       0.9266379    0.01192  98.7%     -    2s
     0     2    0.01192    0  438    0.92664    0.01192  98.7%     -    2s
H   19    19                       0.9010927    0.01324  98.5%  74.1    2s
H   26    26                       0.8188574    0.01324  98.4%  79.5    2s
H   26    26                       0.7991241    0.01324  98.3%  79.5    2s
H   26    26                       0.7966066    0.01324  98.3%  79.5    2s
H   35    35                       0.7732340    0.01324  98.3%   109    2s
H   39    38                       0.7577429    0.01324  98.3%   126    2s
H   39    38                       0.7564394    0.01324  98.3%   126    2s
H   39    38                       0.7551327    0.01324  98.2%   126    2s
H   39    38                       0.7538227    0.01324  98.2%   126    2s
H  145   135                       0.7537879    0.01324  98.2%  91.0    3s
H  145   135                       0.7532397    0.01324  98.2%  91.0    3s
H  145   135                       0.7531071    0.01324  98.2%  91.0    3s
H  145   135                       0.7529595    0.01324  98.2%  91.0    3s
H  168   158                       0.6801701    0.01324  98.1%  99.4    4s
H  168   158                       0.6799711    0.01324  98.1%  99.4    4s
H  178   168                       0.6767859    0.01324  98.0%  97.3    4s
H  178   168                       0.6762371    0.01324  98.0%  97.3    4s
H  178   168                       0.6746365    0.01324  98.0%  97.3    4s
H  178   168                       0.6637514    0.01324  98.0%  97.3    4s
H  224   200                       0.5100671    0.01324  97.4%  91.8    4s
   231   209    0.01780   31  387    0.51007    0.01324  97.4%  91.6    5s
H  382   333                       0.5089339    0.01324  97.4%  72.0    6s
H  399   326                       0.4183037    0.01324  96.8%  70.4    6s
H  399   325                       0.4174779    0.01324  96.8%  70.4    6s
H  399   320                       0.4151460    0.01324  96.8%  70.4    6s
H  532   428                       0.4136875    0.01324  96.8%  71.4    8s
H  532   423                       0.4092056    0.01324  96.8%  71.4    8s
   561   452    0.09114   65  477    0.40921    0.01324  96.8%  71.3   10s
H  570   434                       0.3346090    0.01486  95.6%  70.2   13s
H  570   412                       0.2997471    0.01486  95.0%  70.2   13s
   577   417    0.04727   56  540    0.29975    0.01535  94.9%  69.3   15s
H  582   399                       0.2973605    0.01541  94.8%  68.7   16s
H  596   388                       0.2961785    0.01541  94.8%   109   18s
   613   402    0.03436   26  436    0.29618    0.01541  94.8%   117   20s
H  757   466                       0.2862630    0.01541  94.6%   125   25s
H  757   448                       0.2857170    0.01541  94.6%   125   25s
H  758   428                       0.2711041    0.01541  94.3%   126   25s
H  758   412                       0.2701571    0.01541  94.3%   126   25s
H  758   395                       0.2607433    0.01541  94.1%   126   25s
H  835   411                       0.1630244    0.01541  90.5%   134   28s
   916   467    0.03255   82  279    0.16302    0.01541  90.5%   132   30s
  1150   561    0.10917   18  404    0.16302    0.01541  90.5%   130   35s
  1319   659    0.13466   45  252    0.16302    0.01541  90.5%   132   40s
  1583   840    0.04135   17  429    0.16302    0.01549  90.5%   132   45s
  1880  1095    0.13146   98  100    0.16302    0.01564  90.4%   125   50s
  1975  1170    0.08433   61  211    0.16302    0.01585  90.3%   125   56s
  2132  1303    0.05133   60  273    0.16302    0.01585  90.3%   122   60s
  2419  1528    0.02677   21  381    0.16302    0.01592  90.2%   119   65s
  2707  1765    0.13200   53  142    0.16302    0.01600  90.2%   117   70s
  2906  1915    0.01980   16  509    0.16302    0.01605  90.2%   120   75s
H 2940  1923                       0.1559474    0.01605  89.7%   121   76s
H 2940  1913                       0.1487508    0.01605  89.2%   121   76s
H 2940  1909                       0.1465597    0.01605  89.0%   121   76s
H 2940  1908                       0.1455828    0.01605  89.0%   121   77s
H 2958  1914                       0.1429218    0.01605  88.8%   121   79s
H 2958  1909                       0.1425110    0.01605  88.7%   121   80s
H 2958  1900                       0.1398262    0.01605  88.5%   121   81s
H 2958  1878                       0.1354801    0.01605  88.1%   121   81s
H 3018  1915                       0.1353314    0.01612  88.1%   120   83s
H 3018  1915                       0.1352603    0.01612  88.1%   120   83s
H 3018  1915                       0.1351893    0.01612  88.1%   120   83s
H 3027  1919                       0.1327855    0.01612  87.9%   120   83s
H 3027  1919                       0.1327128    0.01612  87.9%   120   83s
H 3027  1916                       0.1324978    0.01612  87.8%   120   83s
H 3038  1927                       0.1322443    0.01612  87.8%   121   84s
  3056  1947    0.05156   42  319    0.13224    0.01612  87.8%   120   85s
H 3179  2037                       0.1320496    0.01613  87.8%   119   87s
H 3179  2035                       0.1316687    0.01613  87.8%   119   87s
  3273  2105    0.10650   24  338    0.13167    0.01613  87.7%   121   91s
  3413  2204    0.05488   41  376    0.13167    0.01624  87.7%   120   95s
  3681  2388    0.10558   41  274    0.13167    0.01660  87.4%   119  100s
  3984  2625    0.09450   57  234    0.13167    0.01690  87.2%   120  105s
  4227  2761    0.02328   23  415    0.13167    0.01718  87.0%   123  110s
  4541  2995    0.07196   22  427    0.13167    0.01762  86.6%   123  115s
  4828  3176    0.09157   38  328    0.13167    0.01779  86.5%   125  120s
  5161  3394     cutoff   20         0.13167    0.01802  86.3%   124  125s
  5455  3607    0.02251   24  445    0.13167    0.01832  86.1%   125  130s
  5715  3795    0.05399   35  390    0.13167    0.01844  86.0%   126  135s
  6060  4027    0.04437   42  270    0.13167    0.01860  85.9%   125  140s
  6489  4367    0.02238   23  442    0.13167    0.01876  85.7%   123  145s
  6793  4622    0.06597   55  168    0.13167    0.01885  85.7%   123  150s
  7140  4869    0.09947   40  350    0.13167    0.01889  85.7%   123  155s
  7437  5070    0.03235   27  329    0.13167    0.01898  85.6%   123  160s
  7782  5314    0.03922   27  342    0.13167    0.01901  85.6%   123  165s
  8118  5543    0.05196   30  350    0.13167    0.01907  85.5%   122  170s
  8305  5659     cutoff   23         0.13167    0.01910  85.5%   125  175s
  8619  5899    0.02643   29  439    0.13167    0.01917  85.4%   125  180s
  9000  6196    0.07113   46  347    0.13167    0.01925  85.4%   124  185s
  9430  6523    0.05619   58  181    0.13167    0.01930  85.3%   123  190s
  9798  6772    0.02589   26  417    0.13167    0.01932  85.3%   122  195s
 10048  6962    0.08920   43  323    0.13167    0.01937  85.3%   122  200s
 10203  7066    0.06542   77  443    0.13167    0.01938  85.3%   122  220s
 10211  7071    0.06860   56  538    0.13167    0.01938  85.3%   122  225s
 10216  7075    0.03318   39  540    0.13167    0.01938  85.3%   122  230s
 10222  7079    0.08531   41  522    0.13167    0.01938  85.3%   122  235s
 10227  7082    0.05753   34  589    0.13167    0.01938  85.3%   122  240s
 10233  7086    0.08068   48  555    0.13167    0.01938  85.3%   122  245s
 10238  7089    0.01962   23  509    0.13167    0.01938  85.3%   122  250s
 10243  7093    0.05858   37  558    0.13167    0.01938  85.3%   122  255s
H10247  6739                       0.1313795    0.01938  85.2%   122  260s
H10249  6403                       0.1303630    0.01938  85.1%   122  262s
 10253  6405    0.02153   28  592    0.13036    0.01938  85.1%   122  265s
 10258  6409    0.04656   47  563    0.13036    0.01938  85.1%   122  270s
 10263  6412    0.12175   84  612    0.13036    0.01938  85.1%   121  275s
H10263  6091                       0.1160823    0.01938  83.3%   121  277s
 10267  6094    0.08653   48  563    0.11608    0.01938  83.3%   121  280s
 10272  6097    0.02768   32  542    0.11608    0.01938  83.3%   121  285s
 10277  6100    0.10685   37  586    0.11608    0.01938  83.3%   121  290s

Cutting planes:
  Learned: 23
  Gomory: 5
  Cover: 13
  Implied bound: 32
  Projected implied bound: 9
  Clique: 44
  MIR: 141
  StrongCG: 11
  Flow cover: 343
  GUB cover: 2
  Zero half: 11
  RLT: 6
  Relax-and-lift: 26
  BQP: 8

Explored 10283 nodes (1352927 simplex iterations) in 294.95 seconds (540.06 work units)
Thread count was 1 (of 20 available processors)

Solution count 10: 0.116082 0.130363 0.131669 ... 0.13526

Time limit reached
Best objective 1.160822522846e-01, best bound 1.937849707504e-02, gap 83.3062%

User-callback calls 106918, time in user-callback 0.02 sec
