
Gurobi 13.0.2 (win64) logging started Sat Aug  8 14:03:15 2026

Set parameter LogFile to value "E:\codes\ExactEBRP\results\gf_c6_documentation_hga_round34\runs\case__round32_multi_m_high_imbalance_V20_M2_seed1052706459__c6_hga_full__7200s\native.log"
Set parameter Threads to value 1
Set parameter Presolve to value -1
Set parameter Seed to value 0
Set parameter MIPGap to value 0
Set parameter MIPGapAbs to value 0
Warning: unknown variable 'r_max' in bounds section (line 10259)
Warning: unknown variable 'r_min' in bounds section (line 10260)
Read LP format model from file E:\codes\ExactEBRP\results\gf_c6_documentation_hga_round34\runs\case__round32_multi_m_high_imbalance_V20_M2_seed1052706459__c6_hga_full__7200s\external\models\L0.lp
Reading time = 0.02 seconds
obj: 8734 rows, 2422 columns, 50406 nonzeros
Set parameter TimeLimit to value 7178.0096239
Warning: unknown variable 'r_max' in bounds section (line 10259)
Warning: unknown variable 'r_min' in bounds section (line 10260)
Read LP format model from file E:\codes\ExactEBRP\results\gf_c6_documentation_hga_round34\runs\case__round32_multi_m_high_imbalance_V20_M2_seed1052706459__c6_hga_full__7200s\external\models\L1.lp
Reading time = 0.02 seconds
obj: 8734 rows, 2422 columns, 50654 nonzeros
Set parameter TimeLimit to value 7177.8968309
Warning: unknown variable 'r_max' in bounds section (line 10259)
Warning: unknown variable 'r_min' in bounds section (line 10260)
Read LP format model from file E:\codes\ExactEBRP\results\gf_c6_documentation_hga_round34\runs\case__round32_multi_m_high_imbalance_V20_M2_seed1052706459__c6_hga_full__7200s\external\models\L2.lp
Reading time = 0.02 seconds
obj: 8734 rows, 2422 columns, 50654 nonzeros
Set parameter TimeLimit to value 7177.7421831
Warning: unknown variable 'r_max' in bounds section (line 10259)
Warning: unknown variable 'r_min' in bounds section (line 10260)
Read LP format model from file E:\codes\ExactEBRP\results\gf_c6_documentation_hga_round34\runs\case__round32_multi_m_high_imbalance_V20_M2_seed1052706459__c6_hga_full__7200s\external\models\L3.lp
Reading time = 0.02 seconds
obj: 8734 rows, 2422 columns, 50274 nonzeros
Set parameter TimeLimit to value 7177.4433477
Warning: unknown variable 'r_max' in bounds section (line 10259)
Warning: unknown variable 'r_min' in bounds section (line 10260)
Read LP format model from file E:\codes\ExactEBRP\results\gf_c6_documentation_hga_round34\runs\case__round32_multi_m_high_imbalance_V20_M2_seed1052706459__c6_hga_full__7200s\external\models\L2.0.lp
Reading time = 0.02 seconds
obj: 8734 rows, 2422 columns, 50654 nonzeros
Set parameter TimeLimit to value 7176.6079025
Warning: unknown variable 'r_max' in bounds section (line 10259)
Warning: unknown variable 'r_min' in bounds section (line 10260)
Read LP format model from file E:\codes\ExactEBRP\results\gf_c6_documentation_hga_round34\runs\case__round32_multi_m_high_imbalance_V20_M2_seed1052706459__c6_hga_full__7200s\external\models\L2.1.lp
Reading time = 0.02 seconds
obj: 8734 rows, 2422 columns, 50654 nonzeros
Set parameter TimeLimit to value 7176.4476105
Warning: unknown variable 'r_max' in bounds section (line 10259)
Warning: unknown variable 'r_min' in bounds section (line 10260)
Read LP format model from file E:\codes\ExactEBRP\results\gf_c6_documentation_hga_round34\runs\case__round32_multi_m_high_imbalance_V20_M2_seed1052706459__c6_hga_full__7200s\external\models\L3.0.lp
Reading time = 0.01 seconds
obj: 8734 rows, 2422 columns, 50654 nonzeros
Set parameter TimeLimit to value 7175.5887053
Warning: unknown variable 'r_max' in bounds section (line 10259)
Warning: unknown variable 'r_min' in bounds section (line 10260)
Read LP format model from file E:\codes\ExactEBRP\results\gf_c6_documentation_hga_round34\runs\case__round32_multi_m_high_imbalance_V20_M2_seed1052706459__c6_hga_full__7200s\external\models\L3.1.lp
Reading time = 0.01 seconds
obj: 8734 rows, 2422 columns, 50274 nonzeros
Set parameter TimeLimit to value 7175.3846337
Warning: unknown variable 'r_max' in bounds section (line 10259)
Warning: unknown variable 'r_min' in bounds section (line 10260)
Read LP format model from file E:\codes\ExactEBRP\results\gf_c6_documentation_hga_round34\runs\case__round32_multi_m_high_imbalance_V20_M2_seed1052706459__c6_hga_full__7200s\external\models\L3.0.0.lp
Reading time = 0.02 seconds
obj: 8734 rows, 2422 columns, 50654 nonzeros
Set parameter TimeLimit to value 7175.1918183
Warning: unknown variable 'r_max' in bounds section (line 10259)
Warning: unknown variable 'r_min' in bounds section (line 10260)
Read LP format model from file E:\codes\ExactEBRP\results\gf_c6_documentation_hga_round34\runs\case__round32_multi_m_high_imbalance_V20_M2_seed1052706459__c6_hga_full__7200s\external\models\L3.0.1.lp
Reading time = 0.02 seconds
obj: 8734 rows, 2422 columns, 50654 nonzeros
Set parameter TimeLimit to value 7174.9656328
Warning: unknown variable 'r_max' in bounds section (line 10259)
Warning: unknown variable 'r_min' in bounds section (line 10260)
Read LP format model from file E:\codes\ExactEBRP\results\gf_c6_documentation_hga_round34\runs\case__round32_multi_m_high_imbalance_V20_M2_seed1052706459__c6_hga_full__7200s\external\models\L3.0.0.0.lp
Reading time = 0.02 seconds
obj: 8734 rows, 2422 columns, 50654 nonzeros
Set parameter TimeLimit to value 7174.7299335
Warning: unknown variable 'r_max' in bounds section (line 10259)
Warning: unknown variable 'r_min' in bounds section (line 10260)
Read LP format model from file E:\codes\ExactEBRP\results\gf_c6_documentation_hga_round34\runs\case__round32_multi_m_high_imbalance_V20_M2_seed1052706459__c6_hga_full__7200s\external\models\L3.0.0.1.lp
Reading time = 0.02 seconds
obj: 8734 rows, 2422 columns, 50654 nonzeros
Set parameter TimeLimit to value 7174.4988635
