{"completed": "H100 P-GRB", "U": 0.2485914909195402, "L": 0.1014855264427952, "gap": 0.147105964476745, "certificate": false, "complete_seconds": 90.45300000009593, "complete_seconds_interval": null, "events": 161}
{"completed": "H100 ENS-C", "U": 0.160589067255049, "L": 0.15900844876834677, "gap": 0.00158061848670224, "certificate": false, "complete_seconds": 90.56300000008196, "complete_seconds_interval": null, "events": 720}
{"completed": "H100 M-B", "U": 0.160589067255049, "L": 0.16058906725504873, "gap": 2.7755575615628914e-16, "certificate": true, "complete_seconds": 85.40599999995902, "complete_seconds_interval": null, "events": 963}
{"completed": "H100 P-GRB", "U": 0.229952349996756, "L": 0.10293332626125747, "gap": 0.12701902373549856, "certificate": false, "complete_seconds": null, "complete_seconds_interval": null, "events": 237}
{"completed": "H100 M-B", "U": 0.160589067255049, "L": 0.16058906725504898, "gap": 2.7755575615628914e-17, "certificate": true, "complete_seconds": 80.875, "complete_seconds_interval": null, "events": 1033}
{"completed": "G20-C1 P-GRB", "U": 0.8220961551922799, "L": 0.6167325764583906, "gap": 0.20536357873388922, "certificate": false, "complete_seconds": 871.13251330005, "complete_seconds_interval": null, "events": 2812}
{"completed": "G20-C1 ENS-C", "U": 0.7582840411970833, "L": 0.7582840407912242, "gap": 4.0585901306400274e-10, "certificate": true, "complete_seconds": 786.4963819000404, "complete_seconds_interval": null, "events": 21483}
{"completed": "G20-C1 M-B", "U": 0.7582840411970833, "L": 0.7582840411970841, "gap": -8.881784197001252e-16, "certificate": true, "complete_seconds": 614.9579060999677, "complete_seconds_interval": null, "events": 20151}
{"completed": "G20-C2 ENS-C", "U": 0.0, "L": 0.0, "gap": 0.0, "certificate": true, "complete_seconds": 4.659510000026785, "complete_seconds_interval": null, "events": 13}
{"completed": "G20-C2 M-B", "U": 0.0, "L": 0.0, "gap": 0.0, "certificate": true, "complete_seconds": 4.145954299950972, "complete_seconds_interval": null, "events": 13}
{"completed": "G20-C2 P-GRB", "U": 0.0, "L": 0, "gap": 0.0, "certificate": true, "complete_seconds": 1.8163195999804884, "complete_seconds_interval": null, "events": 9}
{"completed": "G20-R1 M-B", "U": 0.3834515596855313, "L": 0.3688969982739103, "gap": 0.014554561411620981, "certificate": false, "complete_seconds": 871.4336588999722, "complete_seconds_interval": null, "events": 5248}
{"completed": "G20-R1 P-GRB", "U": 0.4188389304648512, "L": 0.3042216063823642, "gap": 0.11461732408248704, "certificate": false, "complete_seconds": 871.1418220000342, "complete_seconds_interval": null, "events": 2426}
{"completed": "G20-R1 ENS-C", "U": 0.382478864690459, "L": 0.36840467983188496, "gap": 0.014074184858574035, "certificate": false, "complete_seconds": 871.6233227000339, "complete_seconds_interval": null, "events": 4757}
{"completed": "G20-R2 P-GRB", "U": 0.6937281609373342, "L": 0.5728921573387576, "gap": 0.1208360035985766, "certificate": false, "complete_seconds": 871.0936468000291, "complete_seconds_interval": null, "events": 2985}
{"completed": "G20-R2 M-B", "U": 0.6846043092307704, "L": 0.684604305809394, "gap": 3.4213764044110917e-09, "certificate": true, "complete_seconds": 394.78885070001706, "complete_seconds_interval": null, "events": 5957}
{"completed": "G20-R2 ENS-C", "U": 0.6846043092307704, "L": 0.6846043092307686, "gap": 1.7763568394002505e-15, "certificate": true, "complete_seconds": 396.7257896999363, "complete_seconds_interval": null, "events": 5989}
{"completed": "G50-C1 M-B", "U": 0.008182628062360805, "L": 0.0, "gap": 0.008182628062360805, "certificate": false, "complete_seconds": 1771.6066302999388, "complete_seconds_interval": null, "events": 13}
{"completed": "G50-C1 ENS-C", "U": 0.0, "L": 0.0, "gap": 0.0, "certificate": true, "complete_seconds": 317.02703960007057, "complete_seconds_interval": null, "events": 14}
{"completed": "G50-C1 P-GRB", "U": 0.26019451545210387, "L": 0.0, "gap": 0.26019451545210387, "certificate": false, "complete_seconds": null, "complete_seconds_interval": [1770.375, 1771.833281], "events": 82}
{"completed": "G50-C2 ENS-C", "U": 0.0, "L": 0.0, "gap": 0.0, "certificate": true, "complete_seconds": 112.51700630004052, "complete_seconds_interval": null, "events": 15}
{"completed": "G50-C2 P-GRB", "U": 0.0, "L": 0.0, "certificate": true, "complete_seconds": null, "complete_seconds_interval": [643.7820000000065, 645.352919], "actual_return_without_journal": true}
{"completed": "G50-C2 M-B", "U": 0.0, "L": 0.0, "gap": 0.0, "certificate": true, "complete_seconds": 161.0233186999103, "complete_seconds_interval": null, "events": 22}
{"completed": "G50-R1 P-GRB", "U": 0.9857145585443073, "L": 0.41248091949151283, "gap": 0.5732336390527946, "certificate": false, "complete_seconds": 1772.6678171000676, "complete_seconds_interval": null, "events": 281}
{"completed": "G50-R1 ENS-C", "U": 0.8217367947031018, "L": 0.4473651639153746, "gap": 0.37437163078772717, "certificate": false, "complete_seconds": 1772.599844399956, "complete_seconds_interval": null, "events": 70}
{"completed": "G50-R1 M-B", "U": 0.7831288705050368, "L": 0.448176765002501, "gap": 0.3349521055025358, "certificate": false, "complete_seconds": 1772.822246500058, "complete_seconds_interval": null, "events": 83}
{"completed": "G50-R2 ENS-C", "U": 0.0, "L": 0.0, "gap": 0.0, "certificate": true, "complete_seconds": 296.4869613000192, "complete_seconds_interval": null, "events": 15}
{"completed": "G50-R2 M-B", "U": 0.0, "L": 0.0, "gap": 0.0, "certificate": true, "complete_seconds": 142.68905939999968, "complete_seconds_interval": null, "events": 14}
{"completed": "G50-R2 P-GRB", "U": 0.0, "L": 0, "gap": 0.0, "certificate": true, "complete_seconds": 1031.3702874000883, "complete_seconds_interval": null, "events": 67}
{"decision": "ACCEPT_INDEPENDENT_BLOCKED", "stage": "BLOCKED", "checks": 11127157, "counts": {"M-B/P-GRB": {"WIN": 7, "TIE": 1, "severe_regressions": 0}, "M-B/ENS-C": {"WIN": 3, "TIE": 3, "LOSS": 2, "severe_regressions": 1}, "ENS-C/P-GRB": {"WIN": 7, "TIE": 1, "severe_regressions": 0}}, "paid_starts": 51, "paid_outer_seconds": 18618.079987913487}
