{"completed": "H100 P-GRB", "U": 0.2485914909195402, "L": 0.1014855264427952, "gap": 0.147105964476745, "certificate": false, "complete_seconds": 90.45300000009593, "events": 161}
{"completed": "H100 ENS-C", "U": 0.160589067255049, "L": 0.15900844876834677, "gap": 0.00158061848670224, "certificate": false, "complete_seconds": 90.56300000008196, "events": 720}
{"completed": "H100 M-B", "U": 0.160589067255049, "L": 0.16058906725504873, "gap": 2.7755575615628914e-16, "certificate": true, "complete_seconds": 85.40599999995902, "events": 963}
{"completed": "H100 P-GRB", "U": 0.229952349996756, "L": 0.10293332626125747, "gap": 0.12701902373549856, "certificate": false, "complete_seconds": 90.31300000008196, "events": 237}
{"completed": "H100 M-B", "U": 0.160589067255049, "L": 0.16058906725504898, "gap": 2.7755575615628914e-17, "certificate": true, "complete_seconds": 80.875, "events": 1033}
{"completed": "G20-C1 P-GRB", "U": 0.8220961551922799, "L": 0.6167325764583906, "gap": 0.20536357873388922, "certificate": false, "complete_seconds": 871.13251330005, "events": 2812}
{"completed": "G20-C1 ENS-C", "U": 0.7582840411970833, "L": 0.7582840407912242, "gap": 4.0585901306400274e-10, "certificate": true, "complete_seconds": 786.4963819000404, "events": 21483}
{"completed": "G20-C1 M-B", "U": 0.7582840411970833, "L": 0.7582840411970841, "gap": -8.881784197001252e-16, "certificate": true, "complete_seconds": 614.9579060999677, "events": 20151}
{"completed": "G20-C2 ENS-C", "U": 0.0, "L": 0.0, "gap": 0.0, "certificate": true, "complete_seconds": 4.659510000026785, "events": 13}
{"completed": "G20-C2 M-B", "U": 0.0, "L": 0.0, "gap": 0.0, "certificate": true, "complete_seconds": 4.145954299950972, "events": 13}
{"completed": "G20-C2 P-GRB", "U": 0.0, "L": 0, "gap": 0.0, "certificate": true, "complete_seconds": 1.8163195999804884, "events": 9}
{"completed": "G20-R1 M-B", "U": 0.3834515596855313, "L": 0.3688969982739103, "gap": 0.014554561411620981, "certificate": false, "complete_seconds": 871.4336588999722, "events": 5248}
{"completed": "G20-R1 P-GRB", "U": 0.4188389304648512, "L": 0.3042216063823642, "gap": 0.11461732408248704, "certificate": false, "complete_seconds": 871.1418220000342, "events": 2426}
{"completed": "G20-R1 ENS-C", "U": 0.382478864690459, "L": 0.36840467983188496, "gap": 0.014074184858574035, "certificate": false, "complete_seconds": 871.6233227000339, "events": 4757}
{"completed": "G20-R2 P-GRB", "U": 0.6937281609373342, "L": 0.5728921573387576, "gap": 0.1208360035985766, "certificate": false, "complete_seconds": 871.0936468000291, "events": 2985}
{"completed": "G20-R2 M-B", "U": 0.6846043092307704, "L": 0.684604305809394, "gap": 3.4213764044110917e-09, "certificate": true, "complete_seconds": 394.78885070001706, "events": 5957}
{"completed": "G20-R2 ENS-C", "U": 0.6846043092307704, "L": 0.6846043092307686, "gap": 1.7763568394002505e-15, "certificate": true, "complete_seconds": 396.7257896999363, "events": 5989}
{"completed": "G50-C1 M-B", "U": 0.008182628062360805, "L": 0.0, "gap": 0.008182628062360805, "certificate": false, "complete_seconds": 1771.6066302999388, "events": 13}
{"completed": "G50-C1 ENS-C", "U": 0.0, "L": 0.0, "gap": 0.0, "certificate": true, "complete_seconds": 317.02703960007057, "events": 14}
{"completed": "G50-C1 P-GRB", "U": 0.26019451545210387, "L": 0.0, "gap": 0.26019451545210387, "certificate": false, "complete_seconds": 1771.833281, "events": 82}
{"decision": "ACCEPT", "error": null, "completed_checks": 6840826}
