
Gurobi 13.0.2 (win64) logging started Sat Aug  8 14:47:09 2026

Set parameter LogFile to value "E:\codes\ExactEBRP\results\gf_c6_documentation_hga_round34\runs\v10__round33_v10_tight_T_M1_Q20_seed1215342007__c6_hga_light__3600s\external\native_logs\L1.1_lp.gurobi.log"
Gurobi Optimizer version 13.0.2 build v13.0.2rc1 (win64 - Windows 10.0 (19045.2))

CPU model: 12th Gen Intel(R) Core(TM) i7-12700KF, instruction set [SSE2|AVX|AVX2]
Thread count: 12 physical cores, 20 logical processors, using up to 1 threads

Non-default parameters:
TimeLimit  3584.1364081
MIPGap  0
MIPGapAbs  0
LogToConsole  0
Threads  1

Optimize a model with 2552 rows, 483 columns and 17051 nonzeros (Min)
Model fingerprint: 0x6b8b1a26
Model has 11 linear objective coefficients
Coefficient statistics:
  Matrix range     [8e-03, 1e+05]
  Objective range  [8e-03, 1e+00]
  Bounds range     [3e-01, 9e+01]
  RHS range        [3e-01, 1e+06]

Presolve removed 378 rows and 35 columns
Presolve time: 0.01s
Presolved: 2174 rows, 449 columns, 15169 nonzeros

Iteration    Objective       Primal Inf.    Dual Inf.      Time
       0    8.2057322e-01   8.576972e+01   0.000000e+00      0s

Extra simplex iterations after uncrush: 1
     414    8.5237337e-01   0.000000e+00   0.000000e+00      0s

Solved in 414 iterations and 0.02 seconds (0.04 work units)
Optimal objective  8.523733656e-01

User-callback calls 562, time in user-callback 0.00 sec
