
Gurobi 13.0.2 (win64) logging started Sat Aug  8 14:47:09 2026

Set parameter LogFile to value "E:\codes\ExactEBRP\results\gf_c6_documentation_hga_round34\runs\v10__round33_v10_tight_T_M1_Q20_seed1215342007__c6_hga_light__3600s\external\native_logs\L1.1.0_c6_1_next_leaf_target_mip.gurobi.log"
Gurobi Optimizer version 13.0.2 build v13.0.2rc1 (win64 - Windows 10.0 (19045.2))

CPU model: 12th Gen Intel(R) Core(TM) i7-12700KF, instruction set [SSE2|AVX|AVX2]
Thread count: 12 physical cores, 20 logical processors, using up to 1 threads

Non-default parameters:
TimeLimit  3583.9839561
MIPGap  0
MIPGapAbs  0
LogToConsole  0
Threads  1

Optimize a model with 2552 rows, 483 columns and 17051 nonzeros (Min)
Model fingerprint: 0xd8b1a706
Model has 11 linear objective coefficients
Variable types: 256 continuous, 227 integer (187 binary)
Coefficient statistics:
  Matrix range     [8e-03, 1e+05]
  Objective range  [8e-03, 1e+00]
  Bounds range     [3e-01, 9e+01]
  RHS range        [3e-01, 1e+06]

Presolve removed 2426 rows and 415 columns
Presolve time: 0.01s
Presolved: 126 rows, 68 columns, 502 nonzeros
Variable types: 48 continuous, 20 integer (14 binary)

Root relaxation: infeasible, 51 iterations, 0.00 seconds (0.00 work units)

    Nodes    |    Current Node    |     Objective Bounds      |     Work
 Expl Unexpl |  Obj  Depth IntInf | Incumbent    BestBd   Gap | It/Node Time

     0     0 infeasible    0               - infeasible      -     -    0s

Explored 1 nodes (51 simplex iterations) in 0.01 seconds (0.01 work units)
Thread count was 1 (of 20 available processors)

Solution count 0

Model is infeasible
Best objective -, best bound -, gap -

User-callback calls 1251, time in user-callback 0.00 sec
