
Gurobi 13.0.2 (win64) logging started Sun Aug  9 21:07:30 2026

Set parameter LogFile to value "E:\codes\ExactEBRP\results\gf_simple_start_qualification_round35\runs\matrix1800__round32_multi_m_moderate_V20_M2_seed479269984__c6_simple_start__1800s\external\native_logs\L0.0_c6_1_next_leaf_target_mip.gurobi.log"
Gurobi Optimizer version 13.0.2 build v13.0.2rc1 (win64 - Windows 10.0 (19045.2))

CPU model: 12th Gen Intel(R) Core(TM) i7-12700KF, instruction set [SSE2|AVX|AVX2]
Thread count: 12 physical cores, 20 logical processors, using up to 1 threads

Non-default parameters:
TimeLimit  1782.499639
MIPGap  0
MIPGapAbs  0
LogToConsole  0
Threads  1

Optimize a model with 8719 rows, 2418 columns and 50344 nonzeros (Min)
Model fingerprint: 0x8afeeff5
Model has 21 linear objective coefficients
Variable types: 1246 continuous, 1172 integer (1032 binary)
Coefficient statistics:
  Matrix range     [7e-03, 2e+04]
  Objective range  [7e-03, 1e+00]
  Bounds range     [8e-02, 1e+03]
  RHS range        [8e-02, 5e+04]

Presolve removed 1057 rows and 56 columns
Presolve time: 0.13s
Presolved: 7662 rows, 2362 columns, 51541 nonzeros
Variable types: 1200 continuous, 1162 integer (1024 binary)

Root relaxation: objective 3.761724e-01, 2591 iterations, 0.11 seconds (0.30 work units)

    Nodes    |    Current Node    |     Objective Bounds      |     Work
 Expl Unexpl |  Obj  Depth IntInf | Incumbent    BestBd   Gap | It/Node Time

     0     0    0.37617    0  227          -    0.37617      -     -    0s
     0     0 infeasible    0               - infeasible      -     -    0s

Explored 1 nodes (2964 simplex iterations) in 0.36 seconds (0.79 work units)
Thread count was 1 (of 20 available processors)

Solution count 0

Model is infeasible
Best objective -, best bound -, gap -

User-callback calls 635, time in user-callback 0.00 sec
