
Gurobi 13.0.2 (win64) logging started Sun Aug  9 21:08:48 2026

Set parameter LogFile to value "E:\codes\ExactEBRP\results\gf_simple_start_qualification_round35\runs\matrix1800__round32_multi_m_moderate_V20_M2_seed479269984__c6_simple_start__1800s\external\native_logs\L1.0_lp.gurobi.log"
Gurobi Optimizer version 13.0.2 build v13.0.2rc1 (win64 - Windows 10.0 (19045.2))

CPU model: 12th Gen Intel(R) Core(TM) i7-12700KF, instruction set [SSE2|AVX|AVX2]
Thread count: 12 physical cores, 20 logical processors, using up to 1 threads

Non-default parameters:
TimeLimit  1704.2357372
MIPGap  0
MIPGapAbs  0
LogToConsole  0
Threads  1

Optimize a model with 8719 rows, 2418 columns and 50588 nonzeros (Min)
Model fingerprint: 0xe16261f8
Model has 21 linear objective coefficients
Coefficient statistics:
  Matrix range     [7e-03, 2e+04]
  Objective range  [7e-03, 1e+00]
  Bounds range     [2e-01, 1e+03]
  RHS range        [2e-01, 5e+04]

Presolve removed 699 rows and 84 columns
Presolve time: 0.03s
Presolved: 8020 rows, 2335 columns, 48082 nonzeros

Iteration    Objective       Primal Inf.    Dual Inf.      Time
       0    1.5543838e-01   3.231650e+02   0.000000e+00      0s
    1524    3.9494070e-01   0.000000e+00   0.000000e+00      0s

Solved in 1524 iterations and 0.08 seconds (0.25 work units)
Optimal objective  3.949406983e-01

User-callback calls 1668, time in user-callback 0.00 sec
