
Gurobi 13.0.2 (win64) logging started Sun Aug  9 14:34:31 2026

Set parameter LogFile to value "E:\codes\ExactEBRP\results\gf_simple_start_qualification_round35\runs\matrix1800__high_imbalance_seed5202__c6_simple_start__1800s\external\native_logs\L3_lp.gurobi.log"
Gurobi Optimizer version 13.0.2 build v13.0.2rc1 (win64 - Windows 10.0 (19045.2))

CPU model: 12th Gen Intel(R) Core(TM) i7-12700KF, instruction set [SSE2|AVX|AVX2]
Thread count: 12 physical cores, 20 logical processors, using up to 1 threads

Non-default parameters:
TimeLimit  1783.8457029
MIPGap  0
MIPGapAbs  0
LogToConsole  0
Threads  1

Optimize a model with 11923 rows, 3380 columns and 67030 nonzeros (Min)
Model fingerprint: 0x1bb0e895
Model has 21 linear objective coefficients
Coefficient statistics:
  Matrix range     [2e-02, 2e+04]
  Objective range  [2e-02, 1e+00]
  Bounds range     [7e-01, 6e+02]
  RHS range        [5e-01, 5e+04]

Presolve removed 1473 rows and 86 columns
Presolve time: 0.04s
Presolved: 10450 rows, 3295 columns, 52784 nonzeros

Iteration    Objective       Primal Inf.    Dual Inf.      Time
       0    7.8700045e-01   4.050022e+02   0.000000e+00      0s

Solved in 867 iterations and 0.06 seconds (0.13 work units)
Infeasible model

User-callback calls 1009, time in user-callback 0.00 sec
