
Gurobi 13.0.2 (win64) logging started Sat Aug  8 14:47:15 2026

Set parameter LogFile to value "E:\codes\ExactEBRP\results\gf_c6_documentation_hga_round34\runs\v10__round33_v10_high_imbalance_M1_Q30_seed289447508__c6_hga_light__3600s\external\native_logs\L2_c6_1_next_leaf_target_mip.gurobi.log"
Gurobi Optimizer version 13.0.2 build v13.0.2rc1 (win64 - Windows 10.0 (19045.2))

CPU model: 12th Gen Intel(R) Core(TM) i7-12700KF, instruction set [SSE2|AVX|AVX2]
Thread count: 12 physical cores, 20 logical processors, using up to 1 threads

Non-default parameters:
TimeLimit  3583.5678785
MIPGap  0
MIPGapAbs  0
LogToConsole  0
Threads  1

Optimize a model with 2530 rows, 477 columns and 16988 nonzeros (Min)
Model fingerprint: 0x5fad5580
Model has 11 linear objective coefficients
Variable types: 253 continuous, 224 integer (184 binary)
Coefficient statistics:
  Matrix range     [1e-02, 1e+05]
  Objective range  [1e-02, 1e+00]
  Bounds range     [5e-01, 3e+03]
  RHS range        [5e-01, 1e+06]

Presolve removed 2365 rows and 388 columns
Presolve time: 0.03s
Presolved: 165 rows, 89 columns, 568 nonzeros
Variable types: 60 continuous, 29 integer (23 binary)
Found heuristic solution: objective 3.1046449
Found heuristic solution: objective 3.0893699

Root relaxation: objective 3.078019e+00, 71 iterations, 0.00 seconds (0.00 work units)

    Nodes    |    Current Node    |     Objective Bounds      |     Work
 Expl Unexpl |  Obj  Depth IntInf | Incumbent    BestBd   Gap | It/Node Time

     0     0    3.07802    0   12    3.08937    3.07802  0.37%     -    0s

Explored 1 nodes (71 simplex iterations) in 0.03 seconds (0.05 work units)
Thread count was 1 (of 20 available processors)

Solution count 2: 3.08937 3.10464 

Solve interrupted
Best objective 3.089369878679e+00, best bound 3.078019409354e+00, gap 0.3674%

User-callback calls 719, time in user-callback 0.00 sec
