
Gurobi 13.0.2 (win64) logging started Sat Aug  8 14:46:54 2026

Set parameter LogFile to value "E:\codes\ExactEBRP\results\gf_c6_documentation_hga_round34\runs\v10__round33_v10_high_imbalance_M1_Q20_seed2098545008__c6_simple_start__3600s\native.log"
Set parameter Threads to value 1
Set parameter Presolve to value -1
Set parameter Seed to value 0
Set parameter MIPGap to value 0
Set parameter MIPGapAbs to value 0
Warning: unknown variable 'r_max' in bounds section (line 2908)
Warning: unknown variable 'r_min' in bounds section (line 2909)
Read LP format model from file E:\codes\ExactEBRP\results\gf_c6_documentation_hga_round34\runs\v10__round33_v10_high_imbalance_M1_Q20_seed2098545008__c6_simple_start__3600s\external\models\L0.lp
Reading time = 0.00 seconds
obj: 2552 rows, 483 columns, 16924 nonzeros
Set parameter TimeLimit to value 3584.9573562
Warning: unknown variable 'r_max' in bounds section (line 2908)
Warning: unknown variable 'r_min' in bounds section (line 2909)
Read LP format model from file E:\codes\ExactEBRP\results\gf_c6_documentation_hga_round34\runs\v10__round33_v10_high_imbalance_M1_Q20_seed2098545008__c6_simple_start__3600s\external\models\L1.lp
Reading time = 0.01 seconds
obj: 2552 rows, 483 columns, 17048 nonzeros
Set parameter TimeLimit to value 3584.9120014
Warning: unknown variable 'r_max' in bounds section (line 2908)
Warning: unknown variable 'r_min' in bounds section (line 2909)
Read LP format model from file E:\codes\ExactEBRP\results\gf_c6_documentation_hga_round34\runs\v10__round33_v10_high_imbalance_M1_Q20_seed2098545008__c6_simple_start__3600s\external\models\L2.lp
Reading time = 0.01 seconds
obj: 2552 rows, 483 columns, 17048 nonzeros
Set parameter TimeLimit to value 3584.856639
Warning: unknown variable 'r_max' in bounds section (line 2908)
Warning: unknown variable 'r_min' in bounds section (line 2909)
Read LP format model from file E:\codes\ExactEBRP\results\gf_c6_documentation_hga_round34\runs\v10__round33_v10_high_imbalance_M1_Q20_seed2098545008__c6_simple_start__3600s\external\models\L3.lp
Reading time = 0.01 seconds
obj: 2552 rows, 483 columns, 16958 nonzeros
Set parameter TimeLimit to value 3584.7941694
Warning: unknown variable 'r_max' in bounds section (line 2908)
Warning: unknown variable 'r_min' in bounds section (line 2909)
Read LP format model from file E:\codes\ExactEBRP\results\gf_c6_documentation_hga_round34\runs\v10__round33_v10_high_imbalance_M1_Q20_seed2098545008__c6_simple_start__3600s\external\models\L2.0.lp
Reading time = 0.01 seconds
obj: 2552 rows, 483 columns, 17048 nonzeros
Set parameter TimeLimit to value 3584.5885339
Warning: unknown variable 'r_max' in bounds section (line 2908)
Warning: unknown variable 'r_min' in bounds section (line 2909)
Read LP format model from file E:\codes\ExactEBRP\results\gf_c6_documentation_hga_round34\runs\v10__round33_v10_high_imbalance_M1_Q20_seed2098545008__c6_simple_start__3600s\external\models\L2.1.lp
Reading time = 0.01 seconds
obj: 2552 rows, 483 columns, 17048 nonzeros
Set parameter TimeLimit to value 3584.5289676
Warning: unknown variable 'r_max' in bounds section (line 2908)
Warning: unknown variable 'r_min' in bounds section (line 2909)
Read LP format model from file E:\codes\ExactEBRP\results\gf_c6_documentation_hga_round34\runs\v10__round33_v10_high_imbalance_M1_Q20_seed2098545008__c6_simple_start__3600s\external\models\L2.1.0.lp
Reading time = 0.01 seconds
obj: 2552 rows, 483 columns, 17048 nonzeros
Set parameter TimeLimit to value 3584.4682779
Warning: unknown variable 'r_max' in bounds section (line 2908)
Warning: unknown variable 'r_min' in bounds section (line 2909)
Read LP format model from file E:\codes\ExactEBRP\results\gf_c6_documentation_hga_round34\runs\v10__round33_v10_high_imbalance_M1_Q20_seed2098545008__c6_simple_start__3600s\external\models\L2.1.1.lp
Reading time = 0.01 seconds
obj: 2552 rows, 483 columns, 17048 nonzeros
Set parameter TimeLimit to value 3584.4091444
