
Gurobi 13.0.2 (win64) logging started Mon Aug 10 10:06:19 2026

Set parameter LogFile to value "E:\codes\ExactEBRP\results\gf_simple_start_qualification_round35\runs\repeat__round31_sealed_moderate_V50_seed1112848618__c6_simple_start__repeat1__3600s\native.log"
Set parameter Threads to value 1
Set parameter Presolve to value -1
Set parameter Seed to value 0
Set parameter MIPGap to value 0
Set parameter MIPGapAbs to value 0
Warning: unknown variable 'r_max' in bounds section (line 103341)
Warning: unknown variable 'r_min' in bounds section (line 103342)
Read LP format model from file E:\codes\ExactEBRP\results\gf_simple_start_qualification_round35\runs\repeat__round31_sealed_moderate_V50_seed1112848618__c6_simple_start__repeat1__3600s\external\models\L0.lp
Reading time = 0.23 seconds
obj: 93003 rows, 18185 columns, 665126 nonzeros
Set parameter TimeLimit to value 3583.7648801
Warning: unknown variable 'r_max' in bounds section (line 103341)
Warning: unknown variable 'r_min' in bounds section (line 103342)
Read LP format model from file E:\codes\ExactEBRP\results\gf_simple_start_qualification_round35\runs\repeat__round31_sealed_moderate_V50_seed1112848618__c6_simple_start__repeat1__3600s\external\models\L1.lp
Reading time = 0.22 seconds
obj: 93003 rows, 18185 columns, 665732 nonzeros
Set parameter TimeLimit to value 3579.1624948
Warning: unknown variable 'r_max' in bounds section (line 103341)
Warning: unknown variable 'r_min' in bounds section (line 103342)
Read LP format model from file E:\codes\ExactEBRP\results\gf_simple_start_qualification_round35\runs\repeat__round31_sealed_moderate_V50_seed1112848618__c6_simple_start__repeat1__3600s\external\models\L2.lp
Reading time = 0.23 seconds
obj: 93003 rows, 18185 columns, 665732 nonzeros
Set parameter TimeLimit to value 3575.1261546
Warning: unknown variable 'r_max' in bounds section (line 103341)
Warning: unknown variable 'r_min' in bounds section (line 103342)
Read LP format model from file E:\codes\ExactEBRP\results\gf_simple_start_qualification_round35\runs\repeat__round31_sealed_moderate_V50_seed1112848618__c6_simple_start__repeat1__3600s\external\models\L0.0.lp
Reading time = 0.23 seconds
obj: 93003 rows, 18185 columns, 665126 nonzeros
Set parameter TimeLimit to value 3518.0564421
Warning: unknown variable 'r_max' in bounds section (line 103341)
Warning: unknown variable 'r_min' in bounds section (line 103342)
Read LP format model from file E:\codes\ExactEBRP\results\gf_simple_start_qualification_round35\runs\repeat__round31_sealed_moderate_V50_seed1112848618__c6_simple_start__repeat1__3600s\external\models\L0.1.lp
Reading time = 0.23 seconds
obj: 93003 rows, 18185 columns, 665732 nonzeros
Set parameter TimeLimit to value 3512.0668896
Warning: unknown variable 'r_max' in bounds section (line 103341)
Warning: unknown variable 'r_min' in bounds section (line 103342)
Read LP format model from file E:\codes\ExactEBRP\results\gf_simple_start_qualification_round35\runs\repeat__round31_sealed_moderate_V50_seed1112848618__c6_simple_start__repeat1__3600s\external\models\L1.0.lp
Reading time = 0.22 seconds
obj: 93003 rows, 18185 columns, 665732 nonzeros
Set parameter TimeLimit to value 3475.9144934
Warning: unknown variable 'r_max' in bounds section (line 103341)
Warning: unknown variable 'r_min' in bounds section (line 103342)
Read LP format model from file E:\codes\ExactEBRP\results\gf_simple_start_qualification_round35\runs\repeat__round31_sealed_moderate_V50_seed1112848618__c6_simple_start__repeat1__3600s\external\models\L1.1.lp
Reading time = 0.22 seconds
obj: 93003 rows, 18185 columns, 665732 nonzeros
Set parameter TimeLimit to value 3471.1069615
