
Gurobi 13.0.2 (win64) logging started Mon Aug 10 05:48:05 2026

Set parameter LogFile to value "E:\codes\ExactEBRP\results\gf_simple_start_qualification_round35\runs\v50_3600__round32_multi_m_high_imbalance_V50_M2_seed910922492__c6_simple_start__3600s\external\native_logs\L2_terminal_mip.gurobi.log"
Gurobi Optimizer version 13.0.2 build v13.0.2rc1 (win64 - Windows 10.0 (19045.2))

CPU model: 12th Gen Intel(R) Core(TM) i7-12700KF, instruction set [SSE2|AVX|AVX2]
Thread count: 12 physical cores, 20 logical processors, using up to 1 threads

Non-default parameters:
TimeLimit  3544.8667413
MIPGap  0
MIPGapAbs  0
LogToConsole  0
Threads  1

Optimize a model with 73989 rows, 12783 columns and 563715 nonzeros (Min)
Model fingerprint: 0x24811a26
Model has 51 linear objective coefficients
Variable types: 6856 continuous, 5927 integer (5577 binary)
Coefficient statistics:
  Matrix range     [1e-02, 2e+04]
  Objective range  [1e-02, 1e+00]
  Bounds range     [5e-01, 1e+04]
  RHS range        [5e-01, 5e+04]

Presolved: 59348 rows, 12615 columns, 367628 nonzeros

Continuing optimization...

     0     0    4.67089    0  317          -    4.67089      -     -   11s
     0     0    4.67089    0  312          -    4.67089      -     -   11s
     0     0    4.67348    0  271          -    4.67348      -     -   12s
     0     0    4.69405    0  230          -    4.69405      -     -   13s
     0     0    4.69428    0  209          -    4.69428      -     -   13s
     0     0    4.70042    0  291          -    4.70042      -     -   14s
     0     0    4.70241    0  310          -    4.70241      -     -   15s
     0     0    4.71070    0  333          -    4.71070      -     -   16s
     0     0    4.71106    0  282          -    4.71106      -     -   16s
     0     0    4.71602    0  306          -    4.71602      -     -   17s
     0     0    4.71669    0  359          -    4.71669      -     -   18s
     0     0    4.71802    0  302          -    4.71802      -     -   19s
     0     0    4.71850    0  317          -    4.71850      -     -   20s
     0     0    4.72247    0  344          -    4.72247      -     -   21s
     0     0    4.72286    0  362          -    4.72286      -     -   22s
     0     0    4.72385    0  278          -    4.72385      -     -   23s
     0     0    4.72444    0  343          -    4.72444      -     -   23s
     0     0    4.72564    0  319          -    4.72564      -     -   24s
     0     0    4.72577    0  429          -    4.72577      -     -   25s
     0     0    4.72647    0  357          -    4.72647      -     -   26s
     0     0    4.72656    0  386          -    4.72656      -     -   26s
     0     0    4.72673    0  384          -    4.72673      -     -   27s
     0     0    4.72680    0  424          -    4.72680      -     -   28s
     0     0    4.72694    0  400          -    4.72694      -     -   29s
     0     0    4.72694    0  400          -    4.72694      -     -   30s
     0     0    4.72694    0  386          -    4.72694      -     -   30s
     0     2    4.72701    0  385          -    4.72701      -     -   34s
     1     3    4.77745    1  336          -    4.72701      -  1396   35s
H    5     3                       4.8938437    4.79524  2.01%  1317   43s
H    5     3                       4.8936865    4.79524  2.01%  1317   43s
H    5     3                       4.8928020    4.79524  1.99%  1317   43s
H   11     9                       4.8926886    4.79524  1.99%   707   44s
    13    13    4.86735   10  265    4.89269    4.79524  1.99%   723   45s
    30    15 infeasible    9         4.89269    4.85611  0.75%   620   50s
    72    55    4.87914   42  123    4.89269    4.85691  0.73%   387   55s
H  103    77                       4.8920341    4.85691  0.72%   319   57s
H  103    77                       4.8918553    4.85691  0.71%   319   58s
   117    82    4.88942   10  294    4.89186    4.85890  0.67%   310   60s
   132    77    4.86951    7  354    4.89186    4.86148  0.62%   349   65s
H  133    76                       4.8916686    4.86148  0.62%   347   66s
H  133    76                       4.8914234    4.86148  0.61%   347   66s
H  133    76                       4.8912892    4.86148  0.61%   347   66s
H  133    76                       4.8912274    4.86148  0.61%   347   66s
H  133    76                       4.8903546    4.86148  0.59%   347   66s
H  133    74                       4.8901746    4.86148  0.59%   347   66s
   158   100    4.88094   32  188    4.89017    4.86148  0.59%   345   70s
   254   163     cutoff    4         4.89017    4.86158  0.58%   261   75s
   281   167    4.87818   11  181    4.89017    4.86387  0.54%   267   80s
H  287   169                       4.8901684    4.86387  0.54%   266   80s
   316   186    4.87878   15  314    4.89017    4.86477  0.52%   285   85s
   349   196    4.87426    7  300    4.89017    4.86503  0.51%   290   90s
   372   195 infeasible   14         4.89017    4.87273  0.36%   295   95s
   413   203    4.88047   23  205    4.89017    4.87443  0.32%   295  100s
   432   216    4.87882   20  200    4.89017    4.87502  0.31%   301  105s
   463   223 infeasible   11         4.89017    4.87559  0.30%   305  110s
   489   230 infeasible   13         4.89017    4.87618  0.29%   318  115s
   510   242    4.88730   25  224    4.89017    4.87628  0.28%   322  120s
   575   259 infeasible   13         4.89017    4.87830  0.24%   317  125s
   635   274    4.88875   21  100    4.89017    4.87899  0.23%   310  130s
   667   257 infeasible   24         4.89017    4.87956  0.22%   316  135s
H  695   270                       4.8899440    4.87970  0.21%   312  141s
   713   273 infeasible   26         4.88994    4.87989  0.21%   308  145s
   748   266    4.88926   49   57    4.88994    4.88065  0.19%   306  150s
   840   309    4.88566   29  125    4.88994    4.88109  0.18%   290  155s
   886   312 infeasible   14         4.88994    4.88127  0.18%   292  160s
   929   288 infeasible   41         4.88994    4.88266  0.15%   293  165s
   959   284    4.88338   19  123    4.88994    4.88308  0.14%   295  170s
  1040   321    4.88494   45   93    4.88994    4.88347  0.13%   291  175s
  1107   350    4.88901   38   39    4.88994    4.88389  0.12%   284  180s
  1169   357    4.88698   52  101    4.88994    4.88412  0.12%   279  185s
  1240   386    4.88936   35   94    4.88994    4.88472  0.11%   274  190s
  1326   411    4.88905   70  120    4.88994    4.88507  0.10%   265  195s
  1360   404    4.88650   64   76    4.88994    4.88532  0.09%   268  200s
  1462   440    4.88782   27   79    4.88994    4.88547  0.09%   263  207s
  1506   456 infeasible   48         4.88994    4.88549  0.09%   262  210s
  1583   471 infeasible   39         4.88994    4.88568  0.09%   260  215s
  1674   473    4.88877   46  102    4.88994    4.88609  0.08%   257  220s
  1773   485    4.88755   26   64    4.88994    4.88635  0.07%   254  225s
  1866   471    4.88968   27   59    4.88994    4.88680  0.06%   255  230s
  1950   446    4.88991   27   71    4.88994    4.88710  0.06%   252  235s
  2076   473    4.88937   48   62    4.88994    4.88731  0.05%   247  240s
  2121   464    4.88799   29   64    4.88994    4.88737  0.05%   248  245s
  2193   456 infeasible   30         4.88994    4.88753  0.05%   245  250s
  2229   435 infeasible   41         4.88994    4.88766  0.05%   249  255s
  2318   403 infeasible    8         4.88994    4.88792  0.04%   251  260s
  2393   361     cutoff   64         4.88994    4.88824  0.03%   251  265s
  2444   339     cutoff   33         4.88994    4.88838  0.03%   252  270s
  2572   298     cutoff   28         4.88994    4.88866  0.03%   250  275s
  2624   257    4.88946   42   70    4.88994    4.88884  0.02%   252  280s
  2709   190    4.88981   24   61    4.88994    4.88908  0.02%   249  285s
  2802   128    4.88936   52   36    4.88994    4.88936  0.01%   245  290s

Cutting planes:
  Learned: 28
  Gomory: 1
  Cover: 137
  Implied bound: 1109
  Clique: 18
  MIR: 1141
  StrongCG: 30
  Flow cover: 599
  GUB cover: 9
  Zero half: 10
  Network: 31
  RLT: 9
  Relax-and-lift: 175
  BQP: 3

Explored 2959 nodes (730522 simplex iterations) in 293.83 seconds (779.13 work units)
Most recent optimization runtime was 285.53 seconds (760.74 work units)
Thread count was 1 (of 20 available processors)

Solution count 10: 4.88994 4.89017 4.89017 ... 4.89203

Optimal solution found (tolerance 0.00e+00)
Best objective 4.889944045091e+00, best bound 4.889944045091e+00, gap 0.0000%

User-callback calls 30972, time in user-callback 0.02 sec
