
Gurobi 13.0.2 (win64) logging started Sun Aug  9 16:05:34 2026

Set parameter LogFile to value "E:\codes\ExactEBRP\results\gf_simple_start_qualification_round35\runs\matrix1800__tight_T_seed5102__c6_simple_start__1800s\external\native_logs\L0.1_c6_1_next_leaf_target_mip.gurobi.log"
Gurobi Optimizer version 13.0.2 build v13.0.2rc1 (win64 - Windows 10.0 (19045.2))

CPU model: 12th Gen Intel(R) Core(TM) i7-12700KF, instruction set [SSE2|AVX|AVX2]
Thread count: 12 physical cores, 20 logical processors, using up to 1 threads

Non-default parameters:
TimeLimit  1781.5266494
MIPGap  0
MIPGapAbs  0
LogToConsole  0
Threads  1

Optimize a model with 11916 rows, 3378 columns and 67376 nonzeros (Min)
Model fingerprint: 0x545b0c27
Model has 21 linear objective coefficients
Variable types: 1686 continuous, 1692 integer (1492 binary)
Coefficient statistics:
  Matrix range     [7e-03, 2e+04]
  Objective range  [7e-03, 1e+00]
  Bounds range     [6e-02, 6e+02]
  RHS range        [6e-02, 5e+04]

Presolve removed 1267 rows and 70 columns
Presolve time: 0.19s
Presolved: 10649 rows, 3308 columns, 82580 nonzeros
Variable types: 1642 continuous, 1666 integer (1481 binary)

Root relaxation: objective 2.410705e-01, 3938 iterations, 0.24 seconds (0.64 work units)

    Nodes    |    Current Node    |     Objective Bounds      |     Work
 Expl Unexpl |  Obj  Depth IntInf | Incumbent    BestBd   Gap | It/Node Time

     0     0    0.24107    0  208          -    0.24107      -     -    0s
     0     0 infeasible    0               - infeasible      -     -    1s

Cutting planes:
  Learned: 6
  Gomory: 14
  Cover: 20
  Implied bound: 145
  Clique: 11
  MIR: 332
  StrongCG: 10
  Flow cover: 62
  GUB cover: 2
  Zero half: 7
  Network: 20
  RLT: 12
  Relax-and-lift: 43
  BQP: 15

Explored 1 nodes (8128 simplex iterations) in 1.38 seconds (2.65 work units)
Thread count was 1 (of 20 available processors)

Solution count 0

Model is infeasible
Best objective -, best bound -, gap -

User-callback calls 943, time in user-callback 0.00 sec
