
Gurobi 13.0.2 (win64) logging started Sun Aug  9 16:05:35 2026

Set parameter LogFile to value "E:\codes\ExactEBRP\results\gf_simple_start_qualification_round35\runs\matrix1800__tight_T_seed5102__c6_simple_start__1800s\external\native_logs\L1.1_lp.gurobi.log"
Gurobi Optimizer version 13.0.2 build v13.0.2rc1 (win64 - Windows 10.0 (19045.2))

CPU model: 12th Gen Intel(R) Core(TM) i7-12700KF, instruction set [SSE2|AVX|AVX2]
Thread count: 12 physical cores, 20 logical processors, using up to 1 threads

Non-default parameters:
TimeLimit  1779.652027
MIPGap  0
MIPGapAbs  0
LogToConsole  0
Threads  1

Optimize a model with 11916 rows, 3378 columns and 67376 nonzeros (Min)
Model fingerprint: 0x60f8f63c
Model has 21 linear objective coefficients
Coefficient statistics:
  Matrix range     [7e-03, 2e+04]
  Objective range  [7e-03, 1e+00]
  Bounds range     [2e-01, 5e+02]
  RHS range        [8e-02, 5e+04]

Presolve removed 965 rows and 108 columns
Presolve time: 0.04s
Presolved: 10951 rows, 3271 columns, 62701 nonzeros

Iteration    Objective       Primal Inf.    Dual Inf.      Time
       0    1.7717138e-01   5.152049e+02   0.000000e+00      0s
    3004    2.7319476e-01   0.000000e+00   0.000000e+00      0s

Solved in 3004 iterations and 0.22 seconds (0.61 work units)
Optimal objective  2.731947562e-01

User-callback calls 3149, time in user-callback 0.00 sec
