
Gurobi 13.0.2 (win64) logging started Sun Aug  9 16:05:31 2026

Set parameter LogFile to value "E:\codes\ExactEBRP\results\gf_simple_start_qualification_round35\runs\matrix1800__tight_T_seed5102__c6_simple_start__1800s\external\native_logs\L1_lp.gurobi.log"
Gurobi Optimizer version 13.0.2 build v13.0.2rc1 (win64 - Windows 10.0 (19045.2))

CPU model: 12th Gen Intel(R) Core(TM) i7-12700KF, instruction set [SSE2|AVX|AVX2]
Thread count: 12 physical cores, 20 logical processors, using up to 1 threads

Non-default parameters:
TimeLimit  1784.3188123
MIPGap  0
MIPGapAbs  0
LogToConsole  0
Threads  1

Optimize a model with 11916 rows, 3378 columns and 67376 nonzeros (Min)
Model fingerprint: 0x586e5cfd
Model has 21 linear objective coefficients
Coefficient statistics:
  Matrix range     [7e-03, 2e+04]
  Objective range  [7e-03, 1e+00]
  Bounds range     [1e-01, 5e+02]
  RHS range        [8e-02, 5e+04]

Presolve removed 964 rows and 108 columns
Presolve time: 0.04s
Presolved: 10952 rows, 3271 columns, 62721 nonzeros

Iteration    Objective       Primal Inf.    Dual Inf.      Time
       0    1.2210612e-01   3.957692e+02   0.000000e+00      0s
    3750    2.2083420e-01   0.000000e+00   0.000000e+00      0s

Solved in 3750 iterations and 0.28 seconds (0.75 work units)
Optimal objective  2.208342030e-01

User-callback calls 3895, time in user-callback 0.00 sec
