
Gurobi 13.0.2 (win64) logging started Sun Aug  9 16:31:35 2026

Set parameter LogFile to value "E:\codes\ExactEBRP\results\gf_simple_start_qualification_round35\runs\matrix1800__tight_T_seed5102__c6_simple_start__1800s\external\native_logs\L2_terminal_mip.gurobi.log"
Gurobi Optimizer version 13.0.2 build v13.0.2rc1 (win64 - Windows 10.0 (19045.2))

CPU model: 12th Gen Intel(R) Core(TM) i7-12700KF, instruction set [SSE2|AVX|AVX2]
Thread count: 12 physical cores, 20 logical processors, using up to 1 threads

Non-default parameters:
TimeLimit  2.2057732200000009e+02
MIPGap  0
MIPGapAbs  0
LogToConsole  0
Threads  1

Optimize a model with 11916 rows, 3378 columns and 67376 nonzeros (Min)
Model fingerprint: 0x03a7c61c
Model has 21 linear objective coefficients
Variable types: 1686 continuous, 1692 integer (1492 binary)
Coefficient statistics:
  Matrix range     [7e-03, 2e+04]
  Objective range  [7e-03, 1e+00]
  Bounds range     [2e-01, 4e+02]
  RHS range        [8e-02, 5e+04]

Presolved: 10465 rows, 3298 columns, 84447 nonzeros

Continuing optimization...

     0     0    0.33041    0  200          -    0.33041      -     -    0s
     0     0    0.36789    0  186          -    0.36789      -     -    1s
     0     0    0.36930    0  156          -    0.36930      -     -    1s
     0     0    0.37297    0  154          -    0.37297      -     -    1s
     0     0    0.37323    0  172          -    0.37323      -     -    1s
     0     0    0.37400    0  185          -    0.37400      -     -    1s
     0     0    0.37420    0  178          -    0.37420      -     -    1s
     0     0    0.37490    0  176          -    0.37490      -     -    2s
     0     0    0.37493    0  174          -    0.37493      -     -    2s
     0     0    0.37515    0  162          -    0.37515      -     -    2s
     0     0    0.37516    0  174          -    0.37516      -     -    2s
     0     0    0.37519    0  183          -    0.37519      -     -    2s
     0     0    0.37519    0  191          -    0.37519      -     -    2s
     0     0    0.37519    0  202          -    0.37519      -     -    2s
     0     0    0.37526    0  180          -    0.37526      -     -    2s
     0     0    0.37535    0  200          -    0.37535      -     -    3s
     0     0    0.37535    0  200          -    0.37535      -     -    3s
     0     0    0.37535    0  202          -    0.37535      -     -    3s
     0     0    0.37535    0  195          -    0.37535      -     -    3s
     0     0    0.37535    0  187          -    0.37535      -     -    3s
     0     0    0.37535    0  176          -    0.37535      -     -    3s
     0     0    0.37535    0  172          -    0.37535      -     -    3s
     0     0    0.37535    0  199          -    0.37535      -     -    3s
     0     0    0.37535    0  207          -    0.37535      -     -    4s
     0     0    0.37535    0  207          -    0.37535      -     -    4s
     0     0    0.37535    0  186          -    0.37535      -     -    4s
H    0     0                       0.4210761    0.37535  10.9%     -    5s
H    0     0                       0.4170842    0.37535  10.0%     -    5s
     0     2    0.37536    0  186    0.41708    0.37536  10.0%     -    5s
     1     3    0.37603    1  149    0.41708    0.37536  10.0%  1124    5s
H    2     2                       0.4164384    0.37536  9.87%   562    5s
H    2     2                       0.4056102    0.37536  7.46%   562    5s
H   43    42                       0.4048849    0.37536  7.29%   373    8s
    69    70    0.38382   58  139    0.40488    0.37536  7.29%   300   10s
H   70    69                       0.4047488    0.37536  7.26%   296   11s
H  315   297                       0.4044255    0.37536  7.19%   104   12s
H  315   293                       0.4018420    0.37536  6.59%   104   12s
H  315   288                       0.4005503    0.37536  6.29%   104   13s
H  404   372                       0.3999611    0.37536  6.15%  94.2   13s
H  404   370                       0.3993720    0.37536  6.01%  94.2   13s
   435   389    0.38357   15  133    0.39937    0.37564  5.94%  95.7   15s
   535   487    0.38639   40  197    0.39937    0.37564  5.94%  88.3   21s
   540   490    0.38518   12  195    0.39937    0.37577  5.91%  87.5   25s
   547   495    0.38765   25  230    0.39937    0.37616  5.81%  86.3   30s
   560   504    0.39008   61  237    0.39937    0.37627  5.78%  84.3   35s
   572   513    0.37776   16  219    0.39937    0.37723  5.54%   139   40s
   601   521    0.37930   34  200    0.39937    0.37723  5.54%   156   45s
   660   526    0.38119   64  150    0.39937    0.37723  5.54%   171   50s
   744   525    0.39021  111  131    0.39937    0.37723  5.54%   178   55s
   827   537    0.39531   34  155    0.39937    0.37761  5.45%   191   60s
   920   548    0.38401   17  208    0.39937    0.37774  5.42%   206   65s
  1035   554    0.38480   27  195    0.39937    0.37961  4.95%   213   70s
  1172   561    0.38561   19  244    0.39937    0.38053  4.72%   219   75s
  1257   555    0.38801   21  192    0.39937    0.38110  4.58%   230   80s
  1384   552    0.39655   17  208    0.39937    0.38225  4.29%   237   85s
  1550   532    0.38933   23  206    0.39937    0.38301  4.10%   239   90s
  1640   506    0.38442   15  246    0.39937    0.38356  3.96%   246   95s
  1754   479    0.39446   30  193    0.39937    0.38425  3.79%   254  100s
  1853   461 infeasible   32         0.39937    0.38470  3.67%   260  105s
  1919   431    0.38692   78  192    0.39937    0.38529  3.53%   270  110s
  2027   420    0.39655   76  188    0.39937    0.38556  3.46%   272  115s
  2123   397    0.38900   17  204    0.39937    0.38621  3.30%   277  120s
  2250   410    0.39027   29  200    0.39937    0.38684  3.14%   279  125s
  2351   419    0.39489   21  203    0.39937    0.38697  3.11%   275  130s
  2455   426    0.39603   22  178    0.39937    0.38733  3.01%   276  135s
  2652   420    0.39615   21  218    0.39937    0.38813  2.82%   276  140s
  2825   428    0.39529   25  191    0.39937    0.38906  2.58%   277  145s
  2993   401     cutoff   24         0.39937    0.38971  2.42%   280  150s
  3142   371     cutoff   95         0.39937    0.39087  2.13%   283  155s
  3341   368    0.39629   28  164    0.39937    0.39164  1.94%   279  160s
  3508   335    0.39776   43   72    0.39937    0.39240  1.75%   279  165s
  3724   304    0.39556   23  178    0.39937    0.39317  1.55%   275  170s
  3881   272    0.39503   28  128    0.39937    0.39416  1.30%   275  175s
  4021   209    0.39627   23  226    0.39937    0.39519  1.05%   278  180s
  4263   116    0.39876   43   31    0.39937    0.39723  0.54%   274  185s

Cutting planes:
  Learned: 15
  Gomory: 11
  Cover: 92
  Implied bound: 212
  Projected implied bound: 52
  Clique: 24
  MIR: 277
  Mixing: 1
  StrongCG: 11
  Flow cover: 522
  GUB cover: 7
  Zero half: 8
  Network: 35
  RLT: 18
  Relax-and-lift: 124
  BQP: 8

Explored 4493 nodes (1211584 simplex iterations) in 187.48 seconds (356.83 work units)
Most recent optimization runtime was 187.10 seconds (355.99 work units)
Thread count was 1 (of 20 available processors)

Solution count 10: 0.399372 0.399961 0.40055 ... 0.417084

Optimal solution found (tolerance 0.00e+00)
Best objective 3.993720469874e-01, best bound 3.993720469874e-01, gap 0.0000%

User-callback calls 41852, time in user-callback 0.01 sec
