
Gurobi 13.0.2 (win64) logging started Sun Aug  9 16:31:34 2026

Set parameter LogFile to value "E:\codes\ExactEBRP\results\gf_simple_start_qualification_round35\runs\matrix1800__tight_T_seed5102__c6_simple_start__1800s\external\native_logs\L3_lp.gurobi.log"
Gurobi Optimizer version 13.0.2 build v13.0.2rc1 (win64 - Windows 10.0 (19045.2))

CPU model: 12th Gen Intel(R) Core(TM) i7-12700KF, instruction set [SSE2|AVX|AVX2]
Thread count: 12 physical cores, 20 logical processors, using up to 1 threads

Non-default parameters:
TimeLimit  221.5889224
MIPGap  0
MIPGapAbs  0
LogToConsole  0
Threads  1

Optimize a model with 11918 rows, 3378 columns and 67388 nonzeros (Min)
Model fingerprint: 0x7b1f120d
Model has 21 linear objective coefficients
Coefficient statistics:
  Matrix range     [7e-03, 2e+04]
  Objective range  [7e-03, 1e+00]
  Bounds range     [3e-01, 3e+02]
  RHS range        [8e-02, 5e+04]

Presolve removed 1205 rows and 108 columns
Presolve time: 0.03s
Presolved: 10713 rows, 3271 columns, 58032 nonzeros

Iteration    Objective       Primal Inf.    Dual Inf.      Time
       0    3.4236716e-01   3.805192e+02   0.000000e+00      0s
    3300    4.3839053e-01   0.000000e+00   0.000000e+00      0s

Solved in 3300 iterations and 0.22 seconds (0.62 work units)
Optimal objective  4.383905307e-01

User-callback calls 3444, time in user-callback 0.00 sec
