
Gurobi 13.0.2 (win64) logging started Sun Aug  9 17:41:49 2026

Set parameter LogFile to value "E:\codes\ExactEBRP\results\gf_simple_start_qualification_round35\runs\matrix1800__tight_T_seed6102__c6_simple_start__1800s\external\native_logs\L1_c6_1_next_leaf_target_mip.gurobi.log"
Gurobi Optimizer version 13.0.2 build v13.0.2rc1 (win64 - Windows 10.0 (19045.2))

CPU model: 12th Gen Intel(R) Core(TM) i7-12700KF, instruction set [SSE2|AVX|AVX2]
Thread count: 12 physical cores, 20 logical processors, using up to 1 threads

Non-default parameters:
TimeLimit  1744.9571076
MIPGap  0
MIPGapAbs  0
LogToConsole  0
Threads  1

Optimize a model with 93019 rows, 18189 columns and 665846 nonzeros (Min)
Model fingerprint: 0x21b05ef9
Model has 51 linear objective coefficients
Variable types: 9459 continuous, 8730 integer (8230 binary)
Coefficient statistics:
  Matrix range     [8e-03, 2e+04]
  Objective range  [8e-03, 1e+00]
  Bounds range     [2e-01, 3e+03]
  RHS range        [4e-02, 5e+04]

Presolve removed 8617 rows and 185 columns
Presolve time: 2.12s
Presolved: 84402 rows, 18004 columns, 610856 nonzeros
Variable types: 9339 continuous, 8665 integer (8189 binary)
Root relaxation presolved: 17881 rows, 102093 columns, 628360 nonzeros


Root simplex log...

Iteration    Objective       Primal Inf.    Dual Inf.      Time
    7937    7.5217259e-01   8.674239e+00   0.000000e+00      5s
   10080    5.1648222e-01   0.000000e+00   0.000000e+00      6s
   10080    5.1648222e-01   0.000000e+00   0.000000e+00      6s
   10434    5.1648242e-01   0.000000e+00   0.000000e+00      7s

Extra simplex iterations from dual to original model: 354

Root relaxation: objective 5.164824e-01, 10434 iterations, 4.16 seconds (12.30 work units)

    Nodes    |    Current Node    |     Objective Bounds      |     Work
 Expl Unexpl |  Obj  Depth IntInf | Incumbent    BestBd   Gap | It/Node Time

     0     0    0.51648    0  471          -    0.51648      -     -    7s
     0     0    0.54019    0  560          -    0.54019      -     -   16s
     0     0    0.56162    0  582          -    0.56162      -     -   19s
     0     0    0.56416    0  519          -    0.56416      -     -   23s
     0     0    0.57636    0  588          -    0.57636      -     -   31s
     0     0    0.57962    0  543          -    0.57962      -     -   34s
     0     0    0.58457    0  480          -    0.58457      -     -   44s
     0     0    0.58551    0  604          -    0.58551      -     -   48s
     0     0    0.58838    0  568          -    0.58838      -     -   58s
     0     0    0.58890    0  602          -    0.58890      -     -   64s
     0     0    0.59059    0  636          -    0.59059      -     -   72s
     0     0    0.59096    0  694          -    0.59096      -     -   80s
     0     0    0.59226    0  667          -    0.59226      -     -   91s
H    0     0                       0.7477687    0.59226  20.8%     -   93s
     0     0    0.59262    0  673    0.74777    0.59262  20.7%     -  106s
     0     0    0.59329    0  669    0.74777    0.59329  20.7%     -  120s
H    0     0                       0.7476441    0.59329  20.6%     -  121s
H    0     0                       0.7470647    0.59329  20.6%     -  121s
H    0     0                       0.7465952    0.59329  20.5%     -  121s
H    0     0                       0.7448956    0.59329  20.4%     -  121s
H    0     0                       0.7438734    0.59329  20.2%     -  121s
H    0     0                       0.7434092    0.59329  20.2%     -  121s
     0     0    0.59345    0  673    0.74341    0.59345  20.2%     -  124s
     0     0    0.59408    0  576    0.74341    0.59408  20.1%     -  135s
H    0     0                       0.7353819    0.59408  19.2%     -  136s
     0     0    0.59421    0  644    0.73538    0.59421  19.2%     -  150s
     0     0    0.59447    0  645    0.73538    0.59447  19.2%     -  162s
H    0     0                       0.7341261    0.59447  19.0%     -  163s
H    0     0                       0.7338811    0.59447  19.0%     -  163s
H    0     0                       0.7337320    0.59447  19.0%     -  163s
     0     0    0.59456    0  636    0.73373    0.59456  19.0%     -  163s
     0     0    0.59495    0  682    0.73373    0.59495  18.9%     -  177s
H    0     0                       0.7295604    0.59495  18.5%     -  179s
H    0     0                       0.7266246    0.59495  18.1%     -  179s
     0     0    0.59505    0  748    0.72662    0.59505  18.1%     -  192s
     0     0    0.59535    0  695    0.72662    0.59535  18.1%     -  198s
H    0     0                       0.7234941    0.59535  17.7%     -  198s
H    0     0                       0.7227957    0.59535  17.6%     -  198s
H    0     0                       0.7170097    0.59535  17.0%     -  198s
H    0     0                       0.7169618    0.59535  17.0%     -  198s
H    0     0                       0.7152830    0.59535  16.8%     -  198s
H    0     0                       0.7151671    0.59535  16.8%     -  198s
H    0     0                       0.7151541    0.59535  16.8%     -  198s
H    0     0                       0.7151138    0.59535  16.7%     -  198s
H    0     0                       0.7149982    0.59535  16.7%     -  198s
H    0     0                       0.7149853    0.59535  16.7%     -  198s
H    0     0                       0.7148758    0.59535  16.7%     -  198s
     0     0    0.59535    0  664    0.71488    0.59535  16.7%     -  211s
     0     0    0.59560    0  733    0.71488    0.59560  16.7%     -  217s
H    0     0                       0.7117342    0.59560  16.3%     -  220s
     0     0    0.59563    0  772    0.71173    0.59563  16.3%     -  236s
     0     0    0.59608    0  781    0.71173    0.59608  16.2%     -  248s
H    0     0                       0.7112314    0.59608  16.2%     -  249s
H    0     0                       0.7094743    0.59608  16.0%     -  249s
H    0     0                       0.6975198    0.59608  14.5%     -  249s
H    0     0                       0.6937985    0.59608  14.1%     -  249s
H    0     0                       0.6926636    0.59608  13.9%     -  249s
H    0     0                       0.6920620    0.59608  13.9%     -  249s
     0     0    0.59623    0  779    0.69206    0.59623  13.8%     -  250s
     0     0    0.59651    0  700    0.69206    0.59651  13.8%     -  256s
H    0     0                       0.6902698    0.59651  13.6%     -  262s
H    0     0                       0.6894923    0.59651  13.5%     -  264s
     0     0    0.59665    0  775    0.68949    0.59665  13.5%     -  281s
     0     0    0.59695    0  723    0.68949    0.59695  13.4%     -  293s
     0     0    0.59701    0  799    0.68949    0.59701  13.4%     -  295s
     0     0    0.59719    0  791    0.68949    0.59719  13.4%     -  308s
     0     0    0.59721    0  760    0.68949    0.59721  13.4%     -  308s
     0     0    0.59737    0  787    0.68949    0.59737  13.4%     -  319s
     0     0    0.59745    0  753    0.68949    0.59745  13.3%     -  323s
     0     0    0.59763    0  762    0.68949    0.59763  13.3%     -  339s
     0     0    0.59773    0  810    0.68949    0.59773  13.3%     -  348s
     0     0    0.59788    0  690    0.68949    0.59788  13.3%     -  357s
     0     0    0.59790    0  728    0.68949    0.59790  13.3%     -  358s
     0     0    0.59798    0  784    0.68949    0.59798  13.3%     -  362s
     0     0    0.59800    0  800    0.68949    0.59800  13.3%     -  363s
     0     0    0.59808    0  794    0.68949    0.59808  13.3%     -  375s
     0     0    0.59808    0  788    0.68949    0.59808  13.3%     -  376s
     0     0    0.59808    0  750    0.68949    0.59808  13.3%     -  377s
     0     2    0.59809    0  750    0.68949    0.59809  13.3%     -  398s
     1     3    0.59824    1  734    0.68949    0.59809  13.3%  9764  406s
     2     4    0.59890    1  729    0.68949    0.59824  13.2% 11917  421s
     3     5    0.59911    2  646    0.68949    0.59824  13.2% 11665  431s
H    4     4                       0.6888854    0.59824  13.2%  8749  439s
H    4     4                       0.6888416    0.59824  13.2%  8749  440s
     5     7    0.59918    3  647    0.68884    0.59890  13.1%  8897  445s
     6     8    0.60001    4  565    0.68884    0.59890  13.1%  9402  462s
     8    10    0.60056    6  521    0.68884    0.59890  13.1%  8287  469s
     9    11    0.60056    7  524    0.68884    0.59890  13.1%  7426  470s
    10    12    0.60163    8  571    0.68884    0.59890  13.1%  7428  489s
    11    13    0.60076    8  508    0.68884    0.59890  13.1%  7051  493s
    12    14    0.60076    9  509    0.68884    0.59890  13.1%  6661  495s
    16    18    0.60084   13  496    0.68884    0.59890  13.1%  6993  513s
    17    19    0.60084   14  493    0.68884    0.59890  13.1%  6775  516s
    19    21    0.60088   16  513    0.68884    0.59890  13.1%  6226  521s
    22    24    0.60097   19  519    0.68884    0.59890  13.1%  5559  525s
    26    28    0.60107   23  530    0.68884    0.59890  13.1%  4938  530s
    31    33    0.60124   28  485    0.68884    0.59890  13.1%  4881  546s
    34    36    0.60126   31  499    0.68884    0.59890  13.1%  4546  550s
    41    43    0.60135   38  502    0.68884    0.59890  13.1%  3990  558s
    43    45    0.60135   40  491    0.68884    0.59890  13.1%  3838  560s
    53    55    0.60157   50  484    0.68884    0.59890  13.1%  3202  565s
    55    57    0.60158   52  508    0.68884    0.59890  13.1%  3189  570s
    57    59    0.60160   54  491    0.68884    0.59890  13.1%  3296  582s
    58    60    0.60260   55  520    0.68884    0.59890  13.1%  3289  585s
    59    61    0.60280   55  550    0.68884    0.59890  13.1%  3316  593s
    62    64    0.60372   58  520    0.68884    0.59890  13.1%  3324  609s
    63    65    0.60668   58  503    0.68884    0.59890  13.1%  3523  618s
    64    66    0.60421   59  522    0.68884    0.59890  13.1%  3593  631s
    65    67    0.60490   59  536    0.68884    0.59890  13.1%  3664  638s
    66    68    0.60480   60  500    0.68884    0.59890  13.1%  3660  641s
    67    69    0.60655   61  527    0.68884    0.59890  13.1%  3753  662s
    68    70    0.60978   61  435    0.68884    0.59890  13.1%  3847  668s
    69    71    0.60925   62  464    0.68884    0.59890  13.1%  3845  671s
    70    72    0.64854   62  540    0.68884    0.59890  13.1%  3943  688s
    74    76    0.60993   66  450    0.68884    0.59890  13.1%  3766  691s
    76    78    0.60998   67  464    0.68884    0.59890  13.1%  3750  696s
    77    79    0.61100   68  469    0.68884    0.59890  13.1%  3764  700s
    79    81    0.61119   69  464    0.68884    0.59890  13.1%  3797  707s
    81    83    0.61132   71  468    0.68884    0.59890  13.1%  3770  711s
    86    88    0.61210   76  469    0.68884    0.59890  13.1%  3619  716s
    88    90    0.61222   78  468    0.68884    0.59890  13.1%  3586  722s
    91    93    0.62091   80  402    0.68884    0.59890  13.1%  3543  726s
    96    98    0.61318   85  456    0.68884    0.59890  13.1%  3414  731s
    99   100    0.63055   87  448    0.68884    0.59890  13.1%  3377  736s
   101   102    0.61547   89  476    0.68884    0.59890  13.1%  3358  740s
   111   112    0.61367   98  476    0.68884    0.59890  13.1%  3124  745s
   114   115    0.61382  101  460    0.68884    0.59890  13.1%  3106  750s
   116   117    0.61420  103  456    0.68884    0.59890  13.1%  3072  773s
   118   119    0.62307  105  469    0.68884    0.59890  13.1%  3059  776s
   124   125    0.61439  110  491    0.68884    0.59890  13.1%  3002  782s
   126   127    0.62007  111  515    0.68884    0.59890  13.1%  3058  789s
   127   128    0.61512  112  502    0.68884    0.59890  13.1%  3329  823s
   128   129    0.61513  113  482    0.68884    0.59890  13.1%  3322  825s
   144   145    0.61532  129  482    0.68884    0.59890  13.1%  3003  830s
   153   154    0.61571  138  457    0.68884    0.59890  13.1%  2885  836s
   166   167    0.61643  150  474    0.68884    0.59890  13.1%  2693  840s
   183   184    0.61668  167  469    0.68884    0.59890  13.1%  2491  846s
   186   187    0.61669  170  488    0.68884    0.59890  13.1%  2493  850s
   189   190    0.61938  172  476    0.68884    0.59890  13.1%  2507  858s
   193   194    0.61921  176  455    0.68884    0.59890  13.1%  2488  861s
   194   195    0.61873  176  474    0.68884    0.59890  13.1%  2548  868s
   195   196    0.61874  177  476    0.68884    0.59890  13.1%  2557  871s
   202   203    0.61878  184  454    0.68884    0.59890  13.1%  2491  875s
   220   221    0.61942  202  486    0.68884    0.59890  13.1%  2338  881s
   222   223    0.62047  204  499    0.68884    0.59890  13.1%  2344  885s
   230   231    0.62068  212  466    0.68884    0.59890  13.1%  2296  890s
   245   246    0.62085  227  503    0.68884    0.59890  13.1%  2193  896s
   250   251    0.62727  232  476    0.68884    0.59890  13.1%  2194  902s
   251   252    0.62177  232  484    0.68884    0.59890  13.1%  2225  907s
   253   254    0.62180  234  462    0.68884    0.59890  13.1%  2245  911s
   263   264    0.62199  244  467    0.68884    0.59890  13.1%  2194  916s
   270   271    0.62204  251  466    0.68884    0.59890  13.1%  2188  922s
   279   280    0.62206  260  456    0.68884    0.59890  13.1%  2138  925s
   283   284    0.62206  264  492    0.68884    0.59890  13.1%  2129  930s
   296   297    0.62225  277  494    0.68884    0.59890  13.1%  2057  935s
   346   347    0.62250  327  497    0.68884    0.59890  13.1%  1791  941s
   349   350    0.62252  330  476    0.68884    0.59890  13.1%  1789  945s
   381   382    0.62263  362  492    0.68884    0.59890  13.1%  1648  950s
   387   388    0.62264  368  507    0.68884    0.59890  13.1%  1669  958s
   391   392    0.62265  372  497    0.68884    0.59890  13.1%  1663  961s
   406   407    0.62275  387  492    0.68884    0.59890  13.1%  1627 1001s
   429   430    0.62284  410  518    0.68884    0.59890  13.1%  1561 1006s
   461   462    0.62301  442  500    0.68884    0.59890  13.1%  1468 1010s
   470   471    0.62303  451  500    0.68884    0.59890  13.1%  1451 1015s
   477   478    0.62306  458  505    0.68884    0.59890  13.1%  1444 1020s
   495   496    0.62320  476  476    0.68884    0.59890  13.1%  1423 1027s
   498   499    0.62323  479  489    0.68884    0.59890  13.1%  1435 1032s
   503   504    0.62330  484  503    0.68884    0.59890  13.1%  1428 1035s
   507   508    0.62339  488  497    0.68884    0.59890  13.1%  1439 1040s
   520   521    0.62355  501  515    0.68884    0.59890  13.1%  1422 1046s
   529   530    0.62360  510  509    0.68884    0.59890  13.1%  1415 1051s
   553   554    0.62368  534  491    0.68884    0.59890  13.1%  1377 1058s
   557   558    0.62369  538  478    0.68884    0.59890  13.1%  1379 1061s
   566   567    0.62374  547  504    0.68884    0.59890  13.1%  1375 1067s
   573   574    0.62377  554  520    0.68884    0.59890  13.1%  1380 1074s
   574   575    0.62378  555  496    0.68884    0.59890  13.1%  1381 1075s
   576   577    0.62379  557  514    0.68884    0.59890  13.1%  1393 1080s
   583   584    0.62381  564  505    0.68884    0.59890  13.1%  1394 1085s
   600   601    0.62385  581  494    0.68884    0.59890  13.1%  1369 1090s
   609   610    0.62389  590  508    0.68884    0.59890  13.1%  1370 1096s
   623   624    0.62392  604  513    0.68884    0.59890  13.1%  1353 1101s
   629   630    0.62393  610  528    0.68884    0.59890  13.1%  1358 1106s
   644   645    0.62396  625  507    0.68884    0.59890  13.1%  1336 1110s
   657   658    0.62398  638  515    0.68884    0.59890  13.1%  1325 1115s
   671   672    0.62403  652  487    0.68884    0.59890  13.1%  1307 1121s
   677   678    0.62406  658  504    0.68884    0.59890  13.1%  1312 1127s
   681   682    0.62407  662  515    0.68884    0.59890  13.1%  1314 1130s
   685   686    0.62408  666  513    0.68884    0.59890  13.1%  1316 1135s
   689   690    0.62409  670  504    0.68884    0.59890  13.1%  1331 1142s
   699   700    0.62410  680  528    0.68884    0.59890  13.1%  1327 1148s
   704   705    0.62414  685  536    0.68884    0.59890  13.1%  1331 1153s
   707   708    0.62414  688  533    0.68884    0.59890  13.1%  1337 1157s
   719   720    0.62418  700  515    0.68884    0.59890  13.1%  1325 1161s
   735   736    0.62435  716  497    0.68884    0.59890  13.1%  1314 1167s
   736   737    0.66313  717  430    0.68884    0.59890  13.1%  1316 1170s
   752   753    0.66354  732  420    0.68884    0.59890  13.1%  1299 1175s
   765   766    0.66448  744  434    0.68884    0.59890  13.1%  1287 1180s
   785   786    0.66533  764  415    0.68884    0.59890  13.1%  1268 1185s
   805   806    0.66652  784  449    0.68884    0.59890  13.1%  1249 1191s
   814   815    0.66818  792  405    0.68884    0.59890  13.1%  1241 1195s
   827   828    0.66789  805  415    0.68884    0.59890  13.1%  1234 1200s
   837   838    0.68205  814  408    0.68884    0.59890  13.1%  1231 1205s
   849   842    0.68337  823  424    0.68884    0.59890  13.1%  1225 1210s
   905   884    0.68523  878  332    0.68884    0.59890  13.1%  1158 1215s
   914   887    0.59896    2  714    0.68884    0.59896  13.0%  1186 1235s
H  915   887                       0.6881417    0.59896  13.0%  1185 1247s
   916   888    0.62092  224  750    0.68814    0.59896  13.0%  1184 1281s
   918   889    0.61127   67  491    0.68814    0.59896  13.0%  1181 1293s
H  918   844                       0.6878808    0.59896  12.9%  1181 1311s
   920   846    0.62303  450  610    0.68788    0.59896  12.9%  1178 1327s
H  920   804                       0.6876429    0.59896  12.9%  1178 1354s
H  920   763                       0.6861649    0.59896  12.7%  1178 1354s
   922   764    0.62206  269  735    0.68616    0.59896  12.7%  1176 1373s
H  922   726                       0.6861428    0.59991  12.6%  1176 1392s
H  922   690                       0.6861004    0.59991  12.6%  1176 1392s
   924   691    0.66515  756  640    0.68610    0.60628  11.6%  1173 1407s
   925   692    0.61388  102  613    0.68610    0.60802  11.4%  1172 1421s
   926   693    0.62380  560  617    0.68610    0.60840  11.3%  1171 1437s
H  926   658                       0.6856137    0.60884  11.2%  1171 1448s
H  926   625                       0.6854036    0.60884  11.2%  1171 1448s
   928   626    0.66322  723  603    0.68540    0.60908  11.1%  1168 1470s
   929   627    0.62387  572  619    0.68540    0.60920  11.1%  1167 1485s
   930   627    0.68369  834  677    0.68540    0.60933  11.1%  1166 1507s
H  930   595                       0.6853706    0.60969  11.0%  1166 1522s
   932   597    0.62410  676  714    0.68537    0.60985  11.0%  1163 1539s
   933   597    0.62333  481  624    0.68537    0.61014  11.0%  1162 1560s
   934   598    0.62219  275  585    0.68537    0.61021  11.0%  1161 1567s
   935   599    0.62372  518  666    0.68537    0.61037  10.9%  1160 1587s
   936   599    0.62219  276  609    0.68537    0.61041  10.9%  1158 1594s
H  936   569                       0.6822455    0.61070  10.5%  1158 1615s
H  936   540                       0.6810574    0.61070  10.3%  1158 1618s
   937   541    0.62293  437  558    0.68106    0.61070  10.3%  1157 1625s
   938   542    0.62410  674  598    0.68106    0.61070  10.3%  1156 1640s
   939   542    0.68106  878  602    0.68106    0.61089  10.3%  1155 1650s
   940   543    0.62267  374  559    0.68106    0.61097  10.3%  1153 1661s
H  940   515                       0.6772928    0.61107  9.78%  1153 1682s
H  940   489                       0.6752534    0.61107  9.51%  1153 1682s
   942   490    0.62401  649  536    0.67525    0.61109  9.50%  1151 1690s
   943   491    0.62420  705  596    0.67525    0.61114  9.49%  1150 1707s
   944   492    0.62220  277  670    0.67525    0.61116  9.49%  1148 1715s

Cutting planes:
  Learned: 12
  Cover: 119
  Implied bound: 232
  Projected implied bound: 44
  Clique: 31
  MIR: 560
  StrongCG: 18
  Flow cover: 652
  GUB cover: 7
  Zero half: 17
  Network: 58
  RLT: 3
  Relax-and-lift: 168
  BQP: 2

Explored 944 nodes (1788471 simplex iterations) in 1744.98 seconds (5474.15 work units)
Thread count was 1 (of 20 available processors)

Solution count 10: 0.675253 0.677293 0.681057 ... 0.686165

Time limit reached
Best objective 6.752533843666e-01, best bound 6.112010296450e-01, gap 9.4857%

User-callback calls 167397, time in user-callback 0.02 sec
