
Gurobi 13.0.2 (win64) logging started Sat Jul 25 09:37:46 2026

Set parameter LogFile to value "E:\codes\ExactEBRP\results\gf_nonblocking_gurobi_c6_round31\runs\stage6__round31_sealed_high_imbalance_V20_seed1968399862__p_grb__1200s\native.log"
Set parameter Threads to value 1
Set parameter Presolve to value -1
Set parameter Seed to value 0
Set parameter MIPGap to value 0
Set parameter MIPGapAbs to value 0
Set parameter TimeLimit to value 1200
Read LP format model from file E:\codes\ExactEBRP\results\gf_nonblocking_gurobi_c6_round31\runs\stage6__round31_sealed_high_imbalance_V20_seed1968399862__p_grb__1200s\canonical.lp
Reading time = 0.01 seconds
obj: 5066 rows, 2113 columns, 23343 nonzeros
Set parameter TimeLimit to value 1194.9415158
Gurobi Optimizer version 13.0.2 build v13.0.2rc1 (win64 - Windows 10.0 (19045.2))

CPU model: 12th Gen Intel(R) Core(TM) i7-12700KF, instruction set [SSE2|AVX|AVX2]
Thread count: 12 physical cores, 20 logical processors, using up to 1 threads

Non-default parameters:
TimeLimit  1194.9415158
MIPGap  0
MIPGapAbs  0
LogToConsole  0
Threads  1

Optimize a model with 5066 rows, 2113 columns and 23343 nonzeros (Min)
Model fingerprint: 0xf5a3cdff
Model has 21 linear objective coefficients
Variable types: 422 continuous, 1691 integer (1491 binary)
Coefficient statistics:
  Matrix range     [2e-02, 5e+02]
  Objective range  [1e-02, 1e+00]
  Bounds range     [1e+00, 5e+01]
  RHS range        [1e+00, 4e+03]

Presolve removed 166 rows and 37 columns
Presolve time: 0.06s
Presolved: 4900 rows, 2076 columns, 40724 nonzeros
Variable types: 204 continuous, 1872 integer (1485 binary)
Found heuristic solution: objective 7.5178035

Root relaxation: objective 8.516908e-01, 1955 iterations, 0.09 seconds (0.20 work units)

    Nodes    |    Current Node    |     Objective Bounds      |     Work
 Expl Unexpl |  Obj  Depth IntInf | Incumbent    BestBd   Gap | It/Node Time

     0     0    0.85169    0  335    7.51780    0.85169  88.7%     -    0s
     0     0    0.85328    0  323    7.51780    0.85328  88.6%     -    0s
H    0     0                       7.3092172    0.85328  88.3%     -    0s
     0     0    0.98212    0  396    7.30922    0.98212  86.6%     -    0s
H    0     0                       7.3081791    0.98212  86.6%     -    0s
H    0     0                       5.3498547    0.98212  81.6%     -    0s
H    0     0                       5.3475128    0.98212  81.6%     -    0s
     0     0    0.98427    0  395    5.34751    0.98427  81.6%     -    0s
     0     0    1.01771    0  455    5.34751    1.01771  81.0%     -    0s
H    0     0                       5.3473027    1.01771  81.0%     -    0s
     0     0    1.01838    0  472    5.34730    1.01838  81.0%     -    0s
     0     0    1.02279    0  525    5.34730    1.02279  80.9%     -    0s
     0     0    1.02301    0  491    5.34730    1.02301  80.9%     -    0s
     0     0    1.02555    0  488    5.34730    1.02555  80.8%     -    0s
H    0     0                       3.6599180    1.02555  72.0%     -    0s
H    0     0                       3.6528979    1.02555  71.9%     -    0s
H    0     0                       3.6525925    1.02555  71.9%     -    0s
H    0     0                       3.6452123    1.02555  71.9%     -    1s
H    0     0                       3.6449610    1.02555  71.9%     -    1s
H    0     0                       3.6384793    1.02555  71.8%     -    1s
H    0     0                       3.6317463    1.02555  71.8%     -    1s
H    0     0                       3.6182804    1.02555  71.7%     -    1s
H    0     0                       3.6176332    1.02555  71.7%     -    1s
H    0     0                       3.6131228    1.02555  71.6%     -    1s
H    0     0                       3.5462296    1.02555  71.1%     -    1s
     0     0    1.02659    0  526    3.54623    1.02659  71.1%     -    1s
     0     0    1.02732    0  537    3.54623    1.02732  71.0%     -    1s
     0     0    1.02733    0  513    3.54623    1.02733  71.0%     -    1s
     0     0    1.02746    0  525    3.54623    1.02746  71.0%     -    1s
     0     0    1.02756    0  540    3.54623    1.02756  71.0%     -    1s
     0     0    1.02766    0  541    3.54623    1.02766  71.0%     -    1s
     0     0    1.02774    0  544    3.54623    1.02774  71.0%     -    1s
     0     0    1.02778    0  564    3.54623    1.02778  71.0%     -    1s
     0     0    1.02778    0  561    3.54623    1.02778  71.0%     -    1s
     0     0    1.02778    0  548    3.54623    1.02778  71.0%     -    1s
H    0     0                       3.3991615    1.02778  69.8%     -    1s
H    0     0                       3.3956198    1.02778  69.7%     -    1s
H    0     0                       3.3955308    1.02778  69.7%     -    1s
H    0     0                       3.3802383    1.02778  69.6%     -    1s
H    0     0                       3.3752353    1.02778  69.5%     -    1s
H    0     0                       3.3751506    1.02778  69.5%     -    1s
H    0     0                       3.3750668    1.02778  69.5%     -    1s
H    0     0                       3.3749838    1.02778  69.5%     -    1s
H    0     0                       3.3721318    1.02778  69.5%     -    1s
H    0     0                       3.3715024    1.02778  69.5%     -    1s
H    0     0                       3.3708502    1.02778  69.5%     -    1s
H    0     0                       3.3653036    1.02778  69.5%     -    1s
H    0     0                       3.3652133    1.02778  69.5%     -    1s
H    0     0                       3.3651891    1.02778  69.5%     -    1s
H    0     0                       3.3651072    1.02778  69.5%     -    1s
H    0     0                       3.3646055    1.02778  69.5%     -    1s
H    0     0                       3.3644396    1.02778  69.5%     -    1s
     0     2    1.02778    0  548    3.36444    1.02778  69.5%     -    1s
H    5     5                       3.3625186    1.02979  69.4%   318    2s
H    5     5                       3.3600643    1.02979  69.4%   318    2s
H    5     5                       3.3527138    1.02979  69.3%   318    2s
H    5     5                       3.3515221    1.02979  69.3%   318    2s
H    5     5                       3.3508117    1.02979  69.3%   318    2s
H    5     5                       3.3487768    1.02979  69.2%   318    2s
H   10    10                       3.3477904    1.02979  69.2%   304    2s
H   16    16                       3.3410401    1.02979  69.2%   283    2s
H   16    16                       3.3408715    1.02979  69.2%   283    2s
H   16    16                       3.3408693    1.02979  69.2%   283    2s
H   16    16                       3.0333746    1.02979  66.1%   283    2s
H   16    16                       3.0216737    1.02979  65.9%   283    2s
H   21    19                       2.9075876    1.02979  64.6%   259    2s
H   21    19                       2.8982828    1.02979  64.5%   259    2s
H   21    19                       2.8959409    1.02979  64.4%   259    2s
H   21    19                       2.8850480    1.02979  64.3%   259    2s
H   24    22                       2.8845766    1.02979  64.3%   259    2s
H   24    22                       2.8840523    1.02979  64.3%   259    2s
H   24    22                       2.8835562    1.02979  64.3%   259    2s
H   34    30                       2.8828247    1.02979  64.3%   245    3s
H   34    30                       2.8823806    1.02979  64.3%   245    3s
H   59    53                       2.8793266    1.02979  64.2%   187    3s
H   59    53                       2.8780433    1.02979  64.2%   187    3s
H   59    53                       2.8775487    1.02979  64.2%   187    3s
H   59    53                       2.8774984    1.02979  64.2%   187    3s
H   59    53                       2.8772239    1.02979  64.2%   187    3s
H   67    61                       2.8769923    1.02979  64.2%   175    3s
H   67    61                       2.8768796    1.02979  64.2%   175    3s
H   67    61                       2.8767814    1.02979  64.2%   175    3s
H   67    61                       2.8766870    1.02979  64.2%   175    3s
H   67    61                       2.8765887    1.02979  64.2%   175    3s
H   67    61                       2.8765767    1.02979  64.2%   175    3s
H   67    61                       2.8765236    1.02979  64.2%   175    3s
H   91    77                       2.8758991    1.02979  64.2%   149    3s
H   91    77                       2.8749207    1.02979  64.2%   149    3s
H   91    77                       2.8747958    1.02979  64.2%   149    3s
H   91    77                       2.8747610    1.02979  64.2%   149    3s
H   91    77                       2.8745593    1.02979  64.2%   149    3s
H   91    77                       2.8745026    1.02979  64.2%   149    3s
H  141   112                       2.8744292    1.02979  64.2%   119    3s
H  153   118                       2.8226028    1.06026  62.4%   118    4s
H  153   118                       2.8214597    1.06026  62.4%   118    4s
H  153   118                       2.6845364    1.06026  60.5%   118    4s
H  153   118                       2.6781647    1.06026  60.4%   118    4s
H  153   118                       2.6769574    1.06026  60.4%   118    4s
H  153   118                       2.6746260    1.06026  60.4%   118    4s
H  153   118                       2.6731977    1.06026  60.3%   118    4s
H  153   118                       2.6730070    1.06026  60.3%   118    4s
H  159   121                       2.2899314    1.06026  53.7%   122    4s
H  159   121                       2.2856125    1.06026  53.6%   122    4s
H  159   121                       2.2810364    1.06026  53.5%   122    4s
H  159   121                       2.2733747    1.06026  53.4%   122    4s
H  159   121                       2.2733357    1.06026  53.4%   122    4s
H  159   121                       2.2716711    1.06026  53.3%   122    4s
H  159   121                       2.2716279    1.06026  53.3%   122    4s
H  159   121                       2.2711945    1.06026  53.3%   122    4s
H  159   121                       2.2709138    1.06026  53.3%   122    4s
H  161   123                       2.2687351    1.06026  53.3%   124    4s
H  161   123                       2.2686597    1.06026  53.3%   124    4s
H  161   123                       2.2684289    1.06026  53.3%   124    4s
H  210   170                       2.2684289    1.06026  53.3%   108    4s
   238   191    1.08966   10  433    2.26843    1.06076  53.2%   107    5s
H  550   422                       2.2626039    1.06948  52.7%  91.0    7s
H  550   421                       2.2505985    1.06948  52.5%  91.0    7s
H  586   458                       2.2499721    1.06948  52.5%  87.0    7s
   594   464    1.25221   36  498    2.24997    1.08676  51.7%  85.9   10s
H  607   448                       2.2403910    1.09120  51.3%   104   13s
H  607   425                       2.2398375    1.09120  51.3%   104   13s
H  607   403                       2.2383529    1.09120  51.2%   104   13s
H  607   383                       2.2378007    1.09120  51.2%   104   13s
H  607   363                       2.2343409    1.09120  51.2%   104   13s
H  609   347                       2.2280336    1.09120  51.0%   104   13s
H  609   329                       2.2238944    1.09120  50.9%   104   13s
H  609   313                       2.2177849    1.09120  50.8%   104   13s
H  609   297                       2.2153863    1.09120  50.7%   104   13s
H  609   282                       2.2139351    1.09120  50.7%   104   13s
H  609   267                       2.2080637    1.09120  50.6%   104   13s
H  609   254                       2.2066785    1.09120  50.6%   104   13s
H  609   241                       2.2056611    1.09120  50.5%   104   13s
H  609   229                       2.2049941    1.09120  50.5%   104   13s
H  609   217                       2.2048354    1.09120  50.5%   104   13s
H  609   206                       2.2046944    1.09120  50.5%   104   13s
H  609   195                       2.2043693    1.09120  50.5%   104   13s
H  609   185                       2.2030050    1.09120  50.5%   104   13s
H  609   176                       2.2029455    1.09120  50.5%   104   13s
H  609   167                       2.2024715    1.09120  50.5%   104   13s
H  609   158                       2.2023315    1.09120  50.5%   104   13s
H  610   150                       2.2008251    1.09120  50.4%   105   13s
H  611   143                       2.1987267    1.09132  50.4%   105   13s
   626   155    1.11312   22  433    2.19873    1.09285  50.3%   113   15s
H  630   149                       2.1985205    1.09285  50.3%   113   15s
H  630   142                       2.1982523    1.09285  50.3%   113   15s
H  630   135                       2.1976010    1.09285  50.3%   113   15s
H  655   140                       2.1975941    1.09285  50.3%   117   18s
H  670   144                       2.1975525    1.09285  50.3%   116   18s
H  688   146                       2.1975525    1.09285  50.3%   116   18s
   736   164    1.26941   23  436    2.19755    1.09395  50.2%   117   20s
H  869   221                       2.1339833    1.09395  48.7%   114   23s
H  869   216                       2.1328719    1.09395  48.7%   114   23s
H  869   213                       2.1327234    1.09395  48.7%   114   23s
H  869   213                       2.1326040    1.09395  48.7%   114   23s
H  891   221                       2.1215691    1.09395  48.4%   113   23s
H  891   221                       2.1211352    1.09395  48.4%   113   23s
H  891   221                       2.1203099    1.09395  48.4%   113   23s
H  891   221                       2.1198813    1.09395  48.4%   113   23s
H  891   221                       2.1198121    1.09395  48.4%   113   23s
H  891   221                       2.1195954    1.09395  48.4%   113   23s
H  891   221                       2.1193787    1.09395  48.4%   113   23s
H  891   221                       2.1191590    1.09395  48.4%   113   23s
H  891   221                       2.1187301    1.09395  48.4%   113   23s
H  891   221                       2.1185135    1.09395  48.4%   113   23s
H  892   222                       2.1177890    1.09499  48.3%   114   23s
H  892   222                       2.1152320    1.09499  48.2%   114   23s
H  892   222                       2.1147492    1.09499  48.2%   114   23s
H  895   225                       2.1142544    1.09499  48.2%   115   24s
H  895   225                       2.1141885    1.09499  48.2%   115   24s
H  895   225                       2.1141723    1.09499  48.2%   115   24s
H  895   225                       2.1141407    1.09499  48.2%   115   24s
   912   244    1.15198   25  453    2.11414    1.09499  48.2%   116   25s
H 1013   322                       2.1126958    1.09499  48.2%   122   30s
H 1014   323                       2.1126013    1.09499  48.2%   122   30s
H 1014   323                       2.1125159    1.09499  48.2%   122   30s
H 1014   323                       2.1120045    1.09499  48.2%   122   30s
H 1014   323                       2.1115240    1.09499  48.1%   122   30s
H 1014   323                       2.1115133    1.09499  48.1%   122   30s
H 1014   323                       2.1113689    1.09499  48.1%   122   30s
H 1014   323                       2.1111190    1.09499  48.1%   122   30s
H 1014   323                       2.1100153    1.09499  48.1%   122   30s
H 1014   323                       2.1096945    1.09499  48.1%   122   30s
H 1014   323                       2.1096861    1.09499  48.1%   122   30s
H 1015   324                       2.1096036    1.09499  48.1%   122   30s
H 1015   324                       2.1096004    1.09499  48.1%   122   30s
H 1015   324                       2.1090504    1.09499  48.1%   122   30s
H 1017   326                       2.1090274    1.09499  48.1%   122   30s
H 1029   334                       2.1089622    1.09499  48.1%   123   30s
H 1029   334                       2.1089579    1.09499  48.1%   123   30s
H 1029   334                       2.1088159    1.09499  48.1%   123   30s
H 1100   388                       2.1085647    1.09499  48.1%   125   33s
H 1100   388                       2.1085301    1.09499  48.1%   125   33s
H 1100   388                       2.1085117    1.09499  48.1%   125   33s
H 1100   388                       2.1084225    1.09499  48.1%   125   33s
H 1130   407                       2.1065550    1.09583  48.0%   128   34s
H 1130   407                       2.1037880    1.09583  47.9%   128   34s
H 1130   407                       2.1037407    1.09583  47.9%   128   34s
H 1130   407                       2.1027543    1.09583  47.9%   128   34s
H 1130   407                       2.1014003    1.09583  47.9%   128   34s
  1130   409    1.61057   30  380    2.10140    1.09583  47.9%   129   35s
H 1131   408                       2.1009974    1.09583  47.8%   129   35s
H 1131   408                       2.1006919    1.09583  47.8%   129   35s
H 1132   409                       2.1002934    1.09583  47.8%   128   35s
H 1160   437                       2.1000516    1.09583  47.8%   128   36s
H 1165   441                       2.0999590    1.09583  47.8%   128   36s
H 1165   441                       2.0998214    1.09583  47.8%   128   36s
H 1165   441                       2.0997283    1.09583  47.8%   128   36s
H 1165   441                       2.0995901    1.09583  47.8%   128   36s
  1277   525    1.10509   19  466    2.09959    1.09619  47.8%   128   40s
  1471   655    1.71715   54  346    2.09959    1.09619  47.8%   128   45s
  1683   833    1.30313   66  316    2.09959    1.09653  47.8%   123   50s
H 1969  1039                       2.0995901    1.09695  47.8%   115   54s
  1969  1041    1.10269   20  425    2.09959    1.09695  47.8%   115   55s
  2200  1227    1.29204   45  390    2.09959    1.09722  47.7%   113   60s
  2458  1410    1.24932   21  408    2.09959    1.09775  47.7%   113   65s
  2711  1586    1.18663   26  407    2.09959    1.09808  47.7%   113   70s
H 2929  1756                       2.0884419    1.09957  47.3%   111   73s
H 2929  1756                       2.0882873    1.09957  47.3%   111   73s
H 2929  1756                       2.0882217    1.09957  47.3%   111   73s
H 2929  1756                       2.0877448    1.09957  47.3%   111   73s
H 2929  1756                       2.0876116    1.09957  47.3%   111   73s
H 2929  1756                       2.0874708    1.09957  47.3%   111   73s
  2958  1777    1.15877   27  445    2.08747    1.09963  47.3%   111   75s
  3235  1976    1.62811   52  351    2.08747    1.10053  47.3%   109   80s
  3473  2165    1.56053   35  408    2.08747    1.10091  47.3%   108   85s
H 3511  2183                       2.0874708    1.10095  47.3%   108   86s
  3609  2257 infeasible   29         2.08747    1.10119  47.2%   109   90s
  3875  2447 infeasible   36         2.08747    1.10252  47.2%   112   95s
H 3941  2488                       2.0874708    1.10279  47.2%   113   96s
  4142  2629    1.62369   55  285    2.08747    1.10287  47.2%   112  100s
  4461  2822    1.10548   23  467    2.08747    1.10328  47.1%   113  105s
  4787  3065    1.31810   23  415    2.08747    1.10387  47.1%   113  110s
  5010  3237    1.25071   43  381    2.08747    1.10412  47.1%   113  115s
  5319  3442    1.34870   25  413    2.08747    1.10434  47.1%   112  120s
  5738  3740    1.77579   55  357    2.08747    1.10491  47.1%   111  125s
  5981  3917    1.38551   21  464    2.08747    1.10527  47.1%   111  130s
  6336  4140    1.12233   27  438    2.08747    1.10586  47.0%   112  135s
  6657  4346    1.49699   31  361    2.08747    1.10660  47.0%   113  140s
  6965  4565    1.67793   38  397    2.08747    1.10733  47.0%   113  145s
  7214  4742    1.45102   55  313    2.08747    1.10745  46.9%   113  150s
  7504  4929    2.05814   47  332    2.08747    1.10795  46.9%   114  155s
  7791  5114    1.17125   25  437    2.08747    1.10835  46.9%   114  160s
  7972  5224    1.11562   26  462    2.08747    1.10875  46.9%   115  165s
  8319  5481 infeasible   36         2.08747    1.10910  46.9%   115  170s
  8663  5682 infeasible   38         2.08747    1.10964  46.8%   115  175s
  8875  5810    1.34185   41  374    2.08747    1.11000  46.8%   115  180s
  9166  5990    1.13177   25  476    2.08747    1.11062  46.8%   116  185s
  9340  6109    2.01597   70  279    2.08747    1.11103  46.8%   116  190s
  9696  6360    1.15989   27  421    2.08747    1.11140  46.8%   116  195s
  9941  6538    1.14486   28  446    2.08747    1.11162  46.7%   115  200s
 10203  6721    1.33207   28  548    2.08747    1.11216  46.7%   115  217s
 10212  6727    1.14744   26  524    2.08747    1.11216  46.7%   115  220s
 10218  6731    1.71066   71  532    2.08747    1.11216  46.7%   115  225s
 10224  6735    1.80467   75  547    2.08747    1.11216  46.7%   114  230s
 10230  6739    1.36929   46  559    2.08747    1.11216  46.7%   114  235s
 10235  6742    1.20000   32  567    2.08747    1.11216  46.7%   114  240s
 10241  6746    1.41012   51  576    2.08747    1.11216  46.7%   114  245s
 10247  6750    1.20835   31  570    2.08747    1.11216  46.7%   114  250s
 10253  6754    1.19180   39  591    2.08747    1.11216  46.7%   114  255s
 10259  6758    1.93944   43  570    2.08747    1.11216  46.7%   114  260s
 10266  6763    1.69027   67  587    2.08747    1.11216  46.7%   114  265s
 10272  6767    1.64462   68  596    2.08747    1.11216  46.7%   114  270s
 10279  6772    1.70901   50  595    2.08747    1.11216  46.7%   114  275s
 10285  6776    1.20507   39  600    2.08747    1.11216  46.7%   114  280s
 10291  6780    1.34989   48  600    2.08747    1.11216  46.7%   114  285s
 10302  6787    1.12589   22  610    2.08747    1.11216  46.7%   114  290s
 10372  6831    1.65285   60  352    2.08747    1.11216  46.7%   116  295s
 10467  6867    1.69506   63  319    2.08747    1.11216  46.7%   117  300s
 10645  6928    2.00114   69  312    2.08747    1.11216  46.7%   117  305s
 10723  6960    1.49456   63  364    2.08747    1.11216  46.7%   117  310s
 10817  6986    1.12690   36  452    2.08747    1.11216  46.7%   118  315s
 10914  7020    1.16138   37  434    2.08747    1.11216  46.7%   119  320s
 10998  7055    1.52579   47  399    2.08747    1.11216  46.7%   120  325s
 11119  7099    1.11216   32  469    2.08747    1.11216  46.7%   121  330s
 11229  7160    1.47262   48  406    2.08747    1.11216  46.7%   121  335s
H11277  6841                       2.0874708    1.11216  46.7%   121  338s
H11277  6517                       2.0874707    1.11216  46.7%   121  342s
 11323  6542    1.13791   41  407    2.08747    1.11216  46.7%   121  345s
 11445  6582    1.15198   45  422    2.08747    1.11216  46.7%   121  350s
 11571  6649    2.08530   68  338    2.08747    1.11216  46.7%   122  355s
 11668  6681    1.29277   42  388    2.08747    1.11216  46.7%   122  360s
 11810  6727    1.13263   30  507    2.08747    1.11216  46.7%   123  365s
 11993  6819    1.54168   33  489    2.08747    1.11216  46.7%   122  370s
 12173  6879    1.13157   37  468    2.08747    1.11216  46.7%   122  375s
 12333  6907    1.15091   40  403    2.08747    1.11216  46.7%   123  380s
 12526  6974    1.11216   33  475    2.08747    1.11216  46.7%   123  385s
 12704  7027    1.70698   39  422    2.08747    1.11216  46.7%   124  390s
 12887  7074    1.86473   55  398    2.08747    1.11216  46.7%   124  395s
 13090  7149    1.27630   38  414    2.08747    1.11216  46.7%   124  400s
 13260  7186    1.11602   36  429    2.08747    1.11216  46.7%   125  405s
 13421  7241    1.98823   48  357    2.08747    1.11216  46.7%   125  410s
 13612  7302    2.05827   69  263    2.08747    1.11216  46.7%   125  415s
 13746  7331    1.11551   36  459    2.08747    1.11280  46.7%   127  420s
 13865  7384    1.54997   93  261    2.08747    1.11285  46.7%   127  425s
 14028  7431    1.58625   46  396    2.08747    1.11367  46.6%   127  430s
 14201  7457    1.57225   42  383    2.08747    1.11439  46.6%   128  435s
 14428  7534    1.61657   55  408    2.08747    1.11483  46.6%   128  440s
 14650  7619    1.73147   39  408    2.08747    1.11516  46.6%   127  445s
 14775  7649    1.13469   34  475    2.08747    1.11547  46.6%   127  450s
 14946  7685    1.13520   37  490    2.08747    1.11606  46.5%   128  455s
 15128  7764    1.53373   65  325    2.08747    1.11628  46.5%   128  460s
 15334  7827    1.77828   64  379    2.08747    1.11644  46.5%   128  465s
 15556  7907    1.91923   44  395    2.08747    1.11683  46.5%   128  470s
 15737  7958    1.60585   50  365    2.08747    1.11733  46.5%   128  486s
 15860  8005    1.62802   39  392    2.08747    1.11746  46.5%   128  490s
 16065  8067    1.22055   47  394    2.08747    1.11781  46.5%   128  495s
 16301  8173    2.00694   49  401    2.08747    1.11816  46.4%   128  500s
 16467  8219    1.62873   63  404    2.08747    1.11889  46.4%   128  505s
 16718  8293    1.89209   45  453    2.08747    1.11940  46.4%   128  510s
 16984  8384 infeasible   44         2.08747    1.11990  46.4%   128  515s
 17167  8440    1.16674   38  434    2.08747    1.12065  46.3%   128  520s
 17312  8457    1.29502   45  425    2.08747    1.12125  46.3%   128  525s
 17467  8498    1.24099   38  517    2.08747    1.12191  46.3%   129  530s
 17644  8548    1.98589   49  397    2.08747    1.12237  46.2%   129  535s
 17835  8608    1.69596   70  359    2.08747    1.12294  46.2%   129  540s
 18019  8658    1.24228   40  469    2.08747    1.12361  46.2%   129  545s
 18209  8701    1.72728   45  407    2.08747    1.12388  46.2%   129  550s
 18380  8758     cutoff   48         2.08747    1.12423  46.1%   130  555s
 18485  8774    1.56683   42  394    2.08747    1.12470  46.1%   130  560s
 18643  8813    1.88864   79  341    2.08747    1.12493  46.1%   131  565s
 18737  8836    1.58141   45  423    2.08747    1.12505  46.1%   131  570s
 18923  8886    2.01229   62  337    2.08747    1.12561  46.1%   131  575s
 19117  8943    2.08441   69  273    2.08747    1.12605  46.1%   131  580s
 19316  8993    1.14849   35  420    2.08747    1.12635  46.0%   131  585s
 19519  9080    1.69507   67  361    2.08747    1.12657  46.0%   131  590s
 19642  9120    1.29341   40  433    2.08747    1.12684  46.0%   131  595s
 19807  9151    1.41311   45  428    2.08747    1.12705  46.0%   131  600s
 20079  9241    1.59617   50  398    2.08747    1.12728  46.0%   131  605s
 20271  9286    1.98210   57  369    2.08747    1.12770  46.0%   131  610s
 20464  9303    1.24513   43  457    2.08747    1.12826  46.0%   131  615s
 20614  9328     cutoff   45         2.08747    1.12854  45.9%   132  620s
 20796  9348 infeasible   41         2.08747    1.12868  45.9%   132  625s
 20970  9381    1.21877   34  460    2.08747    1.12897  45.9%   132  630s
 21154  9434    1.62285   45  409    2.08747    1.12920  45.9%   132  635s
 21318  9463 infeasible   47         2.08747    1.12962  45.9%   133  640s
 21460  9496    1.17410   38  465    2.08747    1.13008  45.9%   133  645s
 21662  9552    1.64343   63  373    2.08747    1.13034  45.9%   133  650s
 21881  9579    1.56259   41  425    2.08747    1.13068  45.8%   133  655s
 22059  9620 infeasible   51         2.08747    1.13089  45.8%   133  660s
 22239  9669    1.96918   82  297    2.08747    1.13169  45.8%   133  665s
 22422  9717    1.27814   49  393    2.08747    1.13198  45.8%   133  670s
 22696  9807    1.27715   44  445    2.08747    1.13257  45.7%   133  675s
 22876  9850    1.40360   39  438    2.08747    1.13268  45.7%   133  680s
 23073  9890    1.19257   42  411    2.08747    1.13291  45.7%   133  685s
 23270  9949    1.42964   48  407    2.08747    1.13306  45.7%   133  690s
 23421  9986    1.13578   39  445    2.08747    1.13339  45.7%   132  695s
 23603 10020 infeasible   38         2.08747    1.13368  45.7%   133  700s
 23687 10050    1.50813   71  299    2.08747    1.13380  45.7%   133  705s
 23796 10083    1.61907   46  401    2.08747    1.13395  45.7%   133  710s
 23982 10151    1.25352   40  463    2.08747    1.13430  45.7%   133  715s
 24108 10170    1.60076   47  425    2.08747    1.13450  45.7%   133  720s
 24251 10193 infeasible   46         2.08747    1.13481  45.6%   133  725s
 24405 10231    1.86292   57  380    2.08747    1.13503  45.6%   134  730s
 24591 10251    1.18278   34  482    2.08747    1.13546  45.6%   134  735s
 24765 10300    1.61330   46  394    2.08747    1.13564  45.6%   134  740s
 24881 10322    2.07972   45  420    2.08747    1.13573  45.6%   134  745s
 25059 10356    1.89617   43  443    2.08747    1.13588  45.6%   134  750s
 25292 10425    1.19873   36  466    2.08747    1.13619  45.6%   134  755s
 25471 10477    1.89704   47  408    2.08747    1.13643  45.6%   134  760s
 25649 10521    1.42973   46  373    2.08747    1.13651  45.6%   134  765s
 25818 10565    1.13793   38  472    2.08747    1.13678  45.5%   134  770s
 26036 10622    1.43166   48  399    2.08747    1.13725  45.5%   134  775s
 26204 10665    1.56882   43  448    2.08747    1.13746  45.5%   135  780s
 26376 10724     cutoff   57         2.08747    1.13758  45.5%   135  785s
 26581 10764    1.14666   36  454    2.08747    1.13789  45.5%   135  790s
H26649 10463                       2.0874707    1.13793  45.5%   135  792s
 26771 10497    1.88824   48  368    2.08747    1.13807  45.5%   135  795s
 26970 10527    2.01972   63  352    2.08747    1.13865  45.5%   135  800s
 27138 10562    2.05925   67  246    2.08747    1.13918  45.4%   134  805s
 27326 10608    1.25076   42  397    2.08747    1.13940  45.4%   134  810s
 27469 10652    1.61445   74  324    2.08747    1.13942  45.4%   135  815s
 27707 10666     cutoff   45         2.08747    1.13979  45.4%   134  820s
 27895 10751    1.58793   44  432    2.08747    1.14027  45.4%   134  825s
 28066 10856    1.31931   42  418    2.08747    1.14065  45.4%   135  830s
 28229 10950    1.81441   54  349    2.08747    1.14080  45.4%   135  835s
 28310 10988    1.17579   42  390    2.08747    1.14124  45.3%   135  840s
 28487 11086    1.73633   47  435    2.08747    1.14148  45.3%   135  845s
 28672 11191    1.42171   54  384    2.08747    1.14192  45.3%   135  850s
 28864 11298    1.20561   37  417    2.08747    1.14229  45.3%   135  855s
 29013 11385    1.57850   62  345    2.08747    1.14267  45.3%   135  860s
 29214 11504 infeasible   65         2.08747    1.14299  45.2%   135  865s
 29344 11578    1.63253   50  411    2.08747    1.14312  45.2%   136  870s
 29547 11703    1.65067   39  445    2.08747    1.14331  45.2%   136  875s
 29733 11814    1.64339   46  378    2.08747    1.14341  45.2%   136  880s
 29941 11940    1.90640   53  404    2.08747    1.14362  45.2%   136  885s
 30107 12047    1.81409   73  302    2.08747    1.14376  45.2%   136  890s
 30264 12134    1.15148   41  453    2.08747    1.14406  45.2%   136  895s
 30337 12168    1.63017   55  397    2.08747    1.14420  45.2%   136  908s
 30375 12190    1.62598   59  364    2.08747    1.14423  45.2%   136  910s
 30563 12312    1.19909   40  446    2.08747    1.14437  45.2%   136  915s
 30713 12405    1.73153   50  361    2.08747    1.14444  45.2%   136  920s
 30937 12549    1.62006   71  335    2.08747    1.14463  45.2%   136  925s
 31163 12686    2.07879   85   99    2.08747    1.14537  45.1%   136  930s
 31309 12766    1.27631   40  388    2.08747    1.14574  45.1%   136  935s
 31483 12861    1.25605   33  468    2.08747    1.14585  45.1%   136  940s
 31639 12932    1.29787   40  406    2.08747    1.14603  45.1%   137  945s
 31798 13023    2.00411   58  358    2.08747    1.14617  45.1%   137  950s
 31967 13098     cutoff   41         2.08747    1.14656  45.1%   137  955s
 32139 13186    2.01895   60  329    2.08747    1.14681  45.1%   137  960s
 32325 13283    1.72579   41  462    2.08747    1.14725  45.0%   137  965s
 32512 13394    1.21294   45  366    2.08747    1.14750  45.0%   137  970s
 32679 13499    1.92358   70  295    2.08747    1.14755  45.0%   138  975s
 32875 13609    1.94552   60  411    2.08747    1.14765  45.0%   138  980s
 33064 13691    1.32679   48  413    2.08747    1.14779  45.0%   138  985s
 33244 13811    1.33660   51  410    2.08747    1.14792  45.0%   138  990s
 33437 13910    1.57382   41  415    2.08747    1.14841  45.0%   138  995s
 33572 13964 infeasible   63         2.08747    1.14854  45.0%   138 1000s
 33768 14076    1.97854   61  385    2.08747    1.14880  45.0%   138 1005s
 33906 14143    1.43303   49  416    2.08747    1.14904  45.0%   138 1010s
 34117 14259     cutoff   91         2.08747    1.14922  44.9%   138 1015s
 34283 14362     cutoff   48         2.08747    1.14943  44.9%   138 1020s
 34464 14442    1.92549   53  388    2.08747    1.14985  44.9%   138 1025s
 34588 14490    1.61879   46  434    2.08747    1.15018  44.9%   139 1030s
 34753 14599    1.32205   51  385    2.08747    1.15044  44.9%   139 1035s
 34917 14711    1.65358   61  321    2.08747    1.15054  44.9%   139 1040s
 35109 14802    1.22182   36  416    2.08747    1.15084  44.9%   139 1045s
 35266 14894     cutoff   46         2.08747    1.15101  44.9%   139 1050s
 35433 14989    1.78042   50  415    2.08747    1.15140  44.8%   139 1055s
 35610 15089    1.68036   59  354    2.08747    1.15165  44.8%   139 1060s
 35780 15193 infeasible   90         2.08747    1.15182  44.8%   139 1065s
 35951 15295 infeasible   56         2.08747    1.15202  44.8%   139 1070s
 36090 15372    1.27561   44  451    2.08747    1.15210  44.8%   140 1075s
 36271 15446    1.60896   52  413    2.08747    1.15219  44.8%   140 1080s
H36370 15503                       2.0874707    1.15223  44.8%   140 1082s
 36487 15552    1.37732   43  456    2.08747    1.15257  44.8%   140 1085s
 36629 15622     cutoff   52         2.08747    1.15292  44.8%   140 1090s
 36806 15727    1.95033   59  401    2.08747    1.15326  44.8%   140 1095s
 36990 15832    1.59866   50  426    2.08747    1.15375  44.7%   140 1100s
 37185 15950 infeasible   68         2.08747    1.15423  44.7%   140 1105s
 37325 16004    1.63317   42  436    2.08747    1.15458  44.7%   140 1110s
 37558 16154    1.93250  107  232    2.08747    1.15484  44.7%   140 1115s
 37779 16249    1.31168   45  435    2.08747    1.15533  44.7%   140 1120s
 37935 16308    1.27226   34  471    2.08747    1.15560  44.6%   140 1125s
 38098 16403    1.74876   60  356    2.08747    1.15566  44.6%   140 1130s
 38306 16490    1.63733   54  320    2.08747    1.15612  44.6%   140 1135s
 38552 16654     cutoff   54         2.08747    1.15640  44.6%   140 1140s
 38704 16717    1.50821   52  397    2.08747    1.15687  44.6%   140 1145s
 38937 16854    1.83391   55  372    2.08747    1.15710  44.6%   140 1150s
 39127 16950    1.61972   52  400    2.08747    1.15733  44.6%   140 1155s
 39298 17040    1.95963   48  431    2.08747    1.15741  44.6%   140 1160s
 39489 17126    1.18407   41  407    2.08747    1.15794  44.5%   140 1165s
 39644 17201    1.76768   46  441    2.08747    1.15836  44.5%   140 1170s
 39817 17284    1.64887   51  367    2.08747    1.15854  44.5%   140 1175s
 40021 17397    1.59096   53  420    2.08747    1.15890  44.5%   140 1180s
 40201 17498    1.31551   48  445    2.08747    1.15920  44.5%   140 1185s
 40394 17615    1.72284   64  353    2.08747    1.15947  44.5%   140 1190s

Cutting planes:
  Learned: 90
  Gomory: 78
  Cover: 173
  Implied bound: 454
  Projected implied bound: 157
  Clique: 80
  MIR: 889
  StrongCG: 83
  Flow cover: 1346
  GUB cover: 5
  Inf proof: 11
  Zero half: 26
  RLT: 23
  Relax-and-lift: 72
  BQP: 37

Explored 40551 nodes (5708088 simplex iterations) in 1194.94 seconds (2205.30 work units)
Thread count was 1 (of 20 available processors)

Solution count 10: 2.08747 2.08761 2.08774 ... 2.09996

Time limit reached
Best objective 2.087470707210e+00, best bound 1.159960703407e+00, gap 44.4322%

User-callback calls 428148, time in user-callback 0.12 sec
