
Gurobi 13.0.2 (win64) logging started Fri Aug  7 21:10:42 2026

Set parameter LogFile to value "E:\codes\ExactEBRP\results\gf_v10_convergence_round33\stage0_runs\exactness__round33_v10_moderate_M2_Q20_seed1118884127__c6_frozen\native.log"
Set parameter Threads to value 1
Set parameter Presolve to value -1
Set parameter Seed to value 0
Set parameter MIPGap to value 0
Set parameter MIPGapAbs to value 0
Warning: unknown variable 'r_max' in bounds section (line 4788)
Warning: unknown variable 'r_min' in bounds section (line 4789)
Read LP format model from file E:\codes\ExactEBRP\results\gf_v10_convergence_round33\stage0_runs\exactness__round33_v10_moderate_M2_Q20_seed1118884127__c6_frozen\external\models\L0.lp
Reading time = 0.01 seconds
obj: 4274 rows, 761 columns, 30526 nonzeros
Set parameter TimeLimit to value 3582.4237494
Warning: unknown variable 'r_max' in bounds section (line 4789)
Warning: unknown variable 'r_min' in bounds section (line 4790)
Read LP format model from file E:\codes\ExactEBRP\results\gf_v10_convergence_round33\stage0_runs\exactness__round33_v10_moderate_M2_Q20_seed1118884127__c6_frozen\external\models\L1.lp
Reading time = 0.01 seconds
obj: 4275 rows, 761 columns, 30652 nonzeros
Set parameter TimeLimit to value 3582.2498152
Warning: unknown variable 'r_max' in bounds section (line 4790)
Warning: unknown variable 'r_min' in bounds section (line 4791)
Read LP format model from file E:\codes\ExactEBRP\results\gf_v10_convergence_round33\stage0_runs\exactness__round33_v10_moderate_M2_Q20_seed1118884127__c6_frozen\external\models\L2.lp
Reading time = 0.01 seconds
obj: 4276 rows, 761 columns, 30656 nonzeros
Set parameter TimeLimit to value 3582.0671565
Warning: unknown variable 'r_max' in bounds section (line 4791)
Warning: unknown variable 'r_min' in bounds section (line 4792)
Read LP format model from file E:\codes\ExactEBRP\results\gf_v10_convergence_round33\stage0_runs\exactness__round33_v10_moderate_M2_Q20_seed1118884127__c6_frozen\external\models\L3.lp
Reading time = 0.01 seconds
obj: 4277 rows, 761 columns, 30660 nonzeros
Set parameter TimeLimit to value 3581.7640279
Warning: unknown variable 'r_max' in bounds section (line 4790)
Warning: unknown variable 'r_min' in bounds section (line 4791)
Read LP format model from file E:\codes\ExactEBRP\results\gf_v10_convergence_round33\stage0_runs\exactness__round33_v10_moderate_M2_Q20_seed1118884127__c6_frozen\external\models\L2.0.lp
Reading time = 0.01 seconds
obj: 4276 rows, 761 columns, 30656 nonzeros
Set parameter TimeLimit to value 3580.9189029
Warning: unknown variable 'r_max' in bounds section (line 4790)
Warning: unknown variable 'r_min' in bounds section (line 4791)
Read LP format model from file E:\codes\ExactEBRP\results\gf_v10_convergence_round33\stage0_runs\exactness__round33_v10_moderate_M2_Q20_seed1118884127__c6_frozen\external\models\L2.1.lp
Reading time = 0.01 seconds
obj: 4276 rows, 761 columns, 30656 nonzeros
Set parameter TimeLimit to value 3580.8230258
Warning: unknown variable 'r_max' in bounds section (line 4791)
Warning: unknown variable 'r_min' in bounds section (line 4792)
Read LP format model from file E:\codes\ExactEBRP\results\gf_v10_convergence_round33\stage0_runs\exactness__round33_v10_moderate_M2_Q20_seed1118884127__c6_frozen\external\models\L3.0.lp
Reading time = 0.01 seconds
obj: 4277 rows, 761 columns, 30660 nonzeros
Set parameter TimeLimit to value 3580.6714071
Warning: unknown variable 'r_max' in bounds section (line 4791)
Warning: unknown variable 'r_min' in bounds section (line 4792)
Read LP format model from file E:\codes\ExactEBRP\results\gf_v10_convergence_round33\stage0_runs\exactness__round33_v10_moderate_M2_Q20_seed1118884127__c6_frozen\external\models\L3.1.lp
Reading time = 0.01 seconds
obj: 4277 rows, 761 columns, 30660 nonzeros
Set parameter TimeLimit to value 3.5805841183000002e+03
