
Gurobi 13.0.2 (win64) logging started Sat Aug  8 13:41:29 2026

Set parameter LogFile to value "E:\codes\ExactEBRP\results\gf_c6_documentation_hga_round34\stage0_runs\fingerprint__round33_v10_tight_T_M2_Q30_seed1783646009\native.log"
Set parameter Threads to value 1
Set parameter Presolve to value -1
Set parameter Seed to value 0
Set parameter MIPGap to value 0
Set parameter MIPGapAbs to value 0
Set parameter TimeLimit to value 0.001
Read LP format model from file E:\codes\ExactEBRP\results\gf_c6_documentation_hga_round34\stage0_runs\fingerprint__round33_v10_tight_T_M2_Q30_seed1783646009\canonical.lp
Reading time = 0.00 seconds
obj: 1134 rows, 536 columns, 4638 nonzeros
Set parameter TimeLimit to value 4.9725833
Gurobi Optimizer version 13.0.2 build v13.0.2rc1 (win64 - Windows 10.0 (19045.2))

CPU model: 12th Gen Intel(R) Core(TM) i7-12700KF, instruction set [SSE2|AVX|AVX2]
Thread count: 12 physical cores, 20 logical processors, using up to 1 threads

Non-default parameters:
TimeLimit  4.9725833
MIPGap  0
MIPGapAbs  0
LogToConsole  0
Threads  1

Optimize a model with 1134 rows, 536 columns and 4638 nonzeros (Min)
Model fingerprint: 0x678fea9c
Model has 11 linear objective coefficients
Variable types: 151 continuous, 385 integer (315 binary)
Coefficient statistics:
  Matrix range     [2e-02, 6e+02]
  Objective range  [1e-02, 1e+00]
  Bounds range     [1e+00, 5e+01]
  RHS range        [1e+00, 2e+03]

Presolve removed 99 rows and 45 columns
Presolve time: 0.02s
Presolved: 1035 rows, 491 columns, 5246 nonzeros
Variable types: 83 continuous, 408 integer (300 binary)
Found heuristic solution: objective 1.2415212

Root relaxation: objective 2.867233e-01, 452 iterations, 0.01 seconds (0.01 work units)

    Nodes    |    Current Node    |     Objective Bounds      |     Work
 Expl Unexpl |  Obj  Depth IntInf | Incumbent    BestBd   Gap | It/Node Time

     0     0    0.28672    0  138    1.24152    0.28672  76.9%     -    0s
H    0     0                       1.1719812    0.28672  75.5%     -    0s
     0     0    0.33488    0  170    1.17198    0.33488  71.4%     -    0s
H    0     0                       1.1174285    0.33611  69.9%     -    0s
     0     0    0.33835    0  174    1.11743    0.33835  69.7%     -    0s
     0     0    0.34335    0  167    1.11743    0.34335  69.3%     -    0s
H    0     0                       1.0989285    0.34353  68.7%     -    0s
     0     0    0.34733    0  179    1.09893    0.34733  68.4%     -    0s
     0     0    0.34928    0  182    1.09893    0.34928  68.2%     -    0s
H    0     0                       1.0585342    0.34965  67.0%     -    0s
     0     0    0.34977    0  191    1.05853    0.34977  67.0%     -    0s
     0     0    0.35375    0  192    1.05853    0.35375  66.6%     -    0s
H    0     0                       1.0498357    0.35398  66.3%     -    0s
     0     0    0.35398    0  199    1.04984    0.35398  66.3%     -    0s
     0     0    0.35401    0  199    1.04984    0.35401  66.3%     -    0s
     0     0    0.35401    0  196    1.04984    0.35401  66.3%     -    0s
     0     0    0.35401    0  186    1.04984    0.35401  66.3%     -    0s
H    0     0                       0.9374554    0.35401  62.2%     -    0s
H    0     0                       0.9341584    0.35401  62.1%     -    0s
H    0     0                       0.9322353    0.35401  62.0%     -    0s
H    0     0                       0.9245617    0.35401  61.7%     -    0s
     0     2    0.35401    0  183    0.92456    0.35401  61.7%     -    0s
*  605   362              38       0.6008451    0.37579  37.5%  27.1    1s
H  615   354                       0.5939212    0.37590  36.7%  27.4    1s
H  615   335                       0.5846971    0.37590  35.7%  27.4    1s
H  615   331                       0.5743415    0.37590  34.6%  27.4    1s
H  615   323                       0.5686464    0.37590  33.9%  27.4    1s
H  635   332                       0.5649186    0.37595  33.5%  27.5    1s
H  635   332                       0.5646957    0.37595  33.4%  27.5    1s
H  635   332                       0.5632873    0.37595  33.3%  27.5    1s
H  635   332                       0.5627475    0.37595  33.2%  27.5    1s
H  635   332                       0.5619929    0.37595  33.1%  27.5    1s
H  779   375                       0.5601359    0.38470  31.3%  32.1    3s

Cutting planes:
  Learned: 5
  Gomory: 17
  Cover: 29
  Implied bound: 70
  Projected implied bound: 9
  Clique: 11
  MIR: 86
  StrongCG: 10
  Flow cover: 79
  GUB cover: 2
  Zero half: 14
  RLT: 11
  Relax-and-lift: 13
  BQP: 11

Explored 1514 nodes (58462 simplex iterations) in 4.97 seconds (6.86 work units)
Thread count was 1 (of 20 available processors)

Solution count 10: 0.560136 0.561993 0.562747 ... 0.593921

Time limit reached
Best objective 5.601359374151e-01, best bound 4.386991854724e-01, gap 21.6799%

User-callback calls 5659, time in user-callback 0.00 sec
