
Gurobi 13.0.2 (win64) logging started Fri Aug  7 21:12:24 2026

Set parameter LogFile to value "E:\codes\ExactEBRP\results\gf_v10_convergence_round33\runs\stage1__round33_v10_tight_T_M1_Q30_seed1122319721__c6_frozen__3600s\external\native_logs\L0_lp.gurobi.log"
Gurobi Optimizer version 13.0.2 build v13.0.2rc1 (win64 - Windows 10.0 (19045.2))

CPU model: 12th Gen Intel(R) Core(TM) i7-12700KF, instruction set [SSE2|AVX|AVX2]
Thread count: 12 physical cores, 20 logical processors, using up to 1 threads

Non-default parameters:
TimeLimit  3583.8545421
MIPGap  0
MIPGapAbs  0
LogToConsole  0
Threads  1

Optimize a model with 2531 rows, 477 columns and 16872 nonzeros (Min)
Model fingerprint: 0x6ba720e4
Model has 11 linear objective coefficients
Coefficient statistics:
  Matrix range     [7e-03, 1e+05]
  Objective range  [7e-03, 1e+00]
  Bounds range     [2e-01, 4e+02]
  RHS range        [2e-01, 1e+06]

Presolve removed 167 rows and 3 columns
Presolve time: 0.00s

Solved in 0 iterations and 0.00 seconds (0.00 work units)
Infeasible model

User-callback calls 29, time in user-callback 0.00 sec
