
Gurobi 13.0.2 (win64) logging started Fri Aug  7 21:12:24 2026

Set parameter LogFile to value "E:\codes\ExactEBRP\results\gf_v10_convergence_round33\runs\stage1__round33_v10_tight_T_M1_Q30_seed1122319721__c6_frozen__3600s\external\native_logs\L2_lp.gurobi.log"
Gurobi Optimizer version 13.0.2 build v13.0.2rc1 (win64 - Windows 10.0 (19045.2))

CPU model: 12th Gen Intel(R) Core(TM) i7-12700KF, instruction set [SSE2|AVX|AVX2]
Thread count: 12 physical cores, 20 logical processors, using up to 1 threads

Non-default parameters:
TimeLimit  3583.751462
MIPGap  0
MIPGapAbs  0
LogToConsole  0
Threads  1

Optimize a model with 2531 rows, 477 columns and 16990 nonzeros (Min)
Model fingerprint: 0x103acef7
Model has 11 linear objective coefficients
Coefficient statistics:
  Matrix range     [7e-03, 1e+05]
  Objective range  [7e-03, 1e+00]
  Bounds range     [5e-01, 3e+02]
  RHS range        [5e-01, 1e+06]

Presolve removed 364 rows and 34 columns
Presolve time: 0.01s
Presolved: 2167 rows, 444 columns, 15101 nonzeros

Iteration    Objective       Primal Inf.    Dual Inf.      Time
       0    3.1658824e-01   2.007296e+02   0.000000e+00      0s
     387    1.7210133e+00   0.000000e+00   0.000000e+00      0s

Solved in 387 iterations and 0.02 seconds (0.04 work units)
Optimal objective  1.721013339e+00

User-callback calls 531, time in user-callback 0.00 sec
