
Gurobi 13.0.2 (win64) logging started Sat Aug  8 14:47:58 2026

Set parameter LogFile to value "E:\codes\ExactEBRP\results\gf_c6_documentation_hga_round34\runs\v10__round33_v10_high_imbalance_M2_Q20_seed1719879984__c6_hga_light__3600s\native.log"
Set parameter Threads to value 1
Set parameter Presolve to value -1
Set parameter Seed to value 0
Set parameter MIPGap to value 0
Set parameter MIPGapAbs to value 0
Warning: unknown variable 'r_max' in bounds section (line 4792)
Warning: unknown variable 'r_min' in bounds section (line 4793)
Read LP format model from file E:\codes\ExactEBRP\results\gf_c6_documentation_hga_round34\runs\v10__round33_v10_high_imbalance_M2_Q20_seed1719879984__c6_hga_light__3600s\external\models\L0.lp
Reading time = 0.01 seconds
obj: 4276 rows, 763 columns, 30549 nonzeros
Set parameter TimeLimit to value 3583.5008327
Warning: unknown variable 'r_max' in bounds section (line 4792)
Warning: unknown variable 'r_min' in bounds section (line 4793)
Read LP format model from file E:\codes\ExactEBRP\results\gf_c6_documentation_hga_round34\runs\v10__round33_v10_high_imbalance_M2_Q20_seed1719879984__c6_hga_light__3600s\external\models\L1.lp
Reading time = 0.01 seconds
obj: 4276 rows, 763 columns, 30673 nonzeros
Set parameter TimeLimit to value 3583.4243367
Warning: unknown variable 'r_max' in bounds section (line 4792)
Warning: unknown variable 'r_min' in bounds section (line 4793)
Read LP format model from file E:\codes\ExactEBRP\results\gf_c6_documentation_hga_round34\runs\v10__round33_v10_high_imbalance_M2_Q20_seed1719879984__c6_hga_light__3600s\external\models\L2.lp
Reading time = 0.01 seconds
obj: 4276 rows, 763 columns, 30673 nonzeros
Set parameter TimeLimit to value 3583.3182194
Warning: unknown variable 'r_max' in bounds section (line 4793)
Warning: unknown variable 'r_min' in bounds section (line 4794)
Warning: Numeric variable name in LP file ('0') - often the result
         of a constant term in the left-hand side of a constraint.

Read LP format model from file E:\codes\ExactEBRP\results\gf_c6_documentation_hga_round34\runs\v10__round33_v10_high_imbalance_M2_Q20_seed1719879984__c6_hga_light__3600s\external\models\L3.lp
Reading time = 0.01 seconds
obj: 4277 rows, 764 columns, 30584 nonzeros
Set parameter TimeLimit to value 3583.2158153
Warning: unknown variable 'r_max' in bounds section (line 4792)
Warning: unknown variable 'r_min' in bounds section (line 4793)
Read LP format model from file E:\codes\ExactEBRP\results\gf_c6_documentation_hga_round34\runs\v10__round33_v10_high_imbalance_M2_Q20_seed1719879984__c6_hga_light__3600s\external\models\L1.0.lp
Reading time = 0.01 seconds
obj: 4276 rows, 763 columns, 30673 nonzeros
Set parameter TimeLimit to value 3573.9833688
Warning: unknown variable 'r_max' in bounds section (line 4792)
Warning: unknown variable 'r_min' in bounds section (line 4793)
Read LP format model from file E:\codes\ExactEBRP\results\gf_c6_documentation_hga_round34\runs\v10__round33_v10_high_imbalance_M2_Q20_seed1719879984__c6_hga_light__3600s\external\models\L1.1.lp
Reading time = 0.01 seconds
obj: 4276 rows, 763 columns, 30673 nonzeros
Set parameter TimeLimit to value 3573.8838783
Warning: unknown variable 'r_max' in bounds section (line 4792)
Warning: unknown variable 'r_min' in bounds section (line 4793)
Read LP format model from file E:\codes\ExactEBRP\results\gf_c6_documentation_hga_round34\runs\v10__round33_v10_high_imbalance_M2_Q20_seed1719879984__c6_hga_light__3600s\external\models\L2.0.lp
Reading time = 0.01 seconds
obj: 4276 rows, 763 columns, 30673 nonzeros
Set parameter TimeLimit to value 3564.539447
Warning: unknown variable 'r_max' in bounds section (line 4792)
Warning: unknown variable 'r_min' in bounds section (line 4793)
Read LP format model from file E:\codes\ExactEBRP\results\gf_c6_documentation_hga_round34\runs\v10__round33_v10_high_imbalance_M2_Q20_seed1719879984__c6_hga_light__3600s\external\models\L2.1.lp
Reading time = 0.01 seconds
obj: 4276 rows, 763 columns, 30673 nonzeros
Set parameter TimeLimit to value 3564.4424917
Warning: unknown variable 'r_max' in bounds section (line 4792)
Warning: unknown variable 'r_min' in bounds section (line 4793)
Read LP format model from file E:\codes\ExactEBRP\results\gf_c6_documentation_hga_round34\runs\v10__round33_v10_high_imbalance_M2_Q20_seed1719879984__c6_hga_light__3600s\external\models\L1.1.0.lp
Reading time = 0.01 seconds
obj: 4276 rows, 763 columns, 30673 nonzeros
Set parameter TimeLimit to value 3564.0019219
Warning: unknown variable 'r_max' in bounds section (line 4792)
Warning: unknown variable 'r_min' in bounds section (line 4793)
Read LP format model from file E:\codes\ExactEBRP\results\gf_c6_documentation_hga_round34\runs\v10__round33_v10_high_imbalance_M2_Q20_seed1719879984__c6_hga_light__3600s\external\models\L1.1.1.lp
Reading time = 0.01 seconds
obj: 4276 rows, 763 columns, 30673 nonzeros
Set parameter TimeLimit to value 3563.9002303
Warning: unknown variable 'r_max' in bounds section (line 4792)
Warning: unknown variable 'r_min' in bounds section (line 4793)
Read LP format model from file E:\codes\ExactEBRP\results\gf_c6_documentation_hga_round34\runs\v10__round33_v10_high_imbalance_M2_Q20_seed1719879984__c6_hga_light__3600s\external\models\L2.0.0.lp
Reading time = 0.01 seconds
obj: 4276 rows, 763 columns, 30673 nonzeros
Set parameter TimeLimit to value 3559.8731804
Warning: unknown variable 'r_max' in bounds section (line 4792)
Warning: unknown variable 'r_min' in bounds section (line 4793)
Read LP format model from file E:\codes\ExactEBRP\results\gf_c6_documentation_hga_round34\runs\v10__round33_v10_high_imbalance_M2_Q20_seed1719879984__c6_hga_light__3600s\external\models\L2.0.1.lp
Reading time = 0.01 seconds
obj: 4276 rows, 763 columns, 30673 nonzeros
Set parameter TimeLimit to value 3559.7727155
Warning: unknown variable 'r_max' in bounds section (line 4792)
Warning: unknown variable 'r_min' in bounds section (line 4793)
Read LP format model from file E:\codes\ExactEBRP\results\gf_c6_documentation_hga_round34\runs\v10__round33_v10_high_imbalance_M2_Q20_seed1719879984__c6_hga_light__3600s\external\models\L2.0.0.0.lp
Reading time = 0.01 seconds
obj: 4276 rows, 763 columns, 30673 nonzeros
Set parameter TimeLimit to value 3559.6708387
Warning: unknown variable 'r_max' in bounds section (line 4792)
Warning: unknown variable 'r_min' in bounds section (line 4793)
Read LP format model from file E:\codes\ExactEBRP\results\gf_c6_documentation_hga_round34\runs\v10__round33_v10_high_imbalance_M2_Q20_seed1719879984__c6_hga_light__3600s\external\models\L2.0.0.1.lp
Reading time = 0.01 seconds
obj: 4276 rows, 763 columns, 30673 nonzeros
Set parameter TimeLimit to value 3559.5727061
