
Gurobi 13.0.2 (win64) logging started Thu Oct  1 19:47:44 2026

Set parameter LogFile to value "E:\codes\ExactEBRP\results\unified_exact_round99\factorial01\raw\01_F2_ENS-C\external\native_logs\L0_terminal_mip.gurobi.log"
Set parameter TimeLimit to value 8.9453488290000007e+02
Gurobi Optimizer version 13.0.2 build v13.0.2rc1 (win64 - Windows 10.0 (19045.2))

CPU model: 12th Gen Intel(R) Core(TM) i7-12700KF, instruction set [SSE2|AVX|AVX2]
Thread count: 12 physical cores, 20 logical processors, using up to 1 threads

Non-default parameters:
TimeLimit  8.9453488290000007e+02
MIPGap  0
MIPGapAbs  0
LogToConsole  0
Threads  1

Optimize a model with 9269 rows, 3488 columns and 52879 nonzeros (Min)
Model fingerprint: 0x212805e9
Model has 21 linear objective coefficients
Variable types: 1781 continuous, 1707 integer (1567 binary)
Coefficient statistics:
  Matrix range     [4e-02, 2e+04]
  Objective range  [4e-02, 1e+00]
  Bounds range     [9e-01, 4e+02]
  RHS range        [9e-01, 5e+04]

Loaded user MIP start with objective 0.885348
MIP start from previous solve did not produce a new incumbent solution

Presolve removed 1654 rows and 22 columns
Presolve time: 0.15s
Presolved: 7615 rows, 3466 columns, 56116 nonzeros
Variable types: 1569 continuous, 1897 integer (1567 binary)

Root relaxation: objective 5.642000e-01, 2930 iterations, 0.12 seconds (0.24 work units)

    Nodes    |    Current Node    |     Objective Bounds      |     Work
 Expl Unexpl |  Obj  Depth IntInf | Incumbent    BestBd   Gap | It/Node Time

     0     0    0.56420    0  325    0.88535    0.56420  36.3%     -    0s
     0     0    0.60718    0  328    0.88535    0.60718  31.4%     -    0s
     0     0    0.70809    0  393    0.88535    0.70809  20.0%     -    0s
     0     0    0.71473    0  411    0.88535    0.71473  19.3%     -    0s
     0     0    0.76269    0  428    0.88535    0.76269  13.9%     -    1s
     0     0    0.76272    0  404    0.88535    0.76272  13.9%     -    1s
     0     0    0.76595    0  444    0.88535    0.76595  13.5%     -    1s
     0     0    0.76621    0  441    0.88535    0.76621  13.5%     -    1s
     0     0    0.76748    0  419    0.88535    0.76748  13.3%     -    2s
     0     0    0.76775    0  426    0.88535    0.76775  13.3%     -    2s
     0     0    0.76805    0  429    0.88535    0.76805  13.2%     -    2s
     0     0    0.76828    0  443    0.88535    0.76828  13.2%     -    2s
     0     0    0.76836    0  437    0.88535    0.76836  13.2%     -    2s
     0     0    0.76839    0  433    0.88535    0.76839  13.2%     -    2s
     0     0    0.76859    0  421    0.88535    0.76859  13.2%     -    3s
     0     0    0.76859    0  420    0.88535    0.76859  13.2%     -    3s
     0     0    0.76859    0  420    0.88535    0.76859  13.2%     -    3s
     0     2    0.76859    0  420    0.88535    0.76859  13.2%     -    3s
    20    22    0.77815   16  394    0.88535    0.77301  12.7%   419    5s
   251   234    0.80425   11  365    0.88535    0.77413  12.6%   165   10s
   541   495    0.87793  113  355    0.88535    0.77551  12.4%   123   15s
   548   500    0.82133   69  447    0.88535    0.77551  12.4%   121   20s
   561   509    0.81250   54  446    0.88535    0.77551  12.4%   118   26s
   572   518    0.80450   17  359    0.88535    0.77554  12.4%   163   30s
H  616   509                       0.8818725    0.77554  12.1%   168   33s
H  616   484                       0.8804799    0.77554  11.9%   168   33s
H  648   466                       0.8804527    0.77554  11.9%   165   34s
H  648   444                       0.8802499    0.77554  11.9%   165   34s
H  648   423                       0.8802080    0.77554  11.9%   165   34s
H  648   403                       0.8800735    0.77554  11.9%   165   34s
   668   400    0.77554   15  428    0.88007    0.77554  11.9%   162   35s
   767   441    0.80887   33  317    0.88007    0.77554  11.9%   177   40s
   871   456    0.78443   14  357    0.88007    0.77762  11.6%   181   45s
  1004   471    0.80402   23  371    0.88007    0.78049  11.3%   182   50s
  1216   512    0.83058   30  270    0.88007    0.78656  10.6%   179   55s
H 1473   528                       0.8667829    0.78900  8.97%   167   59s
  1478   533    0.82065   26  337    0.86678    0.78902  8.97%   168   60s
  1619   566    0.83188   25  372    0.86678    0.79299  8.51%   173   65s
  1784   646    0.82153   21  364    0.86678    0.79452  8.34%   174   70s
  2012   753    0.86295   21  303    0.86678    0.79776  7.96%   173   75s
H 2053   759                       0.8659435    0.79839  7.80%   172   77s
  2168   813    0.84193   26  292    0.86594    0.79946  7.68%   172   80s
  2375   887    0.80257   19  410    0.86594    0.80056  7.55%   174   85s
  2560   972    0.85175   31  264    0.86594    0.80199  7.39%   175   90s
  2728  1042     cutoff   36         0.86594    0.80352  7.21%   176   95s
  2934  1108    0.83632   20  376    0.86594    0.80450  7.10%   176  100s
  3105  1178    0.83587   29  246    0.86594    0.80544  6.99%   176  105s
  3342  1268    0.82579   24  350    0.86594    0.80724  6.78%   175  110s
  3583  1353    0.84366   30  237    0.86594    0.80887  6.59%   175  115s
  3848  1454    0.84284   30  270    0.86594    0.80968  6.50%   173  120s
  3911  1472    0.83979   23  334    0.86594    0.80991  6.47%   173  125s
  4128  1543    0.82816   31  287    0.86594    0.81082  6.37%   173  130s
  4330  1596    0.84208   26  304    0.86594    0.81179  6.25%   173  135s
  4574  1699    0.84770   37  149    0.86594    0.81253  6.17%   171  140s
  4785  1754    0.83956   21  357    0.86594    0.81342  6.07%   171  145s
  4940  1784     cutoff   28         0.86594    0.81409  5.99%   171  150s
  5145  1834    0.86062   33  344    0.86594    0.81487  5.90%   171  155s
  5426  1874    0.84151   24  384    0.86594    0.81565  5.81%   171  160s
  5729  1961    0.84386   23  381    0.86594    0.81676  5.68%   169  165s
  5937  2023    0.82653   25  335    0.86594    0.81758  5.59%   168  170s
  6212  2092    0.84831   24  344    0.86594    0.81822  5.51%   168  175s
  6506  2156    0.83524   21  311    0.86594    0.81913  5.41%   167  180s
  6723  2209 infeasible   26         0.86594    0.81954  5.36%   167  185s
  6929  2269    0.83977   23  366    0.86594    0.82025  5.28%   167  190s
  7149  2310    0.85393   26  336    0.86594    0.82089  5.20%   168  195s
  7372  2342     cutoff   25         0.86594    0.82169  5.11%   168  200s
  7546  2389     cutoff   28         0.86594    0.82223  5.05%   168  205s
  7850  2444    0.84373   29  185    0.86594    0.82323  4.93%   168  210s
  7898  2454     cutoff   35         0.86594    0.82335  4.92%   168  215s
  8232  2499    0.85373   28  239    0.86594    0.82386  4.86%   167  220s
  8387  2530    0.86485   25  314    0.86594    0.82418  4.82%   168  225s
  8644  2558     cutoff   20         0.86594    0.82511  4.72%   169  230s
  8934  2639    0.85645   32  354    0.86594    0.82567  4.65%   168  235s
  9252  2715    0.86400   34  216    0.86594    0.82622  4.59%   167  240s
  9474  2735    0.83927   36  201    0.86594    0.82702  4.50%   167  245s
  9754  2769    0.84361   24  324    0.86594    0.82760  4.43%   167  250s
  9988  2819    0.84701   20  407    0.86594    0.82793  4.39%   167  255s
 10202  2856     cutoff   31         0.86594    0.82843  4.33%   166  281s
 10480  2904    0.85026   30  241    0.86594    0.82892  4.28%   165  285s
 10812  2941    0.86047   23  370    0.86594    0.82947  4.21%   165  290s
 11117  2976    0.83741   27  371    0.86594    0.83008  4.14%   165  295s
 11389  2977     cutoff   24         0.86594    0.83086  4.05%   165  300s
 11707  3016    0.86354   24  336    0.86594    0.83133  4.00%   165  305s
 11986  3042    0.85542   22  337    0.86594    0.83181  3.94%   165  310s
 12248  3056    0.84785   19  381    0.86594    0.83260  3.85%   166  315s
 12497  3094    0.84497   26  356    0.86594    0.83293  3.81%   166  320s
 12775  3116 infeasible   27         0.86594    0.83331  3.77%   165  325s
 13073  3141    0.85400   25  247    0.86594    0.83392  3.70%   165  330s
 13420  3163    0.86061   26  289    0.86594    0.83441  3.64%   165  335s
 13663  3155    0.84118   24  317    0.86594    0.83485  3.59%   165  340s
 13975  3146    0.85351   24  354    0.86594    0.83549  3.52%   165  345s
 14282  3175     cutoff   30         0.86594    0.83600  3.46%   165  350s
 14419  3187    0.86372   27  334    0.86594    0.83620  3.44%   164  355s
 14713  3197 infeasible   21         0.86594    0.83664  3.38%   164  360s
 14754  3188    0.86008   30  287    0.86594    0.83677  3.37%   164  368s
 14878  3180    0.85370   33  365    0.86594    0.83692  3.35%   164  370s
 15226  3204    0.86112   32  200    0.86594    0.83731  3.31%   164  375s
 15457  3195     cutoff   34         0.86594    0.83771  3.26%   164  380s
 15794  3197    0.86083   37  169    0.86594    0.83808  3.22%   163  385s
 16128  3211    0.86268   23  347    0.86594    0.83855  3.16%   163  390s
 16407  3201    0.85784   32  293    0.86594    0.83902  3.11%   163  395s
 16681  3197    0.86247   30  216    0.86594    0.83948  3.06%   163  400s
 17065  3198    0.85842   24  400    0.86594    0.83989  3.01%   162  405s
 17373  3174    0.86396   28  294    0.86594    0.84031  2.96%   162  410s
 17694  3148    0.85170   30  239    0.86594    0.84085  2.90%   162  415s
 18005  3121     cutoff   29         0.86594    0.84139  2.84%   162  420s
 18359  3106    0.85438   30  279    0.86594    0.84186  2.78%   162  425s
 18758  3082    0.85125   21  362    0.86594    0.84244  2.71%   161  430s
 19077  3055    0.86304   24  309    0.86594    0.84293  2.66%   161  435s
 19437  3033    0.85506   27  322    0.86594    0.84330  2.61%   161  440s
 19754  2981     cutoff   30         0.86594    0.84381  2.56%   160  445s
 20090  2935    0.86389   22  341    0.86594    0.84442  2.49%   160  450s
 20388  2872     cutoff   31         0.86594    0.84500  2.42%   160  455s
 20690  2825    0.86383   36  286    0.86594    0.84539  2.37%   160  460s
 21045  2796 infeasible   27         0.86594    0.84579  2.33%   160  465s
 21368  2742    0.86095   30  314    0.86594    0.84635  2.26%   159  470s
 21689  2683    0.86205   31  225    0.86594    0.84682  2.21%   159  475s
 21964  2604    0.86430   35  292    0.86594    0.84743  2.14%   160  480s
 22345  2554    0.85889   45  170    0.86594    0.84787  2.09%   159  485s
 22691  2475 infeasible   26         0.86594    0.84837  2.03%   159  490s
 23089  2435    0.85855   25  338    0.86594    0.84876  1.98%   159  495s
 23462  2383 infeasible   33         0.86594    0.84926  1.93%   158  500s
 23820  2326     cutoff   27         0.86594    0.84974  1.87%   158  505s
 24195  2250    0.85395   30  188    0.86594    0.85031  1.81%   158  510s
 24619  2188     cutoff   41         0.86594    0.85089  1.74%   157  515s
 25018  2096    0.86579   24  295    0.86594    0.85147  1.67%   156  520s
 25458  2011     cutoff   24         0.86594    0.85216  1.59%   155  525s
 25824  1919     cutoff   25         0.86594    0.85278  1.52%   155  530s
 26118  1857     cutoff   38         0.86594    0.85321  1.47%   155  535s
 26586  1761     cutoff   24         0.86594    0.85381  1.40%   154  540s
 26959  1652     cutoff   43         0.86594    0.85434  1.34%   154  545s
 27357  1541 infeasible   26         0.86594    0.85491  1.27%   153  550s
 27778  1414    0.86395   32  179    0.86594    0.85549  1.21%   152  555s
 28277  1279     cutoff   40         0.86594    0.85618  1.13%   151  560s
 28757  1142 infeasible   31         0.86594    0.85705  1.03%   150  565s
 29348   993     cutoff   31         0.86594    0.85782  0.94%   149  570s
 29906   770 infeasible   29         0.86594    0.85892  0.81%   148  575s
 30479   487     cutoff   38         0.86594    0.86043  0.64%   146  580s
 31140    70    0.86525   30  308    0.86594    0.86462  0.15%   144  585s

Cutting planes:
  Learned: 49
  Gomory: 5
  Cover: 113
  Implied bound: 188
  Projected implied bound: 76
  Clique: 31
  MIR: 321
  StrongCG: 27
  Flow cover: 654
  GUB cover: 34
  Inf proof: 7
  Zero half: 7
  Network: 30
  RLT: 10
  Relax-and-lift: 83
  BQP: 3

Explored 31220 nodes (4514521 simplex iterations) in 585.38 seconds (1135.14 work units)
Thread count was 1 (of 20 available processors)

Solution count 10: 0.865944 0.865944 0.866783 ... 0.885348

Optimal solution found (tolerance 0.00e+00)
Best objective 8.659435203230e-01, best bound 8.659435203230e-01, gap 0.0000%

User-callback calls 164582, time in user-callback 3.91 sec
