
Gurobi 13.0.2 (win64) logging started Sat Aug  8 14:48:52 2026

Set parameter LogFile to value "E:\codes\ExactEBRP\results\gf_c6_documentation_hga_round34\runs\v10__round33_v10_moderate_M2_Q20_seed1118884127__c6_hga_full__3600s\external\native_logs\L1_c6_1_next_leaf_target_mip.gurobi.log"
Gurobi Optimizer version 13.0.2 build v13.0.2rc1 (win64 - Windows 10.0 (19045.2))

CPU model: 12th Gen Intel(R) Core(TM) i7-12700KF, instruction set [SSE2|AVX|AVX2]
Thread count: 12 physical cores, 20 logical processors, using up to 1 threads

Non-default parameters:
TimeLimit  3582.2096866
MIPGap  0
MIPGapAbs  0
LogToConsole  0
Threads  1

Optimize a model with 4275 rows, 761 columns and 30652 nonzeros (Min)
Model fingerprint: 0xf6557020
Model has 11 linear objective coefficients
Variable types: 375 continuous, 386 integer (316 binary)
Coefficient statistics:
  Matrix range     [2e-03, 1e+05]
  Objective range  [9e-03, 1e+00]
  Bounds range     [2e-03, 5e+01]
  RHS range        [2e-03, 1e+06]

Presolve removed 3404 rows and 456 columns
Presolve time: 0.08s

Explored 0 nodes (0 simplex iterations) in 0.08 seconds (0.13 work units)
Thread count was 1 (of 20 available processors)

Solution count 0

Model is infeasible
Best objective -, best bound -, gap -

User-callback calls 974, time in user-callback 0.00 sec
