
Gurobi 13.0.2 (win64) logging started Fri Oct  2 06:51:42 2026

Set parameter LogFile to value "E:\codes\ExactEBRP\results\unified_exact_round99\long01\raw\02_F5_M-B\external\native_logs\L0_lp.gurobi.log"
Gurobi Optimizer version 13.0.2 build v13.0.2rc1 (win64 - Windows 10.0 (19045.2))

CPU model: 12th Gen Intel(R) Core(TM) i7-12700KF, instruction set [SSE2|AVX|AVX2]
Thread count: 12 physical cores, 20 logical processors, using up to 1 threads

Non-default parameters:
TimeLimit  3579.3221912
MIPGap  0
MIPGapAbs  0
LogToConsole  0
Threads  1

Optimize a model with 105516 rows, 26633 columns and 729774 nonzeros (Min)
Model fingerprint: 0xa17b06ab
Model has 51 linear objective coefficients
Coefficient statistics:
  Matrix range     [1e-02, 2e+04]
  Objective range  [4e-02, 1e+00]
  Bounds range     [4e-01, 3e+03]
  RHS range        [4e-01, 7e+04]

Presolve removed 19649 rows and 302 columns
Presolve time: 0.42s
Presolved: 26331 rows, 112248 columns, 664397 nonzeros

Iteration    Objective       Primal Inf.    Dual Inf.      Time
       0      handle free variables                          0s
    9703    3.9610560e+26   1.124396e+34   5.491310e-05      5s
   14854    2.5651314e-01   0.000000e+00   1.128989e+02     10s
   23344    2.4474377e-01   0.000000e+00   1.373170e+01     15s
   31831    2.4417134e-01   0.000000e+00   6.175865e-04     20s

Extra simplex iterations from dual to original model: 1845
   32216    2.4417106e-01   0.000000e+00   0.000000e+00     20s

Solved in 32216 iterations and 20.34 seconds (77.19 work units)
Optimal objective  2.441710640e-01

User-callback calls 32410, time in user-callback 0.01 sec
