
Gurobi 13.0.2 (win64) logging started Fri Oct  2 01:23:14 2026

Set parameter LogFile to value "E:\codes\ExactEBRP\results\unified_exact_round99\diagnostics\inner_03_R98-C2_M-B\native.log"
Set parameter TimeLimit to value 1.7895159999998286e+03
Gurobi Optimizer version 13.0.2 build v13.0.2rc1 (win64 - Windows 10.0 (19045.2))

CPU model: 12th Gen Intel(R) Core(TM) i7-12700KF, instruction set [SSE2|AVX|AVX2]
Thread count: 12 physical cores, 20 logical processors, using up to 1 threads

Non-default parameters:
TimeLimit  1.7895159999998286e+03
MIPGap  0
MIPGapAbs  0
LogToConsole  0
Threads  1

Optimize a model with 31141 rows, 8871 columns and 194152 nonzeros (Min)
Model fingerprint: 0x4480e27c
Model has 31 linear objective coefficients
Variable types: 4685 continuous, 4186 integer (4066 binary)
Coefficient statistics:
  Matrix range     [4e-02, 2e+04]
  Objective range  [4e-02, 1e+00]
  Bounds range     [4e-01, 1e+03]
  RHS range        [4e-01, 7e+04]

Loaded user MIP start with objective 0.391621

Presolve removed 7547 rows and 32 columns
Presolve time: 0.31s
Presolved: 23594 rows, 8839 columns, 229766 nonzeros
Variable types: 4218 continuous, 4621 integer (4066 binary)

Root relaxation: objective 1.612386e-01, 9023 iterations, 0.95 seconds (2.65 work units)

    Nodes    |    Current Node    |     Objective Bounds      |     Work
 Expl Unexpl |  Obj  Depth IntInf | Incumbent    BestBd   Gap | It/Node Time

     0     0    0.16124    0  359    0.39162    0.16124  58.8%     -    1s
     0     0    0.17258    0  491    0.39162    0.17258  55.9%     -    5s
     0     0    0.18874    0  349    0.39162    0.18874  51.8%     -    6s
     0     0    0.18876    0  374    0.39162    0.18876  51.8%     -    7s
     0     0    0.18876    0  357    0.39162    0.18876  51.8%     -    7s
     0     0    0.18876    0  409    0.39162    0.18876  51.8%     -    9s
     0     0    0.18876    0  359    0.39162    0.18876  51.8%     -    9s
     0     0    0.18876    0  431    0.39162    0.18876  51.8%     -   11s
     0     0    0.18876    0  382    0.39162    0.18876  51.8%     -   11s
     0     0    0.18877    0  449    0.39162    0.18877  51.8%     -   13s
     0     0    0.18877    0  449    0.39162    0.18877  51.8%     -   13s
     0     0    0.18877    0  444    0.39162    0.18877  51.8%     -   13s
     0     2    0.18877    0  442    0.39162    0.18877  51.8%     -   15s
H    7     7                       0.3901264    0.18877  51.6%  1670   19s
H    7     7                       0.3786216    0.18877  50.1%  1670   19s
     9    11    0.18970    6  291    0.37862    0.18877  50.1%  1573   20s
H   10    10                       0.3707767    0.18877  49.1%  1415   20s
H   10    10                       0.3707208    0.18877  49.1%  1415   20s
H   10    10                       0.3702477    0.18877  49.0%  1415   20s
H   10    10                       0.3701687    0.18877  49.0%  1415   20s
H   10    10                       0.3699434    0.18877  49.0%  1415   20s
    20    22    0.19003   12  183    0.36994    0.18877  49.0%  1414   25s
    59    61    0.19009   43  107    0.36994    0.18877  49.0%   869   30s
    84    86    0.19009   61  105    0.36994    0.18877  49.0%   825   35s
   185   181    0.19215  146  226    0.36994    0.18877  49.0%   607   40s
   284   276    0.34381  211  321    0.36994    0.18877  49.0%   466   45s
H  327   303                       0.3657364    0.18877  48.4%   410   47s
H  327   268                       0.3295403    0.18877  42.7%   410   52s
H  327   266                       0.3183656    0.18877  40.7%   410   53s
H  327   266                       0.3182903    0.18877  40.7%   410   53s
H  327   264                       0.3096470    0.18877  39.0%   410   54s
H  327   258                       0.2991106    0.18877  36.9%   410   54s
   327   260    0.18877    2  415    0.29911    0.18877  36.9%   429   57s
   333   266    0.19016    6  315    0.29911    0.18877  36.9%   491   60s
   369   302    0.19252   29  177    0.29911    0.18877  36.9%   542   65s
   396   329    0.19269   50  148    0.29911    0.18877  36.9%   581   70s
   432   363    0.19344   73  200    0.29911    0.18877  36.9%   621   75s
   458   380    0.18877    2  376    0.29911    0.18877  36.9%   629   80s
   480   402    0.19177   19  228    0.29911    0.18877  36.9%   668   85s
   532   453    0.19204   30  444    0.29911    0.18877  36.9%   655   96s
   534   454    0.19009   43  417    0.29911    0.18877  36.9%   653  101s
   535   455    0.19009   89  329    0.29911    0.18877  36.9%   652  106s
   538   457    0.21444   85  341    0.29911    0.18903  36.8%   648  111s
   540   458    0.19009  129  464    0.29911    0.18903  36.8%   646  116s
   542   460    0.19009  145  530    0.29911    0.18903  36.8%   643  125s
   544   461    0.19252   28  464    0.29911    0.18903  36.8%   641  131s
H  545   438                       0.2821077    0.18903  33.0%   640  138s
   547   439    0.19260   40  511    0.28211    0.18903  33.0%   637  140s
   549   440    0.19760  170  537    0.28211    0.18903  33.0%   635  147s
   550   441    0.19172  109  552    0.28211    0.18903  33.0%   634  152s
   552   442    0.21672  184  473    0.28211    0.18903  33.0%   632  158s
   553   443    0.19050   10  508    0.28211    0.18903  33.0%   630  160s
   555   444    0.19316   64  575    0.28211    0.18903  33.0%   628  168s
   556   445    0.19009   35  580    0.28211    0.18903  33.0%   627  173s
   557   446    0.19009   79  514    0.28211    0.18903  33.0%   626  175s
   558   446    0.19087   17  483    0.28211    0.18903  33.0%   625  180s
   560   448    0.25068  199  470    0.28211    0.18903  33.0%   623  186s
   562   449    0.19332   43  465    0.28211    0.18903  33.0%   620  193s
   563   450    0.20688   82  506    0.28211    0.18903  33.0%   619  195s
   565   451    0.19120   11  486    0.28211    0.18903  33.0%   617  200s
H  565   428                       0.2784617    0.18903  32.1%   617  204s
H  565   406                       0.2741873    0.18903  31.1%   617  204s
   567   407    0.19009   48  483    0.27419    0.18903  31.1%   615  206s
   569   409    0.18952    5  541    0.27419    0.18903  31.1%   613  210s
H  571   389                       0.2588792    0.18903  27.0%   611  218s
   572   390    0.18952    6  483    0.25888    0.18903  27.0%   609  220s
   574   391    0.19329   63  522    0.25888    0.18903  27.0%   607  225s
   576   392    0.19362   71  455    0.25888    0.18903  27.0%   605  235s
   581   397    0.18903    2  444    0.25888    0.18903  27.0%  1107  240s
H  582   378                       0.2572940    0.18903  26.5%  1105  244s
   583   378    0.19009   31  397    0.25729    0.18903  26.5%  1103  246s
   584   379    0.19042   14  387    0.25729    0.18903  26.5%  1101  251s
   586   380    0.19269   51  506    0.25729    0.18903  26.5%  1097  257s
   588   382    0.19268   44  507    0.25729    0.18903  26.5%  1093  263s
   589   382    0.19332   45  491    0.25729    0.18903  26.5%  1092  265s
   591   384    0.24640  195  509    0.25729    0.18903  26.5%  1088  271s
   593   385    0.19009  109  498    0.25729    0.18903  26.5%  1084  276s
H  593   365                       0.2566310    0.18903  26.3%  1084  280s
   596   367    0.18903    3  511    0.25663    0.18903  26.3%  1079  287s
   597   368    0.19332   55  506    0.25663    0.18903  26.3%  1077  290s
   599   369    0.19403   73  545    0.25663    0.18903  26.3%  1073  297s
   600   370    0.19047   10  546    0.25663    0.18903  26.3%  1072  300s
   602   371    0.19332   45  513    0.25663    0.18903  26.3%  1068  305s
   603   372    0.20170   69  510    0.25663    0.18903  26.3%  1066  310s
   605   375    0.18941   24  457    0.25663    0.18903  26.3%  1295  325s
   607   376    0.18955   25  426    0.25663    0.18941  26.2%  1325  331s
   609   378    0.18962   26  443    0.25663    0.18943  26.2%  1362  341s
   611   379    0.18983   27  452    0.25663    0.18943  26.2%  1365  348s
   612   380    0.19034   27  384    0.25663    0.18943  26.2%  1381  350s
   614   381    0.19048   28  397    0.25663    0.18943  26.2%  1381  356s
   617   383    0.19057   30  387    0.25663    0.18943  26.2%  1385  361s
   622   386    0.19125   32  355    0.25663    0.18943  26.2%  1379  365s
   641   398    0.19344   42  261    0.25663    0.18943  26.2%  1361  370s
   654   407    0.19390   49  220    0.25663    0.18943  26.2%  1356  375s
   665   414    0.21182   54  179    0.25663    0.18943  26.2%  1351  380s
   678   423    0.19399   61  154    0.25663    0.18943  26.2%  1354  385s
   691   431    0.19399   67  201    0.25663    0.18943  26.2%  1345  390s
H  693   412                       0.2534932    0.18943  25.3%  1341  395s
H  693   394                       0.2513624    0.18943  24.6%  1341  396s
   693   396    0.19399   68  127    0.25136    0.18943  24.6%  1344  401s
   697   398    0.19399   70  138    0.25136    0.18943  24.6%  1344  405s
   711   406    0.19399   77  229    0.25136    0.18943  24.6%  1348  410s
   729   416    0.21352   86  335    0.25136    0.18943  24.6%  1337  415s
   735   418    0.20831   89  330    0.25136    0.18943  24.6%  1339  420s
   749   426    0.23078   96  395    0.25136    0.18943  24.6%  1334  425s
   762   434    0.19399  103  224    0.25136    0.18943  24.6%  1328  430s
   777   438    0.19892  110  169    0.25136    0.18943  24.6%  1325  435s
   786   441    0.19652  115  325    0.25136    0.18943  24.6%  1321  440s
   815   435    0.21465  137  412    0.25136    0.18943  24.6%  1282  445s
   850   423    0.18990   25  342    0.25136    0.18943  24.6%  1238  451s
   852   425    0.19003   26  439    0.25136    0.18943  24.6%  1254  455s
   859   429    0.19007   30  361    0.25136    0.18943  24.6%  1275  460s
   865   433    0.19010   33  358    0.25136    0.18943  24.6%  1294  465s
   875   440    0.19137   38  385    0.25136    0.18943  24.6%  1305  470s
   884   446    0.19239   42  236    0.25136    0.18943  24.6%  1312  475s
   906   459    0.19323   53  116    0.25136    0.18943  24.6%  1309  480s
   924   471    0.19571   62  124    0.25136    0.18943  24.6%  1308  485s
   940   479    0.19331   70  153    0.25136    0.18943  24.6%  1307  490s
   950   485    0.19333   75  208    0.25136    0.18943  24.6%  1309  495s
   974   500    0.20548   87  181    0.25136    0.18943  24.6%  1301  500s
H  979   483                       0.2511624    0.18943  24.6%  1297  500s
H  979   467                       0.2510083    0.18943  24.5%  1297  500s
  1006   482    0.20325  104  254    0.25101    0.18943  24.5%  1276  505s
  1062   489     cutoff  141         0.25101    0.18943  24.5%  1220  510s
  1090   486    0.18987   25  455    0.25101    0.18982  24.4%  1213  520s
  1093   488    0.19024   27  481    0.25101    0.18982  24.4%  1243  526s
  1096   490    0.19024   28  457    0.25101    0.18982  24.4%  1259  530s
  1101   494    0.19037   31  366    0.25101    0.18982  24.4%  1281  535s
  1107   498    0.19037   34  357    0.25101    0.18982  24.4%  1299  540s
  1113   502    0.19083   37  245    0.25101    0.18982  24.4%  1315  545s
  1121   507    0.19083   41  313    0.25101    0.18982  24.4%  1331  550s
  1133   514    0.19137   47  218    0.25101    0.18982  24.4%  1334  555s
  1141   519    0.19145   51  246    0.25101    0.18982  24.4%  1352  560s
  1148   524    0.19145   54  238    0.25101    0.18982  24.4%  1366  565s
  1160   532    0.19303   60  262    0.25101    0.18982  24.4%  1376  570s
  1177   543    0.19344   69  223    0.25101    0.18982  24.4%  1381  575s
  1194   554    0.19383   77  272    0.25101    0.18982  24.4%  1379  580s
  1218   567    0.22349   89  386    0.25101    0.18982  24.4%  1363  585s
  1240   569     cutoff  101         0.25101    0.18982  24.4%  1352  590s
  1268   574    0.20536  115  265    0.25101    0.18982  24.4%  1334  595s
  1305   580    0.20836  135  223    0.25101    0.18982  24.4%  1306  600s
  1359   579    0.23245  165  212    0.25101    0.18982  24.4%  1265  605s
  1389   569    0.19026   27  496    0.25101    0.18985  24.4%  1253  614s
  1390   569    0.19043   28  491    0.25101    0.18985  24.4%  1255  615s
  1395   573    0.19080   30  437    0.25101    0.18985  24.4%  1264  620s
  1403   578    0.19081   34  345    0.25101    0.18985  24.4%  1268  625s
  1417   587    0.19595   41  240    0.25101    0.18985  24.4%  1270  630s
  1443   605    0.21931   54  166    0.25101    0.18985  24.4%  1260  635s
  1473   625    0.19401   69  118    0.25101    0.18985  24.4%  1248  640s
  1496   640    0.19403   81  185    0.25101    0.18985  24.4%  1245  645s
  1524   663    0.19485   95   94    0.25101    0.18985  24.4%  1234  650s
  1547   686    0.19485  106  119    0.25101    0.18985  24.4%  1229  655s
  1578   713    0.19523  122  184    0.25101    0.18985  24.4%  1214  660s
  1623   735    0.20395  145  108    0.25101    0.18985  24.4%  1188  665s
  1668   761    0.22417  171  124    0.25101    0.18985  24.4%  1166  670s
  1720   787     cutoff  197         0.25101    0.18985  24.4%  1141  675s
  1750   792    0.19064   27  467    0.25101    0.18998  24.3%  1136  684s
  1751   793    0.19066   28  405    0.25101    0.18998  24.3%  1139  685s
  1757   799    0.19103   31  341    0.25101    0.18998  24.3%  1143  690s
  1767   809    0.19103   36  375    0.25101    0.18998  24.3%  1146  695s
  1779   821    0.19222   42  231    0.25101    0.18998  24.3%  1150  700s
  1799   841    0.19249   52  235    0.25101    0.18998  24.3%  1148  705s
  1816   858    0.19249   60  280    0.25101    0.18998  24.3%  1147  710s
  1828   870    0.20284   66  320    0.25101    0.18998  24.3%  1149  715s
  1849   889    0.19660   77  249    0.25101    0.18998  24.3%  1144  720s
  1889   905    0.20030  103  385    0.25101    0.18998  24.3%  1125  725s
  1915   920    0.22347  118  135    0.25101    0.18998  24.3%  1117  730s
  1955   949    0.21258  138  268    0.25101    0.18998  24.3%  1099  735s
  1990   967     cutoff  156         0.25101    0.18998  24.3%  1086  740s
H 2002   964                       0.2509662    0.18998  24.3%  1081  745s
  2004   968    0.19084   27  564    0.25097    0.18999  24.3%  1091  751s
  2008   972    0.19084   29  398    0.25097    0.18999  24.3%  1096  755s
  2016   980    0.19106   33  341    0.25097    0.18999  24.3%  1099  760s
  2023   987    0.19106   37  346    0.25097    0.18999  24.3%  1103  765s
  2032   996    0.23219   41  266    0.25097    0.18999  24.3%  1107  770s
  2039  1003    0.19109   45  308    0.25097    0.18999  24.3%  1112  775s
  2046  1010    0.19109   48  439    0.25097    0.18999  24.3%  1116  780s
  2054  1018    0.19113   52  346    0.25097    0.18999  24.3%  1119  785s
  2063  1027    0.19154   57  332    0.25097    0.18999  24.3%  1121  790s
  2077  1041    0.19166   64  241    0.25097    0.18999  24.3%  1121  795s
  2093  1057    0.19254   72  171    0.25097    0.18999  24.3%  1121  800s
  2107  1069    0.20506   79  359    0.25097    0.18999  24.3%  1121  805s
  2131  1078     cutoff   91         0.25097    0.18999  24.3%  1118  810s
  2135  1079    0.24919   93  201    0.25097    0.18999  24.3%  1118  819s
  2138  1082    0.23796   95  180    0.25097    0.18999  24.3%  1117  821s
  2163  1102    0.21387  108  353    0.25097    0.18999  24.3%  1109  825s
  2198  1117    0.24868  127  217    0.25097    0.18999  24.3%  1099  830s
  2226  1116    0.19019   27  477    0.25097    0.19001  24.3%  1089  842s
  2227  1117    0.19033   28  470    0.25097    0.19001  24.3%  1093  845s
  2232  1122    0.19033   30  455    0.25097    0.19001  24.3%  1098  850s
  2238  1128    0.19045   33  340    0.25097    0.19001  24.3%  1102  855s
  2246  1136    0.19045   37  383    0.25097    0.19001  24.3%  1108  861s
  2252  1142    0.19063   40  373    0.25097    0.19001  24.3%  1112  865s
  2257  1147    0.19063   43  362    0.25097    0.19001  24.3%  1117  870s
  2263  1153    0.19063   46  338    0.25097    0.19001  24.3%  1124  875s
  2268  1158    0.19066   48  382    0.25097    0.19001  24.3%  1130  880s
  2278  1168    0.19155   53  254    0.25097    0.19001  24.3%  1135  885s
  2284  1172    0.19155   56  271    0.25097    0.19001  24.3%  1141  890s
  2290  1178    0.19164   59  306    0.25097    0.19001  24.3%  1147  895s
  2300  1188    0.19208   64  279    0.25097    0.19001  24.3%  1151  900s
  2315  1201    0.19206   72  163    0.25097    0.19001  24.3%  1152  905s
  2326  1211    0.19206   77  155    0.25097    0.19001  24.3%  1155  910s
  2338  1222    0.19207   83  225    0.25097    0.19001  24.3%  1159  915s
  2351  1235    0.19239   90  137    0.25097    0.19001  24.3%  1158  920s
H 2352  1232                       0.2507961    0.19001  24.2%  1158  920s
  2373  1253    0.19384  101  127    0.25080    0.19001  24.2%  1154  925s
  2412  1277    0.21335  121  252    0.25080    0.19001  24.2%  1140  930s
  2441  1286    0.19055   26  490    0.25080    0.19003  24.2%  1136  939s
  2442  1287    0.19061   27  555    0.25080    0.19003  24.2%  1138  941s
  2446  1291    0.19110   29  390    0.25080    0.19003  24.2%  1143  946s
  2449  1294    0.19110   30  407    0.25080    0.19003  24.2%  1147  950s
  2457  1302    0.19110   34  386    0.25080    0.19003  24.2%  1151  956s
  2461  1306    0.19110   36  414    0.25080    0.19003  24.2%  1154  961s
  2466  1311    0.19112   39  364    0.25080    0.19003  24.2%  1157  965s
  2473  1318    0.19115   42  362    0.25080    0.19003  24.2%  1163  970s
  2480  1325    0.19120   46  307    0.25080    0.19003  24.2%  1167  975s
  2489  1333    0.23340   50  230    0.25080    0.19003  24.2%  1171  980s
  2511  1355    0.19409   61  212    0.25080    0.19003  24.2%  1167  985s
  2533  1369    0.25021   74  254    0.25080    0.19003  24.2%  1162  990s
  2562  1389    0.22347   89  249    0.25080    0.19003  24.2%  1155  995s
  2599  1410    0.23420  107  231    0.25080    0.19003  24.2%  1142 1000s
  2607  1409    0.19004   28  601    0.25080    0.19003  24.2%  1143 1006s
  2610  1412    0.19006   31  499    0.25080    0.19003  24.2%  1147 1010s
  2612  1414    0.19006   33  487    0.25080    0.19003  24.2%  1150 1017s
  2614  1416    0.19006   34  532    0.25080    0.19003  24.2%  1155 1022s
  2617  1419    0.19006   37  468    0.25080    0.19003  24.2%  1161 1027s
  2619  1421    0.19007   39  493    0.25080    0.19003  24.2%  1164 1030s
  2622  1424    0.19007   41  476    0.25080    0.19003  24.2%  1170 1035s
  2631  1433    0.19046   49  400    0.25080    0.19003  24.2%  1172 1040s
  2635  1437    0.19042   52  338    0.25080    0.19003  24.2%  1176 1047s
  2641  1443    0.19049   57  344    0.25080    0.19003  24.2%  1176 1050s
  2647  1449    0.19072   62  352    0.25080    0.19003  24.2%  1181 1055s
  2652  1454    0.19093   63  342    0.25080    0.19003  24.2%  1190 1061s
  2660  1462    0.19206   69  354    0.25080    0.19003  24.2%  1191 1065s
  2675  1477    0.19322   79  275    0.25080    0.19003  24.2%  1190 1070s
  2699  1501    0.19399   91  124    0.25080    0.19003  24.2%  1184 1075s
  2716  1512    0.21772   98  441    0.25080    0.19003  24.2%  1182 1080s
  2739  1535    0.19875  118  135    0.25080    0.19003  24.2%  1175 1085s
  2769  1560    0.20799  141  129    0.25080    0.19003  24.2%  1167 1090s
  2819  1589 infeasible  174         0.25080    0.19003  24.2%  1150 1095s
  2822  1588    0.19006   28  523    0.25080    0.19003  24.2%  1152 1100s
  2825  1591    0.19006   31  478    0.25080    0.19003  24.2%  1157 1105s
  2829  1595    0.19055   34  408    0.25080    0.19003  24.2%  1163 1111s
  2837  1603    0.19055   42  402    0.25080    0.19003  24.2%  1163 1115s
  2847  1613    0.19093   52  388    0.25080    0.19003  24.2%  1164 1120s
  2854  1620    0.19093   59  356    0.25080    0.19003  24.2%  1167 1125s
  2863  1629    0.19122   67  295    0.25080    0.19003  24.2%  1169 1130s
  2883  1649    0.19237   82  214    0.25080    0.19003  24.2%  1165 1135s
  2910  1676    0.19388  104  174    0.25080    0.19003  24.2%  1157 1140s
H 2914  1674                       0.2505287    0.19003  24.1%  1157 1142s
  2914  1676    0.19457  106  280    0.25053    0.19003  24.1%  1158 1149s
  2915  1677    0.19529  106  315    0.25053    0.19003  24.1%  1158 1150s
  2933  1695    0.19578  115  108    0.25053    0.19003  24.1%  1155 1155s
  2958  1719    0.20028  130  254    0.25053    0.19003  24.1%  1149 1165s
  2999  1751    0.20701  162  365    0.25053    0.19003  24.1%  1135 1170s
  3052  1772    0.19009   27  549    0.25053    0.19003  24.1%  1121 1178s
  3054  1774    0.19009   29  545    0.25053    0.19003  24.1%  1124 1182s
  3058  1778    0.19019   33  446    0.25053    0.19003  24.1%  1125 1185s
  3062  1782    0.19029   35  493    0.25053    0.19003  24.1%  1130 1191s
  3066  1786    0.19049   39  433    0.25053    0.19003  24.1%  1134 1195s
  3068  1788    0.19049   40  496    0.25053    0.19003  24.1%  1138 1201s
  3071  1791    0.19044   40  371    0.25053    0.19003  24.1%  1141 1205s
  3074  1794    0.19044   42  425    0.25053    0.19003  24.1%  1147 1211s
  3078  1798    0.19045   44  407    0.25053    0.19003  24.1%  1151 1215s
  3081  1801    0.19098   46  369    0.25053    0.19003  24.1%  1156 1220s
  3088  1808    0.19114   52  350    0.25053    0.19003  24.1%  1158 1225s
  3099  1819    0.19137   60  358    0.25053    0.19003  24.1%  1157 1230s
  3108  1828    0.19193   68  301    0.25053    0.19003  24.1%  1160 1235s
  3117  1837    0.19216   72  269    0.25053    0.19003  24.1%  1162 1246s
  3125  1845    0.19373   76  222    0.25053    0.19003  24.1%  1164 1250s
  3139  1859    0.19448   85  282    0.25053    0.19003  24.1%  1165 1255s
  3167  1887    0.19775  105  193    0.25053    0.19003  24.1%  1159 1260s
  3243  1952    0.19006   30  557    0.25053    0.19003  24.1%  1136 1271s
  3248  1957    0.19013   35  488    0.25053    0.19003  24.1%  1140 1276s
  3251  1960    0.19057   37  420    0.25053    0.19003  24.1%  1144 1281s
  3254  1963    0.19058   38  366    0.25053    0.19003  24.1%  1149 1286s
  3262  1971    0.19059   45  344    0.25053    0.19003  24.1%  1150 1290s
  3266  1975    0.19127   47  317    0.25053    0.19003  24.1%  1156 1295s
  3274  1983    0.19136   53  263    0.25053    0.19003  24.1%  1157 1300s
  3287  1994    0.19485   61  368    0.25053    0.19003  24.1%  1159 1305s
  3302  2009    0.19469   74  204    0.25053    0.19003  24.1%  1158 1310s
  3318  2023    0.19720   84  357    0.25053    0.19003  24.1%  1158 1315s
  3341  2046    0.20239  105  121    0.25053    0.19003  24.1%  1153 1320s
  3370  2074    0.20455  120  111    0.25053    0.19003  24.1%  1147 1325s
  3433  2131    0.21521  170  100    0.25053    0.19003  24.1%  1128 1330s
  3463  2140    0.19029   30  545    0.25053    0.19003  24.1%  1123 1338s
  3465  2142    0.19078   32  467    0.25053    0.19003  24.1%  1128 1342s
  3467  2144    0.19082   34  450    0.25053    0.19003  24.1%  1131 1354s
  3468  2145    0.19092   35  395    0.25053    0.19003  24.1%  1133 1356s
  3473  2150    0.19105   40  380    0.25053    0.19003  24.1%  1136 1360s
  3482  2159    0.19147   48  390    0.25053    0.19003  24.1%  1138 1365s
  3490  2167    0.19229   53  319    0.25053    0.19003  24.1%  1141 1370s
  3496  2173    0.19329   57  253    0.25053    0.19003  24.1%  1145 1375s
  3509  2186    0.19472   67  233    0.25053    0.19003  24.1%  1145 1380s
  3541  2217    0.19684   96  350    0.25053    0.19003  24.1%  1138 1385s
  3593  2260     cutoff  138         0.25053    0.19003  24.1%  1124 1390s
  3596  2259    0.19006   27  544    0.25053    0.19003  24.1%  1126 1395s
  3600  2263    0.19006   31  493    0.25053    0.19003  24.1%  1131 1401s
  3604  2267    0.19006   35  420    0.25053    0.19003  24.1%  1134 1405s
  3612  2275    0.19006   43  445    0.25053    0.19003  24.1%  1136 1410s
  3616  2279    0.19006   45  392    0.25053    0.19003  24.1%  1140 1415s
  3621  2284    0.19012   48  400    0.25053    0.19003  24.1%  1143 1420s
  3629  2292    0.19018   56  376    0.25053    0.19003  24.1%  1145 1425s
  3636  2299    0.19096   58  284    0.25053    0.19003  24.1%  1148 1430s
  3650  2313    0.19133   69  259    0.25053    0.19003  24.1%  1148 1435s
  3675  2334    0.19296   90  103    0.25053    0.19003  24.1%  1144 1440s
  3714  2373    0.19344  115  106    0.25053    0.19003  24.1%  1136 1445s
  3757  2416    0.19460  149   95    0.25053    0.19003  24.1%  1126 1450s
  3811  2466    0.23643  187  320    0.25053    0.19003  24.1%  1114 1455s
  3885  2511    0.23265  235  219    0.25053    0.19003  24.1%  1096 1460s
  3915  2512    0.19006   27  627    0.25053    0.19003  24.1%  1093 1468s
  3916  2513    0.19006   28  437    0.25053    0.19003  24.1%  1094 1470s
  3924  2521    0.19006   35  416    0.25053    0.19003  24.1%  1097 1475s
  3930  2527    0.19006   38  491    0.25053    0.19003  24.1%  1100 1480s
  3937  2534    0.19060   41  367    0.25053    0.19003  24.1%  1102 1486s
  3941  2538    0.19017   46  417    0.25053    0.19003  24.1%  1103 1528s
  3942  2539    0.19018   47  380    0.25053    0.19003  24.1%  1103 1531s
  3956  2553    0.19045   56  377    0.25053    0.19003  24.1%  1101 1535s
  3971  2568    0.19451   70  382    0.25053    0.19003  24.1%  1101 1540s
  3988  2585    0.19478   84  161    0.25053    0.19003  24.1%  1098 1545s
  4007  2604    0.19698   96  251    0.25053    0.19003  24.1%  1097 1550s
  4072  2668    0.20811  152  213    0.25053    0.19003  24.1%  1081 1555s
  4143  2739    0.22983  206  247    0.25053    0.19003  24.1%  1065 1560s
  4157  2736    0.19007   30  477    0.25053    0.19003  24.1%  1066 1579s
  4158  2737    0.19062   31  441    0.25053    0.19003  24.1%  1068 1582s
  4159  2738    0.19032   31  466    0.25053    0.19003  24.1%  1071 1585s
  4161  2740    0.19055   33  406    0.25053    0.19003  24.1%  1075 1590s
  4168  2747    0.19505   39  309    0.25053    0.19003  24.1%  1078 1595s
  4179  2758    0.19549   48  302    0.25053    0.19003  24.1%  1079 1600s
  4198  2777    0.19770   58   90    0.25053    0.19003  24.1%  1078 1605s
  4223  2802    0.19769   78  111    0.25053    0.19003  24.1%  1075 1610s
  4267  2846    0.19833  115  171    0.25053    0.19003  24.1%  1067 1615s
  4347  2912    0.20746  185  151    0.25053    0.19003  24.1%  1049 1620s
  4360  2911    0.19006   29  492    0.25053    0.19004  24.1%  1048 1625s
  4363  2914    0.19061   32  478    0.25053    0.19004  24.1%  1052 1631s
  4372  2923    0.19085   41  359    0.25053    0.19004  24.1%  1053 1635s
  4375  2926    0.19126   44  416    0.25053    0.19004  24.1%  1056 1640s
  4388  2939    0.19276   57  275    0.25053    0.19004  24.1%  1056 1645s
  4405  2956    0.20170   74  215    0.25053    0.19004  24.1%  1056 1650s
  4446  2986    0.21988  112  378    0.25053    0.19004  24.1%  1050 1655s
  4473  2997    0.19006   29  509    0.25053    0.19006  24.1%  1046 1663s
  4474  2998    0.19008   30  492    0.25053    0.19006  24.1%  1049 1666s
  4481  3005    0.19136   37  289    0.25053    0.19006  24.1%  1050 1670s
  4501  3025    0.19286   57  139    0.25053    0.19006  24.1%  1048 1675s
  4540  3064    0.20081   96  341    0.25053    0.19006  24.1%  1041 1680s
  4562  3077    0.19006   30  602    0.25053    0.19006  24.1%  1040 1689s
  4564  3079    0.19012   31  467    0.25053    0.19006  24.1%  1042 1692s
  4566  3081    0.19006   32  529    0.25053    0.19006  24.1%  1044 1695s
  4571  3086    0.19047   35  481    0.25053    0.19006  24.1%  1047 1701s
  4574  3089    0.19067   36  500    0.25053    0.19006  24.1%  1049 1705s
  4579  3094    0.19104   39  437    0.25053    0.19006  24.1%  1054 1711s
  4588  3103    0.19158   43  418    0.25053    0.19006  24.1%  1054 1715s
  4597  3112    0.19217   48  352    0.25053    0.19006  24.1%  1057 1721s
  4604  3119    0.19221   51  310    0.25053    0.19006  24.1%  1059 1725s
  4615  3130    0.19224   57  319    0.25053    0.19006  24.1%  1061 1730s
  4629  3144    0.19273   64  299    0.25053    0.19006  24.1%  1063 1735s
  4638  3152    0.19284   68  247    0.25053    0.19006  24.1%  1066 1740s
  4654  3168    0.19495   76  302    0.25053    0.19006  24.1%  1067 1745s
  4670  3184    0.19408   84  297    0.25053    0.19006  24.1%  1067 1750s
  4708  3220    0.20100  103  192    0.25053    0.19006  24.1%  1063 1755s
  4750  3244     cutoff  124         0.25053    0.19006  24.1%  1058 1760s
  4812  3259    0.19008   31  522    0.25053    0.19006  24.1%  1050 1769s
  4813  3260    0.19060   32  496    0.25053    0.19006  24.1%  1053 1773s
  4814  3261    0.19060   33  454    0.25053    0.19006  24.1%  1055 1775s
  4819  3266    0.19078   38  417    0.25053    0.19006  24.1%  1059 1782s
  4830  3277    0.19174   49  274    0.25053    0.19006  24.1%  1059 1785s

Cutting planes:
  Learned: 7
  Gomory: 3
  Cover: 81
  Implied bound: 315
  Projected implied bound: 140
  Clique: 26
  MIR: 587
  Mixing: 1
  StrongCG: 83
  Flow cover: 744
  GUB cover: 15
  Zero half: 11
  Network: 49
  RLT: 29
  Relax-and-lift: 333
  BQP: 15
  PSD: 7

Explored 4848 nodes (5166159 simplex iterations) in 1789.52 seconds (4256.79 work units)
Thread count was 1 (of 20 available processors)

Solution count 10: 0.250529 0.250796 0.250966 ... 0.258879

Time limit reached
Best objective 2.505286666888e-01, best bound 1.900593808365e-01, gap 24.1367%

User-callback calls 250070, time in user-callback 0.29 sec
