
Gurobi 13.0.2 (win64) logging started Sat Aug  8 15:00:56 2026

Set parameter LogFile to value "E:\codes\ExactEBRP\results\gf_c6_documentation_hga_round34\runs\transfer__V12_M1__c6_simple_start__3600s\external\native_logs\L1.1.1_terminal_mip.gurobi.log"
Gurobi Optimizer version 13.0.2 build v13.0.2rc1 (win64 - Windows 10.0 (19045.2))

CPU model: 12th Gen Intel(R) Core(TM) i7-12700KF, instruction set [SSE2|AVX|AVX2]
Thread count: 12 physical cores, 20 logical processors, using up to 1 threads

Non-default parameters:
TimeLimit  3565.7255293
MIPGap  0
MIPGapAbs  0
LogToConsole  0
Threads  1

Optimize a model with 6225 rows, 648 columns and 59365 nonzeros (Min)
Model fingerprint: 0x43bded1a
Model has 13 linear objective coefficients
Variable types: 347 continuous, 301 integer (253 binary)
Coefficient statistics:
  Matrix range     [2e-03, 1e+05]
  Objective range  [2e-03, 1e+00]
  Bounds range     [1e-01, 8e+01]
  RHS range        [3e-02, 1e+06]

Presolve removed 742 rows and 27 columns
Presolve time: 0.13s
Presolved: 5483 rows, 621 columns, 58745 nonzeros
Variable types: 321 continuous, 300 integer (252 binary)

Root relaxation: objective 3.172322e-01, 1130 iterations, 0.06 seconds (0.18 work units)

    Nodes    |    Current Node    |     Objective Bounds      |     Work
 Expl Unexpl |  Obj  Depth IntInf | Incumbent    BestBd   Gap | It/Node Time

     0     0    0.31723    0  109          -    0.31723      -     -    0s
     0     0    0.32757    0   84          -    0.32757      -     -    0s
     0     0    0.32806    0  102          -    0.32806      -     -    0s
     0     0    0.33181    0   95          -    0.33181      -     -    0s
     0     0    0.33204    0   94          -    0.33204      -     -    0s
     0     0    0.33557    0   80          -    0.33557      -     -    1s
     0     0    0.33563    0   82          -    0.33563      -     -    1s
     0     0    0.33821    0   76          -    0.33821      -     -    1s
     0     0    0.34123    0   78          -    0.34123      -     -    1s
     0     0    0.34123    0   91          -    0.34123      -     -    1s
     0     0    0.34123    0   81          -    0.34123      -     -    1s
     0     0    0.34123    0   81          -    0.34123      -     -    1s
     0     0    0.34123    0   82          -    0.34123      -     -    1s
     0     0    0.34123    0   82          -    0.34123      -     -    1s
     0     0    0.34123    0   82          -    0.34123      -     -    2s
     0     0    0.34123    0   79          -    0.34123      -     -    2s
     0     2    0.34123    0   78          -    0.34123      -     -    2s

Cutting planes:
  Learned: 2
  Gomory: 1
  Cover: 23
  Implied bound: 36
  Clique: 21
  MIR: 43
  StrongCG: 4
  Flow cover: 15
  GUB cover: 1
  Zero half: 1
  Network: 1
  RLT: 9
  Relax-and-lift: 6
  BQP: 6
  PSD: 1

Explored 3 nodes (2266 simplex iterations) in 2.56 seconds (3.62 work units)
Thread count was 1 (of 20 available processors)

Solution count 0

Model is infeasible
Best objective -, best bound -, gap -

User-callback calls 1690, time in user-callback 0.00 sec
