
Gurobi 13.0.2 (win64) logging started Mon Aug 10 10:07:32 2026

Set parameter LogFile to value "E:\codes\ExactEBRP\results\gf_simple_start_qualification_round35\runs\repeat__round31_sealed_moderate_V50_seed1112848618__c6_simple_start__repeat1__3600s\external\native_logs\L0.1_lp.gurobi.log"
Gurobi Optimizer version 13.0.2 build v13.0.2rc1 (win64 - Windows 10.0 (19045.2))

CPU model: 12th Gen Intel(R) Core(TM) i7-12700KF, instruction set [SSE2|AVX|AVX2]
Thread count: 12 physical cores, 20 logical processors, using up to 1 threads

Non-default parameters:
TimeLimit  3512.0668896
MIPGap  0
MIPGapAbs  0
LogToConsole  0
Threads  1

Optimize a model with 93003 rows, 18185 columns and 665732 nonzeros (Min)
Model fingerprint: 0xb496446d
Model has 51 linear objective coefficients
Coefficient statistics:
  Matrix range     [7e-03, 2e+04]
  Objective range  [7e-03, 1e+00]
  Bounds range     [9e-02, 3e+03]
  RHS range        [9e-02, 5e+04]

Presolve removed 5220 rows and 255 columns
Presolve time: 0.38s
Presolved: 17929 rows, 105742 columns, 665264 nonzeros

Iteration    Objective       Primal Inf.    Dual Inf.      Time
       0      handle free variables                          0s

Extra simplex iterations after uncrush: 3

Extra simplex iterations from dual to original model: 3
    9520    4.4159885e-01   0.000000e+00   0.000000e+00      3s

Solved in 9520 iterations and 3.35 seconds (10.95 work units)
Optimal objective  4.415988520e-01

User-callback calls 9692, time in user-callback 0.00 sec
