
Gurobi 13.0.2 (win64) logging started Mon Aug 10 10:08:15 2026

Set parameter LogFile to value "E:\codes\ExactEBRP\results\gf_simple_start_qualification_round35\runs\repeat__round31_sealed_moderate_V50_seed1112848618__c6_simple_start__repeat1__3600s\external\native_logs\L1_terminal_mip.gurobi.log"
Gurobi Optimizer version 13.0.2 build v13.0.2rc1 (win64 - Windows 10.0 (19045.2))

CPU model: 12th Gen Intel(R) Core(TM) i7-12700KF, instruction set [SSE2|AVX|AVX2]
Thread count: 12 physical cores, 20 logical processors, using up to 1 threads

Non-default parameters:
TimeLimit  3468.4087455
MIPGap  0
MIPGapAbs  0
LogToConsole  0
Threads  1

Optimize a model with 93003 rows, 18185 columns and 665732 nonzeros (Min)
Model fingerprint: 0x589f3937
Model has 51 linear objective coefficients
Variable types: 9457 continuous, 8728 integer (8228 binary)
Coefficient statistics:
  Matrix range     [7e-03, 2e+04]
  Objective range  [7e-03, 1e+00]
  Bounds range     [2e-01, 2e+03]
  RHS range        [2e-01, 5e+04]

Presolved: 86516 rows, 18078 columns, 623403 nonzeros

Continuing optimization...

     0     0    0.52113    0  574          -    0.52113      -     -   37s
     0     0    0.52113    0  560          -    0.52113      -     -   38s
     0     0    0.52284    0  573          -    0.52284      -     -   41s
     0     0    0.52625    0  635          -    0.52625      -     -   54s
     0     0    0.52875    0  651          -    0.52875      -     -   58s
     0     0    0.53403    0  635          -    0.53403      -     -   75s
     0     0    0.53521    0  645          -    0.53521      -     -   82s
     0     0    0.53771    0  671          -    0.53771      -     -   98s
     0     0    0.53847    0  671          -    0.53847      -     -  105s
     0     0    0.54087    0  696          -    0.54087      -     -  118s
H    0     0                       0.7539230    0.54087  28.3%     -  124s
     0     0    0.54231    0  699    0.75392    0.54231  28.1%     -  136s
     0     0    0.54417    0  725    0.75392    0.54417  27.8%     -  152s
H    0     0                       0.7432446    0.54417  26.8%     -  152s
H    0     0                       0.7425024    0.54417  26.7%     -  152s
H    0     0                       0.7384476    0.54417  26.3%     -  152s
H    0     0                       0.7337987    0.54417  25.8%     -  152s
     0     0    0.54460    0  735    0.73380    0.54460  25.8%     -  162s
     0     0    0.54517    0  743    0.73380    0.54517  25.7%     -  174s
H    0     0                       0.7306346    0.54517  25.4%     -  175s
H    0     0                       0.7282112    0.54517  25.1%     -  175s
H    0     0                       0.7261303    0.54517  24.9%     -  176s
H    0     0                       0.7201954    0.54517  24.3%     -  176s
H    0     0                       0.7187849    0.54517  24.2%     -  176s
H    0     0                       0.7143872    0.54517  23.7%     -  177s
     0     0    0.54539    0  781    0.71439    0.54539  23.7%     -  190s
     0     0    0.54624    0  822    0.71439    0.54624  23.5%     -  205s
H    0     0                       0.7109404    0.54624  23.2%     -  206s
H    0     0                       0.7107524    0.54624  23.1%     -  206s
H    0     0                       0.7106766    0.54624  23.1%     -  206s
     0     0    0.54658    0  834    0.71068    0.54658  23.1%     -  221s
     0     0    0.54777    0  846    0.71068    0.54777  22.9%     -  244s
H    0     0                       0.7106482    0.54777  22.9%     -  244s
     0     0    0.54807    0  869    0.71065    0.54807  22.9%     -  253s
     0     0    0.54941    0  859    0.71065    0.54941  22.7%     -  275s
H    0     0                       0.7106386    0.54941  22.7%     -  275s
     0     0    0.54950    0  858    0.71064    0.54950  22.7%     -  291s
     0     0    0.55053    0  851    0.71064    0.55053  22.5%     -  312s
     0     0    0.55065    0  834    0.71064    0.55065  22.5%     -  328s
     0     0    0.55125    0  861    0.71064    0.55125  22.4%     -  344s
     0     0    0.55148    0  859    0.71064    0.55148  22.4%     -  361s
     0     0    0.55221    0  859    0.71064    0.55221  22.3%     -  374s
H    0     0                       0.7040093    0.55221  21.6%     -  380s
H    0     0                       0.6970493    0.55221  20.8%     -  383s
     0     0    0.55240    0  901    0.69705    0.55240  20.8%     -  407s
     0     0    0.55268    0  919    0.69705    0.55268  20.7%     -  427s
H    0     0                       0.6968039    0.55268  20.7%     -  427s
H    0     0                       0.6926396    0.55268  20.2%     -  427s
     0     0    0.55268    0  932    0.69264    0.55268  20.2%     -  429s
     0     0    0.55291    0  936    0.69264    0.55291  20.2%     -  447s
     0     0    0.55295    0  937    0.69264    0.55295  20.2%     -  463s
     0     0    0.55310    0  889    0.69264    0.55310  20.1%     -  471s
     0     0    0.55325    0  941    0.69264    0.55325  20.1%     -  488s
     0     0    0.55366    0  893    0.69264    0.55366  20.1%     -  508s
     0     0    0.55379    0  937    0.69264    0.55379  20.0%     -  523s
     0     0    0.55411    0  914    0.69264    0.55411  20.0%     -  531s
H    0     0                       0.6770618    0.55411  18.2%     -  531s
H    0     0                       0.6767848    0.55411  18.1%     -  531s
H    0     0                       0.6764704    0.55411  18.1%     -  532s
H    0     0                       0.6764332    0.55411  18.1%     -  532s
H    0     0                       0.6764284    0.55411  18.1%     -  532s
     0     0    0.55421    0  939    0.67643    0.55421  18.1%     -  546s
     0     0    0.55507    0  826    0.67643    0.55507  17.9%     -  571s
     0     0    0.55533    0  810    0.67643    0.55533  17.9%     -  600s
     0     0    0.55607    0  812    0.67643    0.55607  17.8%     -  615s
     0     0    0.55631    0  811    0.67643    0.55631  17.8%     -  618s
     0     0    0.55676    0  789    0.67643    0.55676  17.7%     -  638s
     0     0    0.55693    0  824    0.67643    0.55693  17.7%     -  652s
     0     0    0.55722    0  825    0.67643    0.55722  17.6%     -  670s
H    0     0                       0.6764061    0.55722  17.6%     -  670s
     0     0    0.55730    0  805    0.67641    0.55730  17.6%     -  683s
     0     0    0.55736    0  844    0.67641    0.55736  17.6%     -  697s
     0     0    0.55746    0  875    0.67641    0.55746  17.6%     -  740s
     0     0    0.55767    0  793    0.67641    0.55767  17.6%     -  758s
     0     0    0.55772    0  874    0.67641    0.55772  17.5%     -  766s
     0     0    0.55787    0  866    0.67641    0.55787  17.5%     -  773s
     0     0    0.55795    0  878    0.67641    0.55795  17.5%     -  775s
     0     0    0.55813    0  860    0.67641    0.55813  17.5%     -  784s
     0     0    0.55832    0  840    0.67641    0.55832  17.5%     -  797s
     0     0    0.55832    0  901    0.67641    0.55832  17.5%     -  803s
     0     0    0.55833    0  923    0.67641    0.55833  17.5%     -  817s
     0     0    0.55840    0  925    0.67641    0.55840  17.4%     -  827s
     0     0    0.55842    0  882    0.67641    0.55842  17.4%     -  829s
     0     0    0.55862    0  890    0.67641    0.55862  17.4%     -  834s
     0     0    0.55864    0  888    0.67641    0.55864  17.4%     -  835s
     0     0    0.55867    0  907    0.67641    0.55867  17.4%     -  842s
     0     0    0.55870    0  902    0.67641    0.55870  17.4%     -  848s
     0     0    0.55893    0  882    0.67641    0.55893  17.4%     -  855s
     0     0    0.55898    0  882    0.67641    0.55898  17.4%     -  863s
     0     0    0.55898    0  902    0.67641    0.55898  17.4%     -  887s
     0     0    0.55903    0  925    0.67641    0.55903  17.4%     -  898s
     0     0    0.55906    0  926    0.67641    0.55906  17.3%     -  904s
     0     0    0.55906    0  926    0.67641    0.55906  17.3%     -  906s
     0     0    0.55906    0  863    0.67641    0.55906  17.3%     -  907s
     0     2    0.55906    0  863    0.67641    0.55906  17.3%     -  957s
     1     3    0.56039    1  819    0.67641    0.55906  17.3% 22903  977s
H    2     2                       0.6716081    0.55906  16.8% 11452  991s
     2     4    0.55972    1  755    0.67161    0.55972  16.7% 16008  998s
H    4     4                       0.6706477    0.55972  16.5%  8146  998s
H    4     4                       0.6705330    0.55972  16.5%  8146  998s
H    4     4                       0.6702694    0.55972  16.5%  8146 1000s
H    8     8                       0.6693031    0.55972  16.4%  4264 1003s
H    8     8                       0.6656350    0.55972  15.9%  4264 1007s
H    8     8                       0.6643979    0.55972  15.8%  4264 1008s
H    8     8                       0.6640660    0.55972  15.7%  4264 1010s
H    8     8                       0.6639628    0.55972  15.7%  4264 1013s
H    8     8                       0.6639052    0.55972  15.7%  4264 1014s
     8    10    0.55976    7  776    0.66391    0.55972  15.7%  4349 1018s
    11    13    0.55979   10  810    0.66391    0.55972  15.7%  3376 1021s
    12    14    0.55993   11  731    0.66391    0.55972  15.7%  4501 1035s
    13    15    0.56117   12  698    0.66391    0.55972  15.7%  5017 1051s
    14    16    0.56314   12  784    0.66391    0.55972  15.7%  5424 1074s
    15    17    0.56119   13  752    0.66391    0.55972  15.7%  7867 1097s
H   16    16                       0.6638486    0.55972  15.7%  7376 1111s
    17    19    0.56146   14  762    0.66385    0.55972  15.7%  7746 1118s
    18    20    0.57156   14  684    0.66385    0.55972  15.7%  7598 1123s
    21    23    0.56176   17  755    0.66385    0.55972  15.7%  6752 1128s
    22    23    0.57597   17  641    0.66385    0.55972  15.7%  6733 1134s
H   23    22                       0.6636869    0.55972  15.7%  6441 1146s
    24    25    0.56196   19  745    0.66369    0.55972  15.7%  7015 1157s
H   25    24                       0.6636641    0.55972  15.7%  6735 1181s
H   25    24                       0.6636641    0.55972  15.7%  6735 1184s
H   25    24                       0.6636641    0.55972  15.7%  6735 1184s
    25    26    0.56202   20  760    0.66366    0.55972  15.7%  6913 1188s
    26    27    0.56209   21  760    0.66366    0.55972  15.7%  6716 1190s
H   27    26                       0.6636576    0.55972  15.7%  6467 1196s
    28    29    0.56254   23  705    0.66366    0.55972  15.7%  6790 1212s
    29    30    0.56474   24  627    0.66366    0.55972  15.7%  6760 1218s
    30    31    0.56728   24  637    0.66366    0.55972  15.7%  7055 1226s
    33    34    0.56518   27  628    0.66366    0.55972  15.7%  6557 1230s
    36    37    0.56665   30  615    0.66366    0.55972  15.7%  6244 1238s
    37    38    0.56642   30  600    0.66366    0.55972  15.7%  6208 1243s
H   38    37                       0.6636373    0.55972  15.7%  6045 1249s
H   38    37                       0.6635592    0.55972  15.6%  6045 1249s
    39    39    0.57658   31  624    0.66356    0.55972  15.6%  6156 1253s
    40    40    0.57157   32  601    0.66356    0.55972  15.6%  6140 1258s
    41    41    0.57859   32  590    0.66356    0.55972  15.6%  6690 1272s
    42    42    0.57163   33  656    0.66356    0.55972  15.6%  6676 1277s
    43    43    0.57203   34  671    0.66356    0.55972  15.6%  6656 1282s
    44    44    0.57213   35  663    0.66356    0.55972  15.6%  6610 1286s
    45    45    0.58313   35  565    0.66356    0.55972  15.6%  6697 1295s
    46    46    0.57218   36  651    0.66356    0.55972  15.6%  6696 1313s
    47    47    0.57225   37  656    0.66356    0.55972  15.6%  6712 1320s
    49    49    0.57235   39  650    0.66356    0.55972  15.6%  6719 1332s
    50    50    0.57238   40  649    0.66356    0.55972  15.6%  6714 1337s
    52    52    0.57256   42  635    0.66356    0.55972  15.6%  6527 1340s
    54    54    0.57291   44  670    0.66356    0.55972  15.6%  6429 1346s
    55    55    0.58450   44  595    0.66356    0.55972  15.6%  6419 1351s
    56    56    0.57296   45  673    0.66356    0.55972  15.6%  6698 1362s
    59    59    0.57303   48  689    0.66356    0.55972  15.6%  6454 1377s
    60    60    0.57349   49  671    0.66356    0.55972  15.6%  6455 1382s
    61    61    0.58374   49  582    0.66356    0.55972  15.6%  6414 1386s
    63    63    0.57378   51  618    0.66356    0.55972  15.6%  6310 1392s
    64    64    0.59111   51  543    0.66356    0.55972  15.6%  6334 1398s
    66    66    0.57387   53  637    0.66356    0.55972  15.6%  6176 1400s
    69    69    0.57420   56  631    0.66356    0.55972  15.6%  6077 1410s
    70    70    0.57432   57  633    0.66356    0.55972  15.6%  6037 1415s
    72    72    0.57444   59  632    0.66356    0.55972  15.6%  6000 1423s
    74    74    0.57457   61  629    0.66356    0.55972  15.6%  5963 1431s
    76    76    0.57464   63  674    0.66356    0.55972  15.6%  5952 1440s
    79    79    0.57478   66  660    0.66356    0.55972  15.6%  5865 1450s
    80    80    0.57598   66  681    0.66356    0.55972  15.6%  5866 1465s
    81    81    0.57478   67  661    0.66356    0.55972  15.6%  5838 1486s
    84    84    0.57487   70  659    0.66356    0.55972  15.6%  5744 1494s
    85    85    0.57490   71  664    0.66356    0.55972  15.6%  5795 1503s
    86    86    0.57493   72  649    0.66356    0.55972  15.6%  5764 1506s
    88    88    0.57499   74  657    0.66356    0.55972  15.6%  5695 1510s
    91    91    0.57515   77  677    0.66356    0.55972  15.6%  5600 1518s
    92    92    0.57521   78  675    0.66356    0.55972  15.6%  5626 1523s
    93    93    0.57518   79  683    0.66356    0.55972  15.6%  5606 1527s
    95    95    0.57522   81  683    0.66356    0.55972  15.6%  5522 1530s
    97    97    0.57535   83  670    0.66356    0.55972  15.6%  5484 1538s
   100   100    0.57538   86  686    0.66356    0.55972  15.6%  5377 1543s
   102   102    0.57536   88  678    0.66356    0.55972  15.6%  5286 1545s
   103   103    0.57535   89  693    0.66356    0.55972  15.6%  5287 1550s
   108   108    0.57549   94  647    0.66356    0.55972  15.6%  5090 1555s
   110   110    0.57555   96  659    0.66356    0.55972  15.6%  5088 1565s
   113   113    0.57559   99  662    0.66356    0.55972  15.6%  5032 1573s
   114   114    0.57559  100  652    0.66356    0.55972  15.6%  5000 1575s
   115   115    0.57567  101  629    0.66356    0.55972  15.6%  5007 1581s
   116   116    0.57686  101  656    0.66356    0.55972  15.6%  5170 1594s
   117   117    0.57571  102  620    0.66356    0.55972  15.6%  5168 1598s
   118   118    0.57581  103  623    0.66356    0.55972  15.6%  5161 1603s
   119   119    0.57576  104  624    0.66356    0.55972  15.6%  5165 1607s
   121   121    0.57580  106  632    0.66356    0.55972  15.6%  5117 1611s
   127   127    0.57587  112  640    0.66356    0.55972  15.6%  4939 1619s
   129   129    0.57589  114  632    0.66356    0.55972  15.6%  4921 1626s
H  131   129                       0.6618394    0.55972  15.4%  4851 1644s
   131   131    0.57591  116  653    0.66184    0.55972  15.4%  4921 1650s
   135   135    0.57596  120  666    0.66184    0.55972  15.4%  4830 1657s
   138   138    0.57601  123  646    0.66184    0.55972  15.4%  4752 1661s
   139   139    0.57623  124  664    0.66184    0.55972  15.4%  4750 1666s
   140   140    0.57626  125  648    0.66184    0.55972  15.4%  4770 1674s
   141   141    0.57634  126  658    0.66184    0.55972  15.4%  4747 1676s
   142   142    0.57638  127  666    0.66184    0.55972  15.4%  4742 1680s
   144   144    0.57643  129  685    0.66184    0.55972  15.4%  4754 1691s
   146   146    0.57653  131  671    0.66184    0.55972  15.4%  4729 1697s
   147   147    0.57658  132  691    0.66184    0.55972  15.4%  4737 1703s
   148   148    0.57658  133  675    0.66184    0.55972  15.4%  4722 1706s
   150   150    0.57666  135  666    0.66184    0.55972  15.4%  4695 1710s
   152   152    0.57677  137  654    0.66184    0.55972  15.4%  4671 1715s
   155   155    0.57683  140  617    0.66184    0.55972  15.4%  4619 1721s
   158   158    0.57688  143  631    0.66184    0.55972  15.4%  4557 1725s
   160   160    0.57699  145  665    0.66184    0.55972  15.4%  4573 1737s
   161   161    0.57695  146  633    0.66184    0.55972  15.4%  4574 1742s
   164   164    0.57703  149  638    0.66184    0.55972  15.4%  4578 1751s
   165   165    0.57702  150  650    0.66184    0.55972  15.4%  4584 1801s
   166   166    0.57710  151  635    0.66184    0.55972  15.4%  4590 1806s
   169   169    0.57712  154  643    0.66184    0.55972  15.4%  4538 1811s
   170   170    0.57713  155  630    0.66184    0.55972  15.4%  4550 1818s
   171   171    0.57716  156  640    0.66184    0.55972  15.4%  4537 1820s
   176   176    0.57724  161  675    0.66184    0.55972  15.4%  4445 1826s
   180   180    0.57732  165  634    0.66184    0.55972  15.4%  4366 1830s
   185   185    0.57737  170  649    0.66184    0.55972  15.4%  4282 1835s
   188   188    0.57740  173  659    0.66184    0.55972  15.4%  4218 1847s
   189   189    0.57745  174  649    0.66184    0.55972  15.4%  4219 1852s
   191   191    0.57753  176  646    0.66184    0.55972  15.4%  4211 1859s
   192   192    0.57756  177  640    0.66184    0.55972  15.4%  4192 1860s
   194   194    0.57762  179  641    0.66184    0.55972  15.4%  4181 1866s
   195   195    0.57770  180  657    0.66184    0.55972  15.4%  4182 1870s
   198   198    0.57782  183  669    0.66184    0.55972  15.4%  4161 1877s
   200   200    0.57788  185  643    0.66184    0.55972  15.4%  4131 1880s
   202   202    0.57801  187  634    0.66184    0.55972  15.4%  4112 1885s
   207   207    0.57812  192  647    0.66184    0.55972  15.4%  4051 1893s
   212   212    0.57826  197  659    0.66184    0.55972  15.4%  3982 1898s
   216   216    0.57832  201  652    0.66184    0.55972  15.4%  3930 1904s
   218   218    0.57837  203  656    0.66184    0.55972  15.4%  3920 1910s
   221   221    0.57840  206  642    0.66184    0.55972  15.4%  3906 1918s
   223   223    0.57844  208  672    0.66184    0.55972  15.4%  3885 1921s
   225   225    0.57850  210  652    0.66184    0.55972  15.4%  3876 1928s
   226   226    0.57852  211  649    0.66184    0.55972  15.4%  3885 1934s
   227   227    0.57857  212  635    0.66184    0.55972  15.4%  3888 1939s
   228   228    0.57858  213  621    0.66184    0.55972  15.4%  3875 1940s
   234   234    0.57866  219  641    0.66184    0.55972  15.4%  3799 1945s
   238   238    0.57876  223  659    0.66184    0.55972  15.4%  3769 1953s
   240   240    0.57883  225  643    0.66184    0.55972  15.4%  3744 1955s
   243   243    0.57902  228  638    0.66184    0.55972  15.4%  3733 1963s
   245   245    0.58855  229  599    0.66184    0.55972  15.4%  3738 1973s
   247   247    0.57974  231  646    0.66184    0.55972  15.4%  3736 1980s
   253   253    0.58015  237  658    0.66184    0.55972  15.4%  3690 1991s
   254   254    0.58836  237  502    0.66184    0.55972  15.4%  3689 1995s
   256   256    0.58029  239  641    0.66184    0.55972  15.4%  3683 2001s
   258   258    0.58033  241  643    0.66184    0.55972  15.4%  3676 2006s
   260   260    0.58037  243  626    0.66184    0.55972  15.4%  3670 2011s
   263   263    0.58042  246  656    0.66184    0.55972  15.4%  3656 2019s
   264   264    0.58042  247  657    0.66184    0.55972  15.4%  3652 2021s
   267   267    0.58049  250  646    0.66184    0.55972  15.4%  3629 2026s
   270   270    0.58070  253  644    0.66184    0.55972  15.4%  3604 2030s
   277   277    0.58075  260  677    0.66184    0.55972  15.4%  3531 2035s
   278   278    0.58110  261  645    0.66184    0.55972  15.4%  3539 2041s
   280   280    0.58126  263  648    0.66184    0.55972  15.4%  3528 2045s
   282   282    0.58130  265  657    0.66184    0.55972  15.4%  3532 2061s
   285   285    0.58146  268  636    0.66184    0.55972  15.4%  3512 2073s
   286   286    0.58150  269  643    0.66184    0.55972  15.4%  3512 2076s
   289   289    0.58165  272  654    0.66184    0.55972  15.4%  3512 2088s
   290   290    0.58175  273  663    0.66184    0.55972  15.4%  3517 2093s
   291   291    0.58205  274  640    0.66184    0.55972  15.4%  3527 2099s
   292   292    0.58207  275  624    0.66184    0.55972  15.4%  3521 2101s
   293   293    0.58265  276  668    0.66184    0.55972  15.4%  3535 2109s
   294   294    0.58359  277  663    0.66184    0.55972  15.4%  3537 2113s
   295   295    0.58368  278  658    0.66184    0.55972  15.4%  3540 2118s
   296   296    0.58371  279  660    0.66184    0.55972  15.4%  3545 2124s
   297   297    0.58373  280  651    0.66184    0.55972  15.4%  3535 2125s
   301   301    0.58385  284  659    0.66184    0.55972  15.4%  3518 2134s
   302   302    0.58387  285  651    0.66184    0.55972  15.4%  3522 2139s
   303   303    0.58389  286  655    0.66184    0.55972  15.4%  3516 2141s
   304   304    0.58389  287  653    0.66184    0.55972  15.4%  3517 2145s
   306   306    0.58396  289  664    0.66184    0.55972  15.4%  3594 2164s
   308   308    0.58398  291  657    0.66184    0.55972  15.4%  3576 2165s
   309   309    0.58408  292  662    0.66184    0.55972  15.4%  3568 2194s
   311   311    0.58417  294  681    0.66184    0.55972  15.4%  3549 2195s
   313   313    0.58421  296  668    0.66184    0.55972  15.4%  3556 2205s
   316   316    0.58429  299  669    0.66184    0.55972  15.4%  3541 2211s
   319   319    0.58435  302  658    0.66184    0.55972  15.4%  3519 2215s
   323   323    0.58448  306  669    0.66184    0.55972  15.4%  3497 2222s
   324   324    0.58454  307  695    0.66184    0.55972  15.4%  3496 2226s
   330   330    0.58465  313  653    0.66184    0.55972  15.4%  3444 2230s
   332   332    0.58466  315  654    0.66184    0.55972  15.4%  3438 2235s
   335   335    0.58504  318  668    0.66184    0.55972  15.4%  3431 2244s
   336   336    0.58528  319  660    0.66184    0.55972  15.4%  3429 2247s
   338   338    0.58543  321  672    0.66184    0.55972  15.4%  3422 2252s
   344   344    0.58609  327  675    0.66184    0.55972  15.4%  3377 2257s
   345   345    0.58652  328  666    0.66184    0.55972  15.4%  3381 2263s
   346   346    0.58662  329  656    0.66184    0.55972  15.4%  3379 2266s
   347   347    0.58680  330  656    0.66184    0.55972  15.4%  3383 2271s
   348   348    0.58694  331  652    0.66184    0.55972  15.4%  3386 2276s
   351   351    0.58752  334  647    0.66184    0.55972  15.4%  3371 2281s
   352   352    0.58817  335  617    0.66184    0.55972  15.4%  3373 2286s
   353   353    0.61791  336  556    0.66184    0.55972  15.4%  3381 2292s
   354   353    0.61569  336  560    0.66184    0.55972  15.4%  3391 2300s
   361   360    0.61807  343  558    0.66184    0.55972  15.4%  3350 2308s
   363   362    0.61811  345  551    0.66184    0.55972  15.4%  3349 2314s
   364   363    0.61812  346  556    0.66184    0.55972  15.4%  3342 2315s
   367   366    0.61816  349  560    0.66184    0.55972  15.4%  3339 2324s
   368   367    0.61816  350  569    0.66184    0.55972  15.4%  3342 2328s
   372   371    0.61848  354  552    0.66184    0.55972  15.4%  3327 2336s
   373   372    0.62013  354  578    0.66184    0.55972  15.4%  3334 2342s
   376   375    0.61852  357  553    0.66184    0.55972  15.4%  3316 2350s
   382   381    0.61856  363  510    0.66184    0.55972  15.4%  3266 2356s
   383   382    0.61893  364  532    0.66184    0.55972  15.4%  3269 2361s
   384   383    0.61934  365  501    0.66184    0.55972  15.4%  3277 2366s
   386   385    0.61947  367  514    0.66184    0.55972  15.4%  3273 2371s
   388   387    0.61966  369  504    0.66184    0.55972  15.4%  3270 2376s
   389   388    0.61971  370  539    0.66184    0.55972  15.4%  3272 2380s
   391   390    0.65003  371  520    0.66184    0.55972  15.4%  3295 2394s
   393   392    0.63254  373  472    0.66184    0.55972  15.4%  3285 2396s
   396   395    0.64342  376  486    0.66184    0.55972  15.4%  3268 2400s
   401   400    0.63554  380  480    0.66184    0.55972  15.4%  3243 2406s
   406   405    0.63711  385  474    0.66184    0.55972  15.4%  3213 2410s
   421   420    0.63731  399  460    0.66184    0.55972  15.4%  3110 2415s
   430   429    0.63777  408  458    0.66184    0.55972  15.4%  3057 2420s
   442   441    0.63795  420  458    0.66184    0.55972  15.4%  2986 2425s
   447   446    0.63817  425  486    0.66184    0.55972  15.4%  2970 2432s
   450   449    0.63838  428  476    0.66184    0.55972  15.4%  2957 2435s
   455   454    0.63904  433  477    0.66184    0.55972  15.4%  2935 2440s
   467   466    0.63916  445  470    0.66184    0.55972  15.4%  2870 2445s
   471   470    0.63920  449  470    0.66184    0.55972  15.4%  2849 2450s
   473   472    0.63924  451  480    0.66184    0.55972  15.4%  2842 2460s
   490   489    0.63938  468  488    0.66184    0.55972  15.4%  2753 2465s
   509   508    0.63950  487  486    0.66184    0.55972  15.4%  2666 2472s
   515   514    0.63957  493  440    0.66184    0.55972  15.4%  2645 2476s
   519   518    0.64561  497  501    0.66184    0.55972  15.4%  2635 2481s
   524   523    0.64093  501  450    0.66184    0.55972  15.4%  2617 2485s
   535   534    0.64111  512  444    0.66184    0.55972  15.4%  2573 2490s
   564   563    0.64135  541  445    0.66184    0.55972  15.4%  2446 2496s
   581   580    0.64151  558  439    0.66184    0.55972  15.4%  2379 2500s
   615   614    0.65478  591  448    0.66184    0.55972  15.4%  2258 2507s
   626   625    0.64311  602  403    0.66184    0.55972  15.4%  2220 2510s
   633   632    0.65099  608  468    0.66184    0.55972  15.4%  2210 2516s
   642   641    0.64718  617  436    0.66184    0.55972  15.4%  2185 2520s
   664   663    0.64940  637  418    0.66184    0.55972  15.4%  2119 2525s
   693   692    0.64976  665  418    0.66184    0.55972  15.4%  2036 2530s
   720   719    0.65047  692  438    0.66184    0.55972  15.4%  1965 2535s
   737   736    0.65099  709  425    0.66184    0.55972  15.4%  1926 2540s
   748   747    0.65140  720  433    0.66184    0.55972  15.4%  1899 2572s
   764   763    0.65196  736  421    0.66184    0.55972  15.4%  1861 2575s
   783   773    0.56395    2  757    0.66184    0.55974  15.4%  1838 2590s
   785   774    0.64929  651  863    0.66184    0.55974  15.4%  1833 2653s
   787   775    0.65233  732  418    0.66184    0.55974  15.4%  1829 2674s
   788   776    0.58139  268  643    0.66184    0.55974  15.4%  1826 2693s
   789   777    0.58855  230  699    0.66184    0.55974  15.4%  1824 2713s
   790   777    0.65101  714  732    0.66184    0.55974  15.4%  1822 2743s
   791   778    0.57540   87  750    0.66184    0.55974  15.4%  1820 2769s
   792   779    0.57296   46  764    0.66184    0.55974  15.4%  1817 2813s
   793   779    0.62014  355  822    0.66184    0.55974  15.4%  1815 2859s
   794   780    0.57865  219  779    0.66184    0.56113  15.2%  1813 2904s
   795   781    0.65037  642  832    0.66184    0.56145  15.2%  1810 2945s
   796   781    0.58445  306  780    0.66184    0.56344  14.9%  1808 2983s
   797   782    0.65206  736  833    0.66184    0.56371  14.8%  1806 3027s
   798   783    0.63948  445  792    0.66184    0.56430  14.7%  1804 3075s
   799   783    0.57027   15  690    0.66184    0.57027  13.8%  1801 3115s
   800   784    0.57718  158  783    0.66184    0.57086  13.7%  1799 3153s
   801   785    0.64100  505  705    0.66184    0.57734  12.8%  1797 3183s
   802   785    0.57928   54  729    0.66184    0.57928  12.5%  1795 3217s
   803   786    0.58111  262  670    0.66184    0.57968  12.4%  1792 3248s
   804   787    0.64103  509  668    0.66184    0.57984  12.4%  1790 3283s
   805   787    0.64146  555  711    0.66184    0.57995  12.4%  1788 3318s
   806   788    0.63931  467  693    0.66184    0.58005  12.4%  1786 3361s
   807   789    0.63948  486  708    0.66184    0.58008  12.4%  1783 3395s
   808   789    0.61816  351  730    0.66184    0.58012  12.3%  1781 3409s
   809   790    0.58014  100  673    0.66184    0.58014  12.3%  1779 3440s
H  809   750                       0.6616460    0.58025  12.3%  1779 3475s
   810   751    0.65179  731  690    0.66165    0.58025  12.3%  1777 3480s

Cutting planes:
  Learned: 10
  Gomory: 1
  Cover: 146
  Implied bound: 195
  Projected implied bound: 124
  Clique: 21
  MIR: 896
  StrongCG: 26
  Flow cover: 957
  GUB cover: 7
  Zero half: 6
  Network: 81
  RLT: 4
  Relax-and-lift: 152
  BQP: 2

Explored 810 nodes (2863748 simplex iterations) in 3498.17 seconds (10991.31 work units)
Most recent optimization runtime was 3468.43 seconds (10913.59 work units)
Thread count was 1 (of 20 available processors)

Solution count 10: 0.661646 0.661839 0.663559 ... 0.663963

Time limit reached
Best objective 6.616459775576e-01, best bound 5.802452475427e-01, gap 12.3028%

User-callback calls 305312, time in user-callback 0.03 sec
