
Gurobi 13.0.2 (win64) logging started Fri Jul 24 23:08:27 2026

Set parameter LogFile to value "E:\codes\ExactEBRP\results\gf_nonblocking_gurobi_c6_round31\runs\stage3__round31_sealed_high_imbalance_V20_seed1968399862__p_grb__300s\native.log"
Set parameter Threads to value 1
Set parameter Presolve to value -1
Set parameter Seed to value 0
Set parameter MIPGap to value 0
Set parameter MIPGapAbs to value 0
Set parameter TimeLimit to value 300
Read LP format model from file E:\codes\ExactEBRP\results\gf_nonblocking_gurobi_c6_round31\runs\stage3__round31_sealed_high_imbalance_V20_seed1968399862__p_grb__300s\canonical.lp
Reading time = 0.01 seconds
obj: 5066 rows, 2113 columns, 23343 nonzeros
Set parameter TimeLimit to value 294.9419849
Gurobi Optimizer version 13.0.2 build v13.0.2rc1 (win64 - Windows 10.0 (19045.2))

CPU model: 12th Gen Intel(R) Core(TM) i7-12700KF, instruction set [SSE2|AVX|AVX2]
Thread count: 12 physical cores, 20 logical processors, using up to 1 threads

Non-default parameters:
TimeLimit  294.9419849
MIPGap  0
MIPGapAbs  0
LogToConsole  0
Threads  1

Optimize a model with 5066 rows, 2113 columns and 23343 nonzeros (Min)
Model fingerprint: 0xf5a3cdff
Model has 21 linear objective coefficients
Variable types: 422 continuous, 1691 integer (1491 binary)
Coefficient statistics:
  Matrix range     [2e-02, 5e+02]
  Objective range  [1e-02, 1e+00]
  Bounds range     [1e+00, 5e+01]
  RHS range        [1e+00, 4e+03]

Presolve removed 166 rows and 37 columns
Presolve time: 0.06s
Presolved: 4900 rows, 2076 columns, 40724 nonzeros
Variable types: 204 continuous, 1872 integer (1485 binary)
Found heuristic solution: objective 7.5178035

Root relaxation: objective 8.516908e-01, 1955 iterations, 0.09 seconds (0.20 work units)

    Nodes    |    Current Node    |     Objective Bounds      |     Work
 Expl Unexpl |  Obj  Depth IntInf | Incumbent    BestBd   Gap | It/Node Time

     0     0    0.85169    0  335    7.51780    0.85169  88.7%     -    0s
     0     0    0.85328    0  323    7.51780    0.85328  88.6%     -    0s
H    0     0                       7.3092172    0.85328  88.3%     -    0s
     0     0    0.98212    0  396    7.30922    0.98212  86.6%     -    0s
H    0     0                       7.3081791    0.98212  86.6%     -    0s
H    0     0                       5.3498547    0.98212  81.6%     -    0s
H    0     0                       5.3475128    0.98212  81.6%     -    0s
     0     0    0.98427    0  395    5.34751    0.98427  81.6%     -    0s
     0     0    1.01771    0  455    5.34751    1.01771  81.0%     -    0s
H    0     0                       5.3473027    1.01771  81.0%     -    0s
     0     0    1.01838    0  472    5.34730    1.01838  81.0%     -    0s
     0     0    1.02279    0  525    5.34730    1.02279  80.9%     -    0s
     0     0    1.02301    0  491    5.34730    1.02301  80.9%     -    0s
     0     0    1.02555    0  488    5.34730    1.02555  80.8%     -    0s
H    0     0                       3.6599180    1.02555  72.0%     -    0s
H    0     0                       3.6528979    1.02555  71.9%     -    0s
H    0     0                       3.6525925    1.02555  71.9%     -    0s
H    0     0                       3.6452123    1.02555  71.9%     -    0s
H    0     0                       3.6449610    1.02555  71.9%     -    1s
H    0     0                       3.6384793    1.02555  71.8%     -    1s
H    0     0                       3.6317463    1.02555  71.8%     -    1s
H    0     0                       3.6182804    1.02555  71.7%     -    1s
H    0     0                       3.6176332    1.02555  71.7%     -    1s
H    0     0                       3.6131228    1.02555  71.6%     -    1s
H    0     0                       3.5462296    1.02555  71.1%     -    1s
     0     0    1.02659    0  526    3.54623    1.02659  71.1%     -    1s
     0     0    1.02732    0  537    3.54623    1.02732  71.0%     -    1s
     0     0    1.02733    0  513    3.54623    1.02733  71.0%     -    1s
     0     0    1.02746    0  525    3.54623    1.02746  71.0%     -    1s
     0     0    1.02756    0  540    3.54623    1.02756  71.0%     -    1s
     0     0    1.02766    0  541    3.54623    1.02766  71.0%     -    1s
     0     0    1.02774    0  544    3.54623    1.02774  71.0%     -    1s
     0     0    1.02778    0  564    3.54623    1.02778  71.0%     -    1s
     0     0    1.02778    0  561    3.54623    1.02778  71.0%     -    1s
     0     0    1.02778    0  548    3.54623    1.02778  71.0%     -    1s
H    0     0                       3.3991615    1.02778  69.8%     -    1s
H    0     0                       3.3956198    1.02778  69.7%     -    1s
H    0     0                       3.3955308    1.02778  69.7%     -    1s
H    0     0                       3.3802383    1.02778  69.6%     -    1s
H    0     0                       3.3752353    1.02778  69.5%     -    1s
H    0     0                       3.3751506    1.02778  69.5%     -    1s
H    0     0                       3.3750668    1.02778  69.5%     -    1s
H    0     0                       3.3749838    1.02778  69.5%     -    1s
H    0     0                       3.3721318    1.02778  69.5%     -    1s
H    0     0                       3.3715024    1.02778  69.5%     -    1s
H    0     0                       3.3708502    1.02778  69.5%     -    1s
H    0     0                       3.3653036    1.02778  69.5%     -    1s
H    0     0                       3.3652133    1.02778  69.5%     -    1s
H    0     0                       3.3651891    1.02778  69.5%     -    1s
H    0     0                       3.3651072    1.02778  69.5%     -    1s
H    0     0                       3.3646055    1.02778  69.5%     -    1s
H    0     0                       3.3644396    1.02778  69.5%     -    1s
     0     2    1.02778    0  548    3.36444    1.02778  69.5%     -    1s
H    5     5                       3.3625186    1.02979  69.4%   318    2s
H    5     5                       3.3600643    1.02979  69.4%   318    2s
H    5     5                       3.3527138    1.02979  69.3%   318    2s
H    5     5                       3.3515221    1.02979  69.3%   318    2s
H    5     5                       3.3508117    1.02979  69.3%   318    2s
H    5     5                       3.3487768    1.02979  69.2%   318    2s
H   10    10                       3.3477904    1.02979  69.2%   304    2s
H   16    16                       3.3410401    1.02979  69.2%   283    2s
H   16    16                       3.3408715    1.02979  69.2%   283    2s
H   16    16                       3.3408693    1.02979  69.2%   283    2s
H   16    16                       3.0333746    1.02979  66.1%   283    2s
H   16    16                       3.0216737    1.02979  65.9%   283    2s
H   21    19                       2.9075876    1.02979  64.6%   259    2s
H   21    19                       2.8982828    1.02979  64.5%   259    2s
H   21    19                       2.8959409    1.02979  64.4%   259    2s
H   21    19                       2.8850480    1.02979  64.3%   259    2s
H   24    22                       2.8845766    1.02979  64.3%   259    2s
H   24    22                       2.8840523    1.02979  64.3%   259    2s
H   24    22                       2.8835562    1.02979  64.3%   259    2s
H   34    30                       2.8828247    1.02979  64.3%   245    3s
H   34    30                       2.8823806    1.02979  64.3%   245    3s
H   59    53                       2.8793266    1.02979  64.2%   187    3s
H   59    53                       2.8780433    1.02979  64.2%   187    3s
H   59    53                       2.8775487    1.02979  64.2%   187    3s
H   59    53                       2.8774984    1.02979  64.2%   187    3s
H   59    53                       2.8772239    1.02979  64.2%   187    3s
H   67    61                       2.8769923    1.02979  64.2%   175    3s
H   67    61                       2.8768796    1.02979  64.2%   175    3s
H   67    61                       2.8767814    1.02979  64.2%   175    3s
H   67    61                       2.8766870    1.02979  64.2%   175    3s
H   67    61                       2.8765887    1.02979  64.2%   175    3s
H   67    61                       2.8765767    1.02979  64.2%   175    3s
H   67    61                       2.8765236    1.02979  64.2%   175    3s
H   91    77                       2.8758991    1.02979  64.2%   149    3s
H   91    77                       2.8749207    1.02979  64.2%   149    3s
H   91    77                       2.8747958    1.02979  64.2%   149    3s
H   91    77                       2.8747610    1.02979  64.2%   149    3s
H   91    77                       2.8745593    1.02979  64.2%   149    3s
H   91    77                       2.8745026    1.02979  64.2%   149    3s
H  141   112                       2.8744292    1.02979  64.2%   119    3s
H  153   118                       2.8226028    1.06026  62.4%   118    4s
H  153   118                       2.8214597    1.06026  62.4%   118    4s
H  153   118                       2.6845364    1.06026  60.5%   118    4s
H  153   118                       2.6781647    1.06026  60.4%   118    4s
H  153   118                       2.6769574    1.06026  60.4%   118    4s
H  153   118                       2.6746260    1.06026  60.4%   118    4s
H  153   118                       2.6731977    1.06026  60.3%   118    4s
H  153   118                       2.6730070    1.06026  60.3%   118    4s
H  159   121                       2.2899314    1.06026  53.7%   122    4s
H  159   121                       2.2856125    1.06026  53.6%   122    4s
H  159   121                       2.2810364    1.06026  53.5%   122    4s
H  159   121                       2.2733747    1.06026  53.4%   122    4s
H  159   121                       2.2733357    1.06026  53.4%   122    4s
H  159   121                       2.2716711    1.06026  53.3%   122    4s
H  159   121                       2.2716279    1.06026  53.3%   122    4s
H  159   121                       2.2711945    1.06026  53.3%   122    4s
H  159   121                       2.2709138    1.06026  53.3%   122    4s
H  161   123                       2.2687351    1.06026  53.3%   124    4s
H  161   123                       2.2686597    1.06026  53.3%   124    4s
H  161   123                       2.2684289    1.06026  53.3%   124    4s
H  210   170                       2.2684289    1.06026  53.3%   108    4s
   239   192    1.11718   11  408    2.26843    1.06076  53.2%   109    5s
H  550   422                       2.2626039    1.06948  52.7%  91.0    7s
H  550   421                       2.2505985    1.06948  52.5%  91.0    7s
H  586   458                       2.2499721    1.06948  52.5%  87.0    7s
   595   464    1.14843   15  523    2.24997    1.08809  51.6%  85.7   10s
H  607   448                       2.2403910    1.09120  51.3%   104   13s
H  607   425                       2.2398375    1.09120  51.3%   104   13s
H  607   403                       2.2383529    1.09120  51.2%   104   13s
H  607   383                       2.2378007    1.09120  51.2%   104   13s
H  607   363                       2.2343409    1.09120  51.2%   104   13s
H  609   347                       2.2280336    1.09120  51.0%   104   13s
H  609   329                       2.2238944    1.09120  50.9%   104   13s
H  609   313                       2.2177849    1.09120  50.8%   104   13s
H  609   297                       2.2153863    1.09120  50.7%   104   13s
H  609   282                       2.2139351    1.09120  50.7%   104   13s
H  609   267                       2.2080637    1.09120  50.6%   104   13s
H  609   254                       2.2066785    1.09120  50.6%   104   13s
H  609   241                       2.2056611    1.09120  50.5%   104   13s
H  609   229                       2.2049941    1.09120  50.5%   104   13s
H  609   217                       2.2048354    1.09120  50.5%   104   13s
H  609   206                       2.2046944    1.09120  50.5%   104   13s
H  609   195                       2.2043693    1.09120  50.5%   104   13s
H  609   185                       2.2030050    1.09120  50.5%   104   13s
H  609   176                       2.2029455    1.09120  50.5%   104   13s
H  609   167                       2.2024715    1.09120  50.5%   104   13s
H  609   158                       2.2023315    1.09120  50.5%   104   13s
H  610   150                       2.2008251    1.09120  50.4%   105   13s
H  611   143                       2.1987267    1.09132  50.4%   105   13s
   626   155    1.11312   22  433    2.19873    1.09285  50.3%   113   15s
H  630   149                       2.1985205    1.09285  50.3%   113   15s
H  630   142                       2.1982523    1.09285  50.3%   113   15s
H  630   135                       2.1976010    1.09285  50.3%   113   15s
H  655   140                       2.1975941    1.09285  50.3%   117   18s
H  670   144                       2.1975525    1.09285  50.3%   116   18s
H  688   146                       2.1975525    1.09285  50.3%   116   18s
   736   164    1.26941   23  436    2.19755    1.09395  50.2%   117   20s
H  869   221                       2.1339833    1.09395  48.7%   114   23s
H  869   216                       2.1328719    1.09395  48.7%   114   23s
H  869   213                       2.1327234    1.09395  48.7%   114   23s
H  869   213                       2.1326040    1.09395  48.7%   114   23s
H  891   221                       2.1215691    1.09395  48.4%   113   23s
H  891   221                       2.1211352    1.09395  48.4%   113   23s
H  891   221                       2.1203099    1.09395  48.4%   113   23s
H  891   221                       2.1198813    1.09395  48.4%   113   23s
H  891   221                       2.1198121    1.09395  48.4%   113   23s
H  891   221                       2.1195954    1.09395  48.4%   113   23s
H  891   221                       2.1193787    1.09395  48.4%   113   23s
H  891   221                       2.1191590    1.09395  48.4%   113   23s
H  891   221                       2.1187301    1.09395  48.4%   113   23s
H  891   221                       2.1185135    1.09395  48.4%   113   23s
H  892   222                       2.1177890    1.09499  48.3%   114   23s
H  892   222                       2.1152320    1.09499  48.2%   114   23s
H  892   222                       2.1147492    1.09499  48.2%   114   23s
H  895   225                       2.1142544    1.09499  48.2%   115   24s
H  895   225                       2.1141885    1.09499  48.2%   115   24s
H  895   225                       2.1141723    1.09499  48.2%   115   24s
H  895   225                       2.1141407    1.09499  48.2%   115   24s
   912   244    1.15198   25  453    2.11414    1.09499  48.2%   116   25s
H 1013   322                       2.1126958    1.09499  48.2%   122   30s
H 1014   323                       2.1126013    1.09499  48.2%   122   30s
H 1014   323                       2.1125159    1.09499  48.2%   122   30s
H 1014   323                       2.1120045    1.09499  48.2%   122   30s
H 1014   323                       2.1115240    1.09499  48.1%   122   30s
H 1014   323                       2.1115133    1.09499  48.1%   122   30s
H 1014   323                       2.1113689    1.09499  48.1%   122   30s
H 1014   323                       2.1111190    1.09499  48.1%   122   30s
H 1014   323                       2.1100153    1.09499  48.1%   122   30s
H 1014   323                       2.1096945    1.09499  48.1%   122   30s
H 1014   323                       2.1096861    1.09499  48.1%   122   30s
H 1015   324                       2.1096036    1.09499  48.1%   122   30s
H 1015   324                       2.1096004    1.09499  48.1%   122   30s
H 1015   324                       2.1090504    1.09499  48.1%   122   30s
H 1017   326                       2.1090274    1.09499  48.1%   122   30s
H 1029   334                       2.1089622    1.09499  48.1%   123   31s
H 1029   334                       2.1089579    1.09499  48.1%   123   31s
H 1029   334                       2.1088159    1.09499  48.1%   123   31s
H 1100   388                       2.1085647    1.09499  48.1%   125   33s
H 1100   388                       2.1085301    1.09499  48.1%   125   33s
H 1100   388                       2.1085117    1.09499  48.1%   125   33s
H 1100   388                       2.1084225    1.09499  48.1%   125   33s
H 1130   407                       2.1065550    1.09583  48.0%   128   34s
H 1130   407                       2.1037880    1.09583  47.9%   128   34s
H 1130   407                       2.1037407    1.09583  47.9%   128   34s
H 1130   407                       2.1027543    1.09583  47.9%   128   34s
H 1130   407                       2.1014003    1.09583  47.9%   128   35s
H 1131   408                       2.1009974    1.09583  47.8%   129   35s
H 1131   408                       2.1006919    1.09583  47.8%   129   35s
H 1132   409                       2.1002934    1.09583  47.8%   128   35s
H 1160   437                       2.1000516    1.09583  47.8%   128   36s
H 1165   441                       2.0999590    1.09583  47.8%   128   36s
H 1165   441                       2.0998214    1.09583  47.8%   128   36s
H 1165   441                       2.0997283    1.09583  47.8%   128   36s
H 1165   441                       2.0995901    1.09583  47.8%   128   36s
  1277   525    1.10509   19  466    2.09959    1.09619  47.8%   128   40s
  1471   655    1.71715   54  346    2.09959    1.09619  47.8%   128   45s
  1680   830    1.36539   61  309    2.09959    1.09653  47.8%   123   50s
H 1969  1039                       2.0995901    1.09695  47.8%   115   54s
  1969  1041    1.10269   20  425    2.09959    1.09695  47.8%   115   55s
  2203  1230    1.35562   46  380    2.09959    1.09722  47.7%   114   60s
  2460  1412    1.28382   22  386    2.09959    1.09775  47.7%   114   65s
  2720  1595    1.27625   35  407    2.09959    1.09808  47.7%   113   70s
H 2929  1756                       2.0884419    1.09957  47.3%   111   73s
H 2929  1756                       2.0882873    1.09957  47.3%   111   73s
H 2929  1756                       2.0882217    1.09957  47.3%   111   73s
H 2929  1756                       2.0877448    1.09957  47.3%   111   73s
H 2929  1756                       2.0876116    1.09957  47.3%   111   73s
H 2929  1756                       2.0874708    1.09957  47.3%   111   73s
  2958  1777    1.15877   27  445    2.08747    1.09963  47.3%   111   75s
  3237  1976 infeasible   54         2.08747    1.10053  47.3%   109   80s
  3475  2167    1.56508   37  406    2.08747    1.10091  47.3%   108   85s
H 3511  2183                       2.0874708    1.10095  47.3%   108   86s
  3609  2257 infeasible   29         2.08747    1.10119  47.2%   109   90s
  3863  2437    1.25169   24  425    2.08747    1.10252  47.2%   112   95s
H 3941  2488                       2.0874708    1.10279  47.2%   113   96s
  4142  2629    1.62369   55  285    2.08747    1.10287  47.2%   112  100s
  4461  2822    1.10548   23  467    2.08747    1.10328  47.1%   113  105s
  4786  3064    1.27625   22  393    2.08747    1.10387  47.1%   113  110s
  4997  3224    1.17136   30  394    2.08747    1.10412  47.1%   113  115s
  5316  3439    1.29951   22  459    2.08747    1.10434  47.1%   112  120s
  5730  3732    1.73545   47  402    2.08747    1.10491  47.1%   112  125s
  5981  3917    1.38551   21  464    2.08747    1.10527  47.1%   111  130s
  6334  4138    1.12000   25  427    2.08747    1.10586  47.0%   112  135s
  6656  4345    1.42334   30  394    2.08747    1.10660  47.0%   112  140s
  6965  4565    1.67793   38  397    2.08747    1.10733  47.0%   113  145s
  7223  4751    1.53230   59  325    2.08747    1.10745  46.9%   113  150s
  7499  4926    1.67020   43  371    2.08747    1.10795  46.9%   114  155s
  7764  5096    1.14999   28  424    2.08747    1.10827  46.9%   114  160s
  7958  5220    1.48094   34  319    2.08747    1.10856  46.9%   115  165s
  8291  5465    1.98461   83  210    2.08747    1.10909  46.9%   115  170s
  8635  5666    2.01476   40  392    2.08747    1.10957  46.8%   115  175s
  8856  5797    1.31005   33  429    2.08747    1.11000  46.8%   115  180s
  9141  5978    1.11565   25  464    2.08747    1.11057  46.8%   116  185s
  9296  6069    1.59279   27  420    2.08747    1.11103  46.8%   116  190s
  9682  6352    1.13026   22  460    2.08747    1.11140  46.8%   115  195s
  9875  6481    1.37393   36  375    2.08747    1.11161  46.7%   115  200s
 10203  6721    1.33207   28  548    2.08747    1.11216  46.7%   115  218s
 10212  6727    1.14744   26  524    2.08747    1.11216  46.7%   115  220s
 10218  6731    1.71066   71  532    2.08747    1.11216  46.7%   115  225s
 10224  6735    1.80467   75  547    2.08747    1.11216  46.7%   114  230s
 10229  6738    1.11579   23  555    2.08747    1.11216  46.7%   114  235s
 10235  6742    1.20000   32  567    2.08747    1.11216  46.7%   114  240s
 10241  6746    1.41012   51  576    2.08747    1.11216  46.7%   114  245s
 10247  6750    1.20835   31  570    2.08747    1.11216  46.7%   114  250s
 10253  6754    1.19180   39  591    2.08747    1.11216  46.7%   114  255s
 10259  6758    1.93944   43  570    2.08747    1.11216  46.7%   114  260s
 10265  6762    1.25114   49  588    2.08747    1.11216  46.7%   114  265s
 10272  6767    1.64462   68  596    2.08747    1.11216  46.7%   114  270s
 10278  6771    1.90705   77  594    2.08747    1.11216  46.7%   114  275s
 10284  6775    1.22991   41  598    2.08747    1.11216  46.7%   114  280s
 10290  6779    1.77147   94  583    2.08747    1.11216  46.7%   114  285s
 10301  6786    1.45115   30  610    2.08747    1.11216  46.7%   114  290s

Cutting planes:
  Learned: 17
  Gomory: 7
  Cover: 17
  Implied bound: 44
  Projected implied bound: 16
  Clique: 36
  MIR: 82
  StrongCG: 5
  Flow cover: 196
  GUB cover: 3
  Zero half: 5
  RLT: 18
  Relax-and-lift: 27
  BQP: 27

Explored 10358 nodes (1214887 simplex iterations) in 294.94 seconds (534.94 work units)
Thread count was 1 (of 20 available processors)

Solution count 10: 2.08747 2.08761 2.08774 ... 2.09996

Time limit reached
Best objective 2.087470771456e+00, best bound 1.112157854460e+00, gap 46.7222%

User-callback calls 122614, time in user-callback 0.03 sec
