
Gurobi 13.0.2 (win64) logging started Fri Aug  7 23:05:04 2026

Set parameter LogFile to value "E:\codes\ExactEBRP\results\gf_v10_convergence_round33\runs\stage3__round33_v10_tight_T_M3_Q20_seed284843780__c6_frozen__repeat1__3600s\native.log"
Set parameter Threads to value 1
Set parameter Presolve to value -1
Set parameter Seed to value 0
Set parameter MIPGap to value 0
Set parameter MIPGapAbs to value 0
Warning: unknown variable 'r_max' in bounds section (line 6676)
Warning: unknown variable 'r_min' in bounds section (line 6677)
Read LP format model from file E:\codes\ExactEBRP\results\gf_v10_convergence_round33\runs\stage3__round33_v10_tight_T_M3_Q20_seed284843780__c6_frozen__repeat1__3600s\external\models\L0.lp
Reading time = 0.01 seconds
obj: 6000 rows, 1043 columns, 44171 nonzeros
Set parameter TimeLimit to value 3582.7607325
Warning: unknown variable 'r_max' in bounds section (line 6676)
Warning: unknown variable 'r_min' in bounds section (line 6677)
Read LP format model from file E:\codes\ExactEBRP\results\gf_v10_convergence_round33\runs\stage3__round33_v10_tight_T_M3_Q20_seed284843780__c6_frozen__repeat1__3600s\external\models\L1.lp
Reading time = 0.01 seconds
obj: 6000 rows, 1043 columns, 44295 nonzeros
Set parameter TimeLimit to value 3582.6751409
Warning: unknown variable 'r_max' in bounds section (line 6678)
Warning: unknown variable 'r_min' in bounds section (line 6679)
Warning: Numeric variable name in LP file ('0') - often the result
         of a constant term in the left-hand side of a constraint.

Read LP format model from file E:\codes\ExactEBRP\results\gf_v10_convergence_round33\runs\stage3__round33_v10_tight_T_M3_Q20_seed284843780__c6_frozen__repeat1__3600s\external\models\L2.lp
Reading time = 0.01 seconds
obj: 6002 rows, 1044 columns, 44302 nonzeros
Set parameter TimeLimit to value 3582.4843454
Warning: unknown variable 'r_max' in bounds section (line 6677)
Warning: unknown variable 'r_min' in bounds section (line 6678)
Warning: Numeric variable name in LP file ('0') - often the result
         of a constant term in the left-hand side of a constraint.

Read LP format model from file E:\codes\ExactEBRP\results\gf_v10_convergence_round33\runs\stage3__round33_v10_tight_T_M3_Q20_seed284843780__c6_frozen__repeat1__3600s\external\models\L3.lp
Reading time = 0.01 seconds
obj: 6001 rows, 1044 columns, 44206 nonzeros
Set parameter TimeLimit to value 3582.4014116
Warning: unknown variable 'r_max' in bounds section (line 6676)
Warning: unknown variable 'r_min' in bounds section (line 6677)
Read LP format model from file E:\codes\ExactEBRP\results\gf_v10_convergence_round33\runs\stage3__round33_v10_tight_T_M3_Q20_seed284843780__c6_frozen__repeat1__3600s\external\models\L1.0.lp
Reading time = 0.01 seconds
obj: 6000 rows, 1043 columns, 44295 nonzeros
Set parameter TimeLimit to value 3582.3149613
Warning: unknown variable 'r_max' in bounds section (line 6676)
Warning: unknown variable 'r_min' in bounds section (line 6677)
Read LP format model from file E:\codes\ExactEBRP\results\gf_v10_convergence_round33\runs\stage3__round33_v10_tight_T_M3_Q20_seed284843780__c6_frozen__repeat1__3600s\external\models\L1.1.lp
Reading time = 0.01 seconds
obj: 6000 rows, 1043 columns, 44295 nonzeros
Set parameter TimeLimit to value 3582.1288659
Warning: unknown variable 'r_max' in bounds section (line 6676)
Warning: unknown variable 'r_min' in bounds section (line 6677)
Read LP format model from file E:\codes\ExactEBRP\results\gf_v10_convergence_round33\runs\stage3__round33_v10_tight_T_M3_Q20_seed284843780__c6_frozen__repeat1__3600s\external\models\L1.1.0.lp
Reading time = 0.01 seconds
obj: 6000 rows, 1043 columns, 44295 nonzeros
Set parameter TimeLimit to value 3581.4126645
Warning: unknown variable 'r_max' in bounds section (line 6677)
Warning: unknown variable 'r_min' in bounds section (line 6678)
Read LP format model from file E:\codes\ExactEBRP\results\gf_v10_convergence_round33\runs\stage3__round33_v10_tight_T_M3_Q20_seed284843780__c6_frozen__repeat1__3600s\external\models\L1.1.1.lp
Reading time = 0.01 seconds
obj: 6001 rows, 1043 columns, 44301 nonzeros
Set parameter TimeLimit to value 3581.2541766
