
Gurobi 13.0.2 (win64) logging started Sat Aug  8 14:58:46 2026

Set parameter LogFile to value "E:\codes\ExactEBRP\results\gf_c6_documentation_hga_round34\runs\v10__round33_v10_high_imbalance_M3_Q30_seed1765289896__c6_simple_start__3600s\external\native_logs\L1.1.1.1_terminal_mip.gurobi.log"
Gurobi Optimizer version 13.0.2 build v13.0.2rc1 (win64 - Windows 10.0 (19045.2))

CPU model: 12th Gen Intel(R) Core(TM) i7-12700KF, instruction set [SSE2|AVX|AVX2]
Thread count: 12 physical cores, 20 logical processors, using up to 1 threads

Non-default parameters:
TimeLimit  3558.2486643
MIPGap  0
MIPGapAbs  0
LogToConsole  0
Threads  1

Optimize a model with 5993 rows, 1041 columns and 44258 nonzeros (Min)
Model fingerprint: 0x0ac3cfdb
Model has 11 linear objective coefficients
Variable types: 495 continuous, 546 integer (446 binary)
Coefficient statistics:
  Matrix range     [2e-02, 1e+05]
  Objective range  [2e-02, 1e+00]
  Bounds range     [4e-01, 2e+02]
  RHS range        [4e-01, 1e+06]

Presolve removed 1488 rows and 83 columns
Presolve time: 0.17s
Presolved: 4505 rows, 958 columns, 54651 nonzeros
Variable types: 455 continuous, 503 integer (415 binary)

Root relaxation: objective 8.380121e-01, 939 iterations, 0.06 seconds (0.15 work units)

    Nodes    |    Current Node    |     Objective Bounds      |     Work
 Expl Unexpl |  Obj  Depth IntInf | Incumbent    BestBd   Gap | It/Node Time

     0     0    0.83801    0  120          -    0.83801      -     -    0s
     0     0    0.83835    0  132          -    0.83835      -     -    0s
     0     0    0.83852    0  117          -    0.83852      -     -    0s
     0     0    0.83893    0  132          -    0.83893      -     -    0s
     0     0    0.83893    0  128          -    0.83893      -     -    0s
     0     0    0.83893    0  125          -    0.83893      -     -    0s
     0     0    0.83893    0  122          -    0.83893      -     -    0s
     0     0    0.83893    0  131          -    0.83893      -     -    0s
     0     0    0.83893    0  116          -    0.83893      -     -    0s
     0     0    0.83893    0  137          -    0.83893      -     -    0s
     0     0    0.83894    0  127          -    0.83894      -     -    1s
     0     0    0.83894    0  122          -    0.83894      -     -    1s
     0     0    0.83894    0  124          -    0.83894      -     -    1s
     0     0    0.83894    0  137          -    0.83894      -     -    1s
     0     0    0.83895    0  123          -    0.83895      -     -    1s
     0     0    0.83895    0  143          -    0.83895      -     -    1s
     0     0    0.83895    0  142          -    0.83895      -     -    1s
     0     0    0.83895    0  134          -    0.83895      -     -    1s
     0     0    0.83896    0  130          -    0.83896      -     -    1s
     0     0    0.83896    0  130          -    0.83896      -     -    1s
     0     0    0.83896    0  127          -    0.83896      -     -    1s
     0     0    0.83896    0  127          -    0.83896      -     -    1s
     0     0    0.83897    0  130          -    0.83897      -     -    1s
     0     0    0.83897    0  141          -    0.83897      -     -    2s
     0     0    0.83897    0  139          -    0.83897      -     -    2s
     0     0    0.83897    0  139          -    0.83897      -     -    2s
     0     0    0.83897    0  136          -    0.83897      -     -    2s
     0     2    0.83897    0  136          -    0.83897      -     -    2s

Cutting planes:
  Gomory: 3
  Cover: 6
  Implied bound: 56
  Clique: 4
  MIR: 29
  StrongCG: 2
  Flow cover: 11
  Zero half: 1
  Network: 1
  RLT: 10
  Relax-and-lift: 72

Explored 41 nodes (26526 simplex iterations) in 3.66 seconds (7.04 work units)
Thread count was 1 (of 20 available processors)

Solution count 0

Model is infeasible
Best objective -, best bound -, gap -

User-callback calls 1966, time in user-callback 0.00 sec
