
Gurobi 13.0.2 (win64) logging started Sat Aug  8 14:58:36 2026

Set parameter LogFile to value "E:\codes\ExactEBRP\results\gf_c6_documentation_hga_round34\runs\v10__round33_v10_high_imbalance_M3_Q30_seed1765289896__c6_simple_start__3600s\external\native_logs\L2.1_lp.gurobi.log"
Gurobi Optimizer version 13.0.2 build v13.0.2rc1 (win64 - Windows 10.0 (19045.2))

CPU model: 12th Gen Intel(R) Core(TM) i7-12700KF, instruction set [SSE2|AVX|AVX2]
Thread count: 12 physical cores, 20 logical processors, using up to 1 threads

Non-default parameters:
TimeLimit  3568.8464128
MIPGap  0
MIPGapAbs  0
LogToConsole  0
Threads  1

Optimize a model with 5993 rows, 1041 columns and 44258 nonzeros (Min)
Model fingerprint: 0x9cb758ff
Model has 11 linear objective coefficients
Coefficient statistics:
  Matrix range     [2e-02, 1e+05]
  Objective range  [2e-02, 1e+00]
  Bounds range     [6e-01, 1e+02]
  RHS range        [6e-01, 1e+06]

Presolve removed 1034 rows and 55 columns
Presolve time: 0.02s
Presolved: 4959 rows, 986 columns, 35378 nonzeros

Iteration    Objective       Primal Inf.    Dual Inf.      Time
       0    8.9784966e-01   1.357221e+02   0.000000e+00      0s

Extra simplex iterations after uncrush: 7
     630    9.6137575e-01   0.000000e+00   0.000000e+00      0s

Solved in 630 iterations and 0.04 seconds (0.12 work units)
Optimal objective  9.613757544e-01

User-callback calls 770, time in user-callback 0.00 sec
