
Gurobi 13.0.2 (win64) logging started Sat Aug  8 14:58:36 2026

Set parameter LogFile to value "E:\codes\ExactEBRP\results\gf_c6_documentation_hga_round34\runs\v10__round33_v10_high_imbalance_M3_Q30_seed1765289896__c6_simple_start__3600s\external\native_logs\L2_terminal_mip.gurobi.log"
Gurobi Optimizer version 13.0.2 build v13.0.2rc1 (win64 - Windows 10.0 (19045.2))

CPU model: 12th Gen Intel(R) Core(TM) i7-12700KF, instruction set [SSE2|AVX|AVX2]
Thread count: 12 physical cores, 20 logical processors, using up to 1 threads

Non-default parameters:
TimeLimit  3568.7863773
MIPGap  0
MIPGapAbs  0
LogToConsole  0
Threads  1

Optimize a model with 5993 rows, 1041 columns and 44258 nonzeros (Min)
Model fingerprint: 0x959b38e2
Model has 11 linear objective coefficients
Variable types: 495 continuous, 546 integer (446 binary)
Coefficient statistics:
  Matrix range     [2e-02, 1e+05]
  Objective range  [2e-02, 1e+00]
  Bounds range     [5e-01, 2e+02]
  RHS range        [5e-01, 1e+06]

Presolved: 4487 rows, 958 columns, 56174 nonzeros

Continuing optimization...

    65    47    0.88009    3  106    1.00592    0.86766  13.7%  91.0    3s
   257   148    0.96536   14   81    1.00592    0.88009  12.5%   126    5s
H 1551   249                       1.0059157    0.97997  2.58%  89.5   10s

Cutting planes:
  Learned: 10
  Gomory: 4
  Cover: 125
  Implied bound: 508
  Clique: 8
  MIR: 292
  StrongCG: 18
  Flow cover: 74
  GUB cover: 3
  Zero half: 4
  Network: 12
  RLT: 7
  Relax-and-lift: 155
  BQP: 2

Explored 3828 nodes (186827 simplex iterations) in 13.12 seconds (22.82 work units)
Most recent optimization runtime was 9.73 seconds (17.13 work units)
Thread count was 1 (of 20 available processors)

Solution count 8: 1.00592 1.00592 1.07108 ... 1.09155

Optimal solution found (tolerance 0.00e+00)
Best objective 1.005915738683e+00, best bound 1.005915738683e+00, gap 0.0000%

User-callback calls 10524, time in user-callback 0.00 sec
