
Gurobi 13.0.2 (win64) logging started Sun Aug  9 20:37:47 2026

Set parameter LogFile to value "E:\codes\ExactEBRP\results\gf_simple_start_qualification_round35\runs\matrix1800__round32_multi_m_high_imbalance_V20_M4_seed2081968251__c6_simple_start__1800s\external\native_logs\L1.1_lp.gurobi.log"
Gurobi Optimizer version 13.0.2 build v13.0.2rc1 (win64 - Windows 10.0 (19045.2))

CPU model: 12th Gen Intel(R) Core(TM) i7-12700KF, instruction set [SSE2|AVX|AVX2]
Thread count: 12 physical cores, 20 logical processors, using up to 1 threads

Non-default parameters:
TimeLimit  1780.0739753
MIPGap  0
MIPGapAbs  0
LogToConsole  0
Threads  1

Optimize a model with 15104 rows, 4336 columns and 84099 nonzeros (Min)
Model fingerprint: 0xf05fb283
Model has 21 linear objective coefficients
Coefficient statistics:
  Matrix range     [2e-02, 2e+04]
  Objective range  [2e-02, 1e+00]
  Bounds range     [4e-01, 2e+03]
  RHS range        [4e-01, 5e+04]

Presolve removed 2699 rows and 134 columns
Presolve time: 0.04s
Presolved: 12405 rows, 4203 columns, 62731 nonzeros

Iteration    Objective       Primal Inf.    Dual Inf.      Time
       0    1.3006220e+00   4.741765e+02   0.000000e+00      0s
    5211    1.5516076e+00   0.000000e+00   0.000000e+00      1s

Solved in 5211 iterations and 0.54 seconds (1.46 work units)
Optimal objective  1.551607616e+00

User-callback calls 5359, time in user-callback 0.00 sec
