
Gurobi 13.0.2 (win64) logging started Sun Aug  9 16:34:42 2026

Set parameter LogFile to value "E:\codes\ExactEBRP\results\gf_simple_start_qualification_round35\runs\matrix1800__tight_T_seed5103__c6_simple_start__1800s\external\native_logs\L0_lp.gurobi.log"
Gurobi Optimizer version 13.0.2 build v13.0.2rc1 (win64 - Windows 10.0 (19045.2))

CPU model: 12th Gen Intel(R) Core(TM) i7-12700KF, instruction set [SSE2|AVX|AVX2]
Thread count: 12 physical cores, 20 logical processors, using up to 1 threads

Non-default parameters:
TimeLimit  1784.8659936
MIPGap  0
MIPGapAbs  0
LogToConsole  0
Threads  1

Optimize a model with 11909 rows, 3376 columns and 67109 nonzeros (Min)
Model fingerprint: 0x22037c33
Model has 21 linear objective coefficients
Coefficient statistics:
  Matrix range     [7e-03, 2e+04]
  Objective range  [7e-03, 1e+00]
  Bounds range     [1e-01, 7e+02]
  RHS range        [5e-02, 5e+04]

Presolve removed 1443 rows and 114 columns
Presolve time: 0.04s
Presolved: 10466 rows, 3263 columns, 60530 nonzeros

Iteration    Objective       Primal Inf.    Dual Inf.      Time
       0    8.1477922e-03   3.405325e+02   0.000000e+00      0s

Extra simplex iterations after uncrush: 16
    3915    8.6601151e-02   0.000000e+00   0.000000e+00      0s

Solved in 3915 iterations and 0.31 seconds (0.85 work units)
Optimal objective  8.660115059e-02

User-callback calls 4066, time in user-callback 0.00 sec
