
Gurobi 13.0.2 (win64) logging started Fri Aug  7 22:10:23 2026

Set parameter LogFile to value "E:\codes\ExactEBRP\results\gf_v10_convergence_round33\runs\stage1__round33_v10_moderate_M3_Q30_seed2031960658__c6_frozen__3600s\native.log"
Set parameter Threads to value 1
Set parameter Presolve to value -1
Set parameter Seed to value 0
Set parameter MIPGap to value 0
Set parameter MIPGapAbs to value 0
Warning: unknown variable 'r_max' in bounds section (line 6649)
Warning: unknown variable 'r_min' in bounds section (line 6650)
Read LP format model from file E:\codes\ExactEBRP\results\gf_v10_convergence_round33\runs\stage1__round33_v10_moderate_M3_Q30_seed2031960658__c6_frozen__3600s\external\models\L0.lp
Reading time = 0.01 seconds
obj: 5979 rows, 1037 columns, 44080 nonzeros
Set parameter TimeLimit to value 3581.5373437
Warning: unknown variable 'r_max' in bounds section (line 6650)
Warning: unknown variable 'r_min' in bounds section (line 6651)
Read LP format model from file E:\codes\ExactEBRP\results\gf_v10_convergence_round33\runs\stage1__round33_v10_moderate_M3_Q30_seed2031960658__c6_frozen__3600s\external\models\L1.lp
Reading time = 0.01 seconds
obj: 5980 rows, 1037 columns, 44224 nonzeros
Set parameter TimeLimit to value 3581.4127227
Warning: unknown variable 'r_max' in bounds section (line 6650)
Warning: unknown variable 'r_min' in bounds section (line 6651)
Read LP format model from file E:\codes\ExactEBRP\results\gf_v10_convergence_round33\runs\stage1__round33_v10_moderate_M3_Q30_seed2031960658__c6_frozen__3600s\external\models\L2.lp
Reading time = 0.01 seconds
obj: 5980 rows, 1037 columns, 44224 nonzeros
Set parameter TimeLimit to value 3581.2523544
Warning: unknown variable 'r_max' in bounds section (line 6650)
Warning: unknown variable 'r_min' in bounds section (line 6651)
Read LP format model from file E:\codes\ExactEBRP\results\gf_v10_convergence_round33\runs\stage1__round33_v10_moderate_M3_Q30_seed2031960658__c6_frozen__3600s\external\models\L3.lp
Reading time = 0.01 seconds
obj: 5980 rows, 1037 columns, 44224 nonzeros
Set parameter TimeLimit to value 3581.1109948
Warning: unknown variable 'r_max' in bounds section (line 6650)
Warning: unknown variable 'r_min' in bounds section (line 6651)
Read LP format model from file E:\codes\ExactEBRP\results\gf_v10_convergence_round33\runs\stage1__round33_v10_moderate_M3_Q30_seed2031960658__c6_frozen__3600s\external\models\L1.0.lp
Reading time = 0.01 seconds
obj: 5980 rows, 1037 columns, 44224 nonzeros
Set parameter TimeLimit to value 3579.9814068
Warning: unknown variable 'r_max' in bounds section (line 6650)
Warning: unknown variable 'r_min' in bounds section (line 6651)
Read LP format model from file E:\codes\ExactEBRP\results\gf_v10_convergence_round33\runs\stage1__round33_v10_moderate_M3_Q30_seed2031960658__c6_frozen__3600s\external\models\L1.1.lp
Reading time = 0.01 seconds
obj: 5980 rows, 1037 columns, 44224 nonzeros
Set parameter TimeLimit to value 3579.8674018
Warning: unknown variable 'r_max' in bounds section (line 6650)
Warning: unknown variable 'r_min' in bounds section (line 6651)
Read LP format model from file E:\codes\ExactEBRP\results\gf_v10_convergence_round33\runs\stage1__round33_v10_moderate_M3_Q30_seed2031960658__c6_frozen__3600s\external\models\L2.0.lp
Reading time = 0.01 seconds
obj: 5980 rows, 1037 columns, 44224 nonzeros
Set parameter TimeLimit to value 3578.0628663
Warning: unknown variable 'r_max' in bounds section (line 6650)
Warning: unknown variable 'r_min' in bounds section (line 6651)
Read LP format model from file E:\codes\ExactEBRP\results\gf_v10_convergence_round33\runs\stage1__round33_v10_moderate_M3_Q30_seed2031960658__c6_frozen__3600s\external\models\L2.1.lp
Reading time = 0.01 seconds
obj: 5980 rows, 1037 columns, 44224 nonzeros
Set parameter TimeLimit to value 3577.9393078
Warning: unknown variable 'r_max' in bounds section (line 6650)
Warning: unknown variable 'r_min' in bounds section (line 6651)
Read LP format model from file E:\codes\ExactEBRP\results\gf_v10_convergence_round33\runs\stage1__round33_v10_moderate_M3_Q30_seed2031960658__c6_frozen__3600s\external\models\L1.1.0.lp
Reading time = 0.01 seconds
obj: 5980 rows, 1037 columns, 44224 nonzeros
Set parameter TimeLimit to value 3577.0962894
Warning: unknown variable 'r_max' in bounds section (line 6650)
Warning: unknown variable 'r_min' in bounds section (line 6651)
Read LP format model from file E:\codes\ExactEBRP\results\gf_v10_convergence_round33\runs\stage1__round33_v10_moderate_M3_Q30_seed2031960658__c6_frozen__3600s\external\models\L1.1.1.lp
Reading time = 0.01 seconds
obj: 5980 rows, 1037 columns, 44224 nonzeros
Set parameter TimeLimit to value 3576.9790482
Warning: unknown variable 'r_max' in bounds section (line 6650)
Warning: unknown variable 'r_min' in bounds section (line 6651)
Read LP format model from file E:\codes\ExactEBRP\results\gf_v10_convergence_round33\runs\stage1__round33_v10_moderate_M3_Q30_seed2031960658__c6_frozen__3600s\external\models\L2.0.0.lp
Reading time = 0.01 seconds
obj: 5980 rows, 1037 columns, 44224 nonzeros
Set parameter TimeLimit to value 3573.2520898
Warning: unknown variable 'r_max' in bounds section (line 6650)
Warning: unknown variable 'r_min' in bounds section (line 6651)
Read LP format model from file E:\codes\ExactEBRP\results\gf_v10_convergence_round33\runs\stage1__round33_v10_moderate_M3_Q30_seed2031960658__c6_frozen__3600s\external\models\L2.0.1.lp
Reading time = 0.01 seconds
obj: 5980 rows, 1037 columns, 44224 nonzeros
Set parameter TimeLimit to value 3573.1285669
