
Gurobi 13.0.2 (win64) logging started Sat Oct  3 15:09:26 2026

Set parameter LogFile to value "E:\codes\ExactEBRP\results\unified_exact_round100\certification_N201\raw\03_R99-N2_ENS-C\external\native_logs\L0_terminal_mip.gurobi.log"
Set parameter TimeLimit to value 3.5810894983999997e+03
Gurobi Optimizer version 13.0.2 build v13.0.2rc1 (win64 - Windows 10.0 (19045.2))

CPU model: 12th Gen Intel(R) Core(TM) i7-12700KF, instruction set [SSE2|AVX|AVX2]
Thread count: 12 physical cores, 20 logical processors, using up to 1 threads

Non-default parameters:
TimeLimit  3.5810894983999997e+03
MIPGap  0
MIPGapAbs  0
LogToConsole  0
Threads  1

Optimize a model with 31151 rows, 8941 columns and 193035 nonzeros (Min)
Model fingerprint: 0x61a42c8f
Model has 31 linear objective coefficients
Variable types: 4540 continuous, 4401 integer (4101 binary)
Coefficient statistics:
  Matrix range     [4e-02, 2e+04]
  Objective range  [4e-02, 1e+00]
  Bounds range     [2e-01, 1e+03]
  RHS range        [2e-01, 6e+04]

Loaded user MIP start with objective 0.249902
Loaded MIP start from previous solve with objective 0.249902

Presolve removed 7788 rows and 32 columns
Presolve time: 0.43s
Presolved: 23363 rows, 8909 columns, 206376 nonzeros
Variable types: 4073 continuous, 4836 integer (4101 binary)

Root relaxation: objective 1.328318e-01, 8935 iterations, 0.80 seconds (1.90 work units)

    Nodes    |    Current Node    |     Objective Bounds      |     Work
 Expl Unexpl |  Obj  Depth IntInf | Incumbent    BestBd   Gap | It/Node Time

     0     0    0.13283    0  331    0.24990    0.13283  46.8%     -    1s
     0     0    0.15384    0  348    0.24990    0.15384  38.4%     -    4s
     0     0    0.16047    0  270    0.24990    0.16047  35.8%     -    5s
     0     0    0.16049    0  283    0.24990    0.16049  35.8%     -    6s
     0     0    0.16049    0  249    0.24990    0.16049  35.8%     -    6s
     0     0    0.16049    0  282    0.24990    0.16049  35.8%     -    8s
     0     0    0.16049    0  254    0.24990    0.16049  35.8%     -    8s
     0     0    0.16049    0  210    0.24990    0.16049  35.8%     -    9s
     0     0    0.16049    0  228    0.24990    0.16049  35.8%     -    9s
     0     0    0.16049    0  239    0.24990    0.16049  35.8%     -   10s
     0     0    0.16049    0  239    0.24990    0.16049  35.8%     -   10s
     0     0    0.16049    0  180    0.24990    0.16049  35.8%     -   11s
     0     0    0.16049    0  219    0.24990    0.16049  35.8%     -   11s
     0     0    0.16049    0  237    0.24990    0.16049  35.8%     -   12s
     0     0    0.16049    0  237    0.24990    0.16049  35.8%     -   12s
     0     0    0.16049    0  236    0.24990    0.16049  35.8%     -   12s
H    0     0                       0.2421523    0.16049  33.7%     -   14s
     0     0    0.16049    0  219    0.24215    0.16049  33.7%     -   16s
     0     0    0.16049    0  267    0.24215    0.16049  33.7%     -   16s
     0     0    0.16049    0  267    0.24215    0.16049  33.7%     -   17s
     0     0    0.16049    0  259    0.24215    0.16049  33.7%     -   17s
     0     2    0.16049    0  259    0.24215    0.16049  33.7%     -   19s
     2     4    0.16051    1  256    0.24215    0.16051  33.7%  1506   21s
H    6     6                       0.2264072    0.16054  29.1%  1127   22s
    21    23    0.16136   15  145    0.22641    0.16054  29.1%   846   25s
    53    47    0.17664   34  198    0.22641    0.16054  29.1%   766   30s
H  140   128                       0.2241158    0.16054  28.4%   589   34s
   140   130    0.16446  103  160    0.22412    0.16054  28.4%   605   35s
   158   148    0.16446  116  145    0.22412    0.16054  28.4%   600   40s
   212   202    0.16518  157  246    0.22412    0.16054  28.4%   599   45s
   264   252    0.17358  195  283    0.22412    0.16054  28.4%   611   51s
   355   317    0.16162   11  275    0.22412    0.16054  28.4%   541   55s
   398   360    0.16421   41  109    0.22412    0.16054  28.4%   577   60s
   404   364    0.16421   45  133    0.22412    0.16054  28.4%   580   66s
   474   433    0.16421   95  153    0.22412    0.16054  28.4%   592   73s
   499   458    0.16433  114  159    0.22412    0.16054  28.4%   595   75s
   538   494    0.16421   49  259    0.22412    0.16054  28.4%   593   83s
H  539   470                       0.2220903    0.16054  27.7%   592   85s
   542   472    0.16446  102  345    0.22209    0.16065  27.7%   589   90s
   543   472    0.16505  189  344    0.22209    0.16065  27.7%   588   96s
   545   474    0.21901  221  302    0.22209    0.16065  27.7%   585  101s
H  546   450                       0.2203559    0.16067  27.1%   584  106s
H  548   429                       0.2190138    0.16067  26.6%   582  111s
H  550   408                       0.2188298    0.16068  26.6%   580  118s
H  550   388                       0.2188157    0.16068  26.6%   580  118s
   552   389    0.16421   54  360    0.21882    0.16068  26.6%   578  120s
   553   390    0.17665   35  322    0.21882    0.16068  26.6%   577  125s
   555   391    0.16288   16  438    0.21882    0.16068  26.6%   575  130s
   558   393    0.17435  127  477    0.21882    0.16070  26.6%   572  137s
   559   394    0.16457  180  454    0.21882    0.16070  26.6%   571  143s
   560   395    0.19183  224  487    0.21882    0.16070  26.6%   570  146s
   562   396    0.16758   88  440    0.21882    0.16070  26.6%   568  151s
   563   397    0.16433  115  501    0.21882    0.16070  26.6%   567  155s
   565   398    0.16446  138  450    0.21882    0.16071  26.6%   565  161s
   567   399    0.16436  123  471    0.21882    0.16071  26.6%   563  166s
   569   401    0.17256  186  322    0.21882    0.16072  26.5%   561  174s
   570   401    0.16446  105  424    0.21882    0.16072  26.5%   560  176s
   571   402    0.16446  151  500    0.21882    0.16072  26.5%   559  180s
   574   404    0.16447  100  481    0.21882    0.16073  26.5%   556  186s
   575   405    0.18733  219  319    0.21882    0.16079  26.5%   555  190s
   577   406    0.16668  174  324    0.21882    0.16079  26.5%   553  197s
   579   407    0.17541   36  542    0.21882    0.16079  26.5%   551  201s
   581   409    0.18790  222  561    0.21882    0.16079  26.5%   549  206s
   584   411    0.16446  142  504    0.21882    0.16079  26.5%   546  210s
   586   412    0.18698  197  425    0.21882    0.16079  26.5%   544  217s
   587   413    0.18733  219  425    0.21882    0.16087  26.5%   544  222s
H  588   391                       0.2188157    0.16087  26.5%  1102  228s
H  588   371                       0.2157383    0.16087  25.4%  1102  228s
H  588   352                       0.2118397    0.16087  24.1%  1102  228s
   589   355    0.16197   16  323    0.21184    0.16172  23.7%  1120  230s
   592   356    0.16249   18  343    0.21184    0.16172  23.7%  1140  236s
   593   357    0.16249   19  351    0.21184    0.16172  23.7%  1141  243s
   597   359    0.16349   21  254    0.21184    0.16172  23.7%  1155  245s
   629   379    0.16601   37  113    0.21184    0.16172  23.7%  1157  250s
   659   399    0.19037   52  130    0.21184    0.16172  23.7%  1152  255s
   687   417    0.17364   66  196    0.21184    0.16172  23.7%  1150  260s
   711   433    0.16570   78  209    0.21184    0.16172  23.7%  1152  266s
   724   442    0.16570   85   94    0.21184    0.16172  23.7%  1146  270s
   752   457    0.16592   99  194    0.21184    0.16172  23.7%  1140  275s
   787   470    0.16841  117  246    0.21184    0.16172  23.7%  1122  281s
   819   473    0.16183   17  355    0.21184    0.16175  23.6%  1102  287s
   823   476    0.16324   19  220    0.21184    0.16175  23.6%  1118  290s
   834   483    0.16628   25  287    0.21184    0.16175  23.6%  1135  295s
   852   492    0.16733   35   90    0.21184    0.16175  23.6%  1134  300s
   878   505    0.17111   48  155    0.21184    0.16175  23.6%  1139  305s
   894   515    0.16902   56  114    0.21184    0.16175  23.6%  1154  310s
   928   532    0.16816   73  171    0.21184    0.16175  23.6%  1134  315s
   955   545    0.16816   87  126    0.21184    0.16175  23.6%  1121  320s
   979   558    0.16816   99   91    0.21184    0.16175  23.6%  1109  327s
H  980   533                       0.2088881    0.16175  22.6%  1108  328s
   980   535    0.16816  100   56    0.20889    0.16175  22.6%  1108  334s
   981   535    0.16816  100   89    0.20889    0.16175  22.6%  1108  336s
  1000   548    0.16816  110  125    0.20889    0.16175  22.6%  1102  340s
  1024   562    0.16816  122  122    0.20889    0.16175  22.6%  1093  345s
  1050   576    0.16839  136  135    0.20889    0.16175  22.6%  1084  350s
  1093   582    0.17764  158  183    0.20889    0.16175  22.6%  1062  355s
  1098   578    0.16264   17  535    0.20889    0.16186  22.5%  1069  360s
  1103   582    0.16268   20  351    0.20889    0.16186  22.5%  1081  365s
  1106   584    0.16272   21  336    0.20889    0.16186  22.5%  1099  370s
  1110   586    0.16432   23  273    0.20889    0.16186  22.5%  1108  375s
  1129   597    0.16651   33   58    0.20889    0.16186  22.5%  1113  380s
  1152   609    0.16757   44  112    0.20889    0.16186  22.5%  1117  385s
  1177   622    0.16757   57  146    0.20889    0.16186  22.5%  1117  390s
  1198   636    0.16757   67  139    0.20889    0.16186  22.5%  1120  395s
  1223   645    0.16757   80  148    0.20889    0.16186  22.5%  1123  400s
  1248   657    0.16873   92  308    0.20889    0.16186  22.5%  1127  405s
  1272   665    0.16964  104  144    0.20889    0.16186  22.5%  1125  410s
  1313   668    0.16967  125  270    0.20889    0.16186  22.5%  1113  415s
  1353   663    0.16186   19  358    0.20889    0.16186  22.5%  1103  421s
  1360   668    0.16324   23  313    0.20889    0.16186  22.5%  1111  425s
  1376   679    0.16472   31  239    0.20889    0.16186  22.5%  1125  430s
  1395   689    0.16544   40  186    0.20889    0.16186  22.5%  1131  435s
  1418   702    0.16566   52  177    0.20889    0.16186  22.5%  1137  440s
  1452   713    0.16591   69   97    0.20889    0.16186  22.5%  1134  445s
  1481   724    0.16591   83  117    0.20889    0.16186  22.5%  1136  450s
  1515   733    0.17214  102  122    0.20889    0.16186  22.5%  1131  455s
  1567   740    0.18415  125   96    0.20889    0.16186  22.5%  1112  460s
  1587   736    0.16186   20  348    0.20889    0.16186  22.5%  1114  465s
  1603   751    0.16453   29  118    0.20889    0.16186  22.5%  1120  470s
  1629   775    0.16591   42  122    0.20889    0.16186  22.5%  1123  475s
  1657   797    0.16591   56  124    0.20889    0.16186  22.5%  1125  480s
  1681   815    0.16591   68  120    0.20889    0.16186  22.5%  1128  485s
  1705   834    0.16591   80  123    0.20889    0.16186  22.5%  1131  490s
  1744   864    0.19261   99  215    0.20889    0.16186  22.5%  1123  495s
  1759   868    0.16353   23  330    0.20889    0.16186  22.5%  1124  500s
  1774   883    0.19459   30  202    0.20889    0.16186  22.5%  1132  505s
  1806   911    0.16626   47   94    0.20889    0.16186  22.5%  1131  510s
  1840   939    0.16626   64   92    0.20889    0.16186  22.5%  1128  515s
  1870   959    0.16626   79  128    0.20889    0.16186  22.5%  1128  520s
  1903   979    0.16626   97  123    0.20889    0.16186  22.5%  1123  525s
  1934   988    0.16626  116   93    0.20889    0.16186  22.5%  1114  533s
  1943   991    0.16749  120  157    0.20889    0.16186  22.5%  1112  535s
  1975  1013    0.16672  137  228    0.20889    0.16186  22.5%  1106  556s
  2010  1025    0.19680  159  143    0.20889    0.16186  22.5%  1091  560s
  2081  1055     cutoff  199         0.20889    0.16186  22.5%  1067  565s
  2133  1065    0.16186   21  380    0.20889    0.16186  22.5%  1047  570s
  2144  1075    0.16469   27  260    0.20889    0.16187  22.5%  1056  575s
  2159  1090    0.16502   34  326    0.20889    0.16187  22.5%  1061  580s
  2173  1104    0.16525   41  189    0.20889    0.16187  22.5%  1068  585s
  2188  1118    0.16606   49  151    0.20889    0.16187  22.5%  1074  590s
  2209  1135    0.16606   59  141    0.20889    0.16187  22.5%  1077  595s
  2235  1158    0.16618   72  152    0.20889    0.16187  22.5%  1076  600s
  2265  1183    0.16618   87  117    0.20889    0.16187  22.5%  1075  605s
  2307  1209    0.17585  109  124    0.20889    0.16187  22.5%  1065  610s
  2344  1228    0.16316   23  435    0.20889    0.16187  22.5%  1057  615s
  2355  1238    0.16308   28  254    0.20889    0.16187  22.5%  1066  620s
  2380  1258    0.16537   41  103    0.20889    0.16187  22.5%  1066  625s
  2403  1279    0.16693   52  136    0.20889    0.16187  22.5%  1069  630s
  2432  1306    0.16703   67  123    0.20889    0.16187  22.5%  1067  635s
  2463  1331    0.17327   82  113    0.20889    0.16187  22.5%  1067  640s
  2492  1358    0.16714   97  125    0.20889    0.16187  22.5%  1067  645s
  2526  1392    0.16714  114  132    0.20889    0.16187  22.5%  1066  650s
  2551  1416    0.19397  126  230    0.20889    0.16187  22.5%  1068  655s
  2581  1443    0.20451  141  345    0.20889    0.16187  22.5%  1070  660s
  2624  1480    0.17299  163  188    0.20889    0.16187  22.5%  1065  665s
H 2680  1475                       0.2038121    0.16187  20.6%  1049  673s
  2693  1473    0.16187   21  464    0.20381    0.16187  20.6%  1050  679s
  2694  1474    0.16188   22  366    0.20381    0.16187  20.6%  1053  680s
  2707  1487    0.16293   34  429    0.20381    0.16187  20.6%  1059  686s
  2715  1495    0.16293   41  384    0.20381    0.16187  20.6%  1064  690s
  2733  1513    0.16339   59  224    0.20381    0.16187  20.6%  1062  695s
  2752  1532    0.16339   78  188    0.20381    0.16187  20.6%  1061  700s
  2770  1548    0.16806   91  308    0.20381    0.16187  20.6%  1063  705s
  2787  1565    0.16887   96  316    0.20381    0.16187  20.6%  1064  710s
  2809  1587    0.17000  107  188    0.20381    0.16187  20.6%  1062  715s
  2833  1611    0.18239  124  303    0.20381    0.16187  20.6%  1061  720s
  2859  1637    0.17146  139  227    0.20381    0.16187  20.6%  1059  725s
  2899  1665    0.18431  161  361    0.20381    0.16187  20.6%  1050  730s
  2932  1675    0.16187   21  553    0.20381    0.16187  20.6%  1047  736s
  2939  1682    0.16432   28  327    0.20381    0.16187  20.6%  1049  740s
  2958  1701    0.16515   38  234    0.20381    0.16187  20.6%  1051  783s
H 2965  1686                       0.2024446    0.16187  20.0%  1050  786s
  2973  1696    0.16646   52  134    0.20244    0.16187  20.0%  1048  790s
  3011  1732    0.16689   89  174    0.20244    0.16187  20.0%  1042  795s
  3049  1766    0.16689  127  131    0.20244    0.16187  20.0%  1035  800s
  3089  1805    0.16689  166  117    0.20244    0.16187  20.0%  1028  805s
  3144  1850    0.17624  202  210    0.20244    0.16187  20.0%  1018  810s
  3165  1851    0.16192   23  349    0.20244    0.16187  20.0%  1019  815s
  3175  1861    0.16314   32  286    0.20244    0.16187  20.0%  1023  820s
  3208  1890    0.16472   56  169    0.20244    0.16187  20.0%  1020  825s
  3244  1925    0.16540   91  148    0.20244    0.16187  20.0%  1016  830s
  3290  1968    0.16838  126  166    0.20244    0.16187  20.0%  1010  835s
  3361  2013    0.18402  180  162    0.20244    0.16187  20.0%   994  840s
  3376  2016    0.16348   25  299    0.20244    0.16187  20.0%   995  845s
  3403  2040    0.16577   50  191    0.20244    0.16187  20.0%   993  850s
  3431  2068    0.16601   74  160    0.20244    0.16187  20.0%   992  855s
  3458  2093    0.19961   93  445    0.20244    0.16187  20.0%   992  860s
  3511  2145    0.16776  139  209    0.20244    0.16187  20.0%   981  865s
  3545  2164    0.16339   25  411    0.20244    0.16187  20.0%   978  870s
  3567  2185    0.16729   44  112    0.20244    0.16187  20.0%   978  875s
  3612  2229    0.17468   85  128    0.20244    0.16187  20.0%   972  880s
  3654  2269    0.16819  120  169    0.20244    0.16187  20.0%   968  885s
  3706  2321    0.18235  156  391    0.20244    0.16187  20.0%   959  890s
  3764  2343    0.16188   23  468    0.20244    0.16187  20.0%   956  897s
  3771  2350    0.16454   28  293    0.20244    0.16187  20.0%   958  900s
  3814  2393    0.16723   66  125    0.20244    0.16187  20.0%   953  905s
  3862  2441    0.16915  107  153    0.20244    0.16187  20.0%   949  910s
  3918  2495    0.18009  155  215    0.20244    0.16187  20.0%   943  915s
  3965  2519    0.19134   36  237    0.20244    0.16187  20.0%   939  920s
  3996  2545    0.19506   63  115    0.20244    0.16187  20.0%   936  931s
  4035  2584    0.19634   95  107    0.20244    0.16187  20.0%   933  935s
  4085  2615    0.16187   23  391    0.20244    0.16187  20.0%   930  941s
  4096  2626    0.16472   31  252    0.20244    0.16187  20.0%   932  945s
  4126  2656    0.16749   53  137    0.20244    0.16187  20.0%   932  950s
  4169  2698    0.16861   90  105    0.20244    0.16187  20.0%   928  955s
  4212  2740    0.16839  127  163    0.20244    0.16187  20.0%   925  960s
  4240  2765    0.16854  147  243    0.20244    0.16187  20.0%   927  965s
  4281  2802    0.17282  169  238    0.20244    0.16187  20.0%   926  970s
  4325  2836    0.17673  182  260    0.20244    0.16187  20.0%   925  975s
  4348  2840    0.16348   26  308    0.20244    0.16188  20.0%   927  980s
  4396  2885    0.19363   73  103    0.20244    0.16188  20.0%   922  985s
  4493  2940    0.18005   23  423    0.20244    0.16188  20.0%   908  991s
  4506  2950    0.18267   36  139    0.20244    0.16188  20.0%   910  995s
  4551  2994    0.18556   81  134    0.20244    0.16188  20.0%   907 1000s
  4619  3044    0.16188   24  517    0.20244    0.16188  20.0%   901 1007s
  4625  3050    0.16314   27  304    0.20244    0.16188  20.0%   903 1010s
  4637  3061    0.19974   33  315    0.20244    0.16188  20.0%   907 1015s
  4660  3079    0.16626   45  146    0.20244    0.16188  20.0%   910 1020s
  4685  3097    0.16626   57  177    0.20244    0.16188  20.0%   913 1025s
  4708  3110    0.16626   69  149    0.20244    0.16188  20.0%   916 1030s
  4757  3123 infeasible   93         0.20244    0.16188  20.0%   914 1035s
  4789  3125    0.16335   24  350    0.20244    0.16188  20.0%   914 1040s
  4802  3138    0.16469   37  246    0.20244    0.16188  20.0%   915 1045s
  4822  3157    0.16601   57  167    0.20244    0.16188  20.0%   916 1050s
  4859  3193    0.18680   94  377    0.20244    0.16188  20.0%   911 1055s
  4890  3199    0.16348   25  308    0.20244    0.16189  20.0%   910 1061s
  4909  3218    0.16770   44  106    0.20244    0.16189  20.0%   909 1065s
  4958  3267    0.16854   93  140    0.20244    0.16189  20.0%   905 1070s
  4983  3277    0.16294   25  455    0.20244    0.16189  20.0%   908 1076s
  5000  3294    0.17118   38  260    0.20244    0.16189  20.0%   909 1080s
  5090  3384    0.16943  111  122    0.20244    0.16189  20.0%   898 1085s
  5102  3395    0.16689  109  259    0.20244    0.16189  20.0%   896 1100s
  5105  3397    0.16335   24  393    0.20244    0.16189  20.0%   896 1105s
  5107  3398    0.16348   26  335    0.20244    0.16189  20.0%   896 1112s
  5108  3399    0.18398  119  435    0.20244    0.16189  20.0%   895 1115s
  5109  3400    0.16714   91  372    0.20244    0.16189  20.0%   895 1120s
  5111  3401    0.16615   37  345    0.20244    0.16189  20.0%   895 1130s
  5113  3402    0.16577   46  353    0.20244    0.16189  20.0%   894 1137s
  5115  3404    0.16816   96  376    0.20244    0.16189  20.0%   894 1144s
  5116  3404    0.16839  138  430    0.20244    0.16189  20.0%   894 1146s
  5118  3406    0.19634   98  437    0.20244    0.16189  20.0%   894 1151s
  5119  3406    0.17674   31  368    0.20244    0.16189  20.0%   893 1157s
  5121  3408    0.16839  123  313    0.20244    0.16189  20.0%   893 1164s
  5122  3408    0.17106  147  400    0.20244    0.16189  20.0%   893 1166s
  5124  3410    0.16854   74  427    0.20244    0.16189  20.0%   893 1170s
  5126  3411    0.18058  160  491    0.20244    0.16189  20.0%   892 1176s
  5128  3412    0.16570   79  444    0.20244    0.16189  20.0%   892 1180s
  5129  3413    0.16689  110  411    0.20244    0.16189  20.0%   892 1186s
H 5130  3242                       0.2024224    0.16189  20.0%   892 1196s
H 5130  3080                       0.2016502    0.16189  19.7%   892 1196s
H 5130  2925                       0.2014697    0.16189  19.6%   892 1196s
H 5130  2779                       0.2010737    0.16189  19.5%   892 1196s
H 5130  2639                       0.2010611    0.16189  19.5%   892 1196s
  5133  2641    0.16815   91  364    0.20106    0.16189  19.5%   891 1207s
  5134  2641    0.20033  196  469    0.20106    0.16189  19.5%   891 1210s
  5135  2642    0.16854   96  372    0.20106    0.16189  19.5%   891 1215s
  5137  2643    0.16626   73  505    0.20106    0.16189  19.5%   890 1224s
  5138  2644    0.16274   28  504    0.20106    0.16189  19.5%   890 1226s
H 5138  2511                       0.1998644    0.16189  19.0%   890 1228s
  5140  2512    0.17857  154  435    0.19986    0.16189  19.0%   890 1232s
  5141  2513    0.18614  114  429    0.19986    0.16189  19.0%   890 1237s
  5142  2514    0.19134   38  497    0.19986    0.16189  19.0%   889 1240s
  5143  2514    0.19944  129  341    0.19986    0.16189  19.0%   889 1245s
  5145  2516    0.16976  102  434    0.19986    0.16189  19.0%   889 1253s
  5147  2517    0.17446  175  430    0.19986    0.16189  19.0%   889 1257s
  5149  2518    0.16816   90  352    0.19986    0.16189  19.0%   888 1264s
  5150  2519    0.16577   45  434    0.19986    0.16189  19.0%   888 1266s
  5151  2520    0.19634   98  362    0.19986    0.16189  19.0%   888 1272s
  5152  2520    0.17359  117  500    0.19986    0.16189  19.0%   888 1275s
  5154  2522    0.16626   42  512    0.19986    0.16189  19.0%   887 1281s
  5155  2522    0.17104  135  512    0.19986    0.16189  19.0%   887 1285s
  5158  2526    0.16243   26  439    0.19986    0.16189  19.0%   978 1290s
  5163  2530    0.16630   28  437    0.19986    0.16189  19.0%   982 1295s
  5179  2540    0.16786   36  144    0.19986    0.16189  19.0%   983 1300s
  5203  2552    0.16607   49  124    0.19986    0.16189  19.0%   982 1305s
  5209  2552    0.16582   53   94    0.19986    0.16189  19.0%   982 1313s
  5225  2555    0.16582   65   94    0.19986    0.16189  19.0%   979 1315s
  5263  2570    0.16600   88  104    0.19986    0.16189  19.0%   975 1320s
  5295  2589    0.16600  104  105    0.19986    0.16189  19.0%   973 1325s
  5317  2601    0.16600  115  107    0.19986    0.16189  19.0%   971 1330s
  5346  2617    0.19707  129  136    0.19986    0.16189  19.0%   970 1335s
  5376  2625    0.17772  144  267    0.19986    0.16189  19.0%   969 1340s
  5417  2624    0.18507  166  136    0.19986    0.16189  19.0%   966 1345s
  5434  2626 infeasible  174         0.19986    0.16189  19.0%   966 1350s
  5454  2624    0.16252   26  346    0.19986    0.16189  19.0%   965 1356s
  5460  2628    0.16413   29  132    0.19986    0.16189  19.0%   968 1360s
  5465  2631    0.16403   32  273    0.19986    0.16189  19.0%   967 1365s
  5480  2641    0.16862   39  217    0.19986    0.16189  19.0%   968 1370s
  5510  2661    0.17035   54  209    0.19986    0.16189  19.0%   967 1375s
  5538  2680    0.16974   68  147    0.19986    0.16189  19.0%   967 1380s
  5562  2696    0.16737   80  166    0.19986    0.16189  19.0%   967 1385s
  5587  2711    0.16737   93  126    0.19986    0.16189  19.0%   966 1390s
  5620  2732    0.16737  109  132    0.19986    0.16189  19.0%   963 1395s
  5656  2755    0.16737  127  100    0.19986    0.16189  19.0%   961 1400s
  5708  2773    0.16800  155  184    0.19986    0.16189  19.0%   956 1405s
  5816  2804    0.16189   26  392    0.19986    0.16189  19.0%   941 1413s
  5817  2805    0.16280   27  498    0.19986    0.16189  19.0%   943 1416s
  5824  2809    0.16932   30  226    0.19986    0.16243  18.7%   944 1420s
  5848  2825    0.16611   42  186    0.19986    0.16243  18.7%   944 1425s
  5882  2846    0.19250   59  167    0.19986    0.16243  18.7%   941 1430s
  5907  2861    0.16554   72  109    0.19986    0.16243  18.7%   939 1439s
  5911  2863    0.16554   74   95    0.19986    0.16243  18.7%   939 1440s
H 5935  2749                       0.1998644    0.16243  18.7%   938 1448s
  5939  2754    0.16554   88  124    0.19986    0.16243  18.7%   937 1450s
  5965  2766    0.16554  102  120    0.19986    0.16243  18.7%   936 1455s
  6009  2779    0.17543  124   80    0.19986    0.16243  18.7%   933 1460s
  6048  2783    0.16247   27  454    0.19986    0.16244  18.7%   929 1465s
  6054  2787    0.16298   30  291    0.19986    0.16244  18.7%   931 1470s
  6071  2795    0.18941   39  231    0.19986    0.16244  18.7%   932 1475s
  6084  2804    0.16407   46  257    0.19986    0.16244  18.7%   933 1480s
  6105  2815    0.16647   57  145    0.19986    0.16244  18.7%   933 1485s
  6127  2824    0.16647   68  172    0.19986    0.16244  18.7%   933 1492s
  6142  2833    0.16647   75  123    0.19986    0.16244  18.7%   933 1495s
  6170  2849    0.16647   89  138    0.19986    0.16244  18.7%   932 1500s
  6193  2861    0.16878  101  191    0.19986    0.16244  18.7%   931 1505s
  6233  2877    0.18215  120  240    0.19986    0.16244  18.7%   927 1510s
  6245  2874    0.16295   29  372    0.19986    0.16247  18.7%   928 1515s
  6252  2879    0.19162   32  300    0.19986    0.16247  18.7%   930 1520s
  6262  2885    0.18372   37  303    0.19986    0.16247  18.7%   934 1527s
  6270  2891    0.17800   41  382    0.19986    0.16247  18.7%   935 1530s
  6290  2902    0.16539   51  223    0.19986    0.16247  18.7%   934 1535s
  6316  2916    0.16621   64  156    0.19986    0.16247  18.7%   933 1540s
  6338  2925    0.16621   75  166    0.19986    0.16247  18.7%   933 1545s
H 6352  2806                       0.1995161    0.16247  18.6%   933 1550s
  6352  2808    0.16621   82  137    0.19952    0.16247  18.6%   933 1555s
  6368  2814    0.16876   90  329    0.19952    0.16247  18.6%   934 1560s
  6396  2828    0.16621  105  142    0.19952    0.16247  18.6%   933 1565s
  6442  2830    0.18119  128  105    0.19952    0.16247  18.6%   929 1570s
  6474  2830    0.16247   29  502    0.19952    0.16247  18.6%   926 1576s
  6479  2833    0.16268   32  363    0.19952    0.16247  18.6%   928 1580s
  6492  2841    0.16411   39  197    0.19952    0.16247  18.6%   929 1585s
  6510  2850    0.16449   48  218    0.19952    0.16247  18.6%   928 1590s
  6531  2863    0.16645   59  140    0.19952    0.16247  18.6%   928 1595s
  6550  2875    0.16723   68  182    0.19952    0.16247  18.6%   929 1600s
  6563  2881    0.16741   75  185    0.19952    0.16247  18.6%   930 1605s
  6586  2896    0.16767   86  112    0.19952    0.16247  18.6%   929 1610s
  6609  2909    0.16750   98  146    0.19952    0.16247  18.6%   928 1615s
  6644  2928    0.17087  115  220    0.19952    0.16247  18.6%   925 1620s
  6686  2918    0.16248   29  386    0.19952    0.16248  18.6%   922 1627s
  6693  2923    0.16284   33  306    0.19952    0.16248  18.6%   923 1630s
  6701  2928    0.16345   37  289    0.19952    0.16248  18.6%   925 1635s
  6712  2934    0.18047   42  266    0.19952    0.16248  18.6%   927 1640s
  6722  2941    0.16452   47  271    0.19952    0.16248  18.6%   927 1645s
  6746  2954    0.16569   59  191    0.19952    0.16248  18.6%   926 1650s
  6766  2964    0.16590   69  180    0.19952    0.16248  18.6%   926 1655s
  6788  2968    0.16586   80  178    0.19952    0.16248  18.6%   925 1660s
  6809  2979    0.16586   91  150    0.19952    0.16248  18.6%   925 1665s
  6831  2985    0.16586  102  177    0.19952    0.16248  18.6%   924 1670s
  6877  3008    0.16982  126  273    0.19952    0.16248  18.6%   919 1675s
  6890  3014    0.17490  134  160    0.19952    0.16248  18.6%   918 1690s
  6928  3015    0.16255   31  377    0.19952    0.16250  18.6%   915 1697s
  6930  3017    0.16283   32  360    0.19952    0.16250  18.6%   917 1701s
  6942  3025    0.16694   38  250    0.19952    0.16250  18.6%   917 1705s
H 6944  2909                       0.1995161    0.16250  18.6%   917 1716s
  6946  2912    0.16507   40  280    0.19952    0.16250  18.6%   917 1720s
  6964  2922    0.17392   49  213    0.19952    0.16250  18.6%   917 1725s
  6979  2930    0.16517   57  177    0.19952    0.16250  18.6%   917 1730s
  6989  2937    0.16529   62  226    0.19952    0.16250  18.6%   917 1735s
  7003  2945    0.16599   69  224    0.19952    0.16250  18.6%   917 1740s
  7016  2953    0.16599   75  207    0.19952    0.16250  18.6%   917 1745s
  7038  2959    0.19773   86  250    0.19952    0.16250  18.6%   917 1750s
  7085  2984    0.18815  111  239    0.19952    0.16250  18.6%   912 1755s
  7099  2980    0.16268   31  511    0.19952    0.16251  18.5%   912 1761s
  7101  2982    0.16284   33  364    0.19952    0.16251  18.5%   913 1765s
  7109  2987    0.16434   40  287    0.19952    0.16251  18.5%   914 1770s
  7150  3014    0.16619   77  144    0.19952    0.16251  18.5%   910 1775s
  7156  3018    0.16619   83  107    0.19952    0.16251  18.5%   910 1780s
  7191  3042    0.16663  115  264    0.19952    0.16251  18.5%   907 1785s
  7223  3058     cutoff  134         0.19952    0.16251  18.5%   905 1790s
  7281  3078 infeasible  165         0.19952    0.16251  18.5%   899 1795s
  7288  3077    0.16286   35  418    0.19952    0.16251  18.5%   900 1801s
  7295  3082    0.16436   42  307    0.19952    0.16251  18.5%   902 1805s
  7319  3098    0.16596   64  185    0.19952    0.16251  18.5%   899 1810s
  7366  3124    0.16638  107   97    0.19952    0.16251  18.5%   895 1815s
  7400  3145    0.16638  141  101    0.19952    0.16251  18.5%   892 1820s
  7428  3163    0.19260  156  324    0.19952    0.16251  18.5%   892 1825s
  7489  3178    0.18145  183  156    0.19952    0.16251  18.5%   887 1830s
  7509  3172    0.16255   34  404    0.19952    0.16251  18.5%   887 1835s
  7526  3183    0.16537   49  185    0.19952    0.16251  18.5%   887 1840s
  7539  3192    0.16548   61  130    0.19952    0.16251  18.5%   886 1845s
  7562  3205    0.16997   81  218    0.19952    0.16251  18.5%   885 1850s
  7582  3218    0.18587   89  328    0.19952    0.16251  18.5%   885 1855s
  7618  3234    0.19866  109  294    0.19952    0.16251  18.5%   882 1860s
  7634  3232    0.16283   35  318    0.19952    0.16253  18.5%   882 1865s
  7644  3239    0.16368   45  338    0.19952    0.16253  18.5%   882 1870s
  7679  3261    0.16744   74  105    0.19952    0.16253  18.5%   880 1875s
  7694  3271    0.16753   88  209    0.19952    0.16253  18.5%   879 1881s
  7713  3283    0.16753  104  117    0.19952    0.16253  18.5%   878 1885s
  7743  3300    0.16753  128  134    0.19952    0.16253  18.5%   876 1890s
  7762  3311    0.16753  140  145    0.19952    0.16253  18.5%   876 1895s
  7819  3344    0.17322  183  214    0.19952    0.16253  18.5%   870 1900s
  7891  3351    0.16864   34  243    0.19952    0.16255  18.5%   865 1905s
  7915  3365    0.17029   52  112    0.19952    0.16255  18.5%   863 1910s
  7943  3383    0.17029   76   97    0.19952    0.16255  18.5%   863 1915s
  7970  3401    0.17029   99  105    0.19952    0.16255  18.5%   861 1920s
  8004  3422    0.17093  124  129    0.19952    0.16255  18.5%   859 1925s
  8051  3430    0.16255   33  378    0.19952    0.16255  18.5%   857 1930s
  8073  3445    0.16537   53  199    0.19952    0.16255  18.5%   856 1935s
  8105  3466    0.16649   83  111    0.19952    0.16255  18.5%   854 1940s
  8128  3481    0.16649  100  101    0.19952    0.16255  18.5%   853 1945s
  8167  3506    0.17433  127  296    0.19952    0.16255  18.5%   852 1950s
  8218  3524    0.16284   32  363    0.19952    0.16255  18.5%   848 1955s
  8232  3534    0.16493   45  195    0.19952    0.16255  18.5%   849 1960s
  8242  3539    0.16517   55  188    0.19952    0.16255  18.5%   848 1965s
  8265  3555    0.16599   73  168    0.19952    0.16255  18.5%   848 1970s
  8288  3570    0.16599   89  140    0.19952    0.16255  18.5%   848 1975s
  8316  3589    0.16599  114  145    0.19952    0.16255  18.5%   846 1980s
  8372  3607    0.16323   34  386    0.19952    0.16255  18.5%   842 1986s
  8390  3619    0.16501   50  308    0.19952    0.16255  18.5%   842 1990s
  8399  3625    0.16516   55  190    0.19952    0.16255  18.5%   842 1995s
  8437  3650    0.16682   92  119    0.19952    0.16255  18.5%   839 2000s
  8464  3666    0.16682  118  161    0.19952    0.16255  18.5%   838 2005s
  8491  3672    0.17759  125  341    0.19952    0.16255  18.5%   839 2010s
  8512  3673    0.18828  131  123    0.19952    0.16255  18.5%   839 2015s
  8566  3693    0.19255  164  117    0.19952    0.16255  18.5%   837 2020s
  8648  3713    0.16255   34  519    0.19952    0.16255  18.5%   832 2028s
  8650  3714    0.16269   36  474    0.19952    0.16255  18.5%   833 2031s
  8655  3718    0.16437   41  441    0.19952    0.16255  18.5%   835 2035s
  8668  3726    0.17435   54  340    0.19952    0.16255  18.5%   835 2040s
  8686  3724     cutoff   64         0.19952    0.16255  18.5%   837 2045s
  8690  3727    0.16255   35  481    0.19952    0.16255  18.5%   838 2050s
  8702  3735    0.16631   47  242    0.19952    0.16255  18.5%   838 2055s
  8731  3754    0.16736   76  155    0.19952    0.16255  18.5%   837 2060s
  8763  3776    0.17043  108  234    0.19952    0.16255  18.5%   836 2065s
  8800  3777    0.16405   34  399    0.19952    0.16255  18.5%   835 2072s
  8807  3782    0.16540   38  170    0.19952    0.16255  18.5%   836 2075s
  8827  3795    0.16552   48  246    0.19952    0.16255  18.5%   836 2080s
  8832  3799    0.17335   50  177    0.19952    0.16255  18.5%   836 2085s
  8856  3812    0.16614   63  126    0.19952    0.16255  18.5%   835 2108s
H 8857  3701                       0.1993315    0.16255  18.5%   835 2109s
  8857  3703    0.18644   63  156    0.19933    0.16255  18.5%   835 2115s
  8883  3717    0.16614   76  194    0.19933    0.16255  18.5%   835 2120s
  8907  3728    0.16614   88  148    0.19933    0.16255  18.5%   835 2125s
  8956  3752    0.16640  113  223    0.19933    0.16255  18.5%   833 2130s
  8994  3760    0.16255   33  520    0.19933    0.16255  18.5%   831 2136s
  9001  3764    0.16272   40  415    0.19933    0.16255  18.5%   832 2140s
  9026  3781    0.16736   65  154    0.19933    0.16255  18.5%   831 2145s
  9048  3795    0.16736   87  120    0.19933    0.16255  18.5%   830 2150s
  9101  3827    0.18772  139  134    0.19933    0.16255  18.5%   827 2155s
  9114  3826    0.16257   35  520    0.19933    0.16255  18.5%   827 2162s
  9119  3829    0.16473   40  335    0.19933    0.16255  18.5%   828 2165s
  9148  3848    0.16804   69   95    0.19933    0.16255  18.5%   826 2170s
  9185  3873    0.17615  106  223    0.19933    0.16255  18.5%   824 2175s
  9206  3873    0.16255   35  476    0.19933    0.16255  18.5%   824 2180s
  9214  3878    0.16554   43  273    0.19933    0.16255  18.5%   825 2185s
  9254  3905    0.16809   77  105    0.19933    0.16255  18.5%   823 2190s
  9297  3934    0.16809  115  107    0.19933    0.16255  18.5%   821 2195s
  9357  3970    0.17266  154  214    0.19933    0.16255  18.5%   818 2200s
  9419  3984    0.16263   36  519    0.19933    0.16255  18.5%   815 2205s
  9428  3990    0.16631   45  209    0.19933    0.16255  18.5%   816 2210s
  9453  4007    0.18737   70  338    0.19933    0.16255  18.5%   816 2215s
  9474  4011    0.16255   34  516    0.19933    0.16255  18.5%   816 2222s
  9477  4013    0.16381   37  445    0.19933    0.16255  18.5%   818 2225s
  9484  4017    0.16511   44  382    0.19933    0.16255  18.5%   819 2230s
  9497  4026    0.16745   57  270    0.19933    0.16255  18.5%   820 2235s
  9531  4033    0.16263   37  466    0.19933    0.16255  18.5%   820 2241s
  9543  4041    0.16550   49  277    0.19933    0.16255  18.5%   820 2245s
  9580  4063    0.17320   85  247    0.19933    0.16255  18.5%   819 2250s
  9646  4079    0.16255   34  507    0.19933    0.16255  18.5%   816 2258s
  9649  4081    0.16258   35  493    0.19933    0.16255  18.5%   817 2260s
  9651  4083    0.16384   37  495    0.19933    0.16255  18.5%   819 2266s
  9656  4086    0.16401   40  439    0.19933    0.16255  18.5%   820 2270s
  9661  4089    0.16471   42  486    0.19933    0.16255  18.5%   822 2275s
  9671  4096    0.16482   43  446    0.19933    0.16255  18.5%   824 2280s
  9681  4102    0.16496   47  368    0.19933    0.16255  18.5%   824 2285s
H 9691  3991                       0.1985082    0.16255  18.1%   826 2293s
  9691  3993    0.16595   52  336    0.19851    0.16255  18.1%   826 2305s
  9706  4001     cutoff   56         0.19851    0.16255  18.1%   827 2310s
  9745  4027    0.18330   75  309    0.19851    0.16255  18.1%   826 2315s
  9785  4036    0.16265   35  459    0.19851    0.16255  18.1%   825 2320s
  9809  4051    0.16715   59   91    0.19851    0.16255  18.1%   824 2329s
  9819  4058    0.17129   69  186    0.19851    0.16255  18.1%   824 2330s
  9839  4064    0.19694   86  353    0.19851    0.16255  18.1%   824 2387s
  9848  4062    0.16280   36  534    0.19851    0.16255  18.1%   824 2390s
  9863  4072    0.16558   51  240    0.19851    0.16255  18.1%   823 2395s
  9890  4090    0.16837   78  102    0.19851    0.16255  18.1%   822 2400s
  9932  4102    0.16274   36  515    0.19851    0.16255  18.1%   822 2407s
  9938  4106    0.16371   42  433    0.19851    0.16255  18.1%   822 2410s
  9957  4119    0.16973   61  388    0.19851    0.16255  18.1%   823 2415s
  9971  4128    0.18387   75  203    0.19851    0.16255  18.1%   823 2420s
  9995  4142    0.18962   98  239    0.19851    0.16255  18.1%   823 2425s
 10022  4145    0.16259   39  507    0.19851    0.16255  18.1%   823 2431s
 10028  4149    0.16550   45  380    0.19851    0.16255  18.1%   824 2435s
 10063  4172    0.17227   80  249    0.19851    0.16255  18.1%   823 2440s
 10097  4166 infeasible   89         0.19851    0.16255  18.1%   823 2445s
 10105  4169    0.19520   43  317    0.19851    0.16255  18.1%   824 2450s
 10130  4185    0.19805   68  119    0.19851    0.16255  18.1%   825 2455s
 10140  4184    0.16385   38  509    0.19851    0.16255  18.1%   825 2460s
 10147  4188    0.16441   45  392    0.19851    0.16255  18.1%   827 2465s
 10158  4196    0.16544   55  253    0.19851    0.16255  18.1%   828 2470s
 10183  4210    0.17859   68  306    0.19851    0.16255  18.1%   828 2475s
 10202  4221    0.19022   79  270    0.19851    0.16255  18.1%   828 2483s
 10215  4220    0.16258   35  499    0.19851    0.16255  18.1%   828 2487s
 10217  4221    0.16363   37  495    0.19851    0.16255  18.1%   829 2490s
 10234  4232    0.16748   54  134    0.19851    0.16255  18.1%   829 2495s
 10262  4251    0.16772   82  128    0.19851    0.16255  18.1%   828 2500s
 10316  4272    0.16363   36  473    0.19851    0.16255  18.1%   827 2506s
 10331  4282    0.16753   51   93    0.19851    0.16255  18.1%   827 2510s
 10381  4315    0.17230  101   94    0.19851    0.16255  18.1%   825 2515s
 10423  4333    0.16682   47  181    0.19851    0.16255  18.1%   823 2520s
 10466  4361    0.17721   90  178    0.19851    0.16255  18.1%   821 2525s
 10566  4400    0.19801  184  108    0.19851    0.16255  18.1%   815 2530s
 10582  4397    0.16454   38  211    0.19851    0.16255  18.1%   816 2535s
 10649  4436    0.19290  105   72    0.19851    0.16255  18.1%   812 2540s
 10686  4443    0.16259   36  396    0.19851    0.16255  18.1%   811 2545s
 10694  4448    0.16371   40  322    0.19851    0.16255  18.1%   812 2550s
 10725  4465    0.16659   55  169    0.19851    0.16255  18.1%   812 2555s
 10767  4491    0.16703   76   81    0.19851    0.16255  18.1%   810 2560s
 10808  4512    0.17089   97  222    0.19851    0.16255  18.1%   809 2565s
 10864  4535    0.18468  125  249    0.19851    0.16255  18.1%   808 2570s
 10927  4532    0.16259   36  389    0.19851    0.16256  18.1%   806 2576s
 10941  4542    0.18414   42  187    0.19851    0.16256  18.1%   806 2580s
 10961  4555    0.16991   48  155    0.19851    0.16256  18.1%   806 2585s
 10974  4560    0.18270   55  321    0.19851    0.16256  18.1%   808 2590s
 10991  4569    0.19017   62  405    0.19851    0.16256  18.1%   809 2595s
 11027  4586    0.16669   44  177    0.19851    0.16257  18.1%   808 2600s
 11065  4622    0.16845   82  103    0.19851    0.16257  18.1%   807 2605s
 11133  4670    0.16399   35  435    0.19851    0.16257  18.1%   804 2610s
 11161  4698    0.16624   63  115    0.19851    0.16257  18.1%   803 2615s
 11195  4726    0.17512   94  216    0.19851    0.16257  18.1%   802 2620s
 11230  4749    0.16388   37  480    0.19851    0.16257  18.1%   802 2625s
 11235  4754    0.16396   42  402    0.19851    0.16257  18.1%   803 2630s
 11258  4777    0.16694   65  130    0.19851    0.16257  18.1%   803 2635s
 11308  4801    0.16262   40  451    0.19851    0.16258  18.1%   803 2643s
 11313  4806    0.16453   45  354    0.19851    0.16258  18.1%   803 2645s
 11330  4821    0.17981   61  356    0.19851    0.16258  18.1%   803 2650s
 11359  4841    0.16280   33  556    0.19851    0.16258  18.1%   803 2655s
 11387  4869    0.16539   56  201    0.19851    0.16258  18.1%   803 2660s
 11445  4921    0.17765   97  131    0.19851    0.16258  18.1%   801 2665s
 11471  4929    0.16368   38  453    0.19851    0.16259  18.1%   802 2670s
 11482  4940    0.16550   49  336    0.19851    0.16259  18.1%   803 2675s
 11505  4963    0.17334   72  244    0.19851    0.16259  18.1%   803 2680s
 11548  4987    0.18175   35  188    0.19851    0.16259  18.1%   802 2685s
 11596  5035    0.18464   83   53    0.19851    0.16259  18.1%   800 2690s
 11648  5082    0.18464  135  104    0.19851    0.16259  18.1%   798 2703s
 11695  5115    0.16281   37  469    0.19851    0.16259  18.1%   796 2706s
 11702  5122    0.16472   44  291    0.19851    0.16259  18.1%   797 2710s
 11737  5157    0.19568   79  281    0.19851    0.16259  18.1%   796 2715s
 11752  5159    0.16262   37  536    0.19851    0.16259  18.1%   799 2725s
 11768  5175    0.16683   53  235    0.19851    0.16259  18.1%   799 2730s
 11822  5229    0.18318  107  406    0.19851    0.16259  18.1%   797 2735s
 11867  5250    0.16262   36  418    0.19851    0.16259  18.1%   796 2743s
 11874  5257    0.16478   43  218    0.19851    0.16259  18.1%   796 2745s
 11899  5279    0.18015   67  117    0.19851    0.16259  18.1%   796 2750s
 11949  5302    0.16262   36  390    0.19851    0.16259  18.1%   795 2755s
 11968  5321    0.16658   55  191    0.19851    0.16259  18.1%   795 2760s
 12005  5356    0.16854   91  103    0.19851    0.16259  18.1%   794 2765s
 12029  5371    0.16262   35  406    0.19851    0.16259  18.1%   794 2770s
 12055  5397    0.16757   61  135    0.19851    0.16259  18.1%   794 2775s
 12076  5418    0.17109   82  230    0.19851    0.16259  18.1%   794 2780s
 12102  5429 infeasible   99         0.19851    0.16259  18.1%   795 2785s
 12117  5428    0.16262   37  427    0.19851    0.16259  18.1%   796 2791s
 12124  5435    0.16286   41  367    0.19851    0.16259  18.1%   798 2795s
 12137  5448    0.16394   47  319    0.19851    0.16259  18.1%   799 2800s
 12146  5457    0.16524   50  304    0.19851    0.16259  18.1%   800 2805s
 12174  5473    0.18768   64  133    0.19851    0.16259  18.1%   800 2810s
 12198  5491    0.19532   75   88    0.19851    0.16259  18.1%   800 2815s
 12242  5505    0.16269   37  436    0.19851    0.16259  18.1%   800 2820s
 12248  5511    0.16369   43  325    0.19851    0.16259  18.1%   801 2825s
 12274  5535    0.16896   68  137    0.19851    0.16259  18.1%   801 2830s
 12304  5539    0.16388   40  471    0.19851    0.16259  18.1%   802 2836s
 12312  5547    0.16401   48  397    0.19851    0.16259  18.1%   803 2840s
 12343  5578    0.16669   79  260    0.19851    0.16259  18.1%   802 2845s
 12373  5599    0.16528   45  198    0.19851    0.16259  18.1%   802 2850s
 12445  5671    0.16782  100   71    0.19851    0.16259  18.1%   799 2855s
 12490  5700     cutoff  118         0.19851    0.16259  18.1%   798 2860s
 12529  5719    0.16399   43  393    0.19851    0.16259  18.1%   797 2865s
 12554  5743    0.18383   68  394    0.19851    0.16259  18.1%   797 2870s
 12584  5763    0.16263   38  409    0.19851    0.16259  18.1%   796 2875s
 12600  5779    0.16613   46  143    0.19851    0.16259  18.1%   797 2880s
 12623  5798    0.16609   58   87    0.19851    0.16259  18.1%   797 2885s
 12672  5846    0.16746   82  163    0.19851    0.16259  18.1%   796 2890s
 12732  5898    0.18514  112  257    0.19851    0.16259  18.1%   795 2895s
 12751  5905    0.16369   40  380    0.19851    0.16259  18.1%   795 2900s
 12785  5939    0.16749   74  145    0.19851    0.16259  18.1%   794 2906s
 12842  5975    0.16396   37  531    0.19851    0.16259  18.1%   793 2912s
 12845  5978    0.16413   40  489    0.19851    0.16259  18.1%   794 2915s
 12852  5985    0.16502   47  356    0.19851    0.16259  18.1%   795 2920s
 12868  5995    0.19021   59  290    0.19851    0.16259  18.1%   796 2925s
H12885  5854                       0.1965845    0.16260  17.3%   796 2935s
 12889  5860    0.16364   41  454    0.19658    0.16260  17.3%   798 2941s
 12893  5864    0.16369   45  382    0.19658    0.16260  17.3%   799 2945s
 12916  5887    0.17826   68  284    0.19658    0.16260  17.3%   799 2950s
 12953  5905    0.16388   37  485    0.19658    0.16262  17.3%   800 2958s
 12957  5909    0.16403   41  351    0.19658    0.16262  17.3%   800 2960s
 12967  5919    0.16533   51  209    0.19658    0.16262  17.3%   801 2965s
 12991  5933    0.16262   40  407    0.19658    0.16262  17.3%   802 2971s
 13002  5944    0.16420   51  310    0.19658    0.16262  17.3%   803 2975s
 13045  5987    0.18058   94  113    0.19658    0.16262  17.3%   802 2980s
 13089  6007    0.18040   51  319    0.19658    0.16262  17.3%   802 2985s
 13109  6019    0.19603   67   96    0.19658    0.16262  17.3%   803 2993s
 13121  6018    0.16325   41  387    0.19658    0.16262  17.3%   802 2996s
 13142  6031     cutoff   59         0.19658    0.16262  17.3%   803 3000s
 13157  6036    0.16369   39  418    0.19658    0.16262  17.3%   804 3005s
 13167  6044    0.16434   45  337    0.19658    0.16262  17.3%   805 3010s
 13187  6062    0.16580   51  323    0.19658    0.16262  17.3%   806 3015s
 13217  6090    0.17044   61  365    0.19658    0.16262  17.3%   806 3020s
 13260  6119    0.16262   38  469    0.19658    0.16262  17.3%   806 3026s
 13269  6128    0.16395   46  347    0.19658    0.16262  17.3%   807 3030s
 13276  6135    0.16400   46  396    0.19658    0.16262  17.3%   808 3035s
 13284  6143    0.16521   53  233    0.19658    0.16262  17.3%   809 3040s
 13300  6157    0.16602   64  226    0.19658    0.16262  17.3%   811 3045s
 13351  6208    0.17991   99  123    0.19658    0.16262  17.3%   810 3050s
 13379  6234    0.18502  111  140    0.19658    0.16262  17.3%   809 3057s
 13412  6249    0.16264   39  363    0.19658    0.16262  17.3%   808 3062s
 13416  6253    0.16264   43  441    0.19658    0.16262  17.3%   809 3065s
 13429  6266    0.16429   56  218    0.19658    0.16262  17.3%   809 3102s
 13433  6270    0.16534   60  111    0.19658    0.16262  17.3%   809 3105s
 13488  6317    0.19578  109  211    0.19658    0.16262  17.3%   807 3110s
 13534  6343    0.18112   51  353    0.19658    0.16262  17.3%   807 3115s
 13559  6360    0.16262   37  483    0.19658    0.16262  17.3%   807 3120s
 13576  6377    0.16502   54  317    0.19658    0.16262  17.3%   808 3125s
 13597  6395    0.19362   74  108    0.19658    0.16262  17.3%   808 3132s
 13628  6412    0.16264   40  411    0.19658    0.16262  17.3%   808 3135s
 13637  6421    0.16373   49  363    0.19658    0.16262  17.3%   810 3141s
 13651  6435    0.16635   63  339    0.19658    0.16262  17.3%   811 3145s
 13702  6468    0.16262   39  393    0.19658    0.16262  17.3%   809 3150s
 13719  6485    0.16621   56  154    0.19658    0.16262  17.3%   809 3155s
 13753  6504    0.16269   37  498    0.19658    0.16262  17.3%   810 3161s
 13759  6510    0.16369   43  399    0.19658    0.16262  17.3%   810 3171s
 13777  6528    0.16608   61  158    0.19658    0.16262  17.3%   810 3175s
 13816  6567    0.16953  100  294    0.19658    0.16262  17.3%   809 3180s
 13849  6583    0.16286   39  365    0.19658    0.16262  17.3%   810 3186s
 13871  6605    0.17324   61  284    0.19658    0.16262  17.3%   810 3190s
 13914  6627    0.16262   37  371    0.19658    0.16262  17.3%   809 3195s
 13924  6637    0.16325   47  373    0.19658    0.16262  17.3%   810 3200s
 13956  6663    0.19115   75  149    0.19658    0.16262  17.3%   809 3205s
 13977  6674    0.16277   46  454    0.19658    0.16262  17.3%   809 3210s
 13998  6695    0.16800   67  182    0.19658    0.16262  17.3%   810 3215s
 14032  6721    0.16262   41  399    0.19658    0.16262  17.3%   810 3221s
 14041  6730    0.16395   45  362    0.19658    0.16262  17.3%   811 3225s
 14052  6741    0.16548   51  186    0.19658    0.16262  17.3%   811 3230s
 14077  6765    0.18472   63  229    0.19658    0.16262  17.3%   812 3235s
 14115  6797    0.18465   82  305    0.19658    0.16262  17.3%   812 3240s
 14167  6811    0.17511   42  398    0.19658    0.16262  17.3%   810 3245s
 14178  6822    0.17670   48  322    0.19658    0.16262  17.3%   811 3250s
 14228  6870    0.18022   85  156    0.19658    0.16262  17.3%   810 3255s
 14294  6899    0.16262   42  454    0.19658    0.16262  17.3%   808 3260s
 14302  6907    0.16395   45  371    0.19658    0.16262  17.3%   809 3265s
 14308  6912    0.16395   48  385    0.19658    0.16262  17.3%   810 3270s
 14315  6919    0.18983   49  398    0.19658    0.16262  17.3%   811 3275s
 14326  6928 infeasible   53         0.19658    0.16262  17.3%   813 3280s
 14344  6942     cutoff   59         0.19658    0.16262  17.3%   814 3285s
 14382  6965    0.19450   76  161    0.19658    0.16262  17.3%   814 3290s
 14401  6974    0.16402   57  358    0.19658    0.16262  17.3%   814 3295s
 14445  7011    0.16273   45  470    0.19658    0.16262  17.3%   813 3300s
 14458  7024    0.16423   58  317    0.19658    0.16262  17.3%   814 3305s
 14484  7050    0.16807   84  119    0.19658    0.16262  17.3%   813 3310s
 14530  7092    0.18970  128  202    0.19658    0.16262  17.3%   812 3315s
 14569  7108    0.19567   59  134    0.19658    0.16262  17.3%   812 3321s
 14589  7116    0.16262   43  408    0.19658    0.16262  17.3%   812 3325s
 14607  7134    0.16480   61  253    0.19658    0.16262  17.3%   813 3330s
 14642  7167 infeasible   96         0.19658    0.16262  17.3%   812 3335s
 14653  7172    0.16372   45  405    0.19658    0.16262  17.3%   813 3341s
 14672  7191    0.16617   64  151    0.19658    0.16262  17.3%   813 3345s
 14696  7207    0.16266   48  385    0.19658    0.16262  17.3%   813 3350s
 14702  7213    0.16371   54  397    0.19658    0.16262  17.3%   814 3355s
 14711  7222    0.16890   63  209    0.19658    0.16262  17.3%   816 3360s
 14749  7238    0.16325   48  363    0.19658    0.16262  17.3%   816 3365s
 14766  7251 infeasible   64         0.19658    0.16262  17.3%   816 3370s
 14786  7263    0.16516   53  294    0.19658    0.16262  17.3%   817 3375s
 14821  7284    0.16266   43  388    0.19658    0.16262  17.3%   816 3381s
 14827  7290    0.16807   49  252    0.19658    0.16262  17.3%   818 3386s
 14836  7299    0.17000   58  254    0.19658    0.16262  17.3%   819 3390s
 14866  7316    0.16268   40  468    0.19658    0.16262  17.3%   819 3396s
 14881  7331    0.16404   52  474    0.19658    0.16262  17.3%   820 3400s
 14912  7360    0.16629   67  152    0.19658    0.16262  17.3%   820 3405s
 14953  7396    0.17605   95  158    0.19658    0.16262  17.3%   819 3410s
 15003  7433    0.19070  125  135    0.19658    0.16262  17.3%   817 3415s
 15021  7439    0.16388   51  368    0.19658    0.16262  17.3%   818 3420s
 15037  7453     cutoff   67         0.19658    0.16262  17.3%   819 3425s
 15059  7472    0.18444   87  247    0.19658    0.16262  17.3%   819 3430s
 15097  7487    0.16267   41  401    0.19658    0.16262  17.3%   819 3435s
 15109  7499    0.16396   53  343    0.19658    0.16262  17.3%   819 3440s
 15139  7527    0.17230   82  200    0.19658    0.16262  17.3%   819 3445s
 15178  7545    0.16337   47  419    0.19658    0.16262  17.3%   819 3450s
 15202  7569    0.16699   71  178    0.19658    0.16262  17.3%   819 3455s
 15231  7586    0.16420   50  328    0.19658    0.16262  17.3%   818 3460s
 15273  7624    0.19256   91  162    0.19658    0.16262  17.3%   818 3465s
 15288  7629    0.16325   46  355    0.19658    0.16262  17.3%   818 3470s

Cutting planes:
  Learned: 32
  Gomory: 10
  Cover: 161
  Implied bound: 417
  Projected implied bound: 112
  Clique: 53
  MIR: 485
  Mixing: 3
  StrongCG: 63
  Flow cover: 1073
  GUB cover: 38
  Zero half: 10
  Network: 85
  RLT: 13
  Relax-and-lift: 211
  BQP: 13

Explored 15303 nodes (12575493 simplex iterations) in 3581.09 seconds (7967.26 work units)
Thread count was 1 (of 20 available processors)

Solution count 10: 0.196584 0.198508 0.199332 ... 0.202422

Time limit reached
Best objective 1.965844724962e-01, best bound 1.626191373480e-01, gap 17.2777%

User-callback calls 488718, time in user-callback 0.34 sec
