
Gurobi 13.0.2 (win64) logging started Sat Aug  8 14:47:15 2026

Set parameter LogFile to value "E:\codes\ExactEBRP\results\gf_c6_documentation_hga_round34\runs\v10__round33_v10_high_imbalance_M1_Q30_seed289447508__c6_hga_light__3600s\native.log"
Set parameter Threads to value 1
Set parameter Presolve to value -1
Set parameter Seed to value 0
Set parameter MIPGap to value 0
Set parameter MIPGapAbs to value 0
Warning: unknown variable 'r_max' in bounds section (line 2880)
Warning: unknown variable 'r_min' in bounds section (line 2881)
Read LP format model from file E:\codes\ExactEBRP\results\gf_c6_documentation_hga_round34\runs\v10__round33_v10_high_imbalance_M1_Q30_seed289447508__c6_hga_light__3600s\external\models\L0.lp
Reading time = 0.01 seconds
obj: 2530 rows, 477 columns, 16870 nonzeros
Set parameter TimeLimit to value 3583.8159789
Warning: unknown variable 'r_max' in bounds section (line 2880)
Warning: unknown variable 'r_min' in bounds section (line 2881)
Read LP format model from file E:\codes\ExactEBRP\results\gf_c6_documentation_hga_round34\runs\v10__round33_v10_high_imbalance_M1_Q30_seed289447508__c6_hga_light__3600s\external\models\L1.lp
Reading time = 0.01 seconds
obj: 2530 rows, 477 columns, 16988 nonzeros
Set parameter TimeLimit to value 3583.7579891
Warning: unknown variable 'r_max' in bounds section (line 2880)
Warning: unknown variable 'r_min' in bounds section (line 2881)
Read LP format model from file E:\codes\ExactEBRP\results\gf_c6_documentation_hga_round34\runs\v10__round33_v10_high_imbalance_M1_Q30_seed289447508__c6_hga_light__3600s\external\models\L2.lp
Reading time = 0.00 seconds
obj: 2530 rows, 477 columns, 16988 nonzeros
Set parameter TimeLimit to value 3583.6985052
Warning: unknown variable 'r_max' in bounds section (line 2881)
Warning: unknown variable 'r_min' in bounds section (line 2882)
Read LP format model from file E:\codes\ExactEBRP\results\gf_c6_documentation_hga_round34\runs\v10__round33_v10_high_imbalance_M1_Q30_seed289447508__c6_hga_light__3600s\external\models\L3.lp
Reading time = 0.00 seconds
obj: 2531 rows, 477 columns, 16900 nonzeros
Set parameter TimeLimit to value 3583.6416234
Warning: unknown variable 'r_max' in bounds section (line 2880)
Warning: unknown variable 'r_min' in bounds section (line 2881)
Read LP format model from file E:\codes\ExactEBRP\results\gf_c6_documentation_hga_round34\runs\v10__round33_v10_high_imbalance_M1_Q30_seed289447508__c6_hga_light__3600s\external\models\L1.0.lp
Reading time = 0.01 seconds
obj: 2530 rows, 477 columns, 16988 nonzeros
Set parameter TimeLimit to value 3583.4638406
Warning: unknown variable 'r_max' in bounds section (line 2880)
Warning: unknown variable 'r_min' in bounds section (line 2881)
Read LP format model from file E:\codes\ExactEBRP\results\gf_c6_documentation_hga_round34\runs\v10__round33_v10_high_imbalance_M1_Q30_seed289447508__c6_hga_light__3600s\external\models\L1.1.lp
Reading time = 0.00 seconds
obj: 2530 rows, 477 columns, 16988 nonzeros
Set parameter TimeLimit to value 3583.4053062
Warning: unknown variable 'r_max' in bounds section (line 2880)
Warning: unknown variable 'r_min' in bounds section (line 2881)
Read LP format model from file E:\codes\ExactEBRP\results\gf_c6_documentation_hga_round34\runs\v10__round33_v10_high_imbalance_M1_Q30_seed289447508__c6_hga_light__3600s\external\models\L2.0.lp
Reading time = 0.01 seconds
obj: 2530 rows, 477 columns, 16988 nonzeros
Set parameter TimeLimit to value 3583.2754755
Warning: unknown variable 'r_max' in bounds section (line 2881)
Warning: unknown variable 'r_min' in bounds section (line 2882)
Read LP format model from file E:\codes\ExactEBRP\results\gf_c6_documentation_hga_round34\runs\v10__round33_v10_high_imbalance_M1_Q30_seed289447508__c6_hga_light__3600s\external\models\L2.1.lp
Reading time = 0.00 seconds
obj: 2531 rows, 477 columns, 16990 nonzeros
Set parameter TimeLimit to value 3583.2147648
