
Gurobi 13.0.2 (win64) logging started Sun Sep 27 05:29:00 2026

Set parameter LogFile to value "E:/codes/ExactEBRP/results/unified_exact_round89/qualification_002/native_toy_receipt.json.backend_lp_negative.gurobi.log"
Gurobi Optimizer version 13.0.2 build v13.0.2rc1 (win64 - Windows 10.0 (19045.2))

CPU model: 12th Gen Intel(R) Core(TM) i7-12700KF, instruction set [SSE2|AVX|AVX2]
Thread count: 12 physical cores, 20 logical processors, using up to 1 threads

Non-default parameters:
TimeLimit  30
MIPGap  0
MIPGapAbs  0
LogToConsole  0
Presolve  0
Threads  1

Optimize a model with 10 rows, 18 columns and 30 nonzeros (Min)
Model fingerprint: 0xc05c033c
Model has 1 linear objective coefficients
Coefficient statistics:
  Matrix range     [1e+00, 2e+00]
  Objective range  [1e+00, 1e+00]
  Bounds range     [1e+00, 2e+00]
  RHS range        [1e+00, 1e+00]


Iteration    Objective       Primal Inf.    Dual Inf.      Time
       0    0.0000000e+00   5.000000e-01   0.000000e+00      0s
       3    0.0000000e+00   0.000000e+00   0.000000e+00      0s

Solved in 3 iterations and 0.00 seconds (0.00 work units)
Optimal objective  0.000000000e+00

User-callback calls 34, time in user-callback 0.00 sec
