
Gurobi 13.0.2 (win64) logging started Sun Aug  9 23:19:51 2026

Set parameter LogFile to value "E:\codes\ExactEBRP\results\gf_simple_start_qualification_round35\runs\matrix1800__round32_multi_m_moderate_V50_M4_seed721910669__c6_simple_start__1800s\native.log"
Set parameter Threads to value 1
Set parameter Presolve to value -1
Set parameter Seed to value 0
Set parameter MIPGap to value 0
Set parameter MIPGapAbs to value 0
Warning: unknown variable 'r_max' in bounds section (line 116824)
Warning: unknown variable 'r_min' in bounds section (line 116825)
Read LP format model from file E:\codes\ExactEBRP\results\gf_simple_start_qualification_round35\runs\matrix1800__round32_multi_m_moderate_V50_M4_seed721910669__c6_simple_start__1800s\external\models\L0.lp
Reading time = 0.24 seconds
obj: 103680 rows, 23591 columns, 719535 nonzeros
Set parameter TimeLimit to value 1783.6931389
Warning: unknown variable 'r_max' in bounds section (line 116824)
Warning: unknown variable 'r_min' in bounds section (line 116825)
Read LP format model from file E:\codes\ExactEBRP\results\gf_simple_start_qualification_round35\runs\matrix1800__round32_multi_m_moderate_V50_M4_seed721910669__c6_simple_start__1800s\external\models\L1.lp
Reading time = 0.24 seconds
obj: 103680 rows, 23591 columns, 720147 nonzeros
Set parameter TimeLimit to value 1777.6081872
Warning: unknown variable 'r_max' in bounds section (line 116824)
Warning: unknown variable 'r_min' in bounds section (line 116825)
Read LP format model from file E:\codes\ExactEBRP\results\gf_simple_start_qualification_round35\runs\matrix1800__round32_multi_m_moderate_V50_M4_seed721910669__c6_simple_start__1800s\external\models\L0.0.lp
Reading time = 0.24 seconds
obj: 103680 rows, 23591 columns, 719535 nonzeros
Set parameter TimeLimit to value 985.6130854
Warning: unknown variable 'r_max' in bounds section (line 116824)
Warning: unknown variable 'r_min' in bounds section (line 116825)
Read LP format model from file E:\codes\ExactEBRP\results\gf_simple_start_qualification_round35\runs\matrix1800__round32_multi_m_moderate_V50_M4_seed721910669__c6_simple_start__1800s\external\models\L0.1.lp
Reading time = 0.24 seconds
obj: 103680 rows, 23591 columns, 720147 nonzeros
Set parameter TimeLimit to value 973.6915934
Warning: unknown variable 'r_max' in bounds section (line 116824)
Warning: unknown variable 'r_min' in bounds section (line 116825)
Read LP format model from file E:\codes\ExactEBRP\results\gf_simple_start_qualification_round35\runs\matrix1800__round32_multi_m_moderate_V50_M4_seed721910669__c6_simple_start__1800s\external\models\L2.lp
Reading time = 0.24 seconds
obj: 103680 rows, 23591 columns, 720147 nonzeros
Set parameter TimeLimit to value 536.2091535
Warning: unknown variable 'r_max' in bounds section (line 116824)
Warning: unknown variable 'r_min' in bounds section (line 116825)
Read LP format model from file E:\codes\ExactEBRP\results\gf_simple_start_qualification_round35\runs\matrix1800__round32_multi_m_moderate_V50_M4_seed721910669__c6_simple_start__1800s\external\models\L1.0.lp
Reading time = 0.24 seconds
obj: 103680 rows, 23591 columns, 720147 nonzeros
Set parameter TimeLimit to value 530.4459852
Warning: unknown variable 'r_max' in bounds section (line 116824)
Warning: unknown variable 'r_min' in bounds section (line 116825)
Read LP format model from file E:\codes\ExactEBRP\results\gf_simple_start_qualification_round35\runs\matrix1800__round32_multi_m_moderate_V50_M4_seed721910669__c6_simple_start__1800s\external\models\L1.1.lp
Reading time = 0.24 seconds
obj: 103680 rows, 23591 columns, 720147 nonzeros
Set parameter TimeLimit to value 523.5504799
