
Gurobi 13.0.2 (win64) logging started Thu Oct  1 22:50:35 2026

Set parameter LogFile to value "E:\codes\ExactEBRP\results\unified_exact_round99\factorial01\raw\16_R98-C2_ENS-C\external\native_logs\L0_terminal_mip.gurobi.log"
Set parameter TimeLimit to value 1781.9853356
Gurobi Optimizer version 13.0.2 build v13.0.2rc1 (win64 - Windows 10.0 (19045.2))

CPU model: 12th Gen Intel(R) Core(TM) i7-12700KF, instruction set [SSE2|AVX|AVX2]
Thread count: 12 physical cores, 20 logical processors, using up to 1 threads

Non-default parameters:
TimeLimit  1781.9853356
MIPGap  0
MIPGapAbs  0
LogToConsole  0
Threads  1

Optimize a model with 31081 rows, 8871 columns and 192786 nonzeros (Min)
Model fingerprint: 0x90c0e91a
Model has 31 linear objective coefficients
Variable types: 4505 continuous, 4366 integer (4066 binary)
Coefficient statistics:
  Matrix range     [4e-02, 2e+04]
  Objective range  [4e-02, 1e+00]
  Bounds range     [4e-01, 1e+03]
  RHS range        [4e-01, 7e+04]

Loaded user MIP start with objective 0.391621
Loaded MIP start from previous solve with objective 0.391621

Presolve removed 7439 rows and 32 columns
Presolve time: 0.47s
Presolved: 23642 rows, 8839 columns, 210133 nonzeros
Variable types: 4038 continuous, 4801 integer (4066 binary)

Root relaxation: objective 1.612361e-01, 7833 iterations, 0.50 seconds (1.36 work units)

    Nodes    |    Current Node    |     Objective Bounds      |     Work
 Expl Unexpl |  Obj  Depth IntInf | Incumbent    BestBd   Gap | It/Node Time

     0     0    0.16124    0  330    0.39162    0.16124  58.8%     -    1s
     0     0    0.18272    0  463    0.39162    0.18272  53.3%     -    3s
     0     0    0.18874    0  350    0.39162    0.18874  51.8%     -    4s
     0     0    0.18874    0  350    0.39162    0.18874  51.8%     -    4s
     0     0    0.18874    0  365    0.39162    0.18874  51.8%     -    5s
     0     0    0.18874    0  336    0.39162    0.18874  51.8%     -    5s
     0     0    0.18875    0  384    0.39162    0.18875  51.8%     -    6s
     0     0    0.18875    0  400    0.39162    0.18875  51.8%     -    7s
     0     0    0.18875    0  486    0.39162    0.18875  51.8%     -    8s
     0     0    0.18875    0  446    0.39162    0.18875  51.8%     -    9s
     0     0    0.18875    0  402    0.39162    0.18875  51.8%     -   10s
     0     0    0.18875    0  402    0.39162    0.18875  51.8%     -   11s
     0     0    0.18875    0  398    0.39162    0.18875  51.8%     -   11s
     0     2    0.18875    0  397    0.39162    0.18875  51.8%     -   13s
H    2     2                       0.3861882    0.18875  51.1%   649   14s
H    2     2                       0.3856077    0.18875  51.1%   649   14s
H    2     2                       0.3675965    0.18875  48.7%   649   15s
H    2     2                       0.3674333    0.18875  48.6%   649   15s
H    2     2                       0.3673655    0.18875  48.6%   649   15s
H    2     2                       0.3673376    0.18875  48.6%   649   15s
H    4     4                       0.3651576    0.18875  48.3%  1090   18s
H    4     4                       0.3567073    0.18875  47.1%  1090   18s
H    4     4                       0.3563437    0.18875  47.0%  1090   18s
H    4     4                       0.3497186    0.18875  46.0%  1090   18s
     8    10    0.18924    5  306    0.34972    0.18875  46.0%  1362   20s
H   12    12                       0.3397530    0.18875  44.4%  1351   21s
H   12    12                       0.3382531    0.18875  44.2%  1351   21s
H   12    12                       0.3370828    0.18875  44.0%  1351   21s
H   12    12                       0.3369411    0.18875  44.0%  1351   21s
H   12    12                       0.3369233    0.18875  44.0%  1351   21s
H   26    24                       0.3336765    0.18875  43.4%   945   24s
H   29    27                       0.3334241    0.18875  43.4%   964   24s
    30    30    0.18964   18  137    0.33342    0.18875  43.4%   973   25s
   166   160    0.19093  128  131    0.33342    0.18875  43.4%   409   30s
H  170   162                       0.3171021    0.18875  40.5%   407   31s
H  170   162                       0.3166739    0.18875  40.4%   407   31s
H  170   162                       0.3164118    0.18875  40.3%   407   32s
H  170   162                       0.3159702    0.18875  40.3%   407   32s
H  170   162                       0.2948006    0.18875  36.0%   407   33s
H  170   162                       0.2783021    0.18875  32.2%   407   33s
   170   164    0.19500  130  360    0.27830    0.18875  32.2%   415   35s
   182   174    0.19093  139  147    0.27830    0.18875  32.2%   407   40s
   279   255    0.19132   20  237    0.27830    0.18875  32.2%   410   45s
   349   321    0.19253   72  144    0.27830    0.18875  32.2%   463   50s
   484   430    0.18935    2  353    0.27830    0.18902  32.1%   421   55s
H  490   434                       0.2775888    0.18902  31.9%   432   57s
   515   461    0.19102   30  284    0.27759    0.18902  31.9%   445   60s
   527   473    0.19156   41  275    0.27759    0.18902  31.9%   445   65s
   545   490    0.19209   27  398    0.27759    0.18902  31.9%   438   71s
H  546   466                       0.2696815    0.18902  29.9%   438   73s
H  546   443                       0.2696705    0.18902  29.9%   438   73s
H  547   420                       0.2696557    0.18902  29.9%   437   75s
   550   422    0.18985   15  477    0.26966    0.18902  29.9%   434   80s
   553   424    0.19823  117  522    0.26966    0.18902  29.9%   432   86s
   554   425    0.19224   31  568    0.26966    0.18902  29.9%   431   90s
   556   426    0.19892  125  554    0.26966    0.18902  29.9%   430   95s
H  557   406                       0.2689414    0.18902  29.7%   429  100s
H  557   385                       0.2612198    0.18902  27.6%   429  101s
   560   387    0.19093  108  600    0.26122    0.18902  27.6%   427  108s
   561   388    0.18936    7  577    0.26122    0.18902  27.6%   426  110s
   563   389    0.20633  146  585    0.26122    0.18902  27.6%   424  116s
   565   390    0.20753  149  580    0.26122    0.18902  27.6%   423  121s
   566   391    0.19051   13  587    0.26122    0.18902  27.6%   422  125s
   568   392    0.23479  148  582    0.26122    0.18902  27.6%   421  132s
   569   395    0.18942   14  462    0.26122    0.18902  27.6%   638  138s
H  570   374                       0.2592476    0.18902  27.1%   637  140s
H  571   355                       0.2587903    0.18942  26.8%   649  143s
   572   358    0.19003   15  361    0.25879    0.18958  26.7%   664  145s
   575   360    0.19049   17  350    0.25879    0.18958  26.7%   683  152s
   578   362    0.19049   18  349    0.25879    0.18958  26.7%   694  155s
   588   369    0.19108   23  346    0.25879    0.18958  26.7%   714  160s
   598   375    0.19177   28  357    0.25879    0.18958  26.7%   725  165s
   624   393    0.20622   41  140    0.25879    0.18958  26.7%   721  170s
   655   411    0.19354   57  209    0.25879    0.18958  26.7%   714  175s
   689   424    0.19358   75  109    0.25879    0.18958  26.7%   703  180s
   722   435    0.19374   94  195    0.25879    0.18958  26.7%   690  185s
   739   444    0.19505  103  260    0.25879    0.18958  26.7%   695  190s
   766   450    0.21918  118  314    0.25879    0.18958  26.7%   686  195s
   782   449    0.19009   15  487    0.25879    0.18958  26.7%   682  200s
   790   454    0.19013   19  473    0.25879    0.18958  26.7%   695  205s
   801   462    0.19013   25  376    0.25879    0.18958  26.7%   708  210s
   809   467    0.19013   29  359    0.25879    0.18958  26.7%   711  215s
   830   481    0.21651   39  316    0.25879    0.18958  26.7%   721  220s
   852   494    0.20266   50  289    0.25879    0.18958  26.7%   723  225s
   876   507    0.19343   62  371    0.25879    0.18958  26.7%   728  230s
   902   524    0.23190   75  219    0.25879    0.18958  26.7%   726  235s
   924   538    0.19294   86  180    0.25879    0.18958  26.7%   726  240s
   946   548    0.19418   97  202    0.25879    0.18958  26.7%   723  245s
   976   564    0.19451  112   90    0.25879    0.18958  26.7%   716  251s
  1001   575    0.19451  125  108    0.25879    0.18958  26.7%   712  255s
  1032   580    0.25391  140  225    0.25879    0.18958  26.7%   713  260s
  1072   581    0.24026  161  237    0.25879    0.18958  26.7%   710  265s
  1158   605    0.23370  208  214    0.25879    0.18958  26.7%   665  270s
  1195   604    0.18965   16  482    0.25879    0.18964  26.7%   651  275s
  1202   609    0.18965   19  433    0.25879    0.18965  26.7%   661  280s
H 1207   572                       0.2517312    0.18965  24.7%   664  287s
H 1207   522                       0.2434722    0.18965  22.1%   664  289s
  1207   524    0.18965   22  436    0.24347    0.18965  22.1%   667  298s
  1210   526    0.18965   23  469    0.24347    0.18965  22.1%   670  300s
  1220   533    0.19069   28  464    0.24347    0.18965  22.1%   677  305s
  1232   541    0.18979   34  356    0.24347    0.18965  22.1%   681  310s
  1246   550    0.19072   41  318    0.24347    0.18965  22.1%   690  315s
  1269   565    0.19147   53  246    0.24347    0.18965  22.1%   692  320s
  1294   573    0.19222   66  206    0.24347    0.18965  22.1%   692  325s
  1322   590    0.19281   80  129    0.24347    0.18965  22.1%   689  330s
  1348   597    0.19291   93  151    0.24347    0.18965  22.1%   690  335s
  1384   612    0.19727  111  259    0.24347    0.18965  22.1%   682  340s
  1419   631    0.22292  128  170    0.24347    0.18965  22.1%   675  345s
  1458   645    0.20930  148  157    0.24347    0.18965  22.1%   664  350s
  1474   642    0.18965   17  545    0.24347    0.18965  22.1%   663  355s
  1481   647    0.18969   21  412    0.24347    0.18965  22.1%   672  360s
  1488   652    0.18969   24  441    0.24347    0.18965  22.1%   679  365s
  1500   660    0.18969   30  500    0.24347    0.18965  22.1%   685  370s
  1508   665    0.18972   34  482    0.24347    0.18965  22.1%   694  375s
  1513   668    0.19077   37  371    0.24347    0.18965  22.1%   700  384s
  1516   670    0.18988   38  409    0.24347    0.18965  22.1%   701  385s
  1530   682    0.19167   45  333    0.24347    0.18965  22.1%   707  390s
  1560   709    0.20111   60  287    0.24347    0.18965  22.1%   704  395s
  1622   758    0.20604   92  204    0.24347    0.18965  22.1%   687  400s
  1651   760    0.19119   18  455    0.24347    0.18965  22.1%   682  405s
  1655   764    0.18973   20  412    0.24347    0.18965  22.1%   691  410s
  1666   775    0.18973   25  431    0.24347    0.18965  22.1%   696  415s
  1678   787    0.18973   31  413    0.24347    0.18965  22.1%   703  420s
  1689   798    0.18985   37  418    0.24347    0.18965  22.1%   708  425s
  1703   812    0.19035   44  374    0.24347    0.18965  22.1%   713  430s
  1718   827    0.19186   51  302    0.24347    0.18965  22.1%   717  435s
  1741   850    0.19254   63  217    0.24347    0.18965  22.1%   718  440s
  1775   874    0.19361   80  219    0.24347    0.18965  22.1%   714  445s
  1825   905    0.22296  107  300    0.24347    0.18965  22.1%   702  450s
  1854   916    0.18973   21  489    0.24347    0.18965  22.1%   697  456s
  1857   919    0.18978   23  522    0.24347    0.18965  22.1%   705  460s
  1860   921    0.19043   24  507    0.24347    0.18965  22.1%   722  467s
  1866   927    0.18980   27  522    0.24347    0.18965  22.1%   725  470s
  1875   936    0.18980   32  464    0.24347    0.18965  22.1%   729  475s
  1888   949    0.19321   38  383    0.24347    0.18965  22.1%   733  480s
  1906   966    0.19142   48  355    0.24347    0.18965  22.1%   737  485s
  1921   981    0.19543   55  313    0.24347    0.18965  22.1%   741  490s
  1930   988    0.19213   60  316    0.24347    0.18965  22.1%   744  495s
  1951  1005    0.19301   70  325    0.24347    0.18965  22.1%   743  500s
  1975  1023    0.19600   83  272    0.24347    0.18965  22.1%   739  511s
  2013  1044     cutoff  103         0.24347    0.18965  22.1%   730  515s
  2071  1063    0.18973   21  506    0.24347    0.18965  22.1%   716  520s
  2076  1068    0.18983   24  462    0.24347    0.18965  22.1%   723  525s
  2083  1075    0.18983   27  488    0.24347    0.18965  22.1%   731  531s
  2086  1077    0.19033   29  468    0.24347    0.18965  22.1%   740  536s
  2093  1084    0.19032   32  428    0.24347    0.18965  22.1%   745  540s
  2103  1094    0.19233   37  435    0.24347    0.18965  22.1%   754  546s
  2109  1100    0.19294   40  468    0.24347    0.18965  22.1%   759  550s
  2127  1117    0.19325   49  388    0.24347    0.18965  22.1%   758  555s
  2151  1141    0.19562   61  377    0.24347    0.18965  22.1%   754  560s
  2187  1176    0.19996   79  212    0.24347    0.18965  22.1%   749  565s
H 2192  1179                       0.2431501    0.18965  22.0%   748  565s
H 2195  1182                       0.2430904    0.18965  22.0%   747  565s
  2219  1191    0.18973   26  540    0.24309    0.18965  22.0%   744  571s
  2225  1197    0.18994   29  408    0.24309    0.18965  22.0%   748  575s
  2239  1211    0.20692   36  427    0.24309    0.18965  22.0%   753  580s
  2245  1217    0.21061   39  416    0.24309    0.18965  22.0%   756  585s
  2255  1226    0.19022   44  413    0.24309    0.18965  22.0%   761  590s
  2265  1236    0.19015   49  430    0.24309    0.18965  22.0%   767  595s
  2277  1248    0.19453   55  370    0.24309    0.18965  22.0%   772  600s
  2296  1267    0.19139   65  303    0.24309    0.18965  22.0%   773  605s
  2333  1289    0.23024   83  371    0.24309    0.18965  22.0%   769  610s
  2364  1315    0.20275   99  243    0.24309    0.18965  22.0%   767  615s
  2403  1345    0.22621  118  279    0.24309    0.18965  22.0%   769  621s
  2430  1361    0.20187  132  191    0.24309    0.18965  22.0%   766  625s
  2487  1398    0.21203  161  243    0.24309    0.18965  22.0%   756  630s
  2536  1417    0.18975   26  566    0.24309    0.18965  22.0%   749  636s
  2540  1421    0.18982   30  523    0.24309    0.18965  22.0%   754  640s
  2547  1428    0.18985   34  509    0.24309    0.18965  22.0%   760  645s
  2558  1439    0.19042   42  466    0.24309    0.18965  22.0%   762  650s
  2577  1458    0.19224   54  400    0.24309    0.18965  22.0%   762  655s
  2628  1508    0.19762   87  283    0.24309    0.18965  22.0%   752  660s
  2713  1589    0.20285  141  182    0.24309    0.18965  22.0%   732  665s
  2751  1614    0.18993   29  458    0.24309    0.18965  22.0%   727  670s
  2762  1625    0.19171   39  415    0.24309    0.18965  22.0%   731  675s
H 2763  1624                       0.2429992    0.18965  22.0%   731  682s
H 2763  1619                       0.2425112    0.18965  21.8%   731  684s
H 2763  1616                       0.2424204    0.18965  21.8%   731  685s
  2789  1644    0.19331   62  401    0.24242    0.18965  21.8%   730  690s
  2827  1682    0.19851   88  275    0.24242    0.18965  21.8%   725  695s
  2883  1736    0.21196  126  130    0.24242    0.18965  21.8%   715  700s
  2935  1779     cutoff  167         0.24242    0.18965  21.8%   708  705s
  2958  1787    0.22724  180  131    0.24242    0.18965  21.8%   706  718s
  2991  1808    0.22246  202  116    0.24242    0.18965  21.8%   699  720s
  3022  1817    0.18977   29  542    0.24242    0.18965  21.8%   698  725s
  3032  1827    0.19212   39  430    0.24242    0.18965  21.8%   702  730s
  3050  1845    0.19401   54  384    0.24242    0.18965  21.8%   705  735s
  3095  1890    0.19660   82  247    0.24242    0.18965  21.8%   700  740s
  3140  1928    0.20455  109  250    0.24242    0.18965  21.8%   696  745s
  3184  1951    0.19012   25  528    0.24242    0.18965  21.8%   692  750s
  3189  1956    0.19094   29  512    0.24242    0.18965  21.8%   697  755s
  3212  1979    0.19323   50  300    0.24242    0.18965  21.8%   698  760s
  3233  2000    0.20365   66  420    0.24242    0.18965  21.8%   700  765s
  3277  2044    0.19986  100  207    0.24242    0.18965  21.8%   695  770s
  3352  2113    0.23590  131   89    0.24242    0.18965  21.8%   686  775s
  3374  2114    0.19011   29  528    0.24242    0.18965  21.8%   686  780s
  3380  2120    0.19125   33  449    0.24242    0.18965  21.8%   692  785s
  3389  2128    0.19515   38  377    0.24242    0.18965  21.8%   695  790s
  3415  2154    0.19712   56  257    0.24242    0.18965  21.8%   696  795s
  3444  2183    0.20447   75  121    0.24242    0.18965  21.8%   694  800s
  3504  2217    0.18995   23  524    0.24242    0.18965  21.8%   689  807s
  3512  2225    0.19301   30  528    0.24242    0.18965  21.8%   689  810s
  3521  2234    0.19586   37  386    0.24242    0.18965  21.8%   694  815s
  3533  2246    0.19729   43  301    0.24242    0.18965  21.8%   698  820s
  3571  2284    0.20159   67  212    0.24242    0.18965  21.8%   696  825s
  3625  2326    0.22137   91  142    0.24242    0.18965  21.8%   689  830s
  3666  2334    0.18973   23  541    0.24242    0.18965  21.8%   685  836s
  3671  2339    0.18984   28  515    0.24242    0.18965  21.8%   688  840s
  3675  2343    0.19091   31  506    0.24242    0.18965  21.8%   697  847s
  3680  2348    0.19093   35  449    0.24242    0.18965  21.8%   699  850s
  3693  2361    0.19239   43  377    0.24242    0.18965  21.8%   701  855s
  3724  2392    0.19498   63  345    0.24242    0.18965  21.8%   700  860s
  3774  2442    0.22152   89  438    0.24242    0.18965  21.8%   695  865s
  3837  2468    0.18979   24  543    0.24242    0.18965  21.8%   688  870s
  3845  2476    0.19119   32  471    0.24242    0.18965  21.8%   692  875s
  3863  2494    0.19341   45  430    0.24242    0.18965  21.8%   693  880s
  3899  2530    0.20232   68  340    0.24242    0.18965  21.8%   692  885s
  3941  2568    0.21191   99  287    0.24242    0.18965  21.8%   687  904s
  3942  2569    0.22119   97  237    0.24242    0.18965  21.8%   687  905s
  4008  2609    0.18974   24  501    0.24242    0.18965  21.8%   682  912s
  4011  2612    0.19022   27  514    0.24242    0.18965  21.8%   685  915s
  4019  2620    0.19088   35  390    0.24242    0.18965  21.8%   689  920s
  4046  2646    0.23072   62  277    0.24242    0.18965  21.8%   688  925s
  4057  2648    0.18973   21  600    0.24242    0.18965  21.8%   689  930s
  4065  2656    0.18997   29  446    0.24242    0.18965  21.8%   693  935s
H 4067  2465                       0.2340694    0.18965  19.0%   693  941s
  4067  2465 infeasible   31         0.23407    0.18965  19.0%   694  973s
  4069  2467    0.19064   32  484    0.23407    0.18965  19.0%   696  976s
  4075  2473    0.19070   38  397    0.23407    0.18965  19.0%   698  980s
  4089  2487    0.19165   52  386    0.23407    0.18965  19.0%   701  985s
  4119  2516    0.21775   82  384    0.23407    0.18965  19.0%   700  990s
  4150  2527    0.18973   20  642    0.23407    0.18965  19.0%   699 1000s
  4154  2531    0.18999   22  522    0.23407    0.18965  19.0%   703 1005s
  4158  2535    0.19023   24  443    0.23407    0.18965  19.0%   707 1010s
  4165  2542    0.19110   28  331    0.23407    0.18965  19.0%   710 1015s
  4180  2557    0.19143   35  354    0.23407    0.18965  19.0%   712 1020s
  4194  2571    0.19324   42  423    0.23407    0.18965  19.0%   715 1025s
  4228  2591    0.18974   19  600    0.23407    0.18965  19.0%   714 1032s
  4232  2595    0.18975   23  489    0.23407    0.18965  19.0%   716 1035s
  4238  2601    0.19263   29  464    0.23407    0.18965  19.0%   719 1040s
  4270  2625    0.18974   19  528    0.23407    0.18965  19.0%   719 1047s
  4275  2630    0.18998   24  451    0.23407    0.18965  19.0%   720 1050s
  4286  2641    0.19064   35  421    0.23407    0.18965  19.0%   722 1055s
  4297  2652    0.19092   46  360    0.23407    0.18965  19.0%   725 1060s
  4321  2676    0.19275   70  267    0.23407    0.18965  19.0%   724 1065s
  4332  2687    0.19450   81  300    0.23407    0.18965  19.0%   726 1070s
H 4355  2686                       0.2326725    0.18965  18.5%   724 1073s
  4394  2712    0.22940  143  184    0.23267    0.18965  18.5%   718 1075s
  4406  2714    0.18974   19  614    0.23267    0.18965  18.5%   718 1080s
  4412  2720    0.18974   23  456    0.23267    0.18965  18.5%   722 1085s
  4420  2728    0.19021   28  450    0.23267    0.18965  18.5%   725 1091s
  4425  2733    0.19110   32  394    0.23267    0.18965  18.5%   726 1095s
  4436  2743    0.19102   38  439    0.23267    0.18965  18.5%   729 1100s
  4458  2765    0.19211   55  289    0.23267    0.18965  18.5%   729 1105s
  4508  2813    0.21417   82  206    0.23267    0.18965  18.5%   724 1110s
  4556  2830    0.18974   18  680    0.23267    0.18965  18.5%   720 1115s
  4561  2835    0.18998   23  467    0.23267    0.18965  18.5%   722 1120s
  4568  2842    0.18998   30  466    0.23267    0.18965  18.5%   725 1125s
  4574  2848    0.19064   36  440    0.23267    0.18965  18.5%   727 1130s
  4581  2855    0.19118   43  385    0.23267    0.18965  18.5%   729 1135s
  4595  2867     cutoff   57         0.23267    0.18965  18.5%   732 1140s
  4637  2889    0.18994   30  528    0.23267    0.18965  18.5%   731 1146s
  4646  2898    0.19134   39  399    0.23267    0.18965  18.5%   733 1150s
  4702  2952    0.22996   94  160    0.23267    0.18965  18.5%   729 1155s
  4733  2975    0.19259   45  397    0.23267    0.18965  18.5%   728 1160s
  4784  3024    0.22683   95  323    0.23267    0.18965  18.5%   724 1165s
  4834  3062    0.19809   46  315    0.23267    0.18965  18.5%   720 1170s
  4871  3078    0.19031   37  469    0.23267    0.18969  18.5%   719 1175s
  4885  3092    0.22823   51  340    0.23267    0.18969  18.5%   722 1180s
  4905  3104    0.18975   20  470    0.23267    0.18969  18.5%   722 1185s
  4912  3111    0.18976   27  531    0.23267    0.18969  18.5%   724 1190s
  4917  3116    0.18984   32  510    0.23267    0.18969  18.5%   727 1195s
  4924  3123    0.19253   39  523    0.23267    0.18969  18.5%   729 1215s
  4941  3139    0.21254   56  286    0.23267    0.18969  18.5%   730 1220s
  4972  3149    0.18974   19  581    0.23267    0.18969  18.5%   729 1226s
  4975  3152    0.18974   22  465    0.23267    0.18969  18.5%   731 1230s
  4981  3158    0.18998   28  474    0.23267    0.18969  18.5%   733 1238s
  4985  3162    0.18998   32  408    0.23267    0.18969  18.5%   734 1241s
  4990  3167    0.19064   37  389    0.23267    0.18969  18.5%   735 1245s
  5000  3177    0.19301   47  358    0.23267    0.18969  18.5%   737 1250s
  5027  3204    0.22739   74  330    0.23267    0.18969  18.5%   737 1255s
  5047  3210    0.19077   26  420    0.23267    0.18969  18.5%   738 1260s
  5066  3229    0.19484   45  345    0.23267    0.18969  18.5%   739 1265s
  5102  3262    0.22272  102  398    0.23267    0.18969  18.5%   735 1279s
  5104  3263    0.19681   52  338    0.23267    0.18969  18.5%   735 1282s
  5105  3264    0.19727   93  374    0.23267    0.18969  18.5%   735 1286s
  5107  3265    0.20503   61  390    0.23267    0.18969  18.5%   735 1295s
  5109  3267    0.20604   93  417    0.23267    0.18969  18.5%   734 1302s
  5110  3267    0.20828   48  571    0.23267    0.18969  18.5%   734 1305s
  5112  3269    0.22641  137  506    0.23267    0.18969  18.5%   734 1311s
  5114  3270    0.20252   53  573    0.23267    0.18969  18.5%   734 1316s
  5115  3271    0.22243  196  411    0.23267    0.18969  18.5%   734 1325s
  5117  3272    0.19015   50  391    0.23267    0.18969  18.5%   733 1333s
  5118  3273    0.18974   19  469    0.23267    0.18969  18.5%   733 1335s
  5120  3274    0.19153   43  515    0.23267    0.18969  18.5%   733 1342s
  5121  3275    0.18975   24  560    0.23267    0.18969  18.5%   733 1345s
  5123  3276    0.19667   66  394    0.23267    0.18969  18.5%   732 1352s
  5124  3277    0.20369   43  379    0.23267    0.18969  18.5%   732 1357s
  5126  3280    0.18969   27  393    0.23267    0.18969  18.5%   773 1361s
  5133  3284    0.18969   30  484    0.23267    0.18969  18.5%   776 1365s
  5141  3289    0.18975   34  312    0.23267    0.18969  18.5%   778 1370s
  5152  3296    0.19074   40  325    0.23267    0.18969  18.5%   781 1375s
  5176  3312    0.19305   52  130    0.23267    0.18969  18.5%   781 1380s
  5200  3324    0.19307   64  109    0.23267    0.18969  18.5%   780 1385s
  5233  3339    0.19384   80  123    0.23267    0.18969  18.5%   779 1391s
  5261  3350    0.19384   94   75    0.23267    0.18969  18.5%   778 1395s
H 5281  3194                       0.2323678    0.18969  18.4%   778 1398s
  5287  3200    0.19384  107  121    0.23237    0.18969  18.4%   778 1403s
  5301  3210    0.19384  114  110    0.23237    0.18969  18.4%   777 1405s
  5329  3210    0.18969   30  385    0.23237    0.18969  18.4%   777 1411s
  5333  3213    0.19075   32  377    0.23237    0.18969  18.4%   780 1416s
H 5341  3059                       0.2321765    0.18969  18.3%   781 1420s
  5347  3065    0.19273   39  300    0.23218    0.18969  18.3%   785 1425s
  5366  3078    0.19253   49  220    0.23218    0.18969  18.3%   785 1430s
  5397  3093     cutoff   64         0.23218    0.18969  18.3%   784 1435s
  5427  3097     cutoff   79         0.23218    0.18969  18.3%   784 1440s
H 5437  2947                       0.2270819    0.18969  16.5%   784 1442s
  5448  2957    0.19373   90   86    0.22708    0.18969  16.5%   784 1445s
  5477  2964    0.19373  104  120    0.22708    0.18969  16.5%   784 1450s
  5500  2974    0.19373  116  122    0.22708    0.18969  16.5%   783 1455s
  5536  2971    0.18969   30  525    0.22708    0.18969  16.5%   782 1462s
  5538  2973    0.18969   31  516    0.22708    0.18969  16.5%   783 1465s
H 5541  2809                       0.2183808    0.18969  13.1%   784 1471s
H 5541  2670                       0.2169307    0.18969  12.6%   784 1471s
  5541  2672    0.19013   33  380    0.21693    0.18969  12.6%   786 1479s
  5542  2672    0.19032   33  419    0.21693    0.18969  12.6%   786 1480s
  5550  2678    0.19091   37  455    0.21693    0.18969  12.6%   789 1486s
  5560  2682    0.19236   42  292    0.21693    0.18969  12.6%   789 1490s
  5581  2694    0.19226   53  281    0.21693    0.18969  12.6%   789 1495s
  5598  2704    0.19266   61  238    0.21693    0.18969  12.6%   790 1500s
  5618  2715    0.20136   71  221    0.21693    0.18969  12.6%   790 1505s
  5661  2723    0.21512   97  199    0.21693    0.18969  12.6%   789 1510s
  5690  2732    0.19357  116  201    0.21693    0.18969  12.6%   789 1515s
  5707  2738     cutoff  124         0.21693    0.18969  12.6%   792 1520s
  5725  2743    0.20415  133  363    0.21693    0.18969  12.6%   794 1525s
  5738  2739    0.19075   32  415    0.21693    0.18969  12.6%   796 1531s
  5742  2742    0.19076   34  393    0.21693    0.18969  12.6%   799 1535s
  5750  2747    0.19257   38  351    0.21693    0.18969  12.6%   802 1540s
  5764  2755    0.19345   46  318    0.21693    0.18969  12.6%   803 1545s
  5774  2762    0.19419   51  309    0.21693    0.18969  12.6%   804 1550s
  5794  2768    0.19955   61  195    0.21693    0.18969  12.6%   804 1555s
  5810  2774     cutoff   69         0.21693    0.18969  12.6%   805 1560s
  5826  2777     cutoff   77         0.21693    0.18969  12.6%   807 1565s
  5853  2778    0.19517   91  117    0.21693    0.18969  12.6%   806 1570s
  5881  2790    0.19580  106  278    0.21693    0.18969  12.6%   808 1575s
  5907  2805    0.20432  119  297    0.21693    0.18969  12.6%   810 1580s
  5960  2822    0.20853  147  144    0.21693    0.18969  12.6%   806 1585s
  5977  2812    0.18969   32  528    0.21693    0.18969  12.6%   806 1590s
  5981  2815    0.18969   34  491    0.21693    0.18969  12.6%   812 1596s
  5982  2816    0.18969   35  466    0.21693    0.18969  12.6%   813 1601s
  5985  2818    0.19021   36  430    0.21693    0.18969  12.6%   816 1606s
  5988  2820    0.19096   38  383    0.21693    0.18969  12.6%   817 1610s
  5991  2822    0.19071   39  573    0.21693    0.18969  12.6%   819 1618s
  5993  2823    0.19071   40  463    0.21693    0.18969  12.6%   822 1620s
  6001  2828    0.19173   44  317    0.21693    0.18969  12.6%   824 1625s
  6009  2834    0.19245   48  283    0.21693    0.18969  12.6%   827 1630s
  6027  2845    0.19304   58  217    0.21693    0.18969  12.6%   826 1635s
  6045  2854    0.19343   67  148    0.21693    0.18969  12.6%   827 1641s
  6054  2860    0.19343   71  220    0.21693    0.18969  12.6%   828 1645s
  6070  2870    0.20364   79  233    0.21693    0.18969  12.6%   828 1650s
  6100  2874    0.21332   94  183    0.21693    0.18969  12.6%   827 1656s
  6102  2874    0.18969   32  646    0.21693    0.18969  12.6%   828 1662s
  6105  2876    0.19070   34  524    0.21693    0.18969  12.6%   831 1668s
  6107  2877    0.18982   35  411    0.21693    0.18969  12.6%   833 1670s
  6114  2882    0.19259   38  344    0.21693    0.18969  12.6%   836 1675s
  6134  2893    0.19460   48  223    0.21693    0.18969  12.6%   836 1680s
  6154  2904    0.19491   58  202    0.21693    0.18969  12.6%   836 1685s
  6176  2915    0.19500   69  202    0.21693    0.18969  12.6%   836 1690s
  6196  2924    0.19625   79  320    0.21693    0.18969  12.6%   836 1695s
  6216  2932     cutoff   89         0.21693    0.18969  12.6%   836 1700s
  6247  2943    0.20235  106  326    0.21693    0.18969  12.6%   834 1705s
  6260  2940    0.18969   34  577    0.21693    0.18969  12.6%   834 1725s
  6262  2941    0.18969   35  479    0.21693    0.18969  12.6%   835 1730s
  6265  2943    0.18969   37  461    0.21693    0.18969  12.6%   837 1735s
  6271  2947    0.19074   40  518    0.21693    0.18969  12.6%   841 1741s
  6279  2953    0.19240   44  346    0.21693    0.18969  12.6%   842 1745s
  6285  2957    0.19287   47  225    0.21693    0.18969  12.6%   845 1750s
  6296  2963    0.19309   52  342    0.21693    0.18969  12.6%   846 1755s
  6314  2973    0.19320   61  271    0.21693    0.18969  12.6%   847 1760s
  6322  2976    0.19320   65  314    0.21693    0.18969  12.6%   847 1765s
  6334  2984    0.19373   71  308    0.21693    0.18969  12.6%   849 1770s
  6350  2992    0.19619   80  366    0.21693    0.18969  12.6%   849 1775s
  6369  2992     cutoff   89         0.21693    0.18969  12.6%   850 1780s
H 6370  2863                       0.2169154    0.18969  12.6%   850 1780s
H 6370  2743                       0.2168742    0.18969  12.5%   850 1780s
H 6370  2627                       0.2167931    0.18969  12.5%   850 1780s

Cutting planes:
  Learned: 8
  Gomory: 7
  Cover: 55
  Implied bound: 191
  Projected implied bound: 18
  Clique: 17
  MIR: 190
  Mixing: 1
  StrongCG: 25
  Flow cover: 317
  GUB cover: 11
  Zero half: 8
  Network: 25
  RLT: 1
  Relax-and-lift: 39
  BQP: 7
  PSD: 1

Explored 6387 nodes (5457497 simplex iterations) in 1781.99 seconds (3999.28 work units)
Thread count was 1 (of 20 available processors)

Solution count 10: 0.216793 0.216874 0.216915 ... 0.234069

Time limit reached
Best objective 2.167930652718e-01, best bound 1.896916166860e-01, gap 12.5011%

User-callback calls 271361, time in user-callback 0.23 sec
