
Gurobi 13.0.2 (win64) logging started Fri Aug  7 21:16:22 2026

Set parameter LogFile to value "E:\codes\ExactEBRP\results\gf_v10_convergence_round33\runs\stage1__round33_v10_high_imbalance_M2_Q30_seed1244253498__c6_frozen__3600s\external\native_logs\L2.0.1_c6_1_next_leaf_target_mip.gurobi.log"
Gurobi Optimizer version 13.0.2 build v13.0.2rc1 (win64 - Windows 10.0 (19045.2))

CPU model: 12th Gen Intel(R) Core(TM) i7-12700KF, instruction set [SSE2|AVX|AVX2]
Thread count: 12 physical cores, 20 logical processors, using up to 1 threads

Non-default parameters:
TimeLimit  3580.4556209
MIPGap  0
MIPGapAbs  0
LogToConsole  0
Threads  1

Optimize a model with 4269 rows, 761 columns and 30648 nonzeros (Min)
Model fingerprint: 0xe20ed25f
Model has 11 linear objective coefficients
Variable types: 375 continuous, 386 integer (316 binary)
Coefficient statistics:
  Matrix range     [1e-02, 1e+05]
  Objective range  [1e-02, 1e+00]
  Bounds range     [5e-01, 8e+02]
  RHS range        [5e-01, 1e+06]

Presolve removed 965 rows and 99 columns
Presolve time: 0.12s
Presolved: 3304 rows, 662 columns, 31738 nonzeros
Variable types: 325 continuous, 337 integer (277 binary)

Root relaxation: objective 2.331945e+00, 673 iterations, 0.03 seconds (0.08 work units)

    Nodes    |    Current Node    |     Objective Bounds      |     Work
 Expl Unexpl |  Obj  Depth IntInf | Incumbent    BestBd   Gap | It/Node Time

     0     0    2.33195    0  129          -    2.33195      -     -    0s

Explored 1 nodes (673 simplex iterations) in 0.17 seconds (0.29 work units)
Thread count was 1 (of 20 available processors)

Solution count 0

Solve interrupted
Best objective -, best bound 2.331945246972e+00, gap -

User-callback calls 707, time in user-callback 0.00 sec
