
Gurobi 13.0.2 (win64) logging started Fri Aug  7 21:16:21 2026

Set parameter LogFile to value "E:\codes\ExactEBRP\results\gf_v10_convergence_round33\runs\stage1__round33_v10_high_imbalance_M2_Q30_seed1244253498__c6_frozen__3600s\external\native_logs\L2.1_lp.gurobi.log"
Gurobi Optimizer version 13.0.2 build v13.0.2rc1 (win64 - Windows 10.0 (19045.2))

CPU model: 12th Gen Intel(R) Core(TM) i7-12700KF, instruction set [SSE2|AVX|AVX2]
Thread count: 12 physical cores, 20 logical processors, using up to 1 threads

Non-default parameters:
TimeLimit  3581.3478691
MIPGap  0
MIPGapAbs  0
LogToConsole  0
Threads  1

Optimize a model with 4269 rows, 761 columns and 30648 nonzeros (Min)
Model fingerprint: 0xa5a21956
Model has 11 linear objective coefficients
Coefficient statistics:
  Matrix range     [1e-02, 1e+05]
  Objective range  [1e-02, 1e+00]
  Bounds range     [6e-01, 8e+02]
  RHS range        [6e-01, 1e+06]

Presolve removed 438 rows and 41 columns
Presolve time: 0.02s
Presolved: 3831 rows, 721 columns, 27301 nonzeros

Iteration    Objective       Primal Inf.    Dual Inf.      Time
       0    2.0730691e+00   3.071368e+02   0.000000e+00      0s

Extra simplex iterations after uncrush: 7
     855    2.2712826e+00   0.000000e+00   0.000000e+00      0s

Solved in 855 iterations and 0.04 seconds (0.12 work units)
Optimal objective  2.271282586e+00

User-callback calls 1002, time in user-callback 0.00 sec
