
Gurobi 13.0.2 (win64) logging started Fri Aug  7 21:16:21 2026

Set parameter LogFile to value "E:\codes\ExactEBRP\results\gf_v10_convergence_round33\runs\stage1__round33_v10_high_imbalance_M2_Q30_seed1244253498__c6_frozen__3600s\external\native_logs\L3_lp.gurobi.log"
Gurobi Optimizer version 13.0.2 build v13.0.2rc1 (win64 - Windows 10.0 (19045.2))

CPU model: 12th Gen Intel(R) Core(TM) i7-12700KF, instruction set [SSE2|AVX|AVX2]
Thread count: 12 physical cores, 20 logical processors, using up to 1 threads

Non-default parameters:
TimeLimit  3581.5656896
MIPGap  0
MIPGapAbs  0
LogToConsole  0
Threads  1

Optimize a model with 4269 rows, 761 columns and 30558 nonzeros (Min)
Model fingerprint: 0x1f508057
Model has 11 linear objective coefficients
Coefficient statistics:
  Matrix range     [1e-02, 1e+05]
  Objective range  [1e-02, 1e+00]
  Bounds range     [7e-01, 7e+02]
  RHS range        [7e-01, 1e+06]

Presolve removed 446 rows and 35 columns
Presolve time: 0.02s
Presolved: 3823 rows, 727 columns, 27157 nonzeros

Iteration    Objective       Primal Inf.    Dual Inf.      Time
       0    2.1855691e+00   2.846912e+02   0.000000e+00      0s
Warning: very big Kappa = 2.21602e+12, try parameter NumericFocus

Solved in 645 iterations and 0.03 seconds (0.10 work units)
Infeasible model

User-callback calls 786, time in user-callback 0.00 sec
