
Gurobi 13.0.2 (win64) logging started Fri Jul 24 18:48:42 2026

Set parameter LogFile to value "E:\codes\ExactEBRP\results\gf_nonblocking_gurobi_c6_round31\development\tight_T_seed5102__c6_candidate__71s\native.log"
Set parameter Threads to value 1
Set parameter Presolve to value -1
Set parameter Seed to value 0
Set parameter MIPGap to value 0
Set parameter MIPGapAbs to value 0
Warning: unknown variable 'r_max' in bounds section (line 13957)
Warning: unknown variable 'r_min' in bounds section (line 13958)
Read LP format model from file E:\codes\ExactEBRP\results\gf_nonblocking_gurobi_c6_round31\development\tight_T_seed5102__c6_candidate__71s\external\models\L0.lp
Reading time = 0.02 seconds
obj: 11916 rows, 3378 columns, 67132 nonzeros
Set parameter TimeLimit to value 4.8054328600000005e+01
Warning: unknown variable 'r_max' in bounds section (line 13957)
Warning: unknown variable 'r_min' in bounds section (line 13958)
Read LP format model from file E:\codes\ExactEBRP\results\gf_nonblocking_gurobi_c6_round31\development\tight_T_seed5102__c6_candidate__71s\external\models\L1.lp
Reading time = 0.02 seconds
obj: 11916 rows, 3378 columns, 67376 nonzeros
Set parameter TimeLimit to value 47.7153049
Warning: unknown variable 'r_max' in bounds section (line 13958)
Warning: unknown variable 'r_min' in bounds section (line 13959)
Read LP format model from file E:\codes\ExactEBRP\results\gf_nonblocking_gurobi_c6_round31\development\tight_T_seed5102__c6_candidate__71s\external\models\L2.lp
Reading time = 0.02 seconds
obj: 11917 rows, 3378 columns, 67382 nonzeros
Set parameter TimeLimit to value 47.3218374
Warning: unknown variable 'r_max' in bounds section (line 13961)
Warning: unknown variable 'r_min' in bounds section (line 13962)
Read LP format model from file E:\codes\ExactEBRP\results\gf_nonblocking_gurobi_c6_round31\development\tight_T_seed5102__c6_candidate__71s\external\models\L3.lp
Reading time = 0.02 seconds
obj: 11920 rows, 3378 columns, 67400 nonzeros
Set parameter TimeLimit to value 45.3597854
Warning: unknown variable 'r_max' in bounds section (line 13957)
Warning: unknown variable 'r_min' in bounds section (line 13958)
Read LP format model from file E:\codes\ExactEBRP\results\gf_nonblocking_gurobi_c6_round31\development\tight_T_seed5102__c6_candidate__71s\external\models\L1.0.lp
Reading time = 0.02 seconds
obj: 11916 rows, 3378 columns, 67376 nonzeros
Set parameter TimeLimit to value 44.7445797
Warning: unknown variable 'r_max' in bounds section (line 13957)
Warning: unknown variable 'r_min' in bounds section (line 13958)
Read LP format model from file E:\codes\ExactEBRP\results\gf_nonblocking_gurobi_c6_round31\development\tight_T_seed5102__c6_candidate__71s\external\models\L1.1.lp
Reading time = 0.02 seconds
obj: 11916 rows, 3378 columns, 67376 nonzeros
Set parameter TimeLimit to value 44.3141953
