
Gurobi 13.0.2 (win64) logging started Fri Jul 24 21:12:42 2026

Set parameter LogFile to value "E:\codes\ExactEBRP\results\gf_nonblocking_gurobi_c6_round31\runs\stage2__high_imbalance_seed4201__p_grb__300s\native.log"
Set parameter Threads to value 1
Set parameter Presolve to value -1
Set parameter Seed to value 0
Set parameter MIPGap to value 0
Set parameter MIPGapAbs to value 0
Set parameter TimeLimit to value 300
Read LP format model from file E:\codes\ExactEBRP\results\gf_nonblocking_gurobi_c6_round31\runs\stage2__high_imbalance_seed4201__p_grb__300s\canonical.lp
Reading time = 0.01 seconds
obj: 5063 rows, 2111 columns, 23325 nonzeros
Set parameter TimeLimit to value 294.9433646
Gurobi Optimizer version 13.0.2 build v13.0.2rc1 (win64 - Windows 10.0 (19045.2))

CPU model: 12th Gen Intel(R) Core(TM) i7-12700KF, instruction set [SSE2|AVX|AVX2]
Thread count: 12 physical cores, 20 logical processors, using up to 1 threads

Non-default parameters:
TimeLimit  294.9433646
MIPGap  0
MIPGapAbs  0
LogToConsole  0
Threads  1

Optimize a model with 5063 rows, 2111 columns and 23325 nonzeros (Min)
Model fingerprint: 0xa93aea48
Model has 21 linear objective coefficients
Variable types: 421 continuous, 1690 integer (1490 binary)
Coefficient statistics:
  Matrix range     [3e-02, 6e+02]
  Objective range  [1e-02, 1e+00]
  Bounds range     [1e+00, 6e+01]
  RHS range        [1e+00, 4e+03]

Presolve removed 176 rows and 45 columns
Presolve time: 0.06s
Presolved: 4887 rows, 2066 columns, 40479 nonzeros
Variable types: 201 continuous, 1865 integer (1483 binary)
Found heuristic solution: objective 7.6003640

Root relaxation: objective 1.587829e+00, 1566 iterations, 0.06 seconds (0.15 work units)

    Nodes    |    Current Node    |     Objective Bounds      |     Work
 Expl Unexpl |  Obj  Depth IntInf | Incumbent    BestBd   Gap | It/Node Time

     0     0    1.58783    0  341    7.60036    1.58783  79.1%     -    0s
     0     0    1.59038    0  340    7.60036    1.59038  79.1%     -    0s
H    0     0                       7.4113563    1.59038  78.5%     -    0s
     0     0    1.75997    0  407    7.41136    1.75997  76.3%     -    0s
H    0     0                       6.9716272    1.76110  74.7%     -    0s
H    0     0                       6.8715291    1.76110  74.4%     -    0s
     0     0    1.76278    0  397    6.87153    1.76278  74.3%     -    0s
     0     0    1.77207    0  453    6.87153    1.77207  74.2%     -    0s
H    0     0                       6.8707104    1.77220  74.2%     -    0s
     0     0    1.77235    0  448    6.87071    1.77235  74.2%     -    0s
     0     0    1.84082    0  462    6.87071    1.84082  73.2%     -    0s
     0     0    1.84591    0  448    6.87071    1.84591  73.1%     -    0s
     0     0    1.86741    0  493    6.87071    1.86741  72.8%     -    0s
     0     0    1.86975    0  504    6.87071    1.86975  72.8%     -    1s
     0     0    1.87288    0  494    6.87071    1.87288  72.7%     -    1s
     0     0    1.87784    0  512    6.87071    1.87784  72.7%     -    1s
     0     0    1.87784    0  494    6.87071    1.87784  72.7%     -    1s
H    0     0                       6.8210604    1.87784  72.5%     -    1s
H    0     0                       6.8210327    1.87784  72.5%     -    1s
H    0     0                       6.8098365    1.87784  72.4%     -    1s
H    0     0                       6.7191915    1.87784  72.1%     -    1s
H    0     0                       6.7117183    1.87784  72.0%     -    1s
H    0     0                       6.7081993    1.87784  72.0%     -    1s
H    0     0                       6.7025919    1.87784  72.0%     -    1s
     0     0    1.87784    0  505    6.70259    1.87784  72.0%     -    1s
     0     0    1.87784    0  510    6.70259    1.87784  72.0%     -    1s
     0     0    1.87784    0  503    6.70259    1.87784  72.0%     -    1s
     0     0    1.87784    0  518    6.70259    1.87784  72.0%     -    1s
     0     0    1.87784    0  518    6.70259    1.87784  72.0%     -    1s
     0     0    1.87784    0  525    6.70259    1.87784  72.0%     -    1s
     0     0    1.87784    0  523    6.70259    1.87784  72.0%     -    1s
     0     0    1.87784    0  505    6.70259    1.87784  72.0%     -    1s
     0     2    1.87784    0  505    6.70259    1.87784  72.0%     -    1s
H    2     2                       6.6820679    1.87784  71.9%   297    2s
H   40    30                       6.6798719    1.93146  71.1%   153    2s
H   40    30                       6.6658473    1.93146  71.0%   153    2s
H   40    30                       6.6642757    1.93146  71.0%   153    2s
H   40    30                       6.6621849    1.93146  71.0%   153    2s
H   41    31                       6.6618415    1.93146  71.0%   150    2s
H   41    31                       6.6618011    1.93146  71.0%   150    2s
H   41    31                       6.6617456    1.93146  71.0%   150    2s
H   41    31                       6.6617186    1.93146  71.0%   150    2s
H   41    31                       6.6616995    1.93146  71.0%   150    2s
H   51    37                       6.6545182    1.93146  71.0%   152    2s
H   51    37                       6.6545050    1.93146  71.0%   152    2s
H   51    37                       6.6544925    1.93146  71.0%   152    2s
H   51    37                       6.6544804    1.93146  71.0%   152    2s
H   51    37                       6.6539691    1.93146  71.0%   152    2s
H   51    37                       6.6539556    1.93146  71.0%   152    2s
H   51    37                       6.6539427    1.93146  71.0%   152    2s
H   51    37                       6.6539303    1.93146  71.0%   152    2s
H   51    37                       6.6539227    1.93146  71.0%   152    2s
H   51    37                       6.6539103    1.93146  71.0%   152    2s
H  105    88                       6.6501854    1.93146  71.0%   117    3s
H  105    88                       6.6490586    1.93146  71.0%   117    3s
H  105    88                       6.6468048    1.93146  70.9%   117    3s
H  113    96                       6.6421496    1.93146  70.9%   111    3s
H  113    96                       6.6412130    1.93146  70.9%   111    3s
H  113    96                       6.6411089    1.93146  70.9%   111    3s
H  113    96                       6.6411049    1.93146  70.9%   111    3s
H  113    96                       6.6410574    1.93146  70.9%   111    3s
H  122   105                       6.6409039    1.93146  70.9%   108    3s
H  168   149                       6.6405450    1.93146  70.9%  92.2    3s
H  168   149                       6.6405320    1.93146  70.9%  92.2    3s
H  168   149                       6.6404960    1.93146  70.9%  92.2    3s
H  168   149                       6.6404894    1.93146  70.9%  92.2    3s
H  172   151                       3.8263291    1.93146  49.5%  91.0    3s
H  172   151                       3.8250745    1.93146  49.5%  91.0    3s
H  172   151                       3.8109667    1.93146  49.3%  91.0    4s
H  191   168                       3.8105899    1.93146  49.3%  84.0    4s
H  191   168                       3.8104106    1.93146  49.3%  84.0    4s
H  191   168                       3.8091152    1.93146  49.3%  84.0    4s
H  215   172                       3.8091083    1.93150  49.3%  77.4    4s
H  215   172                       3.8084848    1.93150  49.3%  77.4    4s
H  215   172                       3.8084537    1.93150  49.3%  77.4    4s
H  226   181                       3.8078548    1.93150  49.3%  78.2    4s
H  226   181                       3.8060604    1.93150  49.3%  78.2    4s
H  226   181                       3.8050583    1.93150  49.2%  78.2    4s
H  226   181                       3.8048920    1.93150  49.2%  78.2    4s
H  226   181                       3.8043321    1.93150  49.2%  78.2    4s
H  226   181                       3.8039889    1.93150  49.2%  78.2    4s
H  226   181                       3.8039857    1.93150  49.2%  78.2    4s
H  243   190                       3.8039804    1.93150  49.2%  80.4    4s
H  243   190                       3.8036774    1.93150  49.2%  80.4    4s
H  243   190                       3.8036503    1.93150  49.2%  80.4    4s
H  243   190                       3.8035112    1.93150  49.2%  80.4    4s
H  243   190                       3.8034890    1.93150  49.2%  80.4    4s
   268   209    2.15315   17  402    3.80349    1.93360  49.2%  86.5    5s
H  461   361                       3.8013079    1.94273  48.9%  81.1    6s
H  461   361                       3.8007218    1.94273  48.9%  81.1    6s
H  591   438                       3.7261254    1.94393  47.8%  74.3    8s
H  591   416                       3.4391218    1.94393  43.5%  74.3    9s
H  596   399                       3.4210548    1.94393  43.2%  73.7    9s
   599   401    2.86890   95  555    3.42105    1.94393  43.2%  73.3   10s
H  604   384                       3.3888173    1.94393  42.6%  72.7   12s
H  604   364                       3.3849422    1.94393  42.6%  72.7   12s
H  604   346                       3.3837710    1.94393  42.6%  72.7   12s
H  604   328                       3.3758750    1.94393  42.4%  72.7   12s
H  604   312                       3.3739193    1.94393  42.4%  72.7   12s
H  604   296                       3.3730646    1.94393  42.4%  72.7   12s
H  604   281                       3.3727610    1.94393  42.4%  72.7   12s
H  604   266                       3.3694642    1.94393  42.3%  72.7   12s
H  607   255                       3.3680938    1.94393  42.3%  87.4   12s
H  607   242                       3.3528535    1.94393  42.0%  87.4   12s
H  607   229                       3.3371636    1.94393  41.7%  87.4   12s
H  607   218                       3.3359372    1.94393  41.7%  87.4   12s
H  607   207                       3.3258765    1.94393  41.6%  87.4   12s
H  608   197                       3.3149706    1.94393  41.4%  87.3   12s
H  608   187                       3.3085472    1.94393  41.2%  87.3   12s
H  608   177                       3.3011523    1.94393  41.1%  87.3   12s
H  608   168                       3.3011400    1.94393  41.1%  87.3   12s
H  609   160                       3.2994594    1.94393  41.1%  87.2   12s
H  609   152                       3.2955606    1.94393  41.0%  87.2   12s
H  609   144                       3.2950978    1.94393  41.0%  87.2   12s
H  609   137                       3.2901192    1.94393  40.9%  87.2   12s
H  609   130                       3.2886552    1.94393  40.9%  87.2   12s
H  610   124                       3.2883724    1.94393  40.9%  87.1   12s
H  610   118                       3.2877841    1.94393  40.9%  87.1   12s
H  612   111                       3.2877814    1.94393  40.9%  90.2   12s
H  612   105                       3.2857077    1.94393  40.8%  90.2   12s
H  612    99                       3.2812881    1.94393  40.8%  90.2   12s
H  617    98                       3.2810807    1.94393  40.8%  92.1   13s
H  620    95                       3.2801245    1.94393  40.7%  92.2   13s
H  621    91                       3.2800898    1.94393  40.7%  92.7   13s
H  625    87                       3.2683113    1.94393  40.5%  93.3   13s
H  625    83                       3.2650536    1.94393  40.5%  93.3   13s
H  625    79                       3.2467652    1.94393  40.1%  93.3   13s
H  626    76                       3.2265408    1.94393  39.8%  93.8   13s
H  626    73                       3.2197179    1.94393  39.6%  93.8   13s
H  626    69                       3.2180863    1.94393  39.6%  93.8   13s
H  626    66                       3.2147092    1.94393  39.5%  93.8   13s
H  636    67                       3.2146674    1.94393  39.5%  98.7   13s
H  640    65                       2.9760056    1.94393  34.7%   100   14s
H  640    62                       2.9735417    1.94393  34.6%   100   14s
H  640    60                       2.9729333    1.94393  34.6%   100   14s
H  688    86                       2.9726216    1.94393  34.6%  96.5   14s
   705    93    2.88845   60  281    2.97262    1.94393  34.6%  95.7   15s
H  732    94                       2.9017683    1.94393  33.0%  94.8   15s
H  737    90                       2.9011038    1.94393  33.0%  95.4   15s
H  738    91                       2.9006170    1.94393  33.0%  96.3   15s
H  761    84                       2.8694051    1.94393  32.3%   101   16s
H  761    83                       2.8672691    1.94393  32.2%   101   16s
H  761    83                       2.8671905    1.94393  32.2%   101   16s
H  761    83                       2.8671186    1.94393  32.2%   101   16s
H  761    75                       2.8628740    1.94393  32.1%   101   16s
H  762    74                       2.8573275    1.94393  32.0%   101   16s
H  762    73                       2.8565158    1.94393  31.9%   101   16s
H  762    72                       2.8551686    1.94393  31.9%   101   16s
H  762    72                       2.8550732    1.94393  31.9%   101   16s
H  762    72                       2.8547958    1.94393  31.9%   101   16s
H  790    88                       2.8539005    1.94393  31.9%   101   17s
H  790    88                       2.8512096    1.94393  31.8%   101   17s
H  790    88                       2.8511409    1.94393  31.8%   101   17s
H  790    88                       2.8499581    1.94393  31.8%   101   17s
H  790    87                       2.8493959    1.94393  31.8%   101   17s
H  814    88                       2.8256587    1.94393  31.2%   104   18s
H  814    87                       2.8256138    1.94393  31.2%   104   18s
H  814    87                       2.8256078    1.94393  31.2%   104   18s
H  818    89                       2.8255541    1.94393  31.2%   104   18s
H  818    89                       2.8255009    1.94393  31.2%   104   18s
H  818    89                       2.8254304    1.94393  31.2%   104   18s
H  824    93                       2.8246260    1.94393  31.2%   105   18s
H  824    93                       2.8242301    1.94393  31.2%   105   18s
   909   162    2.14529   33  360    2.82423    1.94393  31.2%   108   20s
  1196   386    2.30933   37  390    2.82423    1.94393  31.2%   109   25s
H 1217   383                       2.8242297    1.94393  31.2%   110   25s
H 1217   383                       2.8242125    1.94393  31.2%   110   25s
H 1217   383                       2.8241949    1.94393  31.2%   110   25s
H 1380   525                       2.8234575    1.94393  31.2%   109   28s
H 1380   525                       2.8233029    1.94393  31.1%   109   28s
H 1380   525                       2.8232677    1.94393  31.1%   109   28s
H 1380   525                       2.8232326    1.94393  31.1%   109   28s
H 1380   525                       2.8231974    1.94393  31.1%   109   28s
H 1380   525                       2.8231859    1.94393  31.1%   109   28s
H 1408   537                       2.8196419    1.94393  31.1%   110   28s
H 1408   535                       2.8177987    1.94393  31.0%   110   28s
H 1412   539                       2.8175042    1.94393  31.0%   110   28s
H 1412   534                       2.8167849    1.94393  31.0%   110   28s
H 1417   539                       2.8162287    1.94393  31.0%   111   29s
H 1433   547                       2.8162081    1.94393  31.0%   111   29s
H 1459   573                       2.8133157    1.94393  30.9%   111   29s
H 1459   572                       2.8125177    1.94393  30.9%   111   29s
H 1459   572                       2.8112704    1.94393  30.9%   111   29s
H 1461   574                       2.8112671    1.94393  30.9%   111   29s
  1465   580    2.16742   38  402    2.81127    1.94393  30.9%   113   30s
H 1514   613                       2.8110247    1.94393  30.8%   111   30s
H 1516   615                       2.8109901    1.94393  30.8%   112   30s
H 1516   615                       2.8107556    1.94393  30.8%   112   30s
H 1516   615                       2.8106854    1.94393  30.8%   112   30s
H 1561   645                       2.8105101    1.94393  30.8%   112   31s
H 1561   645                       2.8104753    1.94393  30.8%   112   31s
H 1561   645                       2.8104406    1.94393  30.8%   112   31s
H 1561   645                       2.8104058    1.94393  30.8%   112   31s
H 1569   653                       2.8102874    1.94393  30.8%   113   32s
H 1580   664                       2.8102543    1.94393  30.8%   113   32s
H 1580   664                       2.8102195    1.94393  30.8%   113   32s
H 1709   753                       2.8102195    1.94393  30.8%   115   34s
  1713   753    1.94458   15  468    2.81022    1.94393  30.8%   115   35s
  1944   910    2.78590   53  262    2.81022    1.94393  30.8%   117   40s
H 2004   937                       2.8101311    1.94393  30.8%   118   41s
H 2150  1033                       2.7899166    1.94393  30.3%   119   44s
  2154  1037    2.58675   20  441    2.78992    1.94393  30.3%   120   45s
H 2163  1036                       2.7898461    1.94393  30.3%   121   45s
H 2163  1036                       2.7898253    1.94393  30.3%   121   45s
H 2163  1036                       2.7898045    1.94393  30.3%   121   45s
H 2163  1036                       2.7895888    1.94393  30.3%   121   45s
H 2244  1094                       2.7893559    1.94393  30.3%   121   47s
H 2244  1094                       2.7893429    1.94393  30.3%   121   47s
H 2244  1094                       2.7889670    1.94393  30.3%   121   47s
H 2244  1094                       2.7889541    1.94393  30.3%   121   47s
H 2244  1094                       2.7875597    1.94393  30.3%   121   47s
H 2244  1094                       2.7875464    1.94393  30.3%   121   47s
  2254  1104    2.09665   23  480    2.78755    1.94393  30.3%   122   50s
  2418  1202    2.64254   32  396    2.78755    1.94393  30.3%   124   55s
  2655  1324 infeasible   30         2.78755    1.94393  30.3%   125   60s
  2823  1420    2.30663   26  440    2.78755    1.94553  30.2%   129   65s
  3019  1528    2.69798   29  375    2.78755    1.94824  30.1%   131   70s
H 3068  1547                       2.7875128    1.94863  30.1%   131   71s
  3222  1632    2.25862   23  429    2.78751    1.95100  30.0%   133   75s
  3474  1789    2.57962   21  467    2.78751    1.95275  29.9%   134   80s
  3696  1931    2.44552   22  420    2.78751    1.95404  29.9%   136   85s
H 3941  2043                       2.7874247    1.95477  29.9%   136   90s
H 3948  2044                       2.7869400    1.95477  29.9%   137   90s
H 3948  2044                       2.7869349    1.95477  29.9%   137   90s
H 3948  2044                       2.7859088    1.95477  29.8%   137   90s
H 3948  2044                       2.7858930    1.95477  29.8%   137   90s
H 3948  2044                       2.7854280    1.95477  29.8%   137   90s
H 3948  2044                       2.7853951    1.95477  29.8%   137   90s
H 3948  2044                       2.7853622    1.95477  29.8%   137   90s
H 3969  2057                       2.7851489    1.95490  29.8%   137   91s
H 3969  2057                       2.7851151    1.95490  29.8%   137   91s
H 3969  2057                       2.7849075    1.95490  29.8%   137   91s
H 3969  2057                       2.7848744    1.95490  29.8%   137   91s
H 3969  2057                       2.7848412    1.95490  29.8%   137   91s
  4256  2246    2.18071   20  474    2.78484    1.95691  29.7%   134   95s
H 4273  2253                       2.7847502    1.95704  29.7%   134   95s
H 4367  2311                       2.7847244    1.95754  29.7%   134   97s
H 4367  2311                       2.7846913    1.95754  29.7%   134   97s
H 4367  2311                       2.7846581    1.95754  29.7%   134   97s
  4497  2398    2.68891   29  397    2.78466    1.95800  29.7%   135  100s
H 4575  2435                       2.7846450    1.95856  29.7%   135  101s
H 4575  2435                       2.7846406    1.95856  29.7%   135  101s
H 4575  2435                       2.7846273    1.95856  29.7%   135  101s
H 4597  2451                       2.7846106    1.95856  29.7%   135  101s
H 4694  2510                       2.7846106    1.95920  29.6%   136  104s
  4756  2557    2.53220   24  421    2.78461    1.95939  29.6%   136  105s
H 4924  2645                       2.7844181    1.95951  29.6%   136  108s
H 4925  2646                       2.7843734    1.95951  29.6%   136  109s
H 4925  2646                       2.7841076    1.95951  29.6%   136  109s
  4991  2697 infeasible   22         2.78411    1.95958  29.6%   135  110s
  5223  2823    2.11813   21  434    2.78411    1.96079  29.6%   136  115s
  5559  3045    2.70523   45  284    2.78411    1.96253  29.5%   135  120s
  5792  3166    2.57060   24  468    2.78411    1.96347  29.5%   136  125s
  5953  3247    2.31715   24  409    2.78411    1.96379  29.5%   137  130s
  6176  3380    2.56773   20  450    2.78411    1.96461  29.4%   138  135s
  6418  3502 infeasible   25         2.78411    1.96630  29.4%   139  140s
  6701  3650    2.26062   22  414    2.78411    1.96782  29.3%   139  145s
  6905  3729    2.37775   28  407    2.78411    1.96935  29.3%   141  150s
  7087  3791    2.37086   24  448    2.78411    1.97160  29.2%   143  155s
  7288  3889    2.07952   41  358    2.78411    1.97294  29.1%   144  160s
  7580  4040    2.34414   29  414    2.78411    1.97596  29.0%   144  165s
  7858  4149    2.60103   29  425    2.78411    1.97885  28.9%   144  170s
  8049  4218    2.59527   20  453    2.78411    1.98047  28.9%   145  175s
  8297  4342    2.51443   27  436    2.78411    1.98261  28.8%   146  180s
  8561  4459    2.56057   22  424    2.78411    1.98411  28.7%   147  185s
  8810  4574    2.29252   23  437    2.78411    1.98709  28.6%   147  190s
  9127  4735    2.63475   39  426    2.78411    1.98839  28.6%   146  195s
  9451  4921    2.52779   23  421    2.78411    1.99196  28.5%   145  200s
  9784  5099    2.29480   33  426    2.78411    1.99714  28.3%   145  205s
  9882  5141    2.62513   22  449    2.78411    1.99787  28.2%   146  210s
 10047  5167    2.30670   23  420    2.78411    2.00239  28.1%   147  215s
 10203  5227    2.60435   20  505    2.78411    2.00426  28.0%   148  231s
 10212  5233    2.34713   33  528    2.78411    2.00426  28.0%   148  235s
 10219  5238    2.56920   21  554    2.78411    2.00426  28.0%   147  240s
 10226  5242    2.56404   38  529    2.78411    2.00426  28.0%   147  245s
 10232  5246    2.19498   55  530    2.78411    2.00426  28.0%   147  250s
 10238  5250    2.61169   33  539    2.78411    2.00426  28.0%   147  255s
 10244  5254    2.64805   56  544    2.78411    2.00426  28.0%   147  260s
 10251  5259    2.37364   58  561    2.78411    2.00426  28.0%   147  265s
 10258  5264    2.34429   52  534    2.78411    2.00426  28.0%   147  270s
 10264  5268    2.10545   26  561    2.78411    2.00426  28.0%   147  275s
 10318  5293    2.74756   45  291    2.78411    2.00426  28.0%   151  280s
 10406  5307    2.59465   37  424    2.78411    2.00426  28.0%   152  285s
 10529  5345    2.16754   30  416    2.78411    2.00426  28.0%   153  290s

Cutting planes:
  Learned: 16
  Gomory: 1
  Cover: 31
  Implied bound: 51
  Projected implied bound: 76
  Clique: 38
  MIR: 291
  StrongCG: 18
  Flow cover: 538
  GUB cover: 5
  Zero half: 9
  RLT: 20
  Relax-and-lift: 29
  BQP: 17
  PSD: 1

Explored 10609 nodes (1657970 simplex iterations) in 294.95 seconds (547.79 work units)
Thread count was 1 (of 20 available processors)

Solution count 10: 2.78411 2.78437 2.78442 ... 2.78472

Time limit reached
Best objective 2.784107571243e+00, best bound 2.004258027067e+00, gap 28.0108%

User-callback calls 115613, time in user-callback 0.04 sec
