
Gurobi 13.0.2 (win64) logging started Sat Jul 25 04:31:54 2026

Set parameter LogFile to value "E:\codes\ExactEBRP\results\gf_nonblocking_gurobi_c6_round31\runs\stage6__high_imbalance_seed3202__c5_candidate__1200s\external\native_logs\L2.0_terminal_mip.gurobi.log"
Gurobi Optimizer version 13.0.2 build v13.0.2rc1 (win64 - Windows 10.0 (19045.2))

CPU model: 12th Gen Intel(R) Core(TM) i7-12700KF, instruction set [SSE2|AVX|AVX2]
Thread count: 12 physical cores, 20 logical processors, using up to 1 threads

Non-default parameters:
TimeLimit  1174.9849213
MIPGap  0
MIPGapAbs  0
LogToConsole  0
Threads  1

Optimize a model with 11895 rows, 3372 columns and 67322 nonzeros (Min)
Model fingerprint: 0xdd56f7b8
Model has 21 linear objective coefficients
Variable types: 1683 continuous, 1689 integer (1489 binary)
Coefficient statistics:
  Matrix range     [1e-02, 2e+04]
  Objective range  [1e-02, 1e+00]
  Bounds range     [5e-01, 2e+03]
  RHS range        [5e-01, 5e+04]

Presolve removed 2401 rows and 92 columns
Presolve time: 0.20s
Presolved: 9494 rows, 3280 columns, 58045 nonzeros
Variable types: 1628 continuous, 1652 integer (1467 binary)

Root relaxation: objective 1.591364e+00, 3910 iterations, 0.23 seconds (0.59 work units)

    Nodes    |    Current Node    |     Objective Bounds      |     Work
 Expl Unexpl |  Obj  Depth IntInf | Incumbent    BestBd   Gap | It/Node Time

     0     0    1.59136    0  254          -    1.59136      -     -    0s
     0     0    1.62788    0  269          -    1.62788      -     -    0s
     0     0    1.65864    0  324          -    1.65864      -     -    1s
     0     0    1.65913    0  310          -    1.65913      -     -    1s
     0     0    1.66505    0  347          -    1.66505      -     -    1s
     0     0    1.66616    0  326          -    1.66616      -     -    2s
     0     0    1.67163    0  371          -    1.67163      -     -    2s
     0     0    1.67312    0  334          -    1.67312      -     -    2s
     0     0    1.67810    0  358          -    1.67810      -     -    3s
     0     0    1.67881    0  350          -    1.67881      -     -    3s
     0     0    1.68080    0  323          -    1.68080      -     -    3s
     0     0    1.68111    0  371          -    1.68111      -     -    4s
     0     0    1.68182    0  356          -    1.68182      -     -    4s
     0     0    1.68186    0  357          -    1.68186      -     -    4s
     0     0    1.68220    0  324          -    1.68220      -     -    4s
     0     0    1.68268    0  329          -    1.68268      -     -    4s
     0     0    1.68268    0  355          -    1.68268      -     -    5s
     0     0    1.68317    0  323          -    1.68317      -     -    5s
     0     0    1.68317    0  358          -    1.68317      -     -    5s
     0     0    1.68317    0  346          -    1.68317      -     -    5s
     0     0    1.68317    0  372          -    1.68317      -     -    6s
     0     0    1.68317    0  376          -    1.68317      -     -    6s
     0     0    1.68323    0  375          -    1.68323      -     -    6s
     0     0    1.68324    0  364          -    1.68324      -     -    6s
     0     0    1.68324    0  392          -    1.68324      -     -    7s
     0     0    1.68324    0  392          -    1.68324      -     -    7s
     0     0    1.68325    0  391          -    1.68325      -     -    7s
     0     0    1.68325    0  389          -    1.68325      -     -    7s
     0     0    1.68325    0  383          -    1.68325      -     -    7s
     0     2    1.68340    0  382          -    1.68340      -     -    9s
     9    11    1.69155    8  254          -    1.68533      -   589   10s
   120   117    1.73136  110  191          -    1.68533      -   245   15s
   160   147    1.71571   26  193          -    1.68581      -   321   20s
   349   286    1.70315   10  259          -    1.69155      -   269   25s
   466   330    1.69994   34  237          -    1.69266      -   272   30s
   558   376    1.70760   10  241          -    1.69421      -   293   35s
   638   402    1.72121   43  208          -    1.69511      -   305   40s
   690   425    1.69794   13  286          -    1.69572      -   311   45s
   694   428    1.71288   12  350          -    1.69572      -   309   50s
   699   431    1.70834   15  355          -    1.69572      -   307   55s
   704   435    1.71810   84  359          -    1.69572      -   305   60s
   708   437    1.71496   20  370          -    1.69572      -   303   65s
   711   439    1.71123   14  362          -    1.69574      -   302   71s
   716   445    1.70227   13  291          -    1.69574      -   372   75s
   723   447    1.71668   16  286          -    1.69620      -   393   80s
   732   453    1.71290   21  312          -    1.69620      -   409   85s
   743   457    1.72588   26  182          -    1.69620      -   420   90s
   775   453    1.73720   16  277          -    1.69620      -   422   95s
   788   450 infeasible   17               -    1.69777      -   435  100s
   802   445    1.72400   16  287          -    1.69777      -   445  105s
   830   444    1.72560   21  284          -    1.70227      -   462  110s
   853   442    1.71363   16  329          -    1.70227      -   473  115s
   891   435    1.73457   19  219          -    1.70687      -   487  120s
   933   447    1.74240   25  128          -    1.70771      -   481  125s
   972   445    1.72441   16  157          -    1.71258      -   487  130s
   997   447    1.72845   21  261          -    1.71610      -   488  135s
H 1030   417                       1.7493135    1.71618  1.89%   490  139s
  1052   416    1.74640   40   75    1.74931    1.71618  1.89%   481  140s
  1141   390    1.72077   19  223    1.74931    1.71940  1.71%   469  145s
  1199   376    1.74409   25  119    1.74931    1.71963  1.70%   470  150s
  1283   347 infeasible   17         1.74931    1.72405  1.44%   462  155s
  1365   317    1.74246   21  195    1.74931    1.72790  1.22%   458  160s
  1540   252    1.74744   26  233    1.74931    1.73433  0.86%   435  165s
  1802   112 infeasible   23         1.74931    1.74380  0.32%   405  170s

Cutting planes:
  Learned: 13
  Gomory: 5
  Cover: 81
  Implied bound: 98
  Projected implied bound: 2
  Clique: 11
  MIR: 137
  Mixing: 1
  StrongCG: 9
  Flow cover: 272
  GUB cover: 9
  Zero half: 7
  Network: 30
  RLT: 6
  Relax-and-lift: 33
  BQP: 3
  PSD: 1

Explored 2096 nodes (775699 simplex iterations) in 171.68 seconds (339.07 work units)
Thread count was 1 (of 20 available processors)

Solution count 1: 1.74931 

Optimal solution found (tolerance 0.00e+00)
Best objective 1.749313452051e+00, best bound 1.749313452051e+00, gap 0.0000%

User-callback calls 43087, time in user-callback 0.01 sec
