
Gurobi 13.0.2 (win64) logging started Sat Aug  8 14:48:18 2026

Set parameter LogFile to value "E:\codes\ExactEBRP\results\gf_c6_documentation_hga_round34\runs\v10__round33_v10_high_imbalance_M2_Q20_seed1719879984__c6_hga_light__3600s\external\native_logs\L2.0_lp.gurobi.log"
Gurobi Optimizer version 13.0.2 build v13.0.2rc1 (win64 - Windows 10.0 (19045.2))

CPU model: 12th Gen Intel(R) Core(TM) i7-12700KF, instruction set [SSE2|AVX|AVX2]
Thread count: 12 physical cores, 20 logical processors, using up to 1 threads

Non-default parameters:
TimeLimit  3564.539447
MIPGap  0
MIPGapAbs  0
LogToConsole  0
Threads  1

Optimize a model with 4276 rows, 763 columns and 30673 nonzeros (Min)
Model fingerprint: 0x728e99ad
Model has 11 linear objective coefficients
Coefficient statistics:
  Matrix range     [1e-02, 1e+05]
  Objective range  [1e-02, 1e+00]
  Bounds range     [5e-01, 6e+02]
  RHS range        [5e-01, 1e+06]

Presolve removed 394 rows and 40 columns
Presolve time: 0.01s
Presolved: 3882 rows, 724 columns, 28753 nonzeros

Iteration    Objective       Primal Inf.    Dual Inf.      Time
       0    1.6326717e+00   2.430768e+02   0.000000e+00      0s
     565    1.8024094e+00   0.000000e+00   0.000000e+00      0s

Solved in 565 iterations and 0.03 seconds (0.10 work units)
Optimal objective  1.802409380e+00

User-callback calls 709, time in user-callback 0.00 sec
