
Gurobi 13.0.2 (win64) logging started Sat Jul 25 01:07:54 2026

Set parameter LogFile to value "E:\codes\ExactEBRP\results\gf_nonblocking_gurobi_c6_round31\runs\stage4__high_imbalance_seed3202__c5_candidate__300s\external\native_logs\L2.0_terminal_mip.gurobi.log"
Gurobi Optimizer version 13.0.2 build v13.0.2rc1 (win64 - Windows 10.0 (19045.2))

CPU model: 12th Gen Intel(R) Core(TM) i7-12700KF, instruction set [SSE2|AVX|AVX2]
Thread count: 12 physical cores, 20 logical processors, using up to 1 threads

Non-default parameters:
TimeLimit  275.2201693
MIPGap  0
MIPGapAbs  0
LogToConsole  0
Threads  1

Optimize a model with 11895 rows, 3372 columns and 67322 nonzeros (Min)
Model fingerprint: 0xdd56f7b8
Model has 21 linear objective coefficients
Variable types: 1683 continuous, 1689 integer (1489 binary)
Coefficient statistics:
  Matrix range     [1e-02, 2e+04]
  Objective range  [1e-02, 1e+00]
  Bounds range     [5e-01, 2e+03]
  RHS range        [5e-01, 5e+04]

Presolve removed 2401 rows and 92 columns
Presolve time: 0.20s
Presolved: 9494 rows, 3280 columns, 58045 nonzeros
Variable types: 1628 continuous, 1652 integer (1467 binary)

Root relaxation: objective 1.591364e+00, 3910 iterations, 0.23 seconds (0.59 work units)

    Nodes    |    Current Node    |     Objective Bounds      |     Work
 Expl Unexpl |  Obj  Depth IntInf | Incumbent    BestBd   Gap | It/Node Time

     0     0    1.59136    0  254          -    1.59136      -     -    0s
     0     0    1.62788    0  269          -    1.62788      -     -    0s
     0     0    1.65864    0  324          -    1.65864      -     -    1s
     0     0    1.65913    0  310          -    1.65913      -     -    1s
     0     0    1.66505    0  347          -    1.66505      -     -    1s
     0     0    1.66616    0  326          -    1.66616      -     -    2s
     0     0    1.67163    0  371          -    1.67163      -     -    2s
     0     0    1.67312    0  334          -    1.67312      -     -    2s
     0     0    1.67810    0  358          -    1.67810      -     -    3s
     0     0    1.67881    0  350          -    1.67881      -     -    3s
     0     0    1.68080    0  323          -    1.68080      -     -    3s
     0     0    1.68111    0  371          -    1.68111      -     -    3s
     0     0    1.68182    0  356          -    1.68182      -     -    4s
     0     0    1.68186    0  357          -    1.68186      -     -    4s
     0     0    1.68220    0  324          -    1.68220      -     -    4s
     0     0    1.68268    0  329          -    1.68268      -     -    4s
     0     0    1.68268    0  355          -    1.68268      -     -    5s
     0     0    1.68317    0  323          -    1.68317      -     -    5s
     0     0    1.68317    0  358          -    1.68317      -     -    5s
     0     0    1.68317    0  346          -    1.68317      -     -    5s
     0     0    1.68317    0  372          -    1.68317      -     -    6s
     0     0    1.68317    0  376          -    1.68317      -     -    6s
     0     0    1.68323    0  375          -    1.68323      -     -    6s
     0     0    1.68324    0  364          -    1.68324      -     -    6s
     0     0    1.68324    0  392          -    1.68324      -     -    7s
     0     0    1.68324    0  392          -    1.68324      -     -    7s
     0     0    1.68325    0  391          -    1.68325      -     -    7s
     0     0    1.68325    0  389          -    1.68325      -     -    7s
     0     0    1.68325    0  383          -    1.68325      -     -    7s
     0     2    1.68340    0  382          -    1.68340      -     -    8s
     9    11    1.69155    8  254          -    1.68533      -   589   10s
   120   117    1.73136  110  191          -    1.68533      -   245   15s
   160   147    1.71571   26  193          -    1.68581      -   321   20s
   350   287    1.70367   11  244          -    1.69155      -   269   25s
   465   329    1.70175   33  267          -    1.69266      -   272   30s
   557   375    1.70540   10  240          -    1.69421      -   292   35s
   635   403    1.74146   42  216          -    1.69511      -   305   40s
   690   425    1.69794   13  286          -    1.69572      -   311   45s
   694   428    1.71288   12  350          -    1.69572      -   309   50s
   699   431    1.70834   15  355          -    1.69572      -   307   55s
   703   434    1.70714   62  379          -    1.69572      -   305   60s
   708   437    1.71496   20  370          -    1.69572      -   303   65s
   711   439    1.71123   14  362          -    1.69574      -   302   71s
   716   445    1.70227   13  291          -    1.69574      -   372   75s
   723   447    1.71668   16  286          -    1.69620      -   393   80s
   731   453    1.72405   20  281          -    1.69620      -   408   85s
   742   456    1.71747   26  243          -    1.69620      -   419   90s
   774   452 infeasible   15               -    1.69620      -   422   95s
   787   451    1.72285   16  304          -    1.69777      -   433  100s
   802   445    1.72400   16  287          -    1.69777      -   445  105s
   827   444    1.73814   19  292          -    1.70227      -   462  110s
   853   442    1.71363   16  329          -    1.70227      -   473  115s
   890   435    1.72128   19  248          -    1.70687      -   484  120s
   927   445    1.72917   22  124          -    1.70771      -   483  125s
   970   444    1.71298   14  235          -    1.71258      -   487  130s
   996   446    1.72595   20  258          -    1.71610      -   488  135s
H 1030   417                       1.7493135    1.71618  1.89%   490  139s
  1040   422    1.74360   36  110    1.74931    1.71618  1.89%   485  140s
  1137   393    1.73606   15  229    1.74931    1.71875  1.75%   469  145s
  1191   378    1.74017   19  137    1.74931    1.71963  1.70%   473  150s
  1282   348    1.72556   16  266    1.74931    1.72405  1.44%   462  155s
  1364   317    1.73078   21  186    1.74931    1.72790  1.22%   457  160s
  1522   266    1.74585   36  144    1.74931    1.73340  0.91%   435  165s
  1750   128    1.74430   36  110    1.74931    1.74295  0.36%   414  170s

Cutting planes:
  Learned: 13
  Gomory: 5
  Cover: 81
  Implied bound: 98
  Projected implied bound: 2
  Clique: 11
  MIR: 137
  Mixing: 1
  StrongCG: 9
  Flow cover: 272
  GUB cover: 9
  Zero half: 7
  Network: 30
  RLT: 6
  Relax-and-lift: 33
  BQP: 3
  PSD: 1

Explored 2096 nodes (775699 simplex iterations) in 172.10 seconds (339.07 work units)
Thread count was 1 (of 20 available processors)

Solution count 1: 1.74931 

Optimal solution found (tolerance 0.00e+00)
Best objective 1.749313452051e+00, best bound 1.749313452051e+00, gap 0.0000%

User-callback calls 43142, time in user-callback 0.01 sec
