
Gurobi 13.0.2 (win64) logging started Fri Jul 24 23:05:05 2026

Set parameter LogFile to value "E:\codes\ExactEBRP\results\gf_nonblocking_gurobi_c6_round31\runs\stage2__tight_T_seed6102__c6_candidate__300s\native.log"
Set parameter Threads to value 1
Set parameter Presolve to value -1
Set parameter Seed to value 0
Set parameter MIPGap to value 0
Set parameter MIPGapAbs to value 0
Warning: unknown variable 'r_max' in bounds section (line 103361)
Warning: unknown variable 'r_min' in bounds section (line 103362)
Read LP format model from file E:\codes\ExactEBRP\results\gf_nonblocking_gurobi_c6_round31\runs\stage2__tight_T_seed6102__c6_candidate__300s\external\models\L0.lp
Reading time = 0.23 seconds
obj: 93019 rows, 18189 columns, 665236 nonzeros
Set parameter TimeLimit to value 200.4924084
Warning: unknown variable 'r_max' in bounds section (line 103361)
Warning: unknown variable 'r_min' in bounds section (line 103362)
Read LP format model from file E:\codes\ExactEBRP\results\gf_nonblocking_gurobi_c6_round31\runs\stage2__tight_T_seed6102__c6_candidate__300s\external\models\L1.lp
Reading time = 0.22 seconds
obj: 93019 rows, 18189 columns, 665846 nonzeros
Set parameter TimeLimit to value 194.0015281
Warning: unknown variable 'r_max' in bounds section (line 103361)
Warning: unknown variable 'r_min' in bounds section (line 103362)
Read LP format model from file E:\codes\ExactEBRP\results\gf_nonblocking_gurobi_c6_round31\runs\stage2__tight_T_seed6102__c6_candidate__300s\external\models\L2.lp
Reading time = 0.23 seconds
obj: 93019 rows, 18189 columns, 665846 nonzeros
Set parameter TimeLimit to value 189.6599981
Warning: unknown variable 'r_max' in bounds section (line 103361)
Warning: unknown variable 'r_min' in bounds section (line 103362)
Read LP format model from file E:\codes\ExactEBRP\results\gf_nonblocking_gurobi_c6_round31\runs\stage2__tight_T_seed6102__c6_candidate__300s\external\models\L3.lp
Reading time = 0.23 seconds
obj: 93019 rows, 18189 columns, 665846 nonzeros
Set parameter TimeLimit to value 164.4015495
Warning: unknown variable 'r_max' in bounds section (line 103361)
Warning: unknown variable 'r_min' in bounds section (line 103362)
Read LP format model from file E:\codes\ExactEBRP\results\gf_nonblocking_gurobi_c6_round31\runs\stage2__tight_T_seed6102__c6_candidate__300s\external\models\L1.0.lp
Reading time = 0.22 seconds
obj: 93019 rows, 18189 columns, 665846 nonzeros
Set parameter TimeLimit to value 161.5234391
Warning: unknown variable 'r_max' in bounds section (line 103361)
Warning: unknown variable 'r_min' in bounds section (line 103362)
Read LP format model from file E:\codes\ExactEBRP\results\gf_nonblocking_gurobi_c6_round31\runs\stage2__tight_T_seed6102__c6_candidate__300s\external\models\L1.1.lp
Reading time = 0.22 seconds
obj: 93019 rows, 18189 columns, 665846 nonzeros
Set parameter TimeLimit to value 149.2175691
