
Gurobi 13.0.2 (win64) logging started Sun Aug  9 14:12:25 2026

Set parameter LogFile to value "E:\codes\ExactEBRP\results\gf_simple_start_qualification_round35\runs\matrix1800__high_imbalance_seed4201__c6_simple_start__1800s\external\native_logs\L2_c6_1_next_leaf_target_mip.gurobi.log"
Gurobi Optimizer version 13.0.2 build v13.0.2rc1 (win64 - Windows 10.0 (19045.2))

CPU model: 12th Gen Intel(R) Core(TM) i7-12700KF, instruction set [SSE2|AVX|AVX2]
Thread count: 12 physical cores, 20 logical processors, using up to 1 threads

Non-default parameters:
TimeLimit  1783.2211695
MIPGap  0
MIPGapAbs  0
LogToConsole  0
Threads  1

Optimize a model with 11902 rows, 3374 columns and 67341 nonzeros (Min)
Model fingerprint: 0x5730ebbc
Model has 21 linear objective coefficients
Variable types: 1684 continuous, 1690 integer (1490 binary)
Coefficient statistics:
  Matrix range     [1e-02, 2e+04]
  Objective range  [1e-02, 1e+00]
  Bounds range     [5e-01, 2e+03]
  RHS range        [5e-01, 5e+04]

Presolve removed 2145 rows and 167 columns
Presolve time: 0.28s
Presolved: 9757 rows, 3207 columns, 80760 nonzeros
Variable types: 1600 continuous, 1607 integer (1428 binary)

Root relaxation: objective 2.674361e+00, 3860 iterations, 0.25 seconds (0.66 work units)

    Nodes    |    Current Node    |     Objective Bounds      |     Work
 Expl Unexpl |  Obj  Depth IntInf | Incumbent    BestBd   Gap | It/Node Time

     0     0    2.67436    0  242          -    2.67436      -     -    0s
     0     0    2.69846    0  235          -    2.69846      -     -    0s
     0     0    2.72183    0  306          -    2.72183      -     -    1s
     0     0    2.72281    0  287          -    2.72281      -     -    1s
     0     0    2.72478    0  318          -    2.72478      -     -    2s
     0     0    2.72628    0  335          -    2.72628      -     -    2s
     0     0    2.72963    0  329          -    2.72963      -     -    3s
     0     0    2.72999    0  318          -    2.72999      -     -    3s
     0     0    2.73192    0  293          -    2.73192      -     -    4s
     0     0    2.73202    0  324          -    2.73202      -     -    4s
     0     0    2.73368    0  304          -    2.73368      -     -    4s
     0     0    2.73382    0  302          -    2.73382      -     -    4s
     0     0    2.73440    0  336          -    2.73440      -     -    5s
     0     0    2.73445    0  343          -    2.73445      -     -    5s
     0     0    2.73498    0  329          -    2.73498      -     -    6s

Cutting planes:
  Learned: 14
  Cover: 40
  Implied bound: 93
  Clique: 21
  MIR: 107
  StrongCG: 3
  Flow cover: 113
  GUB cover: 2
  Zero half: 1
  Network: 19
  RLT: 7
  Relax-and-lift: 98
  BQP: 3
  PSD: 1

Explored 1 nodes (25860 simplex iterations) in 6.25 seconds (13.11 work units)
Thread count was 1 (of 20 available processors)

Solution count 0

Solve interrupted
Best objective -, best bound 2.734984223540e+00, gap -

User-callback calls 1698, time in user-callback 0.00 sec
