
Gurobi 13.0.2 (win64) logging started Fri Aug  7 21:19:57 2026

Set parameter LogFile to value "E:\codes\ExactEBRP\results\gf_v10_convergence_round33\runs\stage1__round33_v10_tight_T_M2_Q30_seed1783646009__c6_frozen__3600s\external\native_logs\L1_lp.gurobi.log"
Gurobi Optimizer version 13.0.2 build v13.0.2rc1 (win64 - Windows 10.0 (19045.2))

CPU model: 12th Gen Intel(R) Core(TM) i7-12700KF, instruction set [SSE2|AVX|AVX2]
Thread count: 12 physical cores, 20 logical processors, using up to 1 threads

Non-default parameters:
TimeLimit  3583.3889953
MIPGap  0
MIPGapAbs  0
LogToConsole  0
Threads  1

Optimize a model with 4261 rows, 759 columns and 30613 nonzeros (Min)
Model fingerprint: 0x7f366f5c
Model has 11 linear objective coefficients
Coefficient statistics:
  Matrix range     [1e-02, 1e+05]
  Objective range  [1e-02, 1e+00]
  Bounds range     [1e-01, 2e+02]
  RHS range        [1e-01, 1e+06]

Presolve removed 349 rows and 48 columns
Presolve time: 0.02s
Presolved: 3912 rows, 712 columns, 25822 nonzeros

Iteration    Objective       Primal Inf.    Dual Inf.      Time
       0    3.4954664e-01   7.642598e+01   0.000000e+00      0s
     970    4.2772630e-01   0.000000e+00   0.000000e+00      0s

Solved in 970 iterations and 0.05 seconds (0.14 work units)
Optimal objective  4.277262969e-01

User-callback calls 1113, time in user-callback 0.00 sec
