
Gurobi 13.0.2 (win64) logging started Fri Aug  7 21:20:04 2026

Set parameter LogFile to value "E:\codes\ExactEBRP\results\gf_v10_convergence_round33\runs\stage1__round33_v10_tight_T_M2_Q30_seed1783646009__c6_frozen__3600s\external\native_logs\L2.0.1_lp.gurobi.log"
Gurobi Optimizer version 13.0.2 build v13.0.2rc1 (win64 - Windows 10.0 (19045.2))

CPU model: 12th Gen Intel(R) Core(TM) i7-12700KF, instruction set [SSE2|AVX|AVX2]
Thread count: 12 physical cores, 20 logical processors, using up to 1 threads

Non-default parameters:
TimeLimit  3577.0745087
MIPGap  0
MIPGapAbs  0
LogToConsole  0
Threads  1

Optimize a model with 4262 rows, 759 columns and 30617 nonzeros (Min)
Model fingerprint: 0x86823adb
Model has 11 linear objective coefficients
Coefficient statistics:
  Matrix range     [1e-02, 1e+05]
  Objective range  [1e-02, 1e+00]
  Bounds range     [3e-01, 1e+02]
  RHS range        [3e-01, 1e+06]

Presolve removed 375 rows and 49 columns
Presolve time: 0.01s
Presolved: 3887 rows, 711 columns, 25610 nonzeros

Iteration    Objective       Primal Inf.    Dual Inf.      Time
       0    5.2257044e-01   9.639872e+01   0.000000e+00      0s
Warning: very big Kappa = 1.71916e+12, try parameter NumericFocus

Solved in 624 iterations and 0.03 seconds (0.09 work units)
Infeasible model

User-callback calls 765, time in user-callback 0.00 sec
