
Gurobi 13.0.2 (win64) logging started Sat Jul 25 02:14:22 2026

Set parameter LogFile to value "E:\codes\ExactEBRP\results\gf_nonblocking_gurobi_c6_round31\runs\stage4__high_imbalance_seed6202__p_grb_hga__300s\native.log"
Set parameter Threads to value 1
Set parameter Presolve to value -1
Set parameter Seed to value 0
Set parameter MIPGap to value 0
Set parameter MIPGapAbs to value 0
Set parameter TimeLimit to value 300
Read LP format model from file E:\codes\ExactEBRP\results\gf_nonblocking_gurobi_c6_round31\runs\stage4__high_imbalance_seed6202__p_grb_hga__300s\canonical.lp
Reading time = 0.04 seconds
obj: 27650 rows, 10534 columns, 135597 nonzeros
Set parameter TimeLimit to value 272.9582797
Gurobi Optimizer version 13.0.2 build v13.0.2rc1 (win64 - Windows 10.0 (19045.2))

CPU model: 12th Gen Intel(R) Core(TM) i7-12700KF, instruction set [SSE2|AVX|AVX2]
Thread count: 12 physical cores, 20 logical processors, using up to 1 threads

Non-default parameters:
TimeLimit  272.9582797
MIPGap  0
MIPGapAbs  0
LogToConsole  0
Threads  1

Optimize a model with 27650 rows, 10534 columns and 135597 nonzeros (Min)
Model fingerprint: 0x94f8f2ac
Model has 51 linear objective coefficients
Variable types: 1805 continuous, 8729 integer (8229 binary)
Coefficient statistics:
  Matrix range     [2e-02, 6e+02]
  Objective range  [1e-02, 1e+00]
  Bounds range     [1e+00, 6e+01]
  RHS range        [1e+00, 4e+03]

Loaded user MIP start with objective 9.82066

Presolve removed 417 rows and 102 columns
Presolve time: 0.31s
Presolved: 27233 rows, 10432 columns, 211892 nonzeros
Variable types: 579 continuous, 9853 integer (8210 binary)

Use crossover to convert LP symmetric solution to basic solution...
Crossover time: 0.02 seconds (0.02 work units)

Root relaxation: objective 7.114386e+00, 6211 iterations, 0.47 seconds (1.04 work units)

    Nodes    |    Current Node    |     Objective Bounds      |     Work
 Expl Unexpl |  Obj  Depth IntInf | Incumbent    BestBd   Gap | It/Node Time

     0     0    7.11439    0  594    9.82066    7.11439  27.6%     -    0s
     0     0    7.37952    0 1150    9.82066    7.37952  24.9%     -    1s
     0     0    7.39240    0 1096    9.82066    7.39240  24.7%     -    1s
     0     0    7.43695    0 1053    9.82066    7.43695  24.3%     -    2s
     0     0    7.44471    0 1012    9.82066    7.44471  24.2%     -    2s
     0     0    7.46154    0  711    9.82066    7.46154  24.0%     -    3s
     0     0    7.46242    0  649    9.82066    7.46242  24.0%     -    3s
     0     0    7.65204    0  749    9.82066    7.65204  22.1%     -    3s
H    0     0                       9.8193965    7.65206  22.1%     -    3s
     0     0    7.65614    0  765    9.81940    7.65614  22.0%     -    3s
     0     0    7.77939    0 1191    9.81940    7.77939  20.8%     -    4s
H    0     0                       9.8187952    7.77989  20.8%     -    4s
     0     0    7.78912    0 1000    9.81880    7.78912  20.7%     -    4s
     0     0    7.79060    0  916    9.81880    7.79060  20.7%     -    4s
     0     0    7.79093    0  882    9.81880    7.79093  20.7%     -    4s
     0     0    7.79102    0  918    9.81880    7.79102  20.7%     -    4s
     0     0    7.79643    0  935    9.81880    7.79643  20.6%     -    4s
     0     0    7.79688    0  945    9.81880    7.79688  20.6%     -    5s
     0     0    7.79702    0  947    9.81880    7.79702  20.6%     -    5s
     0     0    7.79705    0  952    9.81880    7.79705  20.6%     -    5s
     0     0    7.80376    0  875    9.81880    7.80376  20.5%     -    5s
     0     0    7.80575    0  954    9.81880    7.80575  20.5%     -    5s
     0     0    7.80592    0  966    9.81880    7.80592  20.5%     -    5s
     0     0    7.80592    0  961    9.81880    7.80592  20.5%     -    5s
     0     0    7.80877    0  893    9.81880    7.80877  20.5%     -    6s
     0     0    7.82392    0  794    9.81880    7.82392  20.3%     -    6s
     0     0    7.82461    0  741    9.81880    7.82461  20.3%     -    6s
     0     0    7.82474    0  832    9.81880    7.82474  20.3%     -    6s
     0     0    7.82505    0  820    9.81880    7.82505  20.3%     -    6s
     0     0    7.82509    0  831    9.81880    7.82509  20.3%     -    6s
     0     0    7.82864    0  792    9.81880    7.82864  20.3%     -    6s
     0     0    7.82973    0  847    9.81880    7.82973  20.3%     -    7s
     0     0    7.82995    0  862    9.81880    7.82995  20.3%     -    7s
     0     0    7.82995    0  858    9.81880    7.82995  20.3%     -    7s
     0     0    7.82997    0  824    9.81880    7.82997  20.3%     -    7s
     0     0    7.83011    0  847    9.81880    7.83011  20.3%     -    7s
     0     0    7.83012    0  852    9.81880    7.83012  20.3%     -    7s
     0     0    7.83026    0  854    9.81880    7.83026  20.3%     -    7s
     0     0    7.83026    0  865    9.81880    7.83026  20.3%     -    7s
     0     0    7.83050    0  873    9.81880    7.83050  20.2%     -    8s
     0     0    7.83050    0  873    9.81880    7.83050  20.2%     -    8s
     0     0    7.83050    0  854    9.81880    7.83050  20.2%     -    8s
     0     2    7.83050    0  839    9.81880    7.83050  20.2%     -    9s
H    5     5                       9.8187207    7.83244  20.2%   123   10s
   139   141    8.37388  122 1051    9.81872    7.83244  20.2%  59.9   15s
H  213   212                       9.8187123    7.83244  20.2%  46.9   16s
H  298   283                       9.8186954    7.83244  20.2%  63.6   19s
   329   316    8.52523   67 1093    9.81870    7.83244  20.2%  60.5   20s
   522   505    8.75535  137  854    9.81870    7.83244  20.2%  49.7   26s
   525   507    8.21098   37 1238    9.81870    7.83244  20.2%  49.4   30s
   530   510    8.37828  135  948    9.81870    7.83244  20.2%  48.9   35s
   535   514    9.09447  206  864    9.81870    7.83244  20.2%  48.4   43s
   539   516    8.42651  192  864    9.81870    7.83244  20.2%  48.1   45s
   550   524    8.34528   85  934    9.81870    7.83463  20.2%  47.1   50s
   558   531    7.84830   16  867    9.81870    7.83464  20.2%  77.1   55s
   579   541    8.63634   26 1031    9.81870    7.84830  20.1%  82.7   60s
   595   546    8.14840   35 1166    9.81870    7.84830  20.1%  86.0   65s
   613   548    8.32618   50 1156    9.81870    7.84830  20.1%  88.4   70s
   637   563    8.35695   62 1163    9.81870    7.84830  20.1%  94.0   75s
   661   579    8.44407   74 1196    9.81870    7.84830  20.1%  98.8   80s
   681   592    8.46749   84 1142    9.81870    7.84830  20.1%   102   85s
   700   605    8.61524   93 1209    9.81870    7.84830  20.1%   107   90s
   712   613    8.55613   99 1232    9.81870    7.84830  20.1%   113   97s
H  713   584                       9.8185100    7.84830  20.1%   113   98s
H  713   558                       9.8161774    7.84830  20.0%   113   98s
H  713   533                       9.8159467    7.84830  20.0%   113   98s
H  713   510                       9.8159123    7.84830  20.0%   113   98s
H  713   488                       9.8159120    7.84830  20.0%   113   98s
   720   495    8.72711  103 1236    9.81591    7.84830  20.0%   116  100s
   742   500    9.77757  112 1159    9.81591    7.84830  20.0%   125  105s
   762   503    7.93166   24 1020    9.81591    7.84847  20.0%   129  110s
   780   515    8.09562   33 1263    9.81591    7.84847  20.0%   138  115s
   797   526    8.11826   41 1301    9.81591    7.84847  20.0%   143  120s
   814   532    8.55943   50 1240    9.81591    7.84847  20.0%   152  125s
   835   544    8.70522   60 1205    9.81591    7.84847  20.0%   154  130s
   856   558    8.59208   71 1132    9.81591    7.84847  20.0%   156  135s
   878   570    9.02033   82 1182    9.81591    7.84847  20.0%   159  140s
   906   589    9.03338   96 1096    9.81591    7.84847  20.0%   158  145s
   931   604    9.04105  108 1022    9.81591    7.84847  20.0%   160  150s
   971   630    9.07059  128  837    9.81591    7.84847  20.0%   160  155s
   990   643    9.04544  138  816    9.81591    7.84847  20.0%   160  160s
  1028   668    9.04647  157  741    9.81591    7.84847  20.0%   160  165s
  1098   677    7.86401   18  904    9.81591    7.84912  20.0%   158  170s
  1114   688    9.36792   26 1062    9.81591    7.84912  20.0%   163  175s
  1135   696    8.37678   36 1140    9.81591    7.84912  20.0%   166  180s
  1155   709    8.41133   46 1179    9.81591    7.84912  20.0%   168  185s
  1181   725    9.25092   59 1221    9.81591    7.84912  20.0%   170  192s
  1195   735    9.25755   66 1229    9.81591    7.84912  20.0%   172  195s
  1217   745    8.46262   77 1136    9.81591    7.84912  20.0%   175  200s
  1237   755    8.73160   87 1163    9.81591    7.84912  20.0%   178  205s
  1260   754    7.90864   21 1241    9.81591    7.84924  20.0%   181  210s
  1276   762    8.09835   29  683    9.81591    7.84924  20.0%   184  215s
  1277   762    8.12930   30 1216    9.81591    7.84924  20.0%   185  221s
  1287   769    8.24118   35 1200    9.81591    7.84924  20.0%   186  225s
  1303   778    8.86405   43 1270    9.81591    7.84924  20.0%   190  230s
  1322   788    8.91428   52 1154    9.81591    7.84924  20.0%   191  235s
  1340   800    8.99539   61 1070    9.81591    7.84924  20.0%   193  240s
  1365   812    9.09971   74 1055    9.81591    7.84924  20.0%   195  245s
  1397   821    9.11008   90 1078    9.81591    7.84924  20.0%   195  250s
  1423   821    9.11508   99  967    9.81591    7.84924  20.0%   195  255s
  1449   830    9.25480   29 1126    9.81591    7.85927  19.9%   201  260s
  1483   851    8.88464   46  870    9.81591    7.85927  19.9%   203  265s
  1513   865    8.95338   61 1063    9.81591    7.85927  19.9%   206  270s

Cutting planes:
  Learned: 11
  Gomory: 12
  Cover: 75
  Implied bound: 83
  Projected implied bound: 84
  Clique: 50
  MIR: 454
  Mixing: 4
  StrongCG: 60
  Flow cover: 523
  GUB cover: 6
  Inf proof: 2
  Zero half: 35
  Mod-K: 2
  RLT: 12
  Relax-and-lift: 53
  BQP: 35

Explored 1537 nodes (333062 simplex iterations) in 272.96 seconds (571.08 work units)
Thread count was 1 (of 20 available processors)

Solution count 10: 9.81591 9.81591 9.81595 ... 9.8194

Time limit reached
Best objective 9.815911956147e+00, best bound 7.859266062447e+00, gap 19.9334%

User-callback calls 73703, time in user-callback 0.01 sec
