
Gurobi 13.0.2 (win64) logging started Fri Oct  2 23:01:10 2026

Set parameter LogFile to value "E:\codes\ExactEBRP\results\unified_exact_round100\development01\raw\09_R98-C2_P-GRB\native.log"
Set parameter Threads to value 1
Set parameter Presolve to value -1
Set parameter Seed to value 0
Set parameter MIPGap to value 0
Set parameter MIPGapAbs to value 0
Set parameter TimeLimit to value 1794
Read LP format model from file E:\codes\ExactEBRP\results\unified_exact_round100\development01\raw\09_R98-C2_P-GRB\compact.lp
Reading time = 0.02 seconds
obj: 10627 rows, 4242 columns, 50577 nonzeros
Set parameter TimeLimit to value 1796.7052511
Gurobi Optimizer version 13.0.2 build v13.0.2rc1 (win64 - Windows 10.0 (19045.2))

CPU model: 12th Gen Intel(R) Core(TM) i7-12700KF, instruction set [SSE2|AVX|AVX2]
Thread count: 12 physical cores, 20 logical processors, using up to 1 threads

Non-default parameters:
TimeLimit  1796.7052511
MIPGap  0
MIPGapAbs  0
LogToConsole  0
Threads  1

Optimize a model with 10627 rows, 4242 columns and 50577 nonzeros (Min)
Model fingerprint: 0x836d4a62
Model has 31 linear objective coefficients
Variable types: 794 continuous, 3448 integer (3148 binary)
Coefficient statistics:
  Matrix range     [4e-02, 2e+03]
  Objective range  [4e-02, 1e+00]
  Bounds range     [1e+00, 4e+01]
  RHS range        [1e+00, 7e+03]

Presolve removed 210 rows and 30 columns
Presolve time: 0.11s
Presolved: 10417 rows, 4212 columns, 92172 nonzeros
Variable types: 299 continuous, 3913 integer (3148 binary)
Found heuristic solution: objective 1.6753645

Root relaxation: objective 1.452539e-01, 3329 iterations, 0.16 seconds (0.38 work units)

    Nodes    |    Current Node    |     Objective Bounds      |     Work
 Expl Unexpl |  Obj  Depth IntInf | Incumbent    BestBd   Gap | It/Node Time

     0     0    0.14525    0  312    1.67536    0.14525  91.3%     -    0s
     0     0    0.16921    0  694    1.67536    0.16921  89.9%     -    1s
     0     0    0.16927    0  688    1.67536    0.16927  89.9%     -    2s
     0     0    0.17011    0  813    1.67536    0.17011  89.8%     -    2s
     0     0    0.17014    0  753    1.67536    0.17014  89.8%     -    2s
     0     0    0.17051    0  810    1.67536    0.17051  89.8%     -    2s
     0     0    0.17051    0  808    1.67536    0.17051  89.8%     -    2s
     0     0    0.17066    0  854    1.67536    0.17066  89.8%     -    3s
H    0     0                       1.6208328    0.17066  89.5%     -    3s
     0     0    0.17066    0  833    1.62083    0.17066  89.5%     -    3s
     0     0    0.17073    0  843    1.62083    0.17073  89.5%     -    3s
     0     0    0.17073    0  816    1.62083    0.17073  89.5%     -    3s
     0     0    0.17073    0  848    1.62083    0.17073  89.5%     -    4s
H    0     0                       1.6146488    0.17073  89.4%     -    4s
H    0     0                       1.5212070    0.17073  88.8%     -    4s
H    0     0                       1.5093995    0.17073  88.7%     -    4s
H    0     0                       1.5072307    0.17073  88.7%     -    4s
H    0     0                       1.5001462    0.17073  88.6%     -    4s
H    0     0                       1.4971448    0.17073  88.6%     -    4s
H    0     0                       1.3761985    0.17073  87.6%     -    4s
H    0     0                       1.3704460    0.17073  87.5%     -    4s
H    0     0                       1.3461850    0.17073  87.3%     -    4s
H    0     0                       1.3458040    0.17073  87.3%     -    4s
H    0     0                       1.3446087    0.17073  87.3%     -    4s
     0     0    0.17073    0  866    1.34461    0.17073  87.3%     -    4s
     0     0    0.17085    0  834    1.34461    0.17085  87.3%     -    4s
     0     0    0.17085    0  830    1.34461    0.17085  87.3%     -    4s
     0     0    0.17102    0  879    1.34461    0.17102  87.3%     -    5s
H    0     0                       1.1345857    0.17102  84.9%     -    5s
H    0     0                       1.1208716    0.17102  84.7%     -    5s
H    0     0                       1.1146940    0.17102  84.7%     -    5s
H    0     0                       1.1131002    0.17102  84.6%     -    5s
H    0     0                       1.1093320    0.17102  84.6%     -    5s
H    0     0                       1.1055637    0.17102  84.5%     -    5s
H    0     0                       1.1030861    0.17102  84.5%     -    5s
H    0     0                       1.0930522    0.17102  84.4%     -    5s
H    0     0                       1.0707749    0.17102  84.0%     -    5s
     0     0    0.17102    0  876    1.07077    0.17102  84.0%     -    5s
     0     0    0.17102    0  852    1.07077    0.17102  84.0%     -    5s
H    0     0                       1.0223780    0.17102  83.3%     -    5s
     0     0    0.17102    0  864    1.02238    0.17102  83.3%     -    5s
     0     0    0.17106    0  864    1.02238    0.17106  83.3%     -    6s
     0     0    0.17106    0  857    1.02238    0.17106  83.3%     -    6s
     0     0    0.17106    0  855    1.02238    0.17106  83.3%     -    6s
     0     0    0.17106    0  855    1.02238    0.17106  83.3%     -    6s
H    0     0                       1.0159626    0.17106  83.2%     -    6s
H    0     0                       1.0066616    0.17106  83.0%     -    6s
H    0     0                       0.9943064    0.17106  82.8%     -    6s
     0     2    0.17106    0  855    0.99431    0.17106  82.8%     -    6s
H    2     2                       0.9477606    0.17106  82.0%   378    7s
H    2     2                       0.9458121    0.17106  81.9%   378    7s
H    2     2                       0.9406286    0.17106  81.8%   378    7s
H    2     2                       0.9221866    0.17106  81.5%   378    7s
H    2     2                       0.9202342    0.17106  81.4%   378    7s
H    2     2                       0.9017326    0.17106  81.0%   378    7s
H    2     2                       0.8954528    0.17106  80.9%   378    7s
H    2     2                       0.8860067    0.17106  80.7%   378    7s
H    2     2                       0.8847118    0.17106  80.7%   378    7s
H    2     2                       0.8821438    0.17106  80.6%   378    7s
H    2     2                       0.8591996    0.17106  80.1%   378    7s
H    2     2                       0.8579774    0.17106  80.1%   378    7s
H    8     8                       0.8205154    0.17106  79.2%   195    7s
H    8     8                       0.8202254    0.17106  79.1%   195    7s
H    8     8                       0.8201494    0.17106  79.1%   195    7s
H    8     8                       0.8147107    0.17106  79.0%   195    7s
H    8     8                       0.8119737    0.17106  78.9%   195    7s
H    8     8                       0.8117982    0.17106  78.9%   195    7s
H    8     8                       0.8116228    0.17106  78.9%   195    7s
H    8     8                       0.8114473    0.17106  78.9%   195    7s
H    8     8                       0.8048992    0.17106  78.7%   195    7s
H    8     8                       0.7817100    0.17106  78.1%   195    7s
H    8     8                       0.7790467    0.17106  78.0%   195    7s
H    8     8                       0.7697920    0.17106  77.8%   195    7s
H   11    11                       0.7684858    0.17106  77.7%   241    8s
H   11    11                       0.7586774    0.17106  77.5%   241    8s
H   11    11                       0.7586652    0.17106  77.5%   241    8s
H   14    14                       0.7535673    0.17106  77.3%   741    8s
H   14    14                       0.7532183    0.17106  77.3%   741    8s
H   14    14                       0.7527838    0.17106  77.3%   741    8s
H   15    15                       0.7478219    0.17106  77.1%   693    9s
H   15    15                       0.7361460    0.17106  76.8%   693    9s
H   15    15                       0.7338332    0.17106  76.7%   693    9s
H   15    15                       0.7192941    0.17106  76.2%   693    9s
H   15    15                       0.7188047    0.17106  76.2%   693    9s
H   15    15                       0.6982367    0.17106  75.5%   693    9s
H   15    15                       0.6904512    0.17106  75.2%   693    9s
H   15    15                       0.6766977    0.17106  74.7%   693    9s
H   15    15                       0.6516533    0.17106  73.8%   693    9s
H   15    15                       0.6219706    0.17106  72.5%   693    9s
H   15    15                       0.5958307    0.17106  71.3%   693    9s
H   22    22                       0.5931411    0.17106  71.2%   507    9s
H   22    22                       0.5817372    0.17106  70.6%   507    9s
    24    26    0.29370   18  769    0.58174    0.17106  70.6%   555   10s
H   25    25                       0.5809036    0.17106  70.6%   533   10s
H  125   115                       0.5440101    0.17106  68.6%   179   11s
H  125   115                       0.5414006    0.17106  68.4%   179   11s
H  246   223                       0.5357171    0.17127  68.0%   152   15s
H  246   223                       0.4923394    0.17127  65.2%   152   15s
H  251   228                       0.4860124    0.17127  64.8%   152   15s
H  266   243                       0.4691818    0.17127  63.5%   156   16s
H  266   243                       0.4619131    0.17127  62.9%   156   17s
H  267   244                       0.4615599    0.17127  62.9%   156   18s
   334   309    0.19317  118  165    0.46156    0.17127  62.9%   160   20s
H  556   482                       0.4613105    0.17343  62.4%   145   23s
H  556   482                       0.4609885    0.17343  62.4%   145   23s
H  556   482                       0.4609538    0.17343  62.4%   145   23s
   557   483    0.18962   70  855    0.46095    0.17127  62.8%   145   26s
   562   486    0.17549    4  873    0.46095    0.17549  61.9%   144   30s
H  569   466                       0.4500950    0.17656  60.8%   142   35s
H  569   442                       0.4496781    0.17656  60.7%   142   35s
H  569   420                       0.4493327    0.17656  60.7%   142   35s
H  569   399                       0.4488362    0.17656  60.7%   142   35s
H  569   379                       0.4486851    0.17656  60.6%   142   35s
H  569   359                       0.4463883    0.17656  60.4%   142   35s
H  569   341                       0.4383264    0.17656  59.7%   142   35s
H  571   325                       0.4342720    0.17680  59.3%   142   37s
   577   329    0.19013  111  765    0.43427    0.17696  59.3%   140   40s
   592   341    0.18041   37  830    0.43427    0.17755  59.1%   202   45s
   599   346    0.18142   27  788    0.43427    0.17825  59.0%   200   50s
   607   351    0.33771  145  850    0.43427    0.17834  58.9%   197   55s
H  611   335                       0.3983819    0.17834  55.2%   196   57s
H  611   318                       0.3947972    0.17834  54.8%   196   57s
   614   322    0.18368   28  764    0.39480    0.17868  54.7%   255   61s
H  628   313                       0.3939669    0.18053  54.2%   276   64s
H  628   297                       0.3846446    0.18053  53.1%   276   64s
H  628   283                       0.3846120    0.18053  53.1%   276   64s
H  628   269                       0.3819852    0.18053  52.7%   276   64s
H  628   255                       0.3805079    0.18053  52.6%   276   64s
   629   258    0.18172   36  694    0.38051    0.18053  52.6%   278   65s
   658   277    0.18414   50  396    0.38051    0.18053  52.6%   287   70s
   751   339    0.19284   97  127    0.38051    0.18053  52.6%   289   75s
   868   402    0.21081  150  206    0.38051    0.18053  52.6%   291   80s
   903   407    0.18251   39  694    0.38051    0.18083  52.5%   312   88s
   912   413    0.19123   43  659    0.38051    0.18083  52.5%   319   90s
   960   445    0.19458   67  491    0.38051    0.18083  52.5%   322   95s
  1041   499    0.20156  108  156    0.38051    0.18083  52.5%   317  100s
  1126   556    0.20179  150  180    0.38051    0.18083  52.5%   324  105s
H 1131   545                       0.3791095    0.18083  52.3%   325  105s
H 1208   554                       0.3789885    0.18087  52.3%   318  109s
  1209   556    0.18386   36  683    0.37899    0.18087  52.3%   325  110s
  1219   563    0.18570   41  660    0.37899    0.18087  52.3%   344  115s
  1261   591    0.19544   62  370    0.37899    0.18087  52.3%   355  120s
  1337   663    0.19965  100  140    0.37899    0.18087  52.3%   353  125s
  1426   750    0.20171  145  222    0.37899    0.18087  52.3%   353  130s
  1517   809    0.18431   36  603    0.37899    0.18107  52.2%   349  135s
  1566   858    0.19856   60  407    0.37899    0.18107  52.2%   353  140s
  1657   947    0.20910  106  121    0.37899    0.18107  52.2%   349  145s
  1730   997    0.18132   36  662    0.37899    0.18107  52.2%   351  150s
  1764  1031    0.18924   53  561    0.37899    0.18107  52.2%   361  155s
  1896  1163    0.19911  119  171    0.37899    0.18107  52.2%   350  160s
  1968  1219    0.18132   37  698    0.37899    0.18132  52.2%   355  165s
H 1975  1222                       0.3617142    0.18132  49.9%   357  172s
H 1976  1217                       0.3551419    0.18132  48.9%   357  173s
H 1976  1217                       0.3548818    0.18132  48.9%   357  173s
H 1976  1217                       0.3539492    0.18132  48.8%   357  177s
H 1976  1217                       0.3499667    0.18132  48.2%   357  178s
  1976  1219    0.18279   41  620    0.34997    0.18132  48.2%   358  180s
H 1977  1179                       0.2895877    0.18132  37.4%   358  180s
  2018  1222    0.18999   62  484    0.28959    0.18132  37.4%   363  185s
  2117  1319    0.19627  111  124    0.28959    0.18132  37.4%   354  190s
  2185  1367    0.18418   36  593    0.28959    0.18132  37.4%   359  195s
  2197  1379    0.18582   42  479    0.28959    0.18132  37.4%   369  200s
  2212  1394    0.19047   49  602    0.28959    0.18132  37.4%   382  205s
H 2214  1394                       0.2889659    0.18132  37.3%   382  205s
H 2214  1394                       0.2889209    0.18132  37.2%   382  205s
  2282  1464    0.19980   84   83    0.28892    0.18132  37.2%   379  210s
  2391  1534    0.18284   38  612    0.28892    0.18132  37.2%   374  215s
  2444  1587    0.19129   64  285    0.28892    0.18132  37.2%   378  220s
  2535  1670    0.19920  110  306    0.28892    0.18132  37.2%   377  225s
  2605  1713    0.18543   46  459    0.28892    0.18132  37.2%   379  230s
H 2622  1728                       0.2881409    0.18132  37.1%   381  232s
H 2622  1714                       0.2797162    0.18132  35.2%   381  232s
H 2622  1714                       0.2795289    0.18132  35.1%   381  232s
  2653  1747    0.19847   78  303    0.27953    0.18132  35.1%   382  235s
  2780  1874    0.20166  173   98    0.27953    0.18132  35.1%   369  240s
  2833  1915    0.18798   55  508    0.27953    0.18132  35.1%   372  245s
  2896  1978    0.19867  104  244    0.27953    0.18132  35.1%   371  250s
H 2958  2011                       0.2727743    0.18132  33.5%   369  255s
H 2958  2007                       0.2703555    0.18132  32.9%   369  255s
  2958  2008    0.25457  142  395    0.27036    0.18132  32.9%   369  261s
  3005  2027    0.18603   48  507    0.27036    0.18132  32.9%   368  265s
  3024  2046    0.18869   63  493    0.27036    0.18132  32.9%   374  270s
  3104  2126    0.19632  124  124    0.27036    0.18132  32.9%   371  275s
  3213  2229    0.23387  188  285    0.27036    0.18132  32.9%   366  280s
  3259  2258    0.19281   66  426    0.27036    0.18132  32.9%   369  285s
  3353  2350    0.19878  129  123    0.27036    0.18132  32.9%   365  290s
  3486  2434    0.18285   40  509    0.27036    0.18132  32.9%   359  295s
  3582  2521    0.21197  111  358    0.27036    0.18132  32.9%   354  300s
  3613  2541    0.18838   53  479    0.27036    0.18132  32.9%   358  305s
  3648  2576    0.19502   73  336    0.27036    0.18132  32.9%   362  310s
  3743  2671    0.19978  130  176    0.27036    0.18132  32.9%   359  315s
  3832  2714    0.18526   39  524    0.27036    0.18144  32.9%   358  320s
  3862  2744    0.19020   62  448    0.27036    0.18144  32.9%   362  325s
H 3865  2656                       0.2565554    0.18144  29.3%   362  325s
H 3871  2657                       0.2557636    0.18144  29.1%   362  326s
H 3871  2657                       0.2554318    0.18144  29.0%   362  326s
H 3878  2664                       0.2554169    0.18144  29.0%   362  326s
  3940  2726    0.19976  117  278    0.25542    0.18144  29.0%   359  330s
  3992  2756    0.18341   44  483    0.25542    0.18144  29.0%   363  335s
  4040  2804    0.19248   76  378    0.25542    0.18144  29.0%   364  340s
  4166  2917 infeasible  147         0.25542    0.18144  29.0%   359  345s
  4262  2988    0.18339   36  670    0.25542    0.18179  28.8%   357  351s
  4274  3000    0.18400   48  560    0.25542    0.18179  28.8%   360  355s
  4325  3051    0.19878   99  222    0.25542    0.18179  28.8%   361  360s
H 4351  2983                       0.2381050    0.18179  23.6%   359  364s
  4351  2985    0.19980  125  101    0.23811    0.18179  23.6%   359  374s
  4368  2992    0.18349   36  793    0.23811    0.18218  23.5%   360  376s
  4380  3004    0.18921   42  574    0.23811    0.18218  23.5%   365  380s
  4429  3050    0.19036   67  454    0.23811    0.18218  23.5%   369  385s
  4555  3155    0.20757  131  231    0.23811    0.18218  23.5%   366  390s
  4609  3189    0.18885   63  423    0.23811    0.18218  23.5%   368  395s
  4660  3228    0.19616   61  496    0.23811    0.18220  23.5%   369  400s
  4761  3320    0.18645   30  834    0.23811    0.18220  23.5%   366  405s
  4783  3342    0.18930   48  495    0.23811    0.18220  23.5%   370  410s
  4835  3394    0.20132   86  218    0.23811    0.18220  23.5%   371  415s
  4924  3479    0.20908  153  109    0.23811    0.18220  23.5%   367  426s
  4964  3495    0.18508   36  584    0.23811    0.18222  23.5%   368  430s
  4999  3530    0.19043   71  392    0.23811    0.18222  23.5%   370  435s
  5068  3586    0.18306   38  581    0.23811    0.18222  23.5%   369  440s
  5119  3637    0.19369   89  288    0.23811    0.18222  23.5%   369  445s
  5168  3673    0.18484   45  464    0.23811    0.18229  23.4%   370  450s
  5207  3705    0.18570   39  540    0.23811    0.18233  23.4%   372  455s
  5243  3741    0.19658   52  441    0.23811    0.18233  23.4%   376  460s
  5305  3791    0.18528   55  479    0.23811    0.18233  23.4%   378  465s
  5377  3830    0.18505   44  594    0.23811    0.18244  23.4%   378  470s
  5418  3871    0.19046   85  423    0.23811    0.18244  23.4%   379  475s
  5500  3927    0.18389   46  522    0.23811    0.18244  23.4%   378  480s
  5572  3983    0.18311   41  553    0.23811    0.18250  23.4%   377  486s
  5586  3997    0.18618   55  492    0.23811    0.18250  23.4%   380  490s
  5693  4097    0.22053  157  162    0.23811    0.18250  23.4%   376  495s
  5753  4140    0.19235   83  387    0.23811    0.18250  23.4%   376  500s
  5813  4188    0.18580   45  540    0.23811    0.18251  23.3%   377  505s
  5837  4212    0.19314   69  434    0.23811    0.18251  23.3%   379  510s
  5882  4245    0.19864   52  520    0.23811    0.18251  23.3%   381  515s
  5959  4322    0.20702  107  244    0.23811    0.18251  23.3%   380  520s
  6067  4404    0.18495   40  614    0.23811    0.18253  23.3%   378  525s
  6139  4476    0.20067  112  307    0.23811    0.18253  23.3%   378  530s
  6245  4568    0.21465  121   82    0.23811    0.18259  23.3%   376  535s
  6317  4624    0.19323   69  443    0.23811    0.18259  23.3%   376  540s
  6445  4728    0.18591   41  607    0.23811    0.18269  23.3%   372  545s
  6486  4769    0.19408   62  455    0.23811    0.18269  23.3%   375  550s
  6599  4876    0.22447  118  400    0.23811    0.18269  23.3%   373  555s
  6693  4927    0.19131   52  496    0.23811    0.18269  23.3%   374  560s
  6743  4971     cutoff   71         0.23811    0.18269  23.3%   376  565s
  6785  4991    0.18802   60  495    0.23811    0.18277  23.2%   378  570s
  6824  5024    0.18592   38  556    0.23811    0.18277  23.2%   380  575s
H 6890  4945                       0.2295548    0.18277  20.4%   379  584s
  6890  4947    0.19583  103  287    0.22955    0.18277  20.4%   379  588s
  6918  4975    0.19729  131  114    0.22955    0.18277  20.4%   379  590s
  6952  4999    0.19108   52  505    0.22955    0.18279  20.4%   381  595s
  7145  5181 infeasible  242         0.22955    0.18279  20.4%   373  600s
  7204  5234    0.20406   92  354    0.22955    0.18280  20.4%   374  605s
  7243  5253    0.18544   42  556    0.22955    0.18280  20.4%   376  610s
  7267  5277    0.18914   61  396    0.22955    0.18280  20.4%   379  615s
  7324  5334    0.19517  103  229    0.22955    0.18280  20.4%   380  620s
  7411  5391    0.18600   43  500    0.22955    0.18280  20.4%   381  625s
  7433  5413    0.19988   65  418    0.22955    0.18280  20.4%   383  630s
  7488  5459    0.18925   60  419    0.22955    0.18280  20.4%   384  635s
  7519  5482    0.18440   48  508    0.22955    0.18282  20.4%   386  640s
  7611  5550    0.18586   45  613    0.22955    0.18282  20.4%   386  646s
  7636  5573    0.21785   69  422    0.22955    0.18282  20.4%   388  650s
  7703  5630    0.18870   62  492    0.22955    0.18283  20.4%   388  655s
  7823  5731    0.18312   42  635    0.22955    0.18283  20.4%   385  660s
  7878  5777    0.18434   44  600    0.22955    0.18283  20.4%   385  665s
  7914  5803    0.18350   40  630    0.22955    0.18283  20.4%   388  671s
  7924  5813    0.18487   44  547    0.22955    0.18283  20.4%   390  675s
  7971  5860    0.22066   63  435    0.22955    0.18283  20.4%   393  680s
  7995  5876    0.20272   56  453    0.22955    0.18285  20.3%   395  685s
  8081  5936    0.18471   43  575    0.22955    0.18285  20.3%   394  690s
  8117  5972    0.19431   79  373    0.22955    0.18285  20.3%   395  695s
  8174  6019    0.18935   58  435    0.22955    0.18285  20.3%   396  700s
  8253  6080    0.19120   67  429    0.22955    0.18285  20.3%   395  705s
  8361  6173    0.18642   42  552    0.22955    0.18288  20.3%   393  710s
  8421  6231    0.21442   72  200    0.22955    0.18288  20.3%   395  715s
  8565  6320    0.18722   52  459    0.22955    0.18288  20.3%   393  720s
  8635  6365    0.18696   45  525    0.22955    0.18288  20.3%   393  725s
  8731  6437    0.18398   42  587    0.22955    0.18291  20.3%   392  734s
  8733  6439    0.18412   44  563    0.22955    0.18291  20.3%   392  735s
  8820  6504    0.18943   41  561    0.22955    0.18294  20.3%   391  740s
  8882  6553    0.18442   36  724    0.22955    0.18294  20.3%   391  746s
  8919  6590    0.19207   73  348    0.22955    0.18294  20.3%   392  750s
  8979  6639    0.19004   45  532    0.22955    0.18294  20.3%   392  755s
  9148  6774    0.18442   36  696    0.22955    0.18294  20.3%   388  760s
  9186  6810    0.19014   73  489    0.22955    0.18294  20.3%   389  765s
  9275  6882    0.18496   39  582    0.22955    0.18297  20.3%   388  770s
  9293  6900    0.19123   45  617    0.22955    0.18297  20.3%   391  775s
  9321  6926    0.18855   57  490    0.22955    0.18297  20.3%   393  780s
  9365  6947    0.18579   43  527    0.22955    0.18297  20.3%   395  785s
  9408  6990    0.19066   80  348    0.22955    0.18297  20.3%   395  790s
  9546  7099    0.19386   54  494    0.22955    0.18301  20.3%   393  795s
  9594  7140    0.18883   43  532    0.22955    0.18301  20.3%   393  800s
  9647  7193    0.20677   96  377    0.22955    0.18301  20.3%   393  805s
  9705  7231    0.19333   68  398    0.22955    0.18304  20.3%   394  810s
  9798  7312    0.18511   34  664    0.22955    0.18304  20.3%   394  816s
  9834  7348    0.19311   70  422    0.22955    0.18304  20.3%   394  820s
 10009  7503    0.18555   38  546    0.22955    0.18306  20.3%   390  825s
 10098  7569    0.18309   40  520    0.22955    0.18306  20.3%   390  830s
 10203  7673    0.19884  121  855    0.22955    0.18306  20.3%   387  865s
 10208  7676    0.20947  122  830    0.22955    0.18404  19.8%   387  872s
 10210  7678    0.19994  107  780    0.22955    0.18449  19.6%   387  878s
 10211  7678    0.20156  107  717    0.22955    0.18461  19.6%   387  880s
 10213  7680    0.18813   59  714    0.22955    0.18481  19.5%   387  885s
 10215  7681    0.18481   42  809    0.22955    0.18481  19.5%   386  891s
 10217  7682    0.22201  132  845    0.22955    0.18501  19.4%   386  896s
 10219  7684    0.19217   72  826    0.22955    0.18503  19.4%   386  902s
 10220  7684    0.19738   87  775    0.22955    0.18503  19.4%   386  905s
 10222  7686    0.19061   78  785    0.22955    0.18503  19.4%   386  910s
 10224  7687    0.18504   46  704    0.22955    0.18504  19.4%   386  916s
 10226  7688    0.19182   62  718    0.22955    0.18505  19.4%   386  921s
 10228  7690    0.22948   61  746    0.22955    0.18505  19.4%   386  927s
 10230  7691    0.22623  181  904    0.22955    0.18505  19.4%   386  933s
 10231  7692    0.20098   69  884    0.22955    0.18505  19.4%   386  935s
 10233  7693    0.19923   88  790    0.22955    0.18505  19.4%   386  940s
 10235  7694    0.20016   61  774    0.22955    0.18505  19.4%   386  945s
 10237  7696    0.18508   45  767    0.22955    0.18508  19.4%   386  950s
 10239  7697    0.21763  176  864    0.22955    0.18508  19.4%   386  957s
 10240  7698    0.19400   67  822    0.22955    0.18508  19.4%   386  963s
 10241  7698    0.19492  107  855    0.22955    0.18508  19.4%   386  965s
 10243  7700    0.19841  124  804    0.22955    0.18508  19.4%   385  970s
 10245  7701    0.20848   68  797    0.22955    0.18508  19.4%   385  976s
 10247  7702    0.19401   84  846    0.22955    0.18508  19.4%   385  981s
 10249  7704    0.19131   53  797    0.22955    0.18508  19.4%   385  988s
 10250  7704    0.19564   63  797    0.22955    0.18508  19.4%   385  990s
 10256  7710    0.18544   40  771    0.22955    0.18508  19.4%   396  995s
 10268  7718    0.18568   46  574    0.22955    0.18508  19.4%   398 1000s
 10282  7728    0.19366   53  349    0.22955    0.18508  19.4%   400 1005s
 10302  7741    0.19069   63  403    0.22955    0.18508  19.4%   400 1014s
 10313  7746    0.19125   69  326    0.22955    0.18508  19.4%   400 1015s
 10340  7764    0.19501   82  251    0.22955    0.18508  19.4%   399 1020s
H10354  7386                       0.2281623    0.18508  18.9%   399 1024s
 10354  7388    0.19541   89  226    0.22816    0.18508  18.9%   399 1026s
H10407  7047                       0.2263632    0.18508  18.2%   398 1031s
H10407  6697                       0.2227651    0.18508  16.9%   398 1031s
 10407  6699    0.19640  116  115    0.22277    0.18508  16.9%   398 1036s
H10413  6368                       0.2221643    0.18508  16.7%   398 1036s
H10413  6054                       0.2201760    0.18508  15.9%   398 1036s
H10413  5755                       0.2200450    0.18508  15.9%   398 1036s
H10413  5472                       0.2197851    0.18508  15.8%   398 1036s
 10427  5470    0.18759   40  810    0.21979    0.18508  15.8%   398 1040s
 10441  5478     cutoff   47         0.21979    0.18508  15.8%   400 1045s
 10453  5486    0.19209   53  703    0.21979    0.18508  15.8%   402 1050s
 10478  5502    0.19313   66  452    0.21979    0.18508  15.8%   403 1055s
 10514  5526    0.19706   84  202    0.21979    0.18508  15.8%   403 1060s
 10586  5573    0.19758  120   93    0.21979    0.18508  15.8%   402 1065s
 10689  5582    0.18538   39  805    0.21979    0.18538  15.7%   400 1070s
 10697  5587    0.18621   43  757    0.21979    0.18538  15.7%   402 1075s
 10703  5591    0.19156   46  737    0.21979    0.18538  15.7%   403 1080s
 10722  5602    0.18988   56  582    0.21979    0.18538  15.7%   404 1085s
 10782  5638    0.19480   85  209    0.21979    0.18538  15.7%   403 1090s
 10822  5665    0.19532  105  107    0.21979    0.18538  15.7%   402 1095s
 10842  5662    0.18538   42  738    0.21979    0.18538  15.7%   403 1100s
H10847  5393                       0.2194613    0.18538  15.5%   403 1102s
H10847  5137                       0.2192892    0.18538  15.5%   403 1102s
 10854  5144    0.19214   48  700    0.21929    0.18538  15.5%   404 1105s
 10880  5160    0.19754   61  288    0.21929    0.18538  15.5%   405 1110s
H10902  4928                       0.2175599    0.18538  14.8%   405 1114s
 10902  4930    0.19872   72  125    0.21756    0.18538  14.8%   405 1116s
 10939  4953    0.19445   91  117    0.21756    0.18538  14.8%   404 1120s
H10955  4730                       0.2175436    0.18538  14.8%   404 1121s
 10971  4740     cutoff  107         0.21754    0.18538  14.8%   404 1125s
 10997  4744    0.19185   46  664    0.21754    0.18538  14.8%   405 1130s
 11009  4750     cutoff   52         0.21754    0.18538  14.8%   406 1135s
H11010  4524                       0.2140879    0.18538  13.4%   406 1135s
H11010  4308                       0.2109111    0.18538  12.1%   406 1135s
H11010  4108                       0.2105999    0.18538  12.0%   406 1135s
H11010  3920                       0.2104864    0.18538  11.9%   406 1135s
H11010  3736                       0.2065159    0.18538  10.2%   406 1135s
H11010  3566                       0.2063289    0.18538  10.2%   406 1135s
 11024  3577    0.19084   60  457    0.20633    0.18538  10.2%   407 1140s
 11061  3594    0.19758   78  149    0.20633    0.18538  10.2%   407 1145s
H11064  3431                       0.2058250    0.18538  9.93%   407 1145s
 11119  3457    0.19849  108  108    0.20583    0.18538  9.93%   407 1150s
 11128  3454    0.18792   44  811    0.20583    0.18538  9.93%   408 1155s
 11147  3466    0.18946   54  598    0.20583    0.18538  9.93%   409 1160s
 11173  3477    0.19434   67  236    0.20583    0.18538  9.93%   409 1165s
 11234  3511    0.19560   98   94    0.20583    0.18538  9.93%   408 1170s
 11268  3508    0.18734   44  765    0.20583    0.18544  9.91%   410 1175s
 11285  3519    0.19179   52  515    0.20583    0.18544  9.91%   410 1180s
 11333  3547    0.19368   76   94    0.20583    0.18544  9.91%   410 1185s
 11401  3572     cutoff  110         0.20583    0.18544  9.91%   409 1190s
 11428  3571    0.18629   44  533    0.20583    0.18556  9.84%   410 1195s
 11456  3588    0.19204   58  444    0.20583    0.18556  9.84%   411 1200s
 11498  3614    0.19460   79  145    0.20583    0.18556  9.84%   410 1205s
 11566  3646    0.20323  113  208    0.20583    0.18556  9.84%   409 1210s
 11603  3653    0.18988   59  446    0.20583    0.18556  9.84%   409 1215s
 11662  3689    0.19411  100  104    0.20583    0.18556  9.84%   408 1220s
 11715  3716    0.19528  131  211    0.20583    0.18556  9.84%   407 1225s
 11767  3725    0.18638   47  552    0.20583    0.18567  9.79%   407 1230s
 11784  3736    0.19062   62  383    0.20583    0.18567  9.79%   407 1235s
 11805  3750    0.19334   79  235    0.20583    0.18567  9.79%   406 1242s
 11839  3773    0.19358  105  130    0.20583    0.18567  9.79%   406 1245s
 11895  3799    0.19358  147  129    0.20583    0.18567  9.79%   404 1250s
 11959  3810    0.19086   46  563    0.20583    0.18567  9.79%   404 1255s
 11965  3814    0.19429   52  595    0.20583    0.18567  9.79%   405 1260s
 12000  3835    0.20132   79  200    0.20583    0.18567  9.79%   405 1265s
H12040  3627                       0.2015473    0.18567  7.88%   404 1268s
H12040  3461                       0.2010313    0.18567  7.64%   404 1268s
 12047  3459    0.19254   49  512    0.20103    0.18568  7.63%   405 1270s
 12058  3466    0.19496   56  480    0.20103    0.18568  7.63%   406 1275s
H12094  3341                       0.2008326    0.18568  7.54%   406 1278s
H12094  3203                       0.2006742    0.18568  7.47%   406 1278s
H12094  3077                       0.2006435    0.18568  7.46%   406 1278s
 12115  3093    0.19912  103  181    0.20064    0.18568  7.46%   405 1280s
 12170  3111    0.18591   47  522    0.20064    0.18569  7.45%   405 1286s
 12174  3114    0.18770   50  485    0.20064    0.18569  7.45%   406 1290s
 12202  3133    0.19256   71  245    0.20064    0.18569  7.45%   406 1295s
 12274  3181    0.19349  134   96    0.20064    0.18569  7.45%   404 1300s
H12310  3081                       0.2005435    0.18569  7.41%   403 1302s
 12341  3085    0.18746   47  550    0.20054    0.18578  7.36%   403 1305s
 12351  3092    0.19057   53  479    0.20054    0.18578  7.36%   405 1310s
 12414  3134    0.19586  108  226    0.20054    0.18578  7.36%   403 1315s
 12467  3154    0.18713   47  664    0.20054    0.18578  7.36%   403 1321s
H12472  3043                       0.2005398    0.18578  7.36%   403 1323s
 12483  3052    0.19058   61  384    0.20054    0.18578  7.36%   403 1325s
 12564  3106    0.19492  117  131    0.20054    0.18578  7.36%   401 1330s
 12594  3115    0.18795   51  516    0.20054    0.18582  7.34%   401 1335s
 12641  3146    0.19349   92  116    0.20054    0.18582  7.34%   400 1340s
H12688  3057                       0.2002509    0.18582  7.21%   399 1342s
 12705  3070    0.19358  130  122    0.20025    0.18582  7.21%   399 1345s
 12721  3070    0.19272   46  686    0.20025    0.18587  7.18%   400 1350s
 12734  3075    0.19901   58  595    0.20025    0.18587  7.18%   401 1355s
 12752  3075    0.18668   50  431    0.20025    0.18587  7.18%   402 1360s
 12788  3099    0.19399   86  214    0.20025    0.18587  7.18%   401 1371s
 12830  3116    0.19125   49  517    0.20025    0.18595  7.14%   401 1375s
 12840  3123    0.19304   54  471    0.20025    0.18595  7.14%   402 1380s
 12880  3146    0.19247   74  335    0.20025    0.18595  7.14%   403 1385s
 12976  3200    0.19393  122   99    0.20025    0.18595  7.14%   401 1390s
 13012  3198    0.18929   51  434    0.20025    0.18595  7.14%   401 1395s
 13073  3234     cutoff  112         0.20025    0.18595  7.14%   400 1400s
 13095  3240    0.18990   57  447    0.20025    0.18596  7.13%   401 1405s
 13179  3286    0.20003  137   71    0.20025    0.18596  7.13%   399 1410s
 13211  3293    0.18921   62  489    0.20025    0.18596  7.13%   399 1415s
 13267  3331    0.19428  107   93    0.20025    0.18596  7.13%   399 1420s
 13321  3347    0.18730   46  738    0.20025    0.18598  7.13%   399 1425s
 13348  3365    0.19177   73  358    0.20025    0.18598  7.13%   399 1430s
 13407  3389    0.18759   49  630    0.20025    0.18599  7.12%   399 1435s
 13450  3416    0.19849   91  247    0.20025    0.18599  7.12%   399 1440s
 13508  3434    0.18746   43  572    0.20025    0.18600  7.12%   398 1445s
 13527  3445    0.19324   61  619    0.20025    0.18600  7.12%   399 1450s
H13566  3360                       0.2001598    0.18600  7.07%   398 1454s
H13566  3264                       0.2001276    0.18600  7.06%   398 1454s
 13569  3267    0.19978  101  368    0.20013    0.18600  7.06%   398 1455s
 13583  3271    0.19030   53  466    0.20013    0.18600  7.06%   399 1460s
 13611  3282    0.19977   67  303    0.20013    0.18600  7.06%   400 1465s
H13620  3119                       0.1993514    0.18600  6.70%   400 1466s
H13620  3032                       0.1993422    0.18600  6.69%   400 1466s
 13625  3029    0.18902   49  556    0.19934    0.18607  6.66%   401 1470s
 13678  3063    0.19662  101  133    0.19934    0.18607  6.66%   400 1475s
 13708  3066    0.18828   53  439    0.19934    0.18608  6.65%   401 1480s
 13739  3086    0.19562   84  291    0.19934    0.18608  6.65%   401 1485s
 13771  3107    0.19904  116  200    0.19934    0.18608  6.65%   400 1493s
 13795  3117    0.19930  137  104    0.19934    0.18608  6.65%   400 1495s
 13832  3127    0.19034   59  412    0.19934    0.18620  6.59%   400 1500s
 13887  3162    0.19672  113  137    0.19934    0.18620  6.59%   399 1505s
 13907  3165    0.18921   53  591    0.19934    0.18621  6.59%   400 1510s
 13946  3191    0.19445   92  211    0.19934    0.18621  6.59%   400 1515s
 14014  3214    0.18645   46  624    0.19934    0.18621  6.59%   399 1521s
 14027  3220    0.19344   58  476    0.19934    0.18621  6.59%   399 1525s
 14059  3230    0.18951   51  455    0.19934    0.18621  6.59%   399 1530s
 14123  3270    0.19596  114  190    0.19934    0.18621  6.59%   398 1535s
 14189  3297    0.18833   49  551    0.19934    0.18625  6.57%   398 1540s
 14241  3332    0.19384   83   86    0.19934    0.18625  6.57%   397 1545s
 14364  3410    0.19393  171  101    0.19934    0.18625  6.57%   395 1550s
 14401  3419    0.19308   51  605    0.19934    0.18625  6.57%   396 1555s
 14421  3432    0.19505   71  471    0.19934    0.18625  6.57%   396 1560s
 14466  3447    0.19078   42  802    0.19934    0.18625  6.57%   396 1565s
 14486  3460    0.19920   62  497    0.19934    0.18625  6.57%   397 1570s
 14529  3464    0.19410   50  648    0.19934    0.18627  6.56%   397 1575s
 14576  3485    0.19914   90  397    0.19934    0.18627  6.56%   396 1580s
 14596  3481    0.19246   45  746    0.19934    0.18627  6.56%   397 1585s
 14626  3499    0.19705   74  438    0.19934    0.18627  6.56%   398 1590s
 14687  3521    0.19129   49  604    0.19934    0.18628  6.55%   398 1596s
 14696  3525    0.19478   54  473    0.19934    0.18628  6.55%   399 1600s
 14757  3531    0.18722   44  771    0.19934    0.18629  6.55%   399 1605s
 14763  3535    0.18914   48  721    0.19934    0.18629  6.55%   400 1610s
 14802  3555    0.19547   64  383    0.19934    0.18629  6.55%   400 1615s
 14839  3561    0.18806   49  572    0.19934    0.18629  6.55%   400 1620s
 14914  3611    0.19456  124  153    0.19934    0.18629  6.55%   399 1625s
 14958  3630    0.19487   76  299    0.19934    0.18640  6.49%   399 1630s
 15014  3655    0.18757   48  580    0.19934    0.18642  6.48%   399 1636s
 15068  3691    0.19839  102   80    0.19934    0.18642  6.48%   398 1640s
 15109  3698    0.18884   49  534    0.19934    0.18643  6.48%   398 1645s
 15164  3734    0.19370  104  147    0.19934    0.18643  6.48%   397 1650s
 15220  3772    0.19471   72  300    0.19934    0.18645  6.47%   397 1655s
 15303  3853    0.19643  139  126    0.19934    0.18645  6.47%   396 1660s
 15345  3873    0.18899   54  501    0.19934    0.18645  6.47%   396 1665s
 15446  3957    0.19103   47  589    0.19934    0.18647  6.46%   395 1670s
 15510  4021    0.19846  111  301    0.19934    0.18647  6.46%   394 1675s
 15537  4036    0.19057   61  482    0.19934    0.18647  6.46%   395 1680s
 15625  4112    0.18744   46  600    0.19934    0.18648  6.45%   394 1686s
 15702  4187    0.19408  122  101    0.19934    0.18648  6.45%   392 1690s
 15737  4220    0.19408  156  110    0.19934    0.18648  6.45%   392 1720s
H15738  3863                       0.1983028    0.18648  5.96%   392 1720s
 15755  3874    0.19207   61  441    0.19830    0.18652  5.94%   392 1725s
 15826  3940    0.19825  130   96    0.19830    0.18652  5.94%   392 1730s
 15894  3981    0.19281   84  327    0.19830    0.18653  5.94%   391 1735s
 15967  4045    0.19234   78  292    0.19830    0.18656  5.92%   390 1740s
 16019  4082    0.18827   48  454    0.19830    0.18659  5.91%   390 1745s
 16054  4093    0.19187   46  732    0.19830    0.18661  5.89%   391 1750s
 16074  4101     cutoff   57         0.19830    0.18661  5.89%   392 1755s
 16088  4101    0.18689   44  809    0.19830    0.18662  5.89%   393 1760s
 16144  4157    0.19465  100  248    0.19830    0.18662  5.89%   392 1765s
 16195  4196    0.18938   52  501    0.19830    0.18662  5.89%   392 1770s
 16261  4261    0.19558  110  149    0.19830    0.18662  5.89%   391 1775s
 16297  4284    0.19191   59  323    0.19830    0.18662  5.89%   392 1780s
 16413  4376    0.18689   44  810    0.19830    0.18662  5.89%   390 1785s
 16431  4394    0.19365   53  395    0.19830    0.18662  5.89%   391 1790s
 16462  4421    0.19275   69  374    0.19830    0.18662  5.89%   391 1795s

Cutting planes:
  Learned: 31
  Gomory: 67
  Cover: 53
  Implied bound: 143
  Projected implied bound: 55
  Clique: 101
  MIR: 404
  Mixing: 1
  StrongCG: 73
  Flow cover: 877
  GUB cover: 1
  Zero half: 25
  RLT: 15
  Relax-and-lift: 97
  BQP: 7

Explored 16499 nodes (6475976 simplex iterations) in 1796.71 seconds (3402.37 work units)
Thread count was 1 (of 20 available processors)

Solution count 10: 0.198303 0.199342 0.199351 ... 0.200674

Time limit reached
Best objective 1.983028485838e-01, best bound 1.866241829598e-01, gap 5.8893%

User-callback calls 283653, time in user-callback 0.42 sec
