
Gurobi 13.0.2 (win64) logging started Fri Aug  7 22:10:46 2026

Set parameter LogFile to value "E:\codes\ExactEBRP\results\gf_v10_convergence_round33\runs\stage1__round33_v10_tight_T_M3_Q30_seed1796239044__c6_frozen__3600s\external\native_logs\L0_lp.gurobi.log"
Gurobi Optimizer version 13.0.2 build v13.0.2rc1 (win64 - Windows 10.0 (19045.2))

CPU model: 12th Gen Intel(R) Core(TM) i7-12700KF, instruction set [SSE2|AVX|AVX2]
Thread count: 12 physical cores, 20 logical processors, using up to 1 threads

Non-default parameters:
TimeLimit  3583.5004677
MIPGap  0
MIPGapAbs  0
LogToConsole  0
Threads  1

Optimize a model with 5992 rows, 1039 columns and 44153 nonzeros (Min)
Model fingerprint: 0x6836a229
Model has 11 linear objective coefficients
Coefficient statistics:
  Matrix range     [6e-03, 1e+05]
  Objective range  [2e-02, 1e+00]
  Bounds range     [6e-03, 5e+01]
  RHS range        [6e-03, 1e+06]

Presolve removed 461 rows and 68 columns
Presolve time: 0.02s
Presolved: 5531 rows, 989 columns, 42341 nonzeros

Iteration    Objective       Primal Inf.    Dual Inf.      Time
       0    0.0000000e+00   5.384331e+01   0.000000e+00      0s
     284    0.0000000e+00   0.000000e+00   0.000000e+00      0s

Solved in 284 iterations and 0.03 seconds (0.09 work units)
Optimal objective  0.000000000e+00

User-callback calls 429, time in user-callback 0.00 sec
