
Gurobi 13.0.2 (win64) logging started Fri Aug  7 21:15:33 2026

Set parameter LogFile to value "E:\codes\ExactEBRP\results\gf_v10_convergence_round33\runs\stage1__round33_v10_tight_T_M2_Q20_seed2085634706__c6_frozen__3600s\external\native_logs\L1.1_lp.gurobi.log"
Gurobi Optimizer version 13.0.2 build v13.0.2rc1 (win64 - Windows 10.0 (19045.2))

CPU model: 12th Gen Intel(R) Core(TM) i7-12700KF, instruction set [SSE2|AVX|AVX2]
Thread count: 12 physical cores, 20 logical processors, using up to 1 threads

Non-default parameters:
TimeLimit  3582.5600793
MIPGap  0
MIPGapAbs  0
LogToConsole  0
Threads  1

Optimize a model with 4268 rows, 761 columns and 30644 nonzeros (Min)
Model fingerprint: 0xa046e00a
Model has 11 linear objective coefficients
Coefficient statistics:
  Matrix range     [2e-02, 1e+05]
  Objective range  [2e-02, 1e+00]
  Bounds range     [3e-01, 1e+02]
  RHS range        [3e-01, 1e+06]

Presolve removed 426 rows and 44 columns
Presolve time: 0.02s
Presolved: 3842 rows, 718 columns, 27663 nonzeros

Iteration    Objective       Primal Inf.    Dual Inf.      Time
       0    4.3740271e-01   1.152959e+02   0.000000e+00      0s
     912    5.5838949e-01   0.000000e+00   0.000000e+00      0s

Solved in 912 iterations and 0.05 seconds (0.13 work units)
Optimal objective  5.583894865e-01

User-callback calls 1055, time in user-callback 0.00 sec
