
Gurobi 13.0.2 (win64) logging started Sat Aug  8 15:01:05 2026

Set parameter LogFile to value "E:\codes\ExactEBRP\results\gf_c6_documentation_hga_round34\runs\transfer__V12_M2__c6_hga_full__3600s\native.log"
Set parameter Threads to value 1
Set parameter Presolve to value -1
Set parameter Seed to value 0
Set parameter MIPGap to value 0
Set parameter MIPGapAbs to value 0
Warning: unknown variable 'r_max' in bounds section (line 12040)
Warning: unknown variable 'r_min' in bounds section (line 12041)
Read LP format model from file E:\codes\ExactEBRP\results\gf_c6_documentation_hga_round34\runs\transfer__V12_M2__c6_hga_full__3600s\external\models\L0.lp
Reading time = 0.03 seconds
obj: 11351 rows, 1034 columns, 113440 nonzeros
Set parameter TimeLimit to value 3577.9148602
Warning: unknown variable 'r_max' in bounds section (line 12040)
Warning: unknown variable 'r_min' in bounds section (line 12041)
Read LP format model from file E:\codes\ExactEBRP\results\gf_c6_documentation_hga_round34\runs\transfer__V12_M2__c6_hga_full__3600s\external\models\L1.lp
Reading time = 0.03 seconds
obj: 11351 rows, 1034 columns, 113600 nonzeros
Set parameter TimeLimit to value 3577.6287231
Warning: unknown variable 'r_max' in bounds section (line 12040)
Warning: unknown variable 'r_min' in bounds section (line 12041)
Read LP format model from file E:\codes\ExactEBRP\results\gf_c6_documentation_hga_round34\runs\transfer__V12_M2__c6_hga_full__3600s\external\models\L2.lp
Reading time = 0.03 seconds
obj: 11351 rows, 1034 columns, 113600 nonzeros
Set parameter TimeLimit to value 3577.3329058
Warning: unknown variable 'r_max' in bounds section (line 12040)
Warning: unknown variable 'r_min' in bounds section (line 12041)
Read LP format model from file E:\codes\ExactEBRP\results\gf_c6_documentation_hga_round34\runs\transfer__V12_M2__c6_hga_full__3600s\external\models\L3.lp
Reading time = 0.03 seconds
obj: 11351 rows, 1034 columns, 113600 nonzeros
Set parameter TimeLimit to value 3577.0622611
Warning: unknown variable 'r_max' in bounds section (line 12040)
Warning: unknown variable 'r_min' in bounds section (line 12041)
Read LP format model from file E:\codes\ExactEBRP\results\gf_c6_documentation_hga_round34\runs\transfer__V12_M2__c6_hga_full__3600s\external\models\L2.0.lp
Reading time = 0.03 seconds
obj: 11351 rows, 1034 columns, 113600 nonzeros
Set parameter TimeLimit to value 3576.8008928
Warning: unknown variable 'r_max' in bounds section (line 12040)
Warning: unknown variable 'r_min' in bounds section (line 12041)
Read LP format model from file E:\codes\ExactEBRP\results\gf_c6_documentation_hga_round34\runs\transfer__V12_M2__c6_hga_full__3600s\external\models\L2.1.lp
Reading time = 0.03 seconds
obj: 11351 rows, 1034 columns, 113600 nonzeros
Set parameter TimeLimit to value 3576.5225732
Warning: unknown variable 'r_max' in bounds section (line 12040)
Warning: unknown variable 'r_min' in bounds section (line 12041)
Read LP format model from file E:\codes\ExactEBRP\results\gf_c6_documentation_hga_round34\runs\transfer__V12_M2__c6_hga_full__3600s\external\models\L2.0.0.lp
Reading time = 0.03 seconds
obj: 11351 rows, 1034 columns, 113600 nonzeros
Set parameter TimeLimit to value 3572.8888589
Warning: unknown variable 'r_max' in bounds section (line 12040)
Warning: unknown variable 'r_min' in bounds section (line 12041)
Read LP format model from file E:\codes\ExactEBRP\results\gf_c6_documentation_hga_round34\runs\transfer__V12_M2__c6_hga_full__3600s\external\models\L2.0.1.lp
Reading time = 0.03 seconds
obj: 11351 rows, 1034 columns, 113600 nonzeros
Set parameter TimeLimit to value 3572.4785309
Warning: unknown variable 'r_max' in bounds section (line 12040)
Warning: unknown variable 'r_min' in bounds section (line 12041)
Read LP format model from file E:\codes\ExactEBRP\results\gf_c6_documentation_hga_round34\runs\transfer__V12_M2__c6_hga_full__3600s\external\models\L2.1.0.lp
Reading time = 0.03 seconds
obj: 11351 rows, 1034 columns, 113600 nonzeros
Set parameter TimeLimit to value 3570.1269661
Warning: unknown variable 'r_max' in bounds section (line 12040)
Warning: unknown variable 'r_min' in bounds section (line 12041)
Read LP format model from file E:\codes\ExactEBRP\results\gf_c6_documentation_hga_round34\runs\transfer__V12_M2__c6_hga_full__3600s\external\models\L2.1.1.lp
Reading time = 0.03 seconds
obj: 11351 rows, 1034 columns, 113600 nonzeros
Set parameter TimeLimit to value 3569.8399512
Warning: unknown variable 'r_max' in bounds section (line 12040)
Warning: unknown variable 'r_min' in bounds section (line 12041)
Read LP format model from file E:\codes\ExactEBRP\results\gf_c6_documentation_hga_round34\runs\transfer__V12_M2__c6_hga_full__3600s\external\models\L2.0.1.0.lp
Reading time = 0.03 seconds
obj: 11351 rows, 1034 columns, 113600 nonzeros
Set parameter TimeLimit to value 3475.5704161
Warning: unknown variable 'r_max' in bounds section (line 12040)
Warning: unknown variable 'r_min' in bounds section (line 12041)
Read LP format model from file E:\codes\ExactEBRP\results\gf_c6_documentation_hga_round34\runs\transfer__V12_M2__c6_hga_full__3600s\external\models\L2.0.1.1.lp
Reading time = 0.03 seconds
obj: 11351 rows, 1034 columns, 113600 nonzeros
Set parameter TimeLimit to value 3475.3077003
