
Gurobi 13.0.2 (win64) logging started Fri Jul 24 20:53:01 2026

Set parameter LogFile to value "E:\codes\ExactEBRP\results\gf_nonblocking_gurobi_c6_round31\runs\stage2__moderate_seed3302__p_grb__300s\native.log"
Set parameter Threads to value 1
Set parameter Presolve to value -1
Set parameter Seed to value 0
Set parameter MIPGap to value 0
Set parameter MIPGapAbs to value 0
Set parameter TimeLimit to value 300
Read LP format model from file E:\codes\ExactEBRP\results\gf_nonblocking_gurobi_c6_round31\runs\stage2__moderate_seed3302__p_grb__300s\canonical.lp
Reading time = 0.01 seconds
obj: 5063 rows, 2111 columns, 23340 nonzeros
Set parameter TimeLimit to value 294.9415029
Gurobi Optimizer version 13.0.2 build v13.0.2rc1 (win64 - Windows 10.0 (19045.2))

CPU model: 12th Gen Intel(R) Core(TM) i7-12700KF, instruction set [SSE2|AVX|AVX2]
Thread count: 12 physical cores, 20 logical processors, using up to 1 threads

Non-default parameters:
TimeLimit  294.9415029
MIPGap  0
MIPGapAbs  0
LogToConsole  0
Threads  1

Optimize a model with 5063 rows, 2111 columns and 23340 nonzeros (Min)
Model fingerprint: 0xec1216f2
Model has 21 linear objective coefficients
Variable types: 421 continuous, 1690 integer (1490 binary)
Coefficient statistics:
  Matrix range     [3e-02, 6e+02]
  Objective range  [7e-03, 1e+00]
  Bounds range     [1e+00, 5e+01]
  RHS range        [1e+00, 4e+03]

Presolve removed 147 rows and 24 columns
Presolve time: 0.05s
Presolved: 4916 rows, 2087 columns, 40385 nonzeros
Variable types: 191 continuous, 1896 integer (1490 binary)
Found heuristic solution: objective 1.3552773

Root relaxation: objective 9.570934e-02, 2184 iterations, 0.09 seconds (0.19 work units)

    Nodes    |    Current Node    |     Objective Bounds      |     Work
 Expl Unexpl |  Obj  Depth IntInf | Incumbent    BestBd   Gap | It/Node Time

     0     0    0.09571    0  267    1.35528    0.09571  92.9%     -    0s
H    0     0                       1.3521599    0.09571  92.9%     -    0s
     0     0    0.11755    0  402    1.35216    0.11755  91.3%     -    0s
H    0     0                       1.2965727    0.11755  90.9%     -    0s
H    0     0                       1.1704491    0.11755  90.0%     -    0s
H    0     0                       1.1551627    0.11755  89.8%     -    0s
     0     0    0.11831    0  409    1.15516    0.11831  89.8%     -    0s
     0     0    0.11975    0  443    1.15516    0.11975  89.6%     -    0s
H    0     0                       1.1534258    0.11975  89.6%     -    0s
     0     0    0.11993    0  415    1.15343    0.11993  89.6%     -    0s
     0     0    0.12015    0  496    1.15343    0.12015  89.6%     -    1s
     0     0    0.12018    0  495    1.15343    0.12018  89.6%     -    1s
     0     0    0.12025    0  529    1.15343    0.12025  89.6%     -    1s
     0     0    0.12026    0  534    1.15343    0.12026  89.6%     -    1s
     0     0    0.12032    0  551    1.15343    0.12032  89.6%     -    1s
     0     0    0.12033    0  537    1.15343    0.12033  89.6%     -    1s
     0     0    0.12041    0  562    1.15343    0.12041  89.6%     -    1s
H    0     0                       1.1529389    0.12041  89.6%     -    1s
H    0     0                       1.1307878    0.12041  89.4%     -    1s
H    0     0                       1.1275524    0.12041  89.3%     -    1s
H    0     0                       1.1257324    0.12041  89.3%     -    1s
H    0     0                       1.0973126    0.12041  89.0%     -    1s
H    0     0                       1.0946599    0.12041  89.0%     -    1s
     0     0    0.12042    0  559    1.09466    0.12042  89.0%     -    1s
     0     0    0.12044    0  548    1.09466    0.12044  89.0%     -    2s
     0     0    0.12044    0  546    1.09466    0.12044  89.0%     -    2s
     0     0    0.12045    0  546    1.09466    0.12045  89.0%     -    2s
     0     0    0.12046    0  504    1.09466    0.12046  89.0%     -    2s
     0     0    0.12046    0  554    1.09466    0.12046  89.0%     -    2s
     0     0    0.12046    0  553    1.09466    0.12046  89.0%     -    2s
     0     0    0.12046    0  512    1.09466    0.12046  89.0%     -    2s
H    0     0                       1.0945359    0.12046  89.0%     -    2s
H    0     0                       1.0907727    0.12046  89.0%     -    2s
     0     2    0.12046    0  511    1.09077    0.12046  89.0%     -    2s
H    2     2                       1.0532727    0.12046  88.6%  1000    3s
H    2     2                       1.0524651    0.12046  88.6%  1000    3s
H    2     2                       1.0505821    0.12046  88.5%  1000    3s
H    2     2                       1.0097252    0.12046  88.1%  1000    3s
H    2     2                       1.0081100    0.12046  88.1%  1000    3s
H    2     2                       1.0078328    0.12046  88.0%  1000    3s
H    2     2                       1.0070174    0.12046  88.0%  1000    3s
H    2     2                       0.8119759    0.12046  85.2%  1000    3s
H    2     2                       0.7081495    0.12046  83.0%  1000    3s
H    7     7                       0.5981623    0.12121  79.7%   568    3s
H    7     7                       0.5981579    0.12121  79.7%   568    3s
H    9     9                       0.5978274    0.12123  79.7%   648    3s
H    9     9                       0.5677601    0.12123  78.6%   648    3s
H    9     9                       0.5667173    0.12123  78.6%   648    3s
H    9     9                       0.5654475    0.12123  78.6%   648    3s
H   11    11                       0.5620587    0.12123  78.4%   674    4s
H   14    14                       0.5412000    0.12123  77.6%   743    4s
H   14    14                       0.5394301    0.12123  77.5%   743    4s
H   14    14                       0.5371122    0.12123  77.4%   743    4s
H   14    14                       0.5355227    0.12123  77.4%   743    4s
H   17    17                       0.5352609    0.12123  77.4%   739    4s
H   22    22                       0.5348600    0.12123  77.3%   648    4s
H   22    22                       0.5176435    0.12123  76.6%   648    4s
H   22    22                       0.5168359    0.12123  76.5%   648    4s
H   22    22                       0.5147939    0.12123  76.5%   648    4s
H   24    24                       0.5147734    0.12123  76.4%   619    4s
H   24    24                       0.5147206    0.12123  76.4%   619    4s
H   24    24                       0.5132408    0.12123  76.4%   619    4s
H   24    24                       0.5128802    0.12123  76.4%   619    4s
H   24    24                       0.5096872    0.12123  76.2%   619    4s
H   24    24                       0.5073386    0.12123  76.1%   619    4s
H   24    24                       0.5042366    0.12123  76.0%   619    4s
    27    29    0.12619   15  404    0.50424    0.12123  76.0%   599    5s
H   30    30                       0.5041579    0.12123  76.0%   560    5s
H   58    54                       0.5027656    0.12123  75.9%   409    5s
H   71    60                       0.5013252    0.12148  75.8%   434    6s
H   71    60                       0.4995328    0.12148  75.7%   434    6s
H   72    60                       0.4565039    0.12148  73.4%   444    6s
H   72    60                       0.4539190    0.12148  73.2%   444    6s
H   72    60                       0.4480616    0.12148  72.9%   444    6s
H   72    60                       0.4456849    0.12148  72.7%   444    6s
H   73    61                       0.4144926    0.12148  70.7%   453    6s
H   75    63                       0.4122311    0.12148  70.5%   458    7s
H   80    68                       0.4106438    0.12148  70.4%   454    7s
H   82    70                       0.3529411    0.12148  65.6%   460    7s
H   82    70                       0.3528892    0.12148  65.6%   460    7s
H   82    70                       0.3528447    0.12148  65.6%   460    7s
H   85    73                       0.3501451    0.12148  65.3%   465    7s
H   85    73                       0.3501108    0.12148  65.3%   465    7s
H   85    73                       0.3501035    0.12148  65.3%   465    7s
H   85    73                       0.3501024    0.12148  65.3%   465    7s
H   86    74                       0.3500689    0.12148  65.3%   479    7s
H   91    79                       0.3480822    0.12148  65.1%   466    7s
H  111    99                       0.3464670    0.12148  64.9%   416    8s
H  111    99                       0.3450742    0.12148  64.8%   416    8s
H  182   151                       0.3422483    0.12148  64.5%   307    9s
H  182   151                       0.3422477    0.12148  64.5%   307    9s
H  182   151                       0.3420967    0.12148  64.5%   307    9s
H  182   151                       0.3419996    0.12148  64.5%   307    9s
H  184   151                       0.3415069    0.12160  64.4%   316   10s
H  184   151                       0.3405752    0.12160  64.3%   316   10s
H  184   151                       0.3399334    0.12160  64.2%   316   10s
H  184   151                       0.3390702    0.12160  64.1%   316   10s
H  184   151                       0.3384560    0.12160  64.1%   316   10s
   354   309    0.14922   38  291    0.33846    0.12264  63.8%   272   15s
H  517   454                       0.3356221    0.12264  63.5%   207   17s
H  517   454                       0.3350052    0.12264  63.4%   207   17s
   557   483    0.13749   71  512    0.33501    0.12289  63.3%   208   20s
   569   491    0.16832  145  597    0.33501    0.12541  62.6%   204   25s
H  577   470                       0.3305004    0.12545  62.0%   241   30s
H  577   447                       0.3224950    0.12545  61.1%   241   30s
H  578   425                       0.3050789    0.12545  58.9%   242   30s
H  580   404                       0.2972871    0.12612  57.6%   247   31s
H  582   386                       0.2917111    0.12634  56.7%   253   31s
H  582   367                       0.2911085    0.12634  56.6%   253   31s
H  582   348                       0.2908888    0.12634  56.6%   253   31s
H  589   335                       0.2694661    0.12638  53.1%   269   32s
H  589   318                       0.2692602    0.12638  53.1%   269   32s
H  589   302                       0.2691632    0.12638  53.0%   269   32s
H  589   287                       0.2691502    0.12638  53.0%   269   32s
H  596   278                       0.2674670    0.12638  52.7%   274   33s
H  596   264                       0.2652070    0.12638  52.3%   274   33s
H  600   254                       0.2645967    0.12638  52.2%   274   33s
H  600   242                       0.2643430    0.12638  52.2%   274   33s
H  603   232                       0.2620654    0.12638  51.8%   273   33s
   614   241    0.18842   28  375    0.26207    0.12638  51.8%   273   35s
   726   307     cutoff   84         0.26207    0.12638  51.8%   254   40s
   793   309    0.14336   21  463    0.26207    0.12639  51.8%   268   45s
   853   349    0.16683   51  293    0.26207    0.12639  51.8%   280   50s
H  987   401                       0.2608204    0.12639  51.5%   276   55s
H  987   391                       0.2604844    0.12639  51.5%   276   55s
  1054   424    0.12978   18  486    0.26048    0.12748  51.1%   289   60s
  1125   464    0.14806   54  298    0.26048    0.12748  51.1%   301   65s
  1236   536    0.13053   18  479    0.26048    0.12748  51.1%   303   70s
  1341   637     cutoff   70         0.26048    0.12748  51.1%   301   75s
  1440   720    0.13688   31  397    0.26048    0.12835  50.7%   304   80s
  1552   804    0.13443   21  379    0.26048    0.12836  50.7%   302   85s
H 1561   809                       0.2594511    0.12836  50.5%   302   85s
H 1580   828                       0.2592797    0.12836  50.5%   301   86s
H 1580   827                       0.2590650    0.12836  50.5%   301   86s
H 1592   834                       0.2570301    0.12836  50.1%   301   87s
  1639   881 infeasible   64         0.25703    0.12836  50.1%   301   90s
H 1707   921                       0.2566504    0.12836  50.0%   293   91s
H 1707   921                       0.2566215    0.12836  50.0%   293   91s
H 1708   922                       0.2566082    0.12854  49.9%   294   91s
  1741   957    0.14658   33  360    0.25661    0.12854  49.9%   302   95s
H 1811  1017                       0.2493296    0.12854  48.4%   303   99s
H 1812  1014                       0.2463009    0.12854  47.8%   303   99s
H 1812  1010                       0.2427756    0.12854  47.1%   303   99s
H 1812  1010                       0.2426716    0.12854  47.0%   303   99s
H 1812  1010                       0.2406654    0.12854  46.6%   303   99s
H 1814  1012                       0.2406480    0.12854  46.6%   303   99s
  1820  1020    0.14777   73  204    0.24065    0.12854  46.6%   302  100s
H 1885  1048                       0.2396669    0.12856  46.4%   298  102s
  1915  1080    0.15662   34  369    0.23967    0.12856  46.4%   304  105s
  1979  1144    0.16974   66  192    0.23967    0.12856  46.4%   301  110s
H 1985  1148                       0.2396056    0.12856  46.3%   300  110s
H 2008  1158                       0.2392820    0.12897  46.1%   299  111s
  2017  1169    0.13088   24  478    0.23928    0.12897  46.1%   301  115s
  2136  1287    0.18587   96  187    0.23928    0.12897  46.1%   292  120s
  2267  1384    0.13049   24  453    0.23928    0.12898  46.1%   286  125s
  2394  1494    0.13422   42  357    0.23928    0.12903  46.1%   281  130s
  2518  1587    0.13762   38  369    0.23928    0.12904  46.1%   279  135s
  2651  1698     cutoff   85         0.23928    0.12904  46.1%   274  140s
  2789  1800    0.13195   31  407    0.23928    0.12906  46.1%   269  145s
  2948  1940    0.13496   36  416    0.23928    0.12906  46.1%   264  150s
H 2958  1947                       0.2384625    0.12906  45.9%   263  152s
  2958  1949    0.14673   46  359    0.23846    0.12906  45.9%   264  155s
  3060  2038    0.16616   68  324    0.23846    0.12907  45.9%   260  160s
  3162  2127    0.15768   51  318    0.23846    0.12907  45.9%   261  165s
  3299  2244    0.15269   86  196    0.23846    0.12908  45.9%   258  170s
H 3326  2255                       0.2343115    0.12908  44.9%   257  170s
H 3326  2255                       0.2340799    0.12908  44.9%   257  170s
  3448  2350    0.13401   34  363    0.23408    0.12910  44.8%   254  175s
H 3465  2365                       0.2335824    0.12910  44.7%   254  175s
H 3465  2360                       0.2314088    0.12910  44.2%   254  175s
H 3465  2357                       0.2289080    0.12910  43.6%   254  175s
H 3465  2357                       0.2287534    0.12910  43.6%   254  175s
  3583  2451    0.14672   49  329    0.22875    0.12910  43.6%   253  180s
  3747  2580    0.12935   18  498    0.22875    0.12911  43.6%   248  185s
  3787  2618    0.17796   36  376    0.22875    0.12911  43.6%   251  190s
  3934  2732    0.13515   19  528    0.22875    0.12911  43.6%   249  195s
  4052  2821    0.18292   41  307    0.22875    0.12911  43.6%   249  200s
  4210  2939    0.18044   23  383    0.22875    0.12912  43.6%   246  205s
  4392  3089    0.12915   17  527    0.22875    0.12914  43.5%   241  210s
  4523  3203    0.17953   59  313    0.22875    0.12915  43.5%   241  215s
  4614  3265    0.13033   26  419    0.22875    0.12916  43.5%   243  220s
H 4681  3295                       0.2231513    0.12917  42.1%   245  224s
  4706  3322    0.14958   53  286    0.22315    0.12917  42.1%   244  225s
H 4738  3338                       0.2231204    0.12917  42.1%   243  225s
H 4738  3338                       0.2231037    0.12917  42.1%   243  225s
  4856  3437    0.14840   38  363    0.22310    0.12918  42.1%   242  230s
  4987  3539    0.13369   29  422    0.22310    0.12920  42.1%   240  235s
H 5087  3594                       0.2205732    0.12921  41.4%   238  239s
  5087  3596    0.20818   80  181    0.22057    0.12921  41.4%   238  242s
  5145  3638    0.13264   31  427    0.22057    0.12922  41.4%   238  245s
  5333  3791    0.20071   53  287    0.22057    0.12923  41.4%   235  250s
  5431  3863    0.13785   39  327    0.22057    0.12923  41.4%   238  255s
H 5490  3905                       0.2202894    0.12924  41.3%   237  256s
  5653  4041    0.16107   77  259    0.22029    0.12924  41.3%   233  260s
  5810  4162    0.13958   42  292    0.22029    0.12925  41.3%   231  265s
  6027  4337    0.13549   20  423    0.22029    0.12926  41.3%   228  270s
  6262  4519    0.20686   31  369    0.22029    0.12927  41.3%   225  275s
  6413  4639    0.17808   38  356    0.22029    0.12928  41.3%   225  280s
  6545  4746    0.15495   77  192    0.22029    0.12928  41.3%   225  285s
H 6713  4855                       0.2199530    0.12929  41.2%   224  289s
  6715  4859    0.13476   32  422    0.21995    0.12929  41.2%   224  290s

Cutting planes:
  Learned: 45
  Cover: 33
  Implied bound: 176
  Projected implied bound: 148
  Clique: 71
  MIR: 804
  StrongCG: 92
  Flow cover: 716
  GUB cover: 2
  Zero half: 36
  RLT: 7
  Relax-and-lift: 51
  BQP: 13
  PSD: 2

Explored 6832 nodes (1549020 simplex iterations) in 294.94 seconds (555.25 work units)
Thread count was 1 (of 20 available processors)

Solution count 10: 0.219953 0.220289 0.220573 ... 0.233582

Time limit reached
Best objective 2.199530220890e-01, best bound 1.293089151726e-01, gap 41.2107%

User-callback calls 92351, time in user-callback 0.02 sec
