
Gurobi 13.0.2 (win64) logging started Sat Jul 25 02:39:30 2026

Set parameter LogFile to value "E:\codes\ExactEBRP\results\gf_nonblocking_gurobi_c6_round31\runs\stage4__moderate_seed6301__p_grb_hga__300s\native.log"
Set parameter Threads to value 1
Set parameter Presolve to value -1
Set parameter Seed to value 0
Set parameter MIPGap to value 0
Set parameter MIPGapAbs to value 0
Set parameter TimeLimit to value 300
Read LP format model from file E:\codes\ExactEBRP\results\gf_nonblocking_gurobi_c6_round31\runs\stage4__moderate_seed6301__p_grb_hga__300s\canonical.lp
Reading time = 0.04 seconds
obj: 27656 rows, 10538 columns, 135648 nonzeros
Set parameter TimeLimit to value 242.7151435
Gurobi Optimizer version 13.0.2 build v13.0.2rc1 (win64 - Windows 10.0 (19045.2))

CPU model: 12th Gen Intel(R) Core(TM) i7-12700KF, instruction set [SSE2|AVX|AVX2]
Thread count: 12 physical cores, 20 logical processors, using up to 1 threads

Non-default parameters:
TimeLimit  242.7151435
MIPGap  0
MIPGapAbs  0
LogToConsole  0
Threads  1

Optimize a model with 27656 rows, 10538 columns and 135648 nonzeros (Min)
Model fingerprint: 0x879170d1
Model has 51 linear objective coefficients
Variable types: 1807 continuous, 8731 integer (8231 binary)
Coefficient statistics:
  Matrix range     [3e-02, 6e+02]
  Objective range  [7e-03, 1e+00]
  Bounds range     [1e+00, 5e+01]
  RHS range        [1e+00, 4e+03]

Loaded user MIP start with objective 0.607529

Presolve removed 366 rows and 63 columns
Presolve time: 0.29s
Presolved: 27290 rows, 10475 columns, 217693 nonzeros
Variable types: 483 continuous, 9992 integer (8225 binary)
Root relaxation presolved: 27095 rows, 10285 columns, 217288 nonzeros


Root relaxation: objective 3.156861e-01, 4518 iterations, 0.46 seconds (1.22 work units)

    Nodes    |    Current Node    |     Objective Bounds      |     Work
 Expl Unexpl |  Obj  Depth IntInf | Incumbent    BestBd   Gap | It/Node Time

     0     0    0.31569    0  634    0.60753    0.31569  48.0%     -    0s
     0     0    0.32193    0  580    0.60753    0.32193  47.0%     -    0s
     0     0    0.32193    0  580    0.60753    0.32193  47.0%     -    0s
     0     0    0.39564    0 1691    0.60753    0.39564  34.9%     -    2s
     0     0    0.39564    0 1691    0.60753    0.39564  34.9%     -    2s
     0     0    0.39998    0 1757    0.60753    0.39998  34.2%     -    2s
     0     0    0.42064    0 1852    0.60753    0.42064  30.8%     -    4s
     0     0    0.42235    0 1855    0.60753    0.42235  30.5%     -    4s
     0     0    0.42913    0 1917    0.60753    0.42913  29.4%     -    6s
     0     0    0.42965    0 1929    0.60753    0.42965  29.3%     -    7s
     0     0    0.43188    0 1991    0.60753    0.43188  28.9%     -    8s
     0     0    0.43210    0 1968    0.60753    0.43210  28.9%     -    8s
     0     0    0.43285    0 2022    0.60753    0.43285  28.8%     -    8s
     0     0    0.43299    0 2027    0.60753    0.43299  28.7%     -    9s
     0     0    0.43330    0 2049    0.60753    0.43330  28.7%     -    9s
     0     0    0.43333    0 2070    0.60753    0.43333  28.7%     -   10s
     0     0    0.43379    0 2046    0.60753    0.43379  28.6%     -   11s
     0     0    0.43387    0 2077    0.60753    0.43387  28.6%     -   11s
     0     0    0.43391    0 2090    0.60753    0.43391  28.6%     -   11s
     0     0    0.43402    0 2044    0.60753    0.43402  28.6%     -   12s
     0     0    0.43408    0 2033    0.60753    0.43408  28.5%     -   13s
     0     0    0.43410    0 2048    0.60753    0.43410  28.5%     -   13s
     0     0    0.43439    0 2036    0.60753    0.43439  28.5%     -   14s
     0     0    0.43443    0 2008    0.60753    0.43443  28.5%     -   14s
     0     0    0.43485    0 2025    0.60753    0.43485  28.4%     -   15s
     0     0    0.43498    0 2026    0.60753    0.43498  28.4%     -   15s
     0     0    0.43512    0 1992    0.60753    0.43512  28.4%     -   16s
     0     0    0.43527    0 2004    0.60753    0.43527  28.4%     -   16s
     0     0    0.43545    0 2026    0.60753    0.43545  28.3%     -   17s
     0     0    0.43546    0 2006    0.60753    0.43546  28.3%     -   17s
     0     0    0.43559    0 2007    0.60753    0.43559  28.3%     -   18s
     0     0    0.43560    0 1986    0.60753    0.43560  28.3%     -   18s
     0     0    0.43572    0 1978    0.60753    0.43572  28.3%     -   19s
     0     0    0.43572    0 1976    0.60753    0.43572  28.3%     -   19s
     0     0    0.43572    0 1956    0.60753    0.43572  28.3%     -   19s
     0     2    0.43573    0 1956    0.60753    0.43573  28.3%     -   20s
    11    13    0.45561   10 1903    0.60753    0.43604  28.2%   679   25s
    19    21    0.44064   17 1794    0.60753    0.43604  28.2%   491   30s
    60    62    0.44900   43 1661    0.60753    0.43604  28.2%   386   35s
   128   130    0.46962   90 1281    0.60753    0.43604  28.2%   289   40s
   246   246    0.51400  182  944    0.60753    0.43604  28.2%   203   45s
   272   266    0.46375   11 1929    0.60753    0.43691  28.1%   234   50s
   293   287    0.47579   27 1693    0.60753    0.43691  28.1%   253   55s
   354   348    0.49610   76 1037    0.60753    0.43691  28.1%   239   60s
   386   378    0.49850   99  951    0.60753    0.43691  28.1%   229   65s
   466   452    0.52835  163  865    0.60753    0.43691  28.1%   199   70s
   503   483    0.58034  195  995    0.60753    0.43691  28.1%   190   76s
   504   484    0.58040  196  997    0.60753    0.43691  28.1%   190   85s
   525   504    0.49698   89 1956    0.60753    0.43691  28.1%   183   97s
   527   505    0.44064   17  540    0.60753    0.43691  28.1%   183  100s
   529   507    0.50496  131 1890    0.60753    0.43691  28.1%   182  106s
   531   508    0.49246  124 1936    0.60753    0.43704  28.1%   181  111s
   533   509    0.50744  153 2046    0.60753    0.43863  27.8%   181  117s
   534   510    0.49592   91 1978    0.60753    0.43911  27.7%   180  120s
   536   511    0.50140  116 1902    0.60753    0.43982  27.6%   180  125s
   538   513    0.44900   44 1996    0.60753    0.44012  27.6%   179  131s
   540   514    0.44368   37 2029    0.60753    0.44019  27.5%   178  135s
   543   516    0.49387  132 2037    0.60753    0.44024  27.5%   177  140s
H  545   490                       0.5994794    0.44027  26.6%   177  146s
H  547   467                       0.5974782    0.44034  26.3%   176  150s
H  547   444                       0.5974693    0.44034  26.3%   176  150s
H  547   421                       0.5970894    0.44034  26.3%   176  150s
H  547   400                       0.5960801    0.44034  26.1%   176  150s
   552   403    0.50169  122 2021    0.59608    0.44036  26.1%   174  155s
   556   406    0.47646   28 2066    0.59608    0.44036  26.1%   173  162s
   558   407    0.47531   95 2066    0.59608    0.44050  26.1%   172  166s
   561   409    0.50766  162 2080    0.59608    0.44060  26.1%   172  171s
H  561   388                       0.5920411    0.44060  25.6%   172  172s
H  561   368                       0.5893220    0.44060  25.2%   172  173s
   563   369    0.47584  101 2154    0.58932    0.44061  25.2%   171  175s
   566   371    0.49592  122 2153    0.58932    0.44075  25.2%   170  180s
   570   374    0.58158  215 2077    0.58932    0.44080  25.2%   169  185s
   573   376    0.45675   62 2059    0.58932    0.44081  25.2%   168  190s
   574   377    0.45505   14 2059    0.58932    0.44081  25.2%   168  195s
H  576   358                       0.5887536    0.44081  25.1%   346  201s
H  577   340                       0.5878489    0.44082  25.0%   351  202s
H  577   322                       0.5878436    0.44082  25.0%   351  202s
H  577   306                       0.5877562    0.44082  25.0%   351  202s
   578   308    0.44087   11 2037    0.58776    0.44082  25.0%   353  211s
   580   310    0.45768   12 2013    0.58776    0.44082  25.0%   367  216s
   582   311    0.45403   13 1979    0.58776    0.44082  25.0%   379  220s
   586   314    0.44330   15 1962    0.58776    0.44082  25.0%   395  226s
   590   316    0.45076   17 1884    0.58776    0.44082  25.0%   408  231s
   592   318    0.45531   18 1859    0.58776    0.44082  25.0%   418  235s
   597   321    0.44830   21 1918    0.58776    0.44082  25.0%   428  240s

Cutting planes:
  Learned: 18
  Gomory: 3
  Cover: 61
  Implied bound: 113
  Projected implied bound: 72
  Clique: 62
  MIR: 366
  StrongCG: 30
  Flow cover: 425
  GUB cover: 3
  Zero half: 44
  RLT: 92
  Relax-and-lift: 202
  BQP: 38

Explored 600 nodes (292401 simplex iterations) in 242.72 seconds (582.59 work units)
Thread count was 1 (of 20 available processors)

Solution count 10: 0.587756 0.587844 0.587849 ... 0.597478

Time limit reached
Best objective 5.877561513909e-01, best bound 4.408236013295e-01, gap 24.9989%

User-callback calls 43270, time in user-callback 0.00 sec
