
Gurobi 13.0.2 (win64) logging started Sun Aug  9 20:07:52 2026

Set parameter LogFile to value "E:\codes\ExactEBRP\results\gf_simple_start_qualification_round35\runs\matrix1800__round31_sealed_tight_T_V50_seed1973327304__c6_simple_start__1800s\native.log"
Set parameter Threads to value 1
Set parameter Presolve to value -1
Set parameter Seed to value 0
Set parameter MIPGap to value 0
Set parameter MIPGapAbs to value 0
Warning: unknown variable 'r_max' in bounds section (line 103376)
Warning: unknown variable 'r_min' in bounds section (line 103377)
Read LP format model from file E:\codes\ExactEBRP\results\gf_simple_start_qualification_round35\runs\matrix1800__round31_sealed_tight_T_V50_seed1973327304__c6_simple_start__1800s\external\models\L0.lp
Reading time = 0.21 seconds
obj: 93030 rows, 18193 columns, 665279 nonzeros
Set parameter TimeLimit to value 1783.8902539
Warning: unknown variable 'r_max' in bounds section (line 103376)
Warning: unknown variable 'r_min' in bounds section (line 103377)
Read LP format model from file E:\codes\ExactEBRP\results\gf_simple_start_qualification_round35\runs\matrix1800__round31_sealed_tight_T_V50_seed1973327304__c6_simple_start__1800s\external\models\L1.lp
Reading time = 0.21 seconds
obj: 93030 rows, 18193 columns, 665893 nonzeros
Set parameter TimeLimit to value 1780.5292158
Warning: unknown variable 'r_max' in bounds section (line 103378)
Warning: unknown variable 'r_min' in bounds section (line 103379)
Read LP format model from file E:\codes\ExactEBRP\results\gf_simple_start_qualification_round35\runs\matrix1800__round31_sealed_tight_T_V50_seed1973327304__c6_simple_start__1800s\external\models\L2.lp
Reading time = 0.21 seconds
obj: 93032 rows, 18193 columns, 665905 nonzeros
Set parameter TimeLimit to value 1771.4360246
Warning: unknown variable 'r_max' in bounds section (line 103376)
Warning: unknown variable 'r_min' in bounds section (line 103377)
Read LP format model from file E:\codes\ExactEBRP\results\gf_simple_start_qualification_round35\runs\matrix1800__round31_sealed_tight_T_V50_seed1973327304__c6_simple_start__1800s\external\models\L0.0.lp
Reading time = 0.20 seconds
obj: 93030 rows, 18193 columns, 665279 nonzeros
Set parameter TimeLimit to value 1768.2615571
Warning: unknown variable 'r_max' in bounds section (line 103376)
Warning: unknown variable 'r_min' in bounds section (line 103377)
Read LP format model from file E:\codes\ExactEBRP\results\gf_simple_start_qualification_round35\runs\matrix1800__round31_sealed_tight_T_V50_seed1973327304__c6_simple_start__1800s\external\models\L0.1.lp
Reading time = 0.21 seconds
obj: 93030 rows, 18193 columns, 665893 nonzeros
Set parameter TimeLimit to value 1762.9554913
Warning: unknown variable 'r_max' in bounds section (line 103376)
Warning: unknown variable 'r_min' in bounds section (line 103377)
Read LP format model from file E:\codes\ExactEBRP\results\gf_simple_start_qualification_round35\runs\matrix1800__round31_sealed_tight_T_V50_seed1973327304__c6_simple_start__1800s\external\models\L0.1.0.lp
Reading time = 0.21 seconds
obj: 93030 rows, 18193 columns, 665893 nonzeros
Set parameter TimeLimit to value 1710.1814603
Warning: unknown variable 'r_max' in bounds section (line 103376)
Warning: unknown variable 'r_min' in bounds section (line 103377)
Read LP format model from file E:\codes\ExactEBRP\results\gf_simple_start_qualification_round35\runs\matrix1800__round31_sealed_tight_T_V50_seed1973327304__c6_simple_start__1800s\external\models\L0.1.1.lp
Reading time = 0.20 seconds
obj: 93030 rows, 18193 columns, 665893 nonzeros
Set parameter TimeLimit to value 1704.4415843
Warning: unknown variable 'r_max' in bounds section (line 103376)
Warning: unknown variable 'r_min' in bounds section (line 103377)
Read LP format model from file E:\codes\ExactEBRP\results\gf_simple_start_qualification_round35\runs\matrix1800__round31_sealed_tight_T_V50_seed1973327304__c6_simple_start__1800s\external\models\L1.0.lp
Reading time = 0.21 seconds
obj: 93030 rows, 18193 columns, 665893 nonzeros
Set parameter TimeLimit to value 1639.6625752
Warning: unknown variable 'r_max' in bounds section (line 103377)
Warning: unknown variable 'r_min' in bounds section (line 103378)
Read LP format model from file E:\codes\ExactEBRP\results\gf_simple_start_qualification_round35\runs\matrix1800__round31_sealed_tight_T_V50_seed1973327304__c6_simple_start__1800s\external\models\L1.1.lp
Reading time = 0.21 seconds
obj: 93031 rows, 18193 columns, 665899 nonzeros
Set parameter TimeLimit to value 1635.9590839
