
Gurobi 13.0.2 (win64) logging started Fri Jul 24 22:38:57 2026

Set parameter LogFile to value "E:\codes\ExactEBRP\results\gf_nonblocking_gurobi_c6_round31\runs\stage2__high_imbalance_seed6202__p_grb__300s\native.log"
Set parameter Threads to value 1
Set parameter Presolve to value -1
Set parameter Seed to value 0
Set parameter MIPGap to value 0
Set parameter MIPGapAbs to value 0
Set parameter TimeLimit to value 300
Read LP format model from file E:\codes\ExactEBRP\results\gf_nonblocking_gurobi_c6_round31\runs\stage2__high_imbalance_seed6202__p_grb__300s\canonical.lp
Reading time = 0.04 seconds
obj: 27650 rows, 10534 columns, 135597 nonzeros
Set parameter TimeLimit to value 294.7070274
Gurobi Optimizer version 13.0.2 build v13.0.2rc1 (win64 - Windows 10.0 (19045.2))

CPU model: 12th Gen Intel(R) Core(TM) i7-12700KF, instruction set [SSE2|AVX|AVX2]
Thread count: 12 physical cores, 20 logical processors, using up to 1 threads

Non-default parameters:
TimeLimit  294.7070274
MIPGap  0
MIPGapAbs  0
LogToConsole  0
Threads  1

Optimize a model with 27650 rows, 10534 columns and 135597 nonzeros (Min)
Model fingerprint: 0x2d0bfcbe
Model has 51 linear objective coefficients
Variable types: 1805 continuous, 8729 integer (8229 binary)
Coefficient statistics:
  Matrix range     [2e-02, 6e+02]
  Objective range  [1e-02, 1e+00]
  Bounds range     [1e+00, 6e+01]
  RHS range        [1e+00, 4e+03]

Presolve removed 417 rows and 102 columns
Presolve time: 0.31s
Presolved: 27233 rows, 10432 columns, 211892 nonzeros
Variable types: 579 continuous, 9853 integer (8210 binary)
Found heuristic solution: objective 20.1988520

Use crossover to convert LP symmetric solution to basic solution...
Crossover time: 0.02 seconds (0.02 work units)

Root relaxation: objective 7.114386e+00, 6211 iterations, 0.45 seconds (1.04 work units)

    Nodes    |    Current Node    |     Objective Bounds      |     Work
 Expl Unexpl |  Obj  Depth IntInf | Incumbent    BestBd   Gap | It/Node Time

     0     0    7.11439    0  594   20.19885    7.11439  64.8%     -    0s
     0     0    7.38353    0 1180   20.19885    7.38353  63.4%     -    1s
     0     0    7.39179    0 1111   20.19885    7.39179  63.4%     -    1s
     0     0    7.45437    0 1036   20.19885    7.45437  63.1%     -    2s
     0     0    7.46195    0  987   20.19885    7.46195  63.1%     -    2s
     0     0    7.61864    0 1136   20.19885    7.61864  62.3%     -    2s
     0     0    7.77395    0 1047   20.19885    7.77395  61.5%     -    3s
     0     0    7.80141    0  875   20.19885    7.80141  61.4%     -    3s
H    0     0                      20.0507278    7.80141  61.1%     -    3s
H    0     0                      20.0503279    7.80141  61.1%     -    3s
H    0     0                      20.0451093    7.80141  61.1%     -    4s
H    0     0                      19.9715689    7.80141  60.9%     -    4s
H    0     0                      19.6029608    7.80141  60.2%     -    4s
H    0     0                      19.6005445    7.80141  60.2%     -    4s
H    0     0                      19.6004353    7.80141  60.2%     -    4s
H    0     0                      19.5998068    7.80141  60.2%     -    4s
     0     0    7.80259    0  921   19.59981    7.80259  60.2%     -    4s
     0     0    7.80296    0  873   19.59981    7.80296  60.2%     -    4s
     0     0    7.80314    0  919   19.59981    7.80314  60.2%     -    4s
     0     0    7.80315    0  920   19.59981    7.80315  60.2%     -    4s
     0     0    7.80948    0  925   19.59981    7.80948  60.2%     -    4s
H    0     0                      18.7271657    7.80948  58.3%     -    4s
H    0     0                      16.2538635    7.80948  52.0%     -    4s
H    0     0                      16.2531070    7.80948  52.0%     -    4s
H    0     0                      16.2484652    7.80948  51.9%     -    4s
H    0     0                      16.1159087    7.80948  51.5%     -    4s
H    0     0                      16.1151363    7.80948  51.5%     -    4s
     0     0    7.81176    0  945   16.11514    7.81176  51.5%     -    4s
     0     0    7.81215    0  940   16.11514    7.81215  51.5%     -    4s
     0     0    7.81231    0  945   16.11514    7.81231  51.5%     -    4s
     0     0    7.81237    0  949   16.11514    7.81237  51.5%     -    5s
     0     0    7.81731    0  897   16.11514    7.81731  51.5%     -    5s
     0     0    7.81793    0  990   16.11514    7.81793  51.5%     -    5s
     0     0    7.81833    0  855   16.11514    7.81833  51.5%     -    5s
     0     0    7.81836    0  859   16.11514    7.81836  51.5%     -    5s
     0     0    7.82234    0  799   16.11514    7.82234  51.5%     -    5s
     0     0    7.82409    0  858   16.11514    7.82409  51.4%     -    5s
     0     0    7.82431    0  867   16.11514    7.82431  51.4%     -    6s
     0     0    7.82432    0  869   16.11514    7.82432  51.4%     -    6s
     0     0    7.82437    0  885   16.11514    7.82437  51.4%     -    6s
H    0     0                      16.0691758    7.82437  51.3%     -    6s
H    0     0                      16.0685103    7.82437  51.3%     -    6s
H    0     0                      16.0684426    7.82437  51.3%     -    6s
H    0     0                      16.0607388    7.82437  51.3%     -    6s
H    0     0                      16.0603659    7.82437  51.3%     -    6s
H    0     0                      16.0602982    7.82437  51.3%     -    6s
H    0     0                      16.0568030    7.82437  51.3%     -    6s
     0     0    7.82438    0  877   16.05680    7.82438  51.3%     -    6s
     0     0    7.82447    0  887   16.05680    7.82447  51.3%     -    6s
     0     0    7.82451    0  882   16.05680    7.82451  51.3%     -    6s
     0     0    7.82815    0  783   16.05680    7.82815  51.2%     -    6s
     0     0    7.82833    0  783   16.05680    7.82833  51.2%     -    7s
     0     0    7.82836    0  785   16.05680    7.82836  51.2%     -    7s
     0     0    7.83128    0  862   16.05680    7.83128  51.2%     -    7s
H    0     0                      16.0559471    7.83128  51.2%     -    7s
     0     0    7.83131    0  845   16.05595    7.83131  51.2%     -    7s
     0     0    7.83134    0  868   16.05595    7.83134  51.2%     -    7s
H    0     0                      15.9642425    7.83148  50.9%     -    7s
H    0     0                      15.9616499    7.83148  50.9%     -    7s
H    0     0                      15.9611833    7.83148  50.9%     -    7s
H    0     0                      15.9585907    7.83148  50.9%     -    7s
H    0     0                      15.9581242    7.83148  50.9%     -    7s
H    0     0                      15.9550650    7.83148  50.9%     -    7s
H    0     0                      15.9524724    7.83148  50.9%     -    7s
H    0     0                      15.9520058    7.83148  50.9%     -    7s
H    0     0                      15.9512795    7.83148  50.9%     -    7s
H    0     0                      15.9489467    7.83148  50.9%     -    7s
H    0     0                      15.9463541    7.83148  50.9%     -    7s
H    0     0                      15.9458875    7.83148  50.9%     -    7s
H    0     0                      15.9428398    7.83148  50.9%     -    7s
H    0     0                      15.9422458    7.83148  50.9%     -    7s
H    0     0                      15.9395963    7.83148  50.9%     -    7s
     0     0    7.83148    0  864   15.93960    7.83148  50.9%     -    8s
     0     0    7.83148    0  863   15.93960    7.83148  50.9%     -    8s
     0     0    7.83148    0  862   15.93960    7.83148  50.9%     -    8s
     0     0    7.83148    0  853   15.93960    7.83148  50.9%     -    8s
H    0     0                      15.9395934    7.83157  50.9%     -    9s
H    0     0                      15.9258665    7.83157  50.8%     -    9s
H    0     0                      15.9242223    7.83157  50.8%     -    9s
H    0     0                      15.6086655    7.83157  49.8%     -    9s
H    0     0                      15.4838158    7.83157  49.4%     -    9s
H    0     0                      15.4674066    7.83157  49.4%     -    9s
H    0     0                      14.3744276    7.83157  45.5%     -    9s
H    0     0                      14.3576892    7.83157  45.5%     -    9s
H    0     0                      13.7624221    7.83157  43.1%     -    9s
H    0     0                      13.7511215    7.83157  43.0%     -    9s
H    0     0                      13.7057807    7.83157  42.9%     -    9s
H    0     0                      13.7039318    7.83157  42.9%     -    9s
H    0     0                      13.6859440    7.83157  42.8%     -    9s
H    0     0                      13.6666419    7.83157  42.7%     -    9s
H    0     0                      13.6649191    7.83157  42.7%     -    9s
H    0     0                      13.6570182    7.83157  42.7%     -    9s
H    0     0                      13.3279478    7.83157  41.2%     -    9s
H    0     0                      13.2361302    7.83157  40.8%     -    9s
H    0     0                      13.2314645    7.83157  40.8%     -    9s
H    0     0                      13.2071612    7.83157  40.7%     -    9s
H    0     0                      13.2056481    7.83157  40.7%     -    9s
H    0     0                      13.2046214    7.83157  40.7%     -    9s
H    0     0                      13.2043939    7.83157  40.7%     -    9s
     0     2    7.83157    0  853   13.20439    7.83157  40.7%     -    9s
     4     6    8.02876    2  963   13.20439    7.83183  40.7%   314   10s
H    5     5                      13.1892268    7.83183  40.6%   251   10s
H    8     8                      13.1438860    7.83183  40.4%   269   11s
H    8     8                      13.0687453    7.83183  40.1%   269   11s
H    8     8                      13.0674929    7.83183  40.1%   269   11s
H    8     8                      13.0674517    7.83183  40.1%   269   11s
H    8     8                      11.3782248    7.83183  31.2%   269   11s
H    8     8                      11.3781727    7.83183  31.2%   269   12s
H    8     8                      11.3772874    7.83183  31.2%   269   12s
H    8     8                      11.2370327    7.83183  30.3%   269   12s
H    8     8                      11.2366110    7.83183  30.3%   269   13s
    41    39    8.79580   24 1177   11.23661    7.83183  30.3%   212   15s
   129   124    9.33583  101 1282   11.23661    7.83183  30.3%   141   20s
H  180   166                      11.2358386    7.83188  30.3%   137   22s
H  180   166                      11.2355964    7.83188  30.3%   137   23s
H  180   166                      11.2355885    7.83188  30.3%   137   23s
H  180   166                      11.2355728    7.83188  30.3%   137   23s
H  180   166                      11.2355650    7.83188  30.3%   137   23s
H  180   166                      11.2355571    7.83188  30.3%   137   23s
H  186   172                      11.2306993    7.83188  30.3%   138   24s
H  186   172                      11.2302371    7.83188  30.3%   138   24s
H  186   172                      11.2300545    7.83188  30.3%   138   24s
H  186   172                      11.2300401    7.83188  30.3%   138   24s
H  186   172                      11.2300336    7.83188  30.3%   138   24s
   194   182    8.18160   25 1282   11.23003    7.83188  30.3%   144   25s
H  230   216                      11.2299714    7.83188  30.3%   133   27s
H  233   219                      11.2282909    7.83188  30.2%   135   27s
H  233   219                      11.2281939    7.83188  30.2%   135   27s
H  233   219                      11.2279644    7.83188  30.2%   135   27s
H  249   235                      11.2278627    7.83188  30.2%   129   27s
H  259   245                      11.2278563    7.83188  30.2%   126   28s
   288   274   10.80097  110 1161   11.22786    7.83188  30.2%   130   30s
H  302   286                      11.1262918    7.83188  29.6%   127   30s
H  302   286                      11.1248454    7.83188  29.6%   127   30s
H  302   286                      11.1246774    7.83188  29.6%   127   30s
H  302   286                      11.1226610    7.83188  29.6%   127   30s
H  302   286                      11.1226343    7.83188  29.6%   127   30s
H  302   286                      11.1226134    7.83188  29.6%   127   30s
H  302   286                      11.1225992    7.83188  29.6%   127   30s
H  302   286                      11.1225930    7.83188  29.6%   127   30s
H  316   300                      11.1217097    7.83188  29.6%   124   31s
H  358   342                      11.1076256    7.83188  29.5%   116   32s
H  358   342                      11.1071434    7.83188  29.5%   116   32s
H  358   342                      11.1070893    7.83188  29.5%   116   32s
H  358   342                      11.1064007    7.83188  29.5%   116   32s
H  358   342                      11.1058756    7.83188  29.5%   116   32s
H  358   342                      11.1058061    7.83188  29.5%   116   32s
H  358   342                      11.1052810    7.83188  29.5%   116   32s
H  358   342                      11.1052544    7.83188  29.5%   116   32s
H  358   273                      10.1288211    7.83188  22.7%   116   32s
H  358   273                      10.1287943    7.83188  22.7%   116   32s
H  358   273                      10.1287541    7.83188  22.7%   116   32s
H  385   288                      10.1248684    7.83864  22.6%   120   34s
H  385   288                      10.1153991    7.83864  22.5%   120   34s
H  385   288                      10.1153826    7.83864  22.5%   120   34s
H  385   288                      10.1142675    7.83864  22.5%   120   34s
   395   300    8.24515   26 1196   10.11427    7.83864  22.5%   123   35s
H  452   353                      10.1056226    7.83864  22.4%   129   39s
H  452   353                      10.1021024    7.83864  22.4%   129   39s
H  452   353                      10.1021007    7.83864  22.4%   129   39s
H  452   353                      10.0952668    7.83864  22.4%   129   39s
H  452   353                      10.0928814    7.83864  22.3%   129   39s
H  463   364                      10.0927645    7.83864  22.3%   128   39s
H  463   364                      10.0927562    7.83864  22.3%   128   39s
H  463   364                      10.0927473    7.83864  22.3%   128   39s
   468   367     cutoff   85        10.09275    7.83864  22.3%   130   40s
H  471   364                      10.0925423    7.83864  22.3%   131   40s
H  471   364                      10.0905879    7.83864  22.3%   131   40s
H  471   364                      10.0892323    7.83864  22.3%   131   40s
H  471   364                      10.0889152    7.83864  22.3%   131   40s
H  471   364                      10.0888890    7.83864  22.3%   131   41s
H  471   364                      10.0886188    7.83864  22.3%   131   41s
H  474   363                      10.0824965    7.83864  22.3%   132   42s
H  478   361                      10.0824631    7.83864  22.3%   135   43s
H  478   361                      10.0824564    7.83864  22.3%   135   43s
H  478   361                      10.0824524    7.83864  22.3%   135   43s
H  478   361                      10.0824446    7.83864  22.3%   135   43s
   504   389    8.38036   27 1045   10.08244    7.85738  22.1%   138   45s
H  542   420                      10.0587643    7.85738  21.9%   136   46s
H  542   420                      10.0580296    7.85738  21.9%   136   46s
   545   422    9.34151   43  717   10.05803    7.85738  21.9%   135   51s
   552   427    7.94639   15 1151   10.05803    7.85738  21.9%   134   55s
   558   431    9.23849   35  865   10.05803    7.85738  21.9%   132   60s
H  559   410                      10.0561848    7.85738  21.9%   132   62s
H  559   389                      10.0560410    7.85738  21.9%   132   63s
H  561   370                      10.0556628    7.85738  21.9%   132   65s
H  561   351                      10.0555712    7.85738  21.9%   132   65s
H  561   333                      10.0554327    7.85738  21.9%   132   65s
   568   338    9.24844   70  860   10.05543    7.85738  21.9%   130   70s
   570   339    9.49824   80  833   10.05543    7.85742  21.9%   129   76s
   580   348    7.85742   14  881   10.05543    7.85742  21.9%   161   80s
   602   362    8.33505   25  874   10.05543    7.85742  21.9%   173   85s
   624   377    8.60738   36 1093   10.05543    7.85742  21.9%   184   90s
H  641   369                      10.0546780    7.85742  21.9%   185   93s
   646   375    8.59570   47 1224   10.05468    7.85742  21.9%   187   95s
   669   388    8.60687   59 1279   10.05468    7.85742  21.9%   190  100s
H  681   377                      10.0516804    7.85742  21.8%   192  102s
   692   386    8.62926   70 1238   10.05168    7.85742  21.8%   195  105s
H  698   373                      10.0515575    7.85742  21.8%   196  107s
   709   383    8.63320   79 1262   10.05156    7.85742  21.8%   200  110s
   735   398    8.78233   92 1098   10.05156    7.85742  21.8%   206  115s
   783   428 infeasible  116        10.05156    7.85742  21.8%   206  120s
   811   432    8.88490  127 1050   10.05156    7.85742  21.8%   209  125s
   851   442 infeasible  144        10.05156    7.85742  21.8%   210  130s
   868   442    7.91967   14 1083   10.05156    7.85742  21.8%   212  139s
   870   443    7.88556   15 1232   10.05156    7.85742  21.8%   212  140s
   891   457    8.07802   26 1054   10.05156    7.85742  21.8%   214  145s
   912   471    8.24806   36 1025   10.05156    7.85742  21.8%   221  150s
   934   486    8.75935   47  941   10.05156    7.85742  21.8%   227  155s
   957   495    9.43265   59 1103   10.05156    7.85742  21.8%   231  160s
   989   509    9.58696   73 1093   10.05156    7.85742  21.8%   229  165s
  1027   525    9.61960   92  851   10.05156    7.85742  21.8%   227  170s
  1057   533    9.34396   22 1277   10.05156    7.85742  21.8%   229  175s
  1079   545    8.47021   33 1173   10.05156    7.85742  21.8%   232  180s
  1102   559    8.94273   45 1124   10.05156    7.85742  21.8%   234  185s
  1126   571    9.47729   57 1194   10.05156    7.85742  21.8%   238  190s
  1153   577    9.07956   24 1219   10.05156    7.85742  21.8%   242  195s
  1184   593    9.21850   39 1252   10.05156    7.85742  21.8%   243  200s
  1220   615    9.30762   57 1323   10.05156    7.85742  21.8%   244  205s
  1258   639    9.32973   76 1155   10.05156    7.85742  21.8%   245  210s
  1305   665    9.49429   99  982   10.05156    7.85742  21.8%   243  215s
  1342   682    9.49930  118  999   10.05156    7.85742  21.8%   242  220s
  1379   679    8.72467   19 1224   10.05156    7.85742  21.8%   244  225s
  1403   691    8.49123   31 1148   10.05156    7.85742  21.8%   246  230s
  1435   713    9.18468   47 1067   10.05156    7.85742  21.8%   248  235s
  1465   739    8.95138   62 1214   10.05156    7.85742  21.8%   250  240s
  1493   767    8.99989   76 1086   10.05156    7.85742  21.8%   253  245s
  1514   786    8.99661   87 1131   10.05156    7.85742  21.8%   256  250s
  1535   807    9.02139   97 1117   10.05156    7.85742  21.8%   259  255s
  1583   851    9.03352  121  910   10.05156    7.85742  21.8%   257  260s
  1614   877    9.03031  137  966   10.05156    7.85742  21.8%   258  265s
  1640   897    9.34517  150  958   10.05156    7.85742  21.8%   260  270s
  1669   907    8.29564   19  628   10.05156    7.85742  21.8%   260  275s
  1694   930    8.91723   32 1098   10.05156    7.85742  21.8%   263  280s
  1717   947    9.38822   43 1082   10.05156    7.85742  21.8%   263  285s
  1738   964    9.07769   54 1195   10.05156    7.85742  21.8%   265  290s

Cutting planes:
  Learned: 8
  Gomory: 11
  Cover: 75
  Implied bound: 75
  Projected implied bound: 57
  Clique: 46
  MIR: 477
  Mixing: 3
  StrongCG: 57
  Flow cover: 485
  GUB cover: 5
  Inf proof: 1
  Zero half: 25
  RLT: 11
  Relax-and-lift: 52
  BQP: 30

Explored 1760 nodes (483206 simplex iterations) in 294.71 seconds (658.40 work units)
Thread count was 1 (of 20 available processors)

Solution count 10: 10.0516 10.0517 10.0547 ... 10.0588

Time limit reached
Best objective 1.005155750439e+01, best bound 7.857423376733e+00, gap 21.8288%

User-callback calls 74477, time in user-callback 0.01 sec
