
Gurobi 13.0.2 (win64) logging started Sun Aug  9 22:21:29 2026

Set parameter LogFile to value "E:\codes\ExactEBRP\results\gf_simple_start_qualification_round35\runs\matrix1800__round32_multi_m_high_imbalance_V50_M4_seed163456187__c6_simple_start__1800s\external\native_logs\L2.1_lp.gurobi.log"
Gurobi Optimizer version 13.0.2 build v13.0.2rc1 (win64 - Windows 10.0 (19045.2))

CPU model: 12th Gen Intel(R) Core(TM) i7-12700KF, instruction set [SSE2|AVX|AVX2]
Thread count: 12 physical cores, 20 logical processors, using up to 1 threads

Non-default parameters:
TimeLimit  1716.2995252
MIPGap  0
MIPGapAbs  0
LogToConsole  0
Threads  1

Optimize a model with 103651 rows, 23583 columns and 720119 nonzeros (Min)
Model fingerprint: 0x46ae6196
Model has 51 linear objective coefficients
Coefficient statistics:
  Matrix range     [1e-02, 2e+04]
  Objective range  [1e-02, 1e+00]
  Bounds range     [6e-01, 3e+04]
  RHS range        [6e-01, 1e+05]

Presolve removed 14044 rows and 307 columns
Presolve time: 0.36s
Presolved: 23253 rows, 112874 columns, 504466 nonzeros

Iteration    Objective       Primal Inf.    Dual Inf.      Time
       0      handle free variables                          0s

Extra simplex iterations after uncrush: 28

Extra simplex iterations from dual to original model: 2
    9663    6.7748302e+00   0.000000e+00   0.000000e+00      3s

Solved in 9663 iterations and 3.25 seconds (10.16 work units)
Optimal objective  6.774830248e+00

User-callback calls 9851, time in user-callback 0.00 sec
