
Gurobi 13.0.2 (win64) logging started Sun Aug  9 22:20:40 2026

Set parameter LogFile to value "E:\codes\ExactEBRP\results\gf_simple_start_qualification_round35\runs\matrix1800__round32_multi_m_high_imbalance_V50_M4_seed163456187__c6_simple_start__1800s\external\native_logs\L2_lp.gurobi.log"
Gurobi Optimizer version 13.0.2 build v13.0.2rc1 (win64 - Windows 10.0 (19045.2))

CPU model: 12th Gen Intel(R) Core(TM) i7-12700KF, instruction set [SSE2|AVX|AVX2]
Thread count: 12 physical cores, 20 logical processors, using up to 1 threads

Non-default parameters:
TimeLimit  1764.9416308
MIPGap  0
MIPGapAbs  0
LogToConsole  0
Threads  1

Optimize a model with 103651 rows, 23583 columns and 720119 nonzeros (Min)
Model fingerprint: 0x6b27e367
Model has 51 linear objective coefficients
Coefficient statistics:
  Matrix range     [1e-02, 2e+04]
  Objective range  [1e-02, 1e+00]
  Bounds range     [5e-01, 3e+04]
  RHS range        [5e-01, 1e+05]

Presolve removed 14044 rows and 307 columns
Presolve time: 0.37s
Presolved: 23253 rows, 112876 columns, 504470 nonzeros

Iteration    Objective       Primal Inf.    Dual Inf.      Time
       0      handle free variables                          0s

Extra simplex iterations after uncrush: 28

Extra simplex iterations from dual to original model: 238
    8544    6.7088896e+00   0.000000e+00   0.000000e+00      2s

Solved in 8544 iterations and 2.41 seconds (7.48 work units)
Optimal objective  6.708889618e+00

User-callback calls 8729, time in user-callback 0.00 sec
