
Gurobi 13.0.2 (win64) logging started Sun Aug  9 22:21:32 2026

Set parameter LogFile to value "E:\codes\ExactEBRP\results\gf_simple_start_qualification_round35\runs\matrix1800__round32_multi_m_high_imbalance_V50_M4_seed163456187__c6_simple_start__1800s\external\native_logs\L2_terminal_mip.gurobi.log"
Gurobi Optimizer version 13.0.2 build v13.0.2rc1 (win64 - Windows 10.0 (19045.2))

CPU model: 12th Gen Intel(R) Core(TM) i7-12700KF, instruction set [SSE2|AVX|AVX2]
Thread count: 12 physical cores, 20 logical processors, using up to 1 threads

Non-default parameters:
TimeLimit  1712.7608696
MIPGap  0
MIPGapAbs  0
LogToConsole  0
Threads  1

Optimize a model with 103651 rows, 23583 columns and 720119 nonzeros (Min)
Model fingerprint: 0xe6a0ac5f
Model has 51 linear objective coefficients
Variable types: 12056 continuous, 11527 integer (10877 binary)
Coefficient statistics:
  Matrix range     [1e-02, 2e+04]
  Objective range  [1e-02, 1e+00]
  Bounds range     [5e-01, 3e+04]
  RHS range        [5e-01, 1e+05]

Presolved: 88596 rows, 23374 columns, 613094 nonzeros

Continuing optimization...

     0     0    6.91028    0  550          -    6.91028      -     -   33s
     0     0    6.91028    0  541          -    6.91028      -     -   33s
     0     0    6.92083    0  560          -    6.92083      -     -   35s
     0     0    6.94417    0  596          -    6.94417      -     -   40s
     0     0    6.95329    0  532          -    6.95329      -     -   42s
     0     0    6.96332    0  545          -    6.96332      -     -   46s
     0     0    6.96797    0  504          -    6.96797      -     -   47s
     0     0    6.98026    0  557          -    6.98026      -     -   51s
     0     0    6.98174    0  571          -    6.98174      -     -   53s
     0     0    6.98798    0  602          -    6.98798      -     -   56s
     0     0    6.98988    0  571          -    6.98988      -     -   59s
     0     0    6.99421    0  540          -    6.99421      -     -   61s
     0     0    6.99755    0  567          -    6.99755      -     -   64s
     0     0    7.00008    0  574          -    7.00008      -     -   67s
     0     0    7.00045    0  628          -    7.00045      -     -   69s
     0     0    7.00394    0  582          -    7.00394      -     -   72s
     0     0    7.00916    0  510          -    7.00916      -     -   74s
     0     0    7.01164    0  570          -    7.01164      -     -   77s
     0     0    7.01318    0  626          -    7.01318      -     -   79s
     0     0    7.01487    0  527          -    7.01487      -     -   82s
     0     0    7.01545    0  595          -    7.01545      -     -   85s
     0     0    7.01671    0  631          -    7.01671      -     -   88s
H    0     0                       7.2852158    7.01671  3.69%     -  100s
H    0     0                       7.2835350    7.01671  3.66%     -  100s
     0     0    7.01695    0  660    7.28354    7.01695  3.66%     -  107s
     0     0    7.01840    0  631    7.28354    7.01840  3.64%     -  111s
     0     0    7.01870    0  647    7.28354    7.01870  3.64%     -  114s
     0     0    7.01949    0  640    7.28354    7.01949  3.63%     -  117s
     0     0    7.01981    0  678    7.28354    7.01981  3.62%     -  119s
     0     0    7.02133    0  680    7.28354    7.02133  3.60%     -  124s
     0     0    7.02161    0  689    7.28354    7.02161  3.60%     -  126s
     0     0    7.02277    0  755    7.28354    7.02277  3.58%     -  130s
     0     0    7.02284    0  711    7.28354    7.02284  3.58%     -  130s
     0     0    7.02491    0  717    7.28354    7.02491  3.55%     -  134s
H    0     0                       7.2832678    7.02491  3.55%     -  134s
H    0     0                       7.2668664    7.02491  3.33%     -  134s
H    0     0                       7.2652253    7.02491  3.31%     -  134s
H    0     0                       7.2649266    7.02491  3.30%     -  134s
     0     0    7.02501    0  733    7.26493    7.02501  3.30%     -  137s
     0     0    7.02635    0  680    7.26493    7.02635  3.28%     -  139s
     0     0    7.02646    0  706    7.26493    7.02646  3.28%     -  141s
     0     0    7.02794    0  711    7.26493    7.02794  3.26%     -  146s
H    0     0                       7.2645292    7.02794  3.26%     -  147s
     0     0    7.02813    0  736    7.26453    7.02813  3.25%     -  147s
     0     0    7.02991    0  710    7.26453    7.02991  3.23%     -  151s
     0     0    7.03025    0  719    7.26453    7.03025  3.22%     -  155s
     0     0    7.03102    0  779    7.26453    7.03102  3.21%     -  161s
H    0     0                       7.2644401    7.03102  3.21%     -  161s
H    0     0                       7.2644106    7.03102  3.21%     -  161s
     0     0    7.03113    0  792    7.26441    7.03113  3.21%     -  162s
     0     0    7.03184    0  700    7.26441    7.03184  3.20%     -  166s
     0     0    7.03219    0  730    7.26441    7.03219  3.20%     -  167s
     0     0    7.03300    0  708    7.26441    7.03300  3.19%     -  170s
H    0     0                       7.2641302    7.03300  3.18%     -  171s
H    0     0                       7.2615718    7.03300  3.15%     -  171s
H    0     0                       7.2614782    7.03300  3.15%     -  171s
H    0     0                       7.2611549    7.03300  3.14%     -  171s
     0     0    7.03305    0  710    7.26115    7.03305  3.14%     -  172s
     0     0    7.03329    0  711    7.26115    7.03329  3.14%     -  176s
     0     0    7.03331    0  743    7.26115    7.03331  3.14%     -  176s
     0     0    7.03355    0  727    7.26115    7.03355  3.13%     -  181s
     0     0    7.05425    0  578    7.26115    7.05425  2.85%     -  189s
     0     0    7.05425    0  578    7.26115    7.05425  2.85%     -  189s
     0     0    7.05425    0  560    7.26115    7.05425  2.85%     -  190s
     0     2    7.05425    0  556    7.26115    7.05425  2.85%     -  196s
     1     3    7.06232    1  561    7.26115    7.05438  2.85%  4321  200s
H    2     2                       7.2610039    7.05438  2.85%  2161  215s
H    2     2                       7.2609905    7.05438  2.85%  2161  216s
H    2     2                       7.2609885    7.05438  2.85%  2161  217s
H    2     2                       7.2608669    7.05438  2.84%  2161  220s
     2     4    7.11158    1  476    7.26087    7.06232  2.73%  3690  232s
     3     5    7.07891    2  432    7.26087    7.06232  2.73%  3327  235s
     5     7    7.07877    3  438    7.26087    7.06381  2.71%  3153  240s
     8    10    7.09378    4  446    7.26087    7.07892  2.51%  2662  248s
    11    13    7.08608    7  413    7.26087    7.07892  2.51%  2031  253s
    13    15    7.08828    9  426    7.26087    7.07892  2.51%  1875  255s
    15    17    7.08916   11  464    7.26087    7.07892  2.51%  1707  260s
    17    19    7.09012   13  477    7.26087    7.07892  2.51%  1571  266s
    26    25    7.20050   19  434    7.26087    7.07892  2.51%  1298  270s
    53    49    7.18524   40  265    7.26087    7.07892  2.51%   782  275s
   168   162    7.20643  150  229    7.26087    7.07892  2.51%   268  280s
   204   190    7.13047    5  421    7.26087    7.07898  2.50%   260  285s
   215   201    7.16869   14  200    7.26087    7.07898  2.50%   284  290s
   239   215    7.15406    4  370    7.26087    7.07900  2.50%   298  296s
   250   220     cutoff   13         7.26087    7.07900  2.50%   318  300s
   254   218    7.09047    4  542    7.26087    7.07922  2.50%   326  308s
   255   219    7.14429    5  363    7.26087    7.07922  2.50%   333  310s
   259   223    7.17198    8  369    7.26087    7.07922  2.50%   352  315s
   272   228    7.25480   16  297    7.26087    7.07922  2.50%   366  320s
   280   228    7.14169    6  378    7.26087    7.08459  2.43%   381  325s
   301   244    7.22068   24  206    7.26087    7.08459  2.43%   383  330s
   404   335    7.25187  117  103    7.26087    7.08459  2.43%   306  335s
   415   338    7.18522    8  332    7.26087    7.08566  2.41%   321  340s
   419   338    7.18409    8  397    7.26087    7.08566  2.41%   336  345s
   436   343    7.13896    5  368    7.26087    7.08586  2.41%   343  350s
   443   348    7.25744   11   96    7.26087    7.08586  2.41%   361  355s
   453   345    7.19717    8  545    7.26087    7.08586  2.41%   380  360s
   456   344 infeasible    9         7.26087    7.08586  2.41%   394  365s
   462   342    7.14373    6  434    7.26087    7.08617  2.41%   408  371s
   465   341     cutoff    7         7.26087    7.08617  2.41%   422  377s
   466   342    7.16440    8  450    7.26087    7.08617  2.41%   421  382s
   470   344     cutoff   12         7.26087    7.08617  2.41%   433  385s
   481   347    7.20768   10  451    7.26087    7.08631  2.40%   444  390s
   486   352    7.18907   10  399    7.26087    7.08631  2.40%   454  395s
   491   351     cutoff   11         7.26087    7.08631  2.40%   472  400s
   500   349    7.19761   11  431    7.26087    7.08684  2.40%   483  405s
   508   349    7.15627    9  470    7.26087    7.08828  2.38%   491  410s
   516   349 infeasible   14         7.26087    7.08828  2.38%   502  415s
   523   349 infeasible   12         7.26087    7.08881  2.37%   513  420s
   531   353    7.24474   14  385    7.26087    7.08917  2.36%   520  425s
H  538   345                       7.2603822    7.08917  2.36%   523  432s
H  538   345                       7.2594380    7.08917  2.35%   523  432s
   543   352    7.24178   15  416    7.25944    7.08963  2.34%   530  435s
   553   348    7.16156    6  430    7.25944    7.09378  2.28%   535  440s
   562   351    7.21247   10  263    7.25944    7.09378  2.28%   540  445s
   570   351    7.15900    6  310    7.25944    7.09382  2.28%   542  451s
   577   358    7.19419   13  260    7.25944    7.09382  2.28%   548  455s
H  582   357                       7.2593840    7.09382  2.28%   547  460s
H  582   357                       7.2593722    7.09382  2.28%   547  460s
   604   374    7.24187   34  263    7.25937    7.09382  2.28%   543  465s
   618   378    7.18392    7  348    7.25937    7.09443  2.27%   549  470s
   645   398    7.14470   18  374    7.25937    7.09579  2.25%   539  475s
   658   409    7.19205   30  314    7.25937    7.09579  2.25%   543  480s
   673   423    7.15426    5  560    7.25937    7.09579  2.25%   535  522s
   675   424    7.24300   79  492    7.25937    7.09579  2.25%   534  534s
   676   425    7.19341   86  610    7.25937    7.09579  2.25%   533  545s
   677   426    7.24025   87  544    7.25937    7.09579  2.25%   532  550s
   678   426    7.24440   66  577    7.25937    7.09579  2.25%   531  557s
   679   427    7.19341   86  726    7.25937    7.09579  2.25%   531  565s
   680   428    7.19465   80  637    7.25937    7.09579  2.25%   530  578s
   681   428    7.20986   18  655    7.25937    7.09579  2.25%   529  583s
   682   429    7.13049    6  622    7.25937    7.09579  2.25%   528  588s
   683   430    7.20429  124  632    7.25937    7.09579  2.25%   528  590s
   684   430    7.22809   12  646    7.25937    7.09579  2.25%   527  599s
   685   431    7.20083   20  759    7.25937    7.09579  2.25%   526  616s
   686   432    7.22848   50  681    7.25937    7.09579  2.25%   525  624s
   687   432    7.19827   39  569    7.25937    7.09863  2.21%   525  631s
   688   433    7.15660   10  518    7.25937    7.10546  2.12%   524  637s
   689   434    7.21153   23  527    7.25937    7.10549  2.12%   523  642s
   690   434    7.13049    6  521    7.25937    7.10797  2.09%   522  655s
   691   435    7.18665   61  527    7.25937    7.10814  2.08%   521  666s
   692   436    7.24020   46  528    7.25937    7.11069  2.05%   521  678s
   693   436    7.23800   63  555    7.25937    7.11236  2.03%   520  687s
   694   437    7.24619  105  560    7.25937    7.11268  2.02%   519  694s
   695   438    7.19055   30  558    7.25937    7.11276  2.02%   518  704s
   696   438    7.24101   30  554    7.25937    7.11349  2.01%   518  718s
   697   439    7.16578   13  555    7.25937    7.11357  2.01%   517  729s
   698   440    7.18602   41  618    7.25937    7.11427  2.00%   516  745s
   699   440    7.19373  120  590    7.25937    7.11443  2.00%   516  752s
   700   441    7.21037   11  586    7.25937    7.11492  1.99%   515  768s
   701   442    7.24948   90  595    7.25937    7.11507  1.99%   514  774s
   702   442    7.20072   21  610    7.25937    7.11553  1.98%   513  789s
   703   443    7.21179   19  614    7.25937    7.11561  1.98%   513  795s
   704   444    7.19946  121  597    7.25937    7.11592  1.98%   512  813s
   705   444    7.11592    5  605    7.25937    7.11592  1.98%   511  821s
   706   445    7.19208    9  602    7.25937    7.11628  1.97%   510  830s
   707   446    7.20199  142  602    7.25937    7.11628  1.97%   510  844s
   708   446    7.22562   40  602    7.25937    7.11630  1.97%   509  854s
   709   449    7.11658   12  560    7.25937    7.11630  1.97%   821  867s
   710   450    7.13229   12  395    7.25937    7.11658  1.97%   825  873s
   711   450    7.11932   13  552    7.25937    7.11658  1.97%   842  887s
H  712   426                       7.2591526    7.11658  1.96%   841  897s
H  712   404                       7.2589387    7.11658  1.96%   841  897s
H  713   384                       7.2588879    7.11932  1.92%   852  899s
   714   386    7.15717   14  369    7.25889    7.11932  1.92%   866  908s
   715   387    7.15775   15  366    7.25889    7.11932  1.92%   867  912s
   716   388    7.16893   15  361    7.25889    7.11932  1.92%   876  917s
H  717   367                       7.2588761    7.11932  1.92%   875  923s
H  718   349                       7.2588515    7.11932  1.92%   884  929s
   719   352    7.16923   17  369    7.25885    7.11932  1.92%   892  934s
   720   352    7.18380   17  362    7.25885    7.11932  1.92%   900  943s
   721   353    7.17225   18  369    7.25885    7.11932  1.92%   900  946s
   722   353    7.18314   18  349    7.25885    7.11932  1.92%   907  953s
   723   353    7.17338   19  379    7.25885    7.11932  1.92%   908  955s
   725   355    7.18623   20  404    7.25885    7.11932  1.92%   922  963s
   726   355    7.18807   20  370    7.25885    7.11932  1.92%   927  990s
   727   356    7.18629   21  404    7.25885    7.11932  1.92%   938  996s
   728   357    7.20100   21  357    7.25885    7.11932  1.92%   943 1000s
   730   358    7.18835   22  392    7.25885    7.11932  1.92%   953 1008s
   731   359    7.19261   23  417    7.25885    7.11932  1.92%   953 1010s
   733   358     cutoff   24         7.25885    7.11932  1.92%   959 1016s
   736   354 infeasible   24         7.25885    7.11932  1.92%   974 1022s
   738   355    7.25104   23  320    7.25885    7.11932  1.92%   973 1025s
   743   351    7.12106   14  417    7.25885    7.11932  1.92%   982 1042s
   744   351    7.14138   15  409    7.25885    7.11932  1.92%   994 1048s
   745   352    7.13361   15  508    7.25885    7.11932  1.92%  1002 1056s
   747   353    7.16860   16  537    7.25885    7.11932  1.92%  1009 1064s
   748   354    7.16987   17  517    7.25885    7.11932  1.92%  1009 1066s
   749   355    7.19093   17  537    7.25885    7.11932  1.92%  1015 1071s
   750   354    7.18864   18  400    7.25885    7.11932  1.92%  1021 1076s
   752   354    7.19259   19  404    7.25885    7.11932  1.92%  1024 1082s
   755   352    7.23454   21  228    7.25885    7.11932  1.92%  1025 1085s
   758   351    7.12142   14  470    7.25885    7.12142  1.89%  1030 1111s
   759   351    7.12779   15  516    7.25885    7.12148  1.89%  1049 1123s
   760   352    7.13108   15  482    7.25885    7.12564  1.84%  1057 1134s
   761   353    7.13575   16  458    7.25885    7.12564  1.84%  1061 1137s
   762   353    7.12809   16  509    7.25885    7.12564  1.84%  1063 1140s
   764   355    7.14842   17  638    7.25885    7.12564  1.84%  1070 1149s
   765   355    7.13046   18  448    7.25885    7.12564  1.84%  1071 1152s
   766   356    7.13103   18  510    7.25885    7.12564  1.84%  1076 1157s
   767   357    7.14221   19  545    7.25885    7.12564  1.84%  1084 1162s
   768   357    7.13245   19  508    7.25885    7.12564  1.84%  1086 1166s
   769   358    7.13486   20  416    7.25885    7.12564  1.84%  1089 1170s
   772   358    7.19812   21  541    7.25885    7.12564  1.84%  1095 1178s
   773   359    7.14398   22  556    7.25885    7.12564  1.84%  1096 1181s
   775   360    7.14487   23  463    7.25885    7.12564  1.84%  1099 1186s
   776   361    7.16376   23  550    7.25885    7.12564  1.84%  1101 1190s
   779   363    7.17641   25  499    7.25885    7.12564  1.84%  1102 1195s
   783   361    7.21400   27  402    7.25885    7.12564  1.84%  1103 1201s
   787   359    7.21465   29  367    7.25885    7.12564  1.84%  1100 1205s
   791   358    7.18465   16  406    7.25885    7.12564  1.84%  1104 1211s
   794   360    7.16052   17  504    7.25885    7.12564  1.84%  1106 1216s
   797   362    7.16136   19  372    7.25885    7.12564  1.84%  1107 1220s
   800   364    7.18314   20  369    7.25885    7.12564  1.84%  1110 1225s
   804   364 infeasible   22         7.25885    7.12564  1.84%  1113 1230s
   808   365    7.18897   24  376    7.25885    7.12564  1.84%  1116 1237s
   810   366    7.18853   25  358    7.25885    7.12564  1.84%  1121 1241s
   813   367    7.18910   27  350    7.25885    7.12564  1.84%  1122 1245s
   815   369    7.20198   28  342    7.25885    7.12564  1.84%  1125 1250s
   818   371    7.20975   30  393    7.25885    7.12564  1.84%  1128 1255s
   823   373    7.20774   32  317    7.25885    7.12564  1.84%  1129 1260s
   827   374    7.23959   34  315    7.25885    7.12564  1.84%  1130 1265s
   833   376    7.23645   37  311    7.25885    7.12564  1.84%  1127 1270s
   838   379    7.24480   40  328    7.25885    7.12564  1.84%  1127 1275s
   849   373    7.25542   45  308    7.25885    7.12564  1.84%  1116 1280s
   853   372    7.14039   15  329    7.25885    7.13103  1.76%  1121 1286s
   855   373    7.15591   16  497    7.25885    7.13103  1.76%  1125 1292s
   856   374    7.16441   17  383    7.25885    7.13103  1.76%  1127 1295s
   859   374     cutoff   18         7.25885    7.13103  1.76%  1134 1302s
   861   375    7.23247   19  358    7.25885    7.13103  1.76%  1138 1307s
H  862   356                       7.2579916    7.13103  1.75%  1136 1308s
H  862   339                       7.2575142    7.13103  1.74%  1136 1308s
H  862   323                       7.2575072    7.13103  1.74%  1136 1308s
H  864   306                       7.2573811    7.13103  1.74%  1134 1310s
H  864   292                       7.2573727    7.13103  1.74%  1134 1310s
H  864   278                       7.2573091    7.13103  1.74%  1134 1310s
H  864   265                       7.2567451    7.13103  1.73%  1134 1310s
H  864   253                       7.2567279    7.13103  1.73%  1134 1310s
   867   257    7.18500   23  340    7.25673    7.13103  1.73%  1135 1315s
   869   259    7.19078   24  340    7.25673    7.13103  1.73%  1136 1320s
   872   260    7.19100   25  331    7.25673    7.13103  1.73%  1137 1325s
   875   261    7.19259   27  283    7.25673    7.13103  1.73%  1137 1330s
   880   262    7.20992   31  291    7.25673    7.13103  1.73%  1136 1336s
   884   265    7.22837   33  359    7.25673    7.13103  1.73%  1134 1341s
   888   265    7.22427   36  304    7.25673    7.13103  1.73%  1130 1345s
   894   266    7.22767   39  304    7.25673    7.13103  1.73%  1125 1350s
   901   264    7.23660   43  275    7.25673    7.13103  1.73%  1117 1355s
   912   260    7.23909   53  216    7.25673    7.13103  1.73%  1105 1360s
   928   257    7.25193   67  241    7.25673    7.13103  1.73%  1089 1365s
   936   254    7.13343   19  521    7.25673    7.13103  1.73%  1086 1378s
   937   255    7.14319   20  549    7.25673    7.13103  1.73%  1092 1386s
   939   256    7.18602   21  483    7.25673    7.13103  1.73%  1097 1394s
   940   257    7.20324   21  435    7.25673    7.13103  1.73%  1102 1398s
   941   258    7.20618   22  481    7.25673    7.13103  1.73%  1103 1400s
   948   258    7.21314   25  377    7.25673    7.13103  1.73%  1098 1405s
   954   257    7.21788   29  287    7.25673    7.13103  1.73%  1095 1410s
   959   258    7.22364   31  293    7.25673    7.13103  1.73%  1094 1415s
   966   257    7.24426   35  242    7.25673    7.13103  1.73%  1090 1420s
   974   255     cutoff   42         7.25673    7.13103  1.73%  1084 1425s
   975   255    7.14893   19  489    7.25673    7.13108  1.73%  1089 1431s
   977   256    7.20086   20  470    7.25673    7.13108  1.73%  1093 1438s
   979   256    7.20445   21  467    7.25673    7.13108  1.73%  1092 1440s
   985   253     cutoff   27         7.25673    7.13108  1.73%  1088 1446s
   986   254    7.14600   16  382    7.25673    7.13108  1.73%  1099 1460s
   988   255    7.15703   17  383    7.25673    7.13108  1.73%  1105 1466s
   992   253     cutoff   19         7.25673    7.13108  1.73%  1108 1472s
   995   254    7.17968   22  320    7.25673    7.13108  1.73%  1107 1475s
  1000   252    7.21312   23  316    7.25673    7.13108  1.73%  1109 1480s
  1008   249    7.14525   16  332    7.25673    7.13229  1.71%  1109 1489s
  1009   250    7.15648   17  347    7.25673    7.13229  1.71%  1112 1492s
  1012   251    7.16099   20  319    7.25673    7.13229  1.71%  1112 1495s
  1016   252    7.17632   22  211    7.25673    7.13229  1.71%  1113 1500s
  1023   248    7.24973   27  106    7.25673    7.13229  1.71%  1114 1505s
  1026   247    7.14520   13  400    7.25673    7.13229  1.71%  1120 1513s
  1028   249    7.16033   15  345    7.25673    7.13229  1.71%  1121 1516s
  1035   248    7.20571   19  294    7.25673    7.13229  1.71%  1117 1520s
  1043   246    7.13473   13  391    7.25673    7.13473  1.68%  1113 1530s
  1046   248    7.17551   16  388    7.25673    7.13475  1.68%  1114 1535s
  1050   250    7.20201   18  355    7.25673    7.13475  1.68%  1116 1540s
  1055   249    7.20505   23  290    7.25673    7.13475  1.68%  1114 1545s
H 1063   239                       7.2567118    7.13475  1.68%  1108 1550s
H 1063   228                       7.2564521    7.13475  1.68%  1108 1550s
  1072   236    7.21987   38  228    7.25645    7.13475  1.68%  1100 1555s
H 1081   220                       7.2563751    7.13475  1.68%  1092 1564s
  1082   223    7.14564   15  382    7.25638    7.13575  1.66%  1099 1567s
H 1083   211                       7.2563666    7.13575  1.66%  1098 1569s
  1084   214    7.15825   17  386    7.25637    7.13575  1.66%  1100 1571s
  1086   215    7.15041   17  441    7.25637    7.13575  1.66%  1104 1576s
  1088   217    7.18393   20  454    7.25637    7.13575  1.66%  1106 1580s
  1093   217     cutoff   21         7.25637    7.13575  1.66%  1105 1585s
H 1099   205                       7.2562938    7.13575  1.66%  1103 1590s
H 1099   196                       7.2561343    7.13575  1.66%  1103 1590s
H 1101   188                       7.2561311    7.13575  1.66%  1102 1593s
  1103   189    7.20520   28  313    7.25613    7.13575  1.66%  1102 1596s
  1109   189    7.20768   34  346    7.25613    7.13575  1.66%  1098 1600s
  1114   192    7.20774   35  239    7.25613    7.13575  1.66%  1098 1605s
  1120   191    7.21695   40  245    7.25613    7.13575  1.66%  1095 1610s
  1124   193    7.21992   44  209    7.25613    7.13575  1.66%  1094 1615s
  1128   193    7.22121   48  204    7.25613    7.13575  1.66%  1090 1620s
  1133   194    7.22298   52  268    7.25613    7.13575  1.66%  1088 1625s
  1139   193    7.22496   57  206    7.25613    7.13575  1.66%  1083 1630s
  1150   188    7.14430   17  473    7.25613    7.13575  1.66%  1079 1652s
  1151   189    7.15906   18  465    7.25613    7.13575  1.66%  1080 1655s
  1154   191    7.17324   20  476    7.25613    7.13575  1.66%  1083 1660s
  1157   193    7.20456   23  439    7.25613    7.13575  1.66%  1085 1666s
  1161   193    7.20957   25  383    7.25613    7.13575  1.66%  1085 1670s
  1165   194    7.22788   28  393    7.25613    7.13575  1.66%  1087 1675s
  1169   198    7.22014   32  271    7.25613    7.13575  1.66%  1088 1684s
  1170   199    7.23438   32  375    7.25613    7.13575  1.66%  1088 1686s
  1171   199    7.22016   33  262    7.25613    7.13575  1.66%  1087 1693s
  1172   199    7.22016   34  261    7.25613    7.13575  1.66%  1086 1695s
H 1173   198                       7.2560307    7.13575  1.66%  1085 1698s
H 1173   198                       7.2558957    7.13575  1.66%  1085 1698s
H 1173   198                       7.2558560    7.13575  1.66%  1085 1698s
  1174   200    7.22016   36  260    7.25586    7.13575  1.66%  1084 1701s
  1179   203    7.22660   39  213    7.25586    7.13575  1.66%  1084 1707s
  1181   204    7.22689   41  199    7.25586    7.13575  1.66%  1083 1710s
  1185   208    7.22700   45  185    7.25586    7.13575  1.66%  1080 1717s
  1186   209    7.22718   46  187    7.25586    7.13575  1.66%  1079 1721s
  1189   211    7.22814   49  205    7.25586    7.13575  1.66%  1077 1726s
  1192   212    7.22872   52  185    7.25586    7.13575  1.66%  1074 1730s
  1195   212    7.22873   55  181    7.25586    7.13575  1.66%  1072 1735s

Cutting planes:
  Learned: 10
  Gomory: 1
  Cover: 158
  Implied bound: 325
  Projected implied bound: 101
  Clique: 42
  MIR: 628
  StrongCG: 19
  Flow cover: 734
  GUB cover: 15
  Zero half: 10
  Network: 46
  RLT: 6
  Relax-and-lift: 273
  BQP: 2
  PSD: 1

Explored 1196 nodes (1452790 simplex iterations) in 1735.48 seconds (4817.59 work units)
Most recent optimization runtime was 1712.78 seconds (4758.84 work units)
Thread count was 1 (of 20 available processors)

Solution count 10: 7.25586 7.2559 7.25603 ... 7.25671

Time limit reached
Best objective 7.255855961367e+00, best bound 7.135750157144e+00, gap 1.6553%

User-callback calls 189652, time in user-callback 0.01 sec
