
Gurobi 13.0.2 (win64) logging started Sun Aug  9 22:20:44 2026

Set parameter LogFile to value "E:\codes\ExactEBRP\results\gf_simple_start_qualification_round35\runs\matrix1800__round32_multi_m_high_imbalance_V50_M4_seed163456187__c6_simple_start__1800s\external\native_logs\L3_lp.gurobi.log"
Gurobi Optimizer version 13.0.2 build v13.0.2rc1 (win64 - Windows 10.0 (19045.2))

CPU model: 12th Gen Intel(R) Core(TM) i7-12700KF, instruction set [SSE2|AVX|AVX2]
Thread count: 12 physical cores, 20 logical processors, using up to 1 threads

Non-default parameters:
TimeLimit  1761.1778181
MIPGap  0
MIPGapAbs  0
LogToConsole  0
Threads  1

Optimize a model with 103651 rows, 23583 columns and 717669 nonzeros (Min)
Model fingerprint: 0xf154cb85
Model has 51 linear objective coefficients
Coefficient statistics:
  Matrix range     [1e-02, 2e+04]
  Objective range  [1e-02, 1e+00]
  Bounds range     [7e-01, 3e+04]
  RHS range        [7e-01, 1e+05]

Presolve removed 14090 rows and 281 columns
Presolve time: 0.36s
Presolved: 23253 rows, 112829 columns, 500986 nonzeros

Iteration    Objective       Primal Inf.    Dual Inf.      Time
       0      handle free variables                          0s

Extra simplex iterations after uncrush: 28

Extra simplex iterations from dual to original model: 10
    7933    6.8971509e+00   0.000000e+00   0.000000e+00      2s

Solved in 7933 iterations and 2.34 seconds (7.35 work units)
Optimal objective  6.897150884e+00

User-callback calls 8120, time in user-callback 0.00 sec
