
Gurobi 13.0.2 (win64) logging started Sun Aug  9 18:10:56 2026

Set parameter LogFile to value "E:\codes\ExactEBRP\results\gf_simple_start_qualification_round35\runs\matrix1800__round31_sealed_high_imbalance_V20_seed1968399862__c6_simple_start__1800s\external\native_logs\L2.1_lp.gurobi.log"
Gurobi Optimizer version 13.0.2 build v13.0.2rc1 (win64 - Windows 10.0 (19045.2))

CPU model: 12th Gen Intel(R) Core(TM) i7-12700KF, instruction set [SSE2|AVX|AVX2]
Thread count: 12 physical cores, 20 logical processors, using up to 1 threads

Non-default parameters:
TimeLimit  1783.146826
MIPGap  0
MIPGapAbs  0
LogToConsole  0
Threads  1

Optimize a model with 11910 rows, 3376 columns and 67378 nonzeros (Min)
Model fingerprint: 0xcd3eddad
Model has 21 linear objective coefficients
Coefficient statistics:
  Matrix range     [1e-02, 2e+04]
  Objective range  [1e-02, 1e+00]
  Bounds range     [6e-01, 2e+03]
  RHS range        [6e-01, 5e+04]

Presolve removed 2180 rows and 93 columns
Presolve time: 0.03s
Presolved: 9730 rows, 3284 columns, 49091 nonzeros

Iteration    Objective       Primal Inf.    Dual Inf.      Time
       0    1.6595802e+00   5.298888e+02   0.000000e+00      0s

Extra simplex iterations after uncrush: 104
    2995    2.0108994e+00   0.000000e+00   0.000000e+00      0s

Solved in 2995 iterations and 0.19 seconds (0.52 work units)
Optimal objective  2.010899423e+00

User-callback calls 3150, time in user-callback 0.00 sec
