
Gurobi 13.0.2 (win64) logging started Sat Aug  8 14:57:05 2026

Set parameter LogFile to value "E:\codes\ExactEBRP\results\gf_c6_documentation_hga_round34\runs\v10__round33_v10_high_imbalance_M3_Q30_seed1765289896__c6_hga_light__3600s\external\native_logs\L1_lp.gurobi.log"
Gurobi Optimizer version 13.0.2 build v13.0.2rc1 (win64 - Windows 10.0 (19045.2))

CPU model: 12th Gen Intel(R) Core(TM) i7-12700KF, instruction set [SSE2|AVX|AVX2]
Thread count: 12 physical cores, 20 logical processors, using up to 1 threads

Non-default parameters:
TimeLimit  3583.536766
MIPGap  0
MIPGapAbs  0
LogToConsole  0
Threads  1

Optimize a model with 5993 rows, 1041 columns and 44258 nonzeros (Min)
Model fingerprint: 0x65324f8c
Model has 11 linear objective coefficients
Coefficient statistics:
  Matrix range     [2e-02, 1e+05]
  Objective range  [2e-02, 1e+00]
  Bounds range     [2e-01, 2e+02]
  RHS range        [2e-01, 1e+06]

Presolve removed 1008 rows and 59 columns
Presolve time: 0.02s
Presolved: 4985 rows, 982 columns, 35756 nonzeros

Iteration    Objective       Primal Inf.    Dual Inf.      Time
       0    5.6034966e-01   2.469032e+02   0.000000e+00      0s
    1328    6.7716424e-01   0.000000e+00   0.000000e+00      0s

Solved in 1328 iterations and 0.06 seconds (0.16 work units)
Optimal objective  6.771642366e-01

User-callback calls 1463, time in user-callback 0.00 sec
