
Gurobi 13.0.2 (win64) logging started Fri Jul 24 20:14:01 2026

Set parameter LogFile to value "E:\codes\ExactEBRP\results\gf_nonblocking_gurobi_c6_round31\runs\stage1__tight_T_seed5102__c6_candidate__300s\external\native_logs\L1_terminal_mip.gurobi.log"
Gurobi Optimizer version 13.0.2 build v13.0.2rc1 (win64 - Windows 10.0 (19045.2))

CPU model: 12th Gen Intel(R) Core(TM) i7-12700KF, instruction set [SSE2|AVX|AVX2]
Thread count: 12 physical cores, 20 logical processors, using up to 1 threads

Non-default parameters:
TimeLimit  273.2773063
MIPGap  0
MIPGapAbs  0
LogToConsole  0
Threads  1

Optimize a model with 11916 rows, 3378 columns and 67376 nonzeros (Min)
Model fingerprint: 0xf94b4fbf
Model has 21 linear objective coefficients
Variable types: 1686 continuous, 1692 integer (1492 binary)
Coefficient statistics:
  Matrix range     [7e-03, 2e+04]
  Objective range  [7e-03, 1e+00]
  Bounds range     [9e-02, 5e+02]
  RHS range        [8e-02, 5e+04]

Presolved: 10625 rows, 3306 columns, 79383 nonzeros

Continuing optimization...

     0     0    0.28771    0  264          -    0.28771      -     -    1s
     0     0    0.28771    0  257          -    0.28771      -     -    1s
     0     0    0.28823    0  247          -    0.28823      -     -    1s
     0     0    0.29829    0  279          -    0.29829      -     -    2s
     0     0    0.29997    0  258          -    0.29997      -     -    2s
     0     0    0.30328    0  290          -    0.30328      -     -    3s
     0     0    0.30341    0  271          -    0.30341      -     -    3s
     0     0    0.30513    0  281          -    0.30513      -     -    4s
     0     0    0.30566    0  339          -    0.30566      -     -    4s
     0     0    0.30607    0  322          -    0.30607      -     -    5s
     0     0    0.30612    0  328          -    0.30612      -     -    5s
     0     0    0.30676    0  345          -    0.30676      -     -    6s
     0     0    0.30685    0  302          -    0.30685      -     -    6s
     0     0    0.30695    0  322          -    0.30695      -     -    7s
     0     0    0.30731    0  331          -    0.30731      -     -    7s
     0     0    0.30776    0  331          -    0.30776      -     -    8s
     0     0    0.30787    0  311          -    0.30787      -     -    8s
     0     0    0.30861    0  319          -    0.30861      -     -    9s
     0     0    0.30876    0  307          -    0.30876      -     -    9s
     0     0    0.30890    0  324          -    0.30890      -     -   10s
     0     0    0.30891    0  307          -    0.30891      -     -   10s
     0     0    0.30909    0  306          -    0.30909      -     -   11s
     0     0    0.30910    0  309          -    0.30910      -     -   11s
     0     0    0.30921    0  352          -    0.30921      -     -   12s
     0     0    0.30929    0  305          -    0.30929      -     -   12s
     0     0    0.30946    0  298          -    0.30946      -     -   12s
     0     0    0.30948    0  294          -    0.30948      -     -   12s
     0     0    0.30949    0  314          -    0.30949      -     -   13s
     0     0    0.30952    0  300          -    0.30952      -     -   13s
     0     0    0.30952    0  293          -    0.30952      -     -   14s
     0     0    0.30952    0  288          -    0.30952      -     -   14s
     0     0    0.30952    0  274          -    0.30952      -     -   14s
     0     2    0.30955    0  273          -    0.30955      -     -   16s
     1     3    0.31182    1  281          -    0.30976      -  1776   16s
     6     8    0.31182    4  284          -    0.31182      -  1332   28s
    24    26    0.31888   20  247          -    0.31182      -   846   30s
    63    65    0.31696   56  239          -    0.31182      -   462   35s
   170   172    0.32018  162  280          -    0.31182      -   253   40s
   338   336    0.35431  324  172          -    0.31182      -   158   45s
   521   509    0.34110  237  245          -    0.31182      -   131   50s
   524   511    0.35476  328  272          -    0.31182      -   130   55s
   528   514    0.35371  303  280          -    0.31266      -   129   61s
   532   517    0.33334   66  287          -    0.31359      -   128   66s
   535   519    0.35172  274  264          -    0.31378      -   128   70s
   539   521    0.33038  119  317          -    0.31421      -   127   75s
   544   525    0.36243  316  280          -    0.31451      -   126   81s
   550   529    0.35617  319  288          -    0.31455      -   124   85s
H  555   504                       0.3623547    0.31466  13.2%   236   96s
   555   506    0.31468   16  265    0.36235    0.31466  13.2%   238  101s
   560   509    0.31992   18  272    0.36235    0.31515  13.0%   261  106s
   565   513    0.31608   21  256    0.36235    0.31515  13.0%   267  110s
   580   521    0.31858   28  262    0.36235    0.31515  13.0%   296  115s
   605   536    0.32576   41  239    0.36235    0.31515  13.0%   314  120s
   640   555    0.35519   58  228    0.36235    0.31515  13.0%   328  125s
   677   559 infeasible   79         0.36235    0.31515  13.0%   332  130s
   729   544    0.34673  108  208    0.36235    0.31515  13.0%   331  135s
   779   529    0.31651   18  300    0.36235    0.31515  13.0%   326  140s
   798   542    0.32785   28  236    0.36235    0.31515  13.0%   342  145s
   825   559    0.33644   41  189    0.36235    0.31515  13.0%   352  150s
   863   572    0.34904   61  209    0.36235    0.31515  13.0%   355  155s
   893   579    0.33026   26  180    0.36235    0.31555  12.9%   362  160s
   923   585    0.32495   25  227    0.36235    0.31555  12.9%   370  165s
   951   593    0.33515   39  202    0.36235    0.31555  12.9%   379  170s
  1004   599    0.34582   65  177    0.36235    0.31555  12.9%   380  175s
  1090   622    0.34980   36  158    0.36235    0.31572  12.9%   371  180s
  1119   624    0.34013   29  191    0.36235    0.31576  12.9%   379  185s
  1204   634    0.31911   25  281    0.36235    0.31753  12.4%   375  190s
  1248   655    0.35503   47  175    0.36235    0.31753  12.4%   385  195s
  1321   669    0.35332   39  177    0.36235    0.31794  12.3%   384  200s
  1401   694 infeasible   37         0.36235    0.31796  12.3%   382  205s
  1511   713    0.33542   24  226    0.36235    0.31809  12.2%   370  210s
  1587   729    0.32161   22  266    0.36235    0.31911  11.9%   368  215s
  1635   748 infeasible   23         0.36235    0.31911  11.9%   371  220s
  1676   747    0.33305   30  214    0.36235    0.31930  11.9%   377  225s
  1724   745    0.32109   19  334    0.36235    0.31952  11.8%   381  230s
  1768   756    0.32297   23  302    0.36235    0.31955  11.8%   385  235s
  1805   761    0.32250   23  298    0.36235    0.31962  11.8%   388  240s
  1850   769    0.32164   24  294    0.36235    0.31990  11.7%   391  245s
  1907   776    0.36118   35  207    0.36235    0.31992  11.7%   390  250s
  1945   778    0.32207   19  343    0.36235    0.32010  11.7%   394  255s
  1997   799    0.35534   37  203    0.36235    0.32019  11.6%   396  260s
  2050   804    0.32303   26  268    0.36235    0.32044  11.6%   399  265s
  2095   825    0.33119   30  253    0.36235    0.32057  11.5%   404  270s

Cutting planes:
  Learned: 17
  Gomory: 5
  Cover: 78
  Implied bound: 124
  Projected implied bound: 56
  Clique: 28
  MIR: 367
  Mixing: 3
  StrongCG: 11
  Flow cover: 627
  GUB cover: 10
  Zero half: 5
  Network: 33
  RLT: 20
  Relax-and-lift: 71
  BQP: 11

Explored 2125 nodes (921699 simplex iterations) in 274.76 seconds (540.76 work units)
Most recent optimization runtime was 273.28 seconds (538.16 work units)
Thread count was 1 (of 20 available processors)

Solution count 1: 0.362355 

Time limit reached
Best objective 3.623546627846e-01, best bound 3.205927359402e-01, gap 11.5252%

User-callback calls 59437, time in user-callback 0.01 sec
