
Gurobi 13.0.2 (win64) logging started Sat Aug  8 14:46:59 2026

Set parameter LogFile to value "E:\codes\ExactEBRP\results\gf_c6_documentation_hga_round34\runs\v10__round33_v10_moderate_M1_Q20_seed256070676__c6_hga_full__3600s\native.log"
Set parameter Threads to value 1
Set parameter Presolve to value -1
Set parameter Seed to value 0
Set parameter MIPGap to value 0
Set parameter MIPGapAbs to value 0
Warning: unknown variable 'r_max' in bounds section (line 2890)
Warning: unknown variable 'r_min' in bounds section (line 2891)
Read LP format model from file E:\codes\ExactEBRP\results\gf_c6_documentation_hga_round34\runs\v10__round33_v10_moderate_M1_Q20_seed256070676__c6_hga_full__3600s\external\models\L0.lp
Reading time = 0.01 seconds
obj: 2538 rows, 479 columns, 16893 nonzeros
Set parameter TimeLimit to value 3581.0554926
Warning: unknown variable 'r_max' in bounds section (line 2890)
Warning: unknown variable 'r_min' in bounds section (line 2891)
Read LP format model from file E:\codes\ExactEBRP\results\gf_c6_documentation_hga_round34\runs\v10__round33_v10_moderate_M1_Q20_seed256070676__c6_hga_full__3600s\external\models\L1.lp
Reading time = 0.01 seconds
obj: 2538 rows, 479 columns, 17013 nonzeros
Set parameter TimeLimit to value 3580.9955766
Warning: unknown variable 'r_max' in bounds section (line 2890)
Warning: unknown variable 'r_min' in bounds section (line 2891)
Read LP format model from file E:\codes\ExactEBRP\results\gf_c6_documentation_hga_round34\runs\v10__round33_v10_moderate_M1_Q20_seed256070676__c6_hga_full__3600s\external\models\L2.lp
Reading time = 0.00 seconds
obj: 2538 rows, 479 columns, 17013 nonzeros
Set parameter TimeLimit to value 3580.9357368
Warning: unknown variable 'r_max' in bounds section (line 2890)
Warning: unknown variable 'r_min' in bounds section (line 2891)
Warning: Numeric variable name in LP file ('0') - often the result
         of a constant term in the left-hand side of a constraint.

Read LP format model from file E:\codes\ExactEBRP\results\gf_c6_documentation_hga_round34\runs\v10__round33_v10_moderate_M1_Q20_seed256070676__c6_hga_full__3600s\external\models\L3.lp
Reading time = 0.01 seconds
obj: 2538 rows, 480 columns, 16992 nonzeros
Set parameter TimeLimit to value 3580.8039871
Warning: unknown variable 'r_max' in bounds section (line 2890)
Warning: unknown variable 'r_min' in bounds section (line 2891)
Read LP format model from file E:\codes\ExactEBRP\results\gf_c6_documentation_hga_round34\runs\v10__round33_v10_moderate_M1_Q20_seed256070676__c6_hga_full__3600s\external\models\L1.0.lp
Reading time = 0.00 seconds
obj: 2538 rows, 479 columns, 17013 nonzeros
Set parameter TimeLimit to value 3580.7556445
Warning: unknown variable 'r_max' in bounds section (line 2890)
Warning: unknown variable 'r_min' in bounds section (line 2891)
Read LP format model from file E:\codes\ExactEBRP\results\gf_c6_documentation_hga_round34\runs\v10__round33_v10_moderate_M1_Q20_seed256070676__c6_hga_full__3600s\external\models\L1.1.lp
Reading time = 0.00 seconds
obj: 2538 rows, 479 columns, 17013 nonzeros
Set parameter TimeLimit to value 3580.6937293
Warning: unknown variable 'r_max' in bounds section (line 2890)
Warning: unknown variable 'r_min' in bounds section (line 2891)
Read LP format model from file E:\codes\ExactEBRP\results\gf_c6_documentation_hga_round34\runs\v10__round33_v10_moderate_M1_Q20_seed256070676__c6_hga_full__3600s\external\models\L2.0.lp
Reading time = 0.01 seconds
obj: 2538 rows, 479 columns, 17013 nonzeros
Set parameter TimeLimit to value 3579.9880802
Warning: unknown variable 'r_max' in bounds section (line 2890)
Warning: unknown variable 'r_min' in bounds section (line 2891)
Read LP format model from file E:\codes\ExactEBRP\results\gf_c6_documentation_hga_round34\runs\v10__round33_v10_moderate_M1_Q20_seed256070676__c6_hga_full__3600s\external\models\L2.1.lp
Reading time = 0.01 seconds
obj: 2538 rows, 479 columns, 17013 nonzeros
Set parameter TimeLimit to value 3579.9350046
Warning: unknown variable 'r_max' in bounds section (line 2890)
Warning: unknown variable 'r_min' in bounds section (line 2891)
Read LP format model from file E:\codes\ExactEBRP\results\gf_c6_documentation_hga_round34\runs\v10__round33_v10_moderate_M1_Q20_seed256070676__c6_hga_full__3600s\external\models\L2.0.0.lp
Reading time = 0.01 seconds
obj: 2538 rows, 479 columns, 17013 nonzeros
Set parameter TimeLimit to value 3579.8822062
Warning: unknown variable 'r_max' in bounds section (line 2890)
Warning: unknown variable 'r_min' in bounds section (line 2891)
Read LP format model from file E:\codes\ExactEBRP\results\gf_c6_documentation_hga_round34\runs\v10__round33_v10_moderate_M1_Q20_seed256070676__c6_hga_full__3600s\external\models\L2.0.1.lp
Reading time = 0.00 seconds
obj: 2538 rows, 479 columns, 17013 nonzeros
Set parameter TimeLimit to value 3579.8303246
Warning: unknown variable 'r_max' in bounds section (line 2890)
Warning: unknown variable 'r_min' in bounds section (line 2891)
Read LP format model from file E:\codes\ExactEBRP\results\gf_c6_documentation_hga_round34\runs\v10__round33_v10_moderate_M1_Q20_seed256070676__c6_hga_full__3600s\external\models\L2.0.0.0.lp
Reading time = 0.00 seconds
obj: 2538 rows, 479 columns, 17013 nonzeros
Set parameter TimeLimit to value 3579.778707
Warning: unknown variable 'r_max' in bounds section (line 2890)
Warning: unknown variable 'r_min' in bounds section (line 2891)
Read LP format model from file E:\codes\ExactEBRP\results\gf_c6_documentation_hga_round34\runs\v10__round33_v10_moderate_M1_Q20_seed256070676__c6_hga_full__3600s\external\models\L2.0.0.1.lp
Reading time = 0.01 seconds
obj: 2538 rows, 479 columns, 17013 nonzeros
Set parameter TimeLimit to value 3579.725198
