
Gurobi 13.0.2 (win64) logging started Sat Aug  8 14:54:58 2026

Set parameter LogFile to value "E:\codes\ExactEBRP\results\gf_c6_documentation_hga_round34\runs\v10__round33_v10_high_imbalance_M3_Q20_seed434104496__c6_simple_start__3600s\external\native_logs\L3_c6_1_next_leaf_target_mip.gurobi.log"
Gurobi Optimizer version 13.0.2 build v13.0.2rc1 (win64 - Windows 10.0 (19045.2))

CPU model: 12th Gen Intel(R) Core(TM) i7-12700KF, instruction set [SSE2|AVX|AVX2]
Thread count: 12 physical cores, 20 logical processors, using up to 1 threads

Non-default parameters:
TimeLimit  3573.1640917
MIPGap  0
MIPGapAbs  0
LogToConsole  0
Threads  1

Optimize a model with 5979 rows, 1037 columns and 44130 nonzeros (Min)
Model fingerprint: 0x252b30c1
Model has 11 linear objective coefficients
Variable types: 493 continuous, 544 integer (444 binary)
Coefficient statistics:
  Matrix range     [1e-02, 1e+05]
  Objective range  [1e-02, 1e+00]
  Bounds range     [7e-01, 3e+03]
  RHS range        [7e-01, 1e+06]

Presolve removed 1498 rows and 187 columns
Presolve time: 0.17s
Presolved: 4481 rows, 850 columns, 36775 nonzeros
Variable types: 410 continuous, 440 integer (368 binary)

Root relaxation: objective 3.145377e+00, 1331 iterations, 0.08 seconds (0.22 work units)

    Nodes    |    Current Node    |     Objective Bounds      |     Work
 Expl Unexpl |  Obj  Depth IntInf | Incumbent    BestBd   Gap | It/Node Time

     0     0    3.14538    0  135          -    3.14538      -     -    0s

Explored 1 nodes (1331 simplex iterations) in 0.27 seconds (0.51 work units)
Thread count was 1 (of 20 available processors)

Solution count 0

Solve interrupted
Best objective -, best bound 3.145377413771e+00, gap -

User-callback calls 883, time in user-callback 0.00 sec
