
Gurobi 13.0.2 (win64) logging started Sat Aug  8 14:47:13 2026

Set parameter LogFile to value "E:\codes\ExactEBRP\results\gf_c6_documentation_hga_round34\runs\v10__round33_v10_high_imbalance_M1_Q30_seed289447508__c6_hga_full__3600s\external\native_logs\L2.1_lp.gurobi.log"
Gurobi Optimizer version 13.0.2 build v13.0.2rc1 (win64 - Windows 10.0 (19045.2))

CPU model: 12th Gen Intel(R) Core(TM) i7-12700KF, instruction set [SSE2|AVX|AVX2]
Thread count: 12 physical cores, 20 logical processors, using up to 1 threads

Non-default parameters:
TimeLimit  3582.3397947
MIPGap  0
MIPGapAbs  0
LogToConsole  0
Threads  1

Optimize a model with 2531 rows, 477 columns and 16990 nonzeros (Min)
Model fingerprint: 0x28c500c5
Model has 11 linear objective coefficients
Coefficient statistics:
  Matrix range     [1e-02, 1e+05]
  Objective range  [1e-02, 1e+00]
  Bounds range     [6e-01, 3e+03]
  RHS range        [6e-01, 1e+06]

Presolve removed 262 rows and 30 columns
Presolve time: 0.01s
Presolved: 2269 rows, 448 columns, 15797 nonzeros

Iteration    Objective       Primal Inf.    Dual Inf.      Time
       0    7.0869208e-01   1.028016e+03   0.000000e+00      0s
     277    2.8397056e+00   0.000000e+00   0.000000e+00      0s

Solved in 277 iterations and 0.01 seconds (0.04 work units)
Optimal objective  2.839705555e+00

User-callback calls 421, time in user-callback 0.00 sec
