
Gurobi 13.0.2 (win64) logging started Sat Jul 25 01:59:29 2026

Set parameter LogFile to value "E:\codes\ExactEBRP\results\gf_nonblocking_gurobi_c6_round31\runs\stage4__tight_T_seed3101__c6_candidate__300s\native.log"
Set parameter Threads to value 1
Set parameter Presolve to value -1
Set parameter Seed to value 0
Set parameter MIPGap to value 0
Set parameter MIPGapAbs to value 0
Warning: unknown variable 'r_max' in bounds section (line 13986)
Warning: unknown variable 'r_min' in bounds section (line 13987)
Read LP format model from file E:\codes\ExactEBRP\results\gf_nonblocking_gurobi_c6_round31\runs\stage4__tight_T_seed3101__c6_candidate__300s\external\models\L0.lp
Reading time = 0.02 seconds
obj: 11939 rows, 3384 columns, 67170 nonzeros
Set parameter TimeLimit to value 279.8337724
Warning: unknown variable 'r_max' in bounds section (line 13986)
Warning: unknown variable 'r_min' in bounds section (line 13987)
Read LP format model from file E:\codes\ExactEBRP\results\gf_nonblocking_gurobi_c6_round31\runs\stage4__tight_T_seed3101__c6_candidate__300s\external\models\L1.lp
Reading time = 0.02 seconds
obj: 11939 rows, 3384 columns, 67420 nonzeros
Set parameter TimeLimit to value 277.7895171
Warning: unknown variable 'r_max' in bounds section (line 13987)
Warning: unknown variable 'r_min' in bounds section (line 13988)
Read LP format model from file E:\codes\ExactEBRP\results\gf_nonblocking_gurobi_c6_round31\runs\stage4__tight_T_seed3101__c6_candidate__300s\external\models\L2.lp
Reading time = 0.02 seconds
obj: 11940 rows, 3384 columns, 67426 nonzeros
Set parameter TimeLimit to value 138.1285695
Warning: unknown variable 'r_max' in bounds section (line 13986)
Warning: unknown variable 'r_min' in bounds section (line 13987)
Read LP format model from file E:\codes\ExactEBRP\results\gf_nonblocking_gurobi_c6_round31\runs\stage4__tight_T_seed3101__c6_candidate__300s\external\models\L1.0.lp
Reading time = 0.02 seconds
obj: 11939 rows, 3384 columns, 67420 nonzeros
Set parameter TimeLimit to value 137.7049328
Warning: unknown variable 'r_max' in bounds section (line 13986)
Warning: unknown variable 'r_min' in bounds section (line 13987)
Read LP format model from file E:\codes\ExactEBRP\results\gf_nonblocking_gurobi_c6_round31\runs\stage4__tight_T_seed3101__c6_candidate__300s\external\models\L1.1.lp
Reading time = 0.02 seconds
obj: 11939 rows, 3384 columns, 67420 nonzeros
Set parameter TimeLimit to value 137.3131551
