
Gurobi 13.0.2 (win64) logging started Sun Aug  9 15:05:58 2026

Set parameter LogFile to value "E:\codes\ExactEBRP\results\gf_simple_start_qualification_round35\runs\matrix1800__moderate_seed5301__c6_simple_start__1800s\external\native_logs\L0.0_lp.gurobi.log"
Gurobi Optimizer version 13.0.2 build v13.0.2rc1 (win64 - Windows 10.0 (19045.2))

CPU model: 12th Gen Intel(R) Core(TM) i7-12700KF, instruction set [SSE2|AVX|AVX2]
Thread count: 12 physical cores, 20 logical processors, using up to 1 threads

Non-default parameters:
TimeLimit  1783.1957471
MIPGap  0
MIPGapAbs  0
LogToConsole  0
Threads  1

Optimize a model with 11944 rows, 3386 columns and 67184 nonzeros (Min)
Model fingerprint: 0x42bcc93d
Model has 21 linear objective coefficients
Coefficient statistics:
  Matrix range     [9e-03, 1e+04]
  Objective range  [9e-03, 1e+00]
  Bounds range     [3e-02, 2e+02]
  RHS range        [3e-02, 5e+04]

Presolve removed 784 rows and 105 columns
Presolve time: 0.04s
Presolved: 11160 rows, 3356 columns, 65098 nonzeros

Iteration    Objective       Primal Inf.    Dual Inf.      Time
       0    0.0000000e+00   3.363504e+02   0.000000e+00      0s
    3826    6.0777599e-02   0.000000e+00   0.000000e+00      0s

Solved in 3826 iterations and 0.35 seconds (1.07 work units)
Optimal objective  6.077759920e-02

User-callback calls 3971, time in user-callback 0.00 sec
