
Gurobi 13.0.2 (win64) logging started Sun Aug  9 15:22:12 2026

Set parameter LogFile to value "E:\codes\ExactEBRP\results\gf_simple_start_qualification_round35\runs\matrix1800__moderate_seed5301__c6_simple_start__1800s\external\native_logs\L1.0_lp.gurobi.log"
Gurobi Optimizer version 13.0.2 build v13.0.2rc1 (win64 - Windows 10.0 (19045.2))

CPU model: 12th Gen Intel(R) Core(TM) i7-12700KF, instruction set [SSE2|AVX|AVX2]
Thread count: 12 physical cores, 20 logical processors, using up to 1 threads

Non-default parameters:
TimeLimit  809.6381582
MIPGap  0
MIPGapAbs  0
LogToConsole  0
Threads  1

Optimize a model with 11944 rows, 3386 columns and 67436 nonzeros (Min)
Model fingerprint: 0x5247d54b
Model has 21 linear objective coefficients
Coefficient statistics:
  Matrix range     [9e-03, 1e+04]
  Objective range  [9e-03, 1e+00]
  Bounds range     [6e-02, 2e+02]
  RHS range        [6e-02, 5e+04]

Presolve removed 681 rows and 102 columns
Presolve time: 0.03s
Presolved: 11263 rows, 3286 columns, 65485 nonzeros

Iteration    Objective       Primal Inf.    Dual Inf.      Time
       0    6.0814514e-02   3.151707e+02   0.000000e+00      0s

Extra simplex iterations after uncrush: 161
    5423    9.8415969e-02   0.000000e+00   0.000000e+00      0s

Solved in 5423 iterations and 0.41 seconds (1.30 work units)
Optimal objective  9.841596899e-02

User-callback calls 5572, time in user-callback 0.00 sec
