
Gurobi 13.0.2 (win64) logging started Sun Aug  9 15:22:11 2026

Set parameter LogFile to value "E:\codes\ExactEBRP\results\gf_simple_start_qualification_round35\runs\matrix1800__moderate_seed5301__c6_simple_start__1800s\external\native_logs\L2_lp.gurobi.log"
Gurobi Optimizer version 13.0.2 build v13.0.2rc1 (win64 - Windows 10.0 (19045.2))

CPU model: 12th Gen Intel(R) Core(TM) i7-12700KF, instruction set [SSE2|AVX|AVX2]
Thread count: 12 physical cores, 20 logical processors, using up to 1 threads

Non-default parameters:
TimeLimit  810.0545741
MIPGap  0
MIPGapAbs  0
LogToConsole  0
Threads  1

Optimize a model with 11944 rows, 3386 columns and 67436 nonzeros (Min)
Model fingerprint: 0x1ba90af1
Model has 21 linear objective coefficients
Coefficient statistics:
  Matrix range     [9e-03, 1e+04]
  Objective range  [9e-03, 1e+00]
  Bounds range     [1e-01, 2e+02]
  RHS range        [1e-01, 5e+04]

Presolve removed 748 rows and 104 columns
Presolve time: 0.04s
Presolved: 11196 rows, 3284 columns, 64403 nonzeros

Iteration    Objective       Primal Inf.    Dual Inf.      Time
       0    1.2162903e-01   3.557487e+02   0.000000e+00      0s

Extra simplex iterations after uncrush: 118
    4025    1.5497247e-01   0.000000e+00   0.000000e+00      0s

Solved in 4025 iterations and 0.27 seconds (0.83 work units)
Optimal objective  1.549724697e-01

User-callback calls 4176, time in user-callback 0.00 sec
