
Gurobi 13.0.2 (win64) logging started Fri Aug  7 21:05:57 2026

Set parameter LogFile to value "E:\codes\ExactEBRP\results\gf_v10_convergence_round33\stage0_runs\certificate_promotion__round33_v10_tight_T_M2_Q30_seed1783646009__p_grb\native.log"
Set parameter Threads to value 1
Set parameter Presolve to value -1
Set parameter Seed to value 0
Set parameter MIPGap to value 0
Set parameter MIPGapAbs to value 0
Set parameter TimeLimit to value 3600
Read LP format model from file E:\codes\ExactEBRP\results\gf_v10_convergence_round33\stage0_runs\certificate_promotion__round33_v10_tight_T_M2_Q30_seed1783646009__p_grb\canonical.lp
Reading time = 0.00 seconds
obj: 1134 rows, 536 columns, 4638 nonzeros
Set parameter TimeLimit to value 3584.9720779
Gurobi Optimizer version 13.0.2 build v13.0.2rc1 (win64 - Windows 10.0 (19045.2))

CPU model: 12th Gen Intel(R) Core(TM) i7-12700KF, instruction set [SSE2|AVX|AVX2]
Thread count: 12 physical cores, 20 logical processors, using up to 1 threads

Non-default parameters:
TimeLimit  3584.9720779
MIPGap  0
MIPGapAbs  0
LogToConsole  0
Threads  1

Optimize a model with 1134 rows, 536 columns and 4638 nonzeros (Min)
Model fingerprint: 0x678fea9c
Model has 11 linear objective coefficients
Variable types: 151 continuous, 385 integer (315 binary)
Coefficient statistics:
  Matrix range     [2e-02, 6e+02]
  Objective range  [1e-02, 1e+00]
  Bounds range     [1e+00, 5e+01]
  RHS range        [1e+00, 2e+03]

Presolve removed 99 rows and 45 columns
Presolve time: 0.02s
Presolved: 1035 rows, 491 columns, 5246 nonzeros
Variable types: 83 continuous, 408 integer (300 binary)
Found heuristic solution: objective 1.2415212

Root relaxation: objective 2.867233e-01, 452 iterations, 0.01 seconds (0.01 work units)

    Nodes    |    Current Node    |     Objective Bounds      |     Work
 Expl Unexpl |  Obj  Depth IntInf | Incumbent    BestBd   Gap | It/Node Time

     0     0    0.28672    0  138    1.24152    0.28672  76.9%     -    0s
H    0     0                       1.1719812    0.28672  75.5%     -    0s
     0     0    0.33488    0  170    1.17198    0.33488  71.4%     -    0s
H    0     0                       1.1174285    0.33611  69.9%     -    0s
     0     0    0.33835    0  174    1.11743    0.33835  69.7%     -    0s
     0     0    0.34335    0  167    1.11743    0.34335  69.3%     -    0s
H    0     0                       1.0989285    0.34353  68.7%     -    0s
     0     0    0.34733    0  179    1.09893    0.34733  68.4%     -    0s
     0     0    0.34928    0  182    1.09893    0.34928  68.2%     -    0s
H    0     0                       1.0585342    0.34965  67.0%     -    0s
     0     0    0.34977    0  191    1.05853    0.34977  67.0%     -    0s
     0     0    0.35375    0  192    1.05853    0.35375  66.6%     -    0s
H    0     0                       1.0498357    0.35398  66.3%     -    0s
     0     0    0.35398    0  199    1.04984    0.35398  66.3%     -    0s
     0     0    0.35401    0  199    1.04984    0.35401  66.3%     -    0s
     0     0    0.35401    0  196    1.04984    0.35401  66.3%     -    0s
     0     0    0.35401    0  186    1.04984    0.35401  66.3%     -    0s
H    0     0                       0.9374554    0.35401  62.2%     -    0s
H    0     0                       0.9341584    0.35401  62.1%     -    0s
H    0     0                       0.9322353    0.35401  62.0%     -    0s
H    0     0                       0.9245617    0.35401  61.7%     -    0s
     0     2    0.35401    0  183    0.92456    0.35401  61.7%     -    0s
*  605   362              38       0.6008451    0.37579  37.5%  27.1    1s
H  615   354                       0.5939212    0.37590  36.7%  27.4    1s
H  615   335                       0.5846971    0.37590  35.7%  27.4    1s
H  615   331                       0.5743415    0.37590  34.6%  27.4    1s
H  615   323                       0.5686464    0.37590  33.9%  27.4    1s
H  635   332                       0.5649186    0.37595  33.5%  27.5    1s
H  635   332                       0.5646957    0.37595  33.4%  27.5    1s
H  635   332                       0.5632873    0.37595  33.3%  27.5    1s
H  635   332                       0.5627475    0.37595  33.2%  27.5    1s
H  635   332                       0.5619929    0.37595  33.1%  27.5    1s
H  779   375                       0.5601359    0.38470  31.3%  32.1    3s
  1514   442    0.45168   18  121    0.56014    0.43891  21.6%  37.0    5s
H 2174   563                       0.5601305    0.44811  20.0%  37.6    6s
H 2222   575                       0.5562769    0.44835  19.4%  37.4    6s
H 2222   574                       0.5559566    0.44835  19.4%  37.4    6s
H 2222   572                       0.5549615    0.44835  19.2%  37.4    6s
H 2234   570                       0.5536762    0.44838  19.0%  37.4    6s
  4072   890    0.49495   19  116    0.55368    0.46345  16.3%  37.9   10s
  7144   913    0.49562   19  136    0.55368    0.49367  10.8%  38.3   15s
 10282   409    0.54521   31   69    0.55368    0.53019  4.24%  38.6   20s

Cutting planes:
  Learned: 15
  Gomory: 18
  Cover: 97
  Implied bound: 183
  Projected implied bound: 19
  Clique: 12
  MIR: 170
  StrongCG: 24
  Flow cover: 134
  GUB cover: 3
  Inf proof: 7
  Zero half: 21
  RLT: 15
  Relax-and-lift: 24
  BQP: 15

Explored 12209 nodes (441437 simplex iterations) in 21.58 seconds (31.90 work units)
Thread count was 1 (of 20 available processors)

Solution count 10: 0.553676 0.554961 0.555957 ... 0.564696

Optimal solution found (tolerance 0.00e+00)
Best objective 5.536761744385e-01, best bound 5.536761744385e-01, gap 0.0000%

User-callback calls 33617, time in user-callback 0.02 sec
