
Gurobi 13.0.2 (win64) logging started Thu Oct  1 21:50:35 2026

Set parameter LogFile to value "E:\codes\ExactEBRP\results\unified_exact_round99\factorial01\raw\14_R98-C2_R1\external\native_logs\L0_c6_1_child_disjunction_target_mip.gurobi.log"
Set parameter TimeLimit to value 1785.3023016
Gurobi Optimizer version 13.0.2 build v13.0.2rc1 (win64 - Windows 10.0 (19045.2))

CPU model: 12th Gen Intel(R) Core(TM) i7-12700KF, instruction set [SSE2|AVX|AVX2]
Thread count: 12 physical cores, 20 logical processors, using up to 1 threads

Non-default parameters:
TimeLimit  1785.3023016
MIPGap  0
MIPGapAbs  0
LogToConsole  0
Threads  1

Optimize a model with 31141 rows, 8871 columns and 194152 nonzeros (Min)
Model fingerprint: 0x5dde0c9e
Model has 31 linear objective coefficients
Variable types: 4505 continuous, 4366 integer (4066 binary)
Coefficient statistics:
  Matrix range     [4e-02, 2e+04]
  Objective range  [4e-02, 1e+00]
  Bounds range     [4e-01, 1e+03]
  RHS range        [4e-01, 7e+04]

Loaded user MIP start with objective 0.391621

Presolve removed 7466 rows and 32 columns
Presolve time: 0.48s
Presolved: 23675 rows, 8839 columns, 211363 nonzeros
Variable types: 4038 continuous, 4801 integer (4066 binary)

Root relaxation: objective 1.612386e-01, 9592 iterations, 1.09 seconds (2.67 work units)

    Nodes    |    Current Node    |     Objective Bounds      |     Work
 Expl Unexpl |  Obj  Depth IntInf | Incumbent    BestBd   Gap | It/Node Time

     0     0    0.16124    0  416    0.39162    0.16124  58.8%     -    2s
     0     0    0.17769    0  511    0.39162    0.17769  54.6%     -    5s

Cutting planes:
  Gomory: 2
  Cover: 12
  Implied bound: 325
  Clique: 5
  MIR: 323
  StrongCG: 173
  Flow cover: 59
  GUB cover: 7
  Network: 13
  RLT: 13
  Relax-and-lift: 244
  BQP: 4

Explored 1 nodes (18517 simplex iterations) in 5.36 seconds (9.89 work units)
Thread count was 1 (of 20 available processors)

Solution count 2: 0.391621 0.391621

Solve interrupted
Best objective 3.916208967495e-01, best bound 1.776888240225e-01, gap 54.6273%

User-callback calls 1504, time in user-callback 0.00 sec
