
Gurobi 13.0.2 (win64) logging started Fri Jul 24 22:29:05 2026

Set parameter LogFile to value "E:\codes\ExactEBRP\results\gf_nonblocking_gurobi_c6_round31\runs\stage2__tight_T_seed5103__p_grb__300s\native.log"
Set parameter Threads to value 1
Set parameter Presolve to value -1
Set parameter Seed to value 0
Set parameter MIPGap to value 0
Set parameter MIPGapAbs to value 0
Set parameter TimeLimit to value 300
Read LP format model from file E:\codes\ExactEBRP\results\gf_nonblocking_gurobi_c6_round31\runs\stage2__tight_T_seed5103__p_grb__300s\canonical.lp
Reading time = 0.01 seconds
obj: 5066 rows, 2113 columns, 23328 nonzeros
Set parameter TimeLimit to value 294.9367812
Gurobi Optimizer version 13.0.2 build v13.0.2rc1 (win64 - Windows 10.0 (19045.2))

CPU model: 12th Gen Intel(R) Core(TM) i7-12700KF, instruction set [SSE2|AVX|AVX2]
Thread count: 12 physical cores, 20 logical processors, using up to 1 threads

Non-default parameters:
TimeLimit  294.9367812
MIPGap  0
MIPGapAbs  0
LogToConsole  0
Threads  1

Optimize a model with 5066 rows, 2113 columns and 23328 nonzeros (Min)
Model fingerprint: 0xe95cd982
Model has 21 linear objective coefficients
Variable types: 422 continuous, 1691 integer (1491 binary)
Coefficient statistics:
  Matrix range     [3e-02, 6e+02]
  Objective range  [7e-03, 1e+00]
  Bounds range     [1e+00, 4e+01]
  RHS range        [1e+00, 4e+03]

Presolve removed 168 rows and 47 columns
Presolve time: 0.06s
Presolved: 4898 rows, 2066 columns, 41805 nonzeros
Variable types: 194 continuous, 1872 integer (1478 binary)
Found heuristic solution: objective 2.4363007

Root relaxation: objective 7.011122e-02, 1176 iterations, 0.04 seconds (0.10 work units)

    Nodes    |    Current Node    |     Objective Bounds      |     Work
 Expl Unexpl |  Obj  Depth IntInf | Incumbent    BestBd   Gap | It/Node Time

     0     0    0.07011    0  263    2.43630    0.07011  97.1%     -    0s
H    0     0                       2.3773603    0.07011  97.1%     -    0s
     0     0    0.10241    0  404    2.37736    0.10241  95.7%     -    0s
H    0     0                       2.3213653    0.10241  95.6%     -    0s
     0     0    0.10932    0  436    2.32137    0.10932  95.3%     -    0s
     0     0    0.11693    0  468    2.32137    0.11693  95.0%     -    0s
H    0     0                       1.6542059    0.11693  92.9%     -    0s
     0     0    0.11953    0  464    1.65421    0.11953  92.8%     -    0s
     0     0    0.12390    0  476    1.65421    0.12390  92.5%     -    0s
H    0     0                       1.5808131    0.12559  92.1%     -    0s
H    0     0                       1.5786435    0.12559  92.0%     -    0s
     0     0    0.12602    0  435    1.57864    0.12602  92.0%     -    0s
     0     0    0.12628    0  478    1.57864    0.12628  92.0%     -    0s
H    0     0                       1.5776176    0.12628  92.0%     -    0s
H    0     0                       1.5744401    0.12628  92.0%     -    0s
H    0     0                       1.5716783    0.12628  92.0%     -    0s
H    0     0                       1.5714278    0.12628  92.0%     -    0s
H    0     0                       1.5689165    0.12628  92.0%     -    0s
H    0     0                       1.5683537    0.12628  91.9%     -    0s
H    0     0                       1.5655920    0.12628  91.9%     -    0s
H    0     0                       1.5573067    0.12628  91.9%     -    0s
     0     0    0.12630    0  461    1.55731    0.12630  91.9%     -    0s
     0     0    0.12659    0  476    1.55731    0.12659  91.9%     -    0s
     0     0    0.12668    0  476    1.55731    0.12668  91.9%     -    0s
     0     0    0.12672    0  554    1.55731    0.12672  91.9%     -    1s
     0     0    0.12672    0  544    1.55731    0.12672  91.9%     -    1s
     0     0    0.12681    0  535    1.55731    0.12681  91.9%     -    1s
     0     0    0.12683    0  541    1.55731    0.12683  91.9%     -    1s
     0     0    0.12686    0  514    1.55731    0.12686  91.9%     -    1s
H    0     0                       0.9878148    0.12715  87.1%     -    1s
     0     0    0.12715    0  517    0.98781    0.12715  87.1%     -    1s
     0     0    0.12715    0  521    0.98781    0.12715  87.1%     -    1s
     0     0    0.12716    0  520    0.98781    0.12716  87.1%     -    1s
     0     0    0.12716    0  464    0.98781    0.12716  87.1%     -    1s
H    0     0                       0.9292388    0.12716  86.3%     -    1s
H    0     0                       0.9272903    0.12716  86.3%     -    1s
H    0     0                       0.9266656    0.12716  86.3%     -    1s
     0     2    0.12716    0  463    0.92667    0.12716  86.3%     -    1s
H   20    20                       0.9065713    0.13152  85.5%   107    1s
H   20    20                       0.9053406    0.13152  85.5%   107    1s
H   20    20                       0.8895796    0.13152  85.2%   107    1s
H   20    20                       0.8859421    0.13152  85.2%   107    1s
H   20    20                       0.8854718    0.13152  85.1%   107    1s
H   20    20                       0.8852089    0.13152  85.1%   107    1s
H   20    20                       0.8846152    0.13152  85.1%   107    1s
H   20    20                       0.8841899    0.13152  85.1%   107    1s
H   20    20                       0.8841785    0.13152  85.1%   107    1s
H   20    20                       0.8841186    0.13152  85.1%   107    1s
H   20    20                       0.8705975    0.13152  84.9%   107    1s
H   24    24                       0.8667567    0.13152  84.8%   113    2s
H   24    24                       0.8661319    0.13152  84.8%   113    2s
H   24    24                       0.8521054    0.13152  84.6%   113    2s
H   24    24                       0.8491548    0.13152  84.5%   113    2s
H   74    67                       0.8005258    0.13152  83.6%  75.1    2s
H   74    67                       0.7979066    0.13152  83.5%  75.1    2s
H   74    67                       0.7950554    0.13152  83.5%  75.1    2s
H   74    67                       0.7949155    0.13152  83.5%  75.1    2s
H   74    67                       0.7943152    0.13152  83.4%  75.1    2s
H   74    67                       0.7821074    0.13152  83.2%  75.1    2s
H   77    70                       0.7766329    0.13155  83.1%  84.0    2s
H   87    80                       0.7749465    0.13155  83.0%  84.2    2s
H   87    80                       0.7731112    0.13155  83.0%  84.2    2s
H  109   102                       0.7691146    0.13155  82.9%  94.7    3s
H  109   102                       0.7689939    0.13155  82.9%  94.7    3s
H  109   102                       0.7688854    0.13155  82.9%  94.7    3s
H  109   102                       0.7687848    0.13155  82.9%  94.7    3s
H  109   102                       0.7686784    0.13155  82.9%  94.7    3s
H  109   102                       0.7681573    0.13155  82.9%  94.7    3s
H  168   156                       0.7676578    0.13155  82.9%  87.7    3s
   361   312    0.16000    9  491    0.76766    0.13364  82.6%  67.2    5s
   574   487    0.19996   46  510    0.76766    0.13479  82.4%  66.7   10s
H  575   463                       0.7561114    0.13479  82.2%  66.6   10s
H  575   440                       0.7313485    0.13479  81.6%  66.6   10s
H  588   426                       0.7213495    0.13479  81.3%  91.5   14s
H  588   404                       0.7152896    0.13479  81.2%  91.5   14s
H  588   384                       0.7134658    0.13479  81.1%  91.5   14s
H  588   364                       0.7121953    0.13479  81.1%  91.5   14s
H  589   346                       0.7101290    0.13479  81.0%  91.7   14s
H  589   328                       0.7098704    0.13479  81.0%  91.7   14s
H  589   311                       0.6818954    0.13479  80.2%  91.7   14s
H  589   295                       0.6725312    0.13479  80.0%  91.7   14s
H  590   281                       0.6693945    0.13479  79.9%  91.9   14s
H  598   272                       0.6685592    0.13479  79.8%  93.3   14s
H  598   258                       0.6662273    0.13479  79.8%  93.3   14s
H  599   246                       0.6632354    0.13479  79.7%  93.3   15s
H  612   243                       0.6617849    0.13479  79.6%  95.6   15s
H  612   231                       0.6612960    0.13479  79.6%  95.6   15s
   654   250    0.13479   16  504    0.66130    0.13479  79.6%   101   20s
H  657   237                       0.4894192    0.13479  72.5%   102   20s
H  657   227                       0.4532427    0.13479  70.3%   102   20s
H  657   215                       0.4362860    0.13479  69.1%   102   20s
H  657   203                       0.4278795    0.13479  68.5%   102   20s
H  657   194                       0.4172593    0.13479  67.7%   102   20s
H  657   186                       0.4088680    0.13479  67.0%   102   20s
H  658   177                       0.3999679    0.13479  66.3%   102   20s
H  677   183                       0.3810419    0.13479  64.6%   108   21s
H  677   175                       0.3810396    0.13479  64.6%   108   21s
H  677   168                       0.3808695    0.13479  64.6%   108   21s
   800   226    0.15346   21  445    0.38087    0.13479  64.6%   113   25s
   941   302    0.17843   41  371    0.38087    0.13479  64.6%   119   30s
H  994   337                       0.3699496    0.13492  63.5%   123   32s
H  995   338                       0.3676220    0.13492  63.3%   123   32s
H  995   338                       0.3674805    0.13492  63.3%   123   32s
  1066   384    0.33473   30  364    0.36748    0.13501  63.3%   127   35s
H 1098   414                       0.3658045    0.13501  63.1%   129   36s
H 1098   414                       0.3652472    0.13501  63.0%   129   36s
  1231   518    0.17710   34  391    0.36525    0.13510  63.0%   128   40s
H 1319   576                       0.3644119    0.13559  62.8%   128   42s
H 1319   575                       0.3622616    0.13559  62.6%   128   42s
H 1319   575                       0.3617541    0.13559  62.5%   128   42s
H 1319   575                       0.3615849    0.13559  62.5%   128   42s
  1405   639    0.20114   39  377    0.36158    0.13579  62.4%   128   45s
H 1407   638                       0.3601526    0.13579  62.3%   128   45s
H 1408   639                       0.3593112    0.13579  62.2%   128   45s
H 1408   639                       0.3546145    0.13579  61.7%   128   45s
  1701   868    0.16872   33  349    0.35461    0.13980  60.6%   121   50s
  2043  1132    0.14340   20  449    0.35461    0.14231  59.9%   117   55s
  2361  1384    0.20393   47  353    0.35461    0.14290  59.7%   116   60s
  2706  1623    0.14576   22  427    0.35461    0.14413  59.4%   115   65s
  3032  1856    0.29719   42  296    0.35461    0.14451  59.2%   114   70s
  3403  2145    0.29518   67  302    0.35461    0.14512  59.1%   114   75s
  3786  2391    0.21668   29  380    0.35461    0.14587  58.9%   112   80s
  3975  2496    0.34184   38  402    0.35461    0.14619  58.8%   114   85s
  4339  2747    0.35393   42  301    0.35461    0.14677  58.6%   113   90s
  4712  3000    0.25991   31  423    0.35461    0.14766  58.4%   114   95s
  5145  3317    0.21419   47  293    0.35461    0.14829  58.2%   112  100s
  5567  3599    0.17909   27  448    0.35461    0.14873  58.1%   111  105s
  5907  3805    0.21351   47  303    0.35461    0.14884  58.0%   110  110s
  6206  4018    0.19353   27  423    0.35461    0.14911  58.0%   109  115s
  6592  4268    0.22039   36  408    0.35461    0.14961  57.8%   109  120s
  7056  4597    0.17098   33  373    0.35461    0.15007  57.7%   108  125s
  7497  4914    0.19667   46  334    0.35461    0.15061  57.5%   108  130s
  7918  5211    0.22501   47  329    0.35461    0.15094  57.4%   107  135s
  8267  5460     cutoff   41         0.35461    0.15120  57.4%   108  140s
  8641  5698    0.16299   30  423    0.35461    0.15144  57.3%   107  145s
  8977  5934    0.29506   33  341    0.35461    0.15170  57.2%   108  150s
  9427  6265    0.23233   31  399    0.35461    0.15176  57.2%   106  155s
  9814  6521    0.33573   47  332    0.35461    0.15186  57.2%   106  160s
 10201  6807    0.21861   36  333    0.35461    0.15202  57.1%   106  165s
 10203  6808    0.28290   87  464    0.35461    0.15202  57.1%   106  177s
 10210  6813    0.23133   38  490    0.35461    0.15202  57.1%   106  180s
H10215  6475                       0.3505716    0.15202  56.6%   106  185s
 10222  6480    0.18428   60  490    0.35057    0.15202  56.6%   106  190s
 10228  6484    0.32495   67  496    0.35057    0.15202  56.6%   106  195s
 10234  6488    0.28576   46  492    0.35057    0.15202  56.6%   106  200s
 10240  6492    0.19529   43  504    0.35057    0.15202  56.6%   106  205s
H10243  6168                       0.3477849    0.15202  56.3%   106  208s
 10246  6170    0.23846   38  565    0.34778    0.15202  56.3%   106  210s
 10253  6174    0.30291   69  568    0.34778    0.15202  56.3%   106  215s
 10259  6180    0.15202   24  503    0.34778    0.15202  56.3%   110  220s
H10362  5924                       0.3420426    0.15202  55.6%   110  224s
H10362  5630                       0.3398325    0.15202  55.3%   110  224s
H10362  5349                       0.3367864    0.15202  54.9%   110  224s
 10397  5363    0.24339   97  113    0.33679    0.15202  54.9%   110  225s
H10420  5107                       0.3338973    0.15202  54.5%   109  225s
H10474  4859                       0.3238634    0.15202  53.1%   109  227s
H10474  4620                       0.3158900    0.15202  51.9%   109  227s
H10474  4392                       0.3154595    0.15202  51.8%   109  227s
H10474  4175                       0.3152973    0.15202  51.8%   109  227s
H10474  3970                       0.3141296    0.15202  51.6%   109  227s
H10474  3775                       0.3139559    0.15202  51.6%   109  227s
H10474  3587                       0.3055868    0.15202  50.3%   109  227s
H10494  3424                       0.3039162    0.15202  50.0%   109  228s
H10528  3271                       0.3019012    0.15202  49.6%   109  229s
H10528  3111                       0.2988133    0.15202  49.1%   109  229s
H10528  2960                       0.2978986    0.15202  49.0%   109  229s
 10546  2958    0.22751   73  284    0.29790    0.15202  49.0%   109  230s
 10628  2980    0.17777   37  335    0.29790    0.15202  49.0%   110  235s
 10706  2998    0.17556   37  302    0.29790    0.15202  49.0%   111  240s
 10804  3027    0.16382   35  448    0.29790    0.15202  49.0%   111  245s
 10897  3077    0.24538   53  292    0.29790    0.15202  49.0%   112  250s
 11031  3129    0.16378   32  385    0.29790    0.15202  49.0%   112  255s
 11140  3167    0.16822   34  446    0.29790    0.15202  49.0%   112  260s
 11271  3231    0.15202   29  422    0.29790    0.15202  49.0%   112  265s
 11352  3267    0.18270   37  364    0.29790    0.15202  49.0%   113  270s
 11510  3327    0.16601   41  409    0.29790    0.15202  49.0%   113  275s
 11679  3413    0.24564   84  227    0.29790    0.15202  49.0%   114  280s
 11871  3481     cutoff   35         0.29790    0.15202  49.0%   114  285s
 12033  3510    0.20532   53  370    0.29790    0.15202  49.0%   115  290s

Cutting planes:
  Learned: 15
  Gomory: 5
  Cover: 23
  Implied bound: 150
  Projected implied bound: 125
  Clique: 52
  MIR: 440
  Mixing: 5
  StrongCG: 16
  Flow cover: 880
  GUB cover: 1
  Inf proof: 1
  Zero half: 20
  RLT: 14
  Relax-and-lift: 81
  BQP: 27

Explored 12179 nodes (1416993 simplex iterations) in 294.94 seconds (545.31 work units)
Thread count was 1 (of 20 available processors)

Solution count 10: 0.297899 0.298813 0.301901 ... 0.31589

Time limit reached
Best objective 2.978986323156e-01, best bound 1.520233960173e-01, gap 48.9681%

User-callback calls 106933, time in user-callback 0.04 sec
