
Gurobi 13.0.2 (win64) logging started Sat Aug  8 14:49:34 2026

Set parameter LogFile to value "E:\codes\ExactEBRP\results\gf_c6_documentation_hga_round34\runs\v10__round33_v10_tight_T_M2_Q20_seed2085634706__c6_hga_light__3600s\external\native_logs\L1_c6_1_next_leaf_target_mip.gurobi.log"
Gurobi Optimizer version 13.0.2 build v13.0.2rc1 (win64 - Windows 10.0 (19045.2))

CPU model: 12th Gen Intel(R) Core(TM) i7-12700KF, instruction set [SSE2|AVX|AVX2]
Thread count: 12 physical cores, 20 logical processors, using up to 1 threads

Non-default parameters:
TimeLimit  3583.7633722
MIPGap  0
MIPGapAbs  0
LogToConsole  0
Threads  1

Optimize a model with 4268 rows, 761 columns and 30644 nonzeros (Min)
Model fingerprint: 0x448c2515
Model has 11 linear objective coefficients
Variable types: 375 continuous, 386 integer (316 binary)
Coefficient statistics:
  Matrix range     [2e-02, 1e+05]
  Objective range  [2e-02, 1e+00]
  Bounds range     [2e-01, 1e+02]
  RHS range        [2e-01, 1e+06]

Presolve removed 847 rows and 41 columns
Presolve time: 0.12s
Presolved: 3421 rows, 720 columns, 32959 nonzeros
Variable types: 347 continuous, 373 integer (307 binary)

Root relaxation: objective 5.168934e-01, 922 iterations, 0.04 seconds (0.12 work units)

    Nodes    |    Current Node    |     Objective Bounds      |     Work
 Expl Unexpl |  Obj  Depth IntInf | Incumbent    BestBd   Gap | It/Node Time

     0     0    0.51689    0  140          -    0.51689      -     -    0s
     0     0    0.54349    0  157          -    0.54349      -     -    0s

Cutting planes:
  Learned: 1
  Gomory: 33
  Cover: 14
  Implied bound: 60
  Clique: 3
  MIR: 36
  StrongCG: 2
  Flow cover: 13
  Zero half: 3
  Network: 9
  RLT: 3
  Relax-and-lift: 11

Explored 1 nodes (1453 simplex iterations) in 0.37 seconds (0.56 work units)
Thread count was 1 (of 20 available processors)

Solution count 0

Solve interrupted
Best objective -, best bound 5.434908879750e-01, gap -

User-callback calls 818, time in user-callback 0.00 sec
