
Gurobi 13.0.2 (win64) logging started Sun Aug  9 14:34:30 2026

Set parameter LogFile to value "E:\codes\ExactEBRP\results\gf_simple_start_qualification_round35\runs\matrix1800__high_imbalance_seed5202__c6_simple_start__1800s\native.log"
Set parameter Threads to value 1
Set parameter Presolve to value -1
Set parameter Seed to value 0
Set parameter MIPGap to value 0
Set parameter MIPGapAbs to value 0
Warning: unknown variable 'r_max' in bounds section (line 13966)
Warning: unknown variable 'r_min' in bounds section (line 13967)
Read LP format model from file E:\codes\ExactEBRP\results\gf_simple_start_qualification_round35\runs\matrix1800__high_imbalance_seed5202__c6_simple_start__1800s\external\models\L0.lp
Reading time = 0.02 seconds
obj: 11923 rows, 3380 columns, 67164 nonzeros
Set parameter TimeLimit to value 1784.873807
Warning: unknown variable 'r_max' in bounds section (line 13966)
Warning: unknown variable 'r_min' in bounds section (line 13967)
Read LP format model from file E:\codes\ExactEBRP\results\gf_simple_start_qualification_round35\runs\matrix1800__high_imbalance_seed5202__c6_simple_start__1800s\external\models\L1.lp
Reading time = 0.02 seconds
obj: 11923 rows, 3380 columns, 67410 nonzeros
Set parameter TimeLimit to value 1784.6310356
Warning: unknown variable 'r_max' in bounds section (line 13966)
Warning: unknown variable 'r_min' in bounds section (line 13967)
Read LP format model from file E:\codes\ExactEBRP\results\gf_simple_start_qualification_round35\runs\matrix1800__high_imbalance_seed5202__c6_simple_start__1800s\external\models\L2.lp
Reading time = 0.02 seconds
obj: 11923 rows, 3380 columns, 67410 nonzeros
Set parameter TimeLimit to value 1784.1972881
Warning: unknown variable 'r_max' in bounds section (line 13966)
Warning: unknown variable 'r_min' in bounds section (line 13967)
Read LP format model from file E:\codes\ExactEBRP\results\gf_simple_start_qualification_round35\runs\matrix1800__high_imbalance_seed5202__c6_simple_start__1800s\external\models\L3.lp
Reading time = 0.02 seconds
obj: 11923 rows, 3380 columns, 67030 nonzeros
Set parameter TimeLimit to value 1783.8457029
