
Gurobi 13.0.2 (win64) logging started Fri Aug  7 21:12:11 2026

Set parameter LogFile to value "E:\codes\ExactEBRP\results\gf_v10_convergence_round33\runs\stage1__round33_v10_tight_T_M1_Q20_seed1215342007__c6_frozen__3600s\external\native_logs\L1.0_lp.gurobi.log"
Gurobi Optimizer version 13.0.2 build v13.0.2rc1 (win64 - Windows 10.0 (19045.2))

CPU model: 12th Gen Intel(R) Core(TM) i7-12700KF, instruction set [SSE2|AVX|AVX2]
Thread count: 12 physical cores, 20 logical processors, using up to 1 threads

Non-default parameters:
TimeLimit  3583.6551547
MIPGap  0
MIPGapAbs  0
LogToConsole  0
Threads  1

Optimize a model with 2552 rows, 483 columns and 17051 nonzeros (Min)
Model fingerprint: 0x1c13370c
Model has 11 linear objective coefficients
Coefficient statistics:
  Matrix range     [8e-03, 1e+05]
  Objective range  [8e-03, 1e+00]
  Bounds range     [2e-01, 1e+02]
  RHS range        [2e-01, 1e+06]

Presolve removed 331 rows and 32 columns
Presolve time: 0.01s
Presolved: 2221 rows, 452 columns, 15520 nonzeros

Iteration    Objective       Primal Inf.    Dual Inf.      Time
       0    1.0430011e-01   1.751859e+02   0.000000e+00      0s

Solved in 247 iterations and 0.02 seconds (0.03 work units)
Infeasible model

User-callback calls 387, time in user-callback 0.00 sec
