
Gurobi 13.0.2 (win64) logging started Fri Aug  7 21:12:12 2026

Set parameter LogFile to value "E:\codes\ExactEBRP\results\gf_v10_convergence_round33\runs\stage1__round33_v10_tight_T_M1_Q20_seed1215342007__c6_frozen__3600s\external\native_logs\L1.1.1.0.1_lp.gurobi.log"
Gurobi Optimizer version 13.0.2 build v13.0.2rc1 (win64 - Windows 10.0 (19045.2))

CPU model: 12th Gen Intel(R) Core(TM) i7-12700KF, instruction set [SSE2|AVX|AVX2]
Thread count: 12 physical cores, 20 logical processors, using up to 1 threads

Non-default parameters:
TimeLimit  3583.1835678
MIPGap  0
MIPGapAbs  0
LogToConsole  0
Threads  1

Optimize a model with 2552 rows, 483 columns and 17051 nonzeros (Min)
Model fingerprint: 0x8c09962b
Model has 11 linear objective coefficients
Coefficient statistics:
  Matrix range     [8e-03, 1e+05]
  Objective range  [8e-03, 1e+00]
  Bounds range     [4e-01, 9e+01]
  RHS range        [4e-01, 1e+06]

Presolve removed 380 rows and 36 columns
Presolve time: 0.01s
Presolved: 2172 rows, 448 columns, 15162 nonzeros

Iteration    Objective       Primal Inf.    Dual Inf.      Time
       0    8.9086385e-01   8.657682e+01   0.000000e+00      0s
     282    9.1435283e-01   0.000000e+00   0.000000e+00      0s

Solved in 282 iterations and 0.02 seconds (0.04 work units)
Optimal objective  9.143528273e-01

User-callback calls 426, time in user-callback 0.00 sec
