
Gurobi 13.0.2 (win64) logging started Sat Jul 25 05:38:44 2026

Set parameter LogFile to value "E:\codes\ExactEBRP\results\gf_nonblocking_gurobi_c6_round31\runs\stage6__tight_T_seed3101__p_grb__1200s\native.log"
Set parameter Threads to value 1
Set parameter Presolve to value -1
Set parameter Seed to value 0
Set parameter MIPGap to value 0
Set parameter MIPGapAbs to value 0
Set parameter TimeLimit to value 1200
Read LP format model from file E:\codes\ExactEBRP\results\gf_nonblocking_gurobi_c6_round31\runs\stage6__tight_T_seed3101__p_grb__1200s\canonical.lp
Reading time = 0.01 seconds
obj: 5078 rows, 2121 columns, 23379 nonzeros
Set parameter TimeLimit to value 1194.9430156
Gurobi Optimizer version 13.0.2 build v13.0.2rc1 (win64 - Windows 10.0 (19045.2))

CPU model: 12th Gen Intel(R) Core(TM) i7-12700KF, instruction set [SSE2|AVX|AVX2]
Thread count: 12 physical cores, 20 logical processors, using up to 1 threads

Non-default parameters:
TimeLimit  1194.9430156
MIPGap  0
MIPGapAbs  0
LogToConsole  0
Threads  1

Optimize a model with 5078 rows, 2121 columns and 23379 nonzeros (Min)
Model fingerprint: 0x5a04c966
Model has 21 linear objective coefficients
Variable types: 426 continuous, 1695 integer (1495 binary)
Coefficient statistics:
  Matrix range     [3e-02, 6e+02]
  Objective range  [7e-03, 1e+00]
  Bounds range     [1e+00, 5e+01]
  RHS range        [1e+00, 4e+03]

Presolve removed 154 rows and 30 columns
Presolve time: 0.06s
Presolved: 4924 rows, 2091 columns, 42575 nonzeros
Variable types: 199 continuous, 1892 integer (1489 binary)
Found heuristic solution: objective 3.0822120

Root relaxation: objective 5.011703e-04, 1292 iterations, 0.06 seconds (0.16 work units)

    Nodes    |    Current Node    |     Objective Bounds      |     Work
 Expl Unexpl |  Obj  Depth IntInf | Incumbent    BestBd   Gap | It/Node Time

     0     0    0.00050    0  231    3.08221    0.00050   100%     -    0s
     0     0    0.00050    0  224    3.08221    0.00050   100%     -    0s
H    0     0                       3.0065152    0.00050   100%     -    0s
H    0     0                       2.2573975    0.00050   100%     -    0s
     0     0    0.00427    0  415    2.25740    0.00427   100%     -    0s
H    0     0                       1.8229615    0.00427   100%     -    0s
H    0     0                       1.8095245    0.00427   100%     -    0s
H    0     0                       1.8090642    0.00427   100%     -    0s
     0     0    0.00632    0  408    1.80906    0.00632   100%     -    0s
     0     0    0.00899    0  483    1.80906    0.00899   100%     -    0s
H    0     0                       1.8088098    0.00899   100%     -    0s
     0     0    0.00940    0  510    1.80881    0.00940  99.5%     -    0s
     0     0    0.01091    0  466    1.80881    0.01091  99.4%     -    0s
     0     0    0.01126    0  507    1.80881    0.01126  99.4%     -    0s
     0     0    0.01168    0  536    1.80881    0.01168  99.4%     -    1s
     0     0    0.01172    0  531    1.80881    0.01172  99.4%     -    1s
     0     0    0.01173    0  499    1.80881    0.01173  99.4%     -    1s
     0     0    0.01175    0  504    1.80881    0.01175  99.4%     -    1s
     0     0    0.01185    0  531    1.80881    0.01185  99.3%     -    1s
H    0     0                       1.8080029    0.01185  99.3%     -    1s
H    0     0                       1.7353354    0.01185  99.3%     -    1s
H    0     0                       1.7237236    0.01185  99.3%     -    1s
H    0     0                       1.6466571    0.01185  99.3%     -    1s
H    0     0                       1.6423217    0.01185  99.3%     -    1s
     0     0    0.01186    0  519    1.64232    0.01186  99.3%     -    1s
     0     0    0.01187    0  551    1.64232    0.01187  99.3%     -    1s
H    0     0                       1.5650575    0.01187  99.2%     -    1s
H    0     0                       1.3984449    0.01187  99.2%     -    1s
     0     0    0.01187    0  509    1.39844    0.01187  99.2%     -    1s
     0     0    0.01187    0  526    1.39844    0.01187  99.2%     -    1s
H    0     0                       1.0512366    0.01192  98.9%     -    1s
     0     0    0.01192    0  513    1.05124    0.01192  98.9%     -    1s
     0     0    0.01192    0  547    1.05124    0.01192  98.9%     -    1s
     0     0    0.01192    0  547    1.05124    0.01192  98.9%     -    1s
     0     0    0.01192    0  443    1.05124    0.01192  98.9%     -    1s
H    0     0                       0.9417676    0.01192  98.7%     -    2s
H    0     0                       0.9292627    0.01192  98.7%     -    2s
H    0     0                       0.9270526    0.01192  98.7%     -    2s
H    0     0                       0.9268388    0.01192  98.7%     -    2s
H    0     0                       0.9267811    0.01192  98.7%     -    2s
H    0     0                       0.9266379    0.01192  98.7%     -    2s
     0     2    0.01192    0  438    0.92664    0.01192  98.7%     -    2s
H   19    19                       0.9010927    0.01324  98.5%  74.1    2s
H   26    26                       0.8188574    0.01324  98.4%  79.5    2s
H   26    26                       0.7991241    0.01324  98.3%  79.5    2s
H   26    26                       0.7966066    0.01324  98.3%  79.5    2s
H   35    35                       0.7732340    0.01324  98.3%   109    2s
H   39    38                       0.7577429    0.01324  98.3%   126    2s
H   39    38                       0.7564394    0.01324  98.3%   126    2s
H   39    38                       0.7551327    0.01324  98.2%   126    2s
H   39    38                       0.7538227    0.01324  98.2%   126    2s
H  145   135                       0.7537879    0.01324  98.2%  91.0    3s
H  145   135                       0.7532397    0.01324  98.2%  91.0    3s
H  145   135                       0.7531071    0.01324  98.2%  91.0    3s
H  145   135                       0.7529595    0.01324  98.2%  91.0    3s
H  168   158                       0.6801701    0.01324  98.1%  99.4    4s
H  168   158                       0.6799711    0.01324  98.1%  99.4    4s
H  178   168                       0.6767859    0.01324  98.0%  97.3    4s
H  178   168                       0.6762371    0.01324  98.0%  97.3    4s
H  178   168                       0.6746365    0.01324  98.0%  97.3    4s
H  178   168                       0.6637514    0.01324  98.0%  97.3    4s
H  224   200                       0.5100671    0.01324  97.4%  91.8    4s
   237   215    0.01973   36  343    0.51007    0.01324  97.4%  90.4    5s
H  382   333                       0.5089339    0.01324  97.4%  72.0    6s
H  399   326                       0.4183037    0.01324  96.8%  70.4    6s
H  399   325                       0.4174779    0.01324  96.8%  70.4    6s
H  399   320                       0.4151460    0.01324  96.8%  70.4    6s
H  532   428                       0.4136875    0.01324  96.8%  71.4    8s
H  532   423                       0.4092056    0.01324  96.8%  71.4    8s
   561   452    0.09114   65  477    0.40921    0.01324  96.8%  71.3   10s
H  570   434                       0.3346090    0.01486  95.6%  70.2   13s
H  570   412                       0.2997471    0.01486  95.0%  70.2   13s
   577   417    0.04727   56  540    0.29975    0.01535  94.9%  69.3   15s
H  582   399                       0.2973605    0.01541  94.8%  68.7   16s
H  596   388                       0.2961785    0.01541  94.8%   109   18s
   613   402    0.03436   26  436    0.29618    0.01541  94.8%   117   20s
H  757   466                       0.2862630    0.01541  94.6%   125   25s
H  757   448                       0.2857170    0.01541  94.6%   125   25s
H  758   428                       0.2711041    0.01541  94.3%   126   25s
H  758   412                       0.2701571    0.01541  94.3%   126   25s
H  758   395                       0.2607433    0.01541  94.1%   126   25s
H  835   411                       0.1630244    0.01541  90.5%   134   28s
   909   462    0.04941   78  269    0.16302    0.01541  90.5%   132   30s
  1150   561    0.10917   18  404    0.16302    0.01541  90.5%   130   35s
  1314   656    0.03994   43  218    0.16302    0.01541  90.5%   131   40s
  1583   840    0.04135   17  429    0.16302    0.01549  90.5%   132   45s
  1856  1087    0.11507   89  154    0.16302    0.01564  90.4%   126   50s
  1975  1170    0.08433   61  211    0.16302    0.01585  90.3%   125   56s
  2114  1285    0.05098   50  326    0.16302    0.01585  90.3%   123   60s
  2415  1524    0.02615   17  396    0.16302    0.01592  90.2%   119   65s
  2698  1762    0.12209   48  293    0.16302    0.01600  90.2%   117   70s
  2907  1916    0.02022   17  516    0.16302    0.01605  90.2%   120   75s
H 2940  1923                       0.1559474    0.01605  89.7%   121   76s
H 2940  1913                       0.1487508    0.01605  89.2%   121   76s
H 2940  1909                       0.1465597    0.01605  89.0%   121   76s
H 2940  1908                       0.1455828    0.01605  89.0%   121   77s
H 2958  1914                       0.1429218    0.01605  88.8%   121   79s
H 2958  1909                       0.1425110    0.01605  88.7%   121   80s
H 2958  1900                       0.1398262    0.01605  88.5%   121   81s
H 2958  1878                       0.1354801    0.01605  88.1%   121   81s
H 3018  1915                       0.1353314    0.01612  88.1%   120   83s
H 3018  1915                       0.1352603    0.01612  88.1%   120   83s
H 3018  1915                       0.1351893    0.01612  88.1%   120   83s
H 3027  1919                       0.1327855    0.01612  87.9%   120   83s
H 3027  1919                       0.1327128    0.01612  87.9%   120   83s
H 3027  1916                       0.1324978    0.01612  87.8%   120   83s
H 3038  1927                       0.1322443    0.01612  87.8%   121   84s
  3057  1948    0.05235   43  312    0.13224    0.01612  87.8%   120   85s
H 3179  2037                       0.1320496    0.01613  87.8%   119   87s
H 3179  2035                       0.1316687    0.01613  87.8%   119   87s
  3273  2105    0.10650   24  338    0.13167    0.01613  87.7%   121   91s
  3414  2205    0.06439   42  401    0.13167    0.01624  87.7%   120   95s
  3694  2401    0.11233   52  230    0.13167    0.01660  87.4%   119  100s
  3996  2627    0.01877   17  558    0.13167    0.01695  87.1%   120  105s
  4236  2768    0.02895   31  390    0.13167    0.01718  87.0%   123  110s
  4550  3000     cutoff   27         0.13167    0.01762  86.6%   123  115s
  4848  3180    0.01838   19  536    0.13167    0.01779  86.5%   125  120s
  5162  3395    0.07634   19  382    0.13167    0.01802  86.3%   124  125s
  5476  3626    0.08536   44  221    0.13167    0.01832  86.1%   125  130s
  5733  3813    0.12289   45  359    0.13167    0.01844  86.0%   126  135s
  6087  4046    0.02544   28  406    0.13167    0.01868  85.8%   125  140s
  6499  4377    0.10763   33  353    0.13167    0.01876  85.7%   123  145s
  6818  4639    0.06766   66  201    0.13167    0.01885  85.7%   123  150s
  7161  4880    0.01958   19  508    0.13167    0.01889  85.7%   123  155s
  7453  5086    0.05594   43  295    0.13167    0.01898  85.6%   123  160s
  7823  5347    0.02016   20  504    0.13167    0.01902  85.6%   123  165s
  8120  5545    0.09225   32  369    0.13167    0.01907  85.5%   123  170s
  8310  5664    0.05259   24  369    0.13167    0.01910  85.5%   125  175s
  8633  5913    0.08378   43  360    0.13167    0.01917  85.4%   125  180s
  9042  6230    0.02212   27  438    0.13167    0.01925  85.4%   124  185s
  9465  6556    0.09525   75  158    0.13167    0.01930  85.3%   123  190s
  9812  6786    0.07437   40  354    0.13167    0.01932  85.3%   122  195s
 10079  6979    0.02604   24  369    0.13167    0.01937  85.3%   122  200s
 10203  7066    0.06542   77  443    0.13167    0.01938  85.3%   122  220s
 10211  7071    0.06860   56  538    0.13167    0.01938  85.3%   122  225s
 10217  7075    0.07631   56  522    0.13167    0.01938  85.3%   122  230s
 10222  7079    0.08531   41  522    0.13167    0.01938  85.3%   122  235s
 10228  7083    0.03755   22  544    0.13167    0.01938  85.3%   122  241s
 10233  7086    0.08068   48  555    0.13167    0.01938  85.3%   122  245s
 10238  7089    0.01962   23  509    0.13167    0.01938  85.3%   122  250s
 10243  7093    0.05858   37  558    0.13167    0.01938  85.3%   122  255s
H10247  6739                       0.1313795    0.01938  85.2%   122  260s
H10249  6403                       0.1303630    0.01938  85.1%   122  262s
 10253  6405    0.02153   28  592    0.13036    0.01938  85.1%   122  265s
 10258  6409    0.04656   47  563    0.13036    0.01938  85.1%   122  270s
 10263  6412    0.12175   84  612    0.13036    0.01938  85.1%   121  275s
H10263  6091                       0.1160823    0.01938  83.3%   121  276s
 10268  6094    0.05382   60  543    0.11608    0.01938  83.3%   121  280s
 10273  6098    0.04220   32  541    0.11608    0.01938  83.3%   121  285s
 10277  6100    0.10685   37  586    0.11608    0.01938  83.3%   121  290s
 10285  6106    0.07292   24  576    0.11608    0.01938  83.3%   121  295s
 10298  6114    0.11608   38  524    0.11608    0.01938  83.3%   121  300s
 10309  6122    0.01939   19  562    0.11608    0.01938  83.3%   121  305s
 10349  6148    0.02936   46  355    0.11608    0.01938  83.3%   134  310s
 10432  6174    0.02722   35  431    0.11608    0.01938  83.3%   134  315s
 10467  6194    0.06995   52  284    0.11608    0.01938  83.3%   134  320s
 10582  6225    0.10254   46  310    0.11608    0.01938  83.3%   134  325s
 10627  6239    0.03620   44  348    0.11608    0.01938  83.3%   135  330s
 10736  6282    0.05570   70  175    0.11608    0.01938  83.3%   137  335s
 10841  6318    0.03992   51  266    0.11608    0.01938  83.3%   138  340s
 10932  6346    0.07435   44  368    0.11608    0.01938  83.3%   140  345s
 11039  6401    0.08302   60  239    0.11608    0.01938  83.3%   140  350s
 11120  6424    0.02228   37  438    0.11608    0.01938  83.3%   142  355s
 11260  6483    0.09215   49  342    0.11608    0.01938  83.3%   142  361s
 11385  6532    0.02213   36  437    0.11608    0.01938  83.3%   141  365s
 11502  6597    0.04603   57  258    0.11608    0.01938  83.3%   142  370s
 11652  6649    0.04295   39  367    0.11608    0.01938  83.3%   143  375s
 11753  6694    0.06427   57  379    0.11608    0.01940  83.3%   144  380s
 11856  6748    0.05571   38  395    0.11608    0.01941  83.3%   144  385s
 11953  6786    0.03023   40  367    0.11608    0.01951  83.2%   145  392s
 12015  6814    0.07605   61  307    0.11608    0.01951  83.2%   146  395s
 12102  6837    0.02341   33  493    0.11608    0.01954  83.2%   147  400s
 12244  6888    0.11542   55  354    0.11608    0.01962  83.1%   148  405s
 12388  6956    0.09413   71  310    0.11608    0.01963  83.1%   148  410s
 12546  7017    0.02600   37  348    0.11608    0.01971  83.0%   150  415s
 12737  7079    0.05609   40  441    0.11608    0.01976  83.0%   150  420s
 12799  7104    0.04164   57  186    0.11608    0.01976  83.0%   150  425s
 12962  7147    0.02244   36  378    0.11608    0.01983  82.9%   152  430s
 13102  7211     cutoff   48         0.11608    0.01988  82.9%   152  435s
 13239  7260    0.05606   47  369    0.11608    0.01996  82.8%   153  441s
 13370  7299    0.02820   37  410    0.11608    0.02002  82.8%   154  445s
 13546  7371    0.06815   46  369    0.11608    0.02010  82.7%   154  450s
 13737  7446    0.03626   45  370    0.11608    0.02011  82.7%   155  455s
 13818  7478    0.02939   42  361    0.11608    0.02012  82.7%   156  460s
 13990  7535    0.02852   41  425    0.11608    0.02019  82.6%   157  465s
H14152  7308                       0.1160823    0.02027  82.5%   157  469s
 14161  7310    0.07026   56  199    0.11608    0.02027  82.5%   157  470s
 14360  7377    0.06242   54  373    0.11608    0.02041  82.4%   158  475s
 14543  7443    0.03827   49  302    0.11608    0.02045  82.4%   158  480s
 14717  7496    0.09714   73  317    0.11608    0.02047  82.4%   159  485s
 14903  7568    0.07666   66  334    0.11608    0.02058  82.3%   159  490s
 15034  7595    0.04616   41  383    0.11608    0.02068  82.2%   161  495s
 15194  7666    0.03604   45  333    0.11608    0.02070  82.2%   161  500s
 15343  7715    0.05929   62  219    0.11608    0.02072  82.2%   162  505s
 15480  7758    0.02703   42  368    0.11608    0.02077  82.1%   163  510s
 15658  7814    0.08217   39  458    0.11608    0.02081  82.1%   163  515s
 15829  7875    0.02500   37  478    0.11608    0.02085  82.0%   164  520s
 16002  7937    0.02549   41  446    0.11608    0.02088  82.0%   164  525s
 16159  7974    0.04165   46  388    0.11608    0.02098  81.9%   165  530s
 16362  8037    0.02217   40  453    0.11608    0.02106  81.9%   165  535s
 16558  8104    0.04785   46  336    0.11608    0.02113  81.8%   165  540s
 16711  8143    0.02396   39  434    0.11608    0.02123  81.7%   166  545s
 16896  8213    0.06991   61  281    0.11608    0.02129  81.7%   167  550s
 17010  8239    0.02225   34  407    0.11608    0.02130  81.6%   167  555s
 17146  8295    0.04318   38  310    0.11608    0.02135  81.6%   168  560s
 17327  8362    0.05066   56  360    0.11608    0.02145  81.5%   169  565s
 17561  8436    0.10220   69  177    0.11608    0.02151  81.5%   169  570s
 17724  8490    0.09377   51  329    0.11608    0.02160  81.4%   169  575s
 17899  8544    0.10014   68  340    0.11608    0.02162  81.4%   170  580s
 18044  8594    0.05943   42  412    0.11608    0.02164  81.4%   170  585s
 18238  8629    0.08587   79  151    0.11608    0.02165  81.3%   170  590s
 18430  8684    0.07908   66  254    0.11608    0.02175  81.3%   171  595s
 18634  8760    0.02574   36  497    0.11608    0.02180  81.2%   171  600s
 18863  8848    0.09828   69  285    0.11608    0.02182  81.2%   171  605s
 19041  8914    0.03366   44  411    0.11608    0.02186  81.2%   171  610s
 19298  8985    0.02514   36  432    0.11608    0.02189  81.1%   171  615s
 19395  9004    0.07729   52  375    0.11608    0.02194  81.1%   173  620s
 19560  9077    0.05565   48  364    0.11608    0.02196  81.1%   173  625s
 19713  9133    0.04858   40  410    0.11608    0.02201  81.0%   174  630s
 19885  9197    0.08791   56  343    0.11608    0.02206  81.0%   174  635s
 20046  9260    0.03081   38  452    0.11608    0.02214  80.9%   174  640s
 20213  9322    0.05160   44  402    0.11608    0.02215  80.9%   174  645s
 20355  9367    0.03386   42  412    0.11608    0.02218  80.9%   175  650s
 20503  9408    0.06512   55  356    0.11608    0.02222  80.9%   175  655s
 20653  9451    0.06165   59  332    0.11608    0.02227  80.8%   175  660s
 20825  9516 infeasible   49         0.11608    0.02230  80.8%   175  665s
 21007  9591    0.06249   61  343    0.11608    0.02235  80.7%   176  670s
 21148  9621    0.02812   39  400    0.11608    0.02236  80.7%   176  675s
 21321  9681    0.07580   36  421    0.11608    0.02240  80.7%   177  680s
 21502  9739    0.04483   56  345    0.11608    0.02244  80.7%   177  685s
 21705  9811    0.09345   57  362    0.11608    0.02246  80.7%   177  690s
 21890  9878    0.03826   34  392    0.11608    0.02248  80.6%   177  695s
 22061  9953    0.09397   61  312    0.11608    0.02248  80.6%   177  700s
 22236 10005    0.11546   65  315    0.11608    0.02250  80.6%   178  705s
 22396 10036    0.03830   42  393    0.11608    0.02252  80.6%   179  710s
 22537 10092    0.04069   54  391    0.11608    0.02255  80.6%   179  728s
 22572 10102    0.02307   33  528    0.11608    0.02257  80.6%   179  730s
 22713 10154    0.08033   68  312    0.11608    0.02259  80.5%   180  735s
 22894 10181    0.11106   43  284    0.11608    0.02265  80.5%   180  740s
 23086 10238    0.03406   47  335    0.11608    0.02266  80.5%   180  745s
 23331 10325    0.02719   37  498    0.11608    0.02270  80.4%   180  750s
 23468 10371    0.02921   39  304    0.11608    0.02273  80.4%   181  755s
 23655 10441     cutoff   76         0.11608    0.02276  80.4%   181  760s
 23806 10503     cutoff   69         0.11608    0.02278  80.4%   181  765s
 24007 10570    0.06038   41  386    0.11608    0.02279  80.4%   181  770s
 24187 10643    0.03522   39  273    0.11608    0.02284  80.3%   181  775s
 24342 10682    0.03356   36  468    0.11608    0.02287  80.3%   182  780s
 24525 10751    0.06325   44  297    0.11608    0.02290  80.3%   182  785s
 24671 10801    0.11289   54  346    0.11608    0.02294  80.2%   183  790s
 24859 10835    0.02379   36  377    0.11608    0.02297  80.2%   183  795s
 25045 10892    0.03627   36  418    0.11608    0.02302  80.2%   183  800s
 25233 10936    0.04333   57  362    0.11608    0.02304  80.1%   183  805s
 25416 11008    0.03978   45  366    0.11608    0.02305  80.1%   183  810s
 25634 11081    0.02722   36  463    0.11608    0.02307  80.1%   182  815s
 25777 11130    0.05053   53  396    0.11608    0.02310  80.1%   183  820s
 25935 11183    0.10251   58  340    0.11608    0.02312  80.1%   183  825s
 26103 11233    0.03645   46  330    0.11608    0.02313  80.1%   183  830s
 26237 11280    0.02556   40  337    0.11608    0.02316  80.0%   184  835s
 26385 11328    0.04406   39  398    0.11608    0.02318  80.0%   184  840s
 26523 11362     cutoff   40         0.11608    0.02320  80.0%   184  845s
 26562 11374    0.02709   38  409    0.11608    0.02321  80.0%   184  850s
 26782 11439    0.05530   46  283    0.11608    0.02322  80.0%   184  855s
 26967 11486    0.02372   37  327    0.11608    0.02325  80.0%   184  860s
 27144 11581    0.09531   67  295    0.11608    0.02327  80.0%   184  865s
 27368 11654    0.03522   36  413    0.11608    0.02331  79.9%   184  870s
 27527 11708    0.05836   40  360    0.11608    0.02334  79.9%   184  875s
 27699 11769    0.06790   55  300    0.11608    0.02337  79.9%   185  880s
 27828 11824    0.02465   37  352    0.11608    0.02337  79.9%   184  885s
 27969 11921    0.07502   75  183    0.11608    0.02339  79.9%   185  890s
 28176 12057    0.02812   36  450    0.11608    0.02342  79.8%   185  895s
 28343 12187    0.05384   56  319    0.11608    0.02344  79.8%   185  900s
 28541 12322    0.08492   52  291    0.11608    0.02347  79.8%   185  905s
 28761 12457    0.04630   42  380    0.11608    0.02352  79.7%   185  910s
 28954 12586    0.05081   49  265    0.11608    0.02354  79.7%   185  915s
 29145 12729    0.03658   42  424    0.11608    0.02358  79.7%   185  920s
 29301 12815     cutoff   38         0.11608    0.02362  79.7%   185  925s
 29448 12913    0.05354   49  399    0.11608    0.02365  79.6%   186  930s
 29613 13003    0.04164   40  392    0.11608    0.02367  79.6%   186  935s
 29844 13182    0.09889   77  322    0.11608    0.02369  79.6%   186  940s
 29996 13282    0.05340   53  354    0.11608    0.02370  79.6%   186  945s
 30182 13403    0.03639   38  451    0.11608    0.02372  79.6%   186  950s
 30353 13529    0.04554   41  361    0.11608    0.02374  79.6%   186  955s
 30510 13616    0.03272   38  431    0.11608    0.02377  79.5%   187  960s
 30658 13723    0.08785   71  139    0.11608    0.02378  79.5%   187  965s
 30819 13829    0.10177   60  336    0.11608    0.02380  79.5%   187  970s
 30986 13929    0.08520   55  394    0.11608    0.02383  79.5%   187  975s
 31192 14075    0.02647   43  297    0.11608    0.02384  79.5%   187  980s
 31352 14166    0.03069   35  428    0.11608    0.02388  79.4%   187  985s
 31529 14302    0.08713   75  214    0.11608    0.02389  79.4%   187  990s
 31734 14435    0.02763   40  325    0.11608    0.02394  79.4%   187  995s
 31907 14544    0.03230   47  416    0.11608    0.02396  79.4%   187 1000s
 32118 14695    0.09067   45  460    0.11608    0.02399  79.3%   187 1005s
 32328 14821    0.09280   55  359    0.11608    0.02401  79.3%   188 1010s
 32542 14959    0.08848   54  305    0.11608    0.02402  79.3%   188 1016s
 32664 15027    0.10895   40  428    0.11608    0.02405  79.3%   188 1020s
 32824 15119     cutoff   55         0.11608    0.02406  79.3%   188 1025s
 33035 15234    0.04386   40  432    0.11608    0.02407  79.3%   188 1030s
 33268 15396    0.04222   38  481    0.11608    0.02408  79.3%   188 1035s
 33529 15568    0.08207   75  171    0.11608    0.02411  79.2%   188 1040s
 33775 15738    0.02608   39  476    0.11608    0.02414  79.2%   188 1045s
 33985 15893    0.02565   35  410    0.11608    0.02416  79.2%   188 1050s
 34107 15969    0.03456   45  370    0.11608    0.02417  79.2%   189 1055s
 34289 16107    0.04799   53  348    0.11608    0.02418  79.2%   189 1060s
 34537 16285    0.09552   78  207    0.11608    0.02419  79.2%   189 1065s
 34814 16430    0.02891   46  262    0.11608    0.02422  79.1%   189 1070s
 35057 16611    0.10783   77  295    0.11608    0.02424  79.1%   188 1075s
 35323 16797    0.07223   50  341    0.11608    0.02426  79.1%   188 1080s
 35477 16897    0.03061   42  376    0.11608    0.02427  79.1%   188 1085s
 35666 17020    0.02617   37  421    0.11608    0.02429  79.1%   188 1090s
 35838 17135    0.03987   38  397    0.11608    0.02430  79.1%   189 1095s
 36020 17236    0.03244   37  458    0.11608    0.02432  79.0%   189 1100s
 36212 17372    0.04379   49  354    0.11608    0.02435  79.0%   189 1105s
 36366 17441    0.02866   38  286    0.11608    0.02436  79.0%   189 1110s
 36595 17610    0.07948   83  216    0.11608    0.02438  79.0%   189 1115s
 36781 17743    0.11109   49  355    0.11608    0.02441  79.0%   189 1120s
 36960 17871    0.05588   51  311    0.11608    0.02444  78.9%   190 1125s
 37139 17961    0.04313   41  384    0.11608    0.02449  78.9%   190 1130s
 37363 18129    0.06407   56  394    0.11608    0.02450  78.9%   190 1135s
 37592 18285     cutoff   44         0.11608    0.02454  78.9%   190 1140s
 37800 18427    0.09165   47  363    0.11608    0.02455  78.9%   190 1145s
 37991 18546    0.11064   44  291    0.11608    0.02457  78.8%   190 1150s
 38189 18656    0.04082   48  328    0.11608    0.02457  78.8%   190 1155s
 38411 18803    0.03883   40  384    0.11608    0.02461  78.8%   190 1160s
 38563 18905    0.04610   46  340    0.11608    0.02463  78.8%   190 1165s
 38766 19035    0.04700   42  392    0.11608    0.02464  78.8%   191 1170s
 38991 19192    0.06177   64  285    0.11608    0.02470  78.7%   190 1175s
 39208 19325 infeasible   58         0.11608    0.02473  78.7%   191 1180s
 39414 19453    0.02792   41  445    0.11608    0.02474  78.7%   191 1185s
 39612 19601    0.03867   45  366    0.11608    0.02476  78.7%   191 1190s

Cutting planes:
  Learned: 109
  Gomory: 10
  Cover: 95
  Implied bound: 412
  Projected implied bound: 229
  Clique: 105
  MIR: 1587
  Mixing: 4
  StrongCG: 176
  Flow cover: 2920
  GUB cover: 11
  Inf proof: 13
  Zero half: 117
  RLT: 30
  Relax-and-lift: 138
  BQP: 22
  PSD: 2

Explored 39838 nodes (7615437 simplex iterations) in 1194.95 seconds (2219.37 work units)
Thread count was 1 (of 20 available processors)

Solution count 10: 0.116082 0.130363 0.131669 ... 0.13526

Time limit reached
Best objective 1.160822517994e-01, best bound 2.477474317810e-02, gap 78.6576%

User-callback calls 367643, time in user-callback 0.12 sec
