SKIP stage1__V12_M1__c5_candidate__300s
SKIP stage1__V12_M1__c6_candidate__300s
SKIP stage1__V12_M2__c5_candidate__300s
SKIP stage1__V12_M2__c6_candidate__300s
SKIP stage1__high_imbalance_seed3202__c5_candidate__300s
SKIP stage1__high_imbalance_seed3202__c6_candidate__300s
SKIP stage1__moderate_seed3302__c5_candidate__300s
SKIP stage1__moderate_seed3302__c6_candidate__300s
SKIP stage1__tight_T_seed3101__c5_candidate__300s
SKIP stage1__tight_T_seed3101__c6_candidate__300s
SKIP stage1__tight_T_seed4101__c5_candidate__300s
SKIP stage1__tight_T_seed4101__c6_candidate__300s
SKIP stage1__tight_T_seed5102__c5_candidate__300s
SKIP stage1__tight_T_seed5102__c6_candidate__300s
SKIP stage1__high_imbalance_seed6202__c5_candidate__300s
SKIP stage1__high_imbalance_seed6202__c6_candidate__300s
SKIP stage1__moderate_seed6301__c5_candidate__300s
SKIP stage1__moderate_seed6301__c6_candidate__300s
SKIP stage2__V12_M1__p_grb__300s
SKIP stage2__V12_M1__c6_candidate__300s
SKIP stage2__V12_M2__p_grb__300s
SKIP stage2__V12_M2__c6_candidate__300s
SKIP stage2__high_imbalance_seed3202__p_grb__300s
SKIP stage2__high_imbalance_seed3202__c6_candidate__300s
SKIP stage2__moderate_seed3302__p_grb__300s
SKIP stage2__moderate_seed3302__c6_candidate__300s
SKIP stage2__tight_T_seed3101__p_grb__300s
SKIP stage2__tight_T_seed3101__c6_candidate__300s
SKIP stage2__high_imbalance_seed4201__p_grb__300s
SKIP stage2__high_imbalance_seed4201__c6_candidate__300s
SKIP stage2__moderate_seed4302__p_grb__300s
SKIP stage2__moderate_seed4302__c6_candidate__300s
SKIP stage2__tight_T_seed4101__p_grb__300s
SKIP stage2__tight_T_seed4101__c6_candidate__300s
SKIP stage2__high_imbalance_seed5202__p_grb__300s
SKIP stage2__high_imbalance_seed5202__c6_candidate__300s
SKIP stage2__high_imbalance_seed5203__p_grb__300s
SKIP stage2__high_imbalance_seed5203__c6_candidate__300s
SKIP stage2__moderate_seed5301__p_grb__300s
SKIP stage2__moderate_seed5301__c6_candidate__300s
SKIP stage2__moderate_seed5302__p_grb__300s
SKIP stage2__moderate_seed5302__c6_candidate__300s
SKIP stage2__tight_T_seed5102__p_grb__300s
SKIP stage2__tight_T_seed5102__c6_candidate__300s
SKIP stage2__tight_T_seed5103__p_grb__300s
SKIP stage2__tight_T_seed5103__c6_candidate__300s
SKIP stage2__high_imbalance_seed6202__p_grb__300s
SKIP stage2__high_imbalance_seed6202__c6_candidate__300s
SKIP stage2__moderate_seed6301__p_grb__300s
SKIP stage2__moderate_seed6301__c6_candidate__300s
SKIP stage2__tight_T_seed6102__p_grb__300s
SKIP stage2__tight_T_seed6102__c6_candidate__300s
SKIP stage3__round31_sealed_high_imbalance_V20_seed1968399862__p_grb__300s
SKIP stage3__round31_sealed_high_imbalance_V20_seed1968399862__c5_candidate__300s
SKIP stage3__round31_sealed_high_imbalance_V20_seed1968399862__c6_candidate__300s
SKIP stage3__round31_sealed_high_imbalance_V50_seed802548647__p_grb__300s
SKIP stage3__round31_sealed_high_imbalance_V50_seed802548647__c5_candidate__300s
SKIP stage3__round31_sealed_high_imbalance_V50_seed802548647__c6_candidate__300s
SKIP stage3__round31_sealed_moderate_V20_seed311185674__p_grb__300s
SKIP stage3__round31_sealed_moderate_V20_seed311185674__c5_candidate__300s
SKIP stage3__round31_sealed_moderate_V20_seed311185674__c6_candidate__300s
SKIP stage3__round31_sealed_moderate_V50_seed1112848618__p_grb__300s
SKIP stage3__round31_sealed_moderate_V50_seed1112848618__c5_candidate__300s
SKIP stage3__round31_sealed_moderate_V50_seed1112848618__c6_candidate__300s
SKIP stage3__round31_sealed_tight_T_V20_seed2113109204__p_grb__300s
SKIP stage3__round31_sealed_tight_T_V20_seed2113109204__c5_candidate__300s
SKIP stage3__round31_sealed_tight_T_V20_seed2113109204__c6_candidate__300s
SKIP stage3__round31_sealed_tight_T_V50_seed1973327304__p_grb__300s
SKIP stage3__round31_sealed_tight_T_V50_seed1973327304__c5_candidate__300s
SKIP stage3__round31_sealed_tight_T_V50_seed1973327304__c6_candidate__300s
SKIP stage4__V12_M1__s0_cplex__300s
SKIP stage4__V12_M1__p_grb__300s
SKIP stage4__V12_M1__p_grb_hga__300s
SKIP stage4__V12_M1__c5_candidate__300s
SKIP stage4__V12_M1__c6_candidate__300s
SKIP stage4__V12_M2__s0_cplex__300s
SKIP stage4__V12_M2__p_grb__300s
SKIP stage4__V12_M2__p_grb_hga__300s
SKIP stage4__V12_M2__c5_candidate__300s
SKIP stage4__V12_M2__c6_candidate__300s
SKIP stage4__high_imbalance_seed3202__s0_cplex__300s
SKIP stage4__high_imbalance_seed3202__p_grb__300s
SKIP stage4__high_imbalance_seed3202__p_grb_hga__300s
SKIP stage4__high_imbalance_seed3202__c5_candidate__300s
SKIP stage4__high_imbalance_seed3202__c6_candidate__300s
SKIP stage4__moderate_seed3302__s0_cplex__300s
SKIP stage4__moderate_seed3302__p_grb__300s
SKIP stage4__moderate_seed3302__p_grb_hga__300s
SKIP stage4__moderate_seed3302__c5_candidate__300s
SKIP stage4__moderate_seed3302__c6_candidate__300s
SKIP stage4__tight_T_seed3101__s0_cplex__300s
SKIP stage4__tight_T_seed3101__p_grb__300s
SKIP stage4__tight_T_seed3101__p_grb_hga__300s
SKIP stage4__tight_T_seed3101__c5_candidate__300s
SKIP stage4__tight_T_seed3101__c6_candidate__300s
SKIP stage4__high_imbalance_seed6202__s0_cplex__300s
SKIP stage4__high_imbalance_seed6202__p_grb__300s
SKIP stage4__high_imbalance_seed6202__p_grb_hga__300s
SKIP stage4__high_imbalance_seed6202__c5_candidate__300s
SKIP stage4__high_imbalance_seed6202__c6_candidate__300s
SKIP stage4__moderate_seed6301__s0_cplex__300s
SKIP stage4__moderate_seed6301__p_grb__300s
SKIP stage4__moderate_seed6301__p_grb_hga__300s
SKIP stage4__moderate_seed6301__c5_candidate__300s
SKIP stage4__moderate_seed6301__c6_candidate__300s
SKIP stage5__V12_M2__c6_candidate__rep1__300s
SKIP stage5__high_imbalance_seed3202__c6_candidate__rep1__300s
SKIP stage5__tight_T_seed4101__c6_candidate__rep1__300s
SKIP stage5__tight_T_seed5102__c6_candidate__rep1__300s
SKIP stage5__high_imbalance_seed6202__c6_candidate__rep1__300s
SKIP stage5__moderate_seed6301__c6_candidate__rep1__300s
SKIP stage5__round31_sealed_high_imbalance_V20_seed1968399862__c6_candidate__rep1__300s
SKIP stage5__round31_sealed_high_imbalance_V50_seed802548647__c6_candidate__rep1__300s
SKIP stage5__V12_M2__c6_candidate__rep2__300s
SKIP stage5__high_imbalance_seed3202__c6_candidate__rep2__300s
SKIP stage5__tight_T_seed4101__c6_candidate__rep2__300s
SKIP stage5__tight_T_seed5102__c6_candidate__rep2__300s
SKIP stage5__high_imbalance_seed6202__c6_candidate__rep2__300s
SKIP stage5__moderate_seed6301__c6_candidate__rep2__300s
SKIP stage5__round31_sealed_high_imbalance_V20_seed1968399862__c6_candidate__rep2__300s
SKIP stage5__round31_sealed_high_imbalance_V50_seed802548647__c6_candidate__rep2__300s
DONE stage6__V12_M2__p_grb__1200s rc=0 status=optimal wall=171.813
DONE stage6__V12_M2__c5_candidate__1200s rc=0 status=optimal wall=229.250
DONE stage6__V12_M2__c6_candidate__1200s rc=0 status=optimal wall=122.610
DONE stage6__high_imbalance_seed3202__p_grb__1200s rc=0 status=time_limit wall=1195.078
DONE stage6__high_imbalance_seed3202__c5_candidate__1200s rc=0 status=optimal wall=212.203
DONE stage6__high_imbalance_seed3202__c6_candidate__1200s rc=0 status=optimal wall=232.125
DONE stage6__moderate_seed3302__p_grb__1200s rc=0 status=time_limit wall=1195.078
DONE stage6__moderate_seed3302__c5_candidate__1200s rc=0 status=round30_c5_external_gini_tree_time_limit wall=1195.093
DONE stage6__moderate_seed3302__c6_candidate__1200s rc=0 status=round31_c6_external_gini_tree_time_limit wall=1195.078
DONE stage6__tight_T_seed3101__p_grb__1200s rc=0 status=time_limit wall=1195.094
DONE stage6__tight_T_seed3101__c5_candidate__1200s rc=0 status=round30_c5_external_gini_tree_time_limit wall=1195.062
DONE stage6__tight_T_seed3101__c6_candidate__1200s rc=0 status=round31_c6_external_gini_tree_time_limit wall=1195.047
DONE stage6__tight_T_seed5102__p_grb__1200s rc=0 status=time_limit wall=1195.109
DONE stage6__tight_T_seed5102__c5_candidate__1200s rc=0 status=round30_c5_external_gini_tree_time_limit wall=1195.062
DONE stage6__tight_T_seed5102__c6_candidate__1200s rc=0 status=round31_c6_external_gini_tree_time_limit wall=1195.078
DONE stage6__high_imbalance_seed6202__p_grb__1200s rc=0 status=time_limit wall=1195.078
DONE stage6__high_imbalance_seed6202__c5_candidate__1200s rc=0 status=round30_c5_external_gini_tree_time_limit wall=1195.141
DONE stage6__high_imbalance_seed6202__c6_candidate__1200s rc=0 status=round31_c6_external_gini_tree_time_limit wall=1195.157
DONE stage6__moderate_seed6301__p_grb__1200s rc=0 status=time_limit wall=1195.078
DONE stage6__moderate_seed6301__c5_candidate__1200s rc=0 status=round30_c5_external_gini_tree_time_limit wall=1195.110
DONE stage6__moderate_seed6301__c6_candidate__1200s rc=0 status=round31_c6_external_gini_tree_time_limit wall=1195.125
DONE stage6__round31_sealed_high_imbalance_V20_seed1968399862__p_grb__1200s rc=0 status=time_limit wall=1195.094
DONE stage6__round31_sealed_high_imbalance_V20_seed1968399862__c5_candidate__1200s rc=0 status=optimal wall=73.046
DONE stage6__round31_sealed_high_imbalance_V20_seed1968399862__c6_candidate__1200s rc=0 status=optimal wall=148.312
DONE stage6__round31_sealed_high_imbalance_V50_seed802548647__p_grb__1200s rc=0 status=time_limit wall=1195.109
DONE stage6__round31_sealed_high_imbalance_V50_seed802548647__c5_candidate__1200s rc=0 status=round30_c5_external_gini_tree_time_limit wall=1195.234
DONE stage6__round31_sealed_high_imbalance_V50_seed802548647__c6_candidate__1200s rc=0 status=optimal wall=1037.640
