
Gurobi 13.0.2 (win64) logging started Sat Jul 25 07:08:55 2026

Set parameter LogFile to value "E:\codes\ExactEBRP\results\gf_nonblocking_gurobi_c6_round31\runs\stage6__tight_T_seed5102__c5_candidate__1200s\external\native_logs\L1.0.0.1.1.1.0.0_lp.gurobi.log"
Gurobi Optimizer version 13.0.2 build v13.0.2rc1 (win64 - Windows 10.0 (19045.2))

CPU model: 12th Gen Intel(R) Core(TM) i7-12700KF, instruction set [SSE2|AVX|AVX2]
Thread count: 12 physical cores, 20 logical processors, using up to 1 threads

Non-default parameters:
TimeLimit  564.4308156
MIPGap  0
MIPGapAbs  0
LogToConsole  0
Threads  1

Optimize a model with 11916 rows, 3378 columns and 67376 nonzeros (Min)
Model fingerprint: 0xe643597d
Model has 21 linear objective coefficients
Coefficient statistics:
  Matrix range     [7e-03, 2e+04]
  Objective range  [7e-03, 1e+00]
  Bounds range     [1e-01, 5e+02]
  RHS range        [8e-02, 5e+04]

Presolve removed 911 rows and 108 columns
Presolve time: 0.03s
Presolved: 11005 rows, 3271 columns, 63798 nonzeros

Iteration    Objective       Primal Inf.    Dual Inf.      Time
       0    1.2238054e-01   4.583266e+02   0.000000e+00      0s
    3044    2.2413015e-01   0.000000e+00   0.000000e+00      0s

Solved in 3044 iterations and 0.21 seconds (0.61 work units)
Optimal objective  2.241301469e-01

User-callback calls 3188, time in user-callback 0.00 sec
