
Gurobi 13.0.2 (win64) logging started Sat Jul 25 06:58:45 2026

Set parameter LogFile to value "E:\codes\ExactEBRP\results\gf_nonblocking_gurobi_c6_round31\runs\stage6__tight_T_seed5102__c5_candidate__1200s\external\native_logs\L2_terminal_mip.gurobi.log"
Gurobi Optimizer version 13.0.2 build v13.0.2rc1 (win64 - Windows 10.0 (19045.2))

CPU model: 12th Gen Intel(R) Core(TM) i7-12700KF, instruction set [SSE2|AVX|AVX2]
Thread count: 12 physical cores, 20 logical processors, using up to 1 threads

Non-default parameters:
TimeLimit  1174.5526726
MIPGap  0
MIPGapAbs  0
LogToConsole  0
Threads  1

Optimize a model with 11917 rows, 3378 columns and 67382 nonzeros (Min)
Model fingerprint: 0x7e330b8b
Model has 21 linear objective coefficients
Variable types: 1686 continuous, 1692 integer (1492 binary)
Coefficient statistics:
  Matrix range     [7e-03, 2e+04]
  Objective range  [7e-03, 1e+00]
  Bounds range     [2e-01, 4e+02]
  RHS range        [8e-02, 5e+04]

Presolve removed 1413 rows and 80 columns
Presolve time: 0.20s
Presolved: 10504 rows, 3298 columns, 87455 nonzeros
Variable types: 1640 continuous, 1658 integer (1476 binary)

Root relaxation: objective 2.913372e-01, 2739 iterations, 0.13 seconds (0.33 work units)

    Nodes    |    Current Node    |     Objective Bounds      |     Work
 Expl Unexpl |  Obj  Depth IntInf | Incumbent    BestBd   Gap | It/Node Time

     0     0    0.29134    0  206          -    0.29134      -     -    0s
     0     0    0.32985    0  200          -    0.32985      -     -    0s
     0     0    0.33102    0  195          -    0.33102      -     -    0s
     0     0    0.33540    0  190          -    0.33540      -     -    1s
     0     0    0.33560    0  164          -    0.33560      -     -    1s
     0     0    0.33587    0  188          -    0.33587      -     -    1s
     0     0    0.33592    0  184          -    0.33592      -     -    1s
     0     0    0.33616    0  168          -    0.33616      -     -    2s
     0     0    0.33616    0  149          -    0.33616      -     -    2s
     0     0    0.33617    0  157          -    0.33617      -     -    2s
     0     0    0.33619    0  169          -    0.33619      -     -    2s
     0     0    0.33623    0  166          -    0.33623      -     -    2s
     0     0    0.33628    0  204          -    0.33628      -     -    2s
     0     0    0.33629    0  158          -    0.33629      -     -    2s
     0     0    0.33629    0  158          -    0.33629      -     -    3s
     0     0    0.33629    0  149          -    0.33629      -     -    3s
     0     2    0.33629    0  149          -    0.33629      -     -    4s
    12    14    0.33681   11  163          -    0.33629      -   397    5s
   195   188    0.33911   13  151          -    0.33672      -   128   10s
   530   500    0.34961    7  149          -    0.33679      -  93.8   15s
   535   503    0.36070  112  202          -    0.33679      -  92.9   20s
   542   508    0.35499   91  222          -    0.33691      -  91.7   25s
   555   517    0.35034  165  222          -    0.33710      -  89.6   32s
   565   523    0.35552  157  211          -    0.33722      -  88.0   35s
   576   533    0.33734   15  204          -    0.33734      -   151   40s
   583   537    0.33926   18  198          -    0.33816      -   160   46s
   591   542    0.34817   22  173          -    0.33816      -   169   53s
   598   546    0.34117   26  137          -    0.33816      -   176   55s
   633   560    0.35685   43  136          -    0.33816      -   190   60s
   692   569    0.34793   25  137          -    0.33816      -   204   65s
   721   576    0.34100   21  136          -    0.33875      -   211   70s
   771   605    0.34977   46  121          -    0.33875      -   223   75s
   824   605    0.34311   24  113          -    0.33928      -   230   80s
   889   617    0.33963   22  184          -    0.33940      -   231   86s
   925   631    0.34465   26  172          -    0.33952      -   242   90s
  1003   632 infeasible   34               -    0.33963      -   249   95s
  1070   650    0.34719   33  119          -    0.34099      -   258  100s
  1101   658    0.35245   28  148          -    0.34108      -   260  105s
  1126   660    0.34891   24  138          -    0.34116      -   265  110s
  1185   655    0.34638   20  195          -    0.34132      -   281  115s
  1296   685    0.35351   39  116          -    0.34136      -   276  120s
  1373   691 infeasible   21               -    0.34142      -   278  125s
  1440   701    0.35631   32  147          -    0.34165      -   283  132s
  1502   717    0.35734   29  145          -    0.34173      -   284  135s
  1592   729    0.35881   36   93          -    0.34186      -   288  140s
  1677   740    0.34476   29  156          -    0.34243      -   289  145s
  1746   744    0.35447   33  120          -    0.34259      -   293  150s
  1766   740    0.34906   29  141          -    0.34265      -   293  155s
  1825   731    0.35809   20  164          -    0.34269      -   298  160s
  1894   736 infeasible   24               -    0.34284      -   303  165s
  1976   747    0.35326   27   82          -    0.34301      -   302  170s
  2025   746    0.34331   25  146          -    0.34311      -   301  176s
  2059   741 infeasible   26               -    0.34326      -   305  180s
  2142   750    0.35729   37  100          -    0.34338      -   304  188s
  2163   756    0.35420   30   99          -    0.34341      -   303  190s
  2237   757    0.34410   28  160          -    0.34352      -   305  195s
  2344   808    0.35405   30  163          -    0.34372      -   301  200s
  2381   806    0.34935   26  132          -    0.34379      -   304  205s
  2474   835    0.35852   30   94          -    0.34386      -   301  210s
  2574   857    0.35024   27  124          -    0.34411      -   298  215s
  2669   890    0.35403   25  139          -    0.34428      -   297  220s
  2761   900    0.36075   27  123          -    0.34441      -   298  225s
  2853   923    0.34994   24  133          -    0.34454      -   297  230s
  2910   946    0.36036   33  131          -    0.34457      -   298  235s
  3001   955    0.35275   26  188          -    0.34498      -   299  240s
  3077   951    0.34623   19  205          -    0.34512      -   303  245s
  3158   981 infeasible   43               -    0.34515      -   305  250s
  3195   992    0.34934   29  146          -    0.34520      -   303  256s
  3215  1002    0.35341   35  115          -    0.34520      -   303  263s
  3251  1016    0.35425   32  129          -    0.34528      -   302  265s
  3346  1030    0.35753   27  127          -    0.34547      -   303  270s
  3453  1043    0.34952   28  140          -    0.34563      -   302  275s
  3540  1052    0.34722   21  116          -    0.34591      -   303  280s
  3617  1063    0.35529   32   91          -    0.34598      -   305  285s
  3716  1077    0.36035   21  172          -    0.34611      -   305  290s
  3788  1082    0.35964   27  135          -    0.34621      -   307  295s
  3880  1118    0.35073   31   92          -    0.34624      -   306  300s
  3945  1132    0.34840   32  142          -    0.34628      -   306  312s
  3996  1136    0.35068   33  130          -    0.34632      -   307  315s
  4093  1153    0.35102   25  130          -    0.34645      -   306  320s
  4136  1160    0.35566   32  129          -    0.34652      -   306  327s
  4182  1162    0.36002   27  140          -    0.34660      -   307  330s
  4294  1178    0.35453   31  126          -    0.34682      -   305  335s
  4380  1170 infeasible   21               -    0.34703      -   306  340s
  4478  1171 infeasible   34               -    0.34735      -   306  345s
  4591  1165    0.35903   34  105          -    0.34751      -   305  350s
  4700  1172    0.35400   32  130          -    0.34775      -   304  355s
  4787  1179 infeasible   25               -    0.34782      -   303  360s
  4892  1188 infeasible   31               -    0.34794      -   303  365s
  4989  1195    0.35874   28  161          -    0.34810      -   304  370s
  5082  1194    0.35650   35  115          -    0.34835      -   304  375s
  5161  1186 infeasible   39               -    0.34867      -   304  380s
  5232  1181    0.35759   34  116          -    0.34875      -   305  392s
  5283  1170 infeasible   25               -    0.34886      -   305  395s
  5390  1175    0.35010   29  113          -    0.34929      -   304  400s
  5467  1176    0.35397   36  104          -    0.34951      -   303  406s
  5537  1168 infeasible   30               -    0.34963      -   304  410s
  5694  1187    0.35606   44   95          -    0.35003      -   301  415s
  5845  1188 infeasible   25               -    0.35034      -   299  420s
  5979  1182 infeasible   39               -    0.35060      -   298  425s
  6110  1158    0.35908   36   72          -    0.35101      -   297  430s
  6263  1159 infeasible   27               -    0.35136      -   296  435s
  6402  1145 infeasible   34               -    0.35175      -   294  440s
  6471  1143    0.36050   34  117          -    0.35194      -   294  448s
  6513  1126    0.35607   35  110          -    0.35210      -   294  450s
  6662  1134    0.35648   30  153          -    0.35259      -   292  457s
  6731  1142    0.35572   27  127          -    0.35276      -   292  460s
  6875  1143    0.35334   31  122          -    0.35311      -   290  465s
  7022  1147 infeasible   33               -    0.35330      -   289  470s
  7174  1138    0.36019   23  171          -    0.35361      -   287  475s
  7226  1135    0.35849   28  166          -    0.35373      -   287  480s
  7403  1130    0.35983   27  165          -    0.35423      -   285  485s
  7636  1129 infeasible   39               -    0.35461      -   281  490s
  7809  1127    0.35521   30   89          -    0.35490      -   279  500s
  7810  1128    0.35541   31  107          -    0.35490      -   279  506s
  7926  1129    0.36214   41   91          -    0.35500      -   278  510s
  8086  1106    0.35553   31  126          -    0.35531      -   276  515s
  8253  1081    0.35882   26  110          -    0.35569      -   275  520s
  8445  1068    0.35702   35   94          -    0.35602      -   272  525s
  8731  1052 infeasible   41               -    0.35650      -   268  530s
  8982  1027 infeasible   30               -    0.35690      -   265  535s
  9139  1015    0.36046   31  104          -    0.35716      -   263  540s
  9378   996    0.36159   39  115          -    0.35746      -   260  545s
  9701   944    0.36124   24  199          -    0.35799      -   256  550s
  9802   904 infeasible   44               -    0.35818      -   256  555s
  9996   845    0.36221   27  115          -    0.35853      -   254  560s
 10285   792    0.36074   37  103          -    0.35899      -   251  565s
 10487   772    0.35931   36  109          -    0.35919      -   250  571s
 10657   738    0.35984   29   97          -    0.35940      -   248  575s
 10898   652    0.36187   31  118          -    0.35983      -   247  580s
 11207   559 infeasible   36               -    0.36024      -   244  585s
 11295   518    0.36072   58  129          -    0.36041      -   243  590s
 11461   423    0.36228   38  126          -    0.36090      -   242  595s
 11702   238 infeasible   36               -    0.36167      -   240  600s

Cutting planes:
  Learned: 6
  Gomory: 12
  Cover: 45
  Implied bound: 120
  Projected implied bound: 14
  Clique: 21
  MIR: 120
  Mixing: 1
  StrongCG: 10
  Flow cover: 146
  GUB cover: 8
  Zero half: 1
  Network: 22
  RLT: 8
  Relax-and-lift: 94
  BQP: 3

Explored 11993 nodes (2851878 simplex iterations) in 603.17 seconds (1024.81 work units)
Thread count was 1 (of 20 available processors)

Solution count 0

Model is infeasible
Best objective -, best bound -, gap -

User-callback calls 219226, time in user-callback 0.03 sec
