
Gurobi 13.0.2 (win64) logging started Mon Aug 10 08:54:35 2026

Set parameter LogFile to value "E:\codes\ExactEBRP\results\gf_simple_start_qualification_round35\runs\v50_3600__round32_multi_m_tight_T_V50_M4_seed1562257203__c6_simple_start__3600s\external\native_logs\L2_c6_1_next_leaf_target_mip.gurobi.log"
Gurobi Optimizer version 13.0.2 build v13.0.2rc1 (win64 - Windows 10.0 (19045.2))

CPU model: 12th Gen Intel(R) Core(TM) i7-12700KF, instruction set [SSE2|AVX|AVX2]
Thread count: 12 physical cores, 20 logical processors, using up to 1 threads

Non-default parameters:
TimeLimit  3566.9092995
MIPGap  0
MIPGapAbs  0
LogToConsole  0
Threads  1

Optimize a model with 103666 rows, 23587 columns and 720225 nonzeros (Min)
Model fingerprint: 0x6470df91
Model has 51 linear objective coefficients
Variable types: 12058 continuous, 11529 integer (10879 binary)
Coefficient statistics:
  Matrix range     [8e-03, 1e+04]
  Objective range  [8e-03, 1e+00]
  Bounds range     [5e-01, 2e+04]
  RHS range        [5e-01, 7e+04]

Presolve removed 7973 rows and 156 columns
Presolve time: 2.16s
Presolved: 95693 rows, 23431 columns, 645246 nonzeros
Variable types: 11965 continuous, 11466 integer (10848 binary)
Root relaxation presolved: 23255 rows, 118729 columns, 668075 nonzeros


Root simplex log...

Iteration    Objective       Primal Inf.    Dual Inf.      Time
    6787    5.3164007e+00   6.218427e+03   0.000000e+00      5s
    9407    5.2195384e+00   0.000000e+00   0.000000e+00      7s
    9407    5.2195384e+00   0.000000e+00   0.000000e+00      7s
   10007    5.2195388e+00   0.000000e+00   0.000000e+00      7s

Extra simplex iterations from dual to original model: 600

Root relaxation: objective 5.219539e+00, 10007 iterations, 4.96 seconds (14.74 work units)

    Nodes    |    Current Node    |     Objective Bounds      |     Work
 Expl Unexpl |  Obj  Depth IntInf | Incumbent    BestBd   Gap | It/Node Time

     0     0    5.21954    0  506          -    5.21954      -     -    7s
     0     0    5.22939    0  545          -    5.22939      -     -   14s
     0     0    5.23005    0  506          -    5.23005      -     -   16s
     0     0    5.26332    0  538          -    5.26332      -     -   18s
     0     0    5.27356    0  537          -    5.27356      -     -   24s
     0     0    5.28072    0  520          -    5.28072      -     -   27s
     0     0    5.29589    0  633          -    5.29589      -     -   34s
     0     0    5.29762    0  587          -    5.29762      -     -   37s
     0     0    5.30930    0  593          -    5.30930      -     -   43s
     0     0    5.31320    0  663          -    5.31320      -     -   46s
     0     0    5.31628    0  619          -    5.31628      -     -   48s
     0     0    5.31783    0  595          -    5.31783      -     -   51s
     0     0    5.32360    0  648          -    5.32360      -     -   54s
H    0     0                       5.6172020    5.32360  5.23%     -   56s
H    0     0                       5.6166897    5.32360  5.22%     -   56s
H    0     0                       5.5797851    5.32360  4.59%     -   56s
H    0     0                       5.5153023    5.32360  3.48%     -   57s
H    0     0                       5.5151607    5.32360  3.47%     -   57s
H    0     0                       5.5150738    5.32360  3.47%     -   57s
H    0     0                       5.5111431    5.32360  3.40%     -   57s
H    0     0                       5.5110014    5.32360  3.40%     -   57s
H    0     0                       5.5109145    5.32360  3.40%     -   57s
H    0     0                       5.4992380    5.32360  3.19%     -   57s
H    0     0                       5.4943128    5.32360  3.11%     -   57s
H    0     0                       5.4935357    5.32360  3.09%     -   57s
H    0     0                       5.4895487    5.32360  3.02%     -   58s
H    0     0                       5.4894605    5.32360  3.02%     -   58s
H    0     0                       5.4894309    5.32360  3.02%     -   58s
     0     0    5.32482    0  615    5.48943    5.32482  3.00%     -   61s
     0     0    5.32944    0  686    5.48943    5.32944  2.91%     -   66s
H    0     0                       5.4889431    5.32944  2.91%     -   66s
     0     0    5.33038    0  681    5.48894    5.33038  2.89%     -   69s
     0     0    5.33252    0  694    5.48894    5.33252  2.85%     -   75s
     0     0    5.33272    0  689    5.48894    5.33272  2.85%     -   81s
     0     0    5.33447    0  723    5.48894    5.33447  2.81%     -   85s
     0     0    5.33477    0  685    5.48894    5.33477  2.81%     -   89s
     0     0    5.33577    0  744    5.48894    5.33577  2.79%     -   95s
     0     0    5.33600    0  725    5.48894    5.33600  2.79%     -   97s
     0     0    5.33714    0  634    5.48894    5.33714  2.77%     -  101s
     0     0    5.33920    0  697    5.48894    5.33920  2.73%     -  103s
     0     0    5.33920    0  660    5.48894    5.33920  2.73%     -  108s
     0     0    5.33920    0  714    5.48894    5.33920  2.73%     -  111s
     0     0    5.33920    0  747    5.48894    5.33920  2.73%     -  115s
H    0     0                       5.4888584    5.33920  2.73%     -  116s
H    0     0                       5.4888288    5.33920  2.73%     -  116s
     0     0    5.33941    0  745    5.48883    5.33941  2.72%     -  119s
     0     0    5.33985    0  700    5.48883    5.33985  2.71%     -  124s
H    0     0                       5.4858900    5.33985  2.66%     -  127s
H    0     0                       5.4858044    5.33985  2.66%     -  128s
H    0     0                       5.4857923    5.33985  2.66%     -  128s
     0     0    5.33992    0  746    5.48579    5.33992  2.66%     -  131s
     0     0    5.34020    0  750    5.48579    5.34020  2.65%     -  136s
H    0     0                       5.4857010    5.34020  2.65%     -  137s
H    0     0                       5.4856450    5.34020  2.65%     -  137s
     0     0    5.34022    0  746    5.48564    5.34022  2.65%     -  137s
     0     0    5.34052    0  754    5.48564    5.34052  2.65%     -  145s
     0     0    5.34056    0  769    5.48564    5.34056  2.64%     -  147s
     0     0    5.34082    0  756    5.48564    5.34082  2.64%     -  151s
     0     0    5.34087    0  750    5.48564    5.34087  2.64%     -  152s
     0     0    5.34092    0  768    5.48564    5.34092  2.64%     -  155s
     0     0    5.34103    0  820    5.48564    5.34103  2.64%     -  159s
     0     0    5.34126    0  686    5.48564    5.34126  2.63%     -  163s
     0     0    5.34130    0  707    5.48564    5.34130  2.63%     -  166s
     0     0    5.34209    0  760    5.48564    5.34209  2.62%     -  169s
     0     0    5.34209    0  765    5.48564    5.34209  2.62%     -  170s
     0     0    5.34228    0  763    5.48564    5.34228  2.61%     -  174s
     0     0    5.34248    0  723    5.48564    5.34248  2.61%     -  181s
     0     0    5.34254    0  794    5.48564    5.34254  2.61%     -  183s
     0     0    5.34262    0  831    5.48564    5.34262  2.61%     -  188s
     0     0    5.34264    0  811    5.48564    5.34264  2.61%     -  189s
     0     0    5.34275    0  802    5.48564    5.34275  2.60%     -  197s
     0     0    5.36026    0  646    5.48564    5.36026  2.29%     -  205s
     0     0    5.36026    0  646    5.48564    5.36026  2.29%     -  205s
     0     0    5.36026    0  640    5.48564    5.36026  2.29%     -  206s
     0     2    5.36029    0  639    5.48564    5.36029  2.29%     -  214s
     2     4    5.36359    2  631    5.48564    5.36029  2.29%  2924  218s
     3     5    5.36604    2  567    5.48564    5.36029  2.29%  2761  222s
     5     7    5.38863    4  495    5.48564    5.36029  2.29%  2379  225s
     7     9    5.39632    5  504    5.48564    5.36029  2.29%  2660  232s
     8    10    5.40441    5  432    5.48564    5.36029  2.29%  2897  236s
    11    10    5.44784    7  366    5.48564    5.36029  2.29%  2660  241s
    22    19     cutoff   16         5.48564    5.36029  2.29%  1508  245s
H   23    18                       5.4855598    5.36029  2.28%  1442  246s
H   23    18                       5.4855280    5.36029  2.28%  1442  248s
H   23    18                       5.4854255    5.36029  2.28%  1442  248s
H   28    21                       5.4853988    5.36029  2.28%  1221  253s
    33    28    5.45986   25  257    5.48540    5.36029  2.28%  1067  257s
H   38    29                       5.4853775    5.36029  2.28%   994  258s
H   38    29                       5.4853508    5.36029  2.28%   994  260s
    43    34    5.46394   32  201    5.48535    5.36029  2.28%   899  265s
    63    49    5.36562    1  569    5.48535    5.36413  2.21%   673  273s
    64    50    5.37357    2  560    5.48535    5.36413  2.21%   708  276s
    66    52    5.45563    3  451    5.48535    5.36413  2.21%   775  282s
    71    57    5.39532    8  439    5.48535    5.36413  2.21%   782  286s
    73    59    5.43224    9  449    5.48535    5.36413  2.21%   847  290s
    76    62    5.45436   11  480    5.48535    5.36413  2.21%   875  295s
    79    65    5.44351   12  454    5.48535    5.36413  2.21%   923  301s
    83    69    5.42382   15  486    5.48535    5.36413  2.21%   950  306s
    87    71     cutoff   18         5.48535    5.36413  2.21%   984  310s
    92    74    5.47323   21  552    5.48535    5.36413  2.21%   980  315s
    98    80    5.48292   26  450    5.48535    5.36413  2.21%   975  321s
   101    77     cutoff   27         5.48535    5.36413  2.21%  1021  325s
   103    77    5.42260    3  556    5.48535    5.36567  2.18%  1075  334s
   104    78    5.43337    4  497    5.48535    5.36567  2.18%  1077  335s
   105    79    5.47113    5  344    5.48535    5.36567  2.18%  1115  340s
   110    82    5.47351    8  344    5.48535    5.36567  2.18%  1105  345s
   125    97    5.47966   21  262    5.48535    5.36567  2.18%   990  350s
   149   113    5.40346    2  418    5.48535    5.36604  2.18%   870  359s
   150   114    5.43520    3  416    5.48535    5.36604  2.18%   871  360s
   156   118    5.46611    7  437    5.48535    5.36604  2.18%   873  368s
   160   122    5.46778   11  419    5.48535    5.36604  2.18%   856  371s
   169   131    5.47112   20  340    5.48535    5.36604  2.18%   817  375s
   184   146    5.47751   33  268    5.48535    5.36604  2.18%   767  381s
   197   158    5.48167   45  247    5.48535    5.36604  2.18%   728  386s
   206   159    5.36876    3  636    5.48535    5.36604  2.18%   734  393s
   207   160    5.37297    4  681    5.48535    5.36604  2.18%   748  396s
   209   162    5.38670    6  550    5.48535    5.36604  2.18%   767  401s
   211   164    5.38880    8  703    5.48535    5.36604  2.18%   777  407s
   212   165    5.41011    9  578    5.48535    5.36604  2.18%   790  410s
   216   169    5.42757   12  502    5.48535    5.36604  2.18%   820  417s
   218   171    5.43585   13  568    5.48535    5.36604  2.18%   835  421s
   224   177    5.43924   18  568    5.48535    5.36604  2.18%   843  426s
   228   181    5.44169   21  550    5.48535    5.36604  2.18%   854  431s
   233   186    5.44232   24  495    5.48535    5.36604  2.18%   857  436s
   240   189     cutoff   28         5.48535    5.36604  2.18%   862  441s
   242   187     cutoff   28         5.48535    5.36604  2.18%   886  446s
   244   185     cutoff   27         5.48535    5.36604  2.18%   912  452s
   245   186    5.37745    3  831    5.48535    5.36876  2.13%   933  460s
   247   188    5.42207    5  762    5.48535    5.36876  2.13%   973  468s
   249   190    5.44403    6  438    5.48535    5.36876  2.13%   990  472s
   252   189     cutoff    7         5.48535    5.36876  2.13%  1004  476s
   260   195    5.47325   14  335    5.48535    5.36876  2.13%   997  480s
   282   217    5.47703   36  319    5.48535    5.36876  2.13%   942  485s
   314   249    5.48069   68  199    5.48535    5.36876  2.13%   863  490s
   343   266    5.40611    5  605    5.48535    5.37297  2.05%   819  495s
   344   267    5.43830    5  528    5.48535    5.37297  2.05%   834  500s
   349   268     cutoff    9         5.48535    5.37297  2.05%   850  508s
   350   269    5.48343    9  569    5.48535    5.37297  2.05%   862  511s
   352   267     cutoff   10         5.48535    5.37297  2.05%   875  517s
   354   265     cutoff    6         5.48535    5.37297  2.05%   895  524s
   355   266    5.43847    6  507    5.48535    5.37297  2.05%   900  526s
   363   273    5.44385   13  470    5.48535    5.37297  2.05%   897  530s
   368   278    5.46378   17  513    5.48535    5.37297  2.05%   908  535s
   376   286    5.45163   25  411    5.48535    5.37297  2.05%   910  540s
   392   298 infeasible   40         5.48535    5.37297  2.05%   896  545s
   398   294    5.40102    5  599    5.48535    5.37528  2.01%   897  550s
   401   297    5.43832    8  511    5.48535    5.37528  2.01%   917  558s
   403   297    5.43926    9  546    5.48535    5.37528  2.01%   926  562s
   405   297     cutoff   11         5.48535    5.37528  2.01%   941  566s
   407   297    5.45457    9  569    5.48535    5.37528  2.01%   952  571s
   412   302    5.44563   13  583    5.48535    5.37528  2.01%   958  575s
   416   306    5.45809   16  481    5.48535    5.37528  2.01%   971  581s
   425   315    5.45563   25  379    5.48535    5.37528  2.01%   966  585s
   443   331    5.45840   41  350    5.48535    5.37528  2.01%   948  590s
   479   356 infeasible   71         5.48535    5.37528  2.01%   897  595s
   480   357    5.42687    6  593    5.48535    5.37745  1.97%   905  600s
   485   362    5.44501   11  497    5.48535    5.37745  1.97%   907  605s
   486   361     cutoff    9         5.48535    5.37745  1.97%   923  612s
   494   367 infeasible   17         5.48535    5.37745  1.97%   918  615s
   504   373 infeasible   21         5.48535    5.37745  1.97%   918  620s
   525   384     cutoff   35         5.48535    5.37745  1.97%   889  625s
   528   383    5.41477    4  585    5.48535    5.37759  1.96%   896  631s
   530   385    5.45830    6  443    5.48535    5.37759  1.96%   906  636s
   537   392    5.47475   13  304    5.48535    5.37759  1.96%   909  640s
   564   411    5.38535    4  516    5.48535    5.37795  1.96%   883  645s
   565   412    5.44290    5  526    5.48535    5.37795  1.96%   894  650s
   568   415    5.44004    6  416    5.48535    5.37795  1.96%   901  655s
   570   417    5.43881    7  560    5.48535    5.37795  1.96%   906  660s
   574   417    5.45231    7  485    5.48535    5.37795  1.96%   913  666s
   583   418    5.44444    5  515    5.48535    5.37796  1.96%   912  673s
   584   419    5.46189    6  538    5.48535    5.37796  1.96%   919  676s
   586   417     cutoff    7         5.48535    5.37796  1.96%   929  681s
   589   418    5.47776    7  469    5.48535    5.37796  1.96%   937  685s
   594   416     cutoff    9         5.48535    5.37796  1.96%   937  690s
   596   418    5.46187    7  508    5.48535    5.37806  1.96%   945  695s
   598   416     cutoff    8         5.48535    5.37806  1.96%   956  701s
   601   419    5.48095    9  579    5.48535    5.37806  1.96%   968  706s
   605   417    5.47032    8  426    5.48535    5.37806  1.96%   971  712s
   607   415     cutoff    9         5.48535    5.37806  1.96%   976  715s
   608   416    5.40242    7  493    5.48535    5.38670  1.80%   986  720s
   611   419    5.44159    9  473    5.48535    5.38670  1.80%   992  726s
   614   420    5.46420    9  440    5.48535    5.38670  1.80%   996  730s
   618   422    5.46417   10  609    5.48535    5.38670  1.80%   997  735s
   620   424    5.47684   11  500    5.48535    5.38670  1.80%  1003  741s
   625   429    5.48093   16  203    5.48535    5.38670  1.80%   999  745s
   640   434    5.44200    7  438    5.48535    5.38778  1.78%   995  753s
   641   435    5.46052    8  355    5.48535    5.38778  1.78%   998  755s
   643   437    5.46837   10  358    5.48535    5.38778  1.78%  1002  760s
   648   441    5.45436   12  640    5.48535    5.38778  1.78%   995  811s
   650   442    5.48102   28  543    5.48535    5.38778  1.78%   992  819s
   651   443    5.47572   21  613    5.48535    5.38778  1.78%   990  828s
   653   446    5.47723   12  640    5.48535    5.38778  1.78%  1013  843s
   655   447    5.46082    8  536    5.48535    5.38778  1.78%  1010  860s
   656   448    5.47834   24  589    5.48535    5.38778  1.78%  1008  874s
   657   449    5.47791   43  615    5.48535    5.38778  1.78%  1007  880s
   658   449    5.38778    8  584    5.48535    5.38778  1.78%  1005  885s
   659   450    5.47731   30  607    5.48535    5.38778  1.78%  1004  903s
   660   451    5.47076   18  646    5.48535    5.38778  1.78%  1002  914s
   661   451    5.44219   11  665    5.48535    5.38778  1.78%  1001  917s
   662   452    5.48313   24  702    5.48535    5.38778  1.78%   999  925s
   663   453    5.47963    7  704    5.48535    5.38860  1.76%   998  946s
   664   453    5.40136    6  801    5.48535    5.38993  1.74%   996  954s
   665   454    5.43627   15  803    5.48535    5.39018  1.74%   995  963s
   666   455    5.47941   28  806    5.48535    5.39022  1.73%   993  970s
   667   455    5.48074   70  600    5.48535    5.40166  1.53%   992  984s
   668   456    5.47472   23  718    5.48535    5.40527  1.46%   990  989s
   669   457    5.46648    9  682    5.48535    5.40582  1.45%   989  994s
   670   457    5.46683   37  755    5.48535    5.40593  1.45%   987 1003s
   671   458    5.46718    9  540    5.48535    5.41425  1.30%   986 1020s
   673   459    5.47756   51  570    5.48535    5.41596  1.27%   983 1030s
   674   460    5.47443   20  584    5.48535    5.41603  1.26%   981 1039s
   675   461    5.45453   12  568    5.48535    5.41884  1.21%   980 1063s
   676   461    5.47941   21  616    5.48535    5.41942  1.20%   978 1073s
   677   462    5.45305   31  590    5.48535    5.41951  1.20%   977 1088s
   678   463    5.45712   26  573    5.48535    5.42114  1.17%   975 1100s
   679   463    5.47463   15  577    5.48535    5.42141  1.17%   974 1105s
   680   464    5.47855   24  600    5.48535    5.42144  1.17%   973 1112s
   681   465    5.48104   33  584    5.48535    5.42238  1.15%   971 1129s
   682   465    5.46648    9  570    5.48535    5.42263  1.14%   970 1139s
   683   466    5.44434   16  600    5.48535    5.42269  1.14%   968 1154s
   684   467    5.47386   19  571    5.48535    5.42324  1.13%   967 1169s
   685   467    5.48313   24  659    5.48535    5.42335  1.13%   965 1183s
   686   468    5.43224   10  584    5.48535    5.42415  1.12%   964 1199s
   687   469    5.46662   69  583    5.48535    5.42415  1.12%   963 1215s
   688   469    5.46114   62  583    5.48535    5.42415  1.12%   961 1235s
   689   472    5.42429   26  577    5.48535    5.42415  1.12%  1273 1260s
   690   473    5.43108   26  520    5.48535    5.42429  1.11%  1283 1269s
   691   473    5.42538   27  458    5.48535    5.42429  1.11%  1290 1298s
   692   474    5.43645   27  351    5.48535    5.42538  1.09%  1300 1307s
   693   475    5.43640   28  380    5.48535    5.42538  1.09%  1306 1314s
   694   475    5.42570   28  460    5.48535    5.42570  1.09%  1312 1328s
   695   476    5.42575   29  426    5.48535    5.42570  1.09%  1311 1330s
   696   477    5.44905   29  372    5.48535    5.42575  1.09%  1322 1338s
   697   477    5.42757   30  507    5.48535    5.42575  1.09%  1332 1346s
   698   478    5.44342   30  434    5.48535    5.42757  1.05%  1339 1351s
   699   479    5.42762   31  460    5.48535    5.42757  1.05%  1356 1365s
   700   479    5.44287   31  439    5.48535    5.42762  1.05%  1361 1371s
   702   480    5.46807   32  420    5.48535    5.42766  1.05%  1382 1395s
   703   480    5.42767   33  433    5.48535    5.42766  1.05%  1380 1400s
   704   481    5.43273   33  433    5.48535    5.42767  1.05%  1385 1408s
   705   482    5.42774   34  427    5.48535    5.42774  1.05%  1390 1419s
   706   482    5.44804   34  351    5.48535    5.42774  1.05%  1405 1427s
   707   483    5.42855   35  418    5.48535    5.42775  1.05%  1408 1434s
   708   484    5.44100   35  470    5.48535    5.42855  1.04%  1413 1440s
   710   485    5.43750   36  437    5.48535    5.42859  1.03%  1418 1449s
   711   486    5.42863   37  418    5.48535    5.42859  1.03%  1416 1450s
   713   487    5.42863   38  414    5.48535    5.42863  1.03%  1421 1458s
   714   487    5.44291   38  355    5.48535    5.42863  1.03%  1429 1463s
   715   487    5.42910   39  433    5.48535    5.42863  1.03%  1428 1465s
   717   489    5.42979   40  466    5.48535    5.42913  1.02%  1429 1471s
   718   489    5.43423   40  537    5.48535    5.42979  1.01%  1433 1476s
   719   490    5.43011   41  467    5.48535    5.42979  1.01%  1437 1482s
   720   491    5.43747   41  436    5.48535    5.43012  1.01%  1443 1486s
   721   491    5.43012   42  471    5.48535    5.43012  1.01%  1446 1491s
   722   492    5.44464   42  419    5.48535    5.43012  1.01%  1447 1495s
   725   494    5.43020   44  449    5.48535    5.43020  1.01%  1448 1500s
   727   495    5.43035   45  438    5.48535    5.43020  1.01%  1453 1508s
   728   496    5.44181   45  357    5.48535    5.43035  1.00%  1454 1510s
   729   497    5.43162   46  405    5.48535    5.43035  1.00%  1464 1519s
   730   497    5.43719   46  351    5.48535    5.43057  1.00%  1465 1523s
   731   498    5.43165   47  403    5.48535    5.43057  1.00%  1464 1527s
   732   499    5.46926   47  528    5.48535    5.43057  1.00%  1469 1534s
   733   499    5.43169   48  409    5.48535    5.43057  1.00%  1472 1540s
   735   501    5.43189   49  383    5.48535    5.43057  1.00%  1478 1558s
   736   500    5.45179   49  482    5.48535    5.43057  1.00%  1487 1563s
   737   501    5.43223   50  446    5.48535    5.43057  1.00%  1492 1569s
   738   502    5.43659   50  548    5.48535    5.43057  1.00%  1497 1578s
   739   502    5.43226   51  570    5.48535    5.43057  1.00%  1498 1586s
   741   504    5.43226   52  569    5.48535    5.43057  1.00%  1496 1590s
   742   504    5.43623   52  507    5.48535    5.43057  1.00%  1503 1598s
   743   505    5.43230   53  559    5.48535    5.43057  1.00%  1502 1601s
   744   506    5.44233   53  448    5.48535    5.43057  1.00%  1504 1610s
   746   507    5.44114   54  513    5.48535    5.43057  1.00%  1503 1617s
   747   508    5.43258   55  554    5.48535    5.43057  1.00%  1502 1620s
   748   508    5.43449   55  497    5.48535    5.43057  1.00%  1503 1640s
   750   510    5.43375   56  434    5.48535    5.43057  1.00%  1506 1650s
   752   511    5.45839   57  454    5.48535    5.43057  1.00%  1511 1668s
   753   512    5.43293   58  514    5.48535    5.43057  1.00%  1520 1681s
   754   512    5.44283   58  447    5.48535    5.43057  1.00%  1523 1691s
   755   513    5.43293   59  518    5.48535    5.43057  1.00%  1526 1701s
   756   514    5.44287   59  428    5.48535    5.43057  1.00%  1528 1709s
   757   514    5.43328   60  477    5.48535    5.43057  1.00%  1528 1713s
   758   515    5.44925   60  467    5.48535    5.43057  1.00%  1529 1720s
   760   516    5.44241   61  494    5.48535    5.43057  1.00%  1533 1731s
   761   517    5.43381   62  520    5.48535    5.43057  1.00%  1534 1737s
   762   518    5.43976   62  456    5.48535    5.43057  1.00%  1535 1743s
   763   518    5.43389   63  485    5.48535    5.43057  1.00%  1533 1745s
   764   519    5.44298   63  512    5.48535    5.43057  1.00%  1535 1752s
   765   520    5.43401   64  488    5.48535    5.43057  1.00%  1539 1767s
   766   520    5.44519   64  339    5.48535    5.43057  1.00%  1542 1774s
   767   521    5.43402   65  494    5.48535    5.43057  1.00%  1540 1776s
   768   522    5.44160   65  497    5.48535    5.43057  1.00%  1542 1784s
   769   522    5.43402   66  459    5.48535    5.43057  1.00%  1540 1787s
   770   523    5.44357   66  467    5.48535    5.43057  1.00%  1542 1794s
   771   524    5.43402   67  463    5.48535    5.43057  1.00%  1540 1796s
   772   524    5.43805   67  456    5.48535    5.43057  1.00%  1540 1801s
   773   525    5.43919   68  508    5.48535    5.43057  1.00%  1540 1807s
   774   526    5.43601   68  464    5.48535    5.43057  1.00%  1542 1815s
   776   526    5.44268   69  487    5.48535    5.43057  1.00%  1541 1823s
   777   527    5.43618   70  479    5.48535    5.43057  1.00%  1539 1825s
   778   527    5.44375   70  418    5.48535    5.43057  1.00%  1540 1830s
   780   529    5.45629   71  366    5.48535    5.43057  1.00%  1538 1837s
   781   529    5.43663   72  483    5.48535    5.43057  1.00%  1538 1841s
   782   530    5.45128   72  460    5.48535    5.43057  1.00%  1538 1846s
   785   530    5.43682   74  469    5.48535    5.43057  1.00%  1537 1859s
   786   531    5.43812   74  455    5.48535    5.43057  1.00%  1545 1882s
   788   531    5.45651   75  469    5.48535    5.43057  1.00%  1544 1888s
   789   532    5.43744   76  526    5.48535    5.43057  1.00%  1546 1897s
   790   532    5.43733   76  448    5.48535    5.43057  1.00%  1545 1900s
   792   533    5.45820   77  338    5.48535    5.43057  1.00%  1543 1907s
   795   533    5.43827   79  469    5.48535    5.43057  1.00%  1539 1912s
   796   533    5.44485   79  461    5.48535    5.43057  1.00%  1541 1920s
   797   534    5.43832   80  478    5.48535    5.43057  1.00%  1542 1928s
   798   535    5.45724   80  471    5.48535    5.43057  1.00%  1544 1937s
   800   536    5.44049   81  446    5.48535    5.43057  1.00%  1544 1946s
   802   537    5.44377   82  536    5.48535    5.43057  1.00%  1543 1957s
   803   538    5.43870   83  481    5.48535    5.43057  1.00%  1542 1960s
   804   539    5.45586   83  503    5.48535    5.43057  1.00%  1542 1965s
   806   540    5.44737   84  425    5.48535    5.43057  1.00%  1540 1972s
   807   541    5.43925   85  475    5.48535    5.43057  1.00%  1539 1977s
   808   541    5.45745   85  357    5.48535    5.43057  1.00%  1539 1981s
   809   542    5.43962   86  493    5.48535    5.43057  1.00%  1538 1985s
   810   541     cutoff   86         5.48535    5.43057  1.00%  1541 1991s
   811   541    5.43967   87  494    5.48535    5.43057  1.00%  1540 1995s
   812   542    5.46139   87  436    5.48535    5.43057  1.00%  1541 2000s
   814   543    5.46552   88  303    5.48535    5.43057  1.00%  1538 2005s
   816   545    5.44705   89  471    5.48535    5.43057  1.00%  1536 2010s
   818   546    5.46321   90  441    5.48535    5.43057  1.00%  1536 2020s
   820   545     cutoff   91         5.48535    5.43057  1.00%  1539 2033s
   821   546    5.44012   92  410    5.48535    5.43057  1.00%  1538 2036s
   822   545     cutoff   92         5.48535    5.43057  1.00%  1542 2044s
   823   545    5.44014   93  402    5.48535    5.43057  1.00%  1541 2045s
   825   547    5.44017   94  412    5.48535    5.43057  1.00%  1539 2052s
   827   548    5.44023   95  394    5.48535    5.43057  1.00%  1536 2056s
   829   547    5.44038   96  399    5.48535    5.43057  1.00%  1536 2061s
   830   548    5.45780   96  419    5.48535    5.43057  1.00%  1536 2066s
   832   548    5.47093   97  280    5.48535    5.43057  1.00%  1533 2073s
   834   550    5.46006   98  399    5.48535    5.43057  1.00%  1532 2079s
   835   550    5.44099   99  414    5.48535    5.43057  1.00%  1531 2083s
   836   550    5.46513   99  305    5.48535    5.43057  1.00%  1530 2085s
   838   549     cutoff  100         5.48535    5.43057  1.00%  1534 2096s
   840   551    5.44342  101  439    5.48535    5.43057  1.00%  1531 2101s
   842   551    5.45343  102  399    5.48535    5.43057  1.00%  1530 2105s
   845   552    5.44135  104  410    5.48535    5.43057  1.00%  1526 2110s
   847   553    5.44136  105  399    5.48535    5.43057  1.00%  1524 2115s
   850   553     cutoff  106         5.48535    5.43057  1.00%  1527 2124s
   851   554    5.44137  107  404    5.48535    5.43057  1.00%  1525 2125s
   854   556    5.44862  108  408    5.48535    5.43057  1.00%  1523 2130s
   858   558    5.45451  110  393    5.48535    5.43057  1.00%  1521 2137s
   860   557     cutoff  111         5.48535    5.43057  1.00%  1521 2140s
   864   556     cutoff  113         5.48535    5.43057  1.00%  1523 2147s
   866   555     cutoff  114         5.48535    5.43057  1.00%  1522 2150s
   869   557    5.44246  116  411    5.48535    5.43057  1.00%  1523 2157s
   871   557    5.44246  117  412    5.48535    5.43057  1.00%  1520 2160s
   872   556     cutoff  117         5.48535    5.43057  1.00%  1526 2166s
   874   557    5.47286  118  452    5.48535    5.43057  1.00%  1526 2174s
   875   558    5.44917  119  384    5.48535    5.43057  1.00%  1526 2176s
   878   558    5.45792  120  346    5.48535    5.43057  1.00%  1523 2180s
   880   557     cutoff  121         5.48535    5.43057  1.00%  1525 2186s
   882   557    5.46721  122  397    5.48535    5.43057  1.00%  1528 2192s
   884   558    5.46011  124  311    5.48535    5.43057  1.00%  1528 2195s
   888   559    5.46020  126  307    5.48535    5.43057  1.00%  1525 2200s
   893   559    5.48042  128  296    5.48535    5.43057  1.00%  1524 2206s
   898   559    5.46036  131  323    5.48535    5.43057  1.00%  1520 2211s
   902   560    5.46043  133  301    5.48535    5.43057  1.00%  1520 2215s
   909   557 infeasible  136         5.48535    5.43057  1.00%  1515 2220s
   916   556    5.46057  141  285    5.48535    5.43057  1.00%  1506 2225s
   922   553    5.46087  144  262    5.48535    5.43057  1.00%  1501 2230s
   931   551    5.47635  149  220    5.48535    5.43057  1.00%  1492 2235s
   934   549    5.43062   38  417    5.48535    5.43057  1.00%  1491 2243s
   935   550    5.43742   39  474    5.48535    5.43057  1.00%  1494 2249s
   936   551    5.46674   39  432    5.48535    5.43057  1.00%  1495 2252s
   937   551    5.44511   40  597    5.48535    5.43057  1.00%  1496 2256s
   938   551    5.47011   40  260    5.48535    5.43057  1.00%  1500 2272s
   940   552    5.45917   41  617    5.48535    5.43057  1.00%  1502 2282s
   942   554    5.47531   42  510    5.48535    5.43057  1.00%  1501 2293s
   943   554    5.45940   43  615    5.48535    5.43057  1.00%  1500 2296s
   946   552     cutoff   44         5.48535    5.43057  1.00%  1502 2303s
   948   554    5.45953   45  609    5.48535    5.43057  1.00%  1500 2306s
   951   556    5.46050   47  527    5.48535    5.43057  1.00%  1497 2311s
   953   557    5.47829   48  573    5.48535    5.43057  1.00%  1501 2319s
   954   558    5.46103   48  532    5.48535    5.43057  1.00%  1500 2321s
   956   557     cutoff   49         5.48535    5.43057  1.00%  1504 2326s
   958   556     cutoff   50         5.48535    5.43057  1.00%  1510 2334s
   959   557    5.46267   51  502    5.48535    5.43057  1.00%  1509 2335s
   962   556     cutoff   52         5.48535    5.43057  1.00%  1513 2343s
   963   557    5.46636   53  516    5.48535    5.43057  1.00%  1513 2345s
   965   558    5.46511   54  496    5.48535    5.43057  1.00%  1511 2350s
   968   557     cutoff   55         5.48535    5.43057  1.00%  1513 2355s
   972   559    5.47507   57  399    5.48535    5.43057  1.00%  1512 2363s
   974   559    5.47493   58  411    5.48535    5.43057  1.00%  1511 2367s
   976   559    5.47098   60  478    5.48535    5.43057  1.00%  1509 2370s
   979   559    5.47177   62  500    5.48535    5.43057  1.00%  1508 2375s
   985   556     cutoff   65         5.48535    5.43057  1.00%  1502 2380s
   988   557    5.47719   68  489    5.48535    5.43057  1.00%  1499 2385s
   993   554    5.43428   38  421    5.48535    5.43108  0.99%  1498 2397s
   994   554    5.43966   39  438    5.48535    5.43108  0.99%  1501 2402s
   995   555    5.47094   39  356    5.48535    5.43108  0.99%  1503 2406s
   996   556    5.44901   40  464    5.48535    5.43108  0.99%  1506 2410s
   997   556    5.47145   40  286    5.48535    5.43108  0.99%  1509 2415s
   999   558    5.48198   41  414    5.48535    5.43108  0.99%  1511 2421s
  1000   556     cutoff   42         5.48535    5.43108  0.99%  1514 2425s
  1006   555     cutoff   45         5.48535    5.43108  0.99%  1509 2430s
  1012   557    5.47342   48  223    5.48535    5.43108  0.99%  1505 2435s
  1019   561    5.47861   52  232    5.48535    5.43108  0.99%  1499 2440s
  1027   563    5.48091   56  244    5.48535    5.43108  0.99%  1491 2445s
  1035   562    5.47964   61  151    5.48535    5.43108  0.99%  1483 2450s
  1049   559    5.43302   27  498    5.48535    5.43109  0.99%  1472 2473s
  1050   560    5.43618   28  558    5.48535    5.43109  0.99%  1484 2494s
  1051   560    5.45356   28  597    5.48535    5.43109  0.99%  1487 2528s
  1052   561    5.44728   29  611    5.48535    5.43109  0.99%  1491 2535s
  1053   562    5.45446   29  483    5.48535    5.43109  0.99%  1495 2542s
  1054   562    5.45462   30  469    5.48535    5.43109  0.99%  1497 2546s
  1056   564    5.45834   31  533    5.48535    5.43109  0.99%  1501 2553s
  1057   564    5.45461   31  474    5.48535    5.43109  0.99%  1502 2566s
  1058   565    5.46032   32  493    5.48535    5.43109  0.99%  1504 2578s
  1059   564     cutoff   32         5.48535    5.43109  0.99%  1506 2581s
  1060   564    5.46094   33  467    5.48535    5.43109  0.99%  1506 2585s
  1062   566    5.46232   34  527    5.48535    5.43109  0.99%  1510 2593s
  1063   564 infeasible   34         5.48535    5.43109  0.99%  1511 2595s
  1065   565    5.47063   35  543    5.48535    5.43109  0.99%  1514 2603s
  1066   565    5.46331   36  530    5.48535    5.43109  0.99%  1515 2606s
  1069   563     cutoff   37         5.48535    5.43109  0.99%  1516 2611s
  1071   563     cutoff   38         5.48535    5.43109  0.99%  1516 2615s
  1073   563    5.47622   39  665    5.48535    5.43109  0.99%  1518 2623s
  1074   564    5.46386   40  543    5.48535    5.43109  0.99%  1518 2625s
  1078   563    5.46426   42  544    5.48535    5.43109  0.99%  1517 2631s
  1080   565    5.46503   43  510    5.48535    5.43109  0.99%  1516 2635s
  1082   566    5.46768   44  504    5.48535    5.43109  0.99%  1517 2641s
  1084   566    5.47278   45  343    5.48535    5.43109  0.99%  1519 2646s
  1088   562    5.48327   45  217    5.48535    5.43109  0.99%  1521 2650s
  1092   561    5.45203   27  495    5.48535    5.43137  0.98%  1520 2657s
  1093   561    5.45839   28  448    5.48535    5.43137  0.98%  1521 2660s
  1096   561     cutoff   29         5.48535    5.43137  0.98%  1522 2667s
  1098   563    5.47431   30  554    5.48535    5.43137  0.98%  1524 2672s
  1100   562    5.47674   31  438    5.48535    5.43137  0.98%  1523 2675s
  1102   561     cutoff   33         5.48535    5.43137  0.98%  1527 2682s
  1104   562    5.47350   34  492    5.48535    5.43137  0.98%  1526 2685s
  1109   562    5.48197   37  301    5.48535    5.43137  0.98%  1523 2691s
  1112   561    5.48367   39  292    5.48535    5.43137  0.98%  1522 2696s
  1115   559    5.43595   40  390    5.48535    5.43137  0.98%  1525 2762s
  1117   560    5.46952   41  319    5.48535    5.43137  0.98%  1526 2766s
  1119   561    5.47050   42  369    5.48535    5.43137  0.98%  1530 2773s
  1121   560     cutoff   43         5.48535    5.43137  0.98%  1532 2777s
  1122   561    5.45061   44  461    5.48535    5.43137  0.98%  1532 2780s
  1125   559     cutoff   45         5.48535    5.43137  0.98%  1536 2786s
  1130   559    5.47358   48  247    5.48535    5.43137  0.98%  1532 2790s
  1136   559    5.47641   53  200    5.48535    5.43137  0.98%  1526 2795s
  1144   556    5.47922   60  210    5.48535    5.43137  0.98%  1517 2800s
  1153   555    5.47975   67  189    5.48535    5.43137  0.98%  1506 2805s
H 1162   526                       5.4853508    5.43137  0.98%  1496 2842s
  1163   529    5.43803   41  437    5.48535    5.43273  0.96%  1504 2845s
  1165   530    5.44525   42  481    5.48535    5.43273  0.96%  1509 2853s
  1166   531    5.47092   42  291    5.48535    5.43273  0.96%  1511 2856s
  1168   532    5.46107   43  518    5.48535    5.43273  0.96%  1514 2862s
  1170   532     cutoff   44         5.48535    5.43273  0.96%  1519 2869s
  1171   531    5.47151   45  254    5.48535    5.43273  0.96%  1519 2871s
  1178   532    5.47423   49  251    5.48535    5.43273  0.96%  1513 2875s
  1187   534    5.47503   55  253    5.48535    5.43273  0.96%  1504 2880s
  1201   537    5.48171   63  146    5.48535    5.43273  0.96%  1491 2885s
  1221   530    5.43561   34  549    5.48535    5.43292  0.96%  1476 2906s
  1222   530    5.43913   35  555    5.48535    5.43292  0.96%  1480 2918s
  1223   531    5.45445   35  525    5.48535    5.43292  0.96%  1483 2923s
  1224   532    5.45720   36  469    5.48535    5.43292  0.96%  1487 2930s
  1227   530     cutoff   37         5.48535    5.43292  0.96%  1490 2938s
  1228   530    5.46776   38  336    5.48535    5.43292  0.96%  1491 2940s
  1233   529    5.47287   40  370    5.48535    5.43292  0.96%  1490 2946s
  1239   527    5.47407   43  350    5.48535    5.43292  0.96%  1486 2950s
  1245   525    5.47513   47  342    5.48535    5.43292  0.96%  1481 2955s
  1248   523    5.46020   34  563    5.48535    5.43375  0.94%  1483 2961s
  1249   523    5.46720   35  507    5.48535    5.43375  0.94%  1485 2966s
  1251   525    5.47786   37  482    5.48535    5.43375  0.94%  1486 2971s
  1253   523    5.47450   36  649    5.48535    5.43375  0.94%  1489 2978s
  1254   523    5.47481   37  630    5.48535    5.43375  0.94%  1488 2980s
  1258   522    5.47756   41  518    5.48535    5.43375  0.94%  1486 2985s
  1263   521     cutoff   45         5.48535    5.43375  0.94%  1483 2991s
  1264   519     cutoff   44         5.48535    5.43375  0.94%  1488 2998s
  1265   520    5.43696   57  464    5.48535    5.43423  0.93%  1490 3009s
  1266   521    5.43895   58  443    5.48535    5.43423  0.93%  1490 3011s
  1268   522    5.44477   58  413    5.48535    5.43423  0.93%  1493 3018s
  1269   523    5.45395   59  333    5.48535    5.43423  0.93%  1493 3020s
  1271   524    5.45010   60  434    5.48535    5.43423  0.93%  1494 3025s
  1273   524    5.47162   62  296    5.48535    5.43423  0.93%  1496 3030s
  1275   522     cutoff   62         5.48535    5.43423  0.93%  1500 3038s
  1276   522    5.47401   63  250    5.48535    5.43423  0.93%  1500 3040s
  1281   523    5.47873   68  283    5.48535    5.43423  0.93%  1496 3045s
  1288   523    5.48065   75  215    5.48535    5.43423  0.93%  1490 3050s
  1299   523    5.48367   84  116    5.48535    5.43423  0.93%  1479 3055s
  1304   521    5.43814   41  513    5.48535    5.43423  0.93%  1478 3071s
  1305   522    5.45389   42  460    5.48535    5.43423  0.93%  1481 3078s
  1306   521    5.46653   43  354    5.48535    5.43423  0.93%  1483 3080s
  1310   522    5.47445   46  281    5.48535    5.43423  0.93%  1482 3085s
  1318   521    5.47916   53  294    5.48535    5.43423  0.93%  1474 3090s
  1326   521    5.48472   58  192    5.48535    5.43423  0.93%  1468 3095s
  1334   516    5.46788   42  280    5.48535    5.43460  0.93%  1462 3100s
  1340   517    5.47964   48  277    5.48535    5.43460  0.93%  1458 3105s
  1349   517    5.48241   54  260    5.48535    5.43460  0.93%  1452 3110s
  1358   516    5.43747   56  447    5.48535    5.43572  0.90%  1445 3120s
  1360   517    5.44938   58  614    5.48535    5.43572  0.90%  1449 3129s
  1361   517    5.47610   57  343    5.48535    5.43572  0.90%  1451 3132s
  1362   518    5.47619   58  342    5.48535    5.43572  0.90%  1451 3135s
  1366   518    5.48041   62  332    5.48535    5.43572  0.90%  1447 3140s
  1371   516    5.46183   45  364    5.48535    5.43572  0.90%  1447 3145s
  1373   517    5.47066   47  314    5.48535    5.43572  0.90%  1446 3150s
  1379   517    5.47975   52  249    5.48535    5.43572  0.90%  1442 3155s
  1388   517    5.48076   61  210    5.48535    5.43572  0.90%  1433 3160s
  1401   518    5.48272   69  176    5.48535    5.43572  0.90%  1421 3165s
  1418   513    5.44107   45  502    5.48535    5.43623  0.90%  1408 3173s
  1419   514    5.44561   46  543    5.48535    5.43623  0.90%  1410 3176s
  1421   514    5.45581   48  438    5.48535    5.43623  0.90%  1411 3181s
  1423   515    5.46312   48  580    5.48535    5.43623  0.90%  1412 3188s
  1424   516    5.46612   49  564    5.48535    5.43623  0.90%  1415 3193s
  1425   517    5.47743   50  624    5.48535    5.43623  0.90%  1416 3196s
  1427   517    5.46895   51  497    5.48535    5.43623  0.90%  1416 3200s
  1430   519    5.47293   54  491    5.48535    5.43623  0.90%  1415 3205s
  1433   517    5.47224   54  512    5.48535    5.43623  0.90%  1415 3210s
  1436   515    5.47639   53  512    5.48535    5.43623  0.90%  1416 3222s
  1438   512     cutoff   54         5.48535    5.43623  0.90%  1417 3225s
  1439   513    5.43987   53  431    5.48535    5.43624  0.90%  1417 3230s
  1441   513    5.47646   54  338    5.48535    5.43624  0.90%  1419 3235s
  1443   515    5.45917   56  600    5.48535    5.43624  0.90%  1420 3242s
  1445   515    5.47594   58  293    5.48535    5.43624  0.90%  1420 3245s
  1450   515    5.47840   62  250    5.48535    5.43624  0.90%  1417 3250s
  1458   513    5.48369   68  266    5.48535    5.43624  0.90%  1413 3255s
  1468   509    5.47382   53  282    5.48535    5.43640  0.89%  1407 3261s
  1473   508    5.48085   58  325    5.48535    5.43640  0.89%  1405 3265s
  1481   505    5.48480   65  235    5.48535    5.43640  0.89%  1400 3270s
  1483   504    5.43723   29  437    5.48535    5.43645  0.89%  1400 3285s
  1484   505    5.44061   30  718    5.48535    5.43645  0.89%  1405 3294s
  1485   506    5.45391   31  633    5.48535    5.43645  0.89%  1408 3300s
  1489   506    5.46225   34  586    5.48535    5.43645  0.89%  1408 3305s
  1491   508    5.46519   36  571    5.48535    5.43645  0.89%  1410 3310s
  1494   510    5.47097   39  566    5.48535    5.43645  0.89%  1411 3319s
  1495   508 infeasible   40         5.48535    5.43645  0.89%  1411 3320s
  1501   508    5.47566   42  546    5.48535    5.43645  0.89%  1408 3327s
  1503   509    5.47586   44  535    5.48535    5.43645  0.89%  1408 3342s
  1507   510    5.47724   48  272    5.48535    5.43645  0.89%  1406 3353s
  1508   510    5.47803   49  278    5.48535    5.43645  0.89%  1407 3355s
  1515   512    5.47916   56  251    5.48535    5.43645  0.89%  1403 3360s
  1518   511    5.47985   59  496    5.48535    5.43645  0.89%  1403 3365s
  1522   510    5.48237   63  430    5.48535    5.43645  0.89%  1402 3370s
  1524   510    5.46718   28  430    5.48535    5.43645  0.89%  1407 3380s
  1526   511    5.46858   29  411    5.48535    5.43645  0.89%  1410 3388s
  1527   511    5.47380   30  281    5.48535    5.43645  0.89%  1410 3390s
  1532   509     cutoff   34         5.48535    5.43645  0.89%  1409 3397s
  1534   508    5.43720   28  361    5.48535    5.43659  0.89%  1414 3416s
  1535   508    5.44040   29  650    5.48535    5.43659  0.89%  1416 3438s
  1536   509    5.44055   30  403    5.48535    5.43659  0.89%  1417 3449s
  1537   509    5.44337   31  315    5.48535    5.43659  0.89%  1419 3453s
  1538   510    5.45529   32  308    5.48535    5.43659  0.89%  1420 3456s
  1540   511    5.45974   34  262    5.48535    5.43659  0.89%  1421 3460s
  1542   512    5.46889   36  293    5.48535    5.43659  0.89%  1423 3468s
  1543   512    5.46890   37  274    5.48535    5.43659  0.89%  1422 3477s
  1546   511    5.47127   39  285    5.48535    5.43659  0.89%  1421 3480s
  1550   513    5.47496   43  484    5.48535    5.43659  0.89%  1422 3486s
  1552   514    5.47499   45  504    5.48535    5.43659  0.89%  1423 3490s
  1559   516    5.47822   51  478    5.48535    5.43659  0.89%  1419 3495s
  1567   513    5.48049   58  233    5.48535    5.43659  0.89%  1414 3500s
  1569   513    5.44011   51  574    5.48535    5.43661  0.89%  1416 3510s
  1570   513    5.44750   52  597    5.48535    5.43661  0.89%  1418 3515s
  1572   513     cutoff   54         5.48535    5.43661  0.89%  1419 3521s
  1574   513    5.47188   55  281    5.48535    5.43661  0.89%  1421 3526s
  1578   514    5.47702   58  272    5.48535    5.43661  0.89%  1419 3530s
  1583   514    5.48433   63  270    5.48535    5.43661  0.89%  1417 3535s
  1589   512    5.48048   53  325    5.48535    5.43719  0.88%  1414 3540s
  1593   510    5.44986   47  538    5.48535    5.43720  0.88%  1414 3546s
  1595   511    5.46797   49  363    5.48535    5.43720  0.88%  1415 3550s
  1597   511    5.47137   51  271    5.48535    5.43720  0.88%  1415 3566s

Cutting planes:
  Learned: 2
  Gomory: 2
  Cover: 208
  Implied bound: 379
  Projected implied bound: 177
  Clique: 39
  MIR: 755
  Mixing: 7
  StrongCG: 34
  Flow cover: 987
  GUB cover: 21
  Inf proof: 1
  Zero half: 25
  Network: 41
  RLT: 14
  Relax-and-lift: 556
  BQP: 4

Explored 1598 nodes (2430971 simplex iterations) in 3566.95 seconds (9932.47 work units)
Thread count was 1 (of 20 available processors)

Solution count 10: 5.48535 5.48535 5.48538 ... 5.48579

Time limit reached
Best objective 5.485350828691e+00, best bound 5.437203116480e+00, gap 0.8778%

User-callback calls 308930, time in user-callback 0.03 sec
