
Gurobi 13.0.2 (win64) logging started Mon Aug 10 08:54:30 2026

Set parameter LogFile to value "E:\codes\ExactEBRP\results\gf_simple_start_qualification_round35\runs\v50_3600__round32_multi_m_tight_T_V50_M4_seed1562257203__c6_simple_start__3600s\external\native_logs\L2_lp.gurobi.log"
Gurobi Optimizer version 13.0.2 build v13.0.2rc1 (win64 - Windows 10.0 (19045.2))

CPU model: 12th Gen Intel(R) Core(TM) i7-12700KF, instruction set [SSE2|AVX|AVX2]
Thread count: 12 physical cores, 20 logical processors, using up to 1 threads

Non-default parameters:
TimeLimit  3572.5435937
MIPGap  0
MIPGapAbs  0
LogToConsole  0
Threads  1

Optimize a model with 103666 rows, 23587 columns and 720225 nonzeros (Min)
Model fingerprint: 0xaca956d0
Model has 51 linear objective coefficients
Coefficient statistics:
  Matrix range     [8e-03, 1e+04]
  Objective range  [8e-03, 1e+00]
  Bounds range     [5e-01, 2e+04]
  RHS range        [5e-01, 7e+04]

Presolve removed 7196 rows and 282 columns
Presolve time: 0.42s
Presolved: 23273 rows, 119676 columns, 545624 nonzeros

Iteration    Objective       Primal Inf.    Dual Inf.      Time
       0      handle free variables                          0s

Extra simplex iterations after uncrush: 12

Extra simplex iterations from dual to original model: 2
    7030    5.2096478e+00   0.000000e+00   0.000000e+00      2s

Solved in 7030 iterations and 1.94 seconds (6.01 work units)
Optimal objective  5.209647785e+00

User-callback calls 7218, time in user-callback 0.00 sec
