
Gurobi 13.0.2 (win64) logging started Sat Jul 25 08:38:01 2026

Set parameter LogFile to value "E:\codes\ExactEBRP\results\gf_nonblocking_gurobi_c6_round31\runs\stage6__moderate_seed6301__p_grb__1200s\native.log"
Set parameter Threads to value 1
Set parameter Presolve to value -1
Set parameter Seed to value 0
Set parameter MIPGap to value 0
Set parameter MIPGapAbs to value 0
Set parameter TimeLimit to value 1200
Read LP format model from file E:\codes\ExactEBRP\results\gf_nonblocking_gurobi_c6_round31\runs\stage6__moderate_seed6301__p_grb__1200s\canonical.lp
Reading time = 0.04 seconds
obj: 27656 rows, 10538 columns, 135648 nonzeros
Set parameter TimeLimit to value 1194.75199
Gurobi Optimizer version 13.0.2 build v13.0.2rc1 (win64 - Windows 10.0 (19045.2))

CPU model: 12th Gen Intel(R) Core(TM) i7-12700KF, instruction set [SSE2|AVX|AVX2]
Thread count: 12 physical cores, 20 logical processors, using up to 1 threads

Non-default parameters:
TimeLimit  1194.75199
MIPGap  0
MIPGapAbs  0
LogToConsole  0
Threads  1

Optimize a model with 27656 rows, 10538 columns and 135648 nonzeros (Min)
Model fingerprint: 0x80d28b19
Model has 51 linear objective coefficients
Variable types: 1807 continuous, 8731 integer (8231 binary)
Coefficient statistics:
  Matrix range     [3e-02, 6e+02]
  Objective range  [7e-03, 1e+00]
  Bounds range     [1e+00, 5e+01]
  RHS range        [1e+00, 4e+03]

Presolve removed 366 rows and 63 columns
Presolve time: 0.27s
Presolved: 27290 rows, 10475 columns, 217693 nonzeros
Variable types: 483 continuous, 9992 integer (8225 binary)
Found heuristic solution: objective 7.7534700
Root relaxation presolved: 27146 rows, 10331 columns, 217405 nonzeros


Root relaxation: objective 3.079995e-01, 4685 iterations, 0.45 seconds (1.19 work units)

    Nodes    |    Current Node    |     Objective Bounds      |     Work
 Expl Unexpl |  Obj  Depth IntInf | Incumbent    BestBd   Gap | It/Node Time

     0     0    0.30800    0  625    7.75347    0.30800  96.0%     -    0s
     0     0    0.39592    0 1666    7.75347    0.39592  94.9%     -    2s
     0     0    0.39899    0 1726    7.75347    0.39899  94.9%     -    2s
     0     0    0.40977    0 1874    7.75347    0.40977  94.7%     -    3s
     0     0    0.41074    0 1874    7.75347    0.41074  94.7%     -    4s
     0     0    0.41471    0 1989    7.75347    0.41471  94.7%     -    5s
     0     0    0.41548    0 1972    7.75347    0.41548  94.6%     -    6s
     0     0    0.41762    0 1946    7.75347    0.41762  94.6%     -    8s
H    0     0                       6.8224644    0.41762  93.9%     -    8s
H    0     0                       6.8114407    0.41762  93.9%     -    8s
H    0     0                       6.8084779    0.41762  93.9%     -    8s
H    0     0                       6.4738859    0.41762  93.5%     -    8s
H    0     0                       6.4643872    0.41762  93.5%     -    8s
H    0     0                       6.4610444    0.41762  93.5%     -    8s
     0     0    0.41782    0 1937    6.46104    0.41782  93.5%     -    8s
     0     0    0.41826    0 1966    6.46104    0.41826  93.5%     -    9s
H    0     0                       6.4557025    0.41826  93.5%     -    9s
H    0     0                       6.4536408    0.41826  93.5%     -    9s
     0     0    0.41836    0 1964    6.45364    0.41836  93.5%     -   10s
     0     0    0.41874    0 2018    6.45364    0.41874  93.5%     -   10s
H    0     0                       6.4532609    0.41874  93.5%     -   11s
H    0     0                       6.4527457    0.41874  93.5%     -   11s
H    0     0                       6.4475930    0.41874  93.5%     -   11s
H    0     0                       6.4433020    0.41874  93.5%     -   11s
H    0     0                       6.4427604    0.41874  93.5%     -   11s
H    0     0                       6.4419252    0.41874  93.5%     -   11s
H    0     0                       6.4337818    0.41874  93.5%     -   11s
H    0     0                       6.4334618    0.41874  93.5%     -   11s
H    0     0                       6.4330818    0.41874  93.5%     -   11s
H    0     0                       6.4323219    0.41874  93.5%     -   11s
H    0     0                       6.4274781    0.41874  93.5%     -   11s
H    0     0                       6.4258635    0.41874  93.5%     -   11s
H    0     0                       6.4210198    0.41874  93.5%     -   11s
H    0     0                       6.4194052    0.41874  93.5%     -   11s
H    0     0                       6.4129468    0.41874  93.5%     -   11s
H    0     0                       5.9824351    0.41874  93.0%     -   11s
H    0     0                       5.9780645    0.41874  93.0%     -   11s
H    0     0                       4.4683972    0.41874  90.6%     -   11s
H    0     0                       4.3187771    0.41874  90.3%     -   11s
H    0     0                       4.3183972    0.41874  90.3%     -   11s
H    0     0                       4.3179629    0.41874  90.3%     -   11s
H    0     0                       4.3166915    0.41874  90.3%     -   11s
H    0     0                       4.3162573    0.41874  90.3%     -   11s
H    0     0                       4.3158452    0.41874  90.3%     -   11s
     0     0    0.41883    0 2030    4.31585    0.41883  90.3%     -   12s
     0     0    0.41897    0 2027    4.31585    0.41897  90.3%     -   13s
H    0     0                       4.2417779    0.41897  90.1%     -   13s
H    0     0                       4.2397162    0.41897  90.1%     -   13s
     0     0    0.41897    0 2030    4.23972    0.41897  90.1%     -   13s
     0     0    0.41907    0 2012    4.23972    0.41907  90.1%     -   14s
H    0     0                       4.2396898    0.41907  90.1%     -   14s
H    0     0                       4.1141403    0.41907  89.8%     -   14s
H    0     0                       4.1080899    0.41907  89.8%     -   14s
H    0     0                       3.2992362    0.41907  87.3%     -   14s
H    0     0                       3.2987899    0.41907  87.3%     -   14s
H    0     0                       3.1757274    0.41907  86.8%     -   14s
H    0     0                       3.1638301    0.41907  86.8%     -   14s
H    0     0                       3.1634862    0.41907  86.8%     -   14s
H    0     0                       3.1564566    0.41907  86.7%     -   14s
H    0     0                       2.8838468    0.41907  85.5%     -   14s
H    0     0                       2.8833052    0.41907  85.5%     -   14s
     0     0    0.41907    0 2049    2.88331    0.41907  85.5%     -   15s
     0     0    0.41909    0 2062    2.88331    0.41909  85.5%     -   15s
     0     0    0.41912    0 2086    2.88331    0.41912  85.5%     -   16s
     0     0    0.41917    0 2078    2.88331    0.41917  85.5%     -   17s
     0     0    0.41917    0 2074    2.88331    0.41917  85.5%     -   17s
     0     0    0.41917    0 2036    2.88331    0.41917  85.5%     -   17s
H    0     0                       2.8162210    0.41917  85.1%     -   18s
H    0     0                       2.8108893    0.41917  85.1%     -   19s
H    0     0                       2.8104550    0.41917  85.1%     -   19s
H    0     0                       2.8090902    0.41917  85.1%     -   19s
H    0     0                       2.8090214    0.41917  85.1%     -   19s
H    0     0                       2.8069428    0.41917  85.1%     -   19s
H    0     0                       2.8063571    0.41917  85.1%     -   19s
H    0     0                       2.8054910    0.41917  85.1%     -   19s
H    0     0                       2.8052814    0.41917  85.1%     -   19s
H    0     0                       2.8052803    0.41917  85.1%     -   19s
H    0     0                       2.8047100    0.41917  85.1%     -   19s
H    0     0                       2.8046247    0.41917  85.1%     -   19s
H    0     0                       2.8045007    0.41917  85.1%     -   19s
     0     2    0.41917    0 2035    2.80450    0.41917  85.1%     -   19s
     3     5    0.41956    3 2006    2.80450    0.41955  85.0%   520   20s
H    4     4                       2.6192507    0.41955  84.0%   390   20s
H    4     4                       2.6183294    0.41955  84.0%   390   20s
H    4     4                       2.5257044    0.41955  83.4%   390   20s
H    9     9                       2.5154883    0.41955  83.3%   315   21s
H    9     9                       2.5150541    0.41955  83.3%   315   21s
H    9     9                       2.5144768    0.41955  83.3%   315   21s
H    9     9                       2.5128954    0.41955  83.3%   315   21s
H    9     9                       2.5063639    0.41955  83.3%   315   22s
H    9     9                       2.4956046    0.41955  83.2%   315   22s
H   13    13                       2.4777423    0.41955  83.1%   288   23s
    22    24    0.42358   16 1873    2.47774    0.41955  83.1%   315   25s
    92    94    0.44382   57 1720    2.47774    0.41955  83.1%   202   30s
H   97    97                       2.4773719    0.41955  83.1%   213   31s
H   97    97                       2.3861875    0.41955  82.4%   213   31s
H   97    97                       2.3859818    0.41955  82.4%   213   31s
H   97    97                       2.1991698    0.41955  80.9%   213   31s
H   97    97                       2.1581856    0.41955  80.6%   213   31s
H   97    97                       1.3532166    0.41955  69.0%   213   31s
H   97    97                       1.3529565    0.41955  69.0%   213   33s
H   97    96                       1.1046396    0.41955  62.0%   213   33s
H   97    96                       1.1006810    0.41955  61.9%   213   33s
H  103   102                       1.1006698    0.41955  61.9%   214   33s
   134   135    0.46112   91 1708    1.10067    0.41955  61.9%   180   35s
H  165   164                       1.0976268    0.41955  61.8%   154   35s
H  165   164                       1.0971026    0.41955  61.8%   154   35s
H  228   214                       1.0921196    0.41956  61.6%   132   38s
H  228   214                       1.0921191    0.41956  61.6%   132   38s
H  228   214                       1.0919160    0.41956  61.6%   132   38s
H  228   214                       1.0919066    0.41956  61.6%   132   38s
   248   236    0.44501   26 1767    1.09191    0.41956  61.6%   141   40s
H  256   242                       1.0828570    0.41956  61.3%   146   41s
H  256   242                       1.0825840    0.41956  61.2%   146   41s
H  256   242                       1.0812667    0.41956  61.2%   146   41s
H  256   242                       1.0804170    0.41956  61.2%   146   41s
H  272   257                       1.0765028    0.41956  61.0%   146   42s
H  280   261                       1.0764118    0.41956  61.0%   155   43s
H  289   270                       1.0728439    0.41956  60.9%   155   44s
H  289   270                       1.0700547    0.41956  60.8%   155   44s
H  289   270                       1.0662471    0.41956  60.7%   155   44s
H  289   270                       1.0651764    0.41956  60.6%   155   44s
H  289   270                       1.0627917    0.41956  60.5%   155   44s
H  289   270                       1.0621673    0.41956  60.5%   155   44s
H  289   270                       1.0621596    0.41956  60.5%   155   44s
   293   276    0.46585   58 1561    1.06216    0.41956  60.5%   154   45s
H  297   278                       1.0621376    0.41956  60.5%   154   45s
H  297   278                       1.0621240    0.41956  60.5%   154   45s
H  297   278                       1.0621134    0.41956  60.5%   154   45s
H  297   278                       1.0621115    0.41956  60.5%   154   45s
H  297   278                       1.0620996    0.41956  60.5%   154   45s
H  297   278                       1.0620845    0.41956  60.5%   154   45s
H  297   278                       1.0620664    0.41956  60.5%   154   45s
   379   359    0.48778  124 1522    1.06207    0.41956  60.5%   138   50s
H  453   397                       1.0605280    0.41956  60.4%   123   52s
H  453   397                       1.0604847    0.41956  60.4%   123   52s
H  453   397                       1.0604335    0.41956  60.4%   123   52s
   465   411    0.43220   17 1887    1.06043    0.41956  60.4%   133   55s
   520   464    0.44863   59 1555    1.06043    0.41956  60.4%   139   60s
   546   487    0.45275   86 2036    1.06043    0.41956  60.4%   141   70s
   549   489    0.48770  117 1823    1.06043    0.41956  60.4%   141   76s
   551   490    0.42437   23 1938    1.06043    0.41975  60.4%   140   82s
   553   492    0.60757  133 2106    1.06043    0.42140  60.3%   140   88s
   554   492    0.42389   20 2050    1.06043    0.42156  60.2%   139   90s
   556   494    0.44610   51 2070    1.06043    0.42247  60.2%   139   97s
   557   494    0.47254   69 2110    1.06043    0.42270  60.1%   139  100s
   559   496    0.64667  131 2011    1.06043    0.42284  60.1%   138  107s
   560   496    0.45363   65 2074    1.06043    0.42290  60.1%   138  110s
H  562   472                       1.0595571    0.42303  60.1%   137  117s
   565   474    0.65371  136 2115    1.05956    0.42308  60.1%   137  120s
   568   476    0.48618  104 2139    1.05956    0.42309  60.1%   136  125s
   573   479    0.46130  112 2141    1.05956    0.42309  60.1%   135  132s
   575   480    0.47172   68 2128    1.05956    0.42310  60.1%   134  135s
   581   486    0.44649   50 1790    1.05956    0.42310  60.1%   234  143s
   582   487    0.45208   73 1880    1.05956    0.42310  60.1%   234  146s
   583   487    0.45365   65 1904    1.05956    0.42310  60.1%   233  150s
   585   489    0.44933   65 1988    1.05956    0.42310  60.1%   232  155s
   587   490    0.44956   45 2083    1.05956    0.42335  60.0%   232  161s
   589   491    0.44438   35 2066    1.05956    0.42350  60.0%   231  168s
   590   492    0.45842   46 2085    1.05956    0.42352  60.0%   230  172s
   591   493    0.43302   47 2047    1.05956    0.42362  60.0%   230  176s
   593   494    0.43365    7 2060    1.05956    0.42376  60.0%   229  180s
   597   497    0.45227   82 2111    1.05956    0.42383  60.0%   228  185s
   600   499    0.44115   13 2088    1.05956    0.42385  60.0%   227  190s
H  602   474                       1.0430029    0.42385  59.4%   226  196s
H  602   450                       1.0421732    0.42385  59.3%   226  196s
   606   453    0.46631  116 2048    1.04217    0.42385  59.3%   224  201s
H  606   430                       1.0421463    0.42385  59.3%   224  204s
H  606   408                       1.0421379    0.42385  59.3%   224  204s
H  606   387                       1.0421331    0.42385  59.3%   224  204s
   607   387    0.42488   12 2048    1.04213    0.42385  59.3%   224  205s
   608   390    0.42504   23 2023    1.04213    0.42385  59.3%   322  211s
   610   391    0.42628   24 2053    1.04213    0.42504  59.2%   329  215s
   612   393    0.42729   25 2076    1.04213    0.42628  59.1%   346  221s
   614   394    0.42867   26 2073    1.04213    0.42729  59.0%   354  225s
   619   397    0.45086   28 1995    1.04213    0.43053  58.7%   370  232s
   621   399    0.45984   29 2037    1.04213    0.43103  58.6%   383  235s
   624   401    0.43217   31 2038    1.04213    0.43136  58.6%   399  240s
   629   404    0.47895   33 2002    1.04213    0.43303  58.4%   414  247s
   632   406    0.43431   35 1939    1.04213    0.43346  58.4%   422  250s
   635   408    0.43948   36 1940    1.04213    0.43346  58.4%   435  255s
   639   411    0.44121   38 1905    1.04213    0.43346  58.4%   447  260s
   645   415    0.68188   41 1833    1.04213    0.43346  58.4%   458  267s
   649   417    0.47453   43 1843    1.04213    0.43346  58.4%   466  271s
   652   419    0.43729   45 1840    1.04213    0.43346  58.4%   471  275s
   655   421    0.44029   46 1831    1.04213    0.43346  58.4%   484  280s
   658   423    0.44029   48 1798    1.04213    0.43346  58.4%   487  285s
   664   427    0.43921   51 1769    1.04213    0.43346  58.4%   497  291s
   670   431    0.44223   54 1713    1.04213    0.43346  58.4%   504  295s
   675   435    0.44352   56 1679    1.04213    0.43346  58.4%   521  300s
   680   438    0.45022   59 1580    1.04213    0.43346  58.4%   529  305s
   688   443    0.45338   63 1565    1.04213    0.43346  58.4%   533  310s
   696   449    0.45481   67 1498    1.04213    0.43346  58.4%   540  315s
   707   456    0.45576   72 1431    1.04213    0.43346  58.4%   542  320s
   719   464    0.45810   78 1380    1.04213    0.43346  58.4%   545  325s
   733   473    0.45862   85 1369    1.04213    0.43346  58.4%   547  330s
   749   484    0.46004   93 1276    1.04213    0.43346  58.4%   546  335s
   763   493    0.45916  100 1242    1.04213    0.43346  58.4%   544  340s
   783   507    0.46504  110 1107    1.04213    0.43346  58.4%   541  345s
H  792   491                       1.0383161    0.43346  58.3%   541  348s
   792   493    0.46245  115 1137    1.03832    0.43346  58.3%   541  350s
H  793   472                       1.0376420    0.43346  58.2%   541  350s
H  793   454                       1.0372078    0.43346  58.2%   541  350s
H  793   437                       1.0366365    0.43346  58.2%   541  350s
H  794   422                       1.0366355    0.43346  58.2%   540  350s
H  794   407                       1.0366028    0.43346  58.2%   540  350s
H  795   393                       1.0365982    0.43346  58.2%   541  351s
H  795   379                       1.0365884    0.43346  58.2%   541  351s
   806   388    0.46343  122 1087    1.03659    0.43346  58.2%   543  355s
   823   399    0.46384  130 1139    1.03659    0.43346  58.2%   542  360s
   846   415    0.46570  142 1093    1.03659    0.43346  58.2%   536  365s
   859   423    0.46840  148  986    1.03659    0.43346  58.2%   534  370s
   879   437    0.50855  158  996    1.03659    0.43346  58.2%   532  375s
   898   449    0.47307  168 1094    1.03659    0.43346  58.2%   530  380s
   920   464    0.47333  179  972    1.03659    0.43346  58.2%   526  385s
   944   480    0.47348  191  902    1.03659    0.43346  58.2%   520  390s
   967   495    0.47715  202  957    1.03659    0.43346  58.2%   516  395s
   988   509    0.47412  213  886    1.03659    0.43346  58.2%   511  400s
  1009   523    0.47752  223  846    1.03659    0.43346  58.2%   508  405s
  1033   539    0.48270  235  910    1.03659    0.43346  58.2%   504  410s
  1049   550    0.48309  243  856    1.03659    0.43346  58.2%   501  415s
  1071   565    0.50950  254  887    1.03659    0.43346  58.2%   499  420s
  1091   578    0.51020  264  985    1.03659    0.43346  58.2%   497  425s
  1113   591    0.51144  275 1002    1.03659    0.43346  58.2%   495  430s
  1137   603     cutoff  287         1.03659    0.43346  58.2%   494  435s
  1159   617    0.51472  298  978    1.03659    0.43346  58.2%   492  440s
  1186   635    0.47773  312  894    1.03659    0.43346  58.2%   488  445s
  1211   652    0.48565  324  730    1.03659    0.43346  58.2%   486  450s
H 1223   642                       1.0345083    0.43346  58.1%   487  456s
H 1223   630                       1.0344221    0.43346  58.1%   487  457s
H 1223   618                       1.0340424    0.43346  58.1%   487  462s
H 1223   607                       1.0331764    0.43346  58.0%   487  462s
H 1223   607                       1.0331760    0.43346  58.0%   487  463s
  1223   608    0.63354  330  895    1.03318    0.43346  58.0%   489  475s
  1241   622    0.65495  339 1055    1.03318    0.43346  58.0%   489  480s
  1259   635    0.90508  348  777    1.03318    0.43346  58.0%   491  485s
  1282   658    0.49104  360  829    1.03318    0.43346  58.0%   489  490s
  1302   672    0.51718  370  899    1.03318    0.43346  58.0%   490  495s
  1320   686    0.76478  378  767    1.03318    0.43346  58.0%   492  500s
  1347   707    0.73445  392  823    1.03318    0.43346  58.0%   488  505s
  1374   731    0.75704  405  848    1.03318    0.43346  58.0%   486  510s
  1411   764    0.73482  424  912    1.03318    0.43346  58.0%   480  515s
  1441   788    0.73510  439  838    1.03318    0.43346  58.0%   477  520s
  1475   821    0.73602  456  776    1.03318    0.43346  58.0%   473  525s
  1517   846    1.00501  474  810    1.03318    0.43346  58.0%   468  530s
  1540   845    0.43937   27 1957    1.03318    0.43346  58.0%   464  535s
  1542   847    0.44733   28 1874    1.03318    0.43346  58.0%   469  541s
  1548   853    0.46118   31 1875    1.03318    0.43346  58.0%   471  545s
  1553   858    0.44292   34 1867    1.03318    0.43346  58.0%   474  550s
H 1557   860                       1.0274980    0.43346  57.8%   477  555s
H 1557   860                       1.0245564    0.43346  57.7%   477  555s
H 1557   860                       1.0230260    0.43346  57.6%   477  555s
  1562   867    0.45285   38 1774    1.02303    0.43346  57.6%   481  560s
  1567   872    0.45200   41 1803    1.02303    0.43346  57.6%   484  565s
  1573   878    0.45201   44 1779    1.02303    0.43346  57.6%   488  570s
  1579   884    0.45471   47 1745    1.02303    0.43346  57.6%   490  575s
  1587   892    0.45723   51 1624    1.02303    0.43346  57.6%   492  580s
  1596   901    0.53869   55 1596    1.02303    0.43346  57.6%   495  585s
  1603   908    0.47055   59 1572    1.02303    0.43346  57.6%   497  590s
  1610   915    0.47427   62 1537    1.02303    0.43346  57.6%   501  595s
  1628   933    0.47676   71 1241    1.02303    0.43346  57.6%   500  600s
  1644   949    0.48323   79 1145    1.02303    0.43346  57.6%   500  605s
  1662   967    0.48126   88 1195    1.02303    0.43346  57.6%   498  610s
  1678   983    0.48208   96 1021    1.02303    0.43346  57.6%   497  615s
  1698  1003    0.48950  106 1082    1.02303    0.43346  57.6%   494  620s
  1731  1036    0.48700  123  914    1.02303    0.43346  57.6%   487  625s
  1759  1064    0.48765  137  901    1.02303    0.43346  57.6%   482  630s
  1790  1095    0.49072  152  877    1.02303    0.43346  57.6%   476  635s
H 1807  1110                       1.0218539    0.43346  57.6%   473  637s
H 1807  1110                       1.0218500    0.43346  57.6%   473  637s
H 1807  1110                       1.0213592    0.43346  57.6%   473  637s
H 1807  1110                       1.0213438    0.43346  57.6%   473  637s
  1821  1126    0.48983  168  953    1.02134    0.43346  57.6%   471  640s
  1845  1148    0.49152  180  883    1.02134    0.43346  57.6%   467  645s
  1872  1175    0.49775  193  892    1.02134    0.43346  57.6%   463  650s
  1896  1197    0.54986  205  961    1.02134    0.43346  57.6%   460  655s
  1918  1219    0.50109  216  932    1.02134    0.43346  57.6%   457  660s
  1951  1252    0.50665  233  787    1.02134    0.43346  57.6%   452  665s
  1974  1274    0.51418  244  752    1.02134    0.43346  57.6%   450  670s
  1994  1294    0.62124  254  737    1.02134    0.43346  57.6%   447  675s
  2016  1316    0.51823  265  777    1.02134    0.43346  57.6%   446  680s
  2049  1338    0.98494  281  903    1.02134    0.43346  57.6%   443  685s
  2086  1343    0.71935  300  825    1.02134    0.43346  57.6%   440  690s
  2128  1351    0.76596  321  950    1.02134    0.43346  57.6%   436  695s
  2156  1355    0.92457  332 1025    1.02134    0.43346  57.6%   433  700s
  2166  1353    0.43522   27 2051    1.02134    0.43456  57.5%   434  705s
  2170  1357    0.44273   29 1962    1.02134    0.43456  57.5%   437  713s
  2172  1359    0.43583   30 1999    1.02134    0.43456  57.5%   439  715s
  2176  1363    0.43913   32 1926    1.02134    0.43456  57.5%   440  720s
  2181  1368    0.44100   35 1968    1.02134    0.43456  57.5%   443  725s
  2185  1372    0.44303   37 1953    1.02134    0.43456  57.5%   445  730s
  2190  1377    0.45885   39 1851    1.02134    0.43456  57.5%   447  735s
  2197  1384    0.44655   43 1823    1.02134    0.43456  57.5%   448  740s
  2206  1393    0.45632   47 1732    1.02134    0.43456  57.5%   450  745s
  2214  1401    0.47258   51 1730    1.02134    0.43456  57.5%   451  750s
  2220  1407    0.46376   54 1699    1.02134    0.43456  57.5%   453  755s
  2230  1417    0.46693   59 1654    1.02134    0.43456  57.5%   453  760s
  2242  1429    0.47308   65 1480    1.02134    0.43456  57.5%   454  765s
  2258  1445    0.47253   73 1355    1.02134    0.43456  57.5%   453  770s
  2274  1461    0.47567   81 1332    1.02134    0.43456  57.5%   452  775s
  2308  1495    0.48362   98 1153    1.02134    0.43456  57.5%   448  780s
  2336  1523    0.48175  112  966    1.02134    0.43456  57.5%   444  785s
  2362  1549    0.49022  125  846    1.02134    0.43456  57.5%   442  790s
  2401  1588    0.49061  145  679    1.02134    0.43456  57.5%   436  795s
  2448  1631    0.49363  168  426    1.02134    0.43456  57.5%   431  800s
  2482  1665    0.68725  185  730    1.02134    0.43456  57.5%   429  805s
  2508  1691    0.70204  198  546    1.02134    0.43456  57.5%   429  810s
  2544  1724    0.76500  216  706    1.02134    0.43456  57.5%   428  815s
  2585  1764    0.49565  237  797    1.02134    0.43456  57.5%   425  820s
  2626  1804    0.69878  257  644    1.02134    0.43456  57.5%   422  825s
  2672  1822 infeasible  277         1.02134    0.43456  57.5%   420  830s
  2678  1824    0.43602   30 2028    1.02134    0.43456  57.5%   421  835s
  2679  1825    0.44305   30 1970    1.02134    0.43456  57.5%   424  841s
  2682  1828    0.43635   32 2021    1.02134    0.43456  57.5%   425  845s
  2685  1831    0.44377   33 2007    1.02134    0.43456  57.5%   428  851s
  2687  1833    0.45707   34 1973    1.02134    0.43456  57.5%   430  855s
  2693  1839    0.44925   37 1933    1.02134    0.43456  57.5%   431  860s
  2698  1844    0.44573   40 1874    1.02134    0.43456  57.5%   433  865s
  2705  1851    0.44984   43 1835    1.02134    0.43456  57.5%   434  870s
  2711  1857    0.45874   46 1777    1.02134    0.43456  57.5%   437  877s
  2713  1859    0.49363   47 1820    1.02134    0.43456  57.5%   438  880s
  2718  1864    0.45691   50 1760    1.02134    0.43456  57.5%   441  886s
  2723  1869    0.46238   52 1706    1.02134    0.43456  57.5%   442  890s
  2728  1874    0.46100   55 1677    1.02134    0.43456  57.5%   444  895s
  2737  1883    0.47286   59 1535    1.02134    0.43456  57.5%   445  900s
  2747  1893    0.46738   64 1476    1.02134    0.43456  57.5%   445  905s
  2756  1902    0.46815   69 1440    1.02134    0.43456  57.5%   446  910s
  2767  1913    0.47472   74 1466    1.02134    0.43456  57.5%   447  915s
  2778  1924    0.47315   80 1426    1.02134    0.43456  57.5%   448  920s
  2797  1943    0.47521   89 1315    1.02134    0.43456  57.5%   448  925s
  2819  1965    0.48513  100 1268    1.02134    0.43456  57.5%   447  930s
  2848  1994    0.48163  115 1106    1.02134    0.43456  57.5%   445  935s
  2873  2019    0.53300  127 1188    1.02134    0.43456  57.5%   443  940s
  2913  2059    0.49174  147 1013    1.02134    0.43456  57.5%   439  945s
  2953  2099    0.49921  167 1020    1.02134    0.43456  57.5%   435  950s
  2958  2104    0.50124  170 1058    1.02134    0.43456  57.5%   434  961s
  2967  2113    0.50716  174  894    1.02134    0.43456  57.5%   434  965s
  2984  2130    0.52039  183 1002    1.02134    0.43456  57.5%   432  970s
  2998  2144    0.56262  190  724    1.02134    0.43456  57.5%   432  975s
  3030  2153 infeasible  206         1.02134    0.43456  57.5%   432  980s
  3060  2153     cutoff  221         1.02134    0.43456  57.5%   431  985s
  3095  2154    0.73576  239  666    1.02134    0.43456  57.5%   430  990s
  3135  2154 infeasible  259         1.02134    0.43456  57.5%   427  995s
  3142  2153    0.45644   29 1991    1.02134    0.43540  57.4%   428 1001s
  3143  2154    0.46314   29 2004    1.02134    0.43540  57.4%   431 1007s
  3145  2156    0.45644   30 1980    1.02134    0.43540  57.4%   432 1010s
  3150  2161    0.45679   33 1948    1.02134    0.43540  57.4%   433 1015s
  3156  2167    0.46041   36 1924    1.02134    0.43540  57.4%   434 1020s
  3163  2174    0.48021   39 1918    1.02134    0.43540  57.4%   435 1025s
  3167  2178    0.47104   41 1913    1.02134    0.43540  57.4%   437 1030s
  3172  2183    0.46874   44 1900    1.02134    0.43540  57.4%   438 1035s
  3177  2188    0.48766   46 1809    1.02134    0.43540  57.4%   440 1040s
  3182  2193    0.47316   49 1814    1.02134    0.43540  57.4%   441 1045s
H 3186  2195                       1.0210994    0.43540  57.4%   441 1048s
H 3186  2195                       1.0208680    0.43540  57.4%   441 1049s
  3186  2197    0.47509   51 1807    1.02087    0.43540  57.4%   441 1052s
  3188  2199    0.47695   52 1756    1.02087    0.43540  57.4%   442 1055s
  3191  2202    0.50838   53 1718    1.02087    0.43540  57.4%   444 1060s
  3198  2209    0.48272   57 1641    1.02087    0.43540  57.4%   446 1066s
  3203  2214    0.48934   59 1583    1.02087    0.43540  57.4%   447 1070s
  3210  2221    0.48489   63 1530    1.02087    0.43540  57.4%   448 1075s
  3218  2229    0.48658   67 1479    1.02087    0.43540  57.4%   449 1080s
  3227  2238    0.49562   71 1414    1.02087    0.43540  57.4%   450 1085s
  3242  2253    0.49228   79 1412    1.02087    0.43540  57.4%   450 1090s
  3259  2270    0.50654   87 1313    1.02087    0.43540  57.4%   450 1095s
  3288  2299    0.50526  102 1201    1.02087    0.43540  57.4%   448 1100s
  3344  2355    0.51418  130 1042    1.02087    0.43540  57.4%   442 1105s
  3384  2395    0.51403  150  900    1.02087    0.43540  57.4%   439 1110s
  3409  2416    0.65962  162  765    1.02087    0.43540  57.4%   438 1115s
  3451  2458    0.60224  183  638    1.02087    0.43540  57.4%   433 1120s
  3499  2506    0.72473  207  623    1.02087    0.43540  57.4%   430 1125s
  3529  2536    0.72890  222  638    1.02087    0.43540  57.4%   428 1130s
  3557  2563    0.72933  236  608    1.02087    0.43540  57.4%   427 1135s
  3580  2568    0.44300   29 2020    1.02087    0.43541  57.3%   427 1143s
  3581  2569    0.44369   30 1909    1.02087    0.43541  57.3%   428 1145s
  3587  2575    0.44438   33 1881    1.02087    0.43541  57.3%   429 1150s
  3598  2586    0.46750   38 1775    1.02087    0.43541  57.3%   429 1155s
  3606  2594    0.45257   42 1805    1.02087    0.43541  57.3%   429 1160s
  3620  2608    0.48614   49 1720    1.02087    0.43541  57.3%   429 1165s
  3628  2616    0.57786   53 1661    1.02087    0.43541  57.3%   431 1170s
  3639  2627    0.57890   59 1637    1.02087    0.43541  57.3%   431 1175s
  3660  2648    0.59346   69 1371    1.02087    0.43541  57.3%   430 1180s
  3689  2677    0.60129   84 1192    1.02087    0.43541  57.3%   429 1185s
  3710  2698    0.60584   94 1112    1.02087    0.43541  57.3%   428 1194s

Cutting planes:
  Learned: 11
  Cover: 63
  Implied bound: 142
  Projected implied bound: 156
  Clique: 72
  MIR: 588
  StrongCG: 56
  Flow cover: 718
  GUB cover: 1
  Zero half: 41
  RLT: 27
  Relax-and-lift: 145
  BQP: 49

Explored 3711 nodes (1619693 simplex iterations) in 1194.77 seconds (2700.88 work units)
Thread count was 1 (of 20 available processors)

Solution count 10: 1.02087 1.0211 1.02134 ... 1.03318

Time limit reached
Best objective 1.020868017869e+00, best bound 4.354059930623e-01, gap 57.3494%

User-callback calls 261435, time in user-callback 0.03 sec
