
Gurobi 13.0.2 (win64) logging started Sat Aug  8 14:58:19 2026

Set parameter LogFile to value "E:\codes\ExactEBRP\results\gf_c6_documentation_hga_round34\runs\v10__round33_v10_high_imbalance_M3_Q30_seed1765289896__c6_simple_start__3600s\native.log"
Set parameter Threads to value 1
Set parameter Presolve to value -1
Set parameter Seed to value 0
Set parameter MIPGap to value 0
Set parameter MIPGapAbs to value 0
Warning: unknown variable 'r_max' in bounds section (line 6667)
Warning: unknown variable 'r_min' in bounds section (line 6668)
Read LP format model from file E:\codes\ExactEBRP\results\gf_c6_documentation_hga_round34\runs\v10__round33_v10_high_imbalance_M3_Q30_seed1765289896__c6_simple_start__3600s\external\models\L0.lp
Reading time = 0.01 seconds
obj: 5993 rows, 1041 columns, 44136 nonzeros
Set parameter TimeLimit to value 3584.9236004
Warning: unknown variable 'r_max' in bounds section (line 6667)
Warning: unknown variable 'r_min' in bounds section (line 6668)
Read LP format model from file E:\codes\ExactEBRP\results\gf_c6_documentation_hga_round34\runs\v10__round33_v10_high_imbalance_M3_Q30_seed1765289896__c6_simple_start__3600s\external\models\L1.lp
Reading time = 0.01 seconds
obj: 5993 rows, 1041 columns, 44258 nonzeros
Set parameter TimeLimit to value 3584.8133834
Warning: unknown variable 'r_max' in bounds section (line 6667)
Warning: unknown variable 'r_min' in bounds section (line 6668)
Read LP format model from file E:\codes\ExactEBRP\results\gf_c6_documentation_hga_round34\runs\v10__round33_v10_high_imbalance_M3_Q30_seed1765289896__c6_simple_start__3600s\external\models\L2.lp
Reading time = 0.01 seconds
obj: 5993 rows, 1041 columns, 44258 nonzeros
Set parameter TimeLimit to value 3584.680139
Warning: unknown variable 'r_max' in bounds section (line 6668)
Warning: unknown variable 'r_min' in bounds section (line 6669)
Read LP format model from file E:\codes\ExactEBRP\results\gf_c6_documentation_hga_round34\runs\v10__round33_v10_high_imbalance_M3_Q30_seed1765289896__c6_simple_start__3600s\external\models\L3.lp
Reading time = 0.01 seconds
obj: 5994 rows, 1041 columns, 44174 nonzeros
Set parameter TimeLimit to value 3584.5221835
Warning: unknown variable 'r_max' in bounds section (line 6667)
Warning: unknown variable 'r_min' in bounds section (line 6668)
Read LP format model from file E:\codes\ExactEBRP\results\gf_c6_documentation_hga_round34\runs\v10__round33_v10_high_imbalance_M3_Q30_seed1765289896__c6_simple_start__3600s\external\models\L1.0.lp
Reading time = 0.01 seconds
obj: 5993 rows, 1041 columns, 44258 nonzeros
Set parameter TimeLimit to value 3575.1665834
Warning: unknown variable 'r_max' in bounds section (line 6667)
Warning: unknown variable 'r_min' in bounds section (line 6668)
Read LP format model from file E:\codes\ExactEBRP\results\gf_c6_documentation_hga_round34\runs\v10__round33_v10_high_imbalance_M3_Q30_seed1765289896__c6_simple_start__3600s\external\models\L1.1.lp
Reading time = 0.01 seconds
obj: 5993 rows, 1041 columns, 44258 nonzeros
Set parameter TimeLimit to value 3575.0526217
Warning: unknown variable 'r_max' in bounds section (line 6667)
Warning: unknown variable 'r_min' in bounds section (line 6668)
Read LP format model from file E:\codes\ExactEBRP\results\gf_c6_documentation_hga_round34\runs\v10__round33_v10_high_imbalance_M3_Q30_seed1765289896__c6_simple_start__3600s\external\models\L2.0.lp
Reading time = 0.01 seconds
obj: 5993 rows, 1041 columns, 44258 nonzeros
Set parameter TimeLimit to value 3568.9930511
Warning: unknown variable 'r_max' in bounds section (line 6667)
Warning: unknown variable 'r_min' in bounds section (line 6668)
Read LP format model from file E:\codes\ExactEBRP\results\gf_c6_documentation_hga_round34\runs\v10__round33_v10_high_imbalance_M3_Q30_seed1765289896__c6_simple_start__3600s\external\models\L2.1.lp
Reading time = 0.01 seconds
obj: 5993 rows, 1041 columns, 44258 nonzeros
Set parameter TimeLimit to value 3568.8464128
Warning: unknown variable 'r_max' in bounds section (line 6667)
Warning: unknown variable 'r_min' in bounds section (line 6668)
Read LP format model from file E:\codes\ExactEBRP\results\gf_c6_documentation_hga_round34\runs\v10__round33_v10_high_imbalance_M3_Q30_seed1765289896__c6_simple_start__3600s\external\models\L1.1.0.lp
Reading time = 0.01 seconds
obj: 5993 rows, 1041 columns, 44258 nonzeros
Set parameter TimeLimit to value 3558.9806238
Warning: unknown variable 'r_max' in bounds section (line 6667)
Warning: unknown variable 'r_min' in bounds section (line 6668)
Read LP format model from file E:\codes\ExactEBRP\results\gf_c6_documentation_hga_round34\runs\v10__round33_v10_high_imbalance_M3_Q30_seed1765289896__c6_simple_start__3600s\external\models\L1.1.1.lp
Reading time = 0.01 seconds
obj: 5993 rows, 1041 columns, 44258 nonzeros
Set parameter TimeLimit to value 3558.853136
Warning: unknown variable 'r_max' in bounds section (line 6667)
Warning: unknown variable 'r_min' in bounds section (line 6668)
Read LP format model from file E:\codes\ExactEBRP\results\gf_c6_documentation_hga_round34\runs\v10__round33_v10_high_imbalance_M3_Q30_seed1765289896__c6_simple_start__3600s\external\models\L1.1.1.0.lp
Reading time = 0.01 seconds
obj: 5993 rows, 1041 columns, 44258 nonzeros
Set parameter TimeLimit to value 3558.7107318
Warning: unknown variable 'r_max' in bounds section (line 6667)
Warning: unknown variable 'r_min' in bounds section (line 6668)
Read LP format model from file E:\codes\ExactEBRP\results\gf_c6_documentation_hga_round34\runs\v10__round33_v10_high_imbalance_M3_Q30_seed1765289896__c6_simple_start__3600s\external\models\L1.1.1.1.lp
Reading time = 0.01 seconds
obj: 5993 rows, 1041 columns, 44258 nonzeros
Set parameter TimeLimit to value 3558.5826826
Warning: unknown variable 'r_max' in bounds section (line 6667)
Warning: unknown variable 'r_min' in bounds section (line 6668)
Read LP format model from file E:\codes\ExactEBRP\results\gf_c6_documentation_hga_round34\runs\v10__round33_v10_high_imbalance_M3_Q30_seed1765289896__c6_simple_start__3600s\external\models\L1.1.1.1.0.lp
Reading time = 0.01 seconds
obj: 5993 rows, 1041 columns, 44258 nonzeros
Set parameter TimeLimit to value 3558.4546298
Warning: unknown variable 'r_max' in bounds section (line 6667)
Warning: unknown variable 'r_min' in bounds section (line 6668)
Read LP format model from file E:\codes\ExactEBRP\results\gf_c6_documentation_hga_round34\runs\v10__round33_v10_high_imbalance_M3_Q30_seed1765289896__c6_simple_start__3600s\external\models\L1.1.1.1.1.lp
Reading time = 0.01 seconds
obj: 5993 rows, 1041 columns, 44258 nonzeros
Set parameter TimeLimit to value 3558.3166391
