
Gurobi 13.0.2 (win64) logging started Sat Jul 25 00:22:08 2026

Set parameter LogFile to value "E:\codes\ExactEBRP\results\gf_nonblocking_gurobi_c6_round31\runs\stage3__round31_sealed_tight_T_V50_seed1973327304__c5_candidate__300s\external\native_logs\L1.1_lp.gurobi.log"
Gurobi Optimizer version 13.0.2 build v13.0.2rc1 (win64 - Windows 10.0 (19045.2))

CPU model: 12th Gen Intel(R) Core(TM) i7-12700KF, instruction set [SSE2|AVX|AVX2]
Thread count: 12 physical cores, 20 logical processors, using up to 1 threads

Non-default parameters:
TimeLimit  226.9468584
MIPGap  0
MIPGapAbs  0
LogToConsole  0
Threads  1

Optimize a model with 93032 rows, 18193 columns and 665905 nonzeros (Min)
Model fingerprint: 0x200a10d2
Model has 51 linear objective coefficients
Coefficient statistics:
  Matrix range     [7e-03, 2e+04]
  Objective range  [7e-03, 1e+00]
  Bounds range     [3e-01, 3e+03]
  RHS range        [1e-01, 5e+04]

Presolve removed 6487 rows and 258 columns
Presolve time: 0.37s
Presolved: 17935 rows, 104503 columns, 539404 nonzeros

Iteration    Objective       Primal Inf.    Dual Inf.      Time
       0      handle free variables                          0s

Extra simplex iterations after uncrush: 6

Extra simplex iterations from dual to original model: 1
    8357    7.1556153e-01   0.000000e+00   0.000000e+00      2s

Solved in 8357 iterations and 2.11 seconds (6.63 work units)
Optimal objective  7.155615325e-01

User-callback calls 8528, time in user-callback 0.00 sec
