
Gurobi 13.0.2 (win64) logging started Fri Aug  7 21:13:57 2026

Set parameter LogFile to value "E:\codes\ExactEBRP\results\gf_v10_convergence_round33\runs\stage1__round33_v10_tight_T_M2_Q20_seed2085634706__p_grb__3600s\native.log"
Set parameter Threads to value 1
Set parameter Presolve to value -1
Set parameter Seed to value 0
Set parameter MIPGap to value 0
Set parameter MIPGapAbs to value 0
Set parameter TimeLimit to value 3600
Read LP format model from file E:\codes\ExactEBRP\results\gf_v10_convergence_round33\runs\stage1__round33_v10_tight_T_M2_Q20_seed2085634706__p_grb__3600s\canonical.lp
Reading time = 0.00 seconds
obj: 1137 rows, 538 columns, 4655 nonzeros
Set parameter TimeLimit to value 3584.9745687
Gurobi Optimizer version 13.0.2 build v13.0.2rc1 (win64 - Windows 10.0 (19045.2))

CPU model: 12th Gen Intel(R) Core(TM) i7-12700KF, instruction set [SSE2|AVX|AVX2]
Thread count: 12 physical cores, 20 logical processors, using up to 1 threads

Non-default parameters:
TimeLimit  3584.9745687
MIPGap  0
MIPGapAbs  0
LogToConsole  0
Threads  1

Optimize a model with 1137 rows, 538 columns and 4655 nonzeros (Min)
Model fingerprint: 0xd3c485e1
Model has 11 linear objective coefficients
Variable types: 152 continuous, 386 integer (316 binary)
Coefficient statistics:
  Matrix range     [3e-02, 6e+02]
  Objective range  [2e-02, 1e+00]
  Bounds range     [1e+00, 5e+01]
  RHS range        [1e+00, 2e+03]

Presolve removed 84 rows and 31 columns
Presolve time: 0.02s
Presolved: 1053 rows, 507 columns, 5469 nonzeros
Variable types: 85 continuous, 422 integer (309 binary)
Found heuristic solution: objective 1.3849804

Root relaxation: objective 2.484670e-01, 560 iterations, 0.01 seconds (0.02 work units)

    Nodes    |    Current Node    |     Objective Bounds      |     Work
 Expl Unexpl |  Obj  Depth IntInf | Incumbent    BestBd   Gap | It/Node Time

     0     0    0.24847    0  138    1.38498    0.24847  82.1%     -    0s
H    0     0                       1.3602734    0.24847  81.7%     -    0s
     0     0    0.29462    0  168    1.36027    0.29462  78.3%     -    0s
H    0     0                       1.3294239    0.29616  77.7%     -    0s
H    0     0                       1.3005380    0.29616  77.2%     -    0s
H    0     0                       1.2791546    0.29616  76.8%     -    0s
     0     0    0.29616    0  164    1.27915    0.29616  76.8%     -    0s
     0     0    0.30450    0  180    1.27915    0.30450  76.2%     -    0s
     0     0    0.30571    0  187    1.27915    0.30571  76.1%     -    0s
     0     0    0.31056    0  187    1.27915    0.31056  75.7%     -    0s
H    0     0                       1.1996868    0.31056  74.1%     -    0s
H    0     0                       1.1732679    0.31056  73.5%     -    0s
H    0     0                       1.1439602    0.31056  72.9%     -    0s
     0     0    0.31078    0  192    1.14396    0.31078  72.8%     -    0s
     0     0    0.31241    0  186    1.14396    0.31241  72.7%     -    0s
H    0     0                       1.1400540    0.31254  72.6%     -    0s
     0     0    0.31268    0  182    1.14005    0.31268  72.6%     -    0s
     0     0    0.31344    0  183    1.14005    0.31344  72.5%     -    0s
     0     0    0.31416    0  201    1.14005    0.31416  72.4%     -    0s
     0     0    0.31492    0  196    1.14005    0.31492  72.4%     -    0s
H    0     0                       1.0384647    0.31492  69.7%     -    0s
H    0     0                       1.0186835    0.31492  69.1%     -    0s
     0     0    0.31494    0  201    1.01868    0.31494  69.1%     -    0s
     0     0    0.31509    0  199    1.01868    0.31509  69.1%     -    0s
     0     0    0.31509    0  199    1.01868    0.31509  69.1%     -    0s
     0     0    0.31509    0  194    1.01868    0.31509  69.1%     -    0s
H    0     0                       0.9865251    0.31509  68.1%     -    0s
H    0     0                       0.9826189    0.31509  67.9%     -    0s
H    0     0                       0.9813299    0.31509  67.9%     -    0s
H    0     0                       0.9798067    0.31509  67.8%     -    0s
H    0     0                       0.9761118    0.31509  67.7%     -    0s
H    0     0                       0.9656609    0.31509  67.4%     -    0s
     0     2    0.31509    0  194    0.96566    0.31509  67.4%     -    0s
H   32    27                       0.9454677    0.34173  63.9%  57.6    0s
H   32    27                       0.9165520    0.34173  62.7%  57.6    0s
H   32    27                       0.9130308    0.34173  62.6%  57.6    0s
H   66    51                       0.9118098    0.35825  60.7%  59.2    0s
H   84    55                       0.8800273    0.35826  59.3%  54.3    0s
H  130    89                       0.8515171    0.36184  57.5%  49.4    0s
H  175   119                       0.8485046    0.36200  57.3%  47.9    0s
H  175   119                       0.8451390    0.36200  57.2%  47.9    0s
H  176   119                       0.8435518    0.36200  57.1%  48.7    0s
H  176   119                       0.8424550    0.36200  57.0%  48.7    0s
H  176   119                       0.8421309    0.36200  57.0%  48.7    0s
H  193   132                       0.8413851    0.36200  57.0%  47.4    0s
H  279   180                       0.8086470    0.36754  54.5%  44.4    0s
H  280   181                       0.8061532    0.36754  54.4%  44.7    0s
H  299   200                       0.8011807    0.36754  54.1%  43.8    0s
H  299   200                       0.7956281    0.36754  53.8%  43.8    0s
H  299   200                       0.7917894    0.36754  53.6%  43.8    0s
H  299   200                       0.7806619    0.36754  52.9%  43.8    0s
H  299   198                       0.7750475    0.36754  52.6%  43.8    0s
H  323   205                       0.7666238    0.36890  51.9%  42.4    0s
H  323   205                       0.7659250    0.36890  51.8%  42.4    0s
H  333   215                       0.7639833    0.36890  51.7%  43.2    0s
H  382   245                       0.7425547    0.36973  50.2%  44.7    1s
H  391   254                       0.7317524    0.36973  49.5%  44.8    1s
H  391   254                       0.7310356    0.36973  49.4%  44.8    1s
H  402   265                       0.7303662    0.36973  49.4%  45.4    1s
H  548   360                       0.7299549    0.37782  48.2%  44.5    1s
H  548   360                       0.7290451    0.37782  48.2%  44.5    1s
H  548   360                       0.7285227    0.37782  48.1%  44.5    1s
H  548   359                       0.7272397    0.37782  48.0%  44.5    1s
H  628   424                       0.7215835    0.37979  47.4%  43.8    1s
H  628   424                       0.7207860    0.37979  47.3%  43.8    1s
H  628   423                       0.7194453    0.37979  47.2%  43.8    1s
H  766   452                       0.7194453    0.38865  46.0%  51.5    3s
H  766   431                       0.7194453    0.38865  46.0%  51.5    3s
  1133   551    0.66806   33  104    0.71945    0.43197  40.0%  53.9    5s
  2974  1203    0.50400   26  152    0.71945    0.50143  30.3%  51.9   10s
  4995  1935    0.59842   32  118    0.71945    0.52212  27.4%  50.6   15s
  7036  2536    0.66963   39  121    0.71945    0.53910  25.1%  50.2   20s
  9096  2935    0.63651   33  131    0.71945    0.55769  22.5%  50.2   25s
 10202  3125     cutoff   40         0.71945    0.56577  21.4%  49.7   30s
 12697  3544    0.62649   32  106    0.71945    0.58055  19.3%  48.4   35s
 15243  3812    0.68315   29  140    0.71945    0.59319  17.5%  47.8   40s
 18069  4065     cutoff   23         0.71945    0.60438  16.0%  47.3   45s
 21228  4162    0.67224   33  140    0.71945    0.61679  14.3%  46.3   50s
 24056  4123    0.71508   45   62    0.71945    0.62826  12.7%  46.5   55s
 27143  4028     cutoff   45         0.71945    0.63899  11.2%  46.1   60s
 30303  3792    0.68947   27  172    0.71945    0.65046  9.59%  45.9   65s
 33970  3484    0.66823   33  147    0.71945    0.66219  7.96%  44.9   70s
 38044  3217    0.71289   32  129    0.71945    0.67334  6.41%  43.4   75s
 42267  2833    0.70092   45   84    0.71945    0.68405  4.92%  41.9   80s
 46477  2408    0.71531   43   94    0.71945    0.69277  3.71%  40.3   85s
 51446  1233 infeasible   36         0.71945    0.70597  1.87%  38.8   90s

Cutting planes:
  Learned: 36
  Gomory: 58
  Cover: 137
  Implied bound: 227
  Projected implied bound: 21
  Clique: 13
  MIR: 281
  Knapsack: 1
  StrongCG: 42
  Flow cover: 195
  GUB cover: 5
  Inf proof: 25
  Zero half: 23
  RLT: 9
  Relax-and-lift: 16
  BQP: 11

Explored 54362 nodes (2069479 simplex iterations) in 92.91 seconds (151.48 work units)
Thread count was 1 (of 20 available processors)

Solution count 10: 0.719445 0.719445 0.719445 ... 0.731752

Optimal solution found (tolerance 0.00e+00)
Best objective 7.194452911538e-01, best bound 7.194452911538e-01, gap 0.0000%

User-callback calls 143667, time in user-callback 0.06 sec
