
Gurobi 13.0.2 (win64) logging started Fri Oct  2 03:31:52 2026

Set parameter LogFile to value "E:\codes\ExactEBRP\results\unified_exact_round99\linked01\raw\06_R98-C1_P-GRB\native.log"
Set parameter Threads to value 1
Set parameter Presolve to value -1
Set parameter Seed to value 0
Set parameter MIPGap to value 0
Set parameter MIPGapAbs to value 0
Set parameter TimeLimit to value 594
Read LP format model from file E:\codes\ExactEBRP\results\unified_exact_round99\linked01\raw\06_R98-C1_P-GRB\compact.lp
Reading time = 0.01 seconds
obj: 3677 rows, 1583 columns, 16454 nonzeros
Set parameter TimeLimit to value 596.8887158
Gurobi Optimizer version 13.0.2 build v13.0.2rc1 (win64 - Windows 10.0 (19045.2))

CPU model: 12th Gen Intel(R) Core(TM) i7-12700KF, instruction set [SSE2|AVX|AVX2]
Thread count: 12 physical cores, 20 logical processors, using up to 1 threads

Non-default parameters:
TimeLimit  596.8887158
MIPGap  0
MIPGapAbs  0
LogToConsole  0
Threads  1

Optimize a model with 3677 rows, 1583 columns and 16454 nonzeros (Min)
Model fingerprint: 0x22f5d521
Model has 21 linear objective coefficients
Variable types: 407 continuous, 1176 integer (1036 binary)
Coefficient statistics:
  Matrix range     [4e-02, 1e+03]
  Objective range  [5e-02, 1e+00]
  Bounds range     [1e+00, 4e+01]
  RHS range        [1e+00, 5e+03]

Presolve removed 118 rows and 37 columns
Presolve time: 0.05s
Presolved: 3559 rows, 1546 columns, 22797 nonzeros
Variable types: 167 continuous, 1379 integer (1029 binary)
Found heuristic solution: objective 1.0789182

Root relaxation: objective 6.236065e-02, 1109 iterations, 0.04 seconds (0.08 work units)

    Nodes    |    Current Node    |     Objective Bounds      |     Work
 Expl Unexpl |  Obj  Depth IntInf | Incumbent    BestBd   Gap | It/Node Time

     0     0    0.06236    0  213    1.07892    0.06236  94.2%     -    0s
     0     0    0.09967    0  447    1.07892    0.09967  90.8%     -    0s
     0     0    0.10112    0  449    1.07892    0.10112  90.6%     -    0s
     0     0    0.10240    0  485    1.07892    0.10240  90.5%     -    0s
     0     0    0.10253    0  507    1.07892    0.10253  90.5%     -    0s
     0     0    0.10279    0  522    1.07892    0.10279  90.5%     -    0s
     0     0    0.10279    0  529    1.07892    0.10279  90.5%     -    0s
     0     0    0.10314    0  522    1.07892    0.10314  90.4%     -    0s
     0     0    0.10314    0  524    1.07892    0.10314  90.4%     -    0s
     0     0    0.10318    0  527    1.07892    0.10318  90.4%     -    0s
     0     0    0.10318    0  529    1.07892    0.10318  90.4%     -    0s
     0     0    0.10319    0  529    1.07892    0.10319  90.4%     -    0s
     0     0    0.10319    0  531    1.07892    0.10319  90.4%     -    0s
     0     0    0.10319    0  533    1.07892    0.10319  90.4%     -    0s
     0     0    0.10319    0  533    1.07892    0.10319  90.4%     -    0s
     0     0    0.10319    0  506    1.07892    0.10319  90.4%     -    0s
     0     2    0.10319    0  506    1.07892    0.10319  90.4%     -    1s
H   11    11                       0.9952166    0.10429  89.5%   109    1s
H   11    11                       0.9535893    0.10429  89.1%   109    1s
H   11    11                       0.9483035    0.10429  89.0%   109    1s
H   11    11                       0.9457733    0.10429  89.0%   109    1s
H   11    11                       0.9451829    0.10429  89.0%   109    1s
H   11    11                       0.9369304    0.10429  88.9%   109    1s
H   18    18                       0.8848714    0.10429  88.2%   103    1s
H   19    19                       0.8599022    0.10429  87.9%   102    1s
H   24    24                       0.8135754    0.10429  87.2%   104    1s
H   24    24                       0.8115208    0.10429  87.1%   104    1s
H   24    24                       0.8069528    0.10429  87.1%   104    1s
H   24    24                       0.7979277    0.10429  86.9%   104    1s
H   24    24                       0.7967264    0.10429  86.9%   104    1s
H   37    37                       0.7924019    0.10429  86.8%   105    1s
H   37    37                       0.7913899    0.10429  86.8%   105    1s
H   37    37                       0.7885659    0.10429  86.8%   105    1s
H   37    37                       0.7857420    0.10429  86.7%   105    1s
H   54    54                       0.7840947    0.10429  86.7%  86.8    1s
H   54    54                       0.7796375    0.10429  86.6%  86.8    1s
H   98    94                       0.7796296    0.10429  86.6%  70.9    1s
H  164   151                       0.7693609    0.10433  86.4%  57.6    2s
H  164   151                       0.7655850    0.10433  86.4%  57.6    2s
H  164   151                       0.7587014    0.10433  86.2%  57.6    2s
H  164   151                       0.7584197    0.10433  86.2%  57.6    2s
H  178   165                       0.7557959    0.10433  86.2%  62.1    2s
H  178   165                       0.7504647    0.10433  86.1%  62.1    2s
H  178   165                       0.7502891    0.10433  86.1%  62.1    2s
H  178   165                       0.7487674    0.10433  86.1%  62.1    2s
H  439   396                       0.7476916    0.10476  86.0%  42.1    3s
H  439   396                       0.7474797    0.10476  86.0%  42.1    3s
H  537   494                       0.7460942    0.10476  86.0%  40.9    3s
H  537   494                       0.7032921    0.10476  85.1%  40.9    3s
H  537   494                       0.6980862    0.10476  85.0%  40.9    3s
H  537   494                       0.6597543    0.10476  84.1%  40.9    3s
H  537   493                       0.6373577    0.10476  83.6%  40.9    3s
H  537   490                       0.6345337    0.10476  83.5%  40.9    3s
H  537   489                       0.6317183    0.10476  83.4%  40.9    3s
H  537   487                       0.6299701    0.10476  83.4%  40.9    3s
H  537   487                       0.6296481    0.10476  83.4%  40.9    3s
H  537   487                       0.6289282    0.10476  83.3%  40.9    3s
H  537   487                       0.6227214    0.10476  83.2%  40.9    3s
   545   493    0.56349  135  516    0.62272    0.10622  82.9%  40.3    5s
H  554   473                       0.6185925    0.10745  82.6%  39.6    6s
H  566   457                       0.6109047    0.10767  82.4%  49.5    8s
H  566   434                       0.6087277    0.10767  82.3%  49.5    8s
H  566   411                       0.6086368    0.10767  82.3%  49.5    8s
H  566   390                       0.5956624    0.10767  81.9%  49.5    8s
H  566   370                       0.5844925    0.10767  81.6%  49.5    8s
H  566   352                       0.5843649    0.10767  81.6%  49.5    8s
H  566   334                       0.5823865    0.10767  81.5%  49.5    8s
H  566   316                       0.5615629    0.10767  80.8%  49.5    8s
H  566   300                       0.5522337    0.10767  80.5%  49.5    8s
H  566   285                       0.5502821    0.10767  80.4%  49.5    8s
H  566   270                       0.5422211    0.10767  80.1%  49.5    8s
H  566   256                       0.5420000    0.10767  80.1%  49.5    8s
H  570   245                       0.5419121    0.10807  80.1%  50.4    8s
H  587   244                       0.5313451    0.10807  79.7%  54.0    9s
H  588   232                       0.5311191    0.10807  79.7%  54.4    9s
H  601   230                       0.5190190    0.10807  79.2%  57.2    9s
H  601   219                       0.5180534    0.10807  79.1%  57.2    9s
H  603   209                       0.5161342    0.10807  79.1%  58.4    9s
H  603   199                       0.5151135    0.10807  79.0%  58.4    9s
H  608   194                       0.5121476    0.10807  78.9%  58.2    9s
H  608   185                       0.5121146    0.10807  78.9%  58.2    9s
H  608   177                       0.5112291    0.10807  78.9%  58.2    9s
H  608   169                       0.5089409    0.10807  78.8%  58.2    9s
H  611   164                       0.5089208    0.10807  78.8%  58.3   10s
H  611   156                       0.5087033    0.10807  78.8%  58.3   10s
H  611   150                       0.5025248    0.10807  78.5%  58.3   10s
H  611   143                       0.5020766    0.10807  78.5%  58.3   10s
H  611   137                       0.5020026    0.10807  78.5%  58.3   10s
H  613   132                       0.5017499    0.10807  78.5%  59.2   10s
H  613   127                       0.4959932    0.10807  78.2%  59.2   10s
H  613   121                       0.4857704    0.10807  77.8%  59.2   10s
H  615   116                       0.4833628    0.10807  77.6%  60.0   10s
H  618   114                       0.4787948    0.10807  77.4%  60.1   10s
H  618   109                       0.4784287    0.10807  77.4%  60.1   10s
H  659   133                       0.4776762    0.10807  77.4%  62.4   11s
H  659   129                       0.4776262    0.10807  77.4%  62.4   11s
H  759   168                       0.4738503    0.10807  77.2%  61.9   13s
H  759   168                       0.4714379    0.10807  77.1%  61.9   13s
H  759   168                       0.4713056    0.10807  77.1%  61.9   13s
H  759   168                       0.4711734    0.10807  77.1%  61.9   13s
H  759   168                       0.4710411    0.10807  77.1%  61.9   13s
H  764   173                       0.4648852    0.10807  76.8%  62.1   13s
H  786   195                       0.4619326    0.10807  76.6%  64.1   14s
   817   228    0.17308   48  332    0.46193    0.10807  76.6%  66.4   15s
H  846   255                       0.4610773    0.10807  76.6%  69.0   15s
H  882   289                       0.4601513    0.10807  76.5%  71.4   17s
H  882   289                       0.4597681    0.10807  76.5%  71.4   17s
  1034   410    0.21449   36  363    0.45977    0.10954  76.2%  75.7   20s
  1360   705    0.23756   46  393    0.45977    0.11028  76.0%  81.5   25s
  1689   976    0.14191   23  441    0.45977    0.11048  76.0%  83.4   30s
H 1998  1231                       0.4585039    0.11055  75.9%  86.3   34s
H 1998  1231                       0.4548983    0.11055  75.7%  86.3   34s
H 1998  1231                       0.4542334    0.11055  75.7%  86.3   34s
H 1999  1228                       0.4455319    0.11055  75.2%  86.3   34s
H 1999  1228                       0.4452415    0.11055  75.2%  86.3   34s
H 1999  1221                       0.4405552    0.11055  74.9%  86.3   34s
H 2048  1247                       0.4375238    0.11055  74.7%  85.0   34s
H 2048  1247                       0.4374743    0.11055  74.7%  85.0   34s
H 2048  1247                       0.4373652    0.11055  74.7%  85.0   34s
  2075  1276    0.19900   36  405    0.43737    0.11085  74.7%  86.6   35s
  2669  1821    0.28125   71  323    0.43737    0.11267  74.2%  86.5   40s
  3247  2299    0.33316   54  341    0.43737    0.11321  74.1%  87.6   45s
  3980  2897    0.34998   58  335    0.43737    0.11473  73.8%  86.3   50s
  4631  3420    0.25846   50  372    0.43737    0.11582  73.5%  85.3   55s
  5353  3994    0.38891   44  360    0.43737    0.11696  73.3%  85.0   60s
H 6050  4548                       0.4359730    0.11767  73.0%  84.1   64s
  6050  4550    0.35315   68  316    0.43597    0.11767  73.0%  84.1   65s
H 6473  4894                       0.4359602    0.11803  72.9%  83.1   68s
H 6473  4855                       0.4295131    0.11803  72.5%  83.1   68s
H 6473  4790                       0.4211038    0.11803  72.0%  83.1   68s
H 6473  4732                       0.4146643    0.11803  71.5%  83.1   68s
H 6473  4713                       0.4122514    0.11803  71.4%  83.1   68s
  6652  4860    0.27525   37  419    0.41225    0.11837  71.3%  83.4   70s
  7143  5228    0.13463   18  499    0.41225    0.11924  71.1%  83.2   75s
  7787  5734    0.21849   30  439    0.41225    0.11959  71.0%  83.2   80s
H 8108  5980                       0.4102479    0.11983  70.8%  83.2   82s
  8467  6249    0.24246   26  441    0.41025    0.12028  70.7%  83.2   85s
  9053  6689    0.20907   27  435    0.41025    0.12079  70.6%  83.2   90s
  9627  7141    0.20492   26  454    0.41025    0.12144  70.4%  83.7   95s
 10203  7611    0.37561   65  506    0.41025    0.12159  70.4%  83.6  106s
 10213  7618    0.20210   36  529    0.41025    0.12159  70.4%  83.6  110s
H10215  7237                       0.4091642    0.12159  70.3%  83.5  112s
 10222  7242    0.40916   51  526    0.40916    0.12159  70.3%  83.5  115s
 10231  7248    0.27609   37  544    0.40916    0.12159  70.3%  83.4  120s
 10240  7254    0.24930   49  531    0.40916    0.12159  70.3%  83.3  125s
 10250  7260    0.16571   42  526    0.40916    0.12159  70.3%  83.3  130s
 10258  7266    0.23437   50  522    0.40916    0.12159  70.3%  83.2  135s
 10286  7284    0.19265   30  551    0.40916    0.12159  70.3%  83.0  140s
 10316  7304    0.23629   26  526    0.40916    0.12159  70.3%  82.7  145s
 10380  7343    0.37449   55  362    0.40916    0.12159  70.3%  84.8  150s
H10436  6998                       0.4091222    0.12159  70.3%  85.5  152s
 10567  7055    0.26466   45  376    0.40912    0.12159  70.3%  85.7  155s
H10653  6747                       0.4088483    0.12159  70.3%  85.7  156s
 10755  6780    0.12159   32  486    0.40885    0.12159  70.3%  86.5  160s
 10880  6845    0.15389   44  428    0.40885    0.12159  70.3%  87.6  165s
 11088  6929    0.23671   50  407    0.40885    0.12159  70.3%  88.7  170s
 11260  6997    0.12159   33  461    0.40885    0.12159  70.3%  89.6  175s
 11490  7127    0.12539   40  450    0.40885    0.12159  70.3%  90.5  180s
 11741  7266    0.29938   48  403    0.40885    0.12159  70.3%  91.6  185s
 12106  7472    0.35260   79  353    0.40885    0.12159  70.3%  92.8  190s
 12566  7661    0.23224   46  408    0.40885    0.12159  70.3%  93.4  195s
 13000  7839    0.18590   44  459    0.40885    0.12159  70.3%  93.9  200s
 13528  8048    0.12439   40  461    0.40885    0.12164  70.2%  94.4  205s
H13628  7759                       0.4088483    0.12172  70.2%  94.8  207s
 13799  7835    0.12958   38  445    0.40885    0.12185  70.2%  95.5  210s
H13951  7596                       0.4076717    0.12188  70.1%  95.3  211s
 14234  7704    0.18740   39  464    0.40767    0.12213  70.0%  95.9  215s
 14662  7880    0.19518   42  439    0.40767    0.12314  69.8%  96.9  220s
 15099  8084    0.26195   70  394    0.40767    0.12362  69.7%  97.2  225s
 15602  8310    0.14999   41  453    0.40767    0.12442  69.5%  97.5  230s
 16039  8522    0.28133   45  420    0.40767    0.12498  69.3%  98.1  235s
 16483  8733    0.27533   64  396    0.40767    0.12528  69.3%  98.5  240s
 16918  8936    0.24127   38  448    0.40767    0.12603  69.1%  99.1  245s
 17419  9163    0.22573   46  430    0.40767    0.12653  69.0%  99.1  250s
 17596  9240    0.37191   64  297    0.40767    0.12671  68.9%  99.4  257s
 17832  9336    0.16983   41  469    0.40767    0.12714  68.8%   100  260s
 18271  9536    0.28952   46  418    0.40767    0.12823  68.5%   100  265s
 18734  9748    0.32517   64  413    0.40767    0.12884  68.4%   101  270s
 19247  9978     cutoff   86         0.40767    0.12934  68.3%   101  275s
 19946 10296    0.23937   46  410    0.40767    0.13038  68.0%   100  280s
 20592 10581    0.18508   42  437    0.40767    0.13158  67.7%   100  285s
 21230 10843    0.24655   56  398    0.40767    0.13245  67.5%   100  290s
 21749 11048    0.18381   48  435    0.40767    0.13367  67.2%   101  295s
 22241 11258    0.19253   37  450    0.40767    0.13434  67.0%   101  300s
 22747 11443    0.26982   49  437    0.40767    0.13547  66.8%   101  305s
 23307 11697    0.34348   70  334    0.40767    0.13621  66.6%   101  310s
 23923 11931    0.19342   43  472    0.40767    0.13653  66.5%   101  315s
 24447 12127    0.33734   54  373    0.40767    0.13738  66.3%   102  320s
 24981 12292    0.35228   55  359    0.40767    0.13832  66.1%   102  325s
 25580 12523    0.16786   40  452    0.40767    0.13875  66.0%   102  330s
 26055 12708    0.24280   44  443    0.40767    0.13949  65.8%   102  335s
 26401 12848    0.21384   45  424    0.40767    0.14070  65.5%   102  340s
 26924 13085    0.26263   48  462    0.40767    0.14183  65.2%   102  345s
 27408 13257    0.18859   42  502    0.40767    0.14287  65.0%   102  350s
 27878 13454    0.27533   48  419    0.40767    0.14378  64.7%   102  355s
 28356 13717    0.28752   79  366    0.40767    0.14448  64.6%   102  360s
 28932 14111    0.22375   45  475    0.40767    0.14560  64.3%   102  365s
 29381 14441    0.35444   62  445    0.40767    0.14609  64.2%   103  370s
 29997 14887    0.18838   40  457    0.40767    0.14665  64.0%   103  375s
 30570 15324    0.27559   60  384    0.40767    0.14747  63.8%   103  380s
 31224 15795    0.23968   55  400    0.40767    0.14811  63.7%   102  385s
 31767 16198    0.30135   42  428    0.40767    0.14877  63.5%   103  390s
 32385 16654    0.38366   53  390    0.40767    0.14918  63.4%   103  395s
 33016 17159    0.29676   40  427    0.40767    0.15003  63.2%   102  400s
 33557 17549    0.29143   53  425    0.40767    0.15053  63.1%   102  405s
 34084 17957    0.26748   41  410    0.40767    0.15091  63.0%   103  410s
 34635 18389    0.23405   49  403    0.40767    0.15133  62.9%   103  415s
 35195 18799    0.19282   42  467    0.40767    0.15199  62.7%   103  420s
 35802 19244    0.22261   38  411    0.40767    0.15247  62.6%   103  425s
 36419 19722    0.33967   54  396    0.40767    0.15336  62.4%   102  430s
 36996 20148    0.19443   42  474    0.40767    0.15391  62.2%   103  435s
 37537 20497    0.24790   57  419    0.40767    0.15434  62.1%   103  440s
 38136 20946    0.17768   41  500    0.40767    0.15501  62.0%   103  445s
 38806 21456    0.17876   41  508    0.40767    0.15588  61.8%   103  450s
 39349 21860    0.38397   57  388    0.40767    0.15680  61.5%   103  455s
 39940 22310    0.31388   55  370    0.40767    0.15727  61.4%   103  460s
 40569 22778    0.34612   65  350    0.40767    0.15790  61.3%   103  465s
 41093 23138    0.28655   52  422    0.40767    0.15833  61.2%   103  470s
 41708 23571    0.23173   51  423    0.40767    0.15861  61.1%   102  475s
 42156 23888    0.33901   55  328    0.40767    0.15923  60.9%   103  480s
 42787 24347    0.32183   54  342    0.40767    0.15994  60.8%   103  485s
 43363 24752    0.18864   48  442    0.40767    0.16018  60.7%   103  490s
 44007 25248    0.39071   74  385    0.40767    0.16075  60.6%   103  495s
 44750 25828    0.38727   65  359    0.40767    0.16121  60.5%   102  500s
 45351 26247    0.22646   55  453    0.40767    0.16179  60.3%   102  505s
 46011 26742    0.40630   79  309    0.40767    0.16254  60.1%   102  510s
 46700 27225     cutoff  118         0.40767    0.16312  60.0%   102  515s
 47327 27674    0.25833   50  452    0.40767    0.16347  59.9%   102  520s
 47978 28139    0.31606   57  407    0.40767    0.16393  59.8%   102  525s
 48717 28679    0.21082   51  419    0.40767    0.16454  59.6%   102  530s
 49325 29145    0.31292   56  408    0.40767    0.16517  59.5%   102  535s
 49967 29606    0.29121   70  392    0.40767    0.16555  59.4%   102  540s
 50749 30238    0.39150   91  341    0.40767    0.16596  59.3%   101  545s
 51391 30710    0.26399   69  411    0.40767    0.16644  59.2%   101  550s
 51997 31154    0.23034   47  440    0.40767    0.16688  59.1%   101  555s
 52644 31611    0.21975   40  469    0.40767    0.16727  59.0%   101  560s
 53185 32033    0.20661   47  440    0.40767    0.16746  58.9%   101  565s
 53934 32597    0.29240   76  413    0.40767    0.16776  58.8%   101  570s
 54637 33138    0.31213   49  398    0.40767    0.16812  58.8%   101  575s
 55261 33615     cutoff   67         0.40767    0.16848  58.7%   101  580s
 55952 34136    0.23974   49  409    0.40767    0.16903  58.5%   101  585s
 56556 34574    0.20521   41  434    0.40767    0.16940  58.4%   101  590s
 57243 35054    0.24731   62  389    0.40767    0.16983  58.3%   101  595s

Cutting planes:
  Learned: 73
  Gomory: 3
  Cover: 103
  Implied bound: 145
  Projected implied bound: 77
  Clique: 35
  MIR: 516
  Mixing: 1
  StrongCG: 43
  Flow cover: 1077
  GUB cover: 1
  Inf proof: 16
  Zero half: 21
  RLT: 16
  Relax-and-lift: 47
  BQP: 36
  PSD: 1

Explored 57463 nodes (5780026 simplex iterations) in 596.89 seconds (1094.98 work units)
Thread count was 1 (of 20 available processors)

Solution count 10: 0.407672 0.408848 0.409122 ... 0.43596

Time limit reached
Best objective 4.076717406659e-01, best bound 1.699337209618e-01, gap 58.3160%

User-callback calls 253749, time in user-callback 0.91 sec
