
Gurobi 13.0.2 (win64) logging started Fri Oct  2 00:27:25 2026

Set parameter LogFile to value "E:\codes\ExactEBRP\results\unified_exact_round99\repeat01\raw\02_F2_R1\external\native_logs\L0_terminal_mip.gurobi.log"
Set parameter TimeLimit to value 894.1837457
Gurobi Optimizer version 13.0.2 build v13.0.2rc1 (win64 - Windows 10.0 (19045.2))

CPU model: 12th Gen Intel(R) Core(TM) i7-12700KF, instruction set [SSE2|AVX|AVX2]
Thread count: 12 physical cores, 20 logical processors, using up to 1 threads

Non-default parameters:
TimeLimit  894.1837457
MIPGap  0
MIPGapAbs  0
LogToConsole  0
Threads  1

Optimize a model with 9309 rows, 3488 columns and 53646 nonzeros (Min)
Model fingerprint: 0x689aa080
Model has 21 linear objective coefficients
Variable types: 1781 continuous, 1707 integer (1567 binary)
Coefficient statistics:
  Matrix range     [4e-02, 2e+04]
  Objective range  [4e-02, 1e+00]
  Bounds range     [9e-01, 4e+02]
  RHS range        [9e-01, 5e+04]

Loaded user MIP start with objective 0.885348
MIP start from previous solve did not produce a new incumbent solution

Presolve removed 1675 rows and 22 columns
Presolve time: 0.17s
Presolved: 7634 rows, 3466 columns, 57391 nonzeros
Variable types: 1569 continuous, 1897 integer (1567 binary)

Root relaxation: objective 5.974032e-01, 3274 iterations, 0.16 seconds (0.35 work units)

    Nodes    |    Current Node    |     Objective Bounds      |     Work
 Expl Unexpl |  Obj  Depth IntInf | Incumbent    BestBd   Gap | It/Node Time

     0     0    0.59740    0  353    0.88535    0.59740  32.5%     -    0s
     0     0    0.64947    0  381    0.88535    0.64947  26.6%     -    0s
     0     0    0.70916    0  436    0.88535    0.70916  19.9%     -    0s
     0     0    0.75393    0  385    0.88535    0.75393  14.8%     -    1s
     0     0    0.76391    0  438    0.88535    0.76391  13.7%     -    1s
     0     0    0.76503    0  407    0.88535    0.76503  13.6%     -    1s
     0     0    0.76728    0  438    0.88535    0.76728  13.3%     -    1s
     0     0    0.76749    0  414    0.88535    0.76749  13.3%     -    1s
     0     0    0.76825    0  430    0.88535    0.76825  13.2%     -    2s
     0     0    0.76838    0  421    0.88535    0.76838  13.2%     -    2s
     0     0    0.76855    0  395    0.88535    0.76855  13.2%     -    2s
     0     0    0.76857    0  412    0.88535    0.76857  13.2%     -    2s
     0     0    0.76882    0  414    0.88535    0.76882  13.2%     -    2s
     0     0    0.76882    0  426    0.88535    0.76882  13.2%     -    3s
     0     0    0.76896    0  405    0.88535    0.76896  13.1%     -    3s
     0     0    0.76897    0  407    0.88535    0.76897  13.1%     -    3s
     0     0    0.76903    0  423    0.88535    0.76903  13.1%     -    3s
     0     0    0.76915    0  420    0.88535    0.76915  13.1%     -    3s
     0     0    0.76915    0  420    0.88535    0.76915  13.1%     -    3s
     0     0    0.76915    0  419    0.88535    0.76915  13.1%     -    3s
     0     2    0.76916    0  399    0.88535    0.76916  13.1%     -    4s
    16    18    0.79726   10  333    0.88535    0.78412  11.4%   452    5s
   339   295    0.80485    7  325    0.88535    0.78591  11.2%   146   10s
   592   465    0.79387    6  378    0.88535    0.79107  10.6%   143   15s
   602   472    0.83344   44  430    0.88535    0.79107  10.6%   141   20s
H  604   449                       0.8800735    0.79107  10.1%   160   23s
   613   457    0.80594   20  371    0.88007    0.79107  10.1%   166   25s
H  716   457                       0.8699781    0.79107  9.07%   170   30s
   823   482    0.80651   20  344    0.86998    0.79237  8.92%   175   35s
H  824   455                       0.8668461    0.79237  8.59%   175   35s
H  824   434                       0.8668401    0.79237  8.59%   175   35s
H  827   416                       0.8667829    0.79237  8.58%   176   35s
   924   446    0.82629   24  307    0.86678    0.79283  8.53%   182   40s
H  928   427                       0.8659435    0.79283  8.44%   182   40s
  1013   447    0.79439   18  412    0.86594    0.79380  8.33%   184   45s
  1086   468    0.84356   27  365    0.86594    0.79460  8.24%   190   50s
  1203   485    0.81094   20  362    0.86594    0.80347  7.21%   188   55s
  1336   517    0.83116   26  319    0.86594    0.80478  7.06%   186   60s
  1468   535    0.85571   29  340    0.86594    0.80664  6.85%   187   65s
  1603   529     cutoff   23         0.86594    0.80813  6.68%   190   70s
  1756   600    0.82267   21  359    0.86594    0.80872  6.61%   189   75s
  1852   629    0.82700   22  350    0.86594    0.80934  6.54%   192   80s
  1981   686    0.83407   22  368    0.86594    0.81196  6.23%   193   85s
  2117   734    0.83477   24  352    0.86594    0.81255  6.17%   194   90s
  2250   777    0.82523   22  419    0.86594    0.81332  6.08%   196   95s
  2351   812    0.82115   24  368    0.86594    0.81368  6.03%   198  100s
  2487   867    0.81711   22  341    0.86594    0.81408  5.99%   199  105s
  2618   918    0.82022   24  326    0.86594    0.81457  5.93%   202  110s
  2801  1010    0.83453   30  315    0.86594    0.81515  5.87%   200  115s
  2977  1065    0.84859   31  277    0.86594    0.81542  5.83%   201  120s
  3136  1141     cutoff   30         0.86594    0.81575  5.80%   200  125s
  3317  1190     cutoff   26         0.86594    0.81682  5.67%   201  130s
  3488  1248    0.86400   29  300    0.86594    0.81757  5.59%   201  135s
  3634  1274    0.85954   30  334    0.86594    0.81827  5.50%   203  140s
  3805  1319    0.85905   31  324    0.86594    0.81890  5.43%   203  145s
  3850  1327     cutoff   25         0.86594    0.81901  5.42%   203  150s
  4002  1372     cutoff   39         0.86594    0.81956  5.36%   203  155s
  4178  1419     cutoff   34         0.86594    0.82036  5.26%   203  160s
  4391  1486     cutoff   25         0.86594    0.82083  5.21%   203  165s
  4591  1546    0.83455   26  379    0.86594    0.82147  5.14%   203  170s
  4783  1600    0.85585   29  292    0.86594    0.82192  5.08%   203  175s
  4979  1659    0.84257   30  198    0.86594    0.82245  5.02%   203  180s
  5157  1699    0.84504   34  305    0.86594    0.82274  4.99%   202  185s
  5369  1751    0.84868   32  308    0.86594    0.82340  4.91%   202  190s
  5556  1787    0.83015   21  407    0.86594    0.82367  4.88%   203  195s
  5696  1811    0.82883   25  366    0.86594    0.82394  4.85%   203  200s
  5897  1856     cutoff   27         0.86594    0.82445  4.79%   203  205s
  6085  1898 infeasible   30         0.86594    0.82488  4.74%   203  210s
  6293  1942    0.83849   24  364    0.86594    0.82548  4.67%   203  215s
  6472  1975    0.84839   28  389    0.86594    0.82575  4.64%   203  220s
  6677  2014     cutoff   34         0.86594    0.82610  4.60%   204  225s
  6890  2068    0.84769   33  256    0.86594    0.82657  4.55%   204  230s
  7082  2089 infeasible   31         0.86594    0.82713  4.48%   205  235s
  7224  2121    0.86194   28  322    0.86594    0.82733  4.46%   205  240s
  7414  2146    0.83970   30  291    0.86594    0.82800  4.38%   205  245s
  7631  2198     cutoff   28         0.86594    0.82849  4.33%   205  250s
  7689  2207    0.85393   24  336    0.86594    0.82859  4.31%   206  255s
  7873  2234    0.84557   35  222    0.86594    0.82886  4.28%   206  260s
  7995  2266    0.83736   26  325    0.86594    0.82901  4.26%   205  265s
  8245  2317 infeasible   33         0.86594    0.82941  4.22%   205  270s
  8478  2357    0.83587   29  340    0.86594    0.82966  4.19%   205  275s
  8674  2391    0.84594   29  337    0.86594    0.83008  4.14%   205  280s
  8893  2427     cutoff   27         0.86594    0.83050  4.09%   205  285s
  9049  2441    0.86417   37  280    0.86594    0.83099  4.04%   206  290s
  9226  2460    0.85612   29  341    0.86594    0.83133  4.00%   206  295s
  9466  2499    0.86135   28  335    0.86594    0.83172  3.95%   205  300s
  9648  2513     cutoff   29         0.86594    0.83203  3.92%   206  305s
  9879  2536    0.85020   31  361    0.86594    0.83237  3.88%   205  310s
 10071  2555     cutoff   26         0.86594    0.83267  3.84%   205  315s
 10202  2580    0.86515   34  181    0.86594    0.83289  3.82%   205  340s
 10441  2612 infeasible   32         0.86594    0.83328  3.77%   205  345s
 10629  2616    0.85309   29  320    0.86594    0.83385  3.71%   206  350s
 10847  2621    0.86143   29  295    0.86594    0.83423  3.66%   206  355s
 11069  2651    0.85564   33  287    0.86594    0.83448  3.63%   205  360s
 11281  2665 infeasible   30         0.86594    0.83488  3.59%   206  365s
 11541  2706     cutoff   31         0.86594    0.83521  3.55%   205  370s
 11767  2725    0.85452   34  303    0.86594    0.83567  3.50%   206  375s
 11948  2728    0.86100   37  283    0.86594    0.83606  3.45%   207  380s
 12176  2734     cutoff   30         0.86594    0.83643  3.41%   206  385s
 12418  2744 infeasible   37         0.86594    0.83680  3.37%   206  390s
 12622  2751    0.85695   26  359    0.86594    0.83723  3.32%   206  395s
 12788  2759    0.86529   38  231    0.86594    0.83747  3.29%   206  403s
 12837  2753    0.85900   26  337    0.86594    0.83761  3.27%   206  405s
 13049  2737    0.84317   28  357    0.86594    0.83808  3.22%   206  410s
 13253  2744    0.85720   27  346    0.86594    0.83844  3.18%   206  415s
 13328  2739    0.85510   38  238    0.86594    0.83861  3.16%   206  420s
 13506  2720    0.86413   23  334    0.86594    0.83909  3.10%   207  425s
 13721  2720    0.85630   34  174    0.86594    0.83950  3.05%   207  430s
 13952  2724 infeasible   30         0.86594    0.83987  3.01%   207  435s
 14180  2716    0.85406   31  363    0.86594    0.84032  2.96%   207  440s
 14382  2686    0.86574   31  351    0.86594    0.84071  2.91%   208  445s
 14607  2670    0.86111   22  412    0.86594    0.84114  2.86%   208  450s
 14806  2632     cutoff   33         0.86594    0.84158  2.81%   208  455s
 15058  2635     cutoff   28         0.86594    0.84195  2.77%   208  460s
 15260  2601     cutoff   31         0.86594    0.84234  2.73%   208  465s
 15492  2573    0.86521   38  212    0.86594    0.84279  2.67%   208  470s
 15696  2532    0.86082   28  332    0.86594    0.84319  2.63%   208  475s
 15906  2521    0.85638   30  282    0.86594    0.84348  2.59%   207  480s
 16093  2476     cutoff   29         0.86594    0.84397  2.54%   208  485s
 16313  2451 infeasible   27         0.86594    0.84432  2.50%   208  490s
 16536  2416     cutoff   33         0.86594    0.84478  2.44%   208  495s
 16720  2381    0.86392   34  237    0.86594    0.84521  2.39%   208  505s
 16981  2359     cutoff   30         0.86594    0.84554  2.36%   207  510s
 17224  2316    0.85642   32  290    0.86594    0.84605  2.30%   207  515s
 17530  2297    0.85494   31  268    0.86594    0.84645  2.25%   206  520s
 17767  2239     cutoff   33         0.86594    0.84688  2.20%   206  525s
 17997  2179    0.86015   28  164    0.86594    0.84735  2.15%   206  530s
 18248  2130     cutoff   31         0.86594    0.84778  2.10%   206  535s
 18502  2101     cutoff   27         0.86594    0.84813  2.06%   206  540s
 18784  2046     cutoff   31         0.86594    0.84860  2.00%   205  545s
 19055  2006 infeasible   30         0.86594    0.84900  1.96%   205  550s
 19347  1966    0.86090   29  341    0.86594    0.84947  1.90%   205  555s
 19592  1906 infeasible   26         0.86594    0.84977  1.87%   204  560s
 19901  1843     cutoff   29         0.86594    0.85041  1.79%   204  565s
 20228  1804    0.86484   25  343    0.86594    0.85086  1.74%   203  570s
 20529  1748     cutoff   29         0.86594    0.85140  1.68%   202  575s
 20862  1695    0.86449   31  287    0.86594    0.85191  1.62%   201  580s
 21175  1633    0.86470   30  327    0.86594    0.85247  1.56%   200  585s
 21490  1564     cutoff   29         0.86594    0.85293  1.50%   199  590s
 21776  1480 infeasible   27         0.86594    0.85346  1.44%   199  595s
 22142  1403    0.86533   34  266    0.86594    0.85398  1.38%   198  600s
 22446  1294    0.85970   36  234    0.86594    0.85451  1.32%   197  605s
 22925  1229     cutoff   34         0.86594    0.85501  1.26%   195  610s
 23254  1119 infeasible   29         0.86594    0.85567  1.19%   194  615s
 23620   974    0.86526   34  134    0.86594    0.85650  1.09%   193  620s
 24091   836     cutoff   42         0.86594    0.85738  0.99%   191  625s
 24514   652     cutoff   38         0.86594    0.85842  0.87%   190  630s
 24977   485     cutoff   34         0.86594    0.85964  0.73%   188  635s
 25555   267 infeasible   28         0.86594    0.86156  0.51%   185  640s

Cutting planes:
  Learned: 47
  Gomory: 16
  Cover: 84
  Implied bound: 166
  Projected implied bound: 52
  Clique: 32
  MIR: 306
  StrongCG: 16
  Flow cover: 638
  GUB cover: 16
  Inf proof: 18
  Zero half: 4
  Network: 23
  RLT: 6
  Relax-and-lift: 45
  BQP: 2

Explored 25931 nodes (4765424 simplex iterations) in 643.13 seconds (1309.49 work units)
Thread count was 1 (of 20 available processors)

Solution count 7: 0.865944 0.866783 0.86684 ... 0.885348

Optimal solution found (tolerance 0.00e+00)
Best objective 8.659435203230e-01, best bound 8.659435203230e-01, gap 0.0000%

User-callback calls 145786, time in user-callback 4.40 sec
