
Gurobi 13.0.2 (win64) logging started Fri Jul 24 23:37:00 2026

Set parameter LogFile to value "E:\codes\ExactEBRP\results\gf_nonblocking_gurobi_c6_round31\runs\stage3__round31_sealed_moderate_V20_seed311185674__c5_candidate__300s\native.log"
Set parameter Threads to value 1
Set parameter Presolve to value -1
Set parameter Seed to value 0
Set parameter MIPGap to value 0
Set parameter MIPGapAbs to value 0
Warning: unknown variable 'r_max' in bounds section (line 13953)
Warning: unknown variable 'r_min' in bounds section (line 13954)
Read LP format model from file E:\codes\ExactEBRP\results\gf_nonblocking_gurobi_c6_round31\runs\stage3__round31_sealed_moderate_V20_seed311185674__c5_candidate__300s\external\models\L0.lp
Reading time = 0.02 seconds
obj: 11914 rows, 3376 columns, 67102 nonzeros
Set parameter TimeLimit to value 278.7838378
Warning: unknown variable 'r_max' in bounds section (line 13953)
Warning: unknown variable 'r_min' in bounds section (line 13954)
Read LP format model from file E:\codes\ExactEBRP\results\gf_nonblocking_gurobi_c6_round31\runs\stage3__round31_sealed_moderate_V20_seed311185674__c5_candidate__300s\external\models\L1.lp
Reading time = 0.02 seconds
obj: 11914 rows, 3376 columns, 67344 nonzeros
Set parameter TimeLimit to value 278.5073861
Warning: unknown variable 'r_max' in bounds section (line 13953)
Warning: unknown variable 'r_min' in bounds section (line 13954)
Read LP format model from file E:\codes\ExactEBRP\results\gf_nonblocking_gurobi_c6_round31\runs\stage3__round31_sealed_moderate_V20_seed311185674__c5_candidate__300s\external\models\L1.0.lp
Reading time = 0.02 seconds
obj: 11914 rows, 3376 columns, 67344 nonzeros
Set parameter TimeLimit to value 278.2321965
Warning: unknown variable 'r_max' in bounds section (line 13954)
Warning: unknown variable 'r_min' in bounds section (line 13955)
Read LP format model from file E:\codes\ExactEBRP\results\gf_nonblocking_gurobi_c6_round31\runs\stage3__round31_sealed_moderate_V20_seed311185674__c5_candidate__300s\external\models\L1.1.lp
Reading time = 0.02 seconds
obj: 11915 rows, 3376 columns, 67350 nonzeros
Set parameter TimeLimit to value 277.9346354
Warning: unknown variable 'r_max' in bounds section (line 13955)
Warning: unknown variable 'r_min' in bounds section (line 13956)
Read LP format model from file E:\codes\ExactEBRP\results\gf_nonblocking_gurobi_c6_round31\runs\stage3__round31_sealed_moderate_V20_seed311185674__c5_candidate__300s\external\models\L2.lp
Reading time = 0.02 seconds
obj: 11916 rows, 3376 columns, 67356 nonzeros
Set parameter TimeLimit to value 277.6422011
Warning: unknown variable 'r_max' in bounds section (line 13955)
Warning: unknown variable 'r_min' in bounds section (line 13956)
Read LP format model from file E:\codes\ExactEBRP\results\gf_nonblocking_gurobi_c6_round31\runs\stage3__round31_sealed_moderate_V20_seed311185674__c5_candidate__300s\external\models\L2.0.lp
Reading time = 0.02 seconds
obj: 11916 rows, 3376 columns, 67356 nonzeros
Set parameter TimeLimit to value 277.3655276
Warning: unknown variable 'r_max' in bounds section (line 13955)
Warning: unknown variable 'r_min' in bounds section (line 13956)
Read LP format model from file E:\codes\ExactEBRP\results\gf_nonblocking_gurobi_c6_round31\runs\stage3__round31_sealed_moderate_V20_seed311185674__c5_candidate__300s\external\models\L2.1.lp
Reading time = 0.02 seconds
obj: 11916 rows, 3376 columns, 67356 nonzeros
Set parameter TimeLimit to value 277.0787804
Warning: unknown variable 'r_max' in bounds section (line 13955)
Warning: unknown variable 'r_min' in bounds section (line 13956)
Read LP format model from file E:\codes\ExactEBRP\results\gf_nonblocking_gurobi_c6_round31\runs\stage3__round31_sealed_moderate_V20_seed311185674__c5_candidate__300s\external\models\L2.0.0.lp
Reading time = 0.02 seconds
obj: 11916 rows, 3376 columns, 67356 nonzeros
Set parameter TimeLimit to value 276.7867278
Warning: unknown variable 'r_max' in bounds section (line 13955)
Warning: unknown variable 'r_min' in bounds section (line 13956)
Read LP format model from file E:\codes\ExactEBRP\results\gf_nonblocking_gurobi_c6_round31\runs\stage3__round31_sealed_moderate_V20_seed311185674__c5_candidate__300s\external\models\L2.0.1.lp
Reading time = 0.02 seconds
obj: 11916 rows, 3376 columns, 67356 nonzeros
Set parameter TimeLimit to value 276.4867947
Warning: unknown variable 'r_max' in bounds section (line 13959)
Warning: unknown variable 'r_min' in bounds section (line 13960)
Read LP format model from file E:\codes\ExactEBRP\results\gf_nonblocking_gurobi_c6_round31\runs\stage3__round31_sealed_moderate_V20_seed311185674__c5_candidate__300s\external\models\L3.lp
Reading time = 0.02 seconds
obj: 11920 rows, 3376 columns, 67380 nonzeros
Set parameter TimeLimit to value 276.1853099
Warning: unknown variable 'r_max' in bounds section (line 13959)
Warning: unknown variable 'r_min' in bounds section (line 13960)
Read LP format model from file E:\codes\ExactEBRP\results\gf_nonblocking_gurobi_c6_round31\runs\stage3__round31_sealed_moderate_V20_seed311185674__c5_candidate__300s\external\models\L3.0.lp
Reading time = 0.02 seconds
obj: 11920 rows, 3376 columns, 67380 nonzeros
Set parameter TimeLimit to value 275.9169413
Warning: unknown variable 'r_max' in bounds section (line 13961)
Warning: unknown variable 'r_min' in bounds section (line 13962)
Read LP format model from file E:\codes\ExactEBRP\results\gf_nonblocking_gurobi_c6_round31\runs\stage3__round31_sealed_moderate_V20_seed311185674__c5_candidate__300s\external\models\L3.1.lp
Reading time = 0.02 seconds
obj: 11922 rows, 3376 columns, 67392 nonzeros
Set parameter TimeLimit to value 2.7565118640000003e+02
Warning: unknown variable 'r_max' in bounds section (line 13955)
Warning: unknown variable 'r_min' in bounds section (line 13956)
Read LP format model from file E:\codes\ExactEBRP\results\gf_nonblocking_gurobi_c6_round31\runs\stage3__round31_sealed_moderate_V20_seed311185674__c5_candidate__300s\external\models\L2.0.1.0.lp
Reading time = 0.02 seconds
obj: 11916 rows, 3376 columns, 67356 nonzeros
Set parameter TimeLimit to value 275.3213685
Warning: unknown variable 'r_max' in bounds section (line 13955)
Warning: unknown variable 'r_min' in bounds section (line 13956)
Read LP format model from file E:\codes\ExactEBRP\results\gf_nonblocking_gurobi_c6_round31\runs\stage3__round31_sealed_moderate_V20_seed311185674__c5_candidate__300s\external\models\L2.0.1.1.lp
Reading time = 0.02 seconds
obj: 11916 rows, 3376 columns, 67356 nonzeros
Set parameter TimeLimit to value 275.015282
Warning: unknown variable 'r_max' in bounds section (line 13955)
Warning: unknown variable 'r_min' in bounds section (line 13956)
Read LP format model from file E:\codes\ExactEBRP\results\gf_nonblocking_gurobi_c6_round31\runs\stage3__round31_sealed_moderate_V20_seed311185674__c5_candidate__300s\external\models\L2.0.1.1.0.lp
Reading time = 0.02 seconds
obj: 11916 rows, 3376 columns, 67356 nonzeros
Set parameter TimeLimit to value 274.715701
Warning: unknown variable 'r_max' in bounds section (line 13955)
Warning: unknown variable 'r_min' in bounds section (line 13956)
Read LP format model from file E:\codes\ExactEBRP\results\gf_nonblocking_gurobi_c6_round31\runs\stage3__round31_sealed_moderate_V20_seed311185674__c5_candidate__300s\external\models\L2.0.1.1.1.lp
Reading time = 0.02 seconds
obj: 11916 rows, 3376 columns, 67356 nonzeros
Set parameter TimeLimit to value 274.4429488
Warning: unknown variable 'r_max' in bounds section (line 13955)
Warning: unknown variable 'r_min' in bounds section (line 13956)
Read LP format model from file E:\codes\ExactEBRP\results\gf_nonblocking_gurobi_c6_round31\runs\stage3__round31_sealed_moderate_V20_seed311185674__c5_candidate__300s\external\models\L2.0.1.1.1.0.lp
Reading time = 0.02 seconds
obj: 11916 rows, 3376 columns, 67356 nonzeros
Set parameter TimeLimit to value 2.7412424169999997e+02
Warning: unknown variable 'r_max' in bounds section (line 13955)
Warning: unknown variable 'r_min' in bounds section (line 13956)
Read LP format model from file E:\codes\ExactEBRP\results\gf_nonblocking_gurobi_c6_round31\runs\stage3__round31_sealed_moderate_V20_seed311185674__c5_candidate__300s\external\models\L2.0.1.1.1.1.lp
Reading time = 0.02 seconds
obj: 11916 rows, 3376 columns, 67356 nonzeros
Set parameter TimeLimit to value 273.8437418
Warning: unknown variable 'r_max' in bounds section (line 13955)
Warning: unknown variable 'r_min' in bounds section (line 13956)
Read LP format model from file E:\codes\ExactEBRP\results\gf_nonblocking_gurobi_c6_round31\runs\stage3__round31_sealed_moderate_V20_seed311185674__c5_candidate__300s\external\models\L2.0.1.1.1.1.0.lp
Reading time = 0.02 seconds
obj: 11916 rows, 3376 columns, 67356 nonzeros
Set parameter TimeLimit to value 273.5336759
Warning: unknown variable 'r_max' in bounds section (line 13955)
Warning: unknown variable 'r_min' in bounds section (line 13956)
Read LP format model from file E:\codes\ExactEBRP\results\gf_nonblocking_gurobi_c6_round31\runs\stage3__round31_sealed_moderate_V20_seed311185674__c5_candidate__300s\external\models\L2.0.1.1.1.1.1.lp
Reading time = 0.02 seconds
obj: 11916 rows, 3376 columns, 67356 nonzeros
Set parameter TimeLimit to value 273.2198626
Warning: unknown variable 'r_max' in bounds section (line 13955)
Warning: unknown variable 'r_min' in bounds section (line 13956)
Read LP format model from file E:\codes\ExactEBRP\results\gf_nonblocking_gurobi_c6_round31\runs\stage3__round31_sealed_moderate_V20_seed311185674__c5_candidate__300s\external\models\L2.0.1.1.1.1.1.0.lp
Reading time = 0.02 seconds
obj: 11916 rows, 3376 columns, 67356 nonzeros
Set parameter TimeLimit to value 272.9186216
Warning: unknown variable 'r_max' in bounds section (line 13955)
Warning: unknown variable 'r_min' in bounds section (line 13956)
Read LP format model from file E:\codes\ExactEBRP\results\gf_nonblocking_gurobi_c6_round31\runs\stage3__round31_sealed_moderate_V20_seed311185674__c5_candidate__300s\external\models\L2.0.1.1.1.1.1.1.lp
Reading time = 0.02 seconds
obj: 11916 rows, 3376 columns, 67356 nonzeros
Set parameter TimeLimit to value 272.608938
Warning: unknown variable 'r_max' in bounds section (line 13955)
Warning: unknown variable 'r_min' in bounds section (line 13956)
Read LP format model from file E:\codes\ExactEBRP\results\gf_nonblocking_gurobi_c6_round31\runs\stage3__round31_sealed_moderate_V20_seed311185674__c5_candidate__300s\external\models\L2.1.0.lp
Reading time = 0.02 seconds
obj: 11916 rows, 3376 columns, 67356 nonzeros
Set parameter TimeLimit to value 271.632477
Warning: unknown variable 'r_max' in bounds section (line 13956)
Warning: unknown variable 'r_min' in bounds section (line 13957)
Read LP format model from file E:\codes\ExactEBRP\results\gf_nonblocking_gurobi_c6_round31\runs\stage3__round31_sealed_moderate_V20_seed311185674__c5_candidate__300s\external\models\L2.1.1.lp
Reading time = 0.02 seconds
obj: 11917 rows, 3376 columns, 67362 nonzeros
Set parameter TimeLimit to value 271.3278231
