
Gurobi 13.0.2 (win64) logging started Mon Aug 10 09:54:43 2026

Set parameter LogFile to value "E:\codes\ExactEBRP\results\gf_simple_start_qualification_round35\runs\repeat__tight_T_seed4101__c6_simple_start__repeat1__1800s\native.log"
Set parameter Threads to value 1
Set parameter Presolve to value -1
Set parameter Seed to value 0
Set parameter MIPGap to value 0
Set parameter MIPGapAbs to value 0
Warning: unknown variable 'r_max' in bounds section (line 13930)
Warning: unknown variable 'r_min' in bounds section (line 13931)
Read LP format model from file E:\codes\ExactEBRP\results\gf_simple_start_qualification_round35\runs\repeat__tight_T_seed4101__c6_simple_start__repeat1__1800s\external\models\L0.lp
Reading time = 0.02 seconds
obj: 11895 rows, 3372 columns, 67105 nonzeros
Set parameter TimeLimit to value 1784.8711261
Warning: unknown variable 'r_max' in bounds section (line 13930)
Warning: unknown variable 'r_min' in bounds section (line 13931)
Read LP format model from file E:\codes\ExactEBRP\results\gf_simple_start_qualification_round35\runs\repeat__tight_T_seed4101__c6_simple_start__repeat1__1800s\external\models\L1.lp
Reading time = 0.02 seconds
obj: 11895 rows, 3372 columns, 67343 nonzeros
Set parameter TimeLimit to value 1784.5288029
Warning: unknown variable 'r_max' in bounds section (line 13932)
Warning: unknown variable 'r_min' in bounds section (line 13933)
Read LP format model from file E:\codes\ExactEBRP\results\gf_simple_start_qualification_round35\runs\repeat__tight_T_seed4101__c6_simple_start__repeat1__1800s\external\models\L2.lp
Reading time = 0.02 seconds
obj: 11897 rows, 3372 columns, 67355 nonzeros
Set parameter TimeLimit to value 1783.4727505
Warning: unknown variable 'r_max' in bounds section (line 13930)
Warning: unknown variable 'r_min' in bounds section (line 13931)
Read LP format model from file E:\codes\ExactEBRP\results\gf_simple_start_qualification_round35\runs\repeat__tight_T_seed4101__c6_simple_start__repeat1__1800s\external\models\L0.0.lp
Reading time = 0.02 seconds
obj: 11895 rows, 3372 columns, 67105 nonzeros
Set parameter TimeLimit to value 1783.0994283
Warning: unknown variable 'r_max' in bounds section (line 13930)
Warning: unknown variable 'r_min' in bounds section (line 13931)
Read LP format model from file E:\codes\ExactEBRP\results\gf_simple_start_qualification_round35\runs\repeat__tight_T_seed4101__c6_simple_start__repeat1__1800s\external\models\L0.1.lp
Reading time = 0.02 seconds
obj: 11895 rows, 3372 columns, 67343 nonzeros
Set parameter TimeLimit to value 1782.7706825
Warning: unknown variable 'r_max' in bounds section (line 13930)
Warning: unknown variable 'r_min' in bounds section (line 13931)
Read LP format model from file E:\codes\ExactEBRP\results\gf_simple_start_qualification_round35\runs\repeat__tight_T_seed4101__c6_simple_start__repeat1__1800s\external\models\L0.1.0.lp
Reading time = 0.02 seconds
obj: 11895 rows, 3372 columns, 67343 nonzeros
Set parameter TimeLimit to value 1779.6635014
Warning: unknown variable 'r_max' in bounds section (line 13930)
Warning: unknown variable 'r_min' in bounds section (line 13931)
Read LP format model from file E:\codes\ExactEBRP\results\gf_simple_start_qualification_round35\runs\repeat__tight_T_seed4101__c6_simple_start__repeat1__1800s\external\models\L0.1.1.lp
Reading time = 0.02 seconds
obj: 11895 rows, 3372 columns, 67343 nonzeros
Set parameter TimeLimit to value 1779.2740225
Warning: unknown variable 'r_max' in bounds section (line 13930)
Warning: unknown variable 'r_min' in bounds section (line 13931)
Read LP format model from file E:\codes\ExactEBRP\results\gf_simple_start_qualification_round35\runs\repeat__tight_T_seed4101__c6_simple_start__repeat1__1800s\external\models\L1.0.lp
Reading time = 0.02 seconds
obj: 11895 rows, 3372 columns, 67343 nonzeros
Set parameter TimeLimit to value 1773.0994237
Warning: unknown variable 'r_max' in bounds section (line 13932)
Warning: unknown variable 'r_min' in bounds section (line 13933)
Read LP format model from file E:\codes\ExactEBRP\results\gf_simple_start_qualification_round35\runs\repeat__tight_T_seed4101__c6_simple_start__repeat1__1800s\external\models\L1.1.lp
Reading time = 0.02 seconds
obj: 11897 rows, 3372 columns, 67355 nonzeros
Set parameter TimeLimit to value 1772.7392277
Warning: unknown variable 'r_max' in bounds section (line 13932)
Warning: unknown variable 'r_min' in bounds section (line 13933)
Read LP format model from file E:\codes\ExactEBRP\results\gf_simple_start_qualification_round35\runs\repeat__tight_T_seed4101__c6_simple_start__repeat1__1800s\external\models\L3.lp
Reading time = 0.02 seconds
obj: 11897 rows, 3372 columns, 67355 nonzeros
Set parameter TimeLimit to value 1449.9752742
