
Gurobi 13.0.2 (win64) logging started Sat Oct  3 07:08:25 2026

Set parameter LogFile to value "E:\codes\ExactEBRP\results\unified_exact_round100\certification_CF01\raw\04_F5_ENS-C\external\native_logs\L0.0.0_lp.gurobi.log"
Gurobi Optimizer version 13.0.2 build v13.0.2rc1 (win64 - Windows 10.0 (19045.2))

CPU model: 12th Gen Intel(R) Core(TM) i7-12700KF, instruction set [SSE2|AVX|AVX2]
Thread count: 12 physical cores, 20 logical processors, using up to 1 threads

Non-default parameters:
TimeLimit  7154.0749279
MIPGap  0
MIPGapAbs  0
LogToConsole  0
Threads  1

Optimize a model with 105416 rows, 26633 columns and 727372 nonzeros (Min)
Model fingerprint: 0x355fe25b
Model has 51 linear objective coefficients
Coefficient statistics:
  Matrix range     [1e-02, 2e+04]
  Objective range  [4e-02, 1e+00]
  Bounds range     [1e-01, 3e+03]
  RHS range        [4e-01, 7e+04]

Presolve removed 19648 rows and 301 columns
Presolve time: 0.40s
Presolved: 26381 rows, 112198 columns, 661645 nonzeros

Iteration    Objective       Primal Inf.    Dual Inf.      Time
       0      handle free variables                          0s
    7472    2.4448111e-01   0.000000e+00   0.000000e+00      3s

Solved in 7472 iterations and 2.86 seconds (8.45 work units)
Optimal objective  2.444811082e-01

User-callback calls 7646, time in user-callback 0.00 sec
