
Gurobi 13.0.2 (win64) logging started Sat Oct  3 07:09:10 2026

Set parameter LogFile to value "E:\codes\ExactEBRP\results\unified_exact_round100\certification_CF01\raw\04_F5_ENS-C\external\native_logs\L0.0_terminal_mip.gurobi.log"
Set parameter TimeLimit to value 7.1083789701000005e+03
Gurobi Optimizer version 13.0.2 build v13.0.2rc1 (win64 - Windows 10.0 (19045.2))

CPU model: 12th Gen Intel(R) Core(TM) i7-12700KF, instruction set [SSE2|AVX|AVX2]
Thread count: 12 physical cores, 20 logical processors, using up to 1 threads

Non-default parameters:
TimeLimit  7.1083789701000005e+03
MIPGap  0
MIPGapAbs  0
LogToConsole  0
Threads  1

Optimize a model with 105416 rows, 26633 columns and 727372 nonzeros (Min)
Model fingerprint: 0x6a99a727
Model has 51 linear objective coefficients
Variable types: 13581 continuous, 13052 integer (12402 binary)
Coefficient statistics:
  Matrix range     [1e-02, 2e+04]
  Objective range  [4e-02, 1e+00]
  Bounds range     [2e-01, 3e+03]
  RHS range        [4e-01, 7e+04]

Loaded user MIP start with objective 0.384304
MIP start from previous solve did not produce a new incumbent solution

Presolve removed 19397 rows and 39 columns
Presolve time: 1.93s
Presolved: 86019 rows, 26594 columns, 748171 nonzeros
Variable types: 13531 continuous, 13063 integer (12402 binary)
Root relaxation presolved: 85678 rows, 26345 columns, 747451 nonzeros


Root simplex log...

Iteration    Objective       Primal Inf.    Dual Inf.      Time
   12333    2.4319489e-01   1.234328e+03   0.000000e+00      5s
   18045    2.4420882e-01   0.000000e+00   0.000000e+00      6s
   18045    2.4420882e-01   0.000000e+00   0.000000e+00      6s

Root relaxation: objective 2.442088e-01, 18045 iterations, 4.12 seconds (10.90 work units)

    Nodes    |    Current Node    |     Objective Bounds      |     Work
 Expl Unexpl |  Obj  Depth IntInf | Incumbent    BestBd   Gap | It/Node Time

     0     0    0.24421    0  335    0.38430    0.24421  36.5%     -   12s
     0     0    0.28141    0  520    0.38430    0.28141  26.8%     -   31s
     0     0    0.28141    0  516    0.38430    0.28141  26.8%     -   40s
     0     0    0.28141    0  624    0.38430    0.28141  26.8%     -   63s
     0     0    0.28141    0  506    0.38430    0.28141  26.8%     -   89s
     0     0    0.28141    0  568    0.38430    0.28141  26.8%     -  122s
     0     0    0.28141    0  530    0.38430    0.28141  26.8%     -  145s
     0     0    0.28141    0  634    0.38430    0.28141  26.8%     -  172s
     0     0    0.28141    0  665    0.38430    0.28141  26.8%     -  214s
     0     0    0.28141    0  661    0.38430    0.28141  26.8%     -  219s
     0     0    0.28141    0  482    0.38430    0.28141  26.8%     -  254s
     0     2    0.28141    0  482    0.38430    0.28141  26.8%     -  324s
     1     3    0.28141    1  506    0.38430    0.28141  26.8% 24943  338s
     2     4    0.28141    1  462    0.38430    0.28141  26.8% 21010  349s
     3     5    0.28141    2  453    0.38430    0.28141  26.8% 18390  356s
H    4     4                       0.3843041    0.28141  26.8% 13793  363s
     4     6    0.28141    3  417    0.38430    0.28141  26.8% 15754  365s
     5     7    0.28141    4  446    0.38430    0.28141  26.8% 16383  375s
     6     8    0.28142    5  351    0.38430    0.28141  26.8% 15632  387s
     7     9    0.28142    6  368    0.38430    0.28141  26.8% 14703  391s
     8    10    0.28142    6  491    0.38430    0.28141  26.8% 15167  410s
H   10    10                       0.3841567    0.28141  26.7% 12509  463s
H   10    10                       0.3835868    0.28141  26.6% 12509  463s
H   10    10                       0.3688756    0.28141  23.7% 12509  468s
H   10    10                       0.3611467    0.28141  22.1% 12509  471s
H   10    10                       0.3607319    0.28141  22.0% 12509  473s
H   10    10                       0.3527242    0.28141  20.2% 12509  475s
H   10    10                       0.3524778    0.28141  20.2% 12509  478s
H   10    10                       0.3514066    0.28141  19.9% 12509  478s
H   10    10                       0.3334658    0.28141  15.6% 12509  478s
H   10    10                       0.3332914    0.28141  15.6% 12509  482s
H   10    10                       0.3332303    0.28141  15.5% 12509  483s
H   10    10                       0.3332220    0.28141  15.5% 12509  519s
H   10    10                       0.3331612    0.28141  15.5% 12509  528s
H   10    10                       0.3331091    0.28141  15.5% 12509  531s
H   10    10                       0.3331054    0.28141  15.5% 12509  538s
H   10    10                       0.3306909    0.28141  14.9% 12509  552s
    10    12    0.28142    8  371    0.33069    0.28141  14.9% 13164  557s
    12    14    0.28142    9  311    0.33069    0.28141  14.9% 11823  561s
    13    15    0.28142   10  407    0.33069    0.28141  14.9% 11923  566s
    14    16    0.28141   10  519    0.33069    0.28141  14.9% 12102  574s
    15    17    0.28141   11  463    0.33069    0.28141  14.9% 12722  587s
    16    18    0.28141   11  572    0.33069    0.28141  14.9% 13050  610s
    17    19    0.28142   12  439    0.33069    0.28141  14.9% 13769  620s
    18    20    0.28141   13  435    0.33069    0.28141  14.9% 13412  631s
    19    21    0.28141   14  575    0.33069    0.28141  14.9% 13978  644s
    20    22    0.28142   14  409    0.33069    0.28141  14.9% 13648  648s
    21    23    0.28142   15  426    0.33069    0.28141  14.9% 13144  650s
    23    25    0.28143   16  420    0.33069    0.28141  14.9% 12963  662s
    24    26    0.28142   16  480    0.33069    0.28141  14.9% 13310  674s
    25    27    0.28143   17  461    0.33069    0.28141  14.9% 13253  680s
    26    28    0.28142   17  491    0.33069    0.28141  14.9% 13029  685s
    28    30    0.28142   19  424    0.33069    0.28141  14.9% 12697  694s
    29    31    0.28142   20  497    0.33069    0.28141  14.9% 12797  702s
    30    32    0.28142   20  421    0.33069    0.28141  14.9% 12577  705s
    31    33    0.28142   21  454    0.33069    0.28141  14.9% 12795  716s
    33    35    0.28142   23  504    0.33069    0.28141  14.9% 12694  728s
    34    36    0.28142   23  402    0.33069    0.28141  14.9% 12352  730s
    35    37    0.28142   24  395    0.33069    0.28141  14.9% 12325  738s
    36    38    0.28142   25  599    0.33069    0.28141  14.9% 12589  753s
    37    39    0.28142   25  464    0.33069    0.28141  14.9% 12961  763s
    38    40    0.28143   26  499    0.33069    0.28141  14.9% 14247  805s
    39    41    0.28143   26  529    0.33069    0.28141  14.9% 14325  816s
    40    42    0.28145   27  544    0.33069    0.28141  14.9% 14502  830s
    41    43    0.28143   27  443    0.33069    0.28141  14.9% 14552  837s
    42    44    0.28143   28  538    0.33069    0.28141  14.9% 14483  844s
    43    45    0.28143   29  414    0.33069    0.28141  14.9% 14245  846s
H   44    44                       0.3305295    0.28141  14.9% 13921  859s
H   44    44                       0.3301538    0.28141  14.8% 13921  859s
H   44    44                       0.3300356    0.28141  14.7% 13921  859s
    45    47    0.28143   30  414    0.33004    0.28141  14.7% 14309  860s
    49    51    0.28143   33  463    0.33004    0.28141  14.7% 13570  872s
    50    52    0.28144   34  509    0.33004    0.28141  14.7% 13597  882s
    51    53    0.28144   34  456    0.33004    0.28141  14.7% 13429  885s
    58    60    0.28144   41  291    0.33004    0.28141  14.7% 11937  890s
    64    66    0.28145   46  388    0.33004    0.28141  14.7% 11035  898s
H   65    65                       0.3297572    0.28141  14.7% 10865  899s
H   65    65                       0.3296213    0.28141  14.6% 10865  899s
    66    68    0.28146   47  415    0.32962    0.28141  14.6% 10938  907s
H   67    67                       0.3296149    0.28141  14.6% 10774  907s
    69    71    0.28145   50  303    0.32961    0.28141  14.6% 10519  910s
    73    75    0.28146   53  306    0.32961    0.28141  14.6% 10099  915s
    76    78    0.28146   55  317    0.32961    0.28141  14.6%  9888  921s
    77    79    0.30162   55  331    0.32961    0.28141  14.6%  9864  928s
    78    80    0.28147   56  365    0.32961    0.28141  14.6%  9811  930s
    81    83    0.28147   58  319    0.32961    0.28141  14.6%  9581  936s
    84    86    0.28153   60  417    0.32961    0.28141  14.6%  9419  943s
    85    87    0.28147   61  414    0.32961    0.28141  14.6%  9414  947s
    86    88    0.28147   61  410    0.32961    0.28141  14.6%  9454  952s
    87    89    0.28147   62  383    0.32961    0.28141  14.6%  9398  955s
    89    91    0.28147   63  389    0.32961    0.28141  14.6%  9387  963s
    93    95    0.28150   65  426    0.32961    0.28141  14.6%  9086  968s
    96    98    0.28147   68  333    0.32961    0.28141  14.6%  8845  970s
    98   100    0.28147   69  358    0.32961    0.28141  14.6%  8787  976s
    99   101    0.28150   69  419    0.32961    0.28141  14.6%  8827  982s
   102   104    0.28147   71  336    0.32961    0.28141  14.6%  8704  987s
   103   105    0.28147   72  388    0.32961    0.28141  14.6%  8670  990s
H  105   105                       0.3295423    0.28141  14.6%  8554  994s
   106   108    0.28147   74  338    0.32954    0.28141  14.6%  8559  997s
   107   109    0.28152   74  348    0.32954    0.28141  14.6%  8583 1002s
   108   110    0.28150   75  371    0.32954    0.28141  14.6%  8653 1008s
   109   111    0.28150   75  406    0.32954    0.28141  14.6%  8662 1013s
   112   114    0.28159   77  374    0.32954    0.28141  14.6%  8511 1017s
   116   118    0.28154   80  395    0.32954    0.28141  14.6%  8294 1022s
   119   121    0.28153   81  357    0.32954    0.28141  14.6%  8181 1027s
   120   122    0.28154   82  377    0.32954    0.28141  14.6%  8181 1031s
   122   124    0.28155   83  395    0.32954    0.28141  14.6%  8108 1035s
   126   128    0.28158   85  359    0.32954    0.28141  14.6%  7940 1041s
   128   130    0.28158   86  401    0.32954    0.28141  14.6%  7914 1047s
   129   131    0.28337   86  326    0.32954    0.28141  14.6%  7937 1057s
   131   133    0.28160   87  346    0.32954    0.28141  14.6%  7883 1061s
   136   138    0.28164   91  316    0.32954    0.28141  14.6%  7661 1065s
   139   141    0.28170   92  331    0.32954    0.28141  14.6%  7573 1070s
H  141   141                       0.3295370    0.28141  14.6%  7472 1071s
   144   146    0.28179   95  313    0.32954    0.28141  14.6%  7394 1075s
   151   153    0.31650   99  310    0.32954    0.28141  14.6%  7114 1080s
   158   160    0.28214  104  318    0.32954    0.28141  14.6%  6873 1085s
   172   172    0.28224  115  274    0.32954    0.28141  14.6%  6377 1090s
   178   178    0.28305  118  311    0.32954    0.28141  14.6%  6227 1096s
   184   184    0.28240  122  302    0.32954    0.28141  14.6%  6082 1100s
   191   191    0.28291  126  308    0.32954    0.28141  14.6%  5904 1105s
H  197   195                       0.3295041    0.28141  14.6%  5738 1107s
   206   206    0.28465  135  286    0.32950    0.28141  14.6%  5506 1110s
H  216   212                       0.3295041    0.28141  14.6%  5263 1112s
   225   223    0.28360  147  258    0.32950    0.28141  14.6%  5079 1115s
   241   239    0.28410  157  283    0.32950    0.28141  14.6%  4772 1120s
   254   252    0.28463  164  295    0.32950    0.28141  14.6%  4564 1125s
   266   264    0.28567  170  283    0.32950    0.28141  14.6%  4390 1130s
   282   280    0.28654  178  299    0.32950    0.28141  14.6%  4177 1135s
   297   295    0.28976  188  245    0.32950    0.28141  14.6%  4000 1140s
   322   319    0.28949  202  225    0.32950    0.28141  14.6%  3717 1145s
   354   351    0.29405  223  212    0.32950    0.28141  14.6%  3397 1150s
   431   406     cutoff  281         0.32950    0.28141  14.6%  2808 1155s
   464   422    0.28141    4  445    0.32950    0.28141  14.6%  2651 1165s
   465   423    0.28141    5  517    0.32950    0.28141  14.6%  2717 1185s
   469   427    0.28141    9  511    0.32950    0.28141  14.6%  2737 1197s
   470   428    0.28141   10  503    0.32950    0.28141  14.6%  2734 1201s
   471   429    0.28141   11  409    0.32950    0.28141  14.6%  2772 1213s
   472   430    0.28141   12  418    0.32950    0.28141  14.6%  2775 1222s
   473   431    0.28141   13  413    0.32950    0.28141  14.6%  2802 1231s
   474   432    0.28141   14  386    0.32950    0.28141  14.6%  2797 1235s
   475   433    0.28141   15  420    0.32950    0.28141  14.6%  2816 1241s
   476   434    0.28151   16  437    0.32950    0.28141  14.6%  2838 1248s
   477   435    0.28144   16  480    0.32950    0.28141  14.6%  2847 1253s
   478   436    0.28144   17  418    0.32950    0.28141  14.6%  2873 1262s
   480   438    0.28144   19  383    0.32950    0.28141  14.6%  2888 1271s
   482   440    0.28144   21  412    0.32950    0.28141  14.6%  2910 1280s
   483   441    0.28144   22  422    0.32950    0.28141  14.6%  2925 1285s
   484   442    0.28144   22  630    0.32950    0.28141  14.6%  2973 1299s
   485   443    0.32030   23  286    0.32950    0.28141  14.6%  2981 1307s
   486   444    0.28144   23  428    0.32950    0.28141  14.6%  3001 1313s
   487   445    0.28144   24  403    0.32950    0.28141  14.6%  2999 1315s
   488   446    0.28144   25  471    0.32950    0.28141  14.6%  3018 1321s
   489   447    0.28144   26  481    0.32950    0.28141  14.6%  3084 1341s
   490   448    0.28144   26  467    0.32950    0.28141  14.6%  3113 1351s
   491   449    0.28144   27  439    0.32950    0.28141  14.6%  3129 1357s
   492   450    0.28144   27  486    0.32950    0.28141  14.6%  3158 1366s
   493   451    0.28144   28  415    0.32950    0.28141  14.6%  3160 1370s
   495   453    0.28144   29  400    0.32950    0.28141  14.6%  3168 1376s
   497   455    0.28144   30  380    0.32950    0.28141  14.6%  3169 1382s
   498   456    0.28144   31  406    0.32950    0.28141  14.6%  3169 1385s
   501   459    0.28144   33  433    0.32950    0.28141  14.6%  3169 1391s
   503   459    0.28144   33  568    0.32950    0.28141  14.6%  3168 1395s
   505   461    0.28144   35  360    0.32950    0.28141  14.6%  3160 1410s
   506   462    0.28147   35  604    0.32950    0.28141  14.6%  3174 1417s
   507   463    0.28144   36  347    0.32950    0.28141  14.6%  3179 1420s
   508   464    0.28155   37  511    0.32950    0.28141  14.6%  3192 1425s
   512   468    0.28144   39  419    0.32950    0.28141  14.6%  3183 1430s
   513   469    0.28144   39  422    0.32950    0.28141  14.6%  3195 1437s
   515   471    0.28144   41  382    0.32950    0.28141  14.6%  3191 1440s
   518   474    0.28144   42  429    0.32950    0.28141  14.6%  3192 1446s
   520   476    0.28144   43  445    0.32950    0.28141  14.6%  3195 1451s
   522   478    0.28144   44  370    0.32950    0.28141  14.6%  3202 1457s
   523   479    0.28144   45  417    0.32950    0.28141  14.6%  3200 1463s
   524   480    0.28144   46  403    0.32950    0.28141  14.6%  3199 1465s
   526   482    0.28144   48  403    0.32950    0.28141  14.6%  3201 1470s
   528   484    0.28144   49  429    0.32950    0.28141  14.6%  3215 1477s
   535   491    0.28160   55  480    0.32950    0.28141  14.6%  3182 1481s
   537   493    0.28173   56  470    0.32950    0.28141  14.6%  3192 1487s
   539   494    0.31650  100  482    0.32950    0.28141  14.6%  3180 1559s
   541   495    0.28629  180  365    0.32950    0.28141  14.6%  3168 1586s
   542   496    0.29272  209  399    0.32950    0.28141  14.6%  3162 1626s
   544   499    0.28949  202  482    0.32950    0.28141  14.6%  3357 1637s
   546   500    0.28170   93  379    0.32950    0.28141  14.6%  3344 1664s
   547   501    0.28142   18  390    0.32950    0.28141  14.6%  3338 1740s
   548   502    0.30026   38  484    0.32950    0.28141  14.6%  3332 1765s
   549   502    0.28144   45  524    0.32950    0.28141  14.6%  3326 1863s
   550   503    0.28199   57  581    0.32950    0.28142  14.6%  3320 1901s
   551   504    0.32945  300  591    0.32950    0.28142  14.6%  3314 1956s
   552   504    0.28155   83  677    0.32950    0.28143  14.6%  3308 2004s
   553   505    0.28187   94  651    0.32950    0.28143  14.6%  3302 2069s
   554   506    0.28143    7  700    0.32950    0.28143  14.6%  3296 2117s
   555   506    0.29405  224  831    0.32950    0.28143  14.6%  3290 2209s
   556   507    0.28292  116  738    0.32950    0.28144  14.6%  3284 2275s
   557   508    0.28199   57  745    0.32950    0.28144  14.6%  3278 2345s
   558   508    0.28305  119  731    0.32950    0.28144  14.6%  3272 2416s
   559   509    0.28449  160  790    0.32950    0.28144  14.6%  3267 2492s
   560   510    0.31649  241  743    0.32950    0.28144  14.6%  3261 2557s
   561   510    0.28144   23  761    0.32950    0.28144  14.6%  3255 2630s
   562   511    0.32543  100  756    0.32950    0.28144  14.6%  3249 2695s
   563   512    0.28144    3  591    0.32950    0.28144  14.6%  3243 2747s
   564   512    0.28231  115  594    0.32950    0.28144  14.6%  3238 2789s
   565   513    0.28147   52  742    0.32950    0.28144  14.6%  3232 2873s
   566   514    0.32840  286  913    0.32950    0.28144  14.6%  3226 2934s
   567   514    0.28211  103  655    0.32950    0.28144  14.6%  3220 2994s
   568   515    0.28144   34  786    0.32950    0.28144  14.6%  3215 3066s
   569   516    0.28205   99  775    0.32950    0.28144  14.6%  3209 3148s
   570   516    0.28145   46  767    0.32950    0.28144  14.6%  3203 3166s
   571   517    0.28147   64  767    0.32950    0.28145  14.6%  3198 3275s
   572   520    0.28145   25  933    0.32950    0.28145  14.6%  6020 3435s
H  573   491                       0.3293237    0.28145  14.5%  6010 3502s
   573   493    0.28145   25  584    0.32932    0.28145  14.5%  6080 3562s
   575   495    0.28145   26  884    0.32932    0.28145  14.5%  6150 3608s
   576   495    0.28145   27  934    0.32932    0.28145  14.5%  6239 3662s
   577   496    0.28145   27  710    0.32932    0.28145  14.5%  6329 3697s
   578   497    0.28145   28  779    0.32932    0.28145  14.5%  6355 3717s
   579   497    0.28145   28  782    0.32932    0.28145  14.5%  6432 3805s
   581   499    0.28145   29  687    0.32932    0.28145  14.5%  6548 3862s
   582   499    0.28146   30  658    0.32932    0.28145  14.5%  6660 3907s
H  583   473                       0.3230306    0.28145  12.9%  6649 3967s
H  583   449                       0.3229495    0.28145  12.8%  6649 3969s
H  583   427                       0.3167978    0.28145  11.2%  6649 4017s
   583   429    0.28145   30  756    0.31680    0.28145  11.2%  6710 4032s
H  584   407                       0.3158123    0.28145  10.9%  6698 4033s
H  584   386                       0.3154316    0.28145  10.8%  6698 4033s
H  585   367                       0.3153847    0.28145  10.8%  6688 4058s
   586   370    0.28147   32  544    0.31538    0.28145  10.8%  6732 4063s
   587   371    0.28147   32  598    0.31538    0.28145  10.8%  6763 4082s
H  588   350                       0.3146005    0.28145  10.5%  6752 4097s
H  589   334                       0.3145194    0.28145  10.5%  6767 4115s
H  589   317                       0.3144397    0.28145  10.5%  6767 4115s
   590   320    0.28146   34  640    0.31444    0.28145  10.5%  6833 4135s
   591   320    0.28159   34  684    0.31444    0.28145  10.5%  6976 4198s
   592   321    0.28147   35  699    0.31444    0.28145  10.5%  7017 4225s
   594   322    0.28146   36  635    0.31444    0.28145  10.5%  7002 4233s
   595   323    0.28148   36  730    0.31444    0.28145  10.5%  7106 4297s
   596   324    0.28146   37  633    0.31444    0.28145  10.5%  7168 4324s
   597   324    0.28147   37  770    0.31444    0.28145  10.5%  7280 4421s
   598   325    0.28148   38  432    0.31444    0.28145  10.5%  7383 4471s
   599   326    0.28146   38  585    0.31444    0.28145  10.5%  7462 4505s
   600   326    0.28147   39  627    0.31444    0.28145  10.5%  7464 4515s
   601   327    0.28148   39  584    0.31444    0.28145  10.5%  7566 4579s
   602   328    0.28147   40  601    0.31444    0.28145  10.5%  7554 4581s
   603   328    0.28148   40  497    0.31444    0.28145  10.5%  7616 4607s
   604   329    0.28147   41  727    0.31444    0.28145  10.5%  7674 4677s
H  605   313                       0.3144268    0.28145  10.5%  7662 4708s
   605   315    0.28159   41  649    0.31443    0.28145  10.5%  7712 4734s
   606   315    0.28148   42  557    0.31443    0.28145  10.5%  7759 4756s
   607   316    0.28151   42  650    0.31443    0.28145  10.5%  7803 4793s
   608   317    0.28148   43  552    0.31443    0.28145  10.5%  7791 4795s
   609   317    0.28167   43  627    0.31443    0.28145  10.5%  7881 4829s
H  610   301                       0.3139451    0.28145  10.3%  7868 4869s
   610   303    0.28148   44  731    0.31395    0.28145  10.3%  7911 4901s
   611   304    0.28153   44  686    0.31395    0.28145  10.3%  8005 4949s
   612   304    0.28148   45  538    0.31395    0.28145  10.3%  8065 4974s
   613   305    0.28157   45  710    0.31395    0.28145  10.3%  8127 5010s
   614   306    0.28148   46  576    0.31395    0.28145  10.3%  8179 5032s
   615   306    0.28148   46  614    0.31395    0.28145  10.3%  8234 5063s
   616   307    0.28148   47  621    0.31395    0.28145  10.3%  8292 5088s
   617   308    0.28154   47  682    0.31395    0.28145  10.3%  8341 5118s
   619   309    0.28158   48  627    0.31395    0.28145  10.3%  8357 5143s
   620   310    0.28148   49  748    0.31395    0.28145  10.3%  8416 5185s
   621   310    0.28148   49  516    0.31395    0.28145  10.3%  8469 5208s
   622   311    0.28148   50  624    0.31395    0.28145  10.3%  8633 5295s
   623   312    0.28154   50  634    0.31395    0.28145  10.3%  8704 5490s
   624   312    0.28148   51  677    0.31395    0.28145  10.3%  8743 5523s
   625   313    0.28148   51  715    0.31395    0.28145  10.3%  8819 5578s
   626   314    0.28149   52  538    0.31395    0.28145  10.3%  8868 5601s
   627   314    0.28162   52  653    0.31395    0.28145  10.3%  8961 5640s
   629   316    0.28620   53  714    0.31395    0.28145  10.3%  8995 5680s
   630   316    0.28148   54  652    0.31395    0.28145  10.3%  9008 5697s
   631   317    0.28162   54  642    0.31395    0.28145  10.3%  9041 5725s
H  632   302                       0.3136278    0.28145  10.3%  9027 5757s
H  632   288                       0.3131708    0.28145  10.1%  9027 5757s
H  632   275                       0.3129034    0.28145  10.1%  9027 5758s
H  633   263                       0.3128668    0.28145  10.0%  9084 5780s
   634   266    0.28148   56  629    0.31287    0.28145  10.0%  9172 5810s
   635   267    0.28148   56  590    0.31287    0.28145  10.0%  9197 5832s
   636   267    0.28149   57  524    0.31287    0.28145  10.0%  9209 5847s
   637   268    0.28162   57  620    0.31287    0.28145  10.0%  9279 5885s
   638   269    0.28149   58  652    0.31287    0.28145  10.0%  9326 5922s
   639   269    0.28154   58  571    0.31287    0.28145  10.0%  9414 5968s
   640   270    0.28149   59  647    0.31287    0.28145  10.0%  9399 5970s
   641   271    0.28168   59  568    0.31287    0.28145  10.0%  9434 6002s
   642   271    0.28149   60  625    0.31287    0.28145  10.0%  9424 6008s
   643   272    0.28164   60  587    0.31287    0.28145  10.0%  9458 6037s
   644   273    0.28149   61  607    0.31287    0.28145  10.0%  9443 6040s
   645   273    0.28172   61  597    0.31287    0.28145  10.0%  9568 6107s
   646   274    0.28150   62  615    0.31287    0.28145  10.0%  9571 6119s
   647   275    0.28159   62  525    0.31287    0.28145  10.0%  9584 6136s
   648   275    0.28151   63  567    0.31287    0.28145  10.0%  9665 6173s
   649   276    0.28171   63  581    0.31287    0.28145  10.0%  9684 6196s
   651   277    0.28579   64  602    0.31287    0.28145  10.0%  9718 6236s
   652   278    0.28151   65  612    0.31287    0.28145  10.0%  9725 6252s
   653   279    0.28157   65  531    0.31287    0.28145  10.0%  9758 6280s
   655   280    0.28174   66  604    0.31287    0.28145  10.0%  9796 6310s
   657   281    0.28185   67  566    0.31287    0.28145  10.0%  9820 6344s
   658   282    0.28151   68  581    0.31287    0.28145  10.0%  9805 6346s
   659   283    0.28156   68  620    0.31287    0.28145  10.0%  9854 6371s
   660   283    0.28151   69  552    0.31287    0.28145  10.0%  9926 6404s
   661   284    0.28161   69  620    0.31287    0.28145  10.0% 10015 6477s
   663   285    0.28531   70  588    0.31287    0.28145  10.0% 10040 6512s
   664   286    0.28151   71  598    0.31287    0.28145  10.0% 10048 6530s
   665   287    0.28162   71  573    0.31287    0.28145  10.0% 10123 6581s
   667   288    0.28180   72  528    0.31287    0.28145  10.0% 10130 6605s
   668   289    0.28154   73  599    0.31287    0.28145  10.0% 10195 6638s
   669   289    0.28277   73  585    0.31287    0.28145  10.0% 10215 6673s
   670   290    0.28154   74  604    0.31287    0.28145  10.0% 10203 6676s
   671   291    0.28160   74  624    0.31287    0.28145  10.0% 10233 6705s
   673   292    0.28346   75  559    0.31287    0.28145  10.0% 10230 6727s
   675   293    0.28165   76  580    0.31287    0.28145  10.0% 10238 6754s
   676   294    0.28156   77  549    0.31287    0.28145  10.0% 10223 6756s
   677   295    0.28223   77  532    0.31287    0.28145  10.0% 10252 6782s
   678   295    0.28156   78  545    0.31287    0.28145  10.0% 10240 6786s
   679   296    0.28162   78  557    0.31287    0.28145  10.0% 10244 6800s
   681   297    0.28162   79  575    0.31287    0.28145  10.0% 10234 6815s
   683   299    0.28228   80  532    0.31287    0.28145  10.0% 10251 6846s
   685   299    0.28567   81  563    0.31287    0.28145  10.0% 10263 6872s
   687   300    0.28218   82  567    0.31287    0.28145  10.0% 10267 6895s
   689   302    0.28203   83  545    0.31287    0.28145  10.0% 10298 6936s
   690   302    0.28157   84  547    0.31287    0.28145  10.0% 10341 6959s
   691   303    0.28167   84  531    0.31287    0.28145  10.0% 10361 6982s
   693   304    0.28234   85  571    0.31287    0.28145  10.0% 10373 7009s
   694   305    0.28158   86  480    0.31287    0.28145  10.0% 10417 7032s
   695   306    0.28177   86  520    0.31287    0.28145  10.0% 10438 7101s

Cutting planes:
  Gomory: 87
  Cover: 95
  Implied bound: 407
  Projected implied bound: 112
  Clique: 22
  MIR: 767
  StrongCG: 44
  Flow cover: 1323
  GUB cover: 86
  Zero half: 24
  Network: 23
  RLT: 6
  Relax-and-lift: 1018
  BQP: 17
  PSD: 2

Explored 696 nodes (7641556 simplex iterations) in 7108.40 seconds (23105.80 work units)
Thread count was 1 (of 20 available processors)

Solution count 10: 0.312867 0.312903 0.313171 ... 0.315385

Time limit reached
Best objective 3.128668458057e-01, best bound 2.814538063444e-01, gap 10.0404%

User-callback calls 423467, time in user-callback 0.34 sec
