
Gurobi 13.0.2 (win64) logging started Sat Oct  3 07:08:16 2026

Set parameter LogFile to value "E:\codes\ExactEBRP\results\unified_exact_round100\certification_CF01\raw\04_F5_ENS-C\external\native_logs\L0.1_lp.gurobi.log"
Gurobi Optimizer version 13.0.2 build v13.0.2rc1 (win64 - Windows 10.0 (19045.2))

CPU model: 12th Gen Intel(R) Core(TM) i7-12700KF, instruction set [SSE2|AVX|AVX2]
Thread count: 12 physical cores, 20 logical processors, using up to 1 threads

Non-default parameters:
TimeLimit  7162.4633862
MIPGap  0
MIPGapAbs  0
LogToConsole  0
Threads  1

Optimize a model with 105416 rows, 26633 columns and 729224 nonzeros (Min)
Model fingerprint: 0x12580f3f
Model has 51 linear objective coefficients
Coefficient statistics:
  Matrix range     [1e-02, 2e+04]
  Objective range  [4e-02, 1e+00]
  Bounds range     [2e-01, 3e+03]
  RHS range        [4e-01, 7e+04]

Presolve removed 17796 rows and 252 columns
Presolve time: 0.39s
Presolved: 26381 rows, 114001 columns, 666524 nonzeros

Iteration    Objective       Primal Inf.    Dual Inf.      Time
       0      handle free variables                          0s

Solved in 9062 iterations and 2.56 seconds (7.79 work units)
Infeasible model

User-callback calls 9224, time in user-callback 0.00 sec
