
Gurobi 13.0.2 (win64) logging started Sat Aug  8 14:51:28 2026

Set parameter LogFile to value "E:\codes\ExactEBRP\results\gf_c6_documentation_hga_round34\runs\v10__round33_v10_moderate_M2_Q30_seed763364383__c6_hga_light__3600s\native.log"
Set parameter Threads to value 1
Set parameter Presolve to value -1
Set parameter Seed to value 0
Set parameter MIPGap to value 0
Set parameter MIPGapAbs to value 0
Warning: unknown variable 'r_max' in bounds section (line 4783)
Warning: unknown variable 'r_min' in bounds section (line 4784)
Read LP format model from file E:\codes\ExactEBRP\results\gf_c6_documentation_hga_round34\runs\v10__round33_v10_moderate_M2_Q30_seed763364383__c6_hga_light__3600s\external\models\L0.lp
Reading time = 0.01 seconds
obj: 4269 rows, 761 columns, 30504 nonzeros
Set parameter TimeLimit to value 3583.0656233
Warning: unknown variable 'r_max' in bounds section (line 4783)
Warning: unknown variable 'r_min' in bounds section (line 4784)
Read LP format model from file E:\codes\ExactEBRP\results\gf_c6_documentation_hga_round34\runs\v10__round33_v10_moderate_M2_Q30_seed763364383__c6_hga_light__3600s\external\models\L1.lp
Reading time = 0.01 seconds
obj: 4269 rows, 761 columns, 30626 nonzeros
Set parameter TimeLimit to value 3582.9565505
Warning: unknown variable 'r_max' in bounds section (line 4784)
Warning: unknown variable 'r_min' in bounds section (line 4785)
Read LP format model from file E:\codes\ExactEBRP\results\gf_c6_documentation_hga_round34\runs\v10__round33_v10_moderate_M2_Q30_seed763364383__c6_hga_light__3600s\external\models\L2.lp
Reading time = 0.01 seconds
obj: 4270 rows, 761 columns, 30630 nonzeros
Set parameter TimeLimit to value 3582.4124776
Warning: unknown variable 'r_max' in bounds section (line 4783)
Warning: unknown variable 'r_min' in bounds section (line 4784)
Read LP format model from file E:\codes\ExactEBRP\results\gf_c6_documentation_hga_round34\runs\v10__round33_v10_moderate_M2_Q30_seed763364383__c6_hga_light__3600s\external\models\L1.0.lp
Reading time = 0.01 seconds
obj: 4269 rows, 761 columns, 30626 nonzeros
Set parameter TimeLimit to value 3582.3016539
Warning: unknown variable 'r_max' in bounds section (line 4783)
Warning: unknown variable 'r_min' in bounds section (line 4784)
Read LP format model from file E:\codes\ExactEBRP\results\gf_c6_documentation_hga_round34\runs\v10__round33_v10_moderate_M2_Q30_seed763364383__c6_hga_light__3600s\external\models\L1.1.lp
Reading time = 0.01 seconds
obj: 4269 rows, 761 columns, 30626 nonzeros
Set parameter TimeLimit to value 3582.1884104
Warning: unknown variable 'r_max' in bounds section (line 4783)
Warning: unknown variable 'r_min' in bounds section (line 4784)
Read LP format model from file E:\codes\ExactEBRP\results\gf_c6_documentation_hga_round34\runs\v10__round33_v10_moderate_M2_Q30_seed763364383__c6_hga_light__3600s\external\models\L0.0.lp
Reading time = 0.01 seconds
obj: 4269 rows, 761 columns, 30504 nonzeros
Set parameter TimeLimit to value 3574.5377545
Warning: unknown variable 'r_max' in bounds section (line 4783)
Warning: unknown variable 'r_min' in bounds section (line 4784)
Read LP format model from file E:\codes\ExactEBRP\results\gf_c6_documentation_hga_round34\runs\v10__round33_v10_moderate_M2_Q30_seed763364383__c6_hga_light__3600s\external\models\L0.1.lp
Reading time = 0.01 seconds
obj: 4269 rows, 761 columns, 30626 nonzeros
Set parameter TimeLimit to value 3574.4289968
Warning: unknown variable 'r_max' in bounds section (line 4786)
Warning: unknown variable 'r_min' in bounds section (line 4787)
Read LP format model from file E:\codes\ExactEBRP\results\gf_c6_documentation_hga_round34\runs\v10__round33_v10_moderate_M2_Q30_seed763364383__c6_hga_light__3600s\external\models\L3.lp
Reading time = 0.01 seconds
obj: 4272 rows, 761 columns, 30638 nonzeros
Set parameter TimeLimit to value 3565.6440565
Warning: unknown variable 'r_max' in bounds section (line 4784)
Warning: unknown variable 'r_min' in bounds section (line 4785)
Read LP format model from file E:\codes\ExactEBRP\results\gf_c6_documentation_hga_round34\runs\v10__round33_v10_moderate_M2_Q30_seed763364383__c6_hga_light__3600s\external\models\L2.0.lp
Reading time = 0.01 seconds
obj: 4270 rows, 761 columns, 30630 nonzeros
Set parameter TimeLimit to value 3565.5412568
Warning: unknown variable 'r_max' in bounds section (line 4785)
Warning: unknown variable 'r_min' in bounds section (line 4786)
Read LP format model from file E:\codes\ExactEBRP\results\gf_c6_documentation_hga_round34\runs\v10__round33_v10_moderate_M2_Q30_seed763364383__c6_hga_light__3600s\external\models\L2.1.lp
Reading time = 0.01 seconds
obj: 4271 rows, 761 columns, 30634 nonzeros
Set parameter TimeLimit to value 3565.4389281
Warning: unknown variable 'r_max' in bounds section (line 4786)
Warning: unknown variable 'r_min' in bounds section (line 4787)
Read LP format model from file E:\codes\ExactEBRP\results\gf_c6_documentation_hga_round34\runs\v10__round33_v10_moderate_M2_Q30_seed763364383__c6_hga_light__3600s\external\models\L3.0.lp
Reading time = 0.01 seconds
obj: 4272 rows, 761 columns, 30638 nonzeros
Set parameter TimeLimit to value 3560.9613861
Warning: unknown variable 'r_max' in bounds section (line 4788)
Warning: unknown variable 'r_min' in bounds section (line 4789)
Read LP format model from file E:\codes\ExactEBRP\results\gf_c6_documentation_hga_round34\runs\v10__round33_v10_moderate_M2_Q30_seed763364383__c6_hga_light__3600s\external\models\L3.1.lp
Reading time = 0.01 seconds
obj: 4274 rows, 761 columns, 30646 nonzeros
Set parameter TimeLimit to value 3560.8639908
Warning: unknown variable 'r_max' in bounds section (line 4786)
Warning: unknown variable 'r_min' in bounds section (line 4787)
Read LP format model from file E:\codes\ExactEBRP\results\gf_c6_documentation_hga_round34\runs\v10__round33_v10_moderate_M2_Q30_seed763364383__c6_hga_light__3600s\external\models\L3.0.0.lp
Reading time = 0.01 seconds
obj: 4272 rows, 761 columns, 30638 nonzeros
Set parameter TimeLimit to value 3560.7716538
Warning: unknown variable 'r_max' in bounds section (line 4786)
Warning: unknown variable 'r_min' in bounds section (line 4787)
Read LP format model from file E:\codes\ExactEBRP\results\gf_c6_documentation_hga_round34\runs\v10__round33_v10_moderate_M2_Q30_seed763364383__c6_hga_light__3600s\external\models\L3.0.1.lp
Reading time = 0.01 seconds
obj: 4272 rows, 761 columns, 30638 nonzeros
Set parameter TimeLimit to value 3560.6763437
