
Gurobi 13.0.2 (win64) logging started Fri Jul 24 23:54:21 2026

Set parameter LogFile to value "E:\codes\ExactEBRP\results\gf_nonblocking_gurobi_c6_round31\runs\stage3__round31_sealed_moderate_V50_seed1112848618__c5_candidate__300s\external\native_logs\L1.0_lp.gurobi.log"
Gurobi Optimizer version 13.0.2 build v13.0.2rc1 (win64 - Windows 10.0 (19045.2))

CPU model: 12th Gen Intel(R) Core(TM) i7-12700KF, instruction set [SSE2|AVX|AVX2]
Thread count: 12 physical cores, 20 logical processors, using up to 1 threads

Non-default parameters:
TimeLimit  123.8663469
MIPGap  0
MIPGapAbs  0
LogToConsole  0
Threads  1

Optimize a model with 93003 rows, 18185 columns and 665732 nonzeros (Min)
Model fingerprint: 0x0e957ee6
Model has 51 linear objective coefficients
Coefficient statistics:
  Matrix range     [7e-03, 2e+04]
  Objective range  [7e-03, 1e+00]
  Bounds range     [2e-01, 2e+03]
  RHS range        [2e-01, 5e+04]

Presolve removed 5245 rows and 255 columns
Presolve time: 0.40s
Presolved: 17929 rows, 105731 columns, 664027 nonzeros

Iteration    Objective       Primal Inf.    Dual Inf.      Time
       0      handle free variables                          0s

Extra simplex iterations after uncrush: 3

Extra simplex iterations from dual to original model: 11
    9855    4.7162103e-01   0.000000e+00   0.000000e+00      4s

Solved in 9855 iterations and 3.64 seconds (12.19 work units)
Optimal objective  4.716210287e-01

User-callback calls 10029, time in user-callback 0.00 sec
