
Gurobi 13.0.2 (win64) logging started Fri Jul 24 23:54:29 2026

Set parameter LogFile to value "E:\codes\ExactEBRP\results\gf_nonblocking_gurobi_c6_round31\runs\stage3__round31_sealed_moderate_V50_seed1112848618__c5_candidate__300s\external\native_logs\L1_partial_target_mip.gurobi.log"
Gurobi Optimizer version 13.0.2 build v13.0.2rc1 (win64 - Windows 10.0 (19045.2))

CPU model: 12th Gen Intel(R) Core(TM) i7-12700KF, instruction set [SSE2|AVX|AVX2]
Thread count: 12 physical cores, 20 logical processors, using up to 1 threads

Non-default parameters:
TimeLimit  1.1513966769999999e+02
MIPGap  0
MIPGapAbs  0
LogToConsole  0
Threads  1

Optimize a model with 93003 rows, 18185 columns and 665732 nonzeros (Min)
Model fingerprint: 0x34c01080
Model has 51 linear objective coefficients
Variable types: 9457 continuous, 8728 integer (8228 binary)
Coefficient statistics:
  Matrix range     [7e-03, 2e+04]
  Objective range  [7e-03, 1e+00]
  Bounds range     [2e-01, 2e+03]
  RHS range        [2e-01, 5e+04]

Presolve removed 6200 rows and 107 columns
Presolve time: 1.86s
Presolved: 86803 rows, 18078 columns, 638040 nonzeros
Variable types: 9355 continuous, 8723 integer (8226 binary)
Root relaxation presolved: 17934 rows, 104508 columns, 655519 nonzeros


Root simplex log...

Iteration    Objective       Primal Inf.    Dual Inf.      Time
    9206    4.8447965e-01   1.419664e+02   0.000000e+00      5s
    9773    4.7598244e-01   0.000000e+00   0.000000e+00      5s
    9773    4.7598244e-01   0.000000e+00   0.000000e+00      5s
   11476    4.7598419e-01   0.000000e+00   0.000000e+00      7s

Extra simplex iterations from dual to original model: 1703

Root relaxation: objective 4.759842e-01, 11476 iterations, 4.70 seconds (14.66 work units)

    Nodes    |    Current Node    |     Objective Bounds      |     Work
 Expl Unexpl |  Obj  Depth IntInf | Incumbent    BestBd   Gap | It/Node Time

     0     0    0.47598    0  522          -    0.47598      -     -    6s

Explored 1 nodes (11476 simplex iterations) in 6.85 seconds (18.54 work units)
Thread count was 1 (of 20 available processors)

Solution count 0

Solve interrupted
Best objective -, best bound 4.759841873281e-01, gap -

User-callback calls 1038, time in user-callback 0.00 sec
