
Gurobi 13.0.2 (win64) logging started Wed Sep 30 11:02:19 2026

Set parameter LogFile to value "E:\codes\ExactEBRP\results\unified_exact_round97\development02\raw\08_V1_OFF\native.log"
Set parameter Threads to value 1
Set parameter Presolve to value -1
Set parameter Seed to value 0
Set parameter MIPGap to value 0
Set parameter MIPGapAbs to value 0
Warning: unknown variable 'r_max' in bounds section (line 34771)
Warning: unknown variable 'r_min' in bounds section (line 34772)
Read LP format model from file E:\codes\ExactEBRP\results\unified_exact_round97\development02\raw\08_V1_OFF\external\models\L0.lp
Reading time = 0.07 seconds
obj: 30999 rows, 8787 columns, 192624 nonzeros
Set parameter TimeLimit to value 1792.3109375
Warning: unknown variable 'r_max' in bounds section (line 34771)
Warning: unknown variable 'r_min' in bounds section (line 34772)
Read LP format model from file E:\codes\ExactEBRP\results\unified_exact_round97\development02\raw\08_V1_OFF\external\models\L0.0.lp
Reading time = 0.07 seconds
obj: 30999 rows, 8787 columns, 192624 nonzeros
Set parameter TimeLimit to value 1790.138517
Warning: unknown variable 'r_max' in bounds section (line 34763)
Warning: unknown variable 'r_min' in bounds section (line 34764)
Read LP format model from file E:\codes\ExactEBRP\results\unified_exact_round97\development02\raw\08_V1_OFF\external\models\L0.1.lp
Reading time = 0.07 seconds
obj: 30991 rows, 8779 columns, 193680 nonzeros
Set parameter TimeLimit to value 1788.1316114
