
Gurobi 13.0.2 (win64) logging started Fri Aug  7 21:19:11 2026

Set parameter LogFile to value "E:\codes\ExactEBRP\results\gf_v10_convergence_round33\runs\stage1__round33_v10_moderate_M2_Q30_seed763364383__c6_frozen__3600s\native.log"
Set parameter Threads to value 1
Set parameter Presolve to value -1
Set parameter Seed to value 0
Set parameter MIPGap to value 0
Set parameter MIPGapAbs to value 0
Warning: unknown variable 'r_max' in bounds section (line 4783)
Warning: unknown variable 'r_min' in bounds section (line 4784)
Read LP format model from file E:\codes\ExactEBRP\results\gf_v10_convergence_round33\runs\stage1__round33_v10_moderate_M2_Q30_seed763364383__c6_frozen__3600s\external\models\L0.lp
Reading time = 0.01 seconds
obj: 4269 rows, 761 columns, 30504 nonzeros
Set parameter TimeLimit to value 3581.5378469
Warning: unknown variable 'r_max' in bounds section (line 4783)
Warning: unknown variable 'r_min' in bounds section (line 4784)
Read LP format model from file E:\codes\ExactEBRP\results\gf_v10_convergence_round33\runs\stage1__round33_v10_moderate_M2_Q30_seed763364383__c6_frozen__3600s\external\models\L1.lp
Reading time = 0.01 seconds
obj: 4269 rows, 761 columns, 30626 nonzeros
Set parameter TimeLimit to value 3581.4304564
Warning: unknown variable 'r_max' in bounds section (line 4784)
Warning: unknown variable 'r_min' in bounds section (line 4785)
Read LP format model from file E:\codes\ExactEBRP\results\gf_v10_convergence_round33\runs\stage1__round33_v10_moderate_M2_Q30_seed763364383__c6_frozen__3600s\external\models\L2.lp
Reading time = 0.01 seconds
obj: 4270 rows, 761 columns, 30630 nonzeros
Set parameter TimeLimit to value 3580.904483
Warning: unknown variable 'r_max' in bounds section (line 4783)
Warning: unknown variable 'r_min' in bounds section (line 4784)
Read LP format model from file E:\codes\ExactEBRP\results\gf_v10_convergence_round33\runs\stage1__round33_v10_moderate_M2_Q30_seed763364383__c6_frozen__3600s\external\models\L1.0.lp
Reading time = 0.01 seconds
obj: 4269 rows, 761 columns, 30626 nonzeros
Set parameter TimeLimit to value 3580.8008893
Warning: unknown variable 'r_max' in bounds section (line 4783)
Warning: unknown variable 'r_min' in bounds section (line 4784)
Read LP format model from file E:\codes\ExactEBRP\results\gf_v10_convergence_round33\runs\stage1__round33_v10_moderate_M2_Q30_seed763364383__c6_frozen__3600s\external\models\L1.1.lp
Reading time = 0.01 seconds
obj: 4269 rows, 761 columns, 30626 nonzeros
Set parameter TimeLimit to value 3580.6936058
Warning: unknown variable 'r_max' in bounds section (line 4783)
Warning: unknown variable 'r_min' in bounds section (line 4784)
Read LP format model from file E:\codes\ExactEBRP\results\gf_v10_convergence_round33\runs\stage1__round33_v10_moderate_M2_Q30_seed763364383__c6_frozen__3600s\external\models\L0.0.lp
Reading time = 0.01 seconds
obj: 4269 rows, 761 columns, 30504 nonzeros
Set parameter TimeLimit to value 3573.0322912
Warning: unknown variable 'r_max' in bounds section (line 4783)
Warning: unknown variable 'r_min' in bounds section (line 4784)
Read LP format model from file E:\codes\ExactEBRP\results\gf_v10_convergence_round33\runs\stage1__round33_v10_moderate_M2_Q30_seed763364383__c6_frozen__3600s\external\models\L0.1.lp
Reading time = 0.01 seconds
obj: 4269 rows, 761 columns, 30626 nonzeros
Set parameter TimeLimit to value 3572.8912131
Warning: unknown variable 'r_max' in bounds section (line 4786)
Warning: unknown variable 'r_min' in bounds section (line 4787)
Read LP format model from file E:\codes\ExactEBRP\results\gf_v10_convergence_round33\runs\stage1__round33_v10_moderate_M2_Q30_seed763364383__c6_frozen__3600s\external\models\L3.lp
Reading time = 0.01 seconds
obj: 4272 rows, 761 columns, 30638 nonzeros
Set parameter TimeLimit to value 3564.1503197
Warning: unknown variable 'r_max' in bounds section (line 4784)
Warning: unknown variable 'r_min' in bounds section (line 4785)
Read LP format model from file E:\codes\ExactEBRP\results\gf_v10_convergence_round33\runs\stage1__round33_v10_moderate_M2_Q30_seed763364383__c6_frozen__3600s\external\models\L2.0.lp
Reading time = 0.01 seconds
obj: 4270 rows, 761 columns, 30630 nonzeros
Set parameter TimeLimit to value 3564.0516364
Warning: unknown variable 'r_max' in bounds section (line 4785)
Warning: unknown variable 'r_min' in bounds section (line 4786)
Read LP format model from file E:\codes\ExactEBRP\results\gf_v10_convergence_round33\runs\stage1__round33_v10_moderate_M2_Q30_seed763364383__c6_frozen__3600s\external\models\L2.1.lp
Reading time = 0.01 seconds
obj: 4271 rows, 761 columns, 30634 nonzeros
Set parameter TimeLimit to value 3563.9523797
Warning: unknown variable 'r_max' in bounds section (line 4786)
Warning: unknown variable 'r_min' in bounds section (line 4787)
Read LP format model from file E:\codes\ExactEBRP\results\gf_v10_convergence_round33\runs\stage1__round33_v10_moderate_M2_Q30_seed763364383__c6_frozen__3600s\external\models\L3.0.lp
Reading time = 0.01 seconds
obj: 4272 rows, 761 columns, 30638 nonzeros
Set parameter TimeLimit to value 3559.5005889
Warning: unknown variable 'r_max' in bounds section (line 4788)
Warning: unknown variable 'r_min' in bounds section (line 4789)
Read LP format model from file E:\codes\ExactEBRP\results\gf_v10_convergence_round33\runs\stage1__round33_v10_moderate_M2_Q30_seed763364383__c6_frozen__3600s\external\models\L3.1.lp
Reading time = 0.01 seconds
obj: 4274 rows, 761 columns, 30646 nonzeros
Set parameter TimeLimit to value 3.5594011351999998e+03
Warning: unknown variable 'r_max' in bounds section (line 4786)
Warning: unknown variable 'r_min' in bounds section (line 4787)
Read LP format model from file E:\codes\ExactEBRP\results\gf_v10_convergence_round33\runs\stage1__round33_v10_moderate_M2_Q30_seed763364383__c6_frozen__3600s\external\models\L3.0.0.lp
Reading time = 0.01 seconds
obj: 4272 rows, 761 columns, 30638 nonzeros
Set parameter TimeLimit to value 3559.3062763
Warning: unknown variable 'r_max' in bounds section (line 4786)
Warning: unknown variable 'r_min' in bounds section (line 4787)
Read LP format model from file E:\codes\ExactEBRP\results\gf_v10_convergence_round33\runs\stage1__round33_v10_moderate_M2_Q30_seed763364383__c6_frozen__3600s\external\models\L3.0.1.lp
Reading time = 0.01 seconds
obj: 4272 rows, 761 columns, 30638 nonzeros
Set parameter TimeLimit to value 3559.2115528
