
Gurobi 13.0.2 (win64) logging started Sat Aug  8 15:23:23 2026

Set parameter LogFile to value "E:\codes\ExactEBRP\results\gf_c6_documentation_hga_round34\runs\transfer__tight_T_seed4101__c6_simple_start__3600s\external\native_logs\L0.1_c6_1_next_leaf_target_mip.gurobi.log"
Gurobi Optimizer version 13.0.2 build v13.0.2rc1 (win64 - Windows 10.0 (19045.2))

CPU model: 12th Gen Intel(R) Core(TM) i7-12700KF, instruction set [SSE2|AVX|AVX2]
Thread count: 12 physical cores, 20 logical processors, using up to 1 threads

Non-default parameters:
TimeLimit  3582.5787946
MIPGap  0
MIPGapAbs  0
LogToConsole  0
Threads  1

Optimize a model with 11895 rows, 3372 columns and 67343 nonzeros (Min)
Model fingerprint: 0xf26454b0
Model has 21 linear objective coefficients
Variable types: 1683 continuous, 1689 integer (1489 binary)
Coefficient statistics:
  Matrix range     [7e-03, 2e+04]
  Objective range  [7e-03, 1e+00]
  Bounds range     [9e-02, 1e+03]
  RHS range        [9e-02, 5e+04]

Presolve removed 1584 rows and 70 columns
Presolve time: 0.20s
Presolved: 10311 rows, 3302 columns, 66162 nonzeros
Variable types: 1638 continuous, 1664 integer (1479 binary)

Root relaxation: objective 3.730154e-01, 3608 iterations, 0.22 seconds (0.57 work units)

    Nodes    |    Current Node    |     Objective Bounds      |     Work
 Expl Unexpl |  Obj  Depth IntInf | Incumbent    BestBd   Gap | It/Node Time

     0     0    0.37302    0  250          -    0.37302      -     -    0s
     0     0    0.39787    0  249          -    0.39787      -     -    0s
     0     0    0.46040    0  306          -    0.46040      -     -    1s

Cutting planes:
  Learned: 5
  Gomory: 1
  Cover: 24
  Implied bound: 103
  Clique: 9
  MIR: 221
  StrongCG: 10
  Flow cover: 83
  Zero half: 5
  Network: 17
  RLT: 13
  Relax-and-lift: 64
  BQP: 28
  PSD: 2

Explored 1 nodes (6828 simplex iterations) in 1.56 seconds (2.89 work units)
Thread count was 1 (of 20 available processors)

Solution count 0

Solve interrupted
Best objective -, best bound 4.603965219427e-01, gap -

User-callback calls 1185, time in user-callback 0.00 sec
