
Gurobi 13.0.2 (win64) logging started Sat Aug  8 15:23:21 2026

Set parameter LogFile to value "E:\codes\ExactEBRP\results\gf_c6_documentation_hga_round34\runs\transfer__tight_T_seed4101__c6_simple_start__3600s\external\native_logs\L0_c6_1_next_leaf_target_mip.gurobi.log"
Gurobi Optimizer version 13.0.2 build v13.0.2rc1 (win64 - Windows 10.0 (19045.2))

CPU model: 12th Gen Intel(R) Core(TM) i7-12700KF, instruction set [SSE2|AVX|AVX2]
Thread count: 12 physical cores, 20 logical processors, using up to 1 threads

Non-default parameters:
TimeLimit  3584.319777
MIPGap  0
MIPGapAbs  0
LogToConsole  0
Threads  1

Optimize a model with 11895 rows, 3372 columns and 67105 nonzeros (Min)
Model fingerprint: 0xca9edfc2
Model has 21 linear objective coefficients
Variable types: 1683 continuous, 1689 integer (1489 binary)
Coefficient statistics:
  Matrix range     [7e-03, 2e+04]
  Objective range  [7e-03, 1e+00]
  Bounds range     [2e-01, 1e+03]
  RHS range        [2e-01, 5e+04]

Presolve removed 1670 rows and 68 columns
Presolve time: 0.19s
Presolved: 10225 rows, 3304 columns, 70043 nonzeros
Variable types: 1626 continuous, 1678 integer (1482 binary)

Root relaxation: objective 3.366021e-01, 3840 iterations, 0.25 seconds (0.72 work units)

    Nodes    |    Current Node    |     Objective Bounds      |     Work
 Expl Unexpl |  Obj  Depth IntInf | Incumbent    BestBd   Gap | It/Node Time

     0     0    0.33660    0  273          -    0.33660      -     -    0s
     0     0    0.36690    0  262          -    0.36690      -     -    0s

Explored 1 nodes (4852 simplex iterations) in 0.69 seconds (1.66 work units)
Thread count was 1 (of 20 available processors)

Solution count 0

Solve interrupted
Best objective -, best bound 3.668976857128e-01, gap -

User-callback calls 798, time in user-callback 0.00 sec
