
Gurobi 13.0.2 (win64) logging started Fri Aug  7 22:17:18 2026

Set parameter LogFile to value "E:\codes\ExactEBRP\results\gf_v10_convergence_round33\runs\stage3__round33_v10_moderate_M2_Q20_seed1118884127__c6_frozen__repeat1__3600s\native.log"
Set parameter Threads to value 1
Set parameter Presolve to value -1
Set parameter Seed to value 0
Set parameter MIPGap to value 0
Set parameter MIPGapAbs to value 0
Warning: unknown variable 'r_max' in bounds section (line 4788)
Warning: unknown variable 'r_min' in bounds section (line 4789)
Read LP format model from file E:\codes\ExactEBRP\results\gf_v10_convergence_round33\runs\stage3__round33_v10_moderate_M2_Q20_seed1118884127__c6_frozen__repeat1__3600s\external\models\L0.lp
Reading time = 0.01 seconds
obj: 4274 rows, 761 columns, 30526 nonzeros
Set parameter TimeLimit to value 3582.3509027
Warning: unknown variable 'r_max' in bounds section (line 4789)
Warning: unknown variable 'r_min' in bounds section (line 4790)
Read LP format model from file E:\codes\ExactEBRP\results\gf_v10_convergence_round33\runs\stage3__round33_v10_moderate_M2_Q20_seed1118884127__c6_frozen__repeat1__3600s\external\models\L1.lp
Reading time = 0.01 seconds
obj: 4275 rows, 761 columns, 30652 nonzeros
Set parameter TimeLimit to value 3582.1759297
Warning: unknown variable 'r_max' in bounds section (line 4790)
Warning: unknown variable 'r_min' in bounds section (line 4791)
Read LP format model from file E:\codes\ExactEBRP\results\gf_v10_convergence_round33\runs\stage3__round33_v10_moderate_M2_Q20_seed1118884127__c6_frozen__repeat1__3600s\external\models\L2.lp
Reading time = 0.01 seconds
obj: 4276 rows, 761 columns, 30656 nonzeros
Set parameter TimeLimit to value 3581.9894207
Warning: unknown variable 'r_max' in bounds section (line 4791)
Warning: unknown variable 'r_min' in bounds section (line 4792)
Read LP format model from file E:\codes\ExactEBRP\results\gf_v10_convergence_round33\runs\stage3__round33_v10_moderate_M2_Q20_seed1118884127__c6_frozen__repeat1__3600s\external\models\L3.lp
Reading time = 0.01 seconds
obj: 4277 rows, 761 columns, 30660 nonzeros
Set parameter TimeLimit to value 3581.6851662
Warning: unknown variable 'r_max' in bounds section (line 4790)
Warning: unknown variable 'r_min' in bounds section (line 4791)
Read LP format model from file E:\codes\ExactEBRP\results\gf_v10_convergence_round33\runs\stage3__round33_v10_moderate_M2_Q20_seed1118884127__c6_frozen__repeat1__3600s\external\models\L2.0.lp
Reading time = 0.01 seconds
obj: 4276 rows, 761 columns, 30656 nonzeros
Set parameter TimeLimit to value 3580.8539972
Warning: unknown variable 'r_max' in bounds section (line 4790)
Warning: unknown variable 'r_min' in bounds section (line 4791)
Read LP format model from file E:\codes\ExactEBRP\results\gf_v10_convergence_round33\runs\stage3__round33_v10_moderate_M2_Q20_seed1118884127__c6_frozen__repeat1__3600s\external\models\L2.1.lp
Reading time = 0.01 seconds
obj: 4276 rows, 761 columns, 30656 nonzeros
Set parameter TimeLimit to value 3580.7615593
Warning: unknown variable 'r_max' in bounds section (line 4791)
Warning: unknown variable 'r_min' in bounds section (line 4792)
Read LP format model from file E:\codes\ExactEBRP\results\gf_v10_convergence_round33\runs\stage3__round33_v10_moderate_M2_Q20_seed1118884127__c6_frozen__repeat1__3600s\external\models\L3.0.lp
Reading time = 0.01 seconds
obj: 4277 rows, 761 columns, 30660 nonzeros
Set parameter TimeLimit to value 3580.6149244
Warning: unknown variable 'r_max' in bounds section (line 4791)
Warning: unknown variable 'r_min' in bounds section (line 4792)
Read LP format model from file E:\codes\ExactEBRP\results\gf_v10_convergence_round33\runs\stage3__round33_v10_moderate_M2_Q20_seed1118884127__c6_frozen__repeat1__3600s\external\models\L3.1.lp
Reading time = 0.01 seconds
obj: 4277 rows, 761 columns, 30660 nonzeros
Set parameter TimeLimit to value 3580.5270141
