
Gurobi 13.0.2 (win64) logging started Fri Aug  7 22:17:50 2026

Set parameter LogFile to value "E:\codes\ExactEBRP\results\gf_v10_convergence_round33\runs\stage3__round33_v10_tight_T_M2_Q30_seed1783646009__c6_frozen__repeat1__3600s\external\native_logs\L2.0_lp.gurobi.log"
Gurobi Optimizer version 13.0.2 build v13.0.2rc1 (win64 - Windows 10.0 (19045.2))

CPU model: 12th Gen Intel(R) Core(TM) i7-12700KF, instruction set [SSE2|AVX|AVX2]
Thread count: 12 physical cores, 20 logical processors, using up to 1 threads

Non-default parameters:
TimeLimit  3577.392574
MIPGap  0
MIPGapAbs  0
LogToConsole  0
Threads  1

Optimize a model with 4261 rows, 759 columns and 30613 nonzeros (Min)
Model fingerprint: 0x778d89c6
Model has 11 linear objective coefficients
Coefficient statistics:
  Matrix range     [1e-02, 1e+05]
  Objective range  [1e-02, 1e+00]
  Bounds range     [3e-01, 1e+02]
  RHS range        [3e-01, 1e+06]

Presolve removed 373 rows and 49 columns
Presolve time: 0.01s
Presolved: 3888 rows, 711 columns, 25626 nonzeros

Iteration    Objective       Primal Inf.    Dual Inf.      Time
       0    4.8796568e-01   9.214103e+01   0.000000e+00      0s

Extra simplex iterations after uncrush: 1
     730    5.3047342e-01   0.000000e+00   0.000000e+00      0s

Solved in 730 iterations and 0.04 seconds (0.11 work units)
Optimal objective  5.304734181e-01

User-callback calls 876, time in user-callback 0.00 sec
