
Gurobi 13.0.2 (win64) logging started Fri Aug  7 21:20:06 2026

Set parameter LogFile to value "E:\codes\ExactEBRP\results\gf_v10_convergence_round33\runs\stage1__round33_v10_high_imbalance_M3_Q20_seed434104496__p_grb__3600s\native.log"
Set parameter Threads to value 1
Set parameter Presolve to value -1
Set parameter Seed to value 0
Set parameter MIPGap to value 0
Set parameter MIPGapAbs to value 0
Set parameter TimeLimit to value 3600
Read LP format model from file E:\codes\ExactEBRP\results\gf_v10_convergence_round33\runs\stage1__round33_v10_high_imbalance_M3_Q20_seed434104496__p_grb__3600s\canonical.lp
Reading time = 0.00 seconds
obj: 1535 rows, 704 columns, 6499 nonzeros
Set parameter TimeLimit to value 3584.9724077
Gurobi Optimizer version 13.0.2 build v13.0.2rc1 (win64 - Windows 10.0 (19045.2))

CPU model: 12th Gen Intel(R) Core(TM) i7-12700KF, instruction set [SSE2|AVX|AVX2]
Thread count: 12 physical cores, 20 logical processors, using up to 1 threads

Non-default parameters:
TimeLimit  3584.9724077
MIPGap  0
MIPGapAbs  0
LogToConsole  0
Threads  1

Optimize a model with 1535 rows, 704 columns and 6499 nonzeros (Min)
Model fingerprint: 0x4fcdb179
Model has 11 linear objective coefficients
Variable types: 160 continuous, 544 integer (444 binary)
Coefficient statistics:
  Matrix range     [3e-02, 5e+02]
  Objective range  [1e-02, 1e+00]
  Bounds range     [1e+00, 6e+01]
  RHS range        [1e+00, 4e+03]

Presolve removed 114 rows and 39 columns
Presolve time: 0.03s
Presolved: 1421 rows, 665 columns, 8289 nonzeros
Variable types: 94 continuous, 571 integer (432 binary)
Found heuristic solution: objective 7.9343056

Root relaxation: objective 2.600257e+00, 715 iterations, 0.02 seconds (0.03 work units)

    Nodes    |    Current Node    |     Objective Bounds      |     Work
 Expl Unexpl |  Obj  Depth IntInf | Incumbent    BestBd   Gap | It/Node Time

     0     0    2.60026    0  177    7.93431    2.60026  67.2%     -    0s
     0     0    2.60256    0  176    7.93431    2.60256  67.2%     -    0s
H    0     0                       7.8386414    2.60256  66.8%     -    0s
     0     0    2.78562    0  203    7.83864    2.78562  64.5%     -    0s
H    0     0                       7.6943804    2.78562  63.8%     -    0s
     0     0    2.79330    0  204    7.69438    2.79330  63.7%     -    0s
     0     0    2.79645    0  233    7.69438    2.79645  63.7%     -    0s
     0     0    2.79666    0  235    7.69438    2.79666  63.7%     -    0s
     0     0    2.79667    0  237    7.69438    2.79667  63.7%     -    0s
     0     0    2.91801    0  252    7.69438    2.91801  62.1%     -    0s
H    0     0                       7.6833325    2.91811  62.0%     -    0s
     0     0    2.92701    0  254    7.68333    2.92701  61.9%     -    0s
     0     0    2.92704    0  246    7.68333    2.92704  61.9%     -    0s
     0     0    2.93155    0  249    7.68333    2.93155  61.8%     -    0s
     0     0    2.93458    0  255    7.68333    2.93458  61.8%     -    0s
     0     0    2.93482    0  261    7.68333    2.93482  61.8%     -    0s
     0     0    2.93482    0  263    7.68333    2.93482  61.8%     -    0s
     0     0    2.93532    0  269    7.68333    2.93532  61.8%     -    0s
H    0     0                       7.6752755    2.93544  61.8%     -    0s
     0     0    2.95408    0  249    7.67528    2.95408  61.5%     -    0s
     0     0    2.95596    0  262    7.67528    2.95596  61.5%     -    0s
     0     0    2.95613    0  247    7.67528    2.95613  61.5%     -    0s
     0     0    2.95996    0  235    7.67528    2.95996  61.4%     -    0s
H    0     0                       7.4532122    2.95996  60.3%     -    0s
     0     0    2.96010    0  229    7.45321    2.96010  60.3%     -    0s
     0     0    2.96070    0  246    7.45321    2.96070  60.3%     -    0s
H    0     0                       7.4527636    2.96070  60.3%     -    0s
H    0     0                       7.4488358    2.96070  60.3%     -    0s
H    0     0                       7.4481298    2.96070  60.2%     -    0s
     0     0    2.96071    0  250    7.44813    2.96071  60.2%     -    0s
     0     0    2.96071    0  252    7.44813    2.96071  60.2%     -    0s
     0     0    2.96071    0  252    7.44813    2.96071  60.2%     -    0s
     0     0    2.96071    0  246    7.44813    2.96071  60.2%     -    0s
H    0     0                       3.4579240    2.96071  14.4%     -    0s
H    0     0                       3.4304825    2.96071  13.7%     -    0s
H    0     0                       3.4302381    2.96071  13.7%     -    0s
     0     2    2.96071    0  246    3.43024    2.96071  13.7%     -    0s
H    2     2                       3.3645854    2.98271  11.3%  2062    1s
H    2     2                       3.3642324    2.98271  11.3%  2062    1s
H    2     2                       3.3609908    2.98271  11.3%  2062    1s
H    4     4                       3.3576024    2.98649  11.1%  1704    1s
H    9     9                       3.3573620    2.98649  11.0%  1322    1s
H    9     9                       3.3567690    2.98649  11.0%  1322    1s
H    9     9                       3.3491409    2.98649  10.8%  1322    1s
H   12    12                       3.3462636    2.98649  10.8%  1260    1s
H   30    18                       3.3455587    2.98719  10.7%   670    1s
H   52    30                       3.3435205    2.98719  10.7%   491    2s
H   52    30                       3.3423517    2.98719  10.6%   491    2s
H  144    88                       3.3394807    2.99896  10.2%   291    2s
H  144    86                       3.2734776    2.99896  8.39%   291    2s
H  192   118                       3.2577800    3.01132  7.57%   237    2s
H  192   118                       3.2577260    3.01132  7.56%   237    2s
   674   417    3.17652   21  246    3.25773    3.04615  6.49%   120    5s
H  700   414                       3.2516708    3.06614  5.71%   143    7s
H  700   393                       3.2507218    3.06614  5.68%   143    7s
H  700   373                       3.2505316    3.06614  5.67%   143    7s
H  702   355                       3.2498212    3.06614  5.65%   142    7s
H  704   338                       3.2474983    3.06614  5.58%   143    7s
H  704   321                       3.2474501    3.06614  5.58%   143    7s
H  704   305                       3.2472887    3.06614  5.58%   143    7s
H  713   294                       3.2472887    3.06614  5.58%   144    8s
   780   316    3.12388   28  144    3.24729    3.06625  5.58%   148   10s
H  852   324                       3.2472887    3.06625  5.58%   145   11s
  1347   407    3.22177   38  108    3.24729    3.07790  5.22%   135   15s
  2412   679    3.12900   29  167    3.24729    3.12388  3.80%   125   20s
  3505   918 infeasible   38         3.24729    3.14433  3.17%   115   25s
* 4665  1238              58       3.2467050    3.15406  2.85%   109   29s
H 4670  1206                       3.2436209    3.15406  2.76%   109   29s
H 4687  1221                       3.2436191    3.15406  2.76%   109   29s
  4714  1236    3.15407   33  115    3.24362    3.15406  2.76%   109   30s
H 4715  1235                       3.2435579    3.15406  2.76%   109   30s
H 4770  1254                       3.2435476    3.15411  2.76%   109   30s
H 4773  1257                       3.2435265    3.15413  2.76%   109   30s
* 5420  1317              67       3.2329827    3.15668  2.36%   105   32s
* 5421  1048              67       3.2196078    3.15668  1.95%   105   32s
H 5832  1114                       3.2192454    3.15930  1.86%   104   34s
H 5832  1110                       3.2190876    3.15930  1.86%   104   34s
H 5832  1062                       3.2171540    3.15930  1.80%   104   34s
H 5832  1060                       3.2170329    3.15930  1.79%   104   34s
H 5832  1057                       3.2168902    3.15930  1.79%   104   34s
H 5832  1050                       3.2168300    3.15930  1.79%   104   34s
H 5832  1039                       3.2164084    3.15930  1.78%   104   34s
H 5940  1064                       3.2164032    3.16033  1.74%   104   34s
H 5940  1056                       3.2160123    3.16033  1.73%   104   34s
  6044  1078    3.16176   37  119    3.21601    3.16037  1.73%   103   35s
  7438  1216    3.18171   36  143    3.21601    3.16596  1.56%  98.9   40s
  9228  1332    3.19153   38  113    3.21601    3.17581  1.25%  92.6   45s
 10202  1406 infeasible   40         3.21601    3.17955  1.13%  90.6   55s
 11781  1423    3.19602   38  133    3.21601    3.18523  0.96%  89.3   60s
 13626  1454    3.19571   36  137    3.21601    3.19154  0.76%  86.2   65s
 15858  1454    3.19888   37  141    3.21601    3.19767  0.57%  82.6   70s
*16438  1511              68       3.2159714    3.19882  0.53%  81.3   71s
*18234  1636              54       3.2145105    3.20117  0.41%  77.0   73s
*18237  1604              52       3.2143472    3.20117  0.41%  77.0   73s
*18640  1702              57       3.2140868    3.20128  0.40%  75.7   74s
*18641  1688              56       3.2139098    3.20128  0.39%  75.7   74s
 19299  1853    3.21232   51   28    3.21391    3.20128  0.39%  73.7   75s
 23352  2278     cutoff   41         3.21391    3.20274  0.35%  65.1   80s
 27362  2256    3.20988   53   52    3.21391    3.20564  0.26%  59.3   85s
 31425  1959    3.21246   59   25    3.21391    3.20844  0.17%  54.2   90s
 36172  1085    3.21101   43   45    3.21391    3.21099  0.09%  49.7   95s

Cutting planes:
  Learned: 22
  Gomory: 30
  Cover: 154
  Implied bound: 317
  Projected implied bound: 27
  Clique: 31
  MIR: 126
  Knapsack: 2
  StrongCG: 19
  Flow cover: 161
  GUB cover: 8
  Inf proof: 44
  Zero half: 5
  RLT: 14
  Relax-and-lift: 40
  BQP: 20

Explored 38387 nodes (1848392 simplex iterations) in 97.20 seconds (149.21 work units)
Thread count was 1 (of 20 available processors)

Solution count 10: 3.21391 3.21391 3.21409 ... 3.21683

Optimal solution found (tolerance 0.00e+00)
Best objective 3.213909822987e+00, best bound 3.213909822987e+00, gap 0.0000%

User-callback calls 110628, time in user-callback 0.06 sec
