
Gurobi 13.0.2 (win64) logging started Fri Jul 24 18:51:35 2026

Set parameter LogFile to value "E:\codes\ExactEBRP\results\gf_nonblocking_gurobi_c6_round31\development\high_imbalance_seed6202__c6_candidate__71s\external\native_logs\L3_c6_1_next_leaf_target_mip.gurobi.log"
Gurobi Optimizer version 13.0.2 build v13.0.2rc1 (win64 - Windows 10.0 (19045.2))

CPU model: 12th Gen Intel(R) Core(TM) i7-12700KF, instruction set [SSE2|AVX|AVX2]
Thread count: 12 physical cores, 20 logical processors, using up to 1 threads

Non-default parameters:
TimeLimit  7.2975238000000004e+00
MIPGap  0
MIPGapAbs  0
LogToConsole  0
Threads  1

Optimize a model with 93009 rows, 18187 columns and 663353 nonzeros (Min)
Model fingerprint: 0x29688e2d
Model has 51 linear objective coefficients
Variable types: 9458 continuous, 8729 integer (8229 binary)
Coefficient statistics:
  Matrix range     [1e-02, 2e+04]
  Objective range  [1e-02, 1e+00]
  Bounds range     [7e-01, 5e+04]
  RHS range        [7e-01, 1e+05]

Presolve removed 16520 rows and 145 columns
Presolve time: 1.71s
Presolved: 76489 rows, 18042 columns, 509011 nonzeros
Variable types: 9374 continuous, 8668 integer (8196 binary)
Root relaxation presolved: 17919 rows, 94216 columns, 526549 nonzeros


Root simplex log...

Iteration    Objective       Primal Inf.    Dual Inf.      Time
    8310    3.3700434e+32   2.163995e+34   3.370043e+02      5s

Root relaxation: time limit, 12806 iterations, 5.33 seconds (15.53 work units)

    Nodes    |    Current Node    |     Objective Bounds      |     Work
 Expl Unexpl |  Obj  Depth IntInf | Incumbent    BestBd   Gap | It/Node Time

     0     0          -    0               -    1.95597      -     -    7s

Explored 1 nodes (12806 simplex iterations) in 7.30 seconds (19.30 work units)
Thread count was 1 (of 20 available processors)

Solution count 0

Time limit reached
Best objective -, best bound 1.955968933371e+00, gap -

User-callback calls 1227, time in user-callback 0.00 sec
