
Gurobi 13.0.2 (win64) logging started Fri Oct  2 17:12:10 2026

Set parameter LogFile to value "E:\codes\ExactEBRP\results\unified_exact_round99\confirmation_recovery01\raw\02_N3_ENS-C\external\native_logs\L0.0_lp.gurobi.log"
Gurobi Optimizer version 13.0.2 build v13.0.2rc1 (win64 - Windows 10.0 (19045.2))

CPU model: 12th Gen Intel(R) Core(TM) i7-12700KF, instruction set [SSE2|AVX|AVX2]
Thread count: 12 physical cores, 20 logical processors, using up to 1 threads

Non-default parameters:
TimeLimit  3567.0106614
MIPGap  0
MIPGapAbs  0
LogToConsole  0
Threads  1

Optimize a model with 105575 rows, 26795 columns and 727537 nonzeros (Min)
Model fingerprint: 0xd158d755
Model has 51 linear objective coefficients
Coefficient statistics:
  Matrix range     [4e-02, 2e+04]
  Objective range  [4e-02, 1e+00]
  Bounds range     [2e-01, 3e+03]
  RHS range        [3e-01, 7e+04]

Presolve removed 33866 rows and 302 columns
Presolve time: 0.35s
Presolved: 26543 rows, 98302 columns, 577698 nonzeros

Iteration    Objective       Primal Inf.    Dual Inf.      Time
       0      handle free variables                          0s
    8390    1.8776965e-01   0.000000e+00   0.000000e+00      3s

Solved in 8390 iterations and 2.54 seconds (7.63 work units)
Optimal objective  1.877696537e-01

User-callback calls 8564, time in user-callback 0.00 sec
