
Gurobi 13.0.2 (win64) logging started Fri Oct  2 17:12:18 2026

Set parameter LogFile to value "E:\codes\ExactEBRP\results\unified_exact_round99\confirmation_recovery01\raw\02_N3_ENS-C\external\native_logs\L0.1_lp.gurobi.log"
Gurobi Optimizer version 13.0.2 build v13.0.2rc1 (win64 - Windows 10.0 (19045.2))

CPU model: 12th Gen Intel(R) Core(TM) i7-12700KF, instruction set [SSE2|AVX|AVX2]
Thread count: 12 physical cores, 20 logical processors, using up to 1 threads

Non-default parameters:
TimeLimit  3558.6110459
MIPGap  0
MIPGapAbs  0
LogToConsole  0
Threads  1

Optimize a model with 105575 rows, 26795 columns and 729470 nonzeros (Min)
Model fingerprint: 0xaec5080d
Model has 51 linear objective coefficients
Coefficient statistics:
  Matrix range     [4e-02, 2e+04]
  Objective range  [4e-02, 1e+00]
  Bounds range     [2e-01, 3e+03]
  RHS range        [3e-01, 7e+04]

Presolve removed 31932 rows and 252 columns
Presolve time: 0.38s
Presolved: 26543 rows, 100186 columns, 582739 nonzeros

Iteration    Objective       Primal Inf.    Dual Inf.      Time
       0      handle free variables                          0s
   10365    3.1345593e-01   0.000000e+00   0.000000e+00      2s

Solved in 10365 iterations and 2.50 seconds (7.30 work units)
Optimal objective  3.134559329e-01

User-callback calls 10539, time in user-callback 0.01 sec
