
Gurobi 13.0.2 (win64) logging started Sun Aug  9 19:38:08 2026

Set parameter LogFile to value "E:\codes\ExactEBRP\results\gf_simple_start_qualification_round35\runs\matrix1800__round31_sealed_tight_T_V20_seed2113109204__c6_simple_start__1800s\external\native_logs\L0_c6_1_next_leaf_target_mip.gurobi.log"
Gurobi Optimizer version 13.0.2 build v13.0.2rc1 (win64 - Windows 10.0 (19045.2))

CPU model: 12th Gen Intel(R) Core(TM) i7-12700KF, instruction set [SSE2|AVX|AVX2]
Thread count: 12 physical cores, 20 logical processors, using up to 1 threads

Non-default parameters:
TimeLimit  1783.9686501
MIPGap  0
MIPGapAbs  0
LogToConsole  0
Threads  1

Optimize a model with 11902 rows, 3374 columns and 67113 nonzeros (Min)
Model fingerprint: 0x93a7ff9b
Model has 21 linear objective coefficients
Variable types: 1684 continuous, 1690 integer (1490 binary)
Coefficient statistics:
  Matrix range     [8e-03, 1e+04]
  Objective range  [8e-03, 1e+00]
  Bounds range     [1e-01, 3e+02]
  RHS range        [1e-01, 5e+04]

Presolve removed 1733 rows and 83 columns
Presolve time: 0.21s
Presolved: 10169 rows, 3291 columns, 76354 nonzeros
Variable types: 1622 continuous, 1669 integer (1473 binary)

Root relaxation: objective 2.102013e-01, 5020 iterations, 0.35 seconds (0.94 work units)

    Nodes    |    Current Node    |     Objective Bounds      |     Work
 Expl Unexpl |  Obj  Depth IntInf | Incumbent    BestBd   Gap | It/Node Time

     0     0    0.21020    0  312          -    0.21020      -     -    0s
     0     0 infeasible    0               - infeasible      -     -    1s

Explored 1 nodes (7944 simplex iterations) in 1.02 seconds (2.32 work units)
Thread count was 1 (of 20 available processors)

Solution count 0

Model is infeasible
Best objective -, best bound -, gap -

User-callback calls 809, time in user-callback 0.00 sec
