
Gurobi 13.0.2 (win64) logging started Sun Aug  9 19:45:02 2026

Set parameter LogFile to value "E:\codes\ExactEBRP\results\gf_simple_start_qualification_round35\runs\matrix1800__round31_sealed_tight_T_V20_seed2113109204__c6_simple_start__1800s\external\native_logs\L1_terminal_mip.gurobi.log"
Gurobi Optimizer version 13.0.2 build v13.0.2rc1 (win64 - Windows 10.0 (19045.2))

CPU model: 12th Gen Intel(R) Core(TM) i7-12700KF, instruction set [SSE2|AVX|AVX2]
Thread count: 12 physical cores, 20 logical processors, using up to 1 threads

Non-default parameters:
TimeLimit  1369.647747
MIPGap  0
MIPGapAbs  0
LogToConsole  0
Threads  1

Optimize a model with 11902 rows, 3374 columns and 67353 nonzeros (Min)
Model fingerprint: 0x4aa5184e
Model has 21 linear objective coefficients
Variable types: 1684 continuous, 1690 integer (1490 binary)
Coefficient statistics:
  Matrix range     [8e-03, 1e+04]
  Objective range  [8e-03, 1e+00]
  Bounds range     [1e-01, 2e+02]
  RHS range        [1e-01, 5e+04]

Presolved: 10179 rows, 3226 columns, 68189 nonzeros

Continuing optimization...

  2386  1070    0.39472   35  251          -    0.35299      -   448  411s
  2470  1122    0.35679   40  269          -    0.35417      -   441  415s
  2556  1170    0.39125   35  247          -    0.35787      -   438  420s
  2652  1242    0.43905   58  202          -    0.35835      -   432  425s
  2726  1279    0.44948   45  240          -    0.35892      -   428  430s
  2806  1315 infeasible   56               -    0.36007      -   426  435s
  2919  1366    0.36303   45  269          -    0.36109      -   420  440s
  3013  1418    0.37715   49  206          -    0.36134      -   417  445s
  3088  1453    0.46632   47  235          -    0.36248      -   416  450s
  3178  1478    0.40273   43  219          -    0.36360      -   413  455s
  3267  1523    0.38628   45  247          -    0.36437      -   408  482s
  3272  1522    0.41017   45  234          -    0.36437      -   408  485s
  3332  1533    0.38073   39  247          -    0.36486      -   407  490s
  3414  1558    0.40774   44  114          -    0.36499      -   406  495s
  3529  1617    0.38773   43  223          -    0.36672      -   400  500s
  3626  1668 infeasible   46               -    0.36699      -   396  505s
  3768  1710    0.41242   52  110          -    0.36844      -   390  510s
  3908  1784    0.40076   69  113          -    0.37003      -   382  515s
  4057  1831    0.37911   49  221          -    0.37097      -   376  520s
  4233  1922    0.37380   47  197          -    0.37137      -   366  525s
  4370  1972    0.40024   47  182          -    0.37254      -   363  530s
  4518  2029    0.40115   56  168          -    0.37336      -   358  535s
  4660  2086    0.40169   49  170          -    0.37425      -   353  540s
  4825  2179    0.40317   59  186          -    0.37498      -   346  545s
  4983  2213    0.38771   43  218          -    0.37573      -   341  550s
  5134  2290    0.41162   46  192          -    0.37634      -   337  555s
  5345  2367    0.39688   54  173          -    0.37700      -   330  560s
  5536  2450    0.39756   61  185          -    0.37773      -   326  565s
  5601  2483    0.38767   62  175          -    0.37797      -   324  570s
  5798  2550    0.39870   42  197          -    0.37879      -   320  575s
  6005  2641 infeasible   54               -    0.37931      -   315  580s
  6155  2677    0.39195   54  215          -    0.38035      -   313  585s
  6380  2755    0.38905   49  202          -    0.38074      -   309  590s
  6494  2785    0.38346   48  233          -    0.38106      -   307  595s
  6656  2844    0.40159   48  128          -    0.38120      -   305  600s
  6911  2925 infeasible   54               -    0.38210      -   300  605s
  7033  2951    0.39157   49  207          -    0.38248      -   299  610s
  7204  3001    0.38497   48  220          -    0.38278      -   296  615s
  7335  3050    0.43002   40  265          -    0.38297      -   294  620s
  7446  3121    0.41833   53  230          -    0.38300      -   294  625s
  7598  3181    0.40036   54  208          -    0.38320      -   292  630s
  7697  3226    0.39907   40  280          -    0.38332      -   292  637s
  7733  3244    0.46483   57  237          -    0.38332      -   293  640s
  7899  3331    0.41109   50  203          -    0.38350      -   291  645s
  8125  3395    0.40231   67  141          -    0.38400      -   288  650s
  8261  3459    0.39954   56  176          -    0.38409      -   287  655s
  8514  3540    0.39427   47  210          -    0.38469      -   283  660s
  8577  3557    0.39334   55  175          -    0.38482      -   285  666s
  8723  3625    0.40139   38  252          -    0.38492      -   284  670s
  8864  3660    0.38956   55  196          -    0.38514      -   283  675s
  9145  3731    0.40087   48  228          -    0.38551      -   280  680s
  9405  3783    0.40438   61  142          -    0.38590      -   276  685s
  9519  3843    0.44261   39  263          -    0.38605      -   276  690s
  9622  3866 infeasible   60               -    0.38622      -   276  695s
  9734  3888    0.39061   31  322          -    0.38638      -   276  700s
  9882  3898    0.39034   36  308          -    0.38650      -   276  705s
 10095  4025    0.39801   51  197          -    0.38660      -   273  710s
 10202  4058 infeasible   64               -    0.38676      -   273  773s
 10232  4062    0.39982   60  134          -    0.38682      -   272  775s
 10446  4122 infeasible   36               -    0.38703      -   270  780s
 10630  4183    0.45097   34  323          -    0.38722      -   269  785s
 10741  4235 infeasible   57               -    0.38729      -   268  790s
 10897  4312    0.39897   41  270          -    0.38738      -   268  810s
 11006  4367    0.39498   58  173          -    0.38743      -   267  815s
 11115  4408    0.39382   61  196          -    0.38756      -   266  820s
 11274  4447    0.39750   50  209          -    0.38766      -   265  825s
 11418  4465    0.39350   42  227          -    0.38777      -   265  830s
 11600  4499    0.40834   59  101          -    0.38807      -   264  835s
 11822  4571    0.40200   54  177          -    0.38832      -   262  840s
 11972  4628    0.39669   69  169          -    0.38842      -   261  845s
 12121  4683    0.40236   39  220          -    0.38855      -   261  850s
 12313  4796 infeasible   86               -    0.38859      -   259  855s
 12447  4837    0.46625   54  204          -    0.38865      -   258  860s
 12693  4884    0.43308   50  221          -    0.38889      -   256  865s
 12911  4954    0.39769   59  179          -    0.38907      -   255  870s
 13131  4987 infeasible   45               -    0.38923      -   253  875s
 13292  5066    0.46511   46  230          -    0.38933      -   252  880s
 13452  5089 infeasible   71               -    0.38953      -   252  885s
 13595  5159    0.39560   56  195          -    0.38964      -   251  890s
 13627  5181    0.41544   49  248          -    0.38964      -   251  895s
 13771  5269    0.39671   68  169          -    0.38968      -   251  900s
 14017  5345    0.39787   57  186          -    0.38986      -   249  905s
 14196  5421    0.41169   53  188          -    0.38996      -   249  910s
 14421  5472    0.40555   76  116          -    0.39015      -   247  915s
 14578  5529    0.41426   43  251          -    0.39026      -   247  920s
 14783  5597    0.40212   41  130          -    0.39036      -   245  925s
 14989  5666 infeasible   53               -    0.39050      -   244  930s
 15263  5739 infeasible   54               -    0.39067      -   243  935s
 15373  5755    0.40971   70  152          -    0.39077      -   243  940s
 15737  5824    0.39356   55  178          -    0.39106      -   240  947s
 15802  5841    0.40483   54  195          -    0.39112      -   240  950s
 15964  5917    0.43009   51  215          -    0.39123      -   239  955s
 16147  5983 infeasible   63               -    0.39130      -   239  960s
 16279  6063    0.42382   43  232          -    0.39131      -   238  965s
 16495  6139    0.39219   57  193          -    0.39139      -   238  970s
 16726  6180    0.39702   55  181          -    0.39156      -   236  975s
 16838  6230    0.45165   47  261          -    0.39158      -   237  980s
 16899  6251    0.40199   50  192          -    0.39162      -   237  985s
 17163  6291 infeasible   39               -    0.39183      -   236  990s
 17353  6325    0.41390   42  227          -    0.39193      -   236  995s
 17460  6375    0.39310   54  207          -    0.39196      -   236 1000s
 17768  6454    0.39648   34  283          -    0.39214      -   235 1005s
 18038  6546    0.39825   59  183          -    0.39229      -   234 1015s
 18228  6592    0.39242   57  204          -    0.39234      -   233 1020s
 18571  6735 infeasible   68               -    0.39244      -   231 1025s
 18686  6793    0.41140   45  233          -    0.39249      -   231 1030s
 18808  6833    0.41054   67  158          -    0.39253      -   231 1035s
 19079  6909    0.39789   57  145          -    0.39263      -   229 1040s
 19466  6991    0.40145   50  175          -    0.39286      -   227 1045s
 19642  7023    0.40275   67  121          -    0.39292      -   226 1050s
 19869  7072 infeasible   77               -    0.39300      -   225 1055s
 20089  7105    0.40415   56  181          -    0.39310      -   224 1060s
 20252  7174    0.39615   62  199          -    0.39314      -   224 1065s
 20404  7179    0.40029   65  106          -    0.39323      -   224 1070s
 20652  7238    0.40086   63  124          -    0.39332      -   223 1077s
 20730  7264 infeasible   62               -    0.39332      -   223 1080s
 20828  7269    0.39783   40  269          -    0.39339      -   223 1090s
 20960  7341    0.40742   45  250          -    0.39342      -   222 1095s
 21095  7401    0.44697   61  184          -    0.39345      -   222 1101s
 21295  7435    0.39529   43  288          -    0.39356      -   222 1105s
 21493  7484 infeasible   63               -    0.39365      -   221 1110s
 21638  7506    0.42236   52  230          -    0.39371      -   221 1115s
 21876  7552    0.39873   64  172          -    0.39382      -   220 1120s
 22062  7580    0.43062   49  218          -    0.39392      -   220 1125s
 22226  7601 infeasible   58               -    0.39401      -   219 1130s
 22469  7664    0.39644   35  234          -    0.39412      -   218 1135s
 22644  7717    0.39670   62  190          -    0.39418      -   218 1140s
 22802  7722    0.39924   66  180          -    0.39427      -   217 1145s
 23003  7792 infeasible   58               -    0.39431      -   217 1150s
 23266  7890    0.40879   56  174          -    0.39435      -   216 1155s
 23490  7920    0.40019   69  148          -    0.39443      -   216 1160s
 23601  7937    0.39871   60  168          -    0.39450      -   216 1166s
 23708  7950    0.40280   71  127          -    0.39456      -   216 1170s
 23951  7989    0.39840   51  207          -    0.39464      -   215 1175s
 24173  8064    0.44570   63  194          -    0.39469      -   215 1180s
 24321  8089    0.39846   54  188          -    0.39475      -   214 1185s
 24584  8174    0.40199   59  191          -    0.39485      -   214 1193s
 24666  8198    0.39669   81  139          -    0.39487      -   214 1195s
 24750  8244    0.42033   41  268          -    0.39488      -   214 1203s
 24803  8285    0.44895   62  191          -    0.39488      -   214 1205s
 24939  8295    0.40050   40  270          -    0.39491      -   214 1210s
 25170  8413 infeasible   63               -    0.39495      -   213 1215s
 25464  8451    0.39561   75  152          -    0.39503      -   212 1220s
 25608  8459    0.40048   53  199          -    0.39508      -   212 1225s
 25917  8535 infeasible   45               -    0.39514      -   211 1230s
 26216  8646    0.40227   56  213          -    0.39520      -   210 1235s
 26429  8685 infeasible   58               -    0.39527      -   210 1240s
 26551  8740    0.39550   84  142          -    0.39528      -   210 1245s
 26758  8783    0.40664   46  239          -    0.39533      -   209 1250s
 26974  8838    0.42760   56  165          -    0.39539      -   209 1255s
 27068  8878    0.46041   51  213          -    0.39539      -   209 1260s
 27341  8903    0.39937   87   99          -    0.39546      -   209 1265s
 27533  8974    0.40110   77   80          -    0.39550      -   208 1270s
 27701  8968 infeasible   55               -    0.39557      -   208 1275s
 27864  8983    0.41211   74  155          -    0.39561      -   207 1280s
 28137  8972    0.39789   59  192          -    0.39572      -   207 1285s
 28433  9038 infeasible   56               -    0.39579      -   206 1290s
 28520  9042 infeasible   60               -    0.39581      -   206 1295s
 28567  9031    0.40091   58  179          -    0.39584      -   206 1318s
 28619  9045    0.39768   56  192          -    0.39585      -   206 1320s
 28735  9060    0.39918   63  167          -    0.39588      -   205 1325s
 28884  9061    0.39901   56  187          -    0.39593      -   205 1330s
 29065  9052 infeasible   55               -    0.39600      -   205 1335s
 29225  9082    0.39722   58  180          -    0.39603      -   205 1340s
 29382  9105    0.40554   42  149          -    0.39607      -   205 1345s
 29499  9145    0.43962   62  198          -    0.39608      -   205 1352s
 29575  9147    0.39913   54  182          -    0.39611      -   205 1355s
 29812  9190    0.39884   80   65          -    0.39616      -   204 1360s
 30030  9206    0.39623   98  117          -    0.39623      -   204 1365s
 30201  9214    0.41132   41  197          -    0.39630      -   204 1370s
 30322  9239 infeasible   61               -    0.39633      -   204 1375s
 30482  9216    0.43090   48  208          -    0.39642      -   204 1389s
 30506  9230    0.43215   42  208          -    0.39642      -   204 1390s
 30598  9246 infeasible   65               -    0.39645      -   204 1395s
 30832  9187    0.40706   69  124          -    0.39659      -   204 1400s
 30935  9160    0.43463   43  255          -    0.39664      -   204 1405s
 31138  9130    0.40224   58  181          -    0.39675      -   204 1410s
 31329  9122    0.40018   68  153          -    0.39684      -   204 1415s
 31465  9164    0.40158   72   89          -    0.39686      -   203 1422s
 31522  9150    0.40610   49  208          -    0.39689      -   203 1431s
 31681  9137    0.40152   41  259          -    0.39695      -   203 1435s
 31828  9140    0.41067   44  242          -    0.39699      -   204 1440s
 31934  9166    0.46550   43  258          -    0.39701      -   204 1445s
 32162  9153    0.43479   53  196          -    0.39711      -   204 1450s
 32402  9216    0.43106   47  246          -    0.39717      -   204 1455s
 32448  9219    0.45922   49  266          -    0.39718      -   204 1460s
 32640  9188    0.40207   59  172          -    0.39726      -   204 1465s
 32882  9182    0.44437   59  175          -    0.39738      -   204 1470s
 33001  9181    0.44950   43  224          -    0.39741      -   204 1475s
 33201  9218    0.44627   49  183          -    0.39747      -   204 1480s
 33402  9273 infeasible   67               -    0.39753      -   204 1485s
 33632  9241 infeasible   60               -    0.39762      -   203 1490s
 33823  9276    0.41936   52  268          -    0.39765      -   204 1495s
 34046  9199    0.41587   41  275          -    0.39781      -   204 1500s
 34266  9198    0.40510   74  110          -    0.39790      -   204 1505s
 34414  9190    0.40758   41  239          -    0.39796      -   204 1512s
 34481  9221    0.39855   60  183          -    0.39797      -   204 1515s
 34525  9243    0.42192   43  257          -    0.39797      -   204 1520s
 34763  9307 infeasible   66               -    0.39802      -   204 1525s
 34956  9304 infeasible   42               -    0.39808      -   204 1530s
 35193  9333    0.45340   65  188          -    0.39815      -   204 1535s
 35453  9375    0.40120   61  123          -    0.39822      -   203 1540s
 35675  9367    0.40032   53  174          -    0.39829      -   203 1545s
 35884  9383    0.42974   51  201          -    0.39837      -   203 1550s
 36115  9360    0.41708   34  278          -    0.39846      -   203 1555s
 36381  9400    0.40321   80   94          -    0.39854      -   203 1560s
 36563  9382 infeasible   55               -    0.39862      -   203 1565s
 36713  9388    0.42242   41  270          -    0.39867      -   203 1570s
 36827  9412    0.39940   58  210          -    0.39869      -   203 1588s
 36881  9396    0.43898   41  279          -    0.39871      -   203 1590s
 37027  9404    0.45625   44  253          -    0.39878      -   203 1595s
 37188  9445    0.44616   38  257          -    0.39881      -   203 1601s
 37312  9472    0.45977   48  223          -    0.39885      -   203 1605s
 37445  9487    0.45668   53  249          -    0.39889      -   203 1610s
 37605  9493    0.46494   42  235          -    0.39896      -   203 1615s
 37709  9501    0.40736   43  275          -    0.39900      -   204 1620s
 37973  9510    0.39922   58  165          -    0.39908      -   203 1626s
 38186  9497    0.46233   49  194          -    0.39916      -   203 1630s
 38346  9515    0.40584   65  112          -    0.39918      -   203 1636s
 38473  9490 infeasible   56               -    0.39926      -   203 1640s
 38660  9520    0.39946   56  198          -    0.39932      -   203 1645s
 38895  9495 infeasible   43               -    0.39940      -   203 1650s
 39079  9548 infeasible   58               -    0.39945      -   203 1655s
 39254  9562    0.44501   58  200          -    0.39950      -   203 1660s
 39329  9583    0.40002   63  196          -    0.39952      -   203 1667s
 39464  9596    0.40828   59  195          -    0.39957      -   202 1670s
 39563  9615    0.46664   44  256          -    0.39959      -   203 1675s
 39809  9582 infeasible   73               -    0.39969      -   203 1680s
 40005  9541    0.40321   62  124          -    0.39982      -   202 1685s
 40197  9539    0.45483   42  224          -    0.39989      -   202 1690s
 40339  9512    0.43054   44  227          -    0.39997      -   202 1695s
 40607  9544    0.42243   47  224          -    0.40004      -   202 1700s
 40808  9599    0.43969   55  216          -    0.40008      -   202 1705s
 41057  9599    0.43796   45  263          -    0.40017      -   202 1710s
 41229  9555 infeasible   62               -    0.40026      -   202 1715s
 41417  9509 infeasible   42               -    0.40037      -   201 1720s
 41616  9500    0.46382   50  201          -    0.40048      -   202 1725s
 41783  9495 infeasible   51               -    0.40055      -   201 1730s
 42041  9571    0.44452   43  263          -    0.40062      -   201 1735s
 42233  9590    0.42301   40  268          -    0.40071      -   201 1741s
 42405  9587    0.40536   83   99          -    0.40078      -   201 1745s
 42735  9584    0.45477   42  226          -    0.40091      -   201 1750s
 42883  9591    0.45625   48  217          -    0.40097      -   201 1755s
 43096  9572    0.40106   75  114          -    0.40104      -   200 1760s
 43250  9532    0.43535   47  223          -    0.40114      -   200 1765s
 43262  9536    0.46048   53  166          -    0.40114      -   200 1781s

Cutting planes:
  Learned: 12
  Gomory: 1
  Cover: 37
  Implied bound: 95
  Projected implied bound: 4
  Clique: 12
  MIR: 109
  StrongCG: 4
  Flow cover: 231
  GUB cover: 6
  Zero half: 4
  Network: 20
  RLT: 6
  Relax-and-lift: 39
  BQP: 2

Explored 43263 nodes (8752770 simplex iterations) in 1781.02 seconds (3435.52 work units)
Most recent optimization runtime was 1369.65 seconds (2665.78 work units)
Thread count was 1 (of 20 available processors)

Solution count 0

Time limit reached
Best objective -, best bound 4.011443067745e-01, gap -

User-callback calls 472898, time in user-callback 0.21 sec
