
Gurobi 13.0.2 (win64) logging started Sun Aug  9 19:45:01 2026

Set parameter LogFile to value "E:\codes\ExactEBRP\results\gf_simple_start_qualification_round35\runs\matrix1800__round31_sealed_tight_T_V20_seed2113109204__c6_simple_start__1800s\external\native_logs\L3_lp.gurobi.log"
Gurobi Optimizer version 13.0.2 build v13.0.2rc1 (win64 - Windows 10.0 (19045.2))

CPU model: 12th Gen Intel(R) Core(TM) i7-12700KF, instruction set [SSE2|AVX|AVX2]
Thread count: 12 physical cores, 20 logical processors, using up to 1 threads

Non-default parameters:
TimeLimit  1371.0425284
MIPGap  0
MIPGapAbs  0
LogToConsole  0
Threads  1

Optimize a model with 11902 rows, 3374 columns and 67353 nonzeros (Min)
Model fingerprint: 0xadaf121e
Model has 21 linear objective coefficients
Coefficient statistics:
  Matrix range     [8e-03, 1e+04]
  Objective range  [8e-03, 1e+00]
  Bounds range     [4e-01, 1e+02]
  RHS range        [4e-01, 5e+04]

Presolve removed 1487 rows and 107 columns
Presolve time: 0.03s
Presolved: 10415 rows, 3269 columns, 57083 nonzeros

Iteration    Objective       Primal Inf.    Dual Inf.      Time
       0    4.3227671e-01   2.371363e+02   0.000000e+00      0s
Warning: very big Kappa = 7.91822e+15, try parameter NumericFocus

Solved in 4248 iterations and 0.45 seconds (1.10 work units)
Infeasible model

User-callback calls 4561, time in user-callback 0.00 sec
