
Gurobi 13.0.2 (win64) logging started Thu Oct  1 20:37:09 2026

Set parameter LogFile to value "E:\codes\ExactEBRP\results\unified_exact_round99\factorial01\raw\06_F2_P-GRB\native.log"
Set parameter Threads to value 1
Set parameter Presolve to value -1
Set parameter Seed to value 0
Set parameter MIPGap to value 0
Set parameter MIPGapAbs to value 0
Set parameter TimeLimit to value 894
Read LP format model from file E:\codes\ExactEBRP\results\unified_exact_round99\factorial01\raw\06_F2_P-GRB\compact.lp
Reading time = 0.00 seconds
obj: 3689 rows, 1591 columns, 16490 nonzeros
Set parameter TimeLimit to value 896.8881045
Gurobi Optimizer version 13.0.2 build v13.0.2rc1 (win64 - Windows 10.0 (19045.2))

CPU model: 12th Gen Intel(R) Core(TM) i7-12700KF, instruction set [SSE2|AVX|AVX2]
Thread count: 12 physical cores, 20 logical processors, using up to 1 threads

Non-default parameters:
TimeLimit  896.8881045
MIPGap  0
MIPGapAbs  0
LogToConsole  0
Threads  1

Optimize a model with 3689 rows, 1591 columns and 16490 nonzeros (Min)
Model fingerprint: 0x2efb9938
Model has 21 linear objective coefficients
Variable types: 411 continuous, 1180 integer (1040 binary)
Coefficient statistics:
  Matrix range     [4e-02, 1e+03]
  Objective range  [4e-02, 1e+00]
  Bounds range     [1e+00, 5e+01]
  RHS range        [1e+00, 4e+03]

Presolve removed 100 rows and 20 columns
Presolve time: 0.04s
Presolved: 3589 rows, 1571 columns, 25738 nonzeros
Variable types: 181 continuous, 1390 integer (1040 binary)
Found heuristic solution: objective 1.2109100

Root relaxation: objective 4.735949e-01, 982 iterations, 0.02 seconds (0.06 work units)

    Nodes    |    Current Node    |     Objective Bounds      |     Work
 Expl Unexpl |  Obj  Depth IntInf | Incumbent    BestBd   Gap | It/Node Time

     0     0    0.47359    0  290    1.21091    0.47359  60.9%     -    0s
     0     0    0.61051    0  451    1.21091    0.61051  49.6%     -    0s
H    0     0                       1.1571431    0.61051  47.2%     -    0s
     0     0    0.61279    0  457    1.15714    0.61279  47.0%     -    0s
     0     0    0.62268    0  444    1.15714    0.62268  46.2%     -    0s
     0     0    0.62278    0  481    1.15714    0.62278  46.2%     -    0s
     0     0    0.62788    0  492    1.15714    0.62788  45.7%     -    0s
     0     0    0.62824    0  488    1.15714    0.62824  45.7%     -    0s
     0     0    0.62873    0  476    1.15714    0.62873  45.7%     -    0s
H    0     0                       1.1502426    0.62873  45.3%     -    0s
     0     0    0.62881    0  484    1.15024    0.62881  45.3%     -    0s
     0     0    0.62927    0  497    1.15024    0.62927  45.3%     -    0s
     0     0    0.62928    0  506    1.15024    0.62928  45.3%     -    0s
     0     0    0.62983    0  489    1.15024    0.62983  45.2%     -    0s
H    0     0                       1.1317904    0.62983  44.4%     -    0s
     0     0    0.62989    0  502    1.13179    0.62989  44.3%     -    0s
     0     0    0.62995    0  493    1.13179    0.62995  44.3%     -    0s
     0     0    0.62995    0  491    1.13179    0.62995  44.3%     -    0s
     0     0    0.62996    0  494    1.13179    0.62996  44.3%     -    0s
H    0     0                       1.0705762    0.62996  41.2%     -    0s
H    0     0                       1.0488270    0.62996  39.9%     -    0s
     0     0    0.62997    0  497    1.04883    0.62997  39.9%     -    0s
     0     0    0.62997    0  494    1.04883    0.62997  39.9%     -    0s
     0     0    0.62997    0  494    1.04883    0.62997  39.9%     -    0s
     0     0    0.62997    0  483    1.04883    0.62997  39.9%     -    1s
H    0     0                       1.0341688    0.63001  39.1%     -    1s
     0     2    0.63001    0  482    1.03417    0.63001  39.1%     -    1s
H    5     5                       1.0338371    0.63001  39.1%   112    1s
H   24    24                       1.0314283    0.63001  38.9%  89.2    1s
H   24    24                       0.9579455    0.63001  34.2%  89.2    1s
H   24    24                       0.9310572    0.63001  32.3%  89.2    1s
H   44    44                       0.8958666    0.63001  29.7%  62.9    1s
H   55    55                       0.8953386    0.63001  29.6%  61.2    1s
H  209   187                       0.8931405    0.63001  29.5%  33.8    2s
H  209   186                       0.8865284    0.63001  28.9%  33.8    2s
H  209   186                       0.8846829    0.63001  28.8%  33.8    2s
H  209   181                       0.8747744    0.63001  28.0%  33.8    2s
H  327   287                       0.8739458    0.63621  27.2%  39.3    2s
H  448   395                       0.8659435    0.63682  26.5%  36.9    3s
   548   490    0.74331   62  471    0.86594    0.63682  26.5%  32.3    5s
   789   585    0.71848   27  363    0.86594    0.64272  25.8%  57.6   10s
  1372   827    0.77608   45  303    0.86594    0.64473  25.5%  64.8   15s
  1971  1098    0.83400   50  260    0.86594    0.65011  24.9%  68.7   20s
  2626  1592    0.72703   31  368    0.86594    0.65782  24.0%  67.7   25s
  3273  2068    0.66570   17  510    0.86594    0.66359  23.4%  68.0   30s
  4023  2603    0.68149   21  471    0.86594    0.66709  23.0%  69.3   35s
H 4206  2744                       0.8659435    0.66768  22.9%  69.9   36s
  4683  3085    0.69765   15  479    0.86594    0.67036  22.6%  71.2   40s
  5323  3543    0.68600   17  436    0.86594    0.67246  22.3%  71.7   45s
  6208  4177    0.84929   56  217    0.86594    0.67449  22.1%  71.4   50s
  6918  4676    0.69019   19  498    0.86594    0.67610  21.9%  71.7   55s
  7811  5316    0.73203   26  390    0.86594    0.67809  21.7%  71.2   60s
  8580  5857    0.71765   33  408    0.86594    0.67921  21.6%  71.5   65s
  9271  6340    0.71611   28  396    0.86594    0.68052  21.4%  71.5   70s
 10067  6895    0.75304   31  412    0.86594    0.68178  21.3%  71.5   75s
 10203  6998    0.80654   34  483    0.86594    0.68190  21.3%  71.5   84s
 10205  6999    0.68765   29  314    0.86594    0.68190  21.3%  71.5   85s
 10216  7007    0.70049   21  469    0.86594    0.68190  21.3%  71.4   90s
 10225  7013    0.72489   28  500    0.86594    0.68190  21.3%  71.3   95s
 10234  7019    0.69164   21  512    0.86594    0.68190  21.3%  71.3  100s
 10244  7025    0.82023   33  499    0.86594    0.68190  21.3%  71.2  105s
 10256  7033    0.73808   37  489    0.86594    0.68190  21.3%  71.1  110s
 10482  7128    0.83092   63  181    0.86594    0.68190  21.3%  73.7  115s
 10703  7192    0.68190   24  464    0.86594    0.68190  21.3%  74.3  120s
 10891  7259    0.75436   36  428    0.86594    0.68190  21.3%  75.6  125s
 11140  7349    0.83749   70  211    0.86594    0.68206  21.2%  76.2  130s
 11355  7437    0.78024   45  360    0.86594    0.68675  20.7%  76.9  135s
 11604  7525    0.76500   39  381    0.86594    0.68836  20.5%  78.0  140s
 11805  7607    0.85623   69  237    0.86594    0.68966  20.4%  78.2  145s
 12148  7706    0.73081   33  416    0.86594    0.69437  19.8%  78.9  150s
 12559  7848    0.70635   27  416    0.86594    0.69684  19.5%  79.8  155s
 12873  7969    0.80475   38  389    0.86594    0.69755  19.4%  81.0  160s
 13263  8074    0.76699   37  304    0.86594    0.70047  19.1%  81.8  165s
 13579  8185    0.82309   39  356    0.86594    0.70268  18.9%  82.5  170s
 14015  8332    0.84206   69  258    0.86594    0.70404  18.7%  83.4  175s
 14443  8484    0.71527   30  377    0.86594    0.70560  18.5%  83.5  180s
 14962  8653    0.75137   34  347    0.86594    0.70642  18.4%  84.1  185s
 15392  8812    0.80148   49  344    0.86594    0.70795  18.2%  85.3  190s
 15834  8953    0.73288   30  418    0.86594    0.70998  18.0%  85.9  195s
 16242  9059    0.82294   41  330    0.86594    0.71131  17.9%  86.7  200s
 16654  9216    0.76099   38  348    0.86594    0.71223  17.8%  86.8  205s
 17134  9370    0.75187   37  386    0.86594    0.71332  17.6%  87.5  210s
 17640  9543     cutoff   73         0.86594    0.71472  17.5%  87.7  215s
 17992  9663    0.78554   41  277    0.86594    0.71559  17.4%  88.1  220s
 18485  9806    0.75269   33  435    0.86594    0.71643  17.3%  88.3  225s
 18949  9949    0.84504   50  344    0.86594    0.71743  17.2%  89.0  230s
 19421 10112    0.76834   34  348    0.86594    0.71814  17.1%  89.3  235s
 19952 10270    0.75684   32  412    0.86594    0.71913  17.0%  89.6  240s
 20454 10428    0.75199   33  430    0.86594    0.72003  16.9%  90.0  245s
 20947 10554    0.77488   41  339    0.86594    0.72054  16.8%  90.4  250s
 21449 10700    0.73701   30  398    0.86594    0.72107  16.7%  90.8  255s
 21919 10854    0.75724   35  383    0.86594    0.72209  16.6%  91.1  260s
 22391 11000    0.79063   40  346    0.86594    0.72267  16.5%  91.4  265s
 22879 11163    0.75060   32  417    0.86594    0.72334  16.5%  91.7  270s
 23340 11293    0.78679   32  396    0.86594    0.72389  16.4%  91.9  275s
 23876 11434    0.74158   30  461    0.86594    0.72434  16.4%  92.0  280s
 24399 11599    0.74769   30  345    0.86594    0.72492  16.3%  92.1  285s
 24905 11768    0.77174   31  361    0.86594    0.72545  16.2%  92.5  290s
 25408 11921 infeasible   45         0.86594    0.72611  16.1%  92.7  295s
 25895 12061    0.82959   46  358    0.86594    0.72658  16.1%  93.1  300s
 26403 12209    0.76296   32  360    0.86594    0.72727  16.0%  93.1  305s
 26919 12362    0.75447   39  389    0.86594    0.72784  15.9%  93.2  310s
 27465 12495    0.76342   34  401    0.86594    0.72844  15.9%  93.1  315s
 27953 12618    0.83536   53  285    0.86594    0.72871  15.8%  93.2  320s
 28492 12760    0.85466   42  329    0.86594    0.72968  15.7%  93.3  325s
 28975 12907    0.83848   49  306    0.86594    0.73021  15.7%  93.7  330s
 29517 13042    0.84757   43  276    0.86594    0.73071  15.6%  93.8  335s
 30013 13195    0.82919   42  338    0.86594    0.73101  15.6%  93.9  340s
 30542 13322    0.77073   36  417    0.86594    0.73145  15.5%  94.2  345s
 31044 13469    0.82117   41  335    0.86594    0.73173  15.5%  94.4  350s
 31363 13530    0.77049   39  305    0.86594    0.73214  15.5%  94.5  355s
 31917 13856    0.84744   41  373    0.86594    0.73238  15.4%  94.4  360s
 32365 14125    0.85782   49  259    0.86594    0.73265  15.4%  94.8  365s
 32851 14401    0.76103   33  390    0.86594    0.73300  15.4%  94.9  370s
 33340 14683    0.74861   33  406    0.86594    0.73329  15.3%  95.1  375s
 33850 15003    0.80795   40  380    0.86594    0.73366  15.3%  95.1  380s
 34389 15336    0.83067   38  304    0.86594    0.73404  15.2%  95.2  385s
 34904 15637    0.78127   36  420    0.86594    0.73442  15.2%  95.3  390s
 35440 15940    0.74560   33  407    0.86594    0.73485  15.1%  95.4  395s
 35950 16222    0.75651   30  369    0.86594    0.73532  15.1%  95.6  400s
 36477 16539    0.83641   43  398    0.86594    0.73566  15.0%  95.7  405s
 37026 16830    0.74965   30  397    0.86594    0.73592  15.0%  95.7  410s
 37490 17102    0.79919   46  258    0.86594    0.73631  15.0%  96.0  415s
 37982 17385    0.75913   41  361    0.86594    0.73667  14.9%  96.0  420s
 38465 17679    0.82830   41  340    0.86594    0.73684  14.9%  96.3  425s
 38962 17974    0.76020   35  381    0.86594    0.73711  14.9%  96.3  430s
 39508 18294    0.85485   51  250    0.86594    0.73738  14.8%  96.4  435s
 40042 18602    0.83829   44  319    0.86594    0.73776  14.8%  96.5  440s
 40603 18953    0.84761   57  242    0.86594    0.73816  14.8%  96.5  445s
 41103 19260    0.76304   29  428    0.86594    0.73852  14.7%  96.7  450s
 41574 19530    0.83401   51  313    0.86594    0.73872  14.7%  96.7  455s
 42095 19839    0.80587   35  430    0.86594    0.73903  14.7%  96.8  460s
 42635 20161    0.80794   46  319    0.86594    0.73941  14.6%  96.9  465s
 43158 20476    0.76136   31  419    0.86594    0.73970  14.6%  97.0  470s
 43635 20739    0.80882   38  377    0.86594    0.73996  14.5%  97.3  475s
 44184 21016    0.81176   35  378    0.86594    0.74033  14.5%  97.4  480s
 44689 21305    0.82681   36  363    0.86594    0.74063  14.5%  97.5  485s
 45092 21503    0.77978   32  367    0.86594    0.74102  14.4%  97.6  490s
 45643 21837    0.80607   55  219    0.86594    0.74131  14.4%  97.6  495s
 46179 22124    0.82623   44  364    0.86594    0.74151  14.4%  97.6  500s
 46708 22412    0.77683   39  301    0.86594    0.74183  14.3%  97.7  505s
 47228 22725    0.81376   39  289    0.86594    0.74229  14.3%  97.8  510s
 47722 23037    0.78970   44  339    0.86594    0.74248  14.3%  97.9  515s
 48289 23370    0.81691   50  346    0.86594    0.74262  14.2%  97.8  520s
 48835 23653    0.77779   32  367    0.86594    0.74307  14.2%  97.8  525s
 49286 23901    0.78016   37  372    0.86594    0.74324  14.2%  98.0  530s
 49811 24178    0.75467   34  390    0.86594    0.74359  14.1%  98.2  535s
 50354 24466    0.77838   30  397    0.86594    0.74383  14.1%  98.2  540s
 50856 24754    0.85423   54  276    0.86594    0.74400  14.1%  98.2  545s
 51396 25075    0.84378   39  323    0.86594    0.74420  14.1%  98.2  550s
 51946 25391    0.80249   46  318    0.86594    0.74437  14.0%  98.2  555s
 52493 25702    0.76994   38  380    0.86594    0.74463  14.0%  98.2  560s
 53016 26037    0.86127   51  250    0.86594    0.74489  14.0%  98.2  565s
 53475 26307    0.80281   38  343    0.86594    0.74512  14.0%  98.2  570s
 53932 26560    0.80091   39  365    0.86594    0.74537  13.9%  98.4  575s
 54424 26873     cutoff   49         0.86594    0.74563  13.9%  98.4  580s
 54981 27179    0.77982   35  401    0.86594    0.74581  13.9%  98.4  585s
 55514 27448    0.85395   39  334    0.86594    0.74603  13.8%  98.5  590s
 56029 27749    0.86065   52  292    0.86594    0.74617  13.8%  98.4  595s
 56537 28011    0.85638   41  383    0.86594    0.74637  13.8%  98.5  600s
 57128 28371    0.84074   41  358    0.86594    0.74664  13.8%  98.4  605s
 57658 28681    0.76873   33  423    0.86594    0.74683  13.8%  98.5  610s
 58218 29006    0.77221   32  400    0.86594    0.74702  13.7%  98.5  615s
 58713 29269    0.85223   51  256    0.86594    0.74719  13.7%  98.6  620s
 59320 29595    0.79267   32  355    0.86594    0.74742  13.7%  98.5  625s
 59857 29883    0.80607   39  373    0.86594    0.74764  13.7%  98.5  630s
 60408 30209    0.77079   35  419    0.86594    0.74789  13.6%  98.6  635s
 60968 30528    0.77700   36  346    0.86594    0.74804  13.6%  98.5  640s
 61471 30824    0.80737   50  359    0.86594    0.74819  13.6%  98.5  645s
 62011 31142    0.75603   35  395    0.86594    0.74839  13.6%  98.4  650s
 62633 31461    0.83014   40  364    0.86594    0.74853  13.6%  98.3  655s
 63184 31804    0.78793   44  368    0.86594    0.74871  13.5%  98.3  660s
 63655 32029    0.76006   35  340    0.86594    0.74891  13.5%  98.3  665s
 64187 32319    0.81443   41  310    0.86594    0.74905  13.5%  98.4  670s
 64705 32605    0.80381   37  385    0.86594    0.74925  13.5%  98.4  675s
 65265 32878    0.85937   44  266    0.86594    0.74944  13.5%  98.4  680s
 65815 33201     cutoff   53         0.86594    0.74963  13.4%  98.4  685s
 66313 33447 infeasible   48         0.86594    0.74976  13.4%  98.4  690s
 66880 33761    0.83469   36  384    0.86594    0.74996  13.4%  98.4  695s
 67391 34040    0.82341   39  370    0.86594    0.75014  13.4%  98.4  700s
 67947 34348    0.78383   39  442    0.86594    0.75032  13.4%  98.4  705s
 68489 34647    0.83765   40  324    0.86594    0.75051  13.3%  98.4  710s
 69031 34966    0.86182   37  313    0.86594    0.75067  13.3%  98.3  715s
 69586 35220    0.81851   42  364    0.86594    0.75079  13.3%  98.3  720s
 70157 35560    0.80587   54  236    0.86594    0.75091  13.3%  98.3  725s
 70737 35846    0.84742   42  300    0.86594    0.75120  13.3%  98.3  730s
 71256 36126    0.82921   42  328    0.86594    0.75134  13.2%  98.3  735s
 71790 36439    0.82687   39  362    0.86594    0.75152  13.2%  98.3  740s
 72251 36699    0.80943   45  392    0.86594    0.75164  13.2%  98.3  745s
 72789 37004    0.77434   33  422    0.86594    0.75181  13.2%  98.3  750s
 73313 37328    0.85140   70  207    0.86594    0.75195  13.2%  98.3  755s
 73871 37662    0.81122   39  345    0.86594    0.75221  13.1%  98.3  760s
 74430 37959     cutoff   44         0.86594    0.75244  13.1%  98.3  765s
 74960 38257    0.85127   38  375    0.86594    0.75259  13.1%  98.3  770s
 75552 38550    0.81455   48  342    0.86594    0.75277  13.1%  98.2  775s
 76074 38839    0.85942   37  358    0.86594    0.75293  13.1%  98.3  780s
 76638 39158    0.75713   35  394    0.86594    0.75307  13.0%  98.3  785s
 77164 39452    0.81563   42  329    0.86594    0.75321  13.0%  98.3  790s
 77745 39738    0.86203   39  353    0.86594    0.75341  13.0%  98.2  795s
 78259 40014    0.76354   30  444    0.86594    0.75356  13.0%  98.2  800s
 78799 40283    0.81726   44  331    0.86594    0.75373  13.0%  98.3  805s
 79376 40546    0.86478   48  293    0.86594    0.75383  12.9%  98.3  810s
 79949 40864    0.80687   38  305    0.86594    0.75397  12.9%  98.2  815s
 80556 41171    0.79513   38  360    0.86594    0.75414  12.9%  98.2  820s
 80992 41385    0.80057   37  409    0.86594    0.75426  12.9%  98.2  825s
 81563 41674    0.79453   41  328    0.86594    0.75442  12.9%  98.2  830s
 81973 41878    0.83162   47  318    0.86594    0.75454  12.9%  98.3  835s
 82562 42180    0.83654   37  344    0.86594    0.75466  12.9%  98.3  840s
 83138 42483    0.81866   45  342    0.86594    0.75477  12.8%  98.3  845s
 83711 42777     cutoff   42         0.86594    0.75488  12.8%  98.3  850s
 84182 43004    0.79831   44  348    0.86594    0.75502  12.8%  98.4  855s
 84773 43350    0.84972   51  322    0.86594    0.75511  12.8%  98.3  860s
 85377 43697    0.76388   29  405    0.86594    0.75523  12.8%  98.3  865s
 85818 43897    0.86000   49  331    0.86594    0.75538  12.8%  98.3  870s
 86276 44155    0.79363   32  410    0.86594    0.75546  12.8%  98.4  875s
 86813 44431    0.81871   38  278    0.86594    0.75558  12.7%  98.4  880s
 87388 44746    0.83040   39  379    0.86594    0.75569  12.7%  98.4  885s
 87960 45054    0.79042   33  383    0.86594    0.75585  12.7%  98.3  890s
 88433 45283    0.78914   38  406    0.86594    0.75592  12.7%  98.4  895s

Cutting planes:
  Learned: 59
  Gomory: 55
  Cover: 182
  Implied bound: 303
  Projected implied bound: 137
  Clique: 54
  MIR: 775
  Mixing: 1
  StrongCG: 49
  Flow cover: 1540
  GUB cover: 5
  Inf proof: 26
  Zero half: 30
  RLT: 37
  Relax-and-lift: 32
  BQP: 16

Explored 88618 nodes (8728359 simplex iterations) in 896.89 seconds (1665.41 work units)
Thread count was 1 (of 20 available processors)

Solution count 10: 0.865944 0.873946 0.874774 ... 0.957945

Time limit reached
Best objective 8.659435195714e-01, best bound 7.559582200541e-01, gap 12.7012%

User-callback calls 372863, time in user-callback 2.23 sec
