
Gurobi 13.0.2 (win64) logging started Sat Aug  8 14:47:05 2026

Set parameter LogFile to value "E:\codes\ExactEBRP\results\gf_c6_documentation_hga_round34\runs\v10__round33_v10_moderate_M1_Q20_seed256070676__c6_simple_start__3600s\external\native_logs\L0_lp.gurobi.log"
Gurobi Optimizer version 13.0.2 build v13.0.2rc1 (win64 - Windows 10.0 (19045.2))

CPU model: 12th Gen Intel(R) Core(TM) i7-12700KF, instruction set [SSE2|AVX|AVX2]
Thread count: 12 physical cores, 20 logical processors, using up to 1 threads

Non-default parameters:
TimeLimit  3584.9544261
MIPGap  0
MIPGapAbs  0
LogToConsole  0
Threads  1

Optimize a model with 2538 rows, 479 columns and 16893 nonzeros (Min)
Model fingerprint: 0x6a4ff74f
Model has 11 linear objective coefficients
Coefficient statistics:
  Matrix range     [8e-03, 1e+05]
  Objective range  [8e-03, 1e+00]
  Bounds range     [1e-01, 1e+02]
  RHS range        [1e-01, 1e+06]

Presolve removed 353 rows and 37 columns
Presolve time: 0.01s
Presolved: 2185 rows, 443 columns, 15758 nonzeros

Iteration    Objective       Primal Inf.    Dual Inf.      Time
       0   -1.3953129e-01   8.501345e+01   0.000000e+00      0s

Solved in 304 iterations and 0.01 seconds (0.03 work units)
Infeasible model

User-callback calls 445, time in user-callback 0.00 sec
