
Gurobi 13.0.2 (win64) logging started Sat Aug  8 14:47:05 2026

Set parameter LogFile to value "E:\codes\ExactEBRP\results\gf_c6_documentation_hga_round34\runs\v10__round33_v10_moderate_M1_Q20_seed256070676__c6_simple_start__3600s\external\native_logs\L1_lp.gurobi.log"
Gurobi Optimizer version 13.0.2 build v13.0.2rc1 (win64 - Windows 10.0 (19045.2))

CPU model: 12th Gen Intel(R) Core(TM) i7-12700KF, instruction set [SSE2|AVX|AVX2]
Thread count: 12 physical cores, 20 logical processors, using up to 1 threads

Non-default parameters:
TimeLimit  3584.8964124
MIPGap  0
MIPGapAbs  0
LogToConsole  0
Threads  1

Optimize a model with 2538 rows, 479 columns and 17013 nonzeros (Min)
Model fingerprint: 0x4ac1aba2
Model has 11 linear objective coefficients
Coefficient statistics:
  Matrix range     [8e-03, 1e+05]
  Objective range  [8e-03, 1e+00]
  Bounds range     [1e-01, 8e+01]
  RHS range        [1e-01, 1e+06]

Presolve removed 317 rows and 32 columns
Presolve time: 0.01s
Presolved: 2221 rows, 448 columns, 15577 nonzeros

Iteration    Objective       Primal Inf.    Dual Inf.      Time
       0    2.8272491e-01   6.728989e+01   0.000000e+00      0s
     374    3.3667015e-01   0.000000e+00   0.000000e+00      0s

Solved in 374 iterations and 0.02 seconds (0.04 work units)
Optimal objective  3.366701523e-01

User-callback calls 517, time in user-callback 0.00 sec
