
Gurobi 13.0.2 (win64) logging started Sat Aug  8 14:47:05 2026

Set parameter LogFile to value "E:\codes\ExactEBRP\results\gf_c6_documentation_hga_round34\runs\v10__round33_v10_moderate_M1_Q20_seed256070676__c6_simple_start__3600s\external\native_logs\L1_terminal_mip.gurobi.log"
Gurobi Optimizer version 13.0.2 build v13.0.2rc1 (win64 - Windows 10.0 (19045.2))

CPU model: 12th Gen Intel(R) Core(TM) i7-12700KF, instruction set [SSE2|AVX|AVX2]
Thread count: 12 physical cores, 20 logical processors, using up to 1 threads

Non-default parameters:
TimeLimit  3584.5709936
MIPGap  0
MIPGapAbs  0
LogToConsole  0
Threads  1

Optimize a model with 2538 rows, 479 columns and 17013 nonzeros (Min)
Model fingerprint: 0x33fd926c
Model has 11 linear objective coefficients
Variable types: 254 continuous, 225 integer (185 binary)
Coefficient statistics:
  Matrix range     [8e-03, 1e+05]
  Objective range  [8e-03, 1e+00]
  Bounds range     [1e-01, 8e+01]
  RHS range        [1e-01, 1e+06]

Presolved: 798 rows, 352 columns, 4150 nonzeros

Continuing optimization...

     0     0    0.43760    0   78          -    0.43760      -     -    0s
     0     0    0.45236    0   75          -    0.45236      -     -    0s
     0     0    0.45309    0   82          -    0.45309      -     -    0s
     0     0    0.45603    0   82          -    0.45603      -     -    0s
     0     0    0.45671    0   82          -    0.45671      -     -    0s
     0     0    0.45729    0   83          -    0.45729      -     -    0s
H    0     0                       0.4666533    0.45729  2.01%     -    0s
     0     0    0.45741    0   85    0.46665    0.45741  1.98%     -    0s
     0     0    0.45811    0   83    0.46665    0.45811  1.83%     -    0s
     0     0    0.45819    0   78    0.46665    0.45819  1.81%     -    0s
     0     0    0.45839    0   87    0.46665    0.45839  1.77%     -    0s
     0     0    0.45842    0   85    0.46665    0.45842  1.77%     -    0s
     0     0    0.45849    0   78    0.46665    0.45849  1.75%     -    0s
H    0     0                       0.4665424    0.45849  1.73%     -    0s
     0     0    0.45867    0   79    0.46654    0.45867  1.69%     -    0s
     0     0    0.45876    0   75    0.46654    0.45876  1.67%     -    0s
     0     0    0.45876    0   78    0.46654    0.45876  1.67%     -    0s
     0     0    0.45878    0   75    0.46654    0.45878  1.66%     -    0s
     0     0    0.45878    0   75    0.46654    0.45878  1.66%     -    0s
     0     0    0.45878    0   73    0.46654    0.45878  1.66%     -    0s
     0     0    0.45882    0   74    0.46654    0.45882  1.66%     -    0s
     0     0    0.45882    0   58    0.46654    0.45882  1.65%     -    0s
     0     0    0.45882    0   58    0.46654    0.45882  1.65%     -    0s
     0     0    0.45882    0   55    0.46654    0.45882  1.65%     -    0s
     0     0    0.45974    0   55    0.46654    0.45974  1.46%     -    0s
     0     0    0.46067    0   55    0.46654    0.46067  1.26%     -    0s
     0     0    0.46141    0   53    0.46654    0.46141  1.10%     -    0s
     0     0    0.46173    0   40    0.46654    0.46173  1.03%     -    0s
     0     0    0.46175    0   40    0.46654    0.46175  1.03%     -    0s
     0     0    0.46178    0   43    0.46654    0.46178  1.02%     -    0s
H    0     0                       0.4645934    0.46186  0.59%     -    0s
     0     0    0.46186    0   46    0.46459    0.46186  0.59%     -    0s
     0     0    0.46186    0   54    0.46459    0.46186  0.59%     -    0s
     0     0    0.46191    0   54    0.46459    0.46191  0.58%     -    0s
     0     0    0.46191    0   54    0.46459    0.46191  0.58%     -    0s
     0     0    0.46191    0   54    0.46459    0.46191  0.58%     -    0s
     0     0    0.46191    0   54    0.46459    0.46191  0.58%     -    0s
     0     0    0.46191    0   58    0.46459    0.46191  0.58%     -    0s
     0     0    0.46191    0   57    0.46459    0.46191  0.58%     -    0s
     0     0    0.46191    0   57    0.46459    0.46191  0.58%     -    0s
     0     0    0.46191    0   57    0.46459    0.46191  0.58%     -    0s
     0     0    0.46191    0   54    0.46459    0.46191  0.58%     -    0s
     0     2    0.46191    0   54    0.46459    0.46191  0.58%     -    0s
     1     3    0.46196    1   43    0.46459    0.46196  0.57%  57.0    0s
H    7     5                       0.4643476    0.46207  0.49%  65.3    0s

Cutting planes:
  Learned: 1
  Gomory: 8
  Cover: 6
  Implied bound: 11
  Clique: 1
  MIR: 21
  StrongCG: 1
  Flow cover: 7
  Network: 2
  RLT: 6
  Relax-and-lift: 8
  BQP: 6

Explored 56 nodes (5987 simplex iterations) in 0.67 seconds (0.69 work units)
Most recent optimization runtime was 0.60 seconds (0.59 work units)
Thread count was 1 (of 20 available processors)

Solution count 4: 0.464348 0.464593 0.466542 0.466653 

Optimal solution found (tolerance 0.00e+00)
Best objective 4.643475724819e-01, best bound 4.643475724819e-01, gap 0.0000%

User-callback calls 568, time in user-callback 0.00 sec
