
Gurobi 13.0.2 (win64) logging started Sat Aug  8 14:47:06 2026

Set parameter LogFile to value "E:\codes\ExactEBRP\results\gf_c6_documentation_hga_round34\runs\v10__round33_v10_moderate_M1_Q20_seed256070676__c6_simple_start__3600s\external\native_logs\L2.0.0_lp.gurobi.log"
Gurobi Optimizer version 13.0.2 build v13.0.2rc1 (win64 - Windows 10.0 (19045.2))

CPU model: 12th Gen Intel(R) Core(TM) i7-12700KF, instruction set [SSE2|AVX|AVX2]
Thread count: 12 physical cores, 20 logical processors, using up to 1 threads

Non-default parameters:
TimeLimit  3583.828795
MIPGap  0
MIPGapAbs  0
LogToConsole  0
Threads  1

Optimize a model with 2538 rows, 479 columns and 17013 nonzeros (Min)
Model fingerprint: 0x2ce13625
Model has 11 linear objective coefficients
Coefficient statistics:
  Matrix range     [8e-03, 1e+05]
  Objective range  [8e-03, 1e+00]
  Bounds range     [2e-01, 5e+01]
  RHS range        [2e-01, 1e+06]

Presolve removed 837 rows and 38 columns
Presolve time: 0.00s
Presolved: 1701 rows, 442 columns, 9672 nonzeros

Iteration    Objective       Primal Inf.    Dual Inf.      Time
       0    4.0495777e-01   8.450138e+01   0.000000e+00      0s
     296    4.4492909e-01   0.000000e+00   0.000000e+00      0s

Solved in 296 iterations and 0.01 seconds (0.02 work units)
Optimal objective  4.449290879e-01

User-callback calls 390, time in user-callback 0.00 sec
