
Gurobi 13.0.2 (win64) logging started Sat Aug  8 14:47:06 2026

Set parameter LogFile to value "E:\codes\ExactEBRP\results\gf_c6_documentation_hga_round34\runs\v10__round33_v10_moderate_M1_Q20_seed256070676__c6_simple_start__3600s\external\native_logs\L2.1_lp.gurobi.log"
Gurobi Optimizer version 13.0.2 build v13.0.2rc1 (win64 - Windows 10.0 (19045.2))

CPU model: 12th Gen Intel(R) Core(TM) i7-12700KF, instruction set [SSE2|AVX|AVX2]
Thread count: 12 physical cores, 20 logical processors, using up to 1 threads

Non-default parameters:
TimeLimit  3583.8779666
MIPGap  0
MIPGapAbs  0
LogToConsole  0
Threads  1

Optimize a model with 2538 rows, 479 columns and 17013 nonzeros (Min)
Model fingerprint: 0xc5f64ea3
Model has 11 linear objective coefficients
Coefficient statistics:
  Matrix range     [8e-03, 1e+05]
  Objective range  [8e-03, 1e+00]
  Bounds range     [3e-01, 5e+01]
  RHS range        [3e-01, 1e+06]

Presolve removed 858 rows and 40 columns
Presolve time: 0.00s
Presolved: 1680 rows, 440 columns, 9565 nonzeros

Iteration    Objective       Primal Inf.    Dual Inf.      Time
       0    4.2464837e-01   9.373049e+01   0.000000e+00      0s

Solved in 274 iterations and 0.01 seconds (0.02 work units)
Infeasible model

User-callback calls 368, time in user-callback 0.00 sec
