
Gurobi 13.0.2 (win64) logging started Wed Sep 30 13:01:41 2026

Set parameter LogFile to value "E:\codes\ExactEBRP\results\unified_exact_round97\development02\raw\12_F2_P-GRB\native.log"
Set parameter Threads to value 1
Set parameter Presolve to value -1
Set parameter Seed to value 0
Set parameter MIPGap to value 0
Set parameter MIPGapAbs to value 0
Set parameter TimeLimit to value 894
Read LP format model from file E:\codes\ExactEBRP\results\unified_exact_round97\development02\raw\12_F2_P-GRB\compact.lp
Reading time = 0.01 seconds
obj: 3689 rows, 1591 columns, 16490 nonzeros
Set parameter TimeLimit to value 896.8673332
Gurobi Optimizer version 13.0.2 build v13.0.2rc1 (win64 - Windows 10.0 (19045.2))

CPU model: 12th Gen Intel(R) Core(TM) i7-12700KF, instruction set [SSE2|AVX|AVX2]
Thread count: 12 physical cores, 20 logical processors, using up to 1 threads

Non-default parameters:
TimeLimit  896.8673332
MIPGap  0
MIPGapAbs  0
LogToConsole  0
Threads  1

Optimize a model with 3689 rows, 1591 columns and 16490 nonzeros (Min)
Model fingerprint: 0x2efb9938
Model has 21 linear objective coefficients
Variable types: 411 continuous, 1180 integer (1040 binary)
Coefficient statistics:
  Matrix range     [4e-02, 1e+03]
  Objective range  [4e-02, 1e+00]
  Bounds range     [1e+00, 5e+01]
  RHS range        [1e+00, 4e+03]

Presolve removed 100 rows and 20 columns
Presolve time: 0.04s
Presolved: 3589 rows, 1571 columns, 25738 nonzeros
Variable types: 181 continuous, 1390 integer (1040 binary)
Found heuristic solution: objective 1.2109100

Root relaxation: objective 4.735949e-01, 982 iterations, 0.02 seconds (0.06 work units)

    Nodes    |    Current Node    |     Objective Bounds      |     Work
 Expl Unexpl |  Obj  Depth IntInf | Incumbent    BestBd   Gap | It/Node Time

     0     0    0.47359    0  290    1.21091    0.47359  60.9%     -    0s
     0     0    0.61051    0  451    1.21091    0.61051  49.6%     -    0s
H    0     0                       1.1571431    0.61051  47.2%     -    0s
     0     0    0.61279    0  457    1.15714    0.61279  47.0%     -    0s
     0     0    0.62268    0  444    1.15714    0.62268  46.2%     -    0s
     0     0    0.62278    0  481    1.15714    0.62278  46.2%     -    0s
     0     0    0.62788    0  492    1.15714    0.62788  45.7%     -    0s
     0     0    0.62824    0  488    1.15714    0.62824  45.7%     -    0s
     0     0    0.62873    0  476    1.15714    0.62873  45.7%     -    0s
H    0     0                       1.1502426    0.62873  45.3%     -    0s
     0     0    0.62881    0  484    1.15024    0.62881  45.3%     -    0s
     0     0    0.62927    0  497    1.15024    0.62927  45.3%     -    0s
     0     0    0.62928    0  506    1.15024    0.62928  45.3%     -    0s
     0     0    0.62983    0  489    1.15024    0.62983  45.2%     -    0s
H    0     0                       1.1317904    0.62983  44.4%     -    0s
     0     0    0.62989    0  502    1.13179    0.62989  44.3%     -    0s
     0     0    0.62995    0  493    1.13179    0.62995  44.3%     -    0s
     0     0    0.62995    0  491    1.13179    0.62995  44.3%     -    0s
     0     0    0.62996    0  494    1.13179    0.62996  44.3%     -    0s
H    0     0                       1.0705762    0.62996  41.2%     -    0s
H    0     0                       1.0488270    0.62996  39.9%     -    0s
     0     0    0.62997    0  497    1.04883    0.62997  39.9%     -    0s
     0     0    0.62997    0  494    1.04883    0.62997  39.9%     -    1s
     0     0    0.62997    0  494    1.04883    0.62997  39.9%     -    1s
     0     0    0.62997    0  483    1.04883    0.62997  39.9%     -    1s
H    0     0                       1.0341688    0.63001  39.1%     -    1s
     0     2    0.63001    0  482    1.03417    0.63001  39.1%     -    1s
H    5     5                       1.0338371    0.63001  39.1%   112    1s
H   24    24                       1.0314283    0.63001  38.9%  89.2    1s
H   24    24                       0.9579455    0.63001  34.2%  89.2    1s
H   24    24                       0.9310572    0.63001  32.3%  89.2    1s
H   44    44                       0.8958666    0.63001  29.7%  62.9    1s
H   55    55                       0.8953386    0.63001  29.6%  61.2    1s
H  209   187                       0.8931405    0.63001  29.5%  33.8    2s
H  209   186                       0.8865284    0.63001  28.9%  33.8    2s
H  209   186                       0.8846829    0.63001  28.8%  33.8    2s
H  209   181                       0.8747744    0.63001  28.0%  33.8    2s
H  327   287                       0.8739458    0.63621  27.2%  39.3    3s
H  448   395                       0.8659435    0.63682  26.5%  36.9    3s
   546   489    0.64091    4  523    0.86594    0.63682  26.5%  32.4    5s
   763   568    0.64835   14  475    0.86594    0.64272  25.8%  53.4   10s
  1338   804    0.71020   28  450    0.86594    0.64473  25.5%  63.6   15s
  1915  1063    0.69059   22  417    0.86594    0.65011  24.9%  68.8   20s
  2593  1567    0.80090   45  290    0.86594    0.65707  24.1%  67.4   25s
  3226  2028    0.67763   19  452    0.86594    0.66327  23.4%  68.2   30s
  3982  2581    0.69140   21  478    0.86594    0.66699  23.0%  69.3   35s
H 4206  2744                       0.8659435    0.66768  22.9%  69.9   36s
  4634  3052    0.67375   15  490    0.86594    0.67019  22.6%  71.2   40s
  5257  3497    0.74875   39  332    0.86594    0.67239  22.4%  71.7   45s
  6137  4115    0.68202   18  454    0.86594    0.67448  22.1%  71.4   50s
  6848  4628    0.71787   27  431    0.86594    0.67606  21.9%  71.6   55s
  7709  5241    0.79882   35  356    0.86594    0.67791  21.7%  71.5   60s
  8476  5769    0.73361   23  454    0.86594    0.67914  21.6%  71.7   65s
  9214  6306    0.74508   24  409    0.86594    0.68051  21.4%  71.6   70s
  9996  6843    0.72878   31  388    0.86594    0.68177  21.3%  71.4   75s
 10203  6998    0.80654   34  483    0.86594    0.68190  21.3%  71.5   85s
 10214  7005    0.74711   30  489    0.86594    0.68190  21.3%  71.4   90s
 10224  7012    0.77391   25  502    0.86594    0.68190  21.3%  71.3   95s
 10233  7018    0.68707   21  513    0.86594    0.68190  21.3%  71.3  100s
 10242  7024    0.85121   43  501    0.86594    0.68190  21.3%  71.2  105s
 10255  7033    0.80447   53  489    0.86594    0.68190  21.3%  71.1  110s
 10442  7120    0.78316   45  278    0.86594    0.68190  21.3%  73.8  115s
 10638  7191    0.79184   60  197    0.86594    0.68190  21.3%  74.5  120s
 10880  7251    0.70830   30  400    0.86594    0.68190  21.3%  75.5  125s
 11112  7340    0.80279   47  287    0.86594    0.68206  21.2%  76.3  130s
 11337  7425    0.73473   30  379    0.86594    0.68675  20.7%  76.8  135s
 11589  7515    0.70180   24  459    0.86594    0.68836  20.5%  77.9  140s
 11805  7607    0.85623   69  237    0.86594    0.68966  20.4%  78.2  146s
 12066  7680    0.85595   49  284    0.86594    0.69362  19.9%  78.9  150s
 12508  7832    0.82938   43  383    0.86594    0.69664  19.6%  79.7  155s
 12848  7952    0.71373   31  420    0.86594    0.69755  19.4%  80.8  160s
 13235  8063    0.74500   36  401    0.86594    0.70034  19.1%  81.8  165s
 13560  8180    0.85719   64  248    0.86594    0.70248  18.9%  82.4  170s
 13980  8312    0.76104   34  345    0.86594    0.70404  18.7%  83.5  175s
 14410  8473    0.75719   36  388    0.86594    0.70557  18.5%  83.5  180s
 14892  8643    0.79475   38  375    0.86594    0.70627  18.4%  84.0  185s
 15327  8784    0.72833   28  467    0.86594    0.70786  18.3%  85.1  190s
 15776  8942    0.71721   27  451    0.86594    0.70978  18.0%  85.7  195s
 16169  9050    0.84943   40  321    0.86594    0.71107  17.9%  86.5  200s
 16596  9188    0.72505   30  415    0.86594    0.71223  17.8%  86.7  205s
 17070  9352    0.75268   32  361    0.86594    0.71319  17.6%  87.3  210s
 17537  9511    0.79607   36  378    0.86594    0.71468  17.5%  87.9  215s
 17936  9637    0.73954   32  374    0.86594    0.71557  17.4%  88.1  220s
 18408  9788    0.74453   30  434    0.86594    0.71630  17.3%  88.3  225s
 18876  9944    0.84686   43  346    0.86594    0.71729  17.2%  88.9  230s
 19362 10095    0.76297   36  406    0.86594    0.71811  17.1%  89.1  235s
 19886 10246    0.73727   28  412    0.86594    0.71906  17.0%  89.5  240s
 20364 10400    0.79094   40  374    0.86594    0.71987  16.9%  90.0  245s
 20878 10534    0.80334   45  325    0.86594    0.72033  16.8%  90.3  250s
 21347 10678    0.76909   35  353    0.86594    0.72098  16.7%  90.7  255s
 21829 10837    0.84278   42  384    0.86594    0.72190  16.6%  90.9  260s
 22274 10963    0.78356   36  376    0.86594    0.72251  16.6%  91.3  265s
 22731 11103    0.73542   29  481    0.86594    0.72318  16.5%  91.8  270s
 23255 11280    0.84955   60  136    0.86594    0.72375  16.4%  91.7  275s
 23707 11377    0.75138   30  475    0.86594    0.72416  16.4%  92.2  280s
 24263 11571    0.83588   45  350    0.86594    0.72480  16.3%  92.2  285s
 24760 11716    0.72789   30  438    0.86594    0.72524  16.2%  92.4  290s
 25273 11877    0.80425   45  363    0.86594    0.72591  16.2%  92.6  295s
 25759 12029    0.74798   29  407    0.86594    0.72652  16.1%  93.0  300s
 26249 12160    0.75750   31  376    0.86594    0.72704  16.0%  93.2  305s
 26768 12305    0.75072   33  391    0.86594    0.72770  16.0%  93.2  310s
 27309 12455    0.77077   29  357    0.86594    0.72833  15.9%  93.1  315s
 27793 12573    0.81912   50  318    0.86594    0.72862  15.9%  93.2  320s
 28316 12721    0.84820   53  322    0.86594    0.72938  15.8%  93.3  325s
 28820 12868    0.85722   57  285    0.86594    0.73001  15.7%  93.6  330s
 29352 13002    0.78793   37  389    0.86594    0.73053  15.6%  93.7  335s
 29836 13120    0.75046   31  398    0.86594    0.73095  15.6%  94.0  340s
 30378 13284    0.81695   41  344    0.86594    0.73128  15.6%  94.1  345s
 30865 13414    0.80407   41  376    0.86594    0.73168  15.5%  94.4  350s
 31220 13498    0.80513   51  236    0.86594    0.73193  15.5%  94.4  355s
 31785 13774    0.74667   31  382    0.86594    0.73232  15.4%  94.3  360s
 32216 14033    0.74910   32  437    0.86594    0.73261  15.4%  94.6  365s
 32690 14321    0.75005   34  412    0.86594    0.73283  15.4%  94.8  370s
 33179 14585    0.81495   55  182    0.86594    0.73311  15.3%  95.0  375s
 33686 14903 infeasible   47         0.86594    0.73352  15.3%  95.1  380s
 34219 15247    0.80900   47  248    0.86594    0.73393  15.2%  95.2  385s
 34768 15549    0.78001   32  368    0.86594    0.73432  15.2%  95.3  390s
 35286 15850    0.75401   37  391    0.86594    0.73481  15.1%  95.4  395s
 35801 16159    0.79843   33  353    0.86594    0.73512  15.1%  95.6  400s
 36329 16443    0.77154   36  422    0.86594    0.73560  15.1%  95.7  405s
 36874 16747    0.78605   36  348    0.86594    0.73584  15.0%  95.7  410s
 37350 17012    0.78686   37  378    0.86594    0.73626  15.0%  96.0  415s
 37783 17267    0.79253   39  307    0.86594    0.73661  14.9%  96.1  420s
 38278 17568    0.77809   35  388    0.86594    0.73674  14.9%  96.3  425s
 38803 17872    0.78224   35  329    0.86594    0.73697  14.9%  96.2  430s
 39342 18190     cutoff   37         0.86594    0.73732  14.9%  96.3  435s
 39858 18500    0.79321   35  393    0.86594    0.73763  14.8%  96.4  440s
 40416 18821    0.81761   37  354    0.86594    0.73802  14.8%  96.4  445s
 40916 19140    0.83272   49  318    0.86594    0.73842  14.7%  96.6  450s
 41383 19410    0.74406   35  427    0.86594    0.73866  14.7%  96.7  455s
 41925 19749    0.79795   34  346    0.86594    0.73892  14.7%  96.8  460s
 42433 20033    0.78489   37  318    0.86594    0.73925  14.6%  96.9  465s
 42936 20332    0.82586   40  378    0.86594    0.73958  14.6%  97.1  470s
 43462 20650    0.79228   36  419    0.86594    0.73989  14.6%  97.1  475s
 44006 20931    0.78915   34  391    0.86594    0.74012  14.5%  97.2  480s
 44509 21200    0.80631   37  392    0.86594    0.74055  14.5%  97.4  485s
 44889 21408    0.82596   38  289    0.86594    0.74084  14.4%  97.6  490s
 45442 21706    0.82021   41  267    0.86594    0.74123  14.4%  97.6  495s
 45967 22014 infeasible   42         0.86594    0.74140  14.4%  97.5  500s
 46496 22297    0.85643   46  312    0.86594    0.74164  14.4%  97.6  505s
 47047 22604    0.81394   33  415    0.86594    0.74209  14.3%  97.7  510s
 47534 22918    0.80011   44  312    0.86594    0.74242  14.3%  97.9  515s
 48081 23257    0.77585   37  273    0.86594    0.74257  14.2%  97.8  520s
 48641 23554    0.79724   42  296    0.86594    0.74299  14.2%  97.9  525s
 49129 23811    0.78247   34  356    0.86594    0.74314  14.2%  98.0  530s
 49643 24077    0.81828   40  350    0.86594    0.74355  14.1%  98.1  535s
 50163 24363    0.83521   32  344    0.86594    0.74377  14.1%  98.2  540s
 50665 24653    0.78560   36  369    0.86594    0.74388  14.1%  98.2  545s
 51219 24979    0.79466   43  335    0.86594    0.74414  14.1%  98.2  550s
 51781 25296     cutoff   42         0.86594    0.74432  14.0%  98.2  555s
 52313 25600    0.84267   56  316    0.86594    0.74453  14.0%  98.2  560s
 52847 25917    0.79331   41  403    0.86594    0.74482  14.0%  98.3  565s
 53365 26255    0.85077   42  316    0.86594    0.74508  14.0%  98.1  570s
 53770 26472 infeasible   52         0.86594    0.74530  13.9%  98.4  575s
 54267 26781    0.79434   37  359    0.86594    0.74558  13.9%  98.4  580s
 54785 27070    0.77441   35  403    0.86594    0.74576  13.9%  98.5  585s
 55319 27341 infeasible   49         0.86594    0.74597  13.9%  98.5  590s
 55850 27641    0.76385   37  388    0.86594    0.74612  13.8%  98.4  595s
 56356 27911    0.83518   53  344    0.86594    0.74626  13.8%  98.5  600s
 56943 28283    0.76248   36  436    0.86594    0.74658  13.8%  98.4  605s
 57483 28586    0.82736   41  355    0.86594    0.74675  13.8%  98.5  610s
 58056 28903    0.77440   29  432    0.86594    0.74696  13.7%  98.5  615s
 58596 29190    0.80710   35  357    0.86594    0.74717  13.7%  98.5  620s
 59117 29487    0.80634   54  249    0.86594    0.74736  13.7%  98.5  625s
 59705 29795    0.76046   34  454    0.86594    0.74758  13.7%  98.5  630s
 60246 30113    0.77496   35  356    0.86594    0.74782  13.6%  98.5  635s
 60774 30418    0.74885   30  424    0.86594    0.74800  13.6%  98.5  640s
 61256 30688    0.78101   36  412    0.86594    0.74813  13.6%  98.6  645s
 61813 31022    0.80506   47  348    0.86594    0.74835  13.6%  98.5  650s
 62432 31344    0.78023   42  310    0.86594    0.74848  13.6%  98.4  655s
 62994 31676    0.75667   31  387    0.86594    0.74865  13.5%  98.3  660s
 63489 31949    0.80805   39  346    0.86594    0.74884  13.5%  98.3  665s
 63985 32221    0.85517   48  296    0.86594    0.74895  13.5%  98.4  670s
 64521 32510    0.76792   37  404    0.86594    0.74920  13.5%  98.4  675s
 65043 32748    0.77945   38  339    0.86594    0.74941  13.5%  98.4  680s
 65623 33076    0.76247   36  454    0.86594    0.74958  13.4%  98.4  685s
 66133 33351    0.80214   40  374    0.86594    0.74973  13.4%  98.4  690s
 66671 33642    0.86267   48  297    0.86594    0.74988  13.4%  98.4  695s
 67231 33962    0.76177   38  368    0.86594    0.75011  13.4%  98.4  700s
 67741 34232    0.75676   35  418    0.86594    0.75025  13.4%  98.4  705s
 68296 34548    0.77228   34  374    0.86594    0.75043  13.3%  98.4  710s
 68832 34853    0.79691   32  331    0.86594    0.75063  13.3%  98.3  715s
 69411 35154    0.85358   38  373    0.86594    0.75073  13.3%  98.3  720s
 69929 35430     cutoff   41         0.86594    0.75086  13.3%  98.3  725s
 70590 35760    0.80404   42  400    0.86594    0.75114  13.3%  98.3  730s
 71094 36042    0.77962   38  325    0.86594    0.75127  13.2%  98.3  735s
 71622 36326    0.84128   32  393    0.86594    0.75147  13.2%  98.3  740s
 72144 36649    0.80850   35  329    0.86594    0.75164  13.2%  98.3  745s
 72606 36892    0.78972   34  420    0.86594    0.75174  13.2%  98.3  750s
 73164 37239    0.80072   34  426    0.86594    0.75191  13.2%  98.3  755s
 73713 37570    0.76440   42  360    0.86594    0.75214  13.1%  98.3  760s
 74277 37862    0.78781   35  412    0.86594    0.75240  13.1%  98.3  765s
 74813 38171    0.77074   32  420    0.86594    0.75253  13.1%  98.2  770s
 75384 38442    0.84038   40  338    0.86594    0.75269  13.1%  98.3  775s
 75960 38780    0.82564   44  278    0.86594    0.75288  13.1%  98.2  780s
 76486 39067    0.81428   49  309    0.86594    0.75302  13.0%  98.3  785s
 77008 39365    0.75922   30  401    0.86594    0.75318  13.0%  98.3  790s
 77594 39662    0.81987   32  359    0.86594    0.75336  13.0%  98.2  795s
 78068 39906    0.80616   39  366    0.86594    0.75349  13.0%  98.3  800s
 78655 40206    0.82409   37  373    0.86594    0.75365  13.0%  98.3  805s
 79186 40462    0.82126   36  362    0.86594    0.75381  12.9%  98.3  810s
 79777 40761    0.78439   37  348    0.86594    0.75393  12.9%  98.2  815s
 80410 41084     cutoff   44         0.86594    0.75410  12.9%  98.2  820s
 80839 41310    0.82555   34  364    0.86594    0.75423  12.9%  98.2  825s
 81407 41565    0.76917   36  424    0.86594    0.75441  12.9%  98.3  830s
 81945 41856    0.76928   36  330    0.86594    0.75454  12.9%  98.3  835s
 82431 42108    0.80950   45  340    0.86594    0.75465  12.9%  98.3  840s
 82988 42408    0.85330   38  349    0.86594    0.75476  12.8%  98.3  845s
 83576 42712    0.84657   42  285    0.86594    0.75486  12.8%  98.3  850s
 84098 42956     cutoff   42         0.86594    0.75499  12.8%  98.3  855s
 84684 43291    0.78966   40  346    0.86594    0.75509  12.8%  98.3  860s
 85252 43614    0.80374   40  375    0.86594    0.75520  12.8%  98.3  865s
 85687 43853    0.82560   37  322    0.86594    0.75535  12.8%  98.4  870s
 86185 44101    0.79564   32  390    0.86594    0.75544  12.8%  98.3  875s
 86717 44374    0.82462   42  372    0.86594    0.75556  12.7%  98.4  880s
 87291 44694    0.79029   30  417    0.86594    0.75566  12.7%  98.4  885s
 87839 44985    0.77675   35  429    0.86594    0.75582  12.7%  98.3  890s
 88348 45249    0.81307   45  313    0.86594    0.75591  12.7%  98.4  895s

Cutting planes:
  Learned: 59
  Gomory: 55
  Cover: 182
  Implied bound: 303
  Projected implied bound: 137
  Clique: 54
  MIR: 775
  Mixing: 1
  StrongCG: 49
  Flow cover: 1540
  GUB cover: 5
  Inf proof: 26
  Zero half: 30
  RLT: 37
  Relax-and-lift: 32
  BQP: 16

Explored 88519 nodes (8716188 simplex iterations) in 896.88 seconds (1663.53 work units)
Thread count was 1 (of 20 available processors)

Solution count 10: 0.865944 0.873946 0.874774 ... 0.957945

Time limit reached
Best objective 8.659435195714e-01, best bound 7.559358687503e-01, gap 12.7038%

User-callback calls 371589, time in user-callback 3.11 sec
