
Gurobi 13.0.2 (win64) logging started Sun Aug  9 15:35:46 2026

Set parameter LogFile to value "E:\codes\ExactEBRP\results\gf_simple_start_qualification_round35\runs\matrix1800__moderate_seed5302__c6_simple_start__1800s\external\native_logs\L0_terminal_mip.gurobi.log"
Gurobi Optimizer version 13.0.2 build v13.0.2rc1 (win64 - Windows 10.0 (19045.2))

CPU model: 12th Gen Intel(R) Core(TM) i7-12700KF, instruction set [SSE2|AVX|AVX2]
Thread count: 12 physical cores, 20 logical processors, using up to 1 threads

Non-default parameters:
TimeLimit  1780.3605191
MIPGap  0
MIPGapAbs  0
LogToConsole  0
Threads  1

Optimize a model with 11930 rows, 3382 columns and 67150 nonzeros (Min)
Model fingerprint: 0x1f293f11
Model has 21 linear objective coefficients
Variable types: 1688 continuous, 1694 integer (1494 binary)
Coefficient statistics:
  Matrix range     [9e-03, 2e+04]
  Objective range  [9e-03, 1e+00]
  Bounds range     [5e-02, 3e+02]
  RHS range        [5e-02, 5e+04]

Presolved: 11013 rows, 3328 columns, 73513 nonzeros

Continuing optimization...

     0     0    0.05314    0  332          -    0.05314      -     -    3s
     0     0    0.05314    0  320          -    0.05314      -     -    3s
     0     0    0.05499    0  330          -    0.05499      -     -    4s
     0     0    0.06213    0  369          -    0.06213      -     -    5s
     0     0    0.06237    0  373          -    0.06237      -     -    6s
     0     0    0.06316    0  382          -    0.06316      -     -    7s
     0     0    0.06341    0  371          -    0.06341      -     -    8s
     0     0    0.06380    0  371          -    0.06380      -     -    9s
     0     0    0.06396    0  343          -    0.06396      -     -    9s
     0     0    0.06417    0  350          -    0.06417      -     -   10s
     0     0    0.06432    0  376          -    0.06432      -     -   10s
     0     0    0.06442    0  355          -    0.06442      -     -   11s
     0     0    0.06446    0  339          -    0.06446      -     -   11s
     0     0    0.06449    0  374          -    0.06449      -     -   12s
     0     0    0.06450    0  318          -    0.06450      -     -   12s
     0     0    0.06450    0  361          -    0.06450      -     -   13s
     0     0    0.06451    0  347          -    0.06451      -     -   13s
     0     0    0.06451    0  324          -    0.06451      -     -   13s
     0     0    0.06451    0  324          -    0.06451      -     -   14s
     0     0    0.06451    0  324          -    0.06451      -     -   14s
     0     2    0.06451    0  324          -    0.06451      -     -   15s
     1     3    0.06451    1  335          -    0.06451      -   472   15s
     7     9    0.06632    5  290          -    0.06451      -  1697   26s
    51    53    0.06772   48  276          -    0.06451      -   655   30s
    76    78    0.06818   73  326          -    0.06451      -   547   35s
   158   160    0.06980  155  291          -    0.06451      -   378   40s
   333   329    0.06495    3  323          -    0.06451      -   269   45s
   396   392    0.07351   60  233          -    0.06451      -   288   50s
   518   510    0.08427  127  236          -    0.06451      -   250   56s
   520   512    0.08412  124  344          -    0.06451      -   249   61s
   523   514    0.07564  293  266          -    0.06453      -   248   65s
   527   516    0.07611   65  278          -    0.06464      -   246   71s
   529   518    0.07463   89  400          -    0.06471      -   245   75s
   533   520    0.07520  192  428          -    0.06472      -   243   81s
   536   522    0.07698  175  398          -    0.06475      -   242   85s
   539   524    0.07697  303  417          -    0.06482      -   241   90s
   542   526    0.07995   94  388          -    0.06493      -   239   96s
   545   528    0.07721   87  395          -    0.06501      -   238  101s
   549   531    0.07239   37  406          -    0.06519      -   236  105s
   553   534    0.07685  171  414          -    0.06519      -   234  110s
   561   539    0.07751  111  402          -    0.06519      -   231  115s
   568   545    0.07632  222  247          -    0.06519      -   399  120s
   571   547    0.07586  265  280          -    0.06519      -   396  126s
   573   549    0.07697   74  414          -    0.06519      -   395  131s
   576   551    0.07019   25  406          -    0.06524      -   393  135s
   578   552    0.06529    4  415          -    0.06529      -   392  140s
   581   554    0.07644  258  307          -    0.06534      -   390  146s
   583   555    0.07654  223  424          -    0.06536      -   388  150s
   586   557    0.06538    4  299          -    0.06538      -   386  155s
   588   559    0.14574   82  433          -    0.06542      -   385  160s
   591   561    0.08583  142  431          -    0.06553      -   383  166s
   594   563    0.07678  270  435          -    0.06571      -   381  170s
   599   566    0.07698  175  425          -    0.06576      -   378  176s
   603   569    0.07685  312  421          -    0.06581      -   375  183s
   606   571    0.07370   45  425          -    0.06582      -   374  185s
   620   581    0.08412  124  324          -    0.06585      -   546  190s
   623   583    0.07564  293  350          -    0.06585      -   544  195s
   626   585    0.07468  144  370          -    0.06585      -   541  200s
   629   587    0.07463   89  399          -    0.06585      -   539  205s
   632   589    0.06990  166  426          -    0.06594      -   536  211s
   634   590    0.07582   80  433          -    0.06599      -   534  215s
   636   592    0.07698  175  417          -    0.06599      -   533  220s
   639   594    0.07697  303  413          -    0.06606      -   530  226s
   641   595    0.07576   79  409          -    0.06606      -   528  230s
   644   597    0.07638   85  425          -    0.06606      -   526  236s
   647   599    0.07697  303  407          -    0.06606      -   524  241s
   650   601    0.07564   41  430          -    0.06606      -   521  245s
   656   605    0.07882  143  412          -    0.06613      -   516  250s
   657   606    0.07377   54  432          -    0.06613      -   516  258s
   664   610    0.08583  122  423          -    0.06616      -   510  260s
   676   619    0.07019   25  228          -    0.06616      -   623  266s
   678   621    0.06616    4  342          -    0.06616      -   621  270s
   680   622    0.08645  154  377          -    0.06616      -   619  275s
   682   623    0.07607  172  419          -    0.06616      -   617  280s
   685   625    0.07904  321  376          -    0.06616      -   615  285s
   688   627    0.14574   82  376          -    0.06618      -   612  291s
   691   629    0.08583  142  404          -    0.06621      -   609  296s
   693   631    0.07172   16  411          -    0.06621      -   608  300s
   696   633    0.13327  172  390          -    0.06621      -   605  305s
   699   635    0.07698  175  392          -    0.06621      -   602  311s
   701   636    0.07609   38  390          -    0.06623      -   601  315s
   703   639    0.06776   46  367          -    0.06623      -   690  351s
   710   644    0.06878   50  346          -    0.06776      -   706  355s
   717   649    0.07845   53  306          -    0.06776      -   716  360s
   718   649    0.07200   54  309          -    0.06776      -   716  366s
   722   652    0.07200   56  320          -    0.06776      -   717  371s
   730   657    0.07321   60  323          -    0.06776      -   723  375s
   749   670    0.09435   69  303          -    0.06776      -   738  380s
   762   679    0.07343   76  331          -    0.06776      -   753  385s
   775   685    0.10598   82  270          -    0.06776      -   779  390s
   783   691    0.18872   86  275          -    0.06776      -   793  395s
   797   698    0.18371   93  322          -    0.06776      -   810  402s
   805   703    0.18270   97  321          -    0.06776      -   824  405s
   815   710    0.18297  102  324          -    0.06776      -   840  410s
   829   719    0.18537  109  309          -    0.06776      -   858  415s
   844   729    0.17273  117  301          -    0.06776      -   872  420s
   858   735    0.07846  123  278          -    0.06776      -   880  430s
   880   735    0.07331   49  302          -    0.06776      -   887  435s
   900   747    0.07543   59  293          -    0.06776      -   897  440s
   931   765    0.09807   74  233          -    0.06776      -   895  445s
   977   792    0.09336   97  187          -    0.06776      -   875  450s
  1064   806    0.13468  141  138          -    0.06776      -   820  455s
  1097   809    0.07636   53  225          -    0.06843      -   821  460s
  1125   828    0.09078   67  247          -    0.06843      -   821  465s
  1173   848    0.17938   91  180          -    0.06843      -   805  470s
  1218   850    0.07071   50  292          -    0.06843      -   787  475s
  1246   868    0.08260   64  218          -    0.06843      -   791  480s
  1315   886    0.10180   99  202          -    0.06843      -   765  485s
  1342   890    0.07626   53  305          -    0.06862      -   772  490s
  1381   912    0.12986   72  169          -    0.06862      -   767  495s
  1426   914    0.11159   95  142          -    0.06862      -   754  500s
  1473   910    0.12579   53  285          -    0.06866      -   752  505s
  1489   918    0.08165   61  288          -    0.06866      -   759  510s
  1515   918    0.07247   52  303          -    0.06866      -   763  515s
  1527   926    0.10934   58  320          -    0.06866      -   775  520s
  1588   936    0.12441   85  155          -    0.06866      -   756  525s
  1618   940    0.11201   57  291          -    0.06897      -   761  530s
  1637   949    0.08382   67  240          -    0.06897      -   763  535s
  1671   964    0.10558   60  263          -    0.06920      -   760  540s
  1725   984    0.07093   53  335          -    0.06920      -   747  545s
  1733   983    0.18454   58  254          -    0.06920      -   758  555s
  1774   988    0.07458   52  321          -    0.06992      -   752  560s
  1813  1012    0.12708   76  185          -    0.06992      -   747  565s
  1857  1028    0.08834   60  253          -    0.06992      -   741  570s
  1902  1043    0.14308   81  177          -    0.06992      -   731  575s
  1943  1060    0.10077   72  202          -    0.07013      -   727  580s
  2014  1077    0.07562   52  288          -    0.07021      -   710  585s
  2072  1110    0.12257   88  163          -    0.07021      -   697  590s
  2127  1121    0.07036   53  331          -    0.07036      -   691  595s
  2148  1135    0.09001   65  243          -    0.07054      -   695  600s
  2222  1154    0.08381   53  324          -    0.07054      -   682  605s
  2256  1177    0.11192   70  215          -    0.07054      -   680  610s
  2304  1190    0.09593   66  219          -    0.07071      -   675  615s
  2363  1217    0.10351   56  277          -    0.07087      -   667  620s
  2415  1236    0.14067   58  264          -    0.07087      -   662  625s
  2466  1250    0.17213   57  249          -    0.07087      -   656  630s
  2506  1266    0.09756   63  248          -    0.07102      -   650  635s
  2547  1283    0.18937   52  245          -    0.07103      -   648  640s
  2564  1281    0.09221   56  275          -    0.07133      -   649  645s
  2606  1297    0.17413   75  186          -    0.07133      -   646  650s
  2641  1319    0.09152   68  220          -    0.07143      -   645  655s
  2706  1370    0.08314   70  155          -    0.07161      -   636  660s
  2773  1415    0.12219   54  244          -    0.07161      -   627  681s
  2775  1417    0.09091   56  310          -    0.07161      -   627  685s
  2824  1452 infeasible   80               -    0.07161      -   623  690s
  2847  1463    0.15913   58  293          -    0.07178      -   627  695s
  2896  1490    0.08144   65  256          -    0.07187      -   624  700s
  2958  1539    0.09456   64  294          -    0.07192      -   619  710s
  2993  1560    0.18215   57  233          -    0.07192      -   620  715s
  3051  1598    0.11273   56  276          -    0.07198      -   615  720s
  3113  1642    0.09638   62  204          -    0.07247      -   611  725s
  3190  1701    0.19001   65  213          -    0.07247      -   602  730s
  3236  1727    0.08316   62  223          -    0.07266      -   601  735s
  3315  1776    0.11802   70  197          -    0.07267      -   593  740s
  3375  1820    0.09193   63  181          -    0.07269      -   589  745s
  3421  1844    0.09762   53  227          -    0.07269      -   587  752s
  3466  1885    0.12747   82  184          -    0.07269      -   583  755s
  3563  1962    0.12580  101  142          -    0.07272      -   572  760s
  3608  1997    0.11558   67  263          -    0.07284      -   572  765s
  3679  2046    0.11006   69  193          -    0.07286      -   567  770s
  3765  2104    0.13782   71  184          -    0.07286      -   561  775s
  3825  2138    0.17252   72  143          -    0.07313      -   561  780s
  3898  2189    0.13230   77  152          -    0.07317      -   557  785s
H 3941  1798                       0.1594457    0.07323  54.1%   556  794s
  3941  1800    0.08698   54  278    0.15945    0.07323  54.1%   557  795s
  4007  1842    0.13253   57  314    0.15945    0.07326  54.1%   554  800s
  4039  1852    0.08165   51  329    0.15945    0.07326  54.1%   559  805s
  4098  1880    0.12313   54  305    0.15945    0.07330  54.0%   559  810s
  4188  1939    0.07928   50  354    0.15945    0.07331  54.0%   556  815s
  4227  1965    0.12254   60  237    0.15945    0.07343  53.9%   559  820s
  4288  1988    0.08856   57  307    0.15945    0.07369  53.8%   560  825s
  4339  2019    0.09919   58  231    0.15945    0.07380  53.7%   562  830s
  4379  2026 infeasible   62         0.15945    0.07398  53.6%   566  835s
  4413  2038    0.08240   54  352    0.15945    0.07417  53.5%   571  840s
  4456  2062    0.11299   66  185    0.15945    0.07443  53.3%   572  845s
  4504  2080    0.08215   53  373    0.15945    0.07473  53.1%   573  850s
  4572  2112    0.10513   67  219    0.15945    0.07474  53.1%   571  855s
  4650  2166    0.11451   58  247    0.15945    0.07475  53.1%   569  860s
  4717  2199    0.08379   55  356    0.15945    0.07487  53.0%   568  865s
  4774  2229    0.14894   60  267    0.15945    0.07500  53.0%   568  870s
  4831  2246    0.14163   70  162    0.15945    0.07545  52.7%   568  875s
  4882  2270    0.12186   68  184    0.15945    0.07572  52.5%   571  880s
  4945  2296    0.08140   61  209    0.15945    0.07611  52.3%   571  885s
  5027  2330    0.08479   68  317    0.15945    0.07619  52.2%   570  890s
  5074  2366    0.12842   75  204    0.15945    0.07635  52.1%   572  895s
  5138  2389     cutoff   66         0.15945    0.07649  52.0%   572  900s
  5173  2398    0.12446   57  270    0.15945    0.07668  51.9%   577  905s
  5257  2445    0.09659   56  277    0.15945    0.07669  51.9%   574  910s
  5307  2468    0.08242   61  264    0.15945    0.07671  51.9%   575  915s
  5405  2539    0.09873   76  191    0.15945    0.07675  51.9%   572  920s
  5489  2569    0.08486   54  302    0.15945    0.07688  51.8%   571  925s
  5533  2593    0.08346   61  294    0.15945    0.07702  51.7%   573  930s
  5597  2609 infeasible   62         0.15945    0.07709  51.7%   573  935s
  5646  2619    0.11777   59  282    0.15945    0.07738  51.5%   576  940s
  5754  2673 infeasible   98         0.15945    0.07738  51.5%   570  945s
  5810  2696 infeasible   66         0.15945    0.07744  51.4%   571  950s
  5887  2744    0.14363   71  174    0.15945    0.07761  51.3%   569  955s
H 5907  2745                       0.1594457    0.07784  51.2%   570  962s
  5907  2747    0.11622   60  326    0.15945    0.07784  51.2%   570  966s
  5946  2761 infeasible   65         0.15945    0.07789  51.2%   571  970s
  6003  2796    0.09130   62  215    0.15945    0.07794  51.1%   570  975s
  6069  2847    0.09620   64  245    0.15945    0.07805  51.0%   568  980s
  6135  2868    0.14568   57  243    0.15945    0.07809  51.0%   568  985s
  6177  2886    0.10373   58  217    0.15945    0.07819  51.0%   570  990s
  6217  2891    0.09608   66  274    0.15945    0.07826  50.9%   572  995s
  6303  2949    0.08550   61  293    0.15945    0.07844  50.8%   569 1000s
  6372  2984    0.13964   74  198    0.15945    0.07853  50.8%   569 1005s
  6443  3024    0.14120   78  163    0.15945    0.07855  50.7%   568 1010s
  6518  3055    0.10042   54  358    0.15945    0.07860  50.7%   568 1015s
  6591  3094    0.08637   56  261    0.15945    0.07869  50.6%   566 1020s
  6651  3123 infeasible   65         0.15945    0.07873  50.6%   566 1025s
  6705  3148    0.10350   57  259    0.15945    0.07875  50.6%   568 1030s
  6757  3166    0.10813   75  328    0.15945    0.07875  50.6%   570 1035s
  6802  3194    0.14112   63  222    0.15945    0.07877  50.6%   570 1040s
  6872  3223     cutoff   72         0.15945    0.07879  50.6%   571 1045s
  6935  3252    0.09165   59  325    0.15945    0.07890  50.5%   571 1050s
  6991  3284    0.13257   64  273    0.15945    0.07891  50.5%   572 1055s
  7074  3321    0.11021   66  224    0.15945    0.07909  50.4%   570 1060s
  7144  3354    0.10469   60  232    0.15945    0.07913  50.4%   570 1065s
  7238  3412    0.09079   60  304    0.15945    0.07917  50.3%   568 1070s
  7316  3451    0.11713   58  316    0.15945    0.07928  50.3%   567 1075s
  7396  3484    0.10113   54  292    0.15945    0.07948  50.2%   566 1080s
  7429  3500    0.13295   74  219    0.15945    0.07959  50.1%   568 1085s
  7478  3506    0.11351   62  230    0.15945    0.07973  50.0%   569 1090s
  7519  3515    0.09180   69  306    0.15945    0.07985  49.9%   571 1095s
  7601  3565    0.12762   74  182    0.15945    0.07988  49.9%   570 1100s
  7683  3589    0.08817  115  350    0.15945    0.07993  49.9%   569 1105s
  7715  3602    0.12744   55  290    0.15945    0.08000  49.8%   571 1110s
  7791  3630    0.08682   61  343    0.15945    0.08015  49.7%   570 1115s
  7868  3661    0.12326   78  230    0.15945    0.08027  49.7%   569 1120s
  7936  3701    0.11096   54  314    0.15945    0.08042  49.6%   569 1125s
  7989  3735    0.13970   71  201    0.15945    0.08044  49.6%   570 1130s
  8039  3753    0.11180   66  276    0.15945    0.08058  49.5%   571 1135s
  8098  3766    0.12764   56  308    0.15945    0.08076  49.4%   572 1140s
  8172  3779    0.10595   54  248    0.15945    0.08082  49.3%   571 1145s
  8208  3782 infeasible   61         0.15945    0.08087  49.3%   573 1150s
  8268  3808    0.09570   53  275    0.15945    0.08101  49.2%   574 1155s
  8310  3841    0.13296   63  278    0.15945    0.08105  49.2%   576 1160s
  8379  3862    0.08616   62  357    0.15945    0.08114  49.1%   576 1165s
  8434  3883    0.09176   59  193    0.15945    0.08118  49.1%   577 1170s
  8505  3908 infeasible   60         0.15945    0.08126  49.0%   577 1175s
  8592  3928    0.08399   51  358    0.15945    0.08130  49.0%   576 1180s
  8635  3944 infeasible   61         0.15945    0.08134  49.0%   578 1185s
  8676  3963 infeasible   69         0.15945    0.08138  49.0%   579 1190s
  8767  4001    0.08752   59  323    0.15945    0.08145  48.9%   578 1195s
  8838  4025    0.09418   62  251    0.15945    0.08153  48.9%   578 1200s
  8887  4058    0.08790   57  285    0.15945    0.08160  48.8%   578 1205s
  8957  4084    0.09512   53  279    0.15945    0.08168  48.8%   577 1210s
  9031  4100    0.13254   57  318    0.15945    0.08172  48.7%   577 1215s
  9084  4120    0.08419   52  350    0.15945    0.08173  48.7%   577 1220s
  9123  4134    0.12328   61  277    0.15945    0.08175  48.7%   578 1225s
  9199  4162     cutoff   73         0.15945    0.08188  48.6%   577 1230s
  9246  4176    0.08769   55  273    0.15945    0.08191  48.6%   579 1235s
  9303  4203    0.14243   58  281    0.15945    0.08203  48.6%   580 1240s
  9373  4239    0.13793   80  183    0.15945    0.08205  48.5%   579 1245s
  9425  4257    0.14503   66  181    0.15945    0.08212  48.5%   580 1250s
  9469  4269    0.15932   64  205    0.15945    0.08218  48.5%   581 1255s
  9560  4291    0.08675   54  349    0.15945    0.08232  48.4%   580 1260s
  9609  4314    0.11945   59  196    0.15945    0.08232  48.4%   580 1265s
  9657  4326    0.11857   68  294    0.15945    0.08235  48.4%   581 1270s
  9706  4351    0.14034   74  152    0.15945    0.08238  48.3%   582 1275s
  9765  4362 infeasible   69         0.15945    0.08242  48.3%   583 1280s
  9825  4375    0.10920   62  291    0.15945    0.08248  48.3%   583 1285s
  9839  4383    0.11531   61  268    0.15945    0.08248  48.3%   584 1296s
  9877  4397    0.11143   62  255    0.15945    0.08253  48.2%   585 1300s
  9954  4413    0.10470   69  255    0.15945    0.08254  48.2%   584 1305s
 10042  4450 infeasible   67         0.15945    0.08262  48.2%   583 1310s
 10117  4477    0.09286   59  361    0.15945    0.08276  48.1%   583 1315s
 10181  4506 infeasible   57         0.15945    0.08280  48.1%   582 1320s
 10203  4518    0.13667   61  324    0.15945    0.08282  48.1%   582 1413s
 10205  4519    0.11239   63  265    0.15945    0.08282  48.1%   582 1415s
 10207  4521    0.12427   57  334    0.15945    0.08282  48.1%   582 1420s
 10208  4521    0.08990   63  388    0.15945    0.08282  48.1%   582 1426s
 10209  4522    0.12351   62  293    0.15945    0.08282  48.1%   582 1432s
 10210  4523    0.08962   55  374    0.15945    0.08282  48.1%   582 1438s
 10211  4523    0.12339   77  285    0.15945    0.08282  48.1%   582 1443s
 10212  4524    0.11560   54  374    0.15945    0.08282  48.1%   581 1448s
 10213  4525    0.11864   65  298    0.15945    0.08282  48.1%   581 1453s
 10214  4525    0.12718   62  410    0.15945    0.08282  48.1%   581 1459s
 10215  4526    0.11950   62  375    0.15945    0.08282  48.1%   581 1464s
 10216  4527    0.11944   84  285    0.15945    0.08282  48.1%   581 1469s
 10217  4527    0.11567  103  399    0.15945    0.08282  48.1%   581 1475s
 10218  4528    0.13287   79  395    0.15945    0.08282  48.1%   581 1481s
 10219  4529    0.08983   55  298    0.15945    0.08282  48.1%   581 1485s
 10220  4529    0.11468   76  410    0.15945    0.08282  48.1%   581 1490s
 10221  4530    0.09686   57  303    0.15945    0.08282  48.1%   581 1496s
 10222  4531    0.09284   59  388    0.15945    0.08282  48.1%   581 1502s
 10223  4531    0.09065   66  375    0.15945    0.08282  48.1%   581 1507s
 10224  4532    0.10146   56  404    0.15945    0.08282  48.1%   581 1514s
 10225  4533    0.14956   95  394    0.15945    0.08282  48.1%   581 1519s
 10226  4533    0.12546   86  401    0.15945    0.08282  48.1%   581 1525s
 10228  4535    0.09451   62  398    0.15945    0.08282  48.1%   581 1536s
 10229  4535    0.14858   59  396    0.15945    0.08282  48.1%   580 1541s
 10230  4536    0.09910   68  301    0.15945    0.08282  48.1%   580 1547s
 10231  4537    0.10963   69  434    0.15945    0.08282  48.1%   580 1553s
 10232  4537    0.10885   61  391    0.15945    0.08282  48.1%   580 1559s
 10233  4538    0.09777   71  409    0.15945    0.08282  48.1%   580 1564s
 10234  4539    0.11791   74  311    0.15945    0.08282  48.1%   580 1570s
 10235  4539    0.13429   73  409    0.15945    0.08282  48.1%   580 1575s
 10236  4540    0.12120   60  416    0.15945    0.08282  48.1%   580 1581s
 10237  4541    0.09218   73  420    0.15945    0.08282  48.1%   580 1586s
 10238  4541    0.10753   77  408    0.15945    0.08282  48.1%   580 1592s
 10239  4542    0.10789   67  414    0.15945    0.08282  48.1%   580 1597s
 10240  4543    0.14033   67  411    0.15945    0.08282  48.1%   580 1607s
 10241  4543    0.10842   87  418    0.15945    0.08282  48.1%   580 1613s
 10242  4544    0.11113   60  407    0.15945    0.08282  48.1%   580 1619s
 10243  4545    0.09336   61  419    0.15945    0.08282  48.1%   580 1624s
 10244  4545    0.13243   74  302    0.15945    0.08282  48.1%   580 1629s
 10245  4546    0.10788   74  378    0.15945    0.08282  48.1%   580 1634s
 10246  4547    0.12779   57  398    0.15945    0.08282  48.1%   580 1640s
 10248  4548    0.15441   69  307    0.15945    0.08282  48.1%   579 1650s
 10249  4549    0.09168   61  405    0.15945    0.08282  48.1%   579 1657s
 10250  4549    0.14459   96  395    0.15945    0.08282  48.1%   579 1663s
 10251  4550    0.13226   84  417    0.15945    0.08282  48.1%   579 1668s
 10252  4551    0.12513   70  397    0.15945    0.08282  48.1%   579 1675s
 10253  4551    0.08565   64  413    0.15945    0.08282  48.1%   579 1680s
 10254  4552    0.14836   64  411    0.15945    0.08282  48.1%   579 1688s
 10255  4553    0.12435   65  310    0.15945    0.08282  48.1%   579 1693s
 10256  4553    0.09410   61  375    0.15945    0.08282  48.1%   579 1699s
 10257  4554    0.13435   69  416    0.15945    0.08282  48.1%   579 1705s
 10258  4555    0.08981   64  417    0.15945    0.08282  48.1%   579 1711s
 10259  4555    0.12920   56  415    0.15945    0.08282  48.1%   579 1716s
 10260  4556    0.11423   60  415    0.15945    0.08282  48.1%   579 1722s
 10261  4557    0.13609   72  415    0.15945    0.08282  48.1%   579 1727s
 10262  4557    0.10897   65  416    0.15945    0.08282  48.1%   579 1738s
 10263  4558    0.12253   67  415    0.15945    0.08282  48.1%   579 1744s
 10264  4559    0.13303   75  411    0.15945    0.08282  48.1%   579 1750s
 10265  4559    0.13300   55  409    0.15945    0.08282  48.1%   578 1757s
 10266  4560    0.14134   60  414    0.15945    0.08282  48.1%   578 1762s
 10267  4561    0.10333   71  408    0.15945    0.08282  48.1%   578 1769s
 10268  4561    0.08780   56  413    0.15945    0.08282  48.1%   578 1774s
 10269  4562    0.11723   77  410    0.15945    0.08282  48.1%   578 1780s

Cutting planes:
  Learned: 11
  Gomory: 3
  Cover: 41
  Implied bound: 71
  Projected implied bound: 9
  Clique: 8
  MIR: 150
  StrongCG: 5
  Flow cover: 270
  GUB cover: 5
  Zero half: 6
  Network: 24
  RLT: 3
  Relax-and-lift: 27
  BQP: 8

Explored 10269 nodes (6069892 simplex iterations) in 1786.81 seconds (3631.13 work units)
Most recent optimization runtime was 1783.68 seconds (3624.81 work units)
Thread count was 1 (of 20 available processors)

Solution count 1: 0.159446 

Time limit reached
Best objective 1.594457168508e-01, best bound 8.281581454045e-02, gap 48.0602%

User-callback calls 380096, time in user-callback 0.07 sec
