
Gurobi 13.0.2 (win64) logging started Fri Aug  7 21:12:24 2026

Set parameter LogFile to value "E:\codes\ExactEBRP\results\gf_v10_convergence_round33\runs\stage1__round33_v10_tight_T_M1_Q30_seed1122319721__c6_frozen__3600s\native.log"
Set parameter Threads to value 1
Set parameter Presolve to value -1
Set parameter Seed to value 0
Set parameter MIPGap to value 0
Set parameter MIPGapAbs to value 0
Warning: unknown variable 'r_max' in bounds section (line 2881)
Warning: unknown variable 'r_min' in bounds section (line 2882)
Read LP format model from file E:\codes\ExactEBRP\results\gf_v10_convergence_round33\runs\stage1__round33_v10_tight_T_M1_Q30_seed1122319721__c6_frozen__3600s\external\models\L0.lp
Reading time = 0.01 seconds
obj: 2531 rows, 477 columns, 16872 nonzeros
Set parameter TimeLimit to value 3583.8545421
Warning: unknown variable 'r_max' in bounds section (line 2881)
Warning: unknown variable 'r_min' in bounds section (line 2882)
Read LP format model from file E:\codes\ExactEBRP\results\gf_v10_convergence_round33\runs\stage1__round33_v10_tight_T_M1_Q30_seed1122319721__c6_frozen__3600s\external\models\L1.lp
Reading time = 0.01 seconds
obj: 2531 rows, 477 columns, 16990 nonzeros
Set parameter TimeLimit to value 3583.8112214
Warning: unknown variable 'r_max' in bounds section (line 2881)
Warning: unknown variable 'r_min' in bounds section (line 2882)
Read LP format model from file E:\codes\ExactEBRP\results\gf_v10_convergence_round33\runs\stage1__round33_v10_tight_T_M1_Q30_seed1122319721__c6_frozen__3600s\external\models\L2.lp
Reading time = 0.00 seconds
obj: 2531 rows, 477 columns, 16990 nonzeros
Set parameter TimeLimit to value 3583.751462
Warning: unknown variable 'r_max' in bounds section (line 2881)
Warning: unknown variable 'r_min' in bounds section (line 2882)
Warning: Numeric variable name in LP file ('0') - often the result
         of a constant term in the left-hand side of a constraint.

Read LP format model from file E:\codes\ExactEBRP\results\gf_v10_convergence_round33\runs\stage1__round33_v10_tight_T_M1_Q30_seed1122319721__c6_frozen__3600s\external\models\L3.lp
Reading time = 0.01 seconds
obj: 2531 rows, 478 columns, 16899 nonzeros
Set parameter TimeLimit to value 3583.6868313
Warning: unknown variable 'r_max' in bounds section (line 2881)
Warning: unknown variable 'r_min' in bounds section (line 2882)
Read LP format model from file E:\codes\ExactEBRP\results\gf_v10_convergence_round33\runs\stage1__round33_v10_tight_T_M1_Q30_seed1122319721__c6_frozen__3600s\external\models\L2.0.lp
Reading time = 0.01 seconds
obj: 2531 rows, 477 columns, 16990 nonzeros
Set parameter TimeLimit to value 3583.644642
Warning: unknown variable 'r_max' in bounds section (line 2881)
Warning: unknown variable 'r_min' in bounds section (line 2882)
Read LP format model from file E:\codes\ExactEBRP\results\gf_v10_convergence_round33\runs\stage1__round33_v10_tight_T_M1_Q30_seed1122319721__c6_frozen__3600s\external\models\L2.1.lp
Reading time = 0.01 seconds
obj: 2531 rows, 477 columns, 16990 nonzeros
Set parameter TimeLimit to value 3583.5855707
Warning: unknown variable 'r_max' in bounds section (line 2881)
Warning: unknown variable 'r_min' in bounds section (line 2882)
Read LP format model from file E:\codes\ExactEBRP\results\gf_v10_convergence_round33\runs\stage1__round33_v10_tight_T_M1_Q30_seed1122319721__c6_frozen__3600s\external\models\L2.0.0.lp
Reading time = 0.00 seconds
obj: 2531 rows, 477 columns, 16990 nonzeros
Set parameter TimeLimit to value 3583.5273768
Warning: unknown variable 'r_max' in bounds section (line 2881)
Warning: unknown variable 'r_min' in bounds section (line 2882)
Read LP format model from file E:\codes\ExactEBRP\results\gf_v10_convergence_round33\runs\stage1__round33_v10_tight_T_M1_Q30_seed1122319721__c6_frozen__3600s\external\models\L2.0.1.lp
Reading time = 0.00 seconds
obj: 2531 rows, 477 columns, 16990 nonzeros
Set parameter TimeLimit to value 3583.4625883
Warning: unknown variable 'r_max' in bounds section (line 2881)
Warning: unknown variable 'r_min' in bounds section (line 2882)
Read LP format model from file E:\codes\ExactEBRP\results\gf_v10_convergence_round33\runs\stage1__round33_v10_tight_T_M1_Q30_seed1122319721__c6_frozen__3600s\external\models\L2.0.1.0.lp
Reading time = 0.01 seconds
obj: 2531 rows, 477 columns, 16990 nonzeros
Set parameter TimeLimit to value 3583.404907
Warning: unknown variable 'r_max' in bounds section (line 2881)
Warning: unknown variable 'r_min' in bounds section (line 2882)
Read LP format model from file E:\codes\ExactEBRP\results\gf_v10_convergence_round33\runs\stage1__round33_v10_tight_T_M1_Q30_seed1122319721__c6_frozen__3600s\external\models\L2.0.1.1.lp
Reading time = 0.00 seconds
obj: 2531 rows, 477 columns, 16990 nonzeros
Set parameter TimeLimit to value 3583.3462245
