
Gurobi 13.0.2 (win64) logging started Fri Jul 24 18:40:12 2026

Set parameter LogFile to value "E:\codes\ExactEBRP\results\gf_nonblocking_gurobi_c6_round31\development\V12_M2__c6_candidate__70s\external\native_logs\L2.1_c6_8_next_leaf_target_mip.gurobi.log"
Gurobi Optimizer version 13.0.2 build v13.0.2rc1 (win64 - Windows 10.0 (19045.2))

CPU model: 12th Gen Intel(R) Core(TM) i7-12700KF, instruction set [SSE2|AVX|AVX2]
Thread count: 12 physical cores, 20 logical processors, using up to 1 threads

Non-default parameters:
TimeLimit  22.0688764
MIPGap  0
MIPGapAbs  0
LogToConsole  0
Threads  1

Optimize a model with 11351 rows, 1034 columns and 113600 nonzeros (Min)
Model fingerprint: 0xe2641f98
Model has 13 linear objective coefficients
Variable types: 516 continuous, 518 integer (434 binary)
Coefficient statistics:
  Matrix range     [5e-05, 1e+05]
  Objective range  [5e-05, 1e+00]
  Bounds range     [4e-01, 3e+02]
  RHS range        [2e-01, 1e+06]

Presolved: 10164 rows, 1004 columns, 134190 nonzeros

Continuing optimization...

   339   249    0.68908   11  131          -    0.68567      -  77.2   19s
   346   256    0.69456   17  104          -    0.68567      -  77.3   20s
   663   430    0.69698   10  190          -    0.68670      -  73.5   25s
   668   433    0.71226   38  165          -    0.68670      -  73.0   30s
