
Gurobi 13.0.2 (win64) logging started Fri Jul 24 18:39:48 2026

Set parameter LogFile to value "E:\codes\ExactEBRP\results\gf_nonblocking_gurobi_c6_round31\development\V12_M2__c6_candidate__70s\external\native_logs\L2.1_c6_2_next_leaf_target_mip.gurobi.log"
Gurobi Optimizer version 13.0.2 build v13.0.2rc1 (win64 - Windows 10.0 (19045.2))

CPU model: 12th Gen Intel(R) Core(TM) i7-12700KF, instruction set [SSE2|AVX|AVX2]
Thread count: 12 physical cores, 20 logical processors, using up to 1 threads

Non-default parameters:
TimeLimit  46.2580515
MIPGap  0
MIPGapAbs  0
LogToConsole  0
Threads  1

Optimize a model with 11351 rows, 1034 columns and 113600 nonzeros (Min)
Model fingerprint: 0xe2641f98
Model has 13 linear objective coefficients
Variable types: 516 continuous, 518 integer (434 binary)
Coefficient statistics:
  Matrix range     [5e-05, 1e+05]
  Objective range  [5e-05, 1e+00]
  Bounds range     [4e-01, 3e+02]
  RHS range        [2e-01, 1e+06]

Presolved: 10164 rows, 1004 columns, 134190 nonzeros

Continuing optimization...

     0     0    0.66035    0  136          -    0.66035      -     -    0s
     0     0    0.66750    0  154          -    0.66750      -     -    1s

Cutting planes:
  Learned: 3
  Gomory: 23
  Cover: 21
  Implied bound: 66
  Clique: 3
  MIR: 87
  StrongCG: 11
  Flow cover: 36
  GUB cover: 1
  Zero half: 8
  Network: 8
  RLT: 15
  Relax-and-lift: 22
  BQP: 12

Explored 1 nodes (3604 simplex iterations) in 1.14 seconds (2.23 work units)
Most recent optimization runtime was 0.65 seconds (1.19 work units)
Thread count was 1 (of 20 available processors)

Solution count 0

Solve interrupted
Best objective -, best bound 6.675025306156e-01, gap -

User-callback calls 283, time in user-callback 0.00 sec
