
Gurobi 13.0.2 (win64) logging started Mon Aug 24 17:41:05 2026

Set parameter LogFile to value "E:\codes\ExactEBRP\results\gf_k1_amf_formulation_rescue_round48\runs\stage3_300s__high_imbalance_seed3201__K1-AMF\external\native_logs\L0.1.1_lp.gurobi.log"
Gurobi Optimizer version 13.0.2 build v13.0.2rc1 (win64 - Windows 10.0 (19045.2))

CPU model: 12th Gen Intel(R) Core(TM) i7-12700KF, instruction set [SSE2|AVX|AVX2]
Thread count: 12 physical cores, 20 logical processors, using up to 1 threads

Non-default parameters:
TimeLimit  265.0863524
MIPGap  0
MIPGapAbs  0
LogToConsole  0
Threads  1

Optimize a model with 11916 rows, 3378 columns and 66969 nonzeros (Min)
Model fingerprint: 0x76d55c6f
Model has 21 linear objective coefficients
Coefficient statistics:
  Matrix range     [1e-02, 2e+04]
  Objective range  [1e-02, 1e+00]
  Bounds range     [7e-01, 2e+03]
  RHS range        [7e-01, 5e+04]

Presolve removed 1580 rows and 99 columns
Presolve time: 0.03s
Presolved: 10336 rows, 3280 columns, 50475 nonzeros

Iteration    Objective       Primal Inf.    Dual Inf.      Time
       0    1.9796080e+00   6.947930e+02   0.000000e+00      0s

Solved in 804 iterations and 0.05 seconds (0.13 work units)
Infeasible model

User-callback calls 951, time in user-callback 0.00 sec
