
Gurobi 13.0.2 (win64) logging started Mon Aug 24 17:41:02 2026

Set parameter LogFile to value "E:\codes\ExactEBRP\results\gf_k1_amf_formulation_rescue_round48\runs\stage3_300s__high_imbalance_seed3201__K1-AMF\external\native_logs\L0.1_lp.gurobi.log"
Gurobi Optimizer version 13.0.2 build v13.0.2rc1 (win64 - Windows 10.0 (19045.2))

CPU model: 12th Gen Intel(R) Core(TM) i7-12700KF, instruction set [SSE2|AVX|AVX2]
Thread count: 12 physical cores, 20 logical processors, using up to 1 threads

Non-default parameters:
TimeLimit  268.269684
MIPGap  0
MIPGapAbs  0
LogToConsole  0
Threads  1

Optimize a model with 11916 rows, 3378 columns and 66969 nonzeros (Min)
Model fingerprint: 0x1edcc067
Model has 21 linear objective coefficients
Coefficient statistics:
  Matrix range     [1e-02, 2e+04]
  Objective range  [1e-02, 1e+00]
  Bounds range     [5e-01, 2e+03]
  RHS range        [5e-01, 5e+04]

Presolve removed 1580 rows and 99 columns
Presolve time: 0.03s
Presolved: 10336 rows, 3280 columns, 50475 nonzeros

Iteration    Objective       Primal Inf.    Dual Inf.      Time
       0    1.7421080e+00   6.803454e+02   0.000000e+00      0s
    3263    2.2662043e+00   0.000000e+00   0.000000e+00      0s

Solved in 3263 iterations and 0.22 seconds (0.61 work units)
Optimal objective  2.266204288e+00

User-callback calls 3410, time in user-callback 0.00 sec
