
Gurobi 13.0.2 (win64) logging started Mon Aug 24 17:41:09 2026

Set parameter LogFile to value "E:\codes\ExactEBRP\results\gf_k1_amf_formulation_rescue_round48\runs\stage3_300s__high_imbalance_seed3201__K1-AMF\external\native_logs\L0.1.0_terminal_mip.gurobi.log"
Gurobi Optimizer version 13.0.2 build v13.0.2rc1 (win64 - Windows 10.0 (19045.2))

CPU model: 12th Gen Intel(R) Core(TM) i7-12700KF, instruction set [SSE2|AVX|AVX2]
Thread count: 12 physical cores, 20 logical processors, using up to 1 threads

Non-default parameters:
TimeLimit  2.6133588629999997e+02
MIPGap  0
MIPGapAbs  0
LogToConsole  0
Threads  1

Optimize a model with 11916 rows, 3378 columns and 67349 nonzeros (Min)
Model fingerprint: 0xd55de71f
Model has 21 linear objective coefficients
Variable types: 1686 continuous, 1692 integer (1492 binary)
Coefficient statistics:
  Matrix range     [1e-02, 2e+04]
  Objective range  [1e-02, 1e+00]
  Bounds range     [5e-01, 2e+03]
  RHS range        [5e-01, 5e+04]

Presolved: 9955 rows, 3281 columns, 73665 nonzeros

Continuing optimization...

     0     0    2.33488    0  252          -    2.33488      -     -    1s
     0     0    2.33488    0  249          -    2.33488      -     -    1s
     0     0    2.33533    0  271          -    2.33533      -     -    1s
     0     0    2.34009    0  305          -    2.34009      -     -    1s
     0     0    2.34041    0  299          -    2.34041      -     -    1s
     0     0    2.34196    0  323          -    2.34196      -     -    2s
     0     0    2.34228    0  356          -    2.34228      -     -    2s
     0     0    2.34437    0  305          -    2.34437      -     -    2s
     0     0    2.34461    0  328          -    2.34461      -     -    2s
     0     0    2.34562    0  282          -    2.34562      -     -    3s
     0     0    2.34580    0  313          -    2.34580      -     -    3s
     0     0    2.34615    0  362          -    2.34615      -     -    3s
     0     0    2.34619    0  329          -    2.34619      -     -    3s
     0     0    2.34648    0  369          -    2.34648      -     -    3s
     0     0    2.34649    0  365          -    2.34649      -     -    3s
     0     0    2.34668    0  304          -    2.34668      -     -    4s
     0     0    2.34673    0  301          -    2.34673      -     -    4s
     0     0    2.34679    0  265          -    2.34679      -     -    4s
     0     0    2.34681    0  358          -    2.34681      -     -    4s
     0     0    2.34683    0  392          -    2.34683      -     -    4s
     0     0    2.34684    0  395          -    2.34684      -     -    4s
     0     0    2.34685    0  373          -    2.34685      -     -    5s
     0     0    2.34685    0  372          -    2.34685      -     -    5s
     0     0    2.34685    0  363          -    2.34685      -     -    5s
     0     2    2.34686    0  361          -    2.34686      -     -    6s
     1     3    2.34697    1  228          -    2.34686      -   277    6s
    28    28    2.35768   20  335          -    2.34686      -   664   10s
   132   132    2.36104  123  365          -    2.34686      -   312   15s
   297   289    2.41093    1  239          -    2.34697      -   238   20s
   473   465    2.42281  174  284          -    2.34697      -   189   25s
   532   504    2.37327  188  262          -    2.34841      -   181   30s
   537   507    2.42237  155  345          -    2.34963      -   180   35s
   542   510    2.37310   81  357          -    2.35063      -   178   40s
   546   513    2.42036   95  376          -    2.35081      -   177   45s
   552   517    2.41794   50  388          -    2.35085      -   175   50s
   557   520    2.42237  154  252          -    2.35088      -   173   55s
   567   529    2.36547   20  253          -    2.35431      -   244   60s
   571   532    2.36609   22  259          -    2.35431      -   256   66s
   574   534    2.35860   24  293          -    2.35431      -   258   70s
   593   546    2.37275   33  212          -    2.35431      -   275   75s
   658   566    2.41752   19  244          -    2.35432      -   277   80s
   695   572    2.35669   19  344          -    2.35669      -   290   92s
   700   576    2.36124   22  287          -    2.35730      -   294   95s
   752   589    2.38800   48  231          -    2.35730      -   294  100s
   787   585 infeasible   21               -    2.35741      -   290  105s
   854   584    2.39167   21  165          -    2.35866      -   291  110s
   924   581    2.37194   32  233          -    2.35963      -   288  115s
   984   586    2.38314   26  234          -    2.35986      -   287  120s
  1049   613    2.43552   78  121          -    2.35986      -   275  125s
  1159   631    2.38327   26  267          -    2.36072      -   260  130s
  1301   695    2.43680   47  111          -    2.36087      -   242  135s
  1374   718    2.42938   42  179          -    2.36315      -   243  140s
  1511   758    2.43166   37  225          -    2.36476      -   235  145s
  1690   822    2.40318   28  217          -    2.36558      -   220  150s
  1849   858    2.37510   22  238          -    2.36625      -   217  155s
  2019   918    2.43755   55   93          -    2.36639      -   210  160s
  2138   955    2.42957   54  103          -    2.36782      -   207  165s
  2386  1126    2.42184   40  143          -    2.36846      -   195  170s
  2546  1222    2.39728   26  198          -    2.37053      -   192  175s
  2695  1301    2.43997   41  175          -    2.37181      -   188  180s
  2830  1374    2.43962   53  121          -    2.37270      -   186  185s
  2988  1447    2.41608   32  190          -    2.37334      -   184  190s
  3103  1512    2.43473   37  213          -    2.37583      -   183  195s
  3263  1575    2.43150   38  202          -    2.37768      -   181  200s
  3474  1692    2.42843   33  170          -    2.37967      -   176  205s
  3630  1744    2.41193   24  207          -    2.38168      -   175  210s
  3784  1807    2.38378   27  265          -    2.38341      -   173  215s
H 3816  1675                       2.4434032    2.38341  2.46%   173  218s
  3896  1673    2.41242   27  204    2.44340    2.38665  2.32%   172  220s
  4136  1729    2.39336   19  315    2.44340    2.38975  2.20%   171  225s
  4289  1748    2.40951   22  221    2.44340    2.39188  2.11%   173  230s
  4532  1809    2.43781   29  231    2.44340    2.39503  1.98%   172  235s
  4866  1849    2.41319   29  246    2.44340    2.39819  1.85%   170  240s
  5095  1876    2.42684   35  200    2.44340    2.40182  1.70%   170  245s
  5340  1897    2.43700   38  212    2.44340    2.40391  1.62%   169  250s
  5726  1874     cutoff   31         2.44340    2.40817  1.44%   167  255s
  6068  1918    2.43061   27  212    2.44340    2.41164  1.30%   166  260s

Cutting planes:
  Learned: 23
  Cover: 76
  Implied bound: 190
  Projected implied bound: 29
  Clique: 15
  MIR: 131
  StrongCG: 21
  Flow cover: 306
  GUB cover: 6
  Inf proof: 1
  Zero half: 2
  Network: 25
  RLT: 5
  Relax-and-lift: 80
  BQP: 1

Explored 6253 nodes (1052410 simplex iterations) in 262.33 seconds (483.73 work units)
Most recent optimization runtime was 261.34 seconds (481.68 work units)
Thread count was 1 (of 20 available processors)

Solution count 1: 2.4434 

Time limit reached
Best objective 2.443403191943e+00, best bound 2.412185256066e+00, gap 1.2776%

User-callback calls 81635, time in user-callback 0.05 sec
