
Gurobi 13.0.2 (win64) logging started Mon Aug 24 17:41:03 2026

Set parameter LogFile to value "E:\codes\ExactEBRP\results\gf_k1_amf_formulation_rescue_round48\runs\stage3_300s__high_imbalance_seed3201__K1-AMF\external\native_logs\L0.1_c6_1_next_leaf_target_mip.gurobi.log"
Gurobi Optimizer version 13.0.2 build v13.0.2rc1 (win64 - Windows 10.0 (19045.2))

CPU model: 12th Gen Intel(R) Core(TM) i7-12700KF, instruction set [SSE2|AVX|AVX2]
Thread count: 12 physical cores, 20 logical processors, using up to 1 threads

Non-default parameters:
TimeLimit  267.2962585
MIPGap  0
MIPGapAbs  0
LogToConsole  0
Threads  1

Optimize a model with 11916 rows, 3378 columns and 66969 nonzeros (Min)
Model fingerprint: 0xefefb262
Model has 21 linear objective coefficients
Variable types: 1686 continuous, 1692 integer (1492 binary)
Coefficient statistics:
  Matrix range     [1e-02, 2e+04]
  Objective range  [1e-02, 1e+00]
  Bounds range     [5e-01, 2e+03]
  RHS range        [5e-01, 5e+04]

Presolve removed 1956 rows and 91 columns
Presolve time: 0.20s
Presolved: 9960 rows, 3287 columns, 73618 nonzeros
Variable types: 1648 continuous, 1639 integer (1460 binary)

Root relaxation: objective 2.271040e+00, 3185 iterations, 0.16 seconds (0.42 work units)

    Nodes    |    Current Node    |     Objective Bounds      |     Work
 Expl Unexpl |  Obj  Depth IntInf | Incumbent    BestBd   Gap | It/Node Time

     0     0    2.27104    0  242          -    2.27104      -     -    0s

Explored 1 nodes (3185 simplex iterations) in 0.40 seconds (0.85 work units)
Thread count was 1 (of 20 available processors)

Solution count 0

Solve interrupted
Best objective -, best bound 2.271040475234e+00, gap -

User-callback calls 830, time in user-callback 0.00 sec
