
Gurobi 13.0.2 (win64) logging started Sun Aug  9 20:09:13 2026

Set parameter LogFile to value "E:\codes\ExactEBRP\results\gf_simple_start_qualification_round35\runs\matrix1800__round31_sealed_tight_T_V50_seed1973327304__c6_simple_start__1800s\external\native_logs\L0.1.1_lp.gurobi.log"
Gurobi Optimizer version 13.0.2 build v13.0.2rc1 (win64 - Windows 10.0 (19045.2))

CPU model: 12th Gen Intel(R) Core(TM) i7-12700KF, instruction set [SSE2|AVX|AVX2]
Thread count: 12 physical cores, 20 logical processors, using up to 1 threads

Non-default parameters:
TimeLimit  1704.4415843
MIPGap  0
MIPGapAbs  0
LogToConsole  0
Threads  1

Optimize a model with 93030 rows, 18193 columns and 665893 nonzeros (Min)
Model fingerprint: 0xb49dc889
Model has 51 linear objective coefficients
Coefficient statistics:
  Matrix range     [7e-03, 2e+04]
  Objective range  [7e-03, 1e+00]
  Bounds range     [2e-01, 4e+03]
  RHS range        [1e-01, 5e+04]

Presolve removed 5660 rows and 258 columns
Presolve time: 0.36s
Presolved: 17935 rows, 105332 columns, 580988 nonzeros

Iteration    Objective       Primal Inf.    Dual Inf.      Time
       0      handle free variables                          0s

Extra simplex iterations after uncrush: 6

Extra simplex iterations from dual to original model: 30
    9946    5.6614331e-01   0.000000e+00   0.000000e+00      4s

Solved in 9946 iterations and 3.55 seconds (11.45 work units)
Optimal objective  5.661433070e-01

User-callback calls 10117, time in user-callback 0.00 sec
