
Gurobi 13.0.2 (win64) logging started Sun Aug  9 20:10:18 2026

Set parameter LogFile to value "E:\codes\ExactEBRP\results\gf_simple_start_qualification_round35\runs\matrix1800__round31_sealed_tight_T_V50_seed1973327304__c6_simple_start__1800s\external\native_logs\L1.0_lp.gurobi.log"
Gurobi Optimizer version 13.0.2 build v13.0.2rc1 (win64 - Windows 10.0 (19045.2))

CPU model: 12th Gen Intel(R) Core(TM) i7-12700KF, instruction set [SSE2|AVX|AVX2]
Thread count: 12 physical cores, 20 logical processors, using up to 1 threads

Non-default parameters:
TimeLimit  1639.6625752
MIPGap  0
MIPGapAbs  0
LogToConsole  0
Threads  1

Optimize a model with 93030 rows, 18193 columns and 665893 nonzeros (Min)
Model fingerprint: 0x6d894be2
Model has 51 linear objective coefficients
Coefficient statistics:
  Matrix range     [7e-03, 2e+04]
  Objective range  [7e-03, 1e+00]
  Bounds range     [2e-01, 4e+03]
  RHS range        [1e-01, 5e+04]

Presolve removed 6097 rows and 258 columns
Presolve time: 0.35s
Presolved: 17935 rows, 104900 columns, 559011 nonzeros

Iteration    Objective       Primal Inf.    Dual Inf.      Time
       0      handle free variables                          0s

Extra simplex iterations after uncrush: 6

Extra simplex iterations from dual to original model: 21
    8372    6.2459024e-01   0.000000e+00   0.000000e+00      2s

Solved in 8372 iterations and 2.35 seconds (7.59 work units)
Optimal objective  6.245902446e-01

User-callback calls 8542, time in user-callback 0.00 sec
