
Gurobi 13.0.2 (win64) logging started Sun Aug  9 20:10:23 2026

Set parameter LogFile to value "E:\codes\ExactEBRP\results\gf_simple_start_qualification_round35\runs\matrix1800__round31_sealed_tight_T_V50_seed1973327304__c6_simple_start__1800s\external\native_logs\L1_terminal_mip.gurobi.log"
Gurobi Optimizer version 13.0.2 build v13.0.2rc1 (win64 - Windows 10.0 (19045.2))

CPU model: 12th Gen Intel(R) Core(TM) i7-12700KF, instruction set [SSE2|AVX|AVX2]
Thread count: 12 physical cores, 20 logical processors, using up to 1 threads

Non-default parameters:
TimeLimit  1634.1082067
MIPGap  0
MIPGapAbs  0
LogToConsole  0
Threads  1

Optimize a model with 93030 rows, 18193 columns and 665893 nonzeros (Min)
Model fingerprint: 0x01abc1aa
Model has 51 linear objective coefficients
Variable types: 9461 continuous, 8732 integer (8232 binary)
Coefficient statistics:
  Matrix range     [7e-03, 2e+04]
  Objective range  [7e-03, 1e+00]
  Bounds range     [2e-01, 4e+03]
  RHS range        [1e-01, 5e+04]

Presolved: 85850 rows, 18073 columns, 571375 nonzeros

Continuing optimization...

     0     0    0.63613    0  222          -    0.63613      -     -   11s
     0     0    0.64904    0  277          -    0.64904      -     -   13s
     0     0    0.64904    0  277          -    0.64904      -     -   14s
     0     0    0.65763    0  264          -    0.65763      -     -   14s
     0     0    0.66092    0  251          -    0.66092      -     -   16s
     0     0    0.66236    0  267          -    0.66236      -     -   17s
     0     0    0.66595    0  302          -    0.66595      -     -   19s
     0     0    0.66670    0  322          -    0.66670      -     -   20s
     0     0    0.67109    0  351          -    0.67109      -     -   23s
     0     0    0.67154    0  361          -    0.67154      -     -   24s
     0     0    0.67275    0  306          -    0.67275      -     -   27s
     0     0    0.67290    0  308          -    0.67290      -     -   27s
     0     0    0.67365    0  310          -    0.67365      -     -   29s
H    0     0                       1.1563674    0.67365  41.7%     -   30s
H    0     0                       1.1559492    0.67365  41.7%     -   30s
     0     0    0.67375    0  316    1.15595    0.67375  41.7%     -   33s
     0     0    0.67406    0  328    1.15595    0.67406  41.7%     -   35s
H    0     0                       1.1556511    0.67406  41.7%     -   35s
H    0     0                       1.1551398    0.67406  41.6%     -   35s
H    0     0                       1.1530966    0.67406  41.5%     -   35s
H    0     0                       1.1517252    0.67406  41.5%     -   35s
     0     0    0.67411    0  383    1.15173    0.67411  41.5%     -   36s
     0     0    0.67446    0  374    1.15173    0.67446  41.4%     -   38s
     0     0    0.67456    0  402    1.15173    0.67456  41.4%     -   39s
     0     0    0.67486    0  358    1.15173    0.67486  41.4%     -   41s
     0     0    0.67494    0  371    1.15173    0.67494  41.4%     -   42s
     0     0    0.67537    0  342    1.15173    0.67537  41.4%     -   44s
     0     0    0.67544    0  351    1.15173    0.67544  41.4%     -   44s
     0     0    0.67573    0  378    1.15173    0.67573  41.3%     -   46s
     0     0    0.67584    0  355    1.15173    0.67584  41.3%     -   48s
     0     0    0.67616    0  399    1.15173    0.67616  41.3%     -   51s
H    0     0                       1.1488380    0.67616  41.1%     -   52s
     0     0    0.67635    0  406    1.14884    0.67635  41.1%     -   56s
     0     0    0.67661    0  395    1.14884    0.67661  41.1%     -   58s
     0     0    0.67670    0  382    1.14884    0.67670  41.1%     -   60s
     0     0    0.67695    0  432    1.14884    0.67695  41.1%     -   62s
     0     0    0.67703    0  429    1.14884    0.67703  41.1%     -   63s
     0     0    0.67715    0  415    1.14884    0.67715  41.1%     -   65s
     0     0    0.67717    0  439    1.14884    0.67717  41.1%     -   66s
     0     0    0.67727    0  420    1.14884    0.67727  41.0%     -   69s
     0     0    0.67732    0  452    1.14884    0.67732  41.0%     -   69s
     0     0    0.67741    0  481    1.14884    0.67741  41.0%     -   71s
     0     0    0.67743    0  472    1.14884    0.67743  41.0%     -   72s
     0     0    0.67744    0  486    1.14884    0.67744  41.0%     -   74s
     0     0    0.67747    0  515    1.14884    0.67747  41.0%     -   74s
     0     0    0.67762    0  494    1.14884    0.67762  41.0%     -   76s
H    0     0                       1.1488380    0.67762  41.0%     -   79s
     0     0    0.67763    0  490    1.14884    0.67763  41.0%     -   79s
     0     0    0.67772    0  501    1.14884    0.67772  41.0%     -   81s
     0     0    0.67774    0  509    1.14884    0.67774  41.0%     -   82s
     0     0    0.67776    0  485    1.14884    0.67776  41.0%     -   83s
H    0     0                       1.1473626    0.67776  40.9%     -   84s
H    0     0                       1.1470889    0.67776  40.9%     -   84s
H    0     0                       1.1468949    0.67776  40.9%     -   84s
H    0     0                       1.1462322    0.67776  40.9%     -   84s
     0     0    0.67777    0  499    1.14623    0.67777  40.9%     -   84s
     0     0    0.67778    0  509    1.14623    0.67778  40.9%     -   86s
     0     0    0.67778    0  508    1.14623    0.67778  40.9%     -   88s
     0     0    0.67778    0  472    1.14623    0.67778  40.9%     -   89s
     0     2    0.67778    0  465    1.14623    0.67778  40.9%     -   96s
     1     3    0.68220    1  371    1.14623    0.67778  40.9%  1790   97s
H    2     2                       1.1410647    0.67778  40.6%   895  102s
H    2     2                       1.1382175    0.67778  40.5%   895  103s
     2     4    0.67797    1  437    1.13822    0.67797  40.4%  1745  111s
     5     7    0.68325    3  345    1.13822    0.68257  40.0%  1807  115s
H    6     6                       1.1374706    0.68257  40.0%  1506  117s
H    8     8                       1.1370404    0.68257  40.0%  1632  120s
H   10    10                       1.1366731    0.68257  40.0%  1692  124s
    10    12    0.84861    6  298    1.13667    0.68257  40.0%  2061  126s
    12    14    0.83717    7  266    1.13667    0.68257  40.0%  1954  131s
    18    20    1.04059   11  313    1.13667    0.68257  40.0%  1872  135s
    24    26    0.84076   15  250    1.13667    0.68257  40.0%  1743  140s
    38    38    0.84354   25  275    1.13667    0.68257  40.0%  1383  145s
    52    51    0.84726   33  241    1.13667    0.68257  40.0%  1153  150s
    72    70    0.84990   48  237    1.13667    0.68257  40.0%   952  155s
H   82    77                       1.0945517    0.68257  37.6%   865  159s
H   82    77                       1.0930211    0.68257  37.6%   865  160s
H   82    77                       1.0849300    0.68257  37.1%   865  161s
H   82    77                       1.0816498    0.68257  36.9%   865  161s
    91    86    0.85340   61  206    1.08165    0.68257  36.9%   847  165s
   118   108    0.86822   81  215    1.08165    0.68257  36.9%   747  170s
   150   137    0.86911  107  222    1.08165    0.68257  36.9%   664  175s
   197   181    0.99296  145  438    1.08165    0.68257  36.9%   562  180s
   242   224    0.95287  183  361    1.08165    0.68257  36.9%   498  185s
   316   297    0.96611  248  361    1.08165    0.68257  36.9%   400  190s
   362   323    0.68531    2  356    1.08165    0.68274  36.9%   379  195s
   364   325    0.78463    3  323    1.08165    0.68274  36.9%   408  200s
   369   330    0.80766    7  274    1.08165    0.68274  36.9%   435  205s
H  372   331                       1.0802683    0.68274  36.8%   445  208s
H  372   327                       1.0462017    0.68274  34.7%   445  208s
H  372   325                       1.0259172    0.68274  33.5%   445  210s
H  372   325                       1.0253145    0.68274  33.4%   445  213s
   372   327    0.91039    8  220    1.02531    0.68274  33.4%   454  215s
   378   333    0.90620   14  235    1.02531    0.68274  33.4%   458  220s
   393   348    0.92347   23  210    1.02531    0.68274  33.4%   470  225s
   442   394     cutoff   62         1.02531    0.68274  33.4%   448  230s
   496   430    0.69313    3  345    1.02531    0.68286  33.4%   430  236s
   498   432    0.75101    5  342    1.02531    0.68286  33.4%   445  240s
   505   439    0.81771   11  327    1.02531    0.68286  33.4%   465  246s
H  507   414                       0.9844053    0.68286  30.6%   467  247s
   513   422    0.82839   18  289    0.98441    0.68286  30.6%   477  250s
   527   434    0.83721   29  215    0.98441    0.68286  30.6%   483  255s
   550   456    0.84205   17  472    0.98441    0.68286  30.6%   479  284s
   552   457    0.94399   20  237    0.98441    0.68286  30.6%   478  293s
   553   458    0.97201  251  324    0.98441    0.68286  30.6%   477  302s
   554   459    0.87874  133  362    0.98441    0.68286  30.6%   476  308s
H  554   436                       0.9825866    0.68515  30.3%   476  318s
H  554   414                       0.9764259    0.68515  29.8%   476  318s
H  554   393                       0.9746774    0.68515  29.7%   476  318s
H  554   373                       0.9739330    0.68515  29.7%   476  318s
   556   374    0.95562  188  330    0.97393    0.68720  29.4%   474  322s
   557   375    0.92883   33  312    0.97393    0.68843  29.3%   473  332s
   558   375    0.96106  218  368    0.97393    0.68966  29.2%   472  340s
H  558   356                       0.9730063    0.69040  29.0%   472  348s
H  558   338                       0.9727208    0.69040  29.0%   472  348s
   560   340    0.93650   60  426    0.97272    0.69059  29.0%   471  353s
   561   340    0.69150    5  356    0.97272    0.69097  29.0%   470  363s
   562   341    0.83689   28  373    0.97272    0.69129  28.9%   469  367s
   563   342    0.94795   20  364    0.97272    0.69136  28.9%   468  374s
   564   342    0.96358  228  446    0.97272    0.69151  28.9%   467  380s
   565   343    0.84425   26  377    0.97272    0.69173  28.9%   467  389s
   566   344    0.87826  122  433    0.97272    0.69181  28.9%   466  396s
   567   344    0.83726   32  413    0.97272    0.69207  28.9%   465  405s
   569   346    0.87864  137  433    0.97272    0.69252  28.8%   463  417s
   570   346    0.69257    5  483    0.97272    0.69257  28.8%   462  424s
   571   347    0.95663  190  508    0.97272    0.69275  28.8%   462  437s
   572   348    0.84225   43  525    0.97272    0.69276  28.8%   461  445s
   573   348    0.81556   11  468    0.97272    0.69284  28.8%   460  453s
   574   349    0.86142   76  533    0.97272    0.69290  28.8%   459  458s
   575   350    0.96091  210  516    0.97272    0.69292  28.8%   458  468s
   576   350    0.92940   37  555    0.97272    0.69296  28.8%   458  474s
   577   351    0.93116   45  534    0.97272    0.69313  28.7%   457  483s
   578   352    0.84989   40  555    0.97272    0.69318  28.7%   456  492s
   579   352    0.92901  153  508    0.97272    0.69323  28.7%   455  506s
   580   353    0.84955   41  505    0.97272    0.69323  28.7%   454  515s
H  580   335                       0.9707535    0.69323  28.6%   454  534s
H  580   318                       0.9706259    0.69323  28.6%   454  537s
H  580   301                       0.9702894    0.69323  28.6%   454  545s
   581   302    0.84618   29  505    0.97029    0.69323  28.6%   454  551s
   582   304    0.69345   11  413    0.97029    0.69323  28.6%   701  558s
   583   305    0.69465   11  446    0.97029    0.69345  28.5%   710  564s
   584   306    0.69573   12  432    0.97029    0.69345  28.5%   727  573s
   585   306    0.69726   12  455    0.97029    0.69345  28.5%   742  583s
   586   307    0.69729   13  427    0.97029    0.69345  28.5%   741  585s
   587   308    0.78630   13  347    0.97029    0.69345  28.5%   755  593s
   588   308    0.74430   14  333    0.97029    0.69345  28.5%   769  608s
   589   309    0.84838   14  392    0.97029    0.69345  28.5%   793  617s
   590   310    0.76394   15  322    0.97029    0.69345  28.5%   807  622s
   591   310    0.76438   15  411    0.97029    0.69345  28.5%   818  628s
   592   311    0.77128   16  357    0.97029    0.69345  28.5%   820  637s
   594   312    0.81063   17  324    0.97029    0.69345  28.5%   838  645s
   595   311 infeasible   17         0.97029    0.69345  28.5%   852  656s
   596   312    0.81793   18  329    0.97029    0.69345  28.5%   853  661s
   597   312    0.86917   18  323    0.97029    0.69345  28.5%   862  669s
   598   313    0.81822   19  298    0.97029    0.69345  28.5%   870  676s
   599   314    0.81908   19  379    0.97029    0.69345  28.5%   893  684s
   600   314    0.81845   20  281    0.97029    0.69345  28.5%   895  688s
H  601   298                       0.9675378    0.69345  28.3%   894  694s
H  601   283                       0.9672859    0.69345  28.3%   894  694s
H  601   269                       0.9659043    0.69345  28.2%   894  696s
H  601   255                       0.9494807    0.69345  27.0%   894  696s
H  601   243                       0.9494718    0.69345  27.0%   894  712s
H  601   230                       0.9486349    0.69345  26.9%   894  720s
H  601   219                       0.9480124    0.69345  26.9%   894  726s
   601   221    0.82187   20  372    0.94801    0.69345  26.9%   903  730s
H  602   209                       0.9479703    0.69345  26.8%   901  731s
H  602   199                       0.9472850    0.69345  26.8%   901  731s
H  602   189                       0.9468201    0.69345  26.8%   901  731s
H  602   179                       0.9431077    0.69345  26.5%   901  731s
H  602   171                       0.9425846    0.69345  26.4%   901  731s
H  602   162                       0.9292924    0.69345  25.4%   901  732s
H  602   154                       0.9291125    0.69345  25.4%   901  732s
H  602   146                       0.9281844    0.69345  25.3%   901  732s
   603   148    0.82177   21  378    0.92818    0.69345  25.3%   907  735s
H  605   141                       0.9231405    0.69345  24.9%   905  740s
H  605   134                       0.9227663    0.69345  24.9%   905  740s
H  606   128                       0.9175548    0.69345  24.4%   906  745s
H  606   122                       0.9174569    0.69345  24.4%   906  745s
   608   126    0.82015   24  353    0.91746    0.69345  24.4%   910  751s
   609   126    0.89646   24  339    0.91746    0.69345  24.4%   917  755s
H  610   119                       0.9173214    0.69345  24.4%   915  756s
H  610   113                       0.9166224    0.69345  24.3%   915  756s
   611   116    0.83842   25  353    0.91662    0.69345  24.3%   920  762s
   612   116    0.82027   26  348    0.91662    0.69345  24.3%   919  765s
   614   118    0.82035   27  326    0.91662    0.69345  24.3%   924  773s
   615   118    0.82399   27  268    0.91662    0.69345  24.3%   927  776s
   616   119    0.82040   28  321    0.91662    0.69345  24.3%   931  780s
   618   120    0.82044   29  318    0.91662    0.69345  24.3%   936  788s
   619   121    0.82158   29  274    0.91662    0.69345  24.3%   938  791s
   621   122    0.82448   30  285    0.91662    0.69345  24.3%   945  796s
   623   124    0.82341   31  252    0.91662    0.69345  24.3%   947  800s
   626   126    0.82062   33  295    0.91662    0.69345  24.3%   953  807s
   627   126    0.87363   33  287    0.91662    0.69345  24.3%   960  810s
   629   128    0.82221   34  261    0.91662    0.69345  24.3%   962  816s
   631   129    0.82610   35  253    0.91662    0.69345  24.3%   964  822s
   633   130    0.82464   36  241    0.91662    0.69345  24.3%   968  826s
   635   132    0.82485   37  256    0.91662    0.69345  24.3%   970  830s
   637   133    0.82789   38  300    0.91662    0.69345  24.3%   974  836s
   638   134    0.82294   39  290    0.91662    0.69345  24.3%   974  840s
   640   135    0.82399   40  266    0.91662    0.69345  24.3%   979  845s
H  643   130                       0.9163912    0.69345  24.3%   975  851s
   645   133    0.82419   42  226    0.91639    0.69345  24.3%   980  856s
   647   135    0.82782   43  310    0.91639    0.69345  24.3%   982  860s
   650   137    0.82769   45  289    0.91639    0.69345  24.3%   982  865s
   653   139    0.82313   46  277    0.91639    0.69345  24.3%   980  871s
   655   140    0.82862   47  309    0.91639    0.69345  24.3%   980  875s
   658   142    0.82334   49  266    0.91639    0.69345  24.3%   981  882s
   659   143    0.83051   49  235    0.91639    0.69345  24.3%   983  885s
H  660   136                       0.9076171    0.69345  23.6%   982  886s
H  660   129                       0.8964034    0.69345  22.6%   982  887s
H  660   124                       0.8931685    0.69345  22.4%   982  887s
H  660   119                       0.8875048    0.69345  21.9%   982  887s
H  660   115                       0.8850748    0.69345  21.7%   982  887s
H  660   111                       0.8810048    0.69345  21.3%   982  887s
H  660   107                       0.8805667    0.69345  21.3%   982  887s
H  660   104                       0.8800895    0.69345  21.2%   982  887s
H  662   100                       0.8790348    0.69345  21.1%   985  890s
H  662    97                       0.8789679    0.69345  21.1%   985  890s
H  662    93                       0.8764934    0.69345  20.9%   985  890s
H  662    89                       0.8761713    0.69345  20.9%   985  890s
H  662    85                       0.8699516    0.69345  20.3%   985  890s
H  662    83                       0.8662572    0.69345  19.9%   985  890s
H  662    80                       0.8651075    0.69345  19.8%   985  890s
H  662    78                       0.8649237    0.69345  19.8%   985  891s
H  662    76                       0.8637740    0.69345  19.7%   985  891s
H  662    74                       0.8606075    0.69345  19.4%   985  891s
H  663    72                       0.8593957    0.69345  19.3%   984  894s
H  663    72                       0.8587899    0.69345  19.3%   984  895s
H  663    72                       0.8574653    0.69345  19.1%   984  895s
H  664    73                       0.8572286    0.69345  19.1%   988  897s
H  664    73                       0.8553531    0.69345  18.9%   988  897s
H  664    73                       0.8553442    0.69345  18.9%   988  897s
   665    75    0.82879   52  207    0.85534    0.69345  18.9%   990  901s
   667    77    0.82775   53  270    0.85534    0.69345  18.9%   997  907s
   669    78    0.82764   54  261    0.85534    0.69345  18.9%  1000  913s
   670    79    0.82376   55  274    0.85534    0.69345  18.9%   999  916s
   672    81    0.82376   56  270    0.85534    0.69345  18.9%   998  920s
   674    83    0.82380   57  260    0.85534    0.69345  18.9%   997  925s
H  675    82                       0.8546023    0.69345  18.9%   996  927s
   676    84    0.82381   58  278    0.85460    0.69345  18.9%  1005  931s
   678    85    0.82394   59  271    0.85460    0.69345  18.9%  1006  935s
   681    88    0.82597   60  318    0.85460    0.69345  18.9%  1011  943s
   682    89    0.83205   61  215    0.85460    0.69345  18.9%  1012  945s
H  684    89                       0.8542321    0.69345  18.8%  1011  959s
   684    91    0.82407   62  260    0.85423    0.69345  18.8%  1012  960s
   687    94    0.82892   63  273    0.85423    0.69345  18.8%  1014  968s
H  688    93                       0.8530095    0.69345  18.7%  1012  972s
H  688    93                       0.8522817    0.69345  18.6%  1012  972s
H  688    93                       0.8519548    0.69345  18.6%  1012  972s
H  688    93                       0.8516279    0.69345  18.6%  1012  972s
H  688    93                       0.8503624    0.69345  18.5%  1012  972s
   689    96    0.82745   64  349    0.85036    0.69345  18.5%  1018  976s
H  690    95                       0.8494301    0.69345  18.4%  1017  977s
   691    97    0.83013   65  223    0.84943    0.69345  18.4%  1023  980s
   693    99    0.82451   66  243    0.84943    0.69345  18.4%  1026  985s
   694   100    0.82453   67  239    0.84943    0.69345  18.4%  1025  993s
   695   101    0.82617   67  235    0.84943    0.69345  18.4%  1024  995s
   697   103    0.82455   68  236    0.84943    0.69345  18.4%  1024 1003s
   699   104    0.83371   69  239    0.84943    0.69345  18.4%  1026 1007s
   701   106    0.83012   70  214    0.84943    0.69345  18.4%  1029 1011s
   702   107    0.83227   71  296    0.84943    0.69345  18.4%  1035 1015s
   705   110    0.83757   72  170    0.84943    0.69345  18.4%  1039 1022s
   707   110    0.83775   73  183    0.84943    0.69345  18.4%  1038 1025s
   712   113    0.84698   76  212    0.84943    0.69345  18.4%  1036 1031s
   716   114    0.84828   78  246    0.84943    0.69345  18.4%  1035 1036s
   719   115    0.84522   80  236    0.84943    0.69345  18.4%  1036 1040s
   723   117    0.84053   82  226    0.84943    0.69345  18.4%  1034 1045s
   727   119    0.84058   84  204    0.84943    0.69345  18.4%  1033 1050s
   731   120    0.84059   86  225    0.84943    0.69345  18.4%  1032 1058s
   733   122    0.84363   87  284    0.84943    0.69345  18.4%  1031 1061s
   737   126    0.84694   89  219    0.84943    0.69345  18.4%  1028 1066s
   741   128     cutoff   91         0.84943    0.69345  18.4%  1029 1070s
   745   131    0.84760   93  210    0.84943    0.69345  18.4%  1026 1076s
   747   132    0.84769   94  232    0.84943    0.69345  18.4%  1025 1080s
   752   135    0.84339   97  218    0.84943    0.69345  18.4%  1022 1087s
   756   136    0.84353   99  189    0.84943    0.69345  18.4%  1019 1091s
   759   138    0.84355  101  202    0.84943    0.69345  18.4%  1015 1095s
   766   138    0.84360  105  185    0.84943    0.69345  18.4%  1009 1101s
   773   136     cutoff  108         0.84943    0.69345  18.4%  1007 1105s
   779   138    0.84362  112  206    0.84943    0.69345  18.4%  1002 1110s
   787   137    0.84364  116  194    0.84943    0.69345  18.4%   993 1118s
   790   137    0.84438  118  175    0.84943    0.69345  18.4%   991 1120s
   794   138     cutoff  120         0.84943    0.69345  18.4%   988 1125s
   800   140    0.84749  123  155    0.84943    0.69345  18.4%   985 1131s
   805   141    0.84463  126  160    0.84943    0.69345  18.4%   982 1135s
   807   143    0.84468  127  200    0.84943    0.69345  18.4%   981 1140s
   813   142    0.84470  130  207    0.84943    0.69345  18.4%   977 1149s
   815   142    0.84470  131  211    0.84943    0.69345  18.4%   975 1150s
   818   144    0.84473  133  200    0.84943    0.69345  18.4%   972 1155s
H  826   142                       0.8494300    0.69345  18.4%   967 1160s
   836   142    0.84480  143  180    0.84943    0.69345  18.4%   958 1167s
   843   143     cutoff  147         0.84943    0.69345  18.4%   954 1170s
   849   146    0.84517  150  149    0.84943    0.69345  18.4%   949 1175s
   856   151    0.84613  154  167    0.84943    0.69345  18.4%   946 1180s
   861   151    0.84849  155  156    0.84943    0.69345  18.4%   942 1193s
   862   151    0.84908  156  138    0.84943    0.69345  18.4%   941 1195s
   865   151    0.69420   12  462    0.84943    0.69345  18.4%   958 1221s
H  866   150                       0.8494211    0.69345  18.4%   957 1228s
   867   151     cutoff   13         0.84942    0.69345  18.4%   979 1237s
   868   152    0.69654   14  453    0.84942    0.69345  18.4%   984 1242s
   869   153    0.75669   14  366    0.84942    0.69345  18.4%   989 1247s
   871   153     cutoff   15         0.84942    0.69345  18.4%   999 1255s
   872   154    0.71954   16  437    0.84942    0.69345  18.4%  1006 1261s
   873   153     cutoff   16         0.84942    0.69345  18.4%  1015 1267s
   874   154    0.74691   17  307    0.84942    0.69345  18.4%  1022 1272s
   876   154    0.81840   18  290    0.84942    0.69345  18.4%  1032 1280s
H  877   133                       0.8472412    0.69345  18.2%  1030 1292s
   877   135    0.84616   18  339    0.84724    0.69345  18.2%  1044 1297s
   879   137    0.81843   19  277    0.84724    0.69345  18.2%  1044 1302s
   880   138    0.82488   20  253    0.84724    0.69345  18.2%  1046 1306s
   882   140    0.83251   21  235    0.84724    0.69345  18.2%  1052 1311s
   885   143    0.82516   22  244    0.84724    0.69345  18.2%  1051 1315s
   887   145    0.82680   23  200    0.84724    0.69345  18.2%  1051 1320s
   890   148    0.82604   25  205    0.84724    0.69345  18.2%  1052 1328s
   892   150    0.82766   26  210    0.84724    0.69345  18.2%  1051 1331s
   894   152    0.83030   27  232    0.84724    0.69345  18.2%  1053 1335s
   896   154    0.83040   28  239    0.84724    0.69345  18.2%  1055 1341s
   899   157    0.83123   29  238    0.84724    0.69345  18.2%  1055 1347s
   901   159    0.83377   30  218    0.84724    0.69345  18.2%  1053 1351s
   905   162    0.83423   32  182    0.84724    0.69345  18.2%  1051 1356s
   908   163    0.83362   34  188    0.84724    0.69345  18.2%  1051 1360s
   911   163    0.83362   35  186    0.84724    0.69345  18.2%  1048 1365s
   915   164    0.83498   38  164    0.84724    0.69345  18.2%  1044 1370s
   919   164    0.69680   12  421    0.84724    0.69680  17.8%  1052 1387s
   920   165    0.70144   13  461    0.84724    0.69680  17.8%  1058 1393s
   921   166    0.70630   13  455    0.84724    0.69718  17.7%  1066 1399s
   922   167    0.71617   14  376    0.84724    0.69718  17.7%  1072 1404s
   923   168    0.76518   14  305    0.84724    0.69718  17.7%  1076 1407s
   924   169    0.77114   15  453    0.84724    0.69718  17.7%  1082 1412s
   926   169    0.81234   16  316    0.84724    0.69718  17.7%  1084 1415s
   932   171    0.82488   19  266    0.84724    0.69718  17.7%  1086 1421s
   934   173    0.82514   20  280    0.84724    0.69718  17.7%  1090 1425s
   936   175    0.82560   21  265    0.84724    0.69718  17.7%  1094 1436s
   939   178    0.83162   22  355    0.84724    0.69718  17.7%  1095 1440s
   942   181    0.82596   24  262    0.84724    0.69718  17.7%  1095 1445s
   946   185    0.82727   26  258    0.84724    0.69718  17.7%  1097 1451s
   951   190    0.83678   28  244    0.84724    0.69718  17.7%  1097 1455s
   957   196    0.83364   31  253    0.84724    0.69718  17.7%  1097 1460s
   963   202    0.83531   34  225    0.84724    0.69718  17.7%  1096 1465s
   969   208    0.83720   37  247    0.84724    0.69718  17.7%  1095 1470s
   973   212    0.84183   39  188    0.84724    0.69718  17.7%  1096 1475s
   979   216     cutoff   42         0.84724    0.69718  17.7%  1096 1480s
   985   220    0.83446   45  146    0.84724    0.69718  17.7%  1094 1485s
   992   224    0.83518   49  175    0.84724    0.69718  17.7%  1092 1490s
   994   226    0.83350   50  203    0.84724    0.69718  17.7%  1092 1495s
  1000   231    0.83275   54  173    0.84724    0.69718  17.7%  1090 1501s
  1006   236    0.83293   57  178    0.84724    0.69718  17.7%  1088 1505s
  1013   242    0.83730   60  144    0.84724    0.69718  17.7%  1087 1510s
  1019   246    0.83513   63  150    0.84724    0.69718  17.7%  1085 1515s
  1026   252    0.83572   67  182    0.84724    0.69718  17.7%  1083 1520s
  1035   260    0.83800   71  156    0.84724    0.69718  17.7%  1078 1525s
  1041   264    0.84066   74  161    0.84724    0.69718  17.7%  1075 1530s
  1054   272    0.83850   81  140    0.84724    0.69718  17.7%  1065 1535s
  1070   277    0.83875   89  124    0.84724    0.69718  17.7%  1053 1540s
  1086   281    0.84008   99  110    0.84724    0.69718  17.7%  1041 1545s
  1104   284    0.84536  111  132    0.84724    0.69718  17.7%  1028 1550s
  1116   284    0.70144   13  443    0.84724    0.70144  17.2%  1024 1564s
  1117   285    0.75619   14  419    0.84724    0.70144  17.2%  1031 1571s
  1118   284     cutoff   14         0.84724    0.70144  17.2%  1037 1576s
  1119   283     cutoff   15         0.84724    0.70144  17.2%  1046 1583s
  1120   284    0.82310   15  359    0.84724    0.70144  17.2%  1058 1593s
  1121   285    0.82999   16  305    0.84724    0.70144  17.2%  1059 1595s
  1124   288    0.82970   17  213    0.84724    0.70144  17.2%  1063 1600s
  1128   292    0.83205   19  273    0.84724    0.70144  17.2%  1065 1605s
  1134   298    0.83849   22  198    0.84724    0.70144  17.2%  1066 1611s
  1139   303    0.83682   25  232    0.84724    0.70144  17.2%  1066 1615s
  1144   306    0.83862   28  202    0.84724    0.70144  17.2%  1064 1620s
  1153   314    0.84105   33  182    0.84724    0.70144  17.2%  1056 1625s
  1171   315     cutoff   45         0.84724    0.70144  17.2%  1046 1630s
  1188   314    0.84373   59  141    0.84724    0.70144  17.2%  1034 1638s

Cutting planes:
  Learned: 14
  Gomory: 2
  Lift-and-project: 1
  Cover: 94
  Implied bound: 188
  Projected implied bound: 103
  Clique: 50
  MIR: 697
  Mixing: 1
  StrongCG: 20
  Flow cover: 832
  GUB cover: 8
  Zero half: 14
  Network: 59
  RLT: 8
  Relax-and-lift: 200
  BQP: 9

Explored 1192 nodes (1292749 simplex iterations) in 1640.65 seconds (4449.49 work units)
Most recent optimization runtime was 1634.12 seconds (4432.67 work units)
Thread count was 1 (of 20 available processors)

Solution count 10: 0.847241 0.849421 0.84943 ... 0.854602

Time limit reached
Best objective 8.472412339911e-01, best bound 7.014434800590e-01, gap 17.2085%

User-callback calls 260252, time in user-callback 0.02 sec
