
Gurobi 13.0.2 (win64) logging started Sun Aug  9 20:08:06 2026

Set parameter LogFile to value "E:\codes\ExactEBRP\results\gf_simple_start_qualification_round35\runs\matrix1800__round31_sealed_tight_T_V50_seed1973327304__c6_simple_start__1800s\external\native_logs\L2_lp.gurobi.log"
Gurobi Optimizer version 13.0.2 build v13.0.2rc1 (win64 - Windows 10.0 (19045.2))

CPU model: 12th Gen Intel(R) Core(TM) i7-12700KF, instruction set [SSE2|AVX|AVX2]
Thread count: 12 physical cores, 20 logical processors, using up to 1 threads

Non-default parameters:
TimeLimit  1771.4360246
MIPGap  0
MIPGapAbs  0
LogToConsole  0
Threads  1

Optimize a model with 93032 rows, 18193 columns and 665905 nonzeros (Min)
Model fingerprint: 0x6f77b17f
Model has 51 linear objective coefficients
Coefficient statistics:
  Matrix range     [7e-03, 2e+04]
  Objective range  [7e-03, 1e+00]
  Bounds range     [5e-01, 3e+03]
  RHS range        [1e-01, 5e+04]

Presolve removed 7136 rows and 233 columns
Presolve time: 0.35s
Presolved: 17935 rows, 103858 columns, 505236 nonzeros

Iteration    Objective       Primal Inf.    Dual Inf.      Time
       0      handle free variables                          0s

Extra simplex iterations after uncrush: 6

Extra simplex iterations from dual to original model: 12
    6517    8.6959024e-01   0.000000e+00   0.000000e+00      2s

Solved in 6517 iterations and 1.82 seconds (5.61 work units)
Optimal objective  8.695902446e-01

User-callback calls 6688, time in user-callback 0.00 sec
