
Gurobi 13.0.2 (win64) logging started Fri Oct  2 03:46:20 2026

Set parameter LogFile to value "E:\codes\ExactEBRP\results\unified_exact_round99\linked01\raw\08_R98-C1_ENS-C\external\native_logs\L0_terminal_mip.gurobi.log"
Set parameter TimeLimit to value 594.5344313
Gurobi Optimizer version 13.0.2 build v13.0.2rc1 (win64 - Windows 10.0 (19045.2))

CPU model: 12th Gen Intel(R) Core(TM) i7-12700KF, instruction set [SSE2|AVX|AVX2]
Thread count: 12 physical cores, 20 logical processors, using up to 1 threads

Non-default parameters:
TimeLimit  594.5344313
MIPGap  0
MIPGapAbs  0
LogToConsole  0
Threads  1

Optimize a model with 9098 rows, 3318 columns and 52342 nonzeros (Min)
Model fingerprint: 0x1677d6fa
Model has 21 linear objective coefficients
Variable types: 1696 continuous, 1622 integer (1482 binary)
Coefficient statistics:
  Matrix range     [4e-02, 1e+04]
  Objective range  [5e-02, 1e+00]
  Bounds range     [4e-01, 4e+02]
  RHS range        [4e-01, 4e+04]

Loaded user MIP start with objective 0.377846

Presolve removed 1866 rows and 22 columns
Presolve time: 0.11s
Presolved: 7232 rows, 3296 columns, 42613 nonzeros
Variable types: 1484 continuous, 1812 integer (1482 binary)

Root relaxation: objective 8.536024e-02, 2986 iterations, 0.10 seconds (0.25 work units)

    Nodes    |    Current Node    |     Objective Bounds      |     Work
 Expl Unexpl |  Obj  Depth IntInf | Incumbent    BestBd   Gap | It/Node Time

     0     0    0.08536    0  196    0.37785    0.08536  77.4%     -    0s
     0     0    0.13414    0  373    0.37785    0.13414  64.5%     -    0s
     0     0    0.14069    0  349    0.37785    0.14069  62.8%     -    0s
     0     0    0.15297    0  427    0.37785    0.15297  59.5%     -    1s
     0     0    0.17302    0  336    0.37785    0.17302  54.2%     -    1s
     0     0    0.18812    0  373    0.37785    0.18812  50.2%     -    1s
     0     0    0.20263    0  431    0.37785    0.20263  46.4%     -    1s
     0     0    0.22044    0  413    0.37785    0.22044  41.7%     -    2s
     0     0    0.22879    0  428    0.37785    0.22879  39.4%     -    2s
     0     0    0.23422    0  484    0.37785    0.23422  38.0%     -    2s
     0     0    0.23501    0  450    0.37785    0.23501  37.8%     -    2s
     0     0    0.23865    0  454    0.37785    0.23865  36.8%     -    2s
     0     0    0.23917    0  493    0.37785    0.23917  36.7%     -    2s
     0     0    0.24490    0  472    0.37785    0.24490  35.2%     -    3s
     0     0    0.24588    0  472    0.37785    0.24588  34.9%     -    3s
     0     0    0.24826    0  474    0.37785    0.24826  34.3%     -    3s
     0     0    0.24853    0  486    0.37785    0.24853  34.2%     -    3s
     0     0    0.25403    0  475    0.37785    0.25403  32.8%     -    3s
     0     0    0.25437    0  474    0.37785    0.25437  32.7%     -    3s
     0     0    0.25572    0  473    0.37785    0.25572  32.3%     -    3s
     0     0    0.25619    0  475    0.37785    0.25619  32.2%     -    4s
     0     0    0.25645    0  476    0.37785    0.25645  32.1%     -    4s
     0     0    0.25667    0  473    0.37785    0.25667  32.1%     -    4s
     0     0    0.26127    0  468    0.37785    0.26127  30.9%     -    4s
     0     0    0.26198    0  477    0.37785    0.26198  30.7%     -    4s
     0     0    0.26432    0  468    0.37785    0.26432  30.0%     -    4s
     0     0    0.26455    0  483    0.37785    0.26455  30.0%     -    4s
     0     0    0.26537    0  462    0.37785    0.26537  29.8%     -    5s
     0     0    0.26541    0  471    0.37785    0.26541  29.8%     -    5s
     0     0    0.26581    0  458    0.37785    0.26581  29.7%     -    5s
     0     0    0.26591    0  467    0.37785    0.26591  29.6%     -    5s
     0     0    0.26600    0  464    0.37785    0.26600  29.6%     -    5s
     0     0    0.26607    0  464    0.37785    0.26607  29.6%     -    5s
     0     0    0.26607    0  464    0.37785    0.26607  29.6%     -    5s
     0     2    0.26608    0  459    0.37785    0.26608  29.6%     -    6s
H    4     4                       0.3775899    0.26608  29.5%   195    6s
H    4     4                       0.3770371    0.26608  29.4%   195    6s
H    4     4                       0.3705737    0.26608  28.2%   195    6s
H    4     4                       0.3698755    0.26608  28.1%   195    6s
H    4     4                       0.3696008    0.26608  28.0%   195    6s
H    6     6                       0.3641155    0.26608  26.9%   401    6s
H   14    14                       0.3621470    0.26608  26.5%   344    7s
H   14    14                       0.3621076    0.26608  26.5%   344    7s
H   14    14                       0.3620701    0.26608  26.5%   344    7s
H   78    78                       0.3619996    0.26608  26.5%   168    8s
   131   125    0.26880    1  358    0.36200    0.26685  26.3%   126   10s
   342   287    0.28183    5  425    0.36200    0.27758  23.3%   169   15s
   589   467    0.34368   49  262    0.36200    0.28113  22.3%   169   20s
   597   473    0.33917   19  468    0.36200    0.28113  22.3%   166   25s
   608   480    0.34797   17  467    0.36200    0.28113  22.3%   163   30s
   628   494    0.32446   24  349    0.36200    0.28260  21.9%   204   35s
H  732   472                       0.3612279    0.28553  21.0%   198   38s
H  762   450                       0.3605434    0.28553  20.8%   192   38s
   781   451    0.35398   27  261    0.36054    0.28583  20.7%   195   40s
H  845   425                       0.3594485    0.29371  18.3%   195   42s
   879   427    0.35253   29  192    0.35945    0.29531  17.8%   201   45s
  1007   423    0.33671   21  414    0.35945    0.31341  12.8%   199   50s
  1189   406     cutoff   26         0.35945    0.31793  11.6%   193   55s
  1421   394    0.34335   23  390    0.35945    0.32425  9.79%   187   60s
  1670   349    0.34703   23  337    0.35945    0.33205  7.62%   183   65s
  1918   286 infeasible   29         0.35945    0.33832  5.88%   184   70s
  2252   362    0.35561   35  174    0.35945    0.34370  4.38%   176   75s
  2723   462     cutoff   36         0.35945    0.34681  3.52%   160   80s
  3309   597    0.35683   35  210    0.35945    0.34890  2.93%   141   85s
  4121   738    0.35846   37  154    0.35945    0.35023  2.57%   122   90s
  5303  1001     cutoff   46         0.35945    0.35131  2.26%   103   95s
  6687  1205    0.35262   39   87    0.35945    0.35217  2.03%  88.1  100s
  7608  1337     cutoff   22         0.35945    0.35253  1.93%  81.3  105s
  8766  1393    0.35885   47  107    0.35945    0.35307  1.77%  75.2  110s
 10174  1457     cutoff   71         0.35945    0.35351  1.65%  68.7  115s
*10388  1418              85       0.3587412    0.35356  1.44%  68.0  115s
 11498  1374    0.35427   81   35    0.35874    0.35404  1.31%  64.8  120s
 12960  1359    0.35584   40  181    0.35874    0.35459  1.16%  61.0  125s
 14427  1301    0.35752   42  191    0.35874    0.35507  1.02%  57.6  130s
 15858  1150    0.35652   41  202    0.35874    0.35558  0.88%  55.0  135s
 17300   940 infeasible   32         0.35874    0.35613  0.73%  52.7  140s
 18730   652    0.35810   90   39    0.35874    0.35681  0.54%  50.9  145s
 19997    47     cutoff   42         0.35874    0.35844  0.08%  49.6  150s

Cutting planes:
  Learned: 35
  Cover: 73
  Implied bound: 142
  Projected implied bound: 16
  Clique: 13
  MIR: 263
  Mixing: 2
  StrongCG: 14
  Flow cover: 387
  GUB cover: 20
  Inf proof: 5
  Zero half: 5
  Network: 50
  RLT: 3
  Relax-and-lift: 47
  BQP: 4

Explored 20050 nodes (1015939 simplex iterations) in 150.20 seconds (236.35 work units)
Thread count was 1 (of 20 available processors)

Solution count 10: 0.358741 0.359449 0.360543 ... 0.369601

Optimal solution found (tolerance 0.00e+00)
Best objective 3.587412415544e-01, best bound 3.587412415544e-01, gap 0.0000%

User-callback calls 80606, time in user-callback 2.10 sec
