
Gurobi 13.0.2 (win64) logging started Sat Jul 25 04:38:59 2026

Set parameter LogFile to value "E:\codes\ExactEBRP\results\gf_nonblocking_gurobi_c6_round31\runs\stage6__moderate_seed3302__p_grb__1200s\native.log"
Set parameter Threads to value 1
Set parameter Presolve to value -1
Set parameter Seed to value 0
Set parameter MIPGap to value 0
Set parameter MIPGapAbs to value 0
Set parameter TimeLimit to value 1200
Read LP format model from file E:\codes\ExactEBRP\results\gf_nonblocking_gurobi_c6_round31\runs\stage6__moderate_seed3302__p_grb__1200s\canonical.lp
Reading time = 0.01 seconds
obj: 5063 rows, 2111 columns, 23340 nonzeros
Set parameter TimeLimit to value 1194.9401458
Gurobi Optimizer version 13.0.2 build v13.0.2rc1 (win64 - Windows 10.0 (19045.2))

CPU model: 12th Gen Intel(R) Core(TM) i7-12700KF, instruction set [SSE2|AVX|AVX2]
Thread count: 12 physical cores, 20 logical processors, using up to 1 threads

Non-default parameters:
TimeLimit  1194.9401458
MIPGap  0
MIPGapAbs  0
LogToConsole  0
Threads  1

Optimize a model with 5063 rows, 2111 columns and 23340 nonzeros (Min)
Model fingerprint: 0xec1216f2
Model has 21 linear objective coefficients
Variable types: 421 continuous, 1690 integer (1490 binary)
Coefficient statistics:
  Matrix range     [3e-02, 6e+02]
  Objective range  [7e-03, 1e+00]
  Bounds range     [1e+00, 5e+01]
  RHS range        [1e+00, 4e+03]

Presolve removed 147 rows and 24 columns
Presolve time: 0.05s
Presolved: 4916 rows, 2087 columns, 40385 nonzeros
Variable types: 191 continuous, 1896 integer (1490 binary)
Found heuristic solution: objective 1.3552773

Root relaxation: objective 9.570934e-02, 2184 iterations, 0.08 seconds (0.19 work units)

    Nodes    |    Current Node    |     Objective Bounds      |     Work
 Expl Unexpl |  Obj  Depth IntInf | Incumbent    BestBd   Gap | It/Node Time

     0     0    0.09571    0  267    1.35528    0.09571  92.9%     -    0s
H    0     0                       1.3521599    0.09571  92.9%     -    0s
     0     0    0.11755    0  402    1.35216    0.11755  91.3%     -    0s
H    0     0                       1.2965727    0.11755  90.9%     -    0s
H    0     0                       1.1704491    0.11755  90.0%     -    0s
H    0     0                       1.1551627    0.11755  89.8%     -    0s
     0     0    0.11831    0  409    1.15516    0.11831  89.8%     -    0s
     0     0    0.11975    0  443    1.15516    0.11975  89.6%     -    0s
H    0     0                       1.1534258    0.11975  89.6%     -    0s
     0     0    0.11993    0  415    1.15343    0.11993  89.6%     -    0s
     0     0    0.12015    0  496    1.15343    0.12015  89.6%     -    1s
     0     0    0.12018    0  495    1.15343    0.12018  89.6%     -    1s
     0     0    0.12025    0  529    1.15343    0.12025  89.6%     -    1s
     0     0    0.12026    0  534    1.15343    0.12026  89.6%     -    1s
     0     0    0.12032    0  551    1.15343    0.12032  89.6%     -    1s
     0     0    0.12033    0  537    1.15343    0.12033  89.6%     -    1s
     0     0    0.12041    0  562    1.15343    0.12041  89.6%     -    1s
H    0     0                       1.1529389    0.12041  89.6%     -    1s
H    0     0                       1.1307878    0.12041  89.4%     -    1s
H    0     0                       1.1275524    0.12041  89.3%     -    1s
H    0     0                       1.1257324    0.12041  89.3%     -    1s
H    0     0                       1.0973126    0.12041  89.0%     -    1s
H    0     0                       1.0946599    0.12041  89.0%     -    1s
     0     0    0.12042    0  559    1.09466    0.12042  89.0%     -    1s
     0     0    0.12044    0  548    1.09466    0.12044  89.0%     -    2s
     0     0    0.12044    0  546    1.09466    0.12044  89.0%     -    2s
     0     0    0.12045    0  546    1.09466    0.12045  89.0%     -    2s
     0     0    0.12046    0  504    1.09466    0.12046  89.0%     -    2s
     0     0    0.12046    0  554    1.09466    0.12046  89.0%     -    2s
     0     0    0.12046    0  553    1.09466    0.12046  89.0%     -    2s
     0     0    0.12046    0  512    1.09466    0.12046  89.0%     -    2s
H    0     0                       1.0945359    0.12046  89.0%     -    2s
H    0     0                       1.0907727    0.12046  89.0%     -    2s
     0     2    0.12046    0  511    1.09077    0.12046  89.0%     -    2s
H    2     2                       1.0532727    0.12046  88.6%  1000    3s
H    2     2                       1.0524651    0.12046  88.6%  1000    3s
H    2     2                       1.0505821    0.12046  88.5%  1000    3s
H    2     2                       1.0097252    0.12046  88.1%  1000    3s
H    2     2                       1.0081100    0.12046  88.1%  1000    3s
H    2     2                       1.0078328    0.12046  88.0%  1000    3s
H    2     2                       1.0070174    0.12046  88.0%  1000    3s
H    2     2                       0.8119759    0.12046  85.2%  1000    3s
H    2     2                       0.7081495    0.12046  83.0%  1000    3s
H    7     7                       0.5981623    0.12121  79.7%   568    3s
H    7     7                       0.5981579    0.12121  79.7%   568    3s
H    9     9                       0.5978274    0.12123  79.7%   648    3s
H    9     9                       0.5677601    0.12123  78.6%   648    3s
H    9     9                       0.5667173    0.12123  78.6%   648    3s
H    9     9                       0.5654475    0.12123  78.6%   648    3s
H   11    11                       0.5620587    0.12123  78.4%   674    4s
H   14    14                       0.5412000    0.12123  77.6%   743    4s
H   14    14                       0.5394301    0.12123  77.5%   743    4s
H   14    14                       0.5371122    0.12123  77.4%   743    4s
H   14    14                       0.5355227    0.12123  77.4%   743    4s
H   17    17                       0.5352609    0.12123  77.4%   739    4s
H   22    22                       0.5348600    0.12123  77.3%   648    4s
H   22    22                       0.5176435    0.12123  76.6%   648    4s
H   22    22                       0.5168359    0.12123  76.5%   648    4s
H   22    22                       0.5147939    0.12123  76.5%   648    4s
H   24    24                       0.5147734    0.12123  76.4%   619    4s
H   24    24                       0.5147206    0.12123  76.4%   619    4s
H   24    24                       0.5132408    0.12123  76.4%   619    4s
H   24    24                       0.5128802    0.12123  76.4%   619    4s
H   24    24                       0.5096872    0.12123  76.2%   619    4s
H   24    24                       0.5073386    0.12123  76.1%   619    4s
H   24    24                       0.5042366    0.12123  76.0%   619    4s
    27    29    0.12619   15  404    0.50424    0.12123  76.0%   599    5s
H   30    30                       0.5041579    0.12123  76.0%   560    5s
H   58    54                       0.5027656    0.12123  75.9%   409    5s
H   71    60                       0.5013252    0.12148  75.8%   434    6s
H   71    60                       0.4995328    0.12148  75.7%   434    6s
H   72    60                       0.4565039    0.12148  73.4%   444    6s
H   72    60                       0.4539190    0.12148  73.2%   444    6s
H   72    60                       0.4480616    0.12148  72.9%   444    6s
H   72    60                       0.4456849    0.12148  72.7%   444    6s
H   73    61                       0.4144926    0.12148  70.7%   453    6s
H   75    63                       0.4122311    0.12148  70.5%   458    7s
H   80    68                       0.4106438    0.12148  70.4%   454    7s
H   82    70                       0.3529411    0.12148  65.6%   460    7s
H   82    70                       0.3528892    0.12148  65.6%   460    7s
H   82    70                       0.3528447    0.12148  65.6%   460    7s
H   85    73                       0.3501451    0.12148  65.3%   465    7s
H   85    73                       0.3501108    0.12148  65.3%   465    7s
H   85    73                       0.3501035    0.12148  65.3%   465    7s
H   85    73                       0.3501024    0.12148  65.3%   465    7s
H   86    74                       0.3500689    0.12148  65.3%   479    7s
H   91    79                       0.3480822    0.12148  65.1%   466    7s
H  111    99                       0.3464670    0.12148  64.9%   416    8s
H  111    99                       0.3450742    0.12148  64.8%   416    8s
H  182   151                       0.3422483    0.12148  64.5%   307    9s
H  182   151                       0.3422477    0.12148  64.5%   307    9s
H  182   151                       0.3420967    0.12148  64.5%   307    9s
H  182   151                       0.3419996    0.12148  64.5%   307    9s
H  184   151                       0.3415069    0.12160  64.4%   316   10s
H  184   151                       0.3405752    0.12160  64.3%   316   10s
H  184   151                       0.3399334    0.12160  64.2%   316   10s
H  184   151                       0.3390702    0.12160  64.1%   316   10s
H  184   151                       0.3384560    0.12160  64.1%   316   10s
   354   309    0.14922   38  291    0.33846    0.12264  63.8%   272   15s
H  517   454                       0.3356221    0.12264  63.5%   207   17s
H  517   454                       0.3350052    0.12264  63.4%   207   17s
   557   483    0.13749   71  512    0.33501    0.12289  63.3%   208   20s
   569   491    0.16832  145  597    0.33501    0.12541  62.6%   204   25s
H  577   470                       0.3305004    0.12545  62.0%   241   30s
H  577   447                       0.3224950    0.12545  61.1%   241   30s
H  578   425                       0.3050789    0.12545  58.9%   242   30s
H  580   404                       0.2972871    0.12612  57.6%   247   31s
H  582   386                       0.2917111    0.12634  56.7%   253   31s
H  582   367                       0.2911085    0.12634  56.6%   253   31s
H  582   348                       0.2908888    0.12634  56.6%   253   31s
H  589   335                       0.2694661    0.12638  53.1%   269   32s
H  589   318                       0.2692602    0.12638  53.1%   269   32s
H  589   302                       0.2691632    0.12638  53.0%   269   32s
H  589   287                       0.2691502    0.12638  53.0%   269   32s
H  596   278                       0.2674670    0.12638  52.7%   274   33s
H  596   264                       0.2652070    0.12638  52.3%   274   33s
H  600   254                       0.2645967    0.12638  52.2%   274   33s
H  600   242                       0.2643430    0.12638  52.2%   274   33s
H  603   232                       0.2620654    0.12638  51.8%   273   33s
   614   241    0.18842   28  375    0.26207    0.12638  51.8%   273   35s
   716   302    0.19880   79  170    0.26207    0.12638  51.8%   257   40s
   791   308    0.13999   20  457    0.26207    0.12639  51.8%   266   45s
   845   344    0.17022   47  195    0.26207    0.12639  51.8%   281   50s
   979   408    0.25886  114  159    0.26207    0.12639  51.8%   276   55s
H  987   401                       0.2608204    0.12639  51.5%   276   55s
H  987   391                       0.2604844    0.12639  51.5%   276   55s
  1052   423    0.14931   17  477    0.26048    0.12748  51.1%   288   60s
  1123   462    0.14279   53  280    0.26048    0.12748  51.1%   300   65s
  1235   535    0.13541   17  420    0.26048    0.12748  51.1%   303   70s
  1337   635    0.16741   68  239    0.26048    0.12748  51.1%   302   75s
  1439   719    0.13231   31  401    0.26048    0.12835  50.7%   303   80s
  1549   801    0.13357   19  423    0.26048    0.12836  50.7%   302   85s
H 1561   809                       0.2594511    0.12836  50.5%   302   85s
H 1580   828                       0.2592797    0.12836  50.5%   301   86s
H 1580   827                       0.2590650    0.12836  50.5%   301   86s
H 1592   834                       0.2570301    0.12836  50.1%   301   87s
  1637   881    0.16337   63  237    0.25703    0.12836  50.1%   301   90s
H 1707   921                       0.2566504    0.12836  50.0%   293   91s
H 1707   921                       0.2566215    0.12836  50.0%   293   91s
H 1708   922                       0.2566082    0.12854  49.9%   294   91s
  1741   957    0.14658   33  360    0.25661    0.12854  49.9%   302   95s
H 1811  1017                       0.2493296    0.12854  48.4%   303   99s
H 1812  1014                       0.2463009    0.12854  47.8%   303   99s
H 1812  1010                       0.2427756    0.12854  47.1%   303   99s
H 1812  1010                       0.2426716    0.12854  47.0%   303   99s
H 1812  1010                       0.2406654    0.12854  46.6%   303   99s
H 1814  1012                       0.2406480    0.12854  46.6%   303   99s
  1816  1016    0.14744   71  181    0.24065    0.12854  46.6%   303  100s
H 1885  1048                       0.2396669    0.12856  46.4%   298  102s
  1914  1079    0.15326   34  387    0.23967    0.12856  46.4%   304  105s
  1976  1141    0.16750   65  188    0.23967    0.12856  46.4%   301  110s
H 1985  1148                       0.2396056    0.12856  46.3%   300  110s
H 2008  1158                       0.2392820    0.12897  46.1%   299  111s
  2017  1169    0.13088   24  478    0.23928    0.12897  46.1%   301  115s
  2137  1288    0.18379   99  187    0.23928    0.12897  46.1%   292  120s
  2267  1384    0.13049   24  453    0.23928    0.12898  46.1%   286  125s
  2395  1495    0.13539   43  345    0.23928    0.12903  46.1%   281  130s
  2521  1590    0.13962   41  348    0.23928    0.12904  46.1%   279  135s
  2660  1697    0.12934   17  539    0.23928    0.12906  46.1%   274  140s
  2790  1801    0.13183   29  421    0.23928    0.12906  46.1%   270  145s
  2949  1941    0.13503   37  410    0.23928    0.12906  46.1%   263  150s
H 2958  1947                       0.2384625    0.12906  45.9%   263  151s
  2958  1949    0.14673   46  359    0.23846    0.12906  45.9%   264  155s
  3062  2040    0.17491   70  302    0.23846    0.12907  45.9%   260  160s
  3165  2130    0.15771   52  306    0.23846    0.12907  45.9%   261  165s
  3302  2247    0.15570   89  207    0.23846    0.12908  45.9%   258  170s
H 3326  2255                       0.2343115    0.12908  44.9%   257  170s
H 3326  2255                       0.2340799    0.12908  44.9%   257  170s
  3450  2352    0.13407   36  372    0.23408    0.12910  44.8%   254  175s
H 3465  2365                       0.2335824    0.12910  44.7%   254  175s
H 3465  2360                       0.2314088    0.12910  44.2%   254  175s
H 3465  2357                       0.2289080    0.12910  43.6%   254  175s
H 3465  2357                       0.2287534    0.12910  43.6%   254  175s
  3589  2457    0.17590   55  326    0.22875    0.12910  43.6%   252  180s
  3748  2581    0.13163   19  503    0.22875    0.12911  43.6%   249  185s
  3790  2621    0.13837   36  400    0.22875    0.12911  43.6%   251  190s
  3934  2732    0.13515   19  528    0.22875    0.12911  43.6%   249  195s
  4055  2822    0.18583   43  339    0.22875    0.12911  43.6%   249  200s
  4212  2941    0.14739   26  393    0.22875    0.12912  43.6%   246  205s
  4393  3090    0.12917   18  523    0.22875    0.12914  43.5%   241  210s
  4525  3203    0.18210   60  287    0.22875    0.12915  43.5%   241  215s
  4615  3266    0.13173   27  369    0.22875    0.12916  43.5%   243  220s
H 4681  3295                       0.2231513    0.12917  42.1%   245  224s
  4708  3324    0.15112   55  296    0.22315    0.12917  42.1%   244  225s
H 4738  3338                       0.2231204    0.12917  42.1%   243  225s
H 4738  3338                       0.2231037    0.12917  42.1%   243  225s
  4856  3437    0.14840   38  363    0.22310    0.12918  42.1%   242  230s
  4988  3540    0.13369   30  419    0.22310    0.12920  42.1%   240  235s
H 5087  3594                       0.2205732    0.12921  41.4%   238  238s
  5087  3596    0.20818   80  181    0.22057    0.12921  41.4%   238  242s
  5149  3642    0.13432   35  404    0.22057    0.12922  41.4%   238  245s
  5334  3792    0.20238   54  275    0.22057    0.12923  41.4%   235  250s
  5430  3862    0.13733   38  358    0.22057    0.12923  41.4%   238  255s
H 5490  3905                       0.2202894    0.12924  41.3%   237  256s
  5653  4041    0.16107   77  259    0.22029    0.12924  41.3%   233  260s
  5810  4162    0.13958   42  292    0.22029    0.12925  41.3%   231  265s
  6027  4337    0.13549   20  423    0.22029    0.12926  41.3%   228  270s
  6265  4522    0.20799   34  404    0.22029    0.12927  41.3%   225  275s
  6416  4640     cutoff   40         0.22029    0.12928  41.3%   225  280s
  6546  4747    0.15092   76  210    0.22029    0.12928  41.3%   225  285s
H 6713  4855                       0.2199530    0.12929  41.2%   224  289s
  6717  4861    0.13478   34  398    0.21995    0.12929  41.2%   224  290s
  6835  4948    0.16885   62  308    0.21995    0.12931  41.2%   225  295s
  7019  5090    0.18492   33  385    0.21995    0.12931  41.2%   224  300s
  7162  5198    0.17069   45  326    0.21995    0.12932  41.2%   223  305s
H 7206  5215                       0.2186794    0.12932  40.9%   223  307s
  7300  5299    0.17866   77  150    0.21868    0.12932  40.9%   223  310s
  7480  5395    0.12980   22  502    0.21868    0.12933  40.9%   221  315s
  7544  5457    0.16095   47  294    0.21868    0.12933  40.9%   224  320s
H 7613  5495                       0.2185673    0.12933  40.8%   223  321s
  7680  5552    0.13305   38  396    0.21857    0.12933  40.8%   223  325s
  7905  5729    0.13898   28  394    0.21857    0.12934  40.8%   220  330s
  8071  5868    0.13323   27  447    0.21857    0.12935  40.8%   219  335s
  8254  5996    0.12981   19  573    0.21857    0.12936  40.8%   219  340s
  8458  6159    0.13126   31  384    0.21857    0.12936  40.8%   217  345s
  8689  6342    0.12950   20  518    0.21857    0.12938  40.8%   215  350s
  8830  6451    0.14465   60  288    0.21857    0.12938  40.8%   215  355s
  9044  6624    0.14846   52  320    0.21857    0.12938  40.8%   214  360s
  9318  6822    0.17508   50  326    0.21857    0.12939  40.8%   211  365s
  9485  6957    0.21428   53  249    0.21857    0.12939  40.8%   211  370s
  9716  7126    0.17786   52  285    0.21857    0.12940  40.8%   210  375s
  9880  7256    0.17810   75  186    0.21857    0.12940  40.8%   209  380s
 10108  7428    0.13942   34  425    0.21857    0.12940  40.8%   207  385s
 10203  7502    0.15682   57  512    0.21857    0.12940  40.8%   207  407s
 10208  7505    0.13639   30  516    0.21857    0.12940  40.8%   207  410s
 10213  7509    0.13868   48  607    0.21857    0.12940  40.8%   207  415s
 10218  7512    0.13901   27  553    0.21857    0.12940  40.8%   207  420s
 10222  7515    0.19813   39  569    0.21857    0.12940  40.8%   207  425s
 10227  7518    0.13154   28  594    0.21857    0.12940  40.8%   207  430s
 10232  7521    0.16012   76  612    0.21857    0.12940  40.8%   206  435s
 10236  7524    0.18100   67  574    0.21857    0.12940  40.8%   206  440s
 10241  7527    0.15313   41  584    0.21857    0.12940  40.8%   206  445s
 10246  7531    0.19674   88  538    0.21857    0.12940  40.8%   206  451s
 10250  7533    0.19122   69  582    0.21857    0.12940  40.8%   206  455s
 10255  7537    0.20309   58  591    0.21857    0.12940  40.8%   206  460s
 10259  7539    0.14689   48  613    0.21857    0.12940  40.8%   206  465s
 10264  7543    0.13442   41  577    0.21857    0.12940  40.8%   206  470s
 10269  7546    0.20585   29  640    0.21857    0.12940  40.8%   206  475s
H10271  7168                       0.2180559    0.12940  40.7%   206  479s
H10271  6808                       0.2162596    0.12940  40.2%   206  479s
 10273  6810    0.17937   67  620    0.21626    0.12940  40.2%   206  480s
H10273  6469                       0.2135300    0.12940  39.4%   206  481s
H10273  6144                       0.2133974    0.12940  39.4%   206  481s
H10273  5836                       0.2131066    0.12940  39.3%   206  481s
H10273  5543                       0.2129964    0.12940  39.2%   206  481s
 10278  5546    0.15445   39  613    0.21300    0.12940  39.2%   206  485s
 10282  5549    0.16325   88  568    0.21300    0.12940  39.2%   205  490s
 10287  5552    0.16884   67  568    0.21300    0.12940  39.2%   205  495s
 10291  5555    0.19778   81  598    0.21300    0.12940  39.2%   205  500s
 10295  5557    0.19409   56  604    0.21300    0.12940  39.2%   205  505s
 10299  5562    0.12940   22  499    0.21300    0.12940  39.2%   214  510s
 10332  5584    0.14758   38  367    0.21300    0.12940  39.2%   216  515s
 10402  5612    0.13939   24  501    0.21300    0.12940  39.2%   217  520s
 10420  5624    0.13006   33  513    0.21300    0.12940  39.2%   219  525s
 10437  5635    0.13519   42  397    0.21300    0.12940  39.2%   222  530s
H10454  5364                       0.2129257    0.12940  39.2%   223  534s
 10454  5366    0.13843   50  346    0.21293    0.12940  39.2%   223  535s
 10530  5394    0.13648   26  515    0.21293    0.12940  39.2%   224  540s
 10574  5423    0.15037   48  362    0.21293    0.12940  39.2%   225  545s
 10690  5461    0.12940   27  520    0.21293    0.12940  39.2%   224  550s
 10735  5491    0.14476   49  366    0.21293    0.12940  39.2%   226  555s
 10859  5535    0.12940   26  506    0.21293    0.12940  39.2%   225  560s
H10892  5290                       0.2127293    0.12940  39.2%   227  564s
 10907  5302    0.13456   50  368    0.21273    0.12940  39.2%   227  565s
 11019  5334    0.14726   29  441    0.21273    0.12940  39.2%   226  570s
H11036  5088                       0.2127293    0.12940  39.2%   227  576s
 11036  5090    0.14429   38  424    0.21273    0.12940  39.2%   227  581s
 11098  5131    0.16127   69  224    0.21273    0.12940  39.2%   227  585s
 11130  5141    0.13147   37  457    0.21273    0.12940  39.2%   229  590s
 11192  5182    0.14526   68  258    0.21273    0.12940  39.2%   229  595s
 11259  5192    0.14965   40  398    0.21273    0.12940  39.2%   231  600s
 11350  5234    0.13050   37  481    0.21273    0.12940  39.2%   231  605s
 11441  5279    0.13196   41  408    0.21273    0.12940  39.2%   230  610s
 11543  5318    0.13870   56  375    0.21273    0.12940  39.2%   230  615s
 11648  5374    0.14900   62  308    0.21273    0.12940  39.2%   229  620s
 11729  5399    0.13587   54  403    0.21273    0.12940  39.2%   230  625s
 11818  5441    0.14356   49  386    0.21273    0.12940  39.2%   230  630s
 11896  5477    0.14424   42  379    0.21273    0.12940  39.2%   230  635s
 12024  5540    0.12940   28  588    0.21273    0.12940  39.2%   230  640s
 12108  5592    0.15995   87  247    0.21273    0.12940  39.2%   230  645s
 12225  5628    0.13426   44  408    0.21273    0.12940  39.2%   229  650s
 12372  5701    0.16504   69  302    0.21273    0.12940  39.2%   228  655s
 12556  5779    0.12942   34  491    0.21273    0.12940  39.2%   228  660s
 12687  5835    0.12940   32  460    0.21273    0.12940  39.2%   227  665s
 12824  5887    0.13630   42  386    0.21273    0.12940  39.2%   226  670s
 12958  5948    0.16154   45  350    0.21273    0.12940  39.2%   226  675s
 13139  6031    0.13427   40  413    0.21273    0.12940  39.2%   226  680s
 13293  6089    0.12940   35  515    0.21273    0.12940  39.2%   225  685s
 13407  6125    0.13439   38  497    0.21273    0.12940  39.2%   226  690s
 13573  6207    0.17979   80  247    0.21273    0.12940  39.2%   225  695s
 13705  6254    0.14299   37  386    0.21273    0.12940  39.2%   225  700s
 13771  6295    0.18801   62  255    0.21273    0.12940  39.2%   225  729s
 13802  6300    0.13473   38  409    0.21273    0.12940  39.2%   225  730s
 13946  6366    0.15504   55  317    0.21273    0.12940  39.2%   225  735s
 14062  6423    0.13390   40  478    0.21273    0.12940  39.2%   225  740s
 14224  6507    0.19845   71  246    0.21273    0.12940  39.2%   224  745s
 14398  6592    0.16418   62  342    0.21273    0.12940  39.2%   223  750s
 14617  6684    0.13782   34  447    0.21273    0.12940  39.2%   222  755s
 14797  6756    0.20348   74  212    0.21273    0.12940  39.2%   221  760s
 14971  6835    0.12940   32  538    0.21273    0.12940  39.2%   221  765s
 15095  6900    0.16194   62  342    0.21273    0.12940  39.2%   221  770s
 15214  6943    0.12999   37  515    0.21273    0.12940  39.2%   221  775s
 15374  7014    0.13505   39  455    0.21273    0.12940  39.2%   221  780s
 15492  7060    0.12940   30  583    0.21273    0.12940  39.2%   221  785s
 15641  7131    0.17410   58  359    0.21273    0.12940  39.2%   221  790s
 15867  7208    0.13417   36  457    0.21273    0.12940  39.2%   220  795s
 16035  7274    0.13307   34  526    0.21273    0.12940  39.2%   219  800s
 16166  7337    0.13483   38  434    0.21273    0.12940  39.2%   220  805s
 16322  7415    0.12940   35  514    0.21273    0.12940  39.2%   220  810s
 16453  7467    0.20403   60  313    0.21273    0.12940  39.2%   220  815s
 16608  7523    0.13430   36  454    0.21273    0.12940  39.2%   220  820s
 16765  7598    0.13455   39  401    0.21273    0.12940  39.2%   220  825s
 16960  7702    0.13735   62  402    0.21273    0.12940  39.2%   219  830s
 17113  7762    0.12940   33  476    0.21273    0.12940  39.2%   218  836s
 17220  7817    0.13460   36  443    0.21273    0.12940  39.2%   218  840s
 17358  7867    0.13091   36  452    0.21273    0.12940  39.2%   218  845s
 17505  7945    0.14931   75  259    0.21273    0.12940  39.2%   218  850s
 17696  8013    0.12940   29  520    0.21273    0.12940  39.2%   218  855s
 17765  8043    0.20586   44  350    0.21273    0.12940  39.2%   219  860s
 17935  8103    0.12940   29  534    0.21273    0.12940  39.2%   219  865s
 18035  8147     cutoff   78         0.21273    0.12940  39.2%   220  870s
 18178  8210    0.15028   63  292    0.21273    0.12940  39.2%   219  875s
 18347  8271    0.12940   34  481    0.21273    0.12940  39.2%   219  880s
 18456  8323    0.12940   38  489    0.21273    0.12940  39.2%   219  885s
 18585  8379    0.15518   44  422    0.21273    0.12940  39.2%   220  890s
 18691  8432    0.20415   86  206    0.21273    0.12940  39.2%   220  895s
 18844  8495    0.13177   38  455    0.21273    0.12940  39.2%   219  900s
 19016  8581    0.18964  111  172    0.21273    0.12940  39.2%   219  905s
 19163  8640    0.13512   40  432    0.21273    0.12940  39.2%   218  910s
 19327  8726    0.13617   51  385    0.21273    0.12940  39.2%   218  915s
 19445  8772    0.13096   43  422    0.21273    0.12940  39.2%   218  920s
 19508  8802    0.13804   41  446    0.21273    0.12940  39.2%   218  925s
 19612  8850    0.12940   42  419    0.21273    0.12940  39.2%   219  930s
 19813  8957    0.18052   74  271    0.21273    0.12940  39.2%   218  935s
 19944  9006    0.13773   45  408    0.21273    0.12940  39.2%   218  940s
 20095  9069    0.17319   64  308    0.21273    0.12940  39.2%   218  945s
 20296  9126    0.13558   39  431    0.21273    0.12940  39.2%   217  950s
 20399  9166    0.13995   51  390    0.21273    0.12940  39.2%   217  955s
 20554  9221    0.20922   75  275    0.21273    0.12940  39.2%   217  960s
 20771  9294    0.13007   35  465    0.21273    0.12940  39.2%   216  965s
 20852  9319    0.13463   38  463    0.21273    0.12940  39.2%   216  970s
 20977  9369    0.13424   53  398    0.21273    0.12940  39.2%   216  975s
 21176  9461    0.14434   35  474    0.21273    0.12940  39.2%   216  980s
 21270  9502    0.14212   50  389    0.21273    0.12940  39.2%   216  985s
 21434  9569    0.12940   32  545    0.21273    0.12940  39.2%   216  990s
 21533  9618    0.14239   43  402    0.21273    0.12940  39.2%   216  995s
 21702  9690    0.13392   44  412    0.21273    0.12940  39.2%   216 1000s
 21844  9742    0.12940   29  533    0.21273    0.12940  39.2%   216 1005s
H21931  9525                       0.2127293    0.12940  39.2%   215 1033s
 21931  9527    0.12940   36  485    0.21273    0.12940  39.2%   216 1046s
 22016  9556    0.13931   42  439    0.21273    0.12940  39.2%   216 1050s
 22140  9626    0.16904   69  275    0.21273    0.12940  39.2%   216 1055s
 22331  9693    0.13623   32  503    0.21273    0.12940  39.2%   215 1060s
 22442  9734    0.13089   36  480    0.21273    0.12940  39.2%   216 1065s
 22514  9772    0.13807   55  363    0.21273    0.12940  39.2%   217 1070s
 22691  9839    0.13362   44  434    0.21273    0.12940  39.2%   216 1075s
 22826  9891    0.13364   34  474    0.21273    0.12940  39.2%   216 1080s
 22949  9927    0.12940   32  481    0.21273    0.12940  39.2%   217 1085s
 23131 10029    0.15672   62  331    0.21273    0.12940  39.2%   216 1090s
 23310 10087    0.16133   72  314    0.21273    0.12940  39.2%   216 1095s
 23442 10136    0.13382   49  408    0.21273    0.12940  39.2%   216 1100s
 23614 10205    0.17247   61  371    0.21273    0.12940  39.2%   215 1105s
 23725 10258    0.13628   46  399    0.21273    0.12940  39.2%   216 1110s
 23826 10307    0.18024   59  288    0.21273    0.12940  39.2%   217 1115s
 23946 10390    0.14392   54  386    0.21273    0.12940  39.2%   217 1120s
 24141 10555    0.12940   34  547    0.21273    0.12940  39.2%   216 1125s
 24280 10665    0.15046   55  397    0.21273    0.12940  39.2%   216 1130s
 24476 10812    0.12940   33  493    0.21273    0.12940  39.2%   215 1135s
 24594 10893    0.13104   41  418    0.21273    0.12940  39.2%   216 1140s
 24789 11034    0.12956   36  454    0.21273    0.12940  39.2%   215 1145s
 25028 11195    0.12940   35  474    0.21273    0.12940  39.2%   214 1150s
 25192 11319    0.12984   38  440    0.21273    0.12940  39.2%   214 1155s
 25317 11419    0.14734   65  222    0.21273    0.12940  39.2%   214 1160s
 25445 11521    0.14640   60  320    0.21273    0.12940  39.2%   214 1165s
 25633 11655    0.13076   38  453    0.21273    0.12940  39.2%   213 1170s
 25788 11781    0.13057   34  503    0.21273    0.12940  39.2%   213 1175s
 25925 11897    0.13643   36  490    0.21273    0.12940  39.2%   213 1180s
 26031 11977    0.12940   29  504    0.21273    0.12940  39.2%   213 1185s
 26238 12140    0.12949   35  547    0.21273    0.12940  39.2%   212 1190s

Cutting planes:
  Learned: 95
  Gomory: 14
  Cover: 50
  Implied bound: 255
  Projected implied bound: 210
  Clique: 97
  MIR: 1598
  Mixing: 1
  StrongCG: 150
  Flow cover: 1998
  GUB cover: 5
  Zero half: 41
  RLT: 21
  Relax-and-lift: 111
  BQP: 12

Explored 26394 nodes (5618341 simplex iterations) in 1194.94 seconds (2307.33 work units)
Thread count was 1 (of 20 available processors)

Solution count 10: 0.212729 0.212926 0.212996 ... 0.218679

Time limit reached
Best objective 2.127292746534e-01, best bound 1.294036660193e-01, gap 39.1698%

User-callback calls 343115, time in user-callback 0.10 sec
