
Gurobi 13.0.2 (win64) logging started Fri Jul 24 19:19:53 2026

Set parameter LogFile to value "E:\codes\ExactEBRP\results\gf_nonblocking_gurobi_c6_round31\stage0_runs\sentinel__moderate_seed4301__c5_candidate__120s\external\native_logs\L1_terminal_mip.gurobi.log"
Gurobi Optimizer version 13.0.2 build v13.0.2rc1 (win64 - Windows 10.0 (19045.2))

CPU model: 12th Gen Intel(R) Core(TM) i7-12700KF, instruction set [SSE2|AVX|AVX2]
Thread count: 12 physical cores, 20 logical processors, using up to 1 threads

Non-default parameters:
TimeLimit  92.0417894
MIPGap  0
MIPGapAbs  0
LogToConsole  0
Threads  1

Optimize a model with 11912 rows, 3376 columns and 67359 nonzeros (Min)
Model fingerprint: 0x55021890
Model has 21 linear objective coefficients
Variable types: 1685 continuous, 1691 integer (1491 binary)
Coefficient statistics:
  Matrix range     [5e-03, 2e+04]
  Objective range  [8e-03, 1e+00]
  Bounds range     [5e-03, 5e+01]
  RHS range        [5e-03, 5e+04]

Presolve removed 2545 rows and 284 columns
Presolve time: 0.42s
Presolved: 9367 rows, 3092 columns, 69622 nonzeros
Variable types: 1573 continuous, 1519 integer (1370 binary)

Root relaxation: objective 6.612367e-03, 2773 iterations, 0.14 seconds (0.35 work units)

    Nodes    |    Current Node    |     Objective Bounds      |     Work
 Expl Unexpl |  Obj  Depth IntInf | Incumbent    BestBd   Gap | It/Node Time

     0     0    0.00661    0  144          -    0.00661      -     -    0s
     0     0    0.00661    0  145          -    0.00661      -     -    0s
     0     0    0.00662    0  185          -    0.00662      -     -    1s
     0     0    0.00662    0  179          -    0.00662      -     -    1s
     0     0    0.00663    0  207          -    0.00663      -     -    1s
     0     0    0.00663    0  181          -    0.00663      -     -    2s
     0     0    0.00663    0  216          -    0.00663      -     -    2s
     0     0    0.00663    0  194          -    0.00663      -     -    2s
     0     0    0.00663    0  259          -    0.00663      -     -    3s
     0     0    0.00663    0  226          -    0.00663      -     -    3s
     0     0    0.00663    0  247          -    0.00663      -     -    3s
     0     0    0.00663    0  235          -    0.00663      -     -    3s
     0     0    0.00663    0  213          -    0.00663      -     -    4s
     0     0    0.00663    0  228          -    0.00663      -     -    4s
     0     0    0.00663    0  228          -    0.00663      -     -    4s
     0     0    0.00663    0  141          -    0.00663      -     -    5s
     0     2    0.00663    0  141          -    0.00663      -     -    6s
    36    18    0.00663    6  167          -    0.00663      -   882   10s
    79    35    0.00874   13  225          -    0.00663      -   995   15s
   104    48    0.00663    9  166          -    0.00663      -   985   20s
   128    60    0.01238   23  195          -    0.00663      -  1036   29s
   130    62    0.01275   25  176          -    0.00663      -  1029   30s
   146    66    0.00709   13  175          -    0.00663      -  1005   36s
   225    89    0.00790   18  217          -    0.00663      -   890   40s
   352   156    0.00776   12  154          -    0.00663      -   719   45s
   494   264    0.00852   27  201          -    0.00663      -   627   50s
   626   360    0.01183   48   88          -    0.00663      -   576   55s
   670   378    0.01208   14  214          -    0.00663      -   566   61s
   711   405    0.00663   15  178          -    0.00663      -   557   65s
   714   407    0.01035   13  171          -    0.00663      -   555   70s
   719   411    0.01209   46  218          -    0.00667      -   551   75s
   724   414    0.01017   28  172          -    0.00668      -   547   81s
   728   417    0.00843   21  208          -    0.00668      -   544   85s
   731   419    0.01163   26  194          -    0.00668      -   542   90s

Cutting planes:
  Learned: 2
  Gomory: 7
  Cover: 16
  Implied bound: 143
  Projected implied bound: 16
  Clique: 4
  MIR: 62
  Mixing: 1
  StrongCG: 7
  Flow cover: 65
  Network: 1
  RLT: 5
  Relax-and-lift: 30
  BQP: 4

Explored 731 nodes (535649 simplex iterations) in 92.04 seconds (192.53 work units)
Thread count was 1 (of 20 available processors)

Solution count 0

Time limit reached
Best objective -, best bound 6.683638242104e-03, gap -

User-callback calls 20621, time in user-callback 0.00 sec
