
Gurobi 13.0.2 (win64) logging started Sat Aug  8 14:51:03 2026

Set parameter LogFile to value "E:\codes\ExactEBRP\results\gf_c6_documentation_hga_round34\runs\v10__round33_v10_moderate_M2_Q30_seed763364383__c6_hga_full__3600s\external\native_logs\L1_lp.gurobi.log"
Gurobi Optimizer version 13.0.2 build v13.0.2rc1 (win64 - Windows 10.0 (19045.2))

CPU model: 12th Gen Intel(R) Core(TM) i7-12700KF, instruction set [SSE2|AVX|AVX2]
Thread count: 12 physical cores, 20 logical processors, using up to 1 threads

Non-default parameters:
TimeLimit  3581.7015534
MIPGap  0
MIPGapAbs  0
LogToConsole  0
Threads  1

Optimize a model with 4269 rows, 761 columns and 30626 nonzeros (Min)
Model fingerprint: 0x1fadfe0b
Model has 11 linear objective coefficients
Coefficient statistics:
  Matrix range     [9e-03, 1e+05]
  Objective range  [9e-03, 1e+00]
  Bounds range     [3e-02, 7e+01]
  RHS range        [3e-02, 1e+06]

Presolve removed 150 rows and 44 columns
Presolve time: 0.02s
Presolved: 4119 rows, 737 columns, 30225 nonzeros

Iteration    Objective       Primal Inf.    Dual Inf.      Time
       0    3.4045275e-02   1.019546e+02   0.000000e+00      0s

Extra simplex iterations after uncrush: 3
     717    5.9410426e-02   0.000000e+00   0.000000e+00      0s

Solved in 717 iterations and 0.04 seconds (0.12 work units)
Optimal objective  5.941042599e-02

User-callback calls 864, time in user-callback 0.00 sec
