
Gurobi 13.0.2 (win64) logging started Fri Jul 24 20:04:00 2026

Set parameter LogFile to value "E:\codes\ExactEBRP\results\gf_nonblocking_gurobi_c6_round31\runs\stage1__tight_T_seed4101__c6_candidate__300s\external\native_logs\L0_c6_1_next_leaf_target_mip.gurobi.log"
Gurobi Optimizer version 13.0.2 build v13.0.2rc1 (win64 - Windows 10.0 (19045.2))

CPU model: 12th Gen Intel(R) Core(TM) i7-12700KF, instruction set [SSE2|AVX|AVX2]
Thread count: 12 physical cores, 20 logical processors, using up to 1 threads

Non-default parameters:
TimeLimit  284.0447575
MIPGap  0
MIPGapAbs  0
LogToConsole  0
Threads  1

Optimize a model with 11895 rows, 3372 columns and 67105 nonzeros (Min)
Model fingerprint: 0xb9daf726
Model has 21 linear objective coefficients
Variable types: 1683 continuous, 1689 integer (1489 binary)
Coefficient statistics:
  Matrix range     [7e-03, 2e+04]
  Objective range  [7e-03, 1e+00]
  Bounds range     [2e-01, 1e+03]
  RHS range        [2e-01, 5e+04]

Presolve removed 1673 rows and 76 columns
Presolve time: 0.20s
Presolved: 10222 rows, 3296 columns, 70918 nonzeros
Variable types: 1625 continuous, 1671 integer (1478 binary)

Root relaxation: objective 3.867949e-01, 4289 iterations, 0.27 seconds (0.75 work units)

    Nodes    |    Current Node    |     Objective Bounds      |     Work
 Expl Unexpl |  Obj  Depth IntInf | Incumbent    BestBd   Gap | It/Node Time

     0     0    0.38679    0  241          -    0.38679      -     -    0s
     0     0 infeasible    0               - infeasible      -     -    0s

Explored 1 nodes (5154 simplex iterations) in 0.72 seconds (1.69 work units)
Thread count was 1 (of 20 available processors)

Solution count 0

Model is infeasible
Best objective -, best bound -, gap -

User-callback calls 795, time in user-callback 0.00 sec
