
Gurobi 13.0.2 (win64) logging started Fri Jul 24 20:04:04 2026

Set parameter LogFile to value "E:\codes\ExactEBRP\results\gf_nonblocking_gurobi_c6_round31\runs\stage1__tight_T_seed4101__c6_candidate__300s\external\native_logs\L1_terminal_mip.gurobi.log"
Gurobi Optimizer version 13.0.2 build v13.0.2rc1 (win64 - Windows 10.0 (19045.2))

CPU model: 12th Gen Intel(R) Core(TM) i7-12700KF, instruction set [SSE2|AVX|AVX2]
Thread count: 12 physical cores, 20 logical processors, using up to 1 threads

Non-default parameters:
TimeLimit  280.2688241
MIPGap  0
MIPGapAbs  0
LogToConsole  0
Threads  1

Optimize a model with 11897 rows, 3372 columns and 67355 nonzeros (Min)
Model fingerprint: 0x61ce0ef2
Model has 21 linear objective coefficients
Variable types: 1683 continuous, 1689 integer (1489 binary)
Coefficient statistics:
  Matrix range     [7e-03, 2e+04]
  Objective range  [7e-03, 1e+00]
  Bounds range     [2e-01, 1e+03]
  RHS range        [2e-01, 5e+04]

Presolved: 10147 rows, 3292 columns, 64106 nonzeros

Continuing optimization...

     0     0    0.46265    0  278          -    0.46265      -     -    2s
     0     0    0.46265    0  275          -    0.46265      -     -    2s
     0     0    0.46374    0  301          -    0.46374      -     -    2s
     0     0    0.46640    0  315          -    0.46640      -     -    3s
     0     0    0.46703    0  352          -    0.46703      -     -    3s
     0     0    0.47327    0  334          -    0.47327      -     -    4s
     0     0    0.47461    0  330          -    0.47461      -     -    4s
     0     0    0.47596    0  305          -    0.47596      -     -    5s
     0     0    0.47612    0  329          -    0.47612      -     -    5s
     0     0    0.47786    0  311          -    0.47786      -     -    6s
     0     0    0.47817    0  314          -    0.47817      -     -    6s
     0     0    0.47911    0  326          -    0.47911      -     -    7s
     0     0    0.47941    0  344          -    0.47941      -     -    7s
     0     0    0.47974    0  343          -    0.47974      -     -    7s
     0     0    0.47987    0  329          -    0.47987      -     -    8s
     0     0    0.48120    0  291          -    0.48120      -     -    8s
     0     0    0.48139    0  320          -    0.48139      -     -    8s
     0     0    0.48159    0  258          -    0.48159      -     -    9s
     0     0    0.48173    0  281          -    0.48173      -     -    9s
     0     0    0.48186    0  313          -    0.48186      -     -   10s
     0     0    0.48189    0  346          -    0.48189      -     -   10s
     0     0    0.48192    0  349          -    0.48192      -     -   10s
     0     0    0.48192    0  344          -    0.48192      -     -   10s
     0     0    0.48197    0  328          -    0.48197      -     -   11s
     0     0    0.48197    0  328          -    0.48197      -     -   11s
     0     0    0.48197    0  320          -    0.48197      -     -   11s
     0     2    0.48197    0  320          -    0.48197      -     -   12s
     1     3    0.48873    1  331          -    0.48197      -  1653   12s
H    6     6                       0.5793999    0.48226  16.8%  1333   16s
H    6     6                       0.5793428    0.48226  16.8%  1333   18s
     6     8    0.48352    3  256    0.57934    0.48243  16.7%  1492   20s
    53    54    0.48789   46  336    0.57934    0.48253  16.7%   771   25s
   203   204    0.50058  192  334    0.57934    0.48253  16.7%   322   30s
H  221   220                       0.5793428    0.48253  16.7%   308   30s
   376   357    0.48625   12  278    0.57934    0.48353  16.5%   281   35s
H  389   368                       0.5791630    0.48353  16.5%   284   35s
H  389   368                       0.5787986    0.48353  16.5%   284   35s
H  389   368                       0.5783816    0.48353  16.4%   284   35s
H  389   368                       0.5780172    0.48353  16.3%   284   35s
   528   503    0.52372  150  266    0.57802    0.48353  16.3%   235   40s
   532   506    0.49675   48  332    0.57802    0.48353  16.3%   234   45s
   537   509    0.49929   94  345    0.57802    0.48649  15.8%   231   51s
   541   512    0.50247  108  394    0.57802    0.48992  15.2%   230   56s
   545   515    0.51371   75  369    0.57802    0.49109  15.0%   228   61s
   549   517    0.52372  150  353    0.57802    0.49181  14.9%   226   65s
H  550   491                       0.5639996    0.49195  12.8%   226   68s
H  550   466                       0.5629814    0.49195  12.6%   226   68s
   554   469    0.50660   43  389    0.56298    0.49206  12.6%   224   70s
   561   473    0.51882  101  374    0.56298    0.49237  12.5%   221   75s
   575   484    0.49675   48  305    0.56298    0.49239  12.5%   300   80s
   579   487    0.50701   43  360    0.56298    0.49239  12.5%   298   85s
   583   489    0.50216  175  384    0.56298    0.49337  12.4%   296   90s
   587   492    0.49376   12  370    0.56298    0.49376  12.3%   294   95s
   591   495    0.53330  109  371    0.56298    0.49398  12.3%   292  100s
   602   502    0.51842  128  388    0.56298    0.49420  12.2%   287  105s
   609   509    0.50639   24  357    0.56298    0.50380  10.5%   343  110s
   621   517    0.51830   30  260    0.56298    0.50380  10.5%   362  115s
   651   530     cutoff   45         0.56298    0.50380  10.5%   371  120s
   703   525    0.52195   28  295    0.56298    0.50381  10.5%   375  125s
   735   532    0.52275   30  267    0.56298    0.50432  10.4%   392  130s
   765   539    0.52175   28  306    0.56298    0.51257  8.95%   407  135s
   822   544    0.51375   30  360    0.56298    0.51329  8.83%   416  140s
   845   544    0.55488   28  233    0.56298    0.51417  8.67%   443  145s
   889   535     cutoff   45         0.56298    0.51621  8.31%   457  150s
   953   535     cutoff   34         0.56298    0.51699  8.17%   454  155s
  1003   534    0.54771   39  304    0.56298    0.51759  8.06%   454  160s
  1042   529     cutoff   37         0.56298    0.51833  7.93%   468  165s
  1088   530    0.55554   40  242    0.56298    0.51846  7.91%   482  170s
  1136   527     cutoff   36         0.56298    0.51853  7.90%   485  175s
  1188   517    0.52760   29  326    0.56298    0.52195  7.29%   488  180s
  1237   529    0.55435   42  209    0.56298    0.52257  7.18%   487  185s
  1272   521     cutoff   32         0.56298    0.52373  6.97%   503  190s
  1315   524    0.55178   43  219    0.56298    0.52457  6.82%   503  195s
  1355   515    0.52619   27  285    0.56298    0.52557  6.65%   516  200s
  1400   514    0.52819   32  259    0.56298    0.52619  6.53%   517  205s
  1447   517    0.54130   29  259    0.56298    0.52620  6.53%   514  210s
  1488   507    0.54197   31  288    0.56298    0.52686  6.42%   520  215s
  1528   494    0.53823   33  258    0.56298    0.52720  6.36%   527  220s
  1580   494    0.54133   31  286    0.56298    0.52769  6.27%   528  225s
  1635   492    0.54081   32  284    0.56298    0.52787  6.24%   528  230s
  1674   491    0.55198   37  237    0.56298    0.52822  6.18%   531  235s
  1703   485    0.53965   30  314    0.56298    0.52966  5.92%   540  240s
  1776   485    0.55943   30  289    0.56298    0.53032  5.80%   537  245s
  1852   466    0.54230   34  346    0.56298    0.53173  5.55%   535  250s
  1896   461    0.54269   36  167    0.56298    0.53239  5.43%   538  255s
  1949   457    0.55168   41  268    0.56298    0.53256  5.40%   537  260s
  2009   440    0.55390   46  225    0.56298    0.53369  5.20%   534  265s
  2057   424    0.54450   36  225    0.56298    0.53461  5.04%   537  270s
  2132   412    0.55229   35  285    0.56298    0.53535  4.91%   536  275s
  2193   424    0.55951   31  266    0.56298    0.53547  4.89%   538  280s

Cutting planes:
  Learned: 9
  Gomory: 2
  Cover: 64
  Implied bound: 126
  Projected implied bound: 17
  Clique: 15
  MIR: 222
  Mixing: 2
  StrongCG: 17
  Flow cover: 453
  GUB cover: 4
  Inf proof: 1
  Zero half: 6
  Network: 21
  RLT: 7
  Relax-and-lift: 80
  BQP: 2

Explored 2233 nodes (1241685 simplex iterations) in 282.36 seconds (560.40 work units)
Most recent optimization runtime was 280.27 seconds (556.33 work units)
Thread count was 1 (of 20 available processors)

Solution count 7: 0.562981 0.578017 0.578382 ... 0.5794

Time limit reached
Best objective 5.629814005590e-01, best bound 5.355409882200e-01, gap 4.8741%

User-callback calls 54875, time in user-callback 0.01 sec
