
Gurobi 13.0.2 (win64) logging started Sat Jul 25 03:04:35 2026

Set parameter LogFile to value "E:\codes\ExactEBRP\results\gf_nonblocking_gurobi_c6_round31\runs\stage5__tight_T_seed5102__c6_candidate__rep1__300s\external\native_logs\L1_terminal_mip.gurobi.log"
Gurobi Optimizer version 13.0.2 build v13.0.2rc1 (win64 - Windows 10.0 (19045.2))

CPU model: 12th Gen Intel(R) Core(TM) i7-12700KF, instruction set [SSE2|AVX|AVX2]
Thread count: 12 physical cores, 20 logical processors, using up to 1 threads

Non-default parameters:
TimeLimit  273.5326434
MIPGap  0
MIPGapAbs  0
LogToConsole  0
Threads  1

Optimize a model with 11916 rows, 3378 columns and 67376 nonzeros (Min)
Model fingerprint: 0xf94b4fbf
Model has 21 linear objective coefficients
Variable types: 1686 continuous, 1692 integer (1492 binary)
Coefficient statistics:
  Matrix range     [7e-03, 2e+04]
  Objective range  [7e-03, 1e+00]
  Bounds range     [9e-02, 5e+02]
  RHS range        [8e-02, 5e+04]

Presolved: 10625 rows, 3306 columns, 79383 nonzeros

Continuing optimization...

     0     0    0.28771    0  264          -    0.28771      -     -    1s
     0     0    0.28771    0  257          -    0.28771      -     -    1s
     0     0    0.28823    0  247          -    0.28823      -     -    1s
     0     0    0.29829    0  279          -    0.29829      -     -    2s
     0     0    0.29997    0  258          -    0.29997      -     -    2s
     0     0    0.30328    0  290          -    0.30328      -     -    3s
     0     0    0.30341    0  271          -    0.30341      -     -    3s
     0     0    0.30513    0  281          -    0.30513      -     -    4s
     0     0    0.30566    0  339          -    0.30566      -     -    4s
     0     0    0.30607    0  322          -    0.30607      -     -    5s
     0     0    0.30612    0  328          -    0.30612      -     -    5s
     0     0    0.30676    0  345          -    0.30676      -     -    6s
     0     0    0.30685    0  302          -    0.30685      -     -    6s
     0     0    0.30695    0  322          -    0.30695      -     -    7s
     0     0    0.30731    0  331          -    0.30731      -     -    7s
     0     0    0.30776    0  331          -    0.30776      -     -    8s
     0     0    0.30787    0  311          -    0.30787      -     -    8s
     0     0    0.30861    0  319          -    0.30861      -     -    9s
     0     0    0.30876    0  307          -    0.30876      -     -    9s
     0     0    0.30890    0  324          -    0.30890      -     -   10s
     0     0    0.30891    0  307          -    0.30891      -     -   10s
     0     0    0.30909    0  306          -    0.30909      -     -   11s
     0     0    0.30910    0  309          -    0.30910      -     -   11s
     0     0    0.30921    0  352          -    0.30921      -     -   12s
     0     0    0.30929    0  305          -    0.30929      -     -   12s
     0     0    0.30946    0  298          -    0.30946      -     -   12s
     0     0    0.30948    0  294          -    0.30948      -     -   13s
     0     0    0.30949    0  314          -    0.30949      -     -   13s
     0     0    0.30952    0  300          -    0.30952      -     -   13s
     0     0    0.30952    0  293          -    0.30952      -     -   14s
     0     0    0.30952    0  288          -    0.30952      -     -   14s
     0     0    0.30952    0  274          -    0.30952      -     -   14s
     0     2    0.30955    0  273          -    0.30955      -     -   16s
     1     3    0.31182    1  281          -    0.30976      -  1776   17s
     6     8    0.31182    4  284          -    0.31182      -  1332   28s
    23    25    0.31444   20  274          -    0.31182      -   813   30s
    56    58    0.32543   49  255          -    0.31182      -   512   35s
   159   161    0.32000  151  266          -    0.31182      -   267   40s
   338   336    0.35431  324  172          -    0.31182      -   158   45s
   521   509    0.34110  237  245          -    0.31182      -   131   50s
   524   511    0.35476  328  272          -    0.31182      -   130   55s
   528   514    0.35371  303  280          -    0.31266      -   129   60s
   532   517    0.33334   66  287          -    0.31359      -   128   66s
   536   519    0.34098  236  307          -    0.31408      -   128   71s
   540   522    0.33752   55  279          -    0.31441      -   127   76s
   544   525    0.36243  316  280          -    0.31451      -   126   81s
   551   529    0.33663   35  283          -    0.31455      -   124   86s
H  555   504                       0.3623547    0.31466  13.2%   236   96s
   555   506    0.31468   16  265    0.36235    0.31466  13.2%   238  100s
   560   509    0.31992   18  272    0.36235    0.31515  13.0%   261  105s
   566   513    0.31788   21  229    0.36235    0.31515  13.0%   271  110s
   581   521    0.32106   29  227    0.36235    0.31515  13.0%   297  115s
   608   538    0.33274   42  240    0.36235    0.31515  13.0%   314  120s
   642   556    0.35463   59  215    0.36235    0.31515  13.0%   328  125s
   681   558 infeasible   81         0.36235    0.31515  13.0%   332  130s
   731   542    0.34676  109  208    0.36235    0.31515  13.0%   331  135s
   779   529    0.31651   18  300    0.36235    0.31515  13.0%   326  140s
   799   543    0.32284   28  251    0.36235    0.31515  13.0%   343  145s
   826   560    0.32725   42  219    0.36235    0.31515  13.0%   352  150s
   865   574    0.35125   62  211    0.36235    0.31515  13.0%   354  155s
   895   581    0.34065   27  218    0.36235    0.31555  12.9%   362  160s
   924   586    0.31948   25  258    0.36235    0.31555  12.9%   371  165s
   953   592    0.33689   40  190    0.36235    0.31555  12.9%   380  170s
  1006   601    0.34767   66  168    0.36235    0.31555  12.9%   380  175s
  1095   619 infeasible   38         0.36235    0.31572  12.9%   370  180s
  1121   623 infeasible   30         0.36235    0.31576  12.9%   380  185s
  1204   634    0.31911   25  281    0.36235    0.31753  12.4%   375  190s
  1250   656    0.35509   48  200    0.36235    0.31753  12.4%   385  195s
  1320   668    0.35949   37  193    0.36235    0.31794  12.3%   384  200s
  1394   693    0.33642   35  185    0.36235    0.31796  12.3%   383  205s
  1511   713    0.33542   24  226    0.36235    0.31809  12.2%   370  210s
  1587   729    0.32161   22  266    0.36235    0.31911  11.9%   368  215s
  1635   748 infeasible   23         0.36235    0.31911  11.9%   371  220s
  1675   747    0.32881   30  247    0.36235    0.31930  11.9%   376  225s
  1724   745    0.32109   19  334    0.36235    0.31952  11.8%   381  230s
  1765   758 infeasible   35         0.36235    0.31952  11.8%   384  235s
  1805   761    0.32250   23  298    0.36235    0.31962  11.8%   388  240s
  1843   772    0.35905   39  174    0.36235    0.31962  11.8%   391  245s
  1900   778 infeasible   34         0.36235    0.31992  11.7%   391  250s
  1945   778    0.32207   19  343    0.36235    0.32010  11.7%   394  255s
  1993   800    0.35655   35  187    0.36235    0.32019  11.6%   396  260s
  2050   804    0.32303   26  268    0.36235    0.32044  11.6%   399  265s
  2094   824    0.33348   29  214    0.36235    0.32057  11.5%   404  270s

Cutting planes:
  Learned: 17
  Gomory: 5
  Cover: 78
  Implied bound: 124
  Projected implied bound: 56
  Clique: 28
  MIR: 367
  Mixing: 3
  StrongCG: 11
  Flow cover: 627
  GUB cover: 10
  Zero half: 5
  Network: 33
  RLT: 20
  Relax-and-lift: 71
  BQP: 11

Explored 2126 nodes (922426 simplex iterations) in 275.00 seconds (540.92 work units)
Most recent optimization runtime was 273.54 seconds (538.32 work units)
Thread count was 1 (of 20 available processors)

Solution count 1: 0.362355 

Time limit reached
Best objective 3.623546627846e-01, best bound 3.205927359402e-01, gap 11.5252%

User-callback calls 59348, time in user-callback 0.01 sec
