
Gurobi 13.0.2 (win64) logging started Sat Aug  8 14:49:02 2026

Set parameter LogFile to value "E:\codes\ExactEBRP\results\gf_c6_documentation_hga_round34\runs\v10__round33_v10_tight_T_M2_Q20_seed2085634706__c6_hga_full__3600s\external\native_logs\L1_terminal_mip.gurobi.log"
Gurobi Optimizer version 13.0.2 build v13.0.2rc1 (win64 - Windows 10.0 (19045.2))

CPU model: 12th Gen Intel(R) Core(TM) i7-12700KF, instruction set [SSE2|AVX|AVX2]
Thread count: 12 physical cores, 20 logical processors, using up to 1 threads

Non-default parameters:
TimeLimit  3582.4261515
MIPGap  0
MIPGapAbs  0
LogToConsole  0
Threads  1

Optimize a model with 4268 rows, 761 columns and 30644 nonzeros (Min)
Model fingerprint: 0x448c2515
Model has 11 linear objective coefficients
Variable types: 375 continuous, 386 integer (316 binary)
Coefficient statistics:
  Matrix range     [2e-02, 1e+05]
  Objective range  [2e-02, 1e+00]
  Bounds range     [2e-01, 1e+02]
  RHS range        [2e-01, 1e+06]

Presolved: 3421 rows, 720 columns, 32959 nonzeros

Continuing optimization...

     0     0    0.54350    0  153          -    0.54350      -     -    0s
     0     0    0.54350    0  151          -    0.54350      -     -    0s
     0     0    0.54717    0  158          -    0.54717      -     -    0s
     0     0    0.55417    0  153          -    0.55417      -     -    0s
     0     0    0.55480    0  159          -    0.55480      -     -    0s
     0     0    0.56023    0  158          -    0.56023      -     -    0s
     0     0    0.56138    0  161          -    0.56138      -     -    0s
     0     0    0.56300    0  157          -    0.56300      -     -    1s
     0     0    0.56355    0  155          -    0.56355      -     -    1s
     0     0    0.56386    0  154          -    0.56386      -     -    1s
     0     0    0.56391    0  152          -    0.56391      -     -    1s
     0     0    0.56395    0  152          -    0.56395      -     -    1s
     0     0    0.56395    0  158          -    0.56395      -     -    1s
     0     0    0.56399    0  151          -    0.56399      -     -    1s
     0     0    0.56401    0  157          -    0.56401      -     -    1s
     0     0    0.56409    0  162          -    0.56409      -     -    1s
     0     0    0.56417    0  162          -    0.56417      -     -    1s
     0     0    0.56417    0  161          -    0.56417      -     -    1s
     0     2    0.56419    0  161          -    0.56419      -     -    2s
     1     3    0.56641    1  153          -    0.56641      -   131    2s
   341   233 infeasible   15               -    0.59569      -   104    5s
   733   418    0.65835   12  158          -    0.60845      -  88.9   10s
   786   435    0.60845   16  152          -    0.60845      -   105   16s
   914   417    0.65503   22  117          -    0.60845      -   112   20s

Cutting planes:
  Learned: 2
  Gomory: 13
  Cover: 22
  Implied bound: 38
  Projected implied bound: 3
  Clique: 1
  MIR: 50
  StrongCG: 5
  Flow cover: 38
  GUB cover: 1
  Zero half: 3
  Network: 4
  RLT: 2
  Relax-and-lift: 9

Explored 1102 nodes (141919 simplex iterations) in 23.93 seconds (43.19 work units)
Most recent optimization runtime was 23.59 seconds (42.63 work units)
Thread count was 1 (of 20 available processors)

Solution count 0

Model is infeasible
Best objective -, best bound -, gap -

User-callback calls 10700, time in user-callback 0.01 sec
