
Gurobi 13.0.2 (win64) logging started Sun Aug  9 13:08:40 2026

Set parameter LogFile to value "E:\codes\ExactEBRP\results\gf_simple_start_qualification_round35\runs\matrix1800__high_imbalance_seed3202__c6_simple_start__1800s\native.log"
Set parameter Threads to value 1
Set parameter Presolve to value -1
Set parameter Seed to value 0
Set parameter MIPGap to value 0
Set parameter MIPGapAbs to value 0
Warning: unknown variable 'r_max' in bounds section (line 13930)
Warning: unknown variable 'r_min' in bounds section (line 13931)
Read LP format model from file E:\codes\ExactEBRP\results\gf_simple_start_qualification_round35\runs\matrix1800__high_imbalance_seed3202__c6_simple_start__1800s\external\models\L0.lp
Reading time = 0.02 seconds
obj: 11895 rows, 3372 columns, 67084 nonzeros
Set parameter TimeLimit to value 1784.8749097
Warning: unknown variable 'r_max' in bounds section (line 13930)
Warning: unknown variable 'r_min' in bounds section (line 13931)
Read LP format model from file E:\codes\ExactEBRP\results\gf_simple_start_qualification_round35\runs\matrix1800__high_imbalance_seed3202__c6_simple_start__1800s\external\models\L1.lp
Reading time = 0.02 seconds
obj: 11895 rows, 3372 columns, 67322 nonzeros
Set parameter TimeLimit to value 1784.6791134
Warning: unknown variable 'r_max' in bounds section (line 13930)
Warning: unknown variable 'r_min' in bounds section (line 13931)
Read LP format model from file E:\codes\ExactEBRP\results\gf_simple_start_qualification_round35\runs\matrix1800__high_imbalance_seed3202__c6_simple_start__1800s\external\models\L2.lp
Reading time = 0.02 seconds
obj: 11895 rows, 3372 columns, 67322 nonzeros
Set parameter TimeLimit to value 1784.2586737
Warning: unknown variable 'r_max' in bounds section (line 13930)
Warning: unknown variable 'r_min' in bounds section (line 13931)
Read LP format model from file E:\codes\ExactEBRP\results\gf_simple_start_qualification_round35\runs\matrix1800__high_imbalance_seed3202__c6_simple_start__1800s\external\models\L3.lp
Reading time = 0.02 seconds
obj: 11895 rows, 3372 columns, 66942 nonzeros
Set parameter TimeLimit to value 1783.9047365
Warning: unknown variable 'r_max' in bounds section (line 13930)
Warning: unknown variable 'r_min' in bounds section (line 13931)
Read LP format model from file E:\codes\ExactEBRP\results\gf_simple_start_qualification_round35\runs\matrix1800__high_imbalance_seed3202__c6_simple_start__1800s\external\models\L2.0.lp
Reading time = 0.02 seconds
obj: 11895 rows, 3372 columns, 67322 nonzeros
Set parameter TimeLimit to value 1781.433632
Warning: unknown variable 'r_max' in bounds section (line 13930)
Warning: unknown variable 'r_min' in bounds section (line 13931)
Read LP format model from file E:\codes\ExactEBRP\results\gf_simple_start_qualification_round35\runs\matrix1800__high_imbalance_seed3202__c6_simple_start__1800s\external\models\L2.1.lp
Reading time = 0.02 seconds
obj: 11895 rows, 3372 columns, 67322 nonzeros
Set parameter TimeLimit to value 1781.0590119
