
Gurobi 13.0.2 (win64) logging started Sun Aug  9 21:39:03 2026

Set parameter LogFile to value "E:\codes\ExactEBRP\results\gf_simple_start_qualification_round35\runs\matrix1800__round32_multi_m_tight_T_V20_M2_seed89001413__c6_simple_start__1800s\external\native_logs\L0_lp.gurobi.log"
Gurobi Optimizer version 13.0.2 build v13.0.2rc1 (win64 - Windows 10.0 (19045.2))

CPU model: 12th Gen Intel(R) Core(TM) i7-12700KF, instruction set [SSE2|AVX|AVX2]
Thread count: 12 physical cores, 20 logical processors, using up to 1 threads

Non-default parameters:
TimeLimit  1784.8870462
MIPGap  0
MIPGapAbs  0
LogToConsole  0
Threads  1

Optimize a model with 8720 rows, 2418 columns and 50382 nonzeros (Min)
Model fingerprint: 0x087f12f9
Model has 21 linear objective coefficients
Coefficient statistics:
  Matrix range     [7e-03, 1e+04]
  Objective range  [7e-03, 1e+00]
  Bounds range     [1e-01, 5e+02]
  RHS range        [1e-01, 4e+04]

Presolve removed 916 rows and 95 columns
Presolve time: 0.03s
Presolved: 7804 rows, 2324 columns, 46926 nonzeros

Iteration    Objective       Primal Inf.    Dual Inf.      Time
       0    1.4848751e-02   3.726149e+02   0.000000e+00      0s
Warning: very big Kappa = 2.27808e+13, try parameter NumericFocus

Solved in 982 iterations and 0.08 seconds (0.21 work units)
Infeasible model

User-callback calls 1125, time in user-callback 0.00 sec
