
Gurobi 13.0.2 (win64) logging started Sun Aug  9 21:39:03 2026

Set parameter LogFile to value "E:\codes\ExactEBRP\results\gf_simple_start_qualification_round35\runs\matrix1800__round32_multi_m_tight_T_V20_M2_seed89001413__c6_simple_start__1800s\external\native_logs\L1_lp.gurobi.log"
Gurobi Optimizer version 13.0.2 build v13.0.2rc1 (win64 - Windows 10.0 (19045.2))

CPU model: 12th Gen Intel(R) Core(TM) i7-12700KF, instruction set [SSE2|AVX|AVX2]
Thread count: 12 physical cores, 20 logical processors, using up to 1 threads

Non-default parameters:
TimeLimit  1784.6799371
MIPGap  0
MIPGapAbs  0
LogToConsole  0
Threads  1

Optimize a model with 8720 rows, 2418 columns and 50626 nonzeros (Min)
Model fingerprint: 0x1f79ca15
Model has 21 linear objective coefficients
Coefficient statistics:
  Matrix range     [7e-03, 1e+04]
  Objective range  [7e-03, 1e+00]
  Bounds range     [1e-01, 4e+02]
  RHS range        [1e-01, 4e+04]

Presolve removed 732 rows and 86 columns
Presolve time: 0.03s
Presolved: 7988 rows, 2333 columns, 46845 nonzeros

Iteration    Objective       Primal Inf.    Dual Inf.      Time
       0    1.2031323e-01   3.611961e+02   0.000000e+00      0s

Extra simplex iterations after uncrush: 16
    2217    1.6848400e-01   0.000000e+00   0.000000e+00      0s

Solved in 2217 iterations and 0.12 seconds (0.34 work units)
Optimal objective  1.684839987e-01

User-callback calls 2366, time in user-callback 0.00 sec
