
Gurobi 13.0.2 (win64) logging started Sun Aug  9 21:39:05 2026

Set parameter LogFile to value "E:\codes\ExactEBRP\results\gf_simple_start_qualification_round35\runs\matrix1800__round32_multi_m_tight_T_V20_M2_seed89001413__c6_simple_start__1800s\external\native_logs\L1_terminal_mip.gurobi.log"
Gurobi Optimizer version 13.0.2 build v13.0.2rc1 (win64 - Windows 10.0 (19045.2))

CPU model: 12th Gen Intel(R) Core(TM) i7-12700KF, instruction set [SSE2|AVX|AVX2]
Thread count: 12 physical cores, 20 logical processors, using up to 1 threads

Non-default parameters:
TimeLimit  1782.950491
MIPGap  0
MIPGapAbs  0
LogToConsole  0
Threads  1

Optimize a model with 8720 rows, 2418 columns and 50626 nonzeros (Min)
Model fingerprint: 0x327d4f2a
Model has 21 linear objective coefficients
Variable types: 1246 continuous, 1172 integer (1032 binary)
Coefficient statistics:
  Matrix range     [7e-03, 1e+04]
  Objective range  [7e-03, 1e+00]
  Bounds range     [1e-01, 4e+02]
  RHS range        [1e-01, 4e+04]

Presolved: 7646 rows, 2325 columns, 50231 nonzeros

Continuing optimization...

     0     0    0.24291    0  217          -    0.24291      -     -    1s
     0     0    0.24291    0  214          -    0.24291      -     -    1s
     0     0    0.24635    0  230          -    0.24635      -     -    1s
     0     0    0.26069    0  217          -    0.26069      -     -    1s
     0     0    0.26316    0  214          -    0.26316      -     -    1s
     0     0    0.27887    0  221          -    0.27887      -     -    2s
     0     0    0.27940    0  210          -    0.27940      -     -    2s
     0     0    0.28200    0  226          -    0.28200      -     -    2s
     0     0    0.28263    0  225          -    0.28263      -     -    2s
     0     0    0.28566    0  212          -    0.28566      -     -    2s
     0     0    0.28603    0  205          -    0.28603      -     -    2s
     0     0    0.28648    0  226          -    0.28648      -     -    3s
     0     0    0.28653    0  230          -    0.28653      -     -    3s
     0     0    0.28686    0  229          -    0.28686      -     -    3s
     0     0    0.28689    0  234          -    0.28689      -     -    3s
     0     0    0.28697    0  229          -    0.28697      -     -    4s
     0     0    0.28701    0  230          -    0.28701      -     -    4s
     0     0    0.28708    0  230          -    0.28708      -     -    4s
     0     0    0.28710    0  232          -    0.28710      -     -    4s
     0     0    0.28826    0  240          -    0.28826      -     -    4s
     0     0    0.28844    0  197          -    0.28844      -     -    4s
     0     0    0.28869    0  238          -    0.28869      -     -    4s
     0     0    0.28924    0  244          -    0.28924      -     -    5s
     0     0    0.29471    0  192          -    0.29471      -     -    5s
     0     0    0.29479    0  195          -    0.29479      -     -    5s
     0     0    0.29625    0  188          -    0.29625      -     -    5s
     0     0    0.29652    0  204          -    0.29652      -     -    5s
     0     0    0.29688    0  212          -    0.29688      -     -    6s
     0     0    0.29738    0  190          -    0.29738      -     -    6s
     0     0    0.29770    0  205          -    0.29770      -     -    6s
     0     0    0.29793    0  207          -    0.29793      -     -    6s
     0     0    0.29849    0  207          -    0.29849      -     -    6s
     0     0    0.29852    0  206          -    0.29852      -     -    6s
     0     0    0.30002    0  156          -    0.30002      -     -    7s
     0     0    0.30011    0  160          -    0.30011      -     -    7s
     0     0    0.30012    0  157          -    0.30012      -     -    7s
     0     0    0.30013    0  153          -    0.30013      -     -    7s
     0     0    0.30014    0  159          -    0.30014      -     -    7s
     0     0    0.30014    0  159          -    0.30014      -     -    7s
     0     0    0.30014    0  155          -    0.30014      -     -    7s
     0     2    0.30014    0  155          -    0.30014      -     -    8s
     1     3    0.30016    1  156          -    0.30014      -   324    8s
     7     9    0.30166    6  104          -    0.30014      -   191   10s
   412   354    0.33013   14  158          -    0.30292      -  78.3   15s
   591   469    0.38361  107  216          -    0.30534      -  96.5   20s
   603   477    0.32237   62  220          -    0.30534      -  94.6   25s
   612   485    0.30534   11  216          -    0.30534      -   113   30s
   634   494    0.31658   22  125          -    0.30578      -   119   35s
   706   487    0.39257   18  131          -    0.30590      -   128   40s
   770   497    0.32777   23   88          -    0.30716      -   134   45s
   894   506    0.37608   21  173          -    0.31058      -   145   52s
   942   498    0.33090   20  123          -    0.31132      -   151   55s
  1102   508    0.34000   31  151          -    0.31424      -   154   60s
  1262   535    0.35571   25   62          -    0.31921      -   157   65s
  1455   567    0.33377   58   57          -    0.32252      -   158   70s
  1616   593    0.38393   16  188          -    0.32366      -   157   75s
  1742   601    0.34673   26  100          -    0.32471      -   156   83s
  1806   622 infeasible   62               -    0.32476      -   155   85s
  1982   613    0.35537   24  188          -    0.32546      -   157   90s
  2176   654 infeasible   34               -    0.32636      -   159   95s
  2393   754    0.34137   21  118          -    0.32718      -   157  100s
  2572   802    0.34560   27  125          -    0.32769      -   159  105s
  2762   866    0.32888   24  175          -    0.32811      -   158  110s
  2952   904    0.39851   23  133          -    0.32858      -   159  115s
  3045   916    0.33098   38  128          -    0.32890      -   160  120s
  3247   968    0.33830   20  208          -    0.32952      -   160  125s
  3445  1002    0.33495   41   62          -    0.32996      -   160  130s
  3657   982    0.33547   27  127          -    0.33067      -   162  135s
  3757  1005    0.34512   25   77          -    0.33081      -   162  141s
  3858  1051    0.34107   32  150          -    0.33090      -   161  145s
  4120  1090    0.33342   34   56          -    0.33138      -   160  150s
  4394  1105    0.35154   25  131          -    0.33194      -   159  155s
  4636  1113    0.34349   29  100          -    0.33259      -   158  160s
  4851  1112    0.33398   39   64          -    0.33296      -   159  165s
  4926  1127    0.34064   33   70          -    0.33298      -   159  170s
  5108  1082    0.33544   44   76          -    0.33336      -   160  175s
  5319  1100    0.33391   51   63          -    0.33371      -   162  180s
  5474  1061 infeasible   20               -    0.33403      -   162  185s
  5764  1079    0.33721   26  116          -    0.33440      -   162  190s
  6070  1117 infeasible   53               -    0.33479      -   162  195s
  6183  1102    0.34505   33  152          -    0.33504      -   162  202s
  6351  1062    0.37187   20  141          -    0.33552      -   163  205s
  6529  1014 infeasible   33               -    0.33600      -   163  210s
  6803   990 infeasible   31               -    0.33669      -   164  215s
  7043   976 infeasible   60               -    0.33711      -   164  220s
  7212   981 infeasible   28               -    0.33746      -   164  225s
  7458   941    0.35064   30   80          -    0.33806      -   164  230s
  7710   894    0.37222   29  107          -    0.33892      -   165  235s
  7873   871    0.35489   33   93          -    0.33963      -   165  241s
  7926   858 infeasible   15               -    0.33986      -   165  245s
  8154   793 infeasible   33               -    0.34084      -   166  250s
  8303   730    0.35610   23  136          -    0.34164      -   166  255s
  8328   723    0.35200   31   50          -    0.34174      -   166  262s
  8390   687 infeasible   29               -    0.34213      -   167  265s
  8628   597    0.34458   30  156          -    0.34348      -   168  270s
  8837   512    0.35806   19  209          -    0.34633      -   168  275s
  9026   417    0.35725   33  163          -    0.35049      -   168  280s
  9283   282 infeasible   22               -    0.35976      -   168  285s
  9411   208 infeasible   19               -    0.36809      -   168  290s
  9665    70 infeasible   26               -    0.39567      -   168  295s

Cutting planes:
  Learned: 11
  Gomory: 3
  Cover: 36
  Implied bound: 70
  Projected implied bound: 6
  Clique: 6
  MIR: 173
  StrongCG: 7
  Flow cover: 117
  GUB cover: 1
  Zero half: 13
  Network: 6
  RLT: 9
  Relax-and-lift: 30
  BQP: 3

Explored 9738 nodes (1649773 simplex iterations) in 295.80 seconds (508.99 work units)
Most recent optimization runtime was 294.94 seconds (507.72 work units)
Thread count was 1 (of 20 available processors)

Solution count 0

Model is infeasible
Best objective -, best bound -, gap -

User-callback calls 110551, time in user-callback 0.05 sec
