
Gurobi 13.0.2 (win64) logging started Sun Aug  9 21:44:04 2026

Set parameter LogFile to value "E:\codes\ExactEBRP\results\gf_simple_start_qualification_round35\runs\matrix1800__round32_multi_m_tight_T_V20_M2_seed89001413__c6_simple_start__1800s\external\native_logs\L2.1_lp.gurobi.log"
Gurobi Optimizer version 13.0.2 build v13.0.2rc1 (win64 - Windows 10.0 (19045.2))

CPU model: 12th Gen Intel(R) Core(TM) i7-12700KF, instruction set [SSE2|AVX|AVX2]
Thread count: 12 physical cores, 20 logical processors, using up to 1 threads

Non-default parameters:
TimeLimit  1483.962253
MIPGap  0
MIPGapAbs  0
LogToConsole  0
Threads  1

Optimize a model with 8721 rows, 2418 columns and 50630 nonzeros (Min)
Model fingerprint: 0x0586e0b3
Model has 21 linear objective coefficients
Coefficient statistics:
  Matrix range     [7e-03, 1e+04]
  Objective range  [7e-03, 1e+00]
  Bounds range     [3e-01, 3e+02]
  RHS range        [1e-01, 4e+04]

Presolve removed 822 rows and 86 columns
Presolve time: 0.02s
Presolved: 7899 rows, 2333 columns, 45087 nonzeros

Iteration    Objective       Primal Inf.    Dual Inf.      Time
       0    2.7850995e-01   3.431872e+02   0.000000e+00      0s

Extra simplex iterations after uncrush: 22
    2525    3.2277210e-01   0.000000e+00   0.000000e+00      0s

Solved in 2525 iterations and 0.12 seconds (0.34 work units)
Optimal objective  3.227721017e-01

User-callback calls 2674, time in user-callback 0.00 sec
