
Gurobi 13.0.2 (win64) logging started Fri Aug  7 22:14:53 2026

Set parameter LogFile to value "E:\codes\ExactEBRP\results\gf_v10_convergence_round33\runs\stage2__V12_M2__c6_frozen__3600s\native.log"
Set parameter Threads to value 1
Set parameter Presolve to value -1
Set parameter Seed to value 0
Set parameter MIPGap to value 0
Set parameter MIPGapAbs to value 0
Warning: unknown variable 'r_max' in bounds section (line 12040)
Warning: unknown variable 'r_min' in bounds section (line 12041)
Read LP format model from file E:\codes\ExactEBRP\results\gf_v10_convergence_round33\runs\stage2__V12_M2__c6_frozen__3600s\external\models\L0.lp
Reading time = 0.03 seconds
obj: 11351 rows, 1034 columns, 113440 nonzeros
Set parameter TimeLimit to value 3577.9631195
Warning: unknown variable 'r_max' in bounds section (line 12040)
Warning: unknown variable 'r_min' in bounds section (line 12041)
Read LP format model from file E:\codes\ExactEBRP\results\gf_v10_convergence_round33\runs\stage2__V12_M2__c6_frozen__3600s\external\models\L1.lp
Reading time = 0.03 seconds
obj: 11351 rows, 1034 columns, 113600 nonzeros
Set parameter TimeLimit to value 3577.6701107
Warning: unknown variable 'r_max' in bounds section (line 12040)
Warning: unknown variable 'r_min' in bounds section (line 12041)
Read LP format model from file E:\codes\ExactEBRP\results\gf_v10_convergence_round33\runs\stage2__V12_M2__c6_frozen__3600s\external\models\L2.lp
Reading time = 0.03 seconds
obj: 11351 rows, 1034 columns, 113600 nonzeros
Set parameter TimeLimit to value 3577.3632667
Warning: unknown variable 'r_max' in bounds section (line 12040)
Warning: unknown variable 'r_min' in bounds section (line 12041)
Read LP format model from file E:\codes\ExactEBRP\results\gf_v10_convergence_round33\runs\stage2__V12_M2__c6_frozen__3600s\external\models\L3.lp
Reading time = 0.03 seconds
obj: 11351 rows, 1034 columns, 113600 nonzeros
Set parameter TimeLimit to value 3577.0952987
Warning: unknown variable 'r_max' in bounds section (line 12040)
Warning: unknown variable 'r_min' in bounds section (line 12041)
Read LP format model from file E:\codes\ExactEBRP\results\gf_v10_convergence_round33\runs\stage2__V12_M2__c6_frozen__3600s\external\models\L2.0.lp
Reading time = 0.03 seconds
obj: 11351 rows, 1034 columns, 113600 nonzeros
Set parameter TimeLimit to value 3576.8358014
Warning: unknown variable 'r_max' in bounds section (line 12040)
Warning: unknown variable 'r_min' in bounds section (line 12041)
Read LP format model from file E:\codes\ExactEBRP\results\gf_v10_convergence_round33\runs\stage2__V12_M2__c6_frozen__3600s\external\models\L2.1.lp
Reading time = 0.03 seconds
obj: 11351 rows, 1034 columns, 113600 nonzeros
Set parameter TimeLimit to value 3576.557071
Warning: unknown variable 'r_max' in bounds section (line 12040)
Warning: unknown variable 'r_min' in bounds section (line 12041)
Read LP format model from file E:\codes\ExactEBRP\results\gf_v10_convergence_round33\runs\stage2__V12_M2__c6_frozen__3600s\external\models\L2.0.0.lp
Reading time = 0.03 seconds
obj: 11351 rows, 1034 columns, 113600 nonzeros
Set parameter TimeLimit to value 3572.9196864
Warning: unknown variable 'r_max' in bounds section (line 12040)
Warning: unknown variable 'r_min' in bounds section (line 12041)
Read LP format model from file E:\codes\ExactEBRP\results\gf_v10_convergence_round33\runs\stage2__V12_M2__c6_frozen__3600s\external\models\L2.0.1.lp
Reading time = 0.03 seconds
obj: 11351 rows, 1034 columns, 113600 nonzeros
Set parameter TimeLimit to value 3572.5059156
Warning: unknown variable 'r_max' in bounds section (line 12040)
Warning: unknown variable 'r_min' in bounds section (line 12041)
Read LP format model from file E:\codes\ExactEBRP\results\gf_v10_convergence_round33\runs\stage2__V12_M2__c6_frozen__3600s\external\models\L2.1.0.lp
Reading time = 0.03 seconds
obj: 11351 rows, 1034 columns, 113600 nonzeros
Set parameter TimeLimit to value 3570.145754
Warning: unknown variable 'r_max' in bounds section (line 12040)
Warning: unknown variable 'r_min' in bounds section (line 12041)
Read LP format model from file E:\codes\ExactEBRP\results\gf_v10_convergence_round33\runs\stage2__V12_M2__c6_frozen__3600s\external\models\L2.1.1.lp
Reading time = 0.03 seconds
obj: 11351 rows, 1034 columns, 113600 nonzeros
Set parameter TimeLimit to value 3569.8572477
Warning: unknown variable 'r_max' in bounds section (line 12040)
Warning: unknown variable 'r_min' in bounds section (line 12041)
Read LP format model from file E:\codes\ExactEBRP\results\gf_v10_convergence_round33\runs\stage2__V12_M2__c6_frozen__3600s\external\models\L2.0.1.0.lp
Reading time = 0.03 seconds
obj: 11351 rows, 1034 columns, 113600 nonzeros
Set parameter TimeLimit to value 3475.5394463
Warning: unknown variable 'r_max' in bounds section (line 12040)
Warning: unknown variable 'r_min' in bounds section (line 12041)
Read LP format model from file E:\codes\ExactEBRP\results\gf_v10_convergence_round33\runs\stage2__V12_M2__c6_frozen__3600s\external\models\L2.0.1.1.lp
Reading time = 0.03 seconds
obj: 11351 rows, 1034 columns, 113600 nonzeros
Set parameter TimeLimit to value 3475.2769336
