
Gurobi 13.0.2 (win64) logging started Sat Aug  8 14:55:31 2026

Set parameter LogFile to value "E:\codes\ExactEBRP\results\gf_c6_documentation_hga_round34\runs\v10__round33_v10_tight_T_M3_Q20_seed284843780__c6_hga_light__3600s\external\native_logs\L1.1.1_lp.gurobi.log"
Gurobi Optimizer version 13.0.2 build v13.0.2rc1 (win64 - Windows 10.0 (19045.2))

CPU model: 12th Gen Intel(R) Core(TM) i7-12700KF, instruction set [SSE2|AVX|AVX2]
Thread count: 12 physical cores, 20 logical processors, using up to 1 threads

Non-default parameters:
TimeLimit  3582.1050674
MIPGap  0
MIPGapAbs  0
LogToConsole  0
Threads  1

Optimize a model with 6001 rows, 1043 columns and 44301 nonzeros (Min)
Model fingerprint: 0x9e5626bb
Model has 11 linear objective coefficients
Coefficient statistics:
  Matrix range     [1e-02, 1e+05]
  Objective range  [1e-02, 1e+00]
  Bounds range     [4e-01, 3e+02]
  RHS range        [4e-01, 1e+06]

Presolve removed 346 rows and 53 columns
Presolve time: 0.02s
Presolved: 5655 rows, 991 columns, 42599 nonzeros

Iteration    Objective       Primal Inf.    Dual Inf.      Time
       0    1.2089954e+00   1.428104e+02   0.000000e+00      0s

Extra simplex iterations after uncrush: 39
    1072    1.2092126e+00   0.000000e+00   0.000000e+00      0s

Solved in 1072 iterations and 0.06 seconds (0.19 work units)
Optimal objective  1.209212609e+00

User-callback calls 1219, time in user-callback 0.00 sec
