
Gurobi 13.0.2 (win64) logging started Sat Jul 25 03:10:27 2026

Set parameter LogFile to value "E:\codes\ExactEBRP\results\gf_nonblocking_gurobi_c6_round31\runs\stage5__high_imbalance_seed6202__c6_candidate__rep1__300s\external\native_logs\L2_terminal_mip.gurobi.log"
Gurobi Optimizer version 13.0.2 build v13.0.2rc1 (win64 - Windows 10.0 (19045.2))

CPU model: 12th Gen Intel(R) Core(TM) i7-12700KF, instruction set [SSE2|AVX|AVX2]
Thread count: 12 physical cores, 20 logical processors, using up to 1 threads

Non-default parameters:
TimeLimit  215.6865999
MIPGap  0
MIPGapAbs  0
LogToConsole  0
Threads  1

Optimize a model with 93009 rows, 18187 columns and 665803 nonzeros (Min)
Model fingerprint: 0x7eb3fb38
Model has 51 linear objective coefficients
Variable types: 9458 continuous, 8729 integer (8229 binary)
Coefficient statistics:
  Matrix range     [1e-02, 2e+04]
  Objective range  [1e-02, 1e+00]
  Bounds range     [5e-01, 5e+04]
  RHS range        [5e-01, 1e+05]

Presolved: 76506 rows, 18026 columns, 525650 nonzeros

Continuing optimization...

     0     0    7.78506    0  437          -    7.78506      -     -   23s
     0     0    7.78506    0  432          -    7.78506      -     -   23s
     0     0    7.78750    0  399          -    7.78750      -     -   25s
     0     0    7.95866    0  417          -    7.95866      -     -   27s
     0     0    8.27038    0  355          -    8.27038      -     -   29s
     0     0    8.41684    0  388          -    8.41684      -     -   31s
     0     0    8.47335    0  312          -    8.47335      -     -   33s
     0     0    8.48029    0  465          -    8.48029      -     -   33s
     0     0    8.49008    0  363          -    8.49008      -     -   33s
     0     0    8.51366    0  302          -    8.51366      -     -   34s
     0     0    8.51618    0  349          -    8.51618      -     -   34s
     0     0    8.51635    0  334          -    8.51635      -     -   34s
     0     0    8.51639    0  334          -    8.51639      -     -   34s
     0     0    8.55977    0  295          -    8.55977      -     -   35s
     0     0    8.57376    0  298          -    8.57376      -     -   37s
     0     0    8.57437    0  327          -    8.57437      -     -   37s
     0     0    8.57470    0  366          -    8.57470      -     -   37s
     0     0    8.57473    0  348          -    8.57473      -     -   38s
     0     0    8.58834    0  310          -    8.58834      -     -   39s
     0     0    8.58994    0  313          -    8.58994      -     -   54s
     0     0    8.59025    0  322          -    8.59025      -     -   54s
     0     0    8.59026    0  315          -    8.59026      -     -   54s
     0     0    8.62138    0  326          -    8.62138      -     -   55s
     0     0    8.62298    0  307          -    8.62298      -     -   57s
     0     0    8.62330    0  331          -    8.62330      -     -   57s
     0     0    8.62333    0  348          -    8.62333      -     -   57s
     0     0    8.64397    0  288          -    8.64397      -     -   59s
     0     0    8.65322    0  373          -    8.65322      -     -   60s
     0     0    8.65498    0  338          -    8.65498      -     -   61s
     0     0    8.65530    0  355          -    8.65530      -     -   61s
     0     0    8.65531    0  325          -    8.65531      -     -   61s
     0     0    8.66737    0  366          -    8.66737      -     -   62s
     0     0    8.66872    0  410          -    8.66872      -     -   66s
     0     0    8.66940    0  337          -    8.66940      -     -   66s
     0     0    8.67007    0  387          -    8.67007      -     -   66s
     0     0    8.67039    0  368          -    8.67039      -     -   66s
     0     0    8.67046    0  370          -    8.67046      -     -   67s
     0     0    8.67690    0  381          -    8.67690      -     -   68s
     0     0    8.67733    0  438          -    8.67733      -     -   69s
     0     0    8.67747    0  414          -    8.67747      -     -   70s
     0     0    8.67980    0  470          -    8.67980      -     -   71s
     0     0    8.68024    0  376          -    8.68024      -     -   74s
     0     0    8.68048    0  382          -    8.68048      -     -   74s
     0     0    8.68055    0  400          -    8.68055      -     -   74s
     0     0    8.68146    0  509          -    8.68146      -     -   75s
     0     0    8.68171    0  396          -    8.68171      -     -   77s
     0     0    8.68180    0  402          -    8.68180      -     -   77s
     0     0    8.68573    0  398          -    8.68573      -     -   78s
     0     0    8.68598    0  514          -    8.68598      -     -   85s
     0     0    8.68601    0  416          -    8.68601      -     -   85s
     0     0    8.68689    0  486          -    8.68689      -     -   86s
     0     0    8.68710    0  388          -    8.68710      -     -   87s
     0     0    8.68715    0  529          -    8.68715      -     -   88s
     0     0    8.68754    0  421          -    8.68754      -     -   89s
     0     0    8.68767    0  418          -    8.68767      -     -   96s
     0     0    8.68819    0  407          -    8.68819      -     -   97s
     0     0    8.68819    0  406          -    8.68819      -     -   98s
     0     0    8.68819    0  399          -    8.68819      -     -   98s
     0     2    8.68819    0  399          -    8.68819      -     -  112s
     1     3    8.72296    1  337          -    8.68830      -   690  113s
H    2     2                       9.8152461    8.68830  11.5%   345  115s
H    2     2                       9.8143393    8.68830  11.5%   345  115s
H    2     2                       9.8139106    8.68830  11.5%   345  115s
     9    11    8.77482    5  321    9.81391    8.77048  10.6%   778  120s
    19    20    8.85915   10  364    9.81391    8.77048  10.6%   745  125s
    46    46    9.31145   32  329    9.81391    8.77048  10.6%   438  130s
    88    83    9.11097   63  365    9.81391    8.77048  10.6%   304  135s
   128   118    9.66504   92  393    9.81391    8.77048  10.6%   260  140s
   146   132    9.04091   13  355    9.81391    8.77084  10.6%   275  145s
   188   171    9.33782   48  306    9.81391    8.77084  10.6%   251  150s
   229   211    9.50940   81  345    9.81391    8.77084  10.6%   238  155s
   274   256    9.68485  120  367    9.81391    8.77084  10.6%   230  160s
   290   263 infeasible  130         9.81391    8.77084  10.6%   261  165s
   310   283    9.70599  149  324    9.81391    8.77084  10.6%   287  170s
   331   298    9.71168  165  298    9.81391    8.77084  10.6%   309  175s
   351   306    9.39013    8  337    9.81391    8.77214  10.6%   322  180s
   372   327    9.53034   24  336    9.81391    8.77214  10.6%   324  185s
   426   372    9.68954   65  217    9.81391    8.77214  10.6%   306  190s
   450   378    9.76436    9  389    9.81391    8.78885  10.4%   313  195s
   468   378    8.95049    5  343    9.81391    8.78898  10.4%   327  200s
   488   398    9.43819   21  317    9.81391    8.78898  10.4%   331  205s
   517   421 infeasible   41         9.81391    8.78898  10.4%   333  210s
   546   446 infeasible   63         9.81391    8.78898  10.4%   332  215s
   560   448 infeasible    8         9.81391    8.79681  10.4%   341  220s
   571   457    9.76191   17  343    9.81391    8.79681  10.4%   351  225s
   584   462    9.57800    8  351    9.81391    8.79683  10.4%   357  230s

Cutting planes:
  Learned: 32
  Gomory: 3
  Cover: 140
  Implied bound: 538
  Clique: 30
  MIR: 1187
  StrongCG: 27
  Flow cover: 589
  GUB cover: 4
  Inf proof: 1
  Zero half: 12
  Mod-K: 1
  Network: 38
  RLT: 12
  Relax-and-lift: 185
  BQP: 1

Explored 586 nodes (267234 simplex iterations) in 231.04 seconds (624.27 work units)
Most recent optimization runtime was 215.69 seconds (588.67 work units)
Thread count was 1 (of 20 available processors)

Solution count 3: 9.81391 9.81434 9.81525 

Time limit reached
Best objective 9.813910592854e+00, best bound 8.796829406126e+00, gap 10.3637%

User-callback calls 23473, time in user-callback 0.01 sec
