
Gurobi 13.0.2 (win64) logging started Sat Oct  3 09:10:19 2026

Set parameter LogFile to value "E:\codes\ExactEBRP\results\unified_exact_round100\certification_CF01\raw\05_F5_M-B\external\native_logs\L0.0_terminal_mip.gurobi.log"
Set parameter TimeLimit to value 7036.8365298
Gurobi Optimizer version 13.0.2 build v13.0.2rc1 (win64 - Windows 10.0 (19045.2))

CPU model: 12th Gen Intel(R) Core(TM) i7-12700KF, instruction set [SSE2|AVX|AVX2]
Thread count: 12 physical cores, 20 logical processors, using up to 1 threads

Non-default parameters:
TimeLimit  7036.8365298
MIPGap  0
MIPGapAbs  0
LogToConsole  0
Threads  1

Optimize a model with 105516 rows, 26633 columns and 729774 nonzeros (Min)
Model fingerprint: 0xa32d2471
Model has 51 linear objective coefficients
Variable types: 13981 continuous, 12652 integer (12402 binary)
Coefficient statistics:
  Matrix range     [1e-02, 2e+04]
  Objective range  [4e-02, 1e+00]
  Bounds range     [2e-01, 3e+03]
  RHS range        [4e-01, 7e+04]

Loaded user MIP start with objective 0.384304
MIP start from previous solve did not produce a new incumbent solution

Presolve removed 19647 rows and 39 columns
Presolve time: 1.43s
Presolved: 85869 rows, 26594 columns, 912901 nonzeros
Variable types: 13931 continuous, 12663 integer (12402 binary)
Root relaxation presolved: 85668 rows, 26395 columns, 912461 nonzeros


Root simplex log...

Iteration    Objective       Primal Inf.    Dual Inf.      Time
   14537    2.4198633e-01   3.521460e+03   0.000000e+00      5s
   30041    2.5566279e-01   8.923665e+01   0.000000e+00     10s
   40763    2.4803774e-01   0.000000e+00   1.398129e+01     15s
   49373    2.4793969e-01   0.000000e+00   3.302362e+00     20s
   57563    2.4790053e-01   0.000000e+00   1.296795e-01     25s
   61024    2.4789730e-01   0.000000e+00   0.000000e+00     27s
   61024    2.4789730e-01   0.000000e+00   0.000000e+00     27s

Root relaxation: objective 2.478973e-01, 61024 iterations, 25.59 seconds (92.63 work units)

    Nodes    |    Current Node    |     Objective Bounds      |     Work
 Expl Unexpl |  Obj  Depth IntInf | Incumbent    BestBd   Gap | It/Node Time

     0     0    0.24790    0  576    0.38430    0.24790  35.5%     -   27s
     0     0    0.28141    0  391    0.38430    0.28141  26.8%     -   45s
     0     0    0.28142    0  345    0.38430    0.28142  26.8%     -   60s
     0     0    0.28143    0  415    0.38430    0.28143  26.8%     -   82s
     0     0    0.28144    0  407    0.38430    0.28144  26.8%     -   95s
     0     0    0.28144    0  483    0.38430    0.28144  26.8%     -  130s
     0     0    0.28144    0  421    0.38430    0.28144  26.8%     -  155s
     0     0    0.28144    0  448    0.38430    0.28144  26.8%     -  175s
     0     0    0.28144    0  510    0.38430    0.28144  26.8%     -  200s
     0     0    0.28144    0  511    0.38430    0.28144  26.8%     -  231s
     0     0    0.28144    0  509    0.38430    0.28144  26.8%     -  231s
     0     0    0.28144    0  509    0.38430    0.28144  26.8%     -  235s
     0     0    0.28144    0  502    0.38430    0.28144  26.8%     -  235s
     0     2    0.28144    0  501    0.38430    0.28144  26.8%     -  286s
     1     3    0.28144    1  502    0.38430    0.28144  26.8% 18767  298s
     2     4    0.28152    2  459    0.38430    0.28144  26.8% 10935  302s
     3     5    0.28144    2  408    0.38430    0.28144  26.8%  9648  306s
     5     7    0.28149    3  367    0.38430    0.28144  26.8%  7648  314s
     6     8    0.28149    4  383    0.38430    0.28144  26.8%  9256  328s
     7     9    0.28149    5  329    0.38430    0.28144  26.8%  8715  332s
     8    10    0.28149    6  309    0.38430    0.28144  26.8%  8210  351s
     9    11    0.28149    7  521    0.38430    0.28144  26.8% 10644  377s
    10    12    0.28149    7  319    0.38430    0.28144  26.8% 12271  396s
    11    13    0.28149    8  385    0.38430    0.28144  26.8% 13499  410s
H   12    12                       0.3843041    0.28144  26.8% 12374  454s
    12    14    0.28149    9  310    0.38430    0.28144  26.8% 12657  467s
    14    16    0.28149   11  423    0.38430    0.28144  26.8% 11999  479s
    15    17    0.28149   11  319    0.38430    0.28144  26.8% 11827  484s
    16    18    0.28149   12  452    0.38430    0.28144  26.8% 11692  492s
    17    19    0.28149   13  380    0.38430    0.28144  26.8% 11705  500s
    18    20    0.28149   13  413    0.38430    0.28144  26.8% 13041  516s
    19    21    0.28149   14  424    0.38430    0.28144  26.8% 12657  520s
    20    22    0.28149   15  346    0.38430    0.28144  26.8% 12114  525s
    21    23    0.28149   15  388    0.38430    0.28144  26.8% 12059  532s
    22    24    0.28149   16  320    0.38430    0.28144  26.8% 11737  550s
    23    25    0.28149   16  326    0.38430    0.28144  26.8% 11447  562s
    24    26    0.28149   17  289    0.38430    0.28144  26.8% 11035  565s
    25    27    0.28149   17  446    0.38430    0.28144  26.8% 11532  582s
    26    28    0.28149   18  305    0.38430    0.28144  26.8% 11550  587s
    27    29    0.28149   18  337    0.38430    0.28144  26.8% 11598  596s
    28    30    0.28149   19  267    0.38430    0.28144  26.8% 11312  601s
    30    32    0.28149   20  480    0.38430    0.28144  26.8% 11258  617s
    32    34    0.28149   22  322    0.38430    0.28144  26.8% 11243  623s
    33    35    0.28149   22  364    0.38430    0.28144  26.8% 11452  629s
    34    36    0.28149   23  518    0.38430    0.28144  26.8% 11696  643s
    35    37    0.28149   23  340    0.38430    0.28144  26.8% 11723  651s
    36    38    0.28149   24  378    0.38430    0.28144  26.8% 11651  659s
    37    39    0.28149   24  456    0.38430    0.28144  26.8% 12133  678s
    38    40    0.28149   25  396    0.38430    0.28144  26.8% 12793  697s
H   39    39                       0.3843041    0.28144  26.8% 12465  710s
    39    41    0.28149   26  402    0.38430    0.28144  26.8% 12581  722s
    40    42    0.28160   26  570    0.38430    0.28144  26.8% 12906  751s
    41    43    0.28149   27  474    0.38430    0.28144  26.8% 12969  761s
    42    44    0.28149   28  417    0.38430    0.28144  26.8% 12820  769s
    43    45    0.28149   29  506    0.38430    0.28144  26.8% 12933  781s
    44    46    0.28149   29  385    0.38430    0.28144  26.8% 13185  805s
    45    47    0.28149   30  507    0.38430    0.28144  26.8% 13096  812s
    46    48    0.28149   31  426    0.38430    0.28144  26.8% 12907  816s
    47    49    0.28149   31  493    0.38430    0.28144  26.8% 13141  832s
    48    50    0.28149   32  451    0.38430    0.28144  26.8% 13645  850s
    49    51    0.28150   32  462    0.38430    0.28144  26.8% 13770  865s
    50    52    0.28149   33  423    0.38430    0.28144  26.8% 13717  874s
    51    53    0.28151   34  487    0.38430    0.28144  26.8% 13918  941s
    52    54    0.28168   35  548    0.38430    0.28144  26.8% 13812  949s
    53    55    0.28186   35  388    0.38430    0.28144  26.8% 13592  950s
    54    56    0.28184   36  558    0.38430    0.28144  26.8% 13507  958s
    56    58    0.28181   37  551    0.38430    0.28144  26.8% 13233  968s
    57    59    0.28208   37  518    0.38430    0.28144  26.8% 13156  974s
    58    60    0.28182   38  555    0.38430    0.28144  26.8% 12945  976s
    59    61    0.28182   39  526    0.38430    0.28144  26.8% 12882  983s
    60    62    0.28190   39  541    0.38430    0.28144  26.8% 12923  996s
    61    63    0.28191   40  568    0.38430    0.28144  26.8% 13366 1015s
    62    64    0.28221   40  534    0.38430    0.28144  26.8% 13421 1030s
    67    69    0.28191   45  567    0.38430    0.28144  26.8% 12476 1035s
    69    71    0.28234   47  560    0.38430    0.28144  26.8% 12350 1061s
    70    72    0.28194   47  508    0.38430    0.28144  26.8% 12338 1070s
    81    83    0.28196   58  514    0.38430    0.28144  26.8% 10746 1078s
    82    84    0.28197   59  509    0.38430    0.28144  26.8% 10673 1082s
    83    85    0.28237   59  494    0.38430    0.28144  26.8% 10614 1087s
    84    86    0.28234   60  514    0.38430    0.28144  26.8% 10621 1097s
    86    88    0.28242   61  528    0.38430    0.28144  26.8% 10424 1101s
    87    89    0.28322   61  489    0.38430    0.28144  26.8% 10371 1106s
   107   109    0.28253   81  501    0.38430    0.28144  26.8%  8444 1110s
   109   111    0.28258   83  523    0.38430    0.28144  26.8%  8346 1115s
   118   120    0.28276   92  510    0.38430    0.28144  26.8%  7745 1121s
   119   121    0.28279   93  511    0.38430    0.28144  26.8%  7732 1126s
   121   123    0.28283   95  537    0.38430    0.28144  26.8%  7683 1134s
   122   124    0.28284   96  512    0.38430    0.28144  26.8%  7634 1136s
   123   125    0.28287   97  493    0.38430    0.28144  26.8%  7615 1140s
H  124   124                       0.3843041    0.28144  26.8%  7554 1141s
H  124   124                       0.3843041    0.28144  26.8%  7554 1141s
   125   127    0.28291   99  490    0.38430    0.28144  26.8%  7555 1147s
   127   129    0.28295  101  522    0.38430    0.28144  26.8%  7522 1157s
   132   134    0.28304  106  515    0.38430    0.28144  26.8%  7263 1160s
   134   136    0.28307  108  518    0.38430    0.28144  26.8%  7203 1167s
   137   139    0.28314  111  501    0.38430    0.28144  26.8%  7085 1172s
   144   146    0.28325  118  517    0.38430    0.28144  26.8%  6792 1179s
   145   147    0.28328  119  512    0.38430    0.28144  26.8%  6773 1183s
   148   150    0.28332  122  488    0.38430    0.28144  26.8%  6643 1185s
   150   152    0.28423  124  506    0.38430    0.28144  26.8%  6598 1191s
   152   154    0.28854  125  504    0.38430    0.28144  26.8%  6589 1202s
   155   157    0.28494  128  529    0.38430    0.28144  26.8%  6496 1207s
   157   159    0.28530  130  507    0.38430    0.28144  26.8%  6427 1210s
   162   164    0.28568  135  482    0.38430    0.28144  26.8%  6249 1215s
   166   168    0.28573  138  516    0.38430    0.28144  26.8%  6129 1220s
   167   169    0.28654  139  511    0.38430    0.28144  26.8%  6130 1226s
   168   170    0.28965  139  519    0.38430    0.28144  26.8%  6156 1234s
   169   171    0.28700  140  512    0.38430    0.28144  26.8%  6135 1237s
   170   172    0.30075  140  514    0.38430    0.28144  26.8%  6119 1241s
   172   174    0.29703  141  497    0.38430    0.28144  26.8%  6085 1247s
   173   175    0.30836  142  512    0.38430    0.28144  26.8%  6078 1251s
   175   177    0.31599  143  516    0.38430    0.28144  26.8%  6070 1261s
   178   180    0.30442  144  524    0.38430    0.28144  26.8%  6035 1271s
   180   182    0.32057  145  494    0.38430    0.28144  26.8%  6031 1281s
   182   184    0.32942  146  496    0.38430    0.28144  26.8%  6018 1291s
   184   186    0.33827  147  492    0.38430    0.28144  26.8%  6026 1304s
   185   187    0.30591  148  505    0.38430    0.28144  26.8%  6002 1305s
   191   193    0.31687  154  503    0.38430    0.28144  26.8%  5830 1310s
   192   192 infeasible  154         0.38430    0.28144  26.8%  5926 1332s
   194   192 infeasible  155         0.38430    0.28144  26.8%  5969 1352s
   196   192 infeasible  156         0.38430    0.28144  26.8%  6051 1378s
   197   193    0.32375  157  529    0.38430    0.28144  26.8%  6030 1380s
   198   192 infeasible  157         0.38430    0.28144  26.8%  6103 1399s
H  199   191                       0.3843041    0.28144  26.8%  6072 1426s
   199   193    0.32375  158  529    0.38430    0.28144  26.8%  6072 1515s
   205   199    0.32827  162  487    0.38430    0.28144  26.8%  5945 1525s
   209   203    0.32406  165  466    0.38430    0.28144  26.8%  5848 1530s
   217   211    0.32432  170  503    0.38430    0.28144  26.8%  5655 1535s
   229   223    0.32654  180  491    0.38430    0.28144  26.8%  5384 1541s
   231   225    0.32484  182  510    0.38430    0.28144  26.8%  5354 1545s
   241   235    0.32538  191  527    0.38430    0.28144  26.8%  5149 1550s
   250   244    0.32676  199  494    0.38430    0.28144  26.8%  4984 1555s
   256   250    0.32682  203  489    0.38430    0.28144  26.8%  4883 1560s
   273   267    0.32834  220  486    0.38430    0.28144  26.8%  4594 1565s
   276   268    0.33109  221  466    0.38430    0.28144  26.8%  4567 1572s
   279   271    0.33139  223  510    0.38430    0.28144  26.8%  4533 1576s
   284   276    0.33196  227  477    0.38430    0.28144  26.8%  4470 1580s
   289   281    0.33428  231  450    0.38430    0.28144  26.8%  4410 1585s
   298   290    0.33540  237  481    0.38430    0.28144  26.8%  4291 1591s
   306   298    0.34677  245  484    0.38430    0.28144  26.8%  4198 1596s
   307   299    0.33856  245  488    0.38430    0.28144  26.8%  4200 1601s
   311   303    0.36932  247  442    0.38430    0.28144  26.8%  4172 1607s
   312   304    0.34809  248  481    0.38430    0.28144  26.8%  4173 1612s
   313   304    0.38062  248  481    0.38430    0.28144  26.8%  4172 1615s
   314   303 infeasible  249         0.38430    0.28144  26.8%  4208 1626s
   315   304    0.35436  249  480    0.38430    0.28144  26.8%  4207 1630s
   316   303 infeasible  250         0.38430    0.28144  26.8%  4245 1643s
   317   304    0.35829  250  479    0.38430    0.28144  26.8%  4237 1645s
   318   303 infeasible  251         0.38430    0.28144  26.8%  4290 1662s
   319   304    0.36224  251  480    0.38430    0.28144  26.8%  4287 1665s
   321   302 infeasible  252         0.38430    0.28144  26.8%  4287 1673s
   322   303    0.28168    1  482    0.38430    0.28149  26.8%  4415 1711s
   323   304    0.28169    2  382    0.38430    0.28149  26.8%  4461 1722s
   324   305    0.28170    3  369    0.38430    0.28149  26.8%  4458 1729s
   325   306    0.28170    4  375    0.38430    0.28149  26.8%  4461 1731s
   326   307    0.28170    5  372    0.38430    0.28149  26.8%  4451 1735s
   328   309    0.28178    6  414    0.38430    0.28149  26.8%  4503 1749s
   329   310    0.28186    7  360    0.38430    0.28149  26.8%  4506 1761s
   330   311    0.28185    7  391    0.38430    0.28149  26.8%  4525 1768s
   331   312    0.28186    8  400    0.38430    0.28149  26.8%  4542 1776s
   333   314    0.28186    9  389    0.38430    0.28149  26.8%  4548 1784s
   334   315    0.28186   10  342    0.38430    0.28149  26.8%  4541 1785s
   335   316    0.28186   11  372    0.38430    0.28149  26.8%  4544 1790s
   337   318    0.28186   13  356    0.38430    0.28149  26.8%  4535 1796s
   338   319    0.28209   14  442    0.38430    0.28149  26.8%  4584 1808s
H  339   318                       0.3839089    0.28149  26.7%  4571 1817s
H  339   318                       0.3839089    0.28149  26.7%  4571 1818s
H  339   318                       0.3839089    0.28149  26.7%  4571 1818s
   340   321    0.28209   15  436    0.38391    0.28149  26.7%  4630 1825s
   341   322    0.28209   16  344    0.38391    0.28149  26.7%  4641 1831s
   342   323    0.28216   16  485    0.38391    0.28149  26.7%  4664 1838s
   343   324    0.28209   17  396    0.38391    0.28149  26.7%  4674 1845s
   347   328    0.28209   21  375    0.38391    0.28149  26.7%  4637 1851s
   348   329    0.28209   21  378    0.38391    0.28149  26.7%  4670 1862s
   349   330    0.28209   22  515    0.38391    0.28149  26.7%  4674 1866s
H  350   329                       0.3838809    0.28149  26.7%  4661 1877s
   351   332    0.28209   23  402    0.38388    0.28149  26.7%  4716 1880s
   352   333    0.28209   24  406    0.38388    0.28149  26.7%  4717 1885s
   353   334    0.28209   24  445    0.38388    0.28149  26.7%  4727 1890s
   355   336    0.28210   25  422    0.38388    0.28149  26.7%  4726 1897s
   356   337    0.28209   26  420    0.38388    0.28149  26.7%  4726 1903s
   359   340    0.28209   29  404    0.38388    0.28149  26.7%  4694 1905s
   360   341    0.28209   30  421    0.38388    0.28149  26.7%  4694 1910s
   361   342    0.28209   30  445    0.38388    0.28149  26.7%  4742 1922s
   362   343    0.28209   31  425    0.38388    0.28149  26.7%  4737 1927s
   363   344    0.28211   31  450    0.38388    0.28149  26.7%  4739 1931s
   364   345    0.28209   32  481    0.38388    0.28149  26.7%  4751 1938s
   365   346    0.28209   32  460    0.38388    0.28149  26.7%  4758 1943s
H  366   345                       0.3838706    0.28149  26.7%  4745 1943s
H  366   345                       0.3838701    0.28149  26.7%  4745 1943s
   368   349    0.28209   35  483    0.38387    0.28149  26.7%  4747 1951s
   369   350    0.28213   36  494    0.38387    0.28149  26.7%  4751 1956s
   370   351    0.28209   36  462    0.38387    0.28149  26.7%  4748 1961s
   373   354    0.28210   39  486    0.38387    0.28149  26.7%  4724 1965s
   379   360    0.28211   45  483    0.38387    0.28149  26.7%  4649 1981s
   382   363    0.28220   48  481    0.38387    0.28149  26.7%  4613 2005s
   385   366    0.28276   50  497    0.38387    0.28149  26.7%  4650 2022s
H  387   366                       0.3838689    0.28149  26.7%  4629 2023s
   388   369    0.28288   53  408    0.38387    0.28149  26.7%  4629 2026s
   389   370    0.28288   54  408    0.38387    0.28149  26.7%  4625 2031s
H  396   375                       0.3818525    0.28149  26.3%  4546 2035s
H  396   374                       0.3773925    0.28149  25.4%  4546 2035s
H  396   374                       0.3766982    0.28149  25.3%  4546 2035s
H  396   374                       0.3764301    0.28149  25.2%  4546 2035s
H  396   374                       0.3763530    0.28149  25.2%  4546 2035s
H  396   374                       0.3759346    0.28149  25.1%  4546 2035s
H  396   374                       0.3757678    0.28149  25.1%  4546 2035s
   398   378    0.28502   61  426    0.37577    0.28149  25.1%  4581 2048s
   399   379    0.28364   62  443    0.37577    0.28149  25.1%  4614 2060s
   400   380    0.28290   62  469    0.37577    0.28149  25.1%  4628 2066s
H  401   379                       0.3748599    0.28149  24.9%  4616 2080s
H  401   379                       0.3748322    0.28149  24.9%  4616 2080s
   402   382    0.28325   63  432    0.37483    0.28149  24.9%  4719 2094s
   403   383    0.28307   64  442    0.37483    0.28149  24.9%  4708 2095s
   404   384    0.28307   65  442    0.37483    0.28149  24.9%  4696 2103s
   406   386    0.28402   66  429    0.37483    0.28149  24.9%  4721 2115s
   407   387    0.28369   67  428    0.37483    0.28149  24.9%  4738 2122s
   409   389    0.28337   68  419    0.37483    0.28149  24.9%  4765 2134s
   410   390    0.28311   68  444    0.37483    0.28149  24.9%  4753 2135s
   412   392    0.28328   69  431    0.37483    0.28149  24.9%  4759 2142s
   413   393    0.28365   70  370    0.37483    0.28149  24.9%  4760 2152s
   414   394    0.28325   70  435    0.37483    0.28149  24.9%  4774 2158s
   432   412    0.28328   88  447    0.37483    0.28149  24.9%  4632 2174s
H  433   411                       0.3746857    0.28149  24.9%  4621 2179s
   433   413    0.28329   89  460    0.37469    0.28149  24.9%  4621 2184s
   434   414    0.28378   90  407    0.37469    0.28149  24.9%  4620 2187s
   435   415    0.28345   90  424    0.37469    0.28149  24.9%  4643 2197s
   436   416    0.28402   91  410    0.37469    0.28149  24.9%  4659 2204s
   437   417    0.28391   91  430    0.37469    0.28149  24.9%  4682 2213s
   438   418    0.28392   92  424    0.37469    0.28149  24.9%  4688 2218s
   439   419    0.28415   93  442    0.37469    0.28149  24.9%  4693 2222s
H  441   419                       0.3746857    0.28149  24.9%  4674 2229s
   442   422    0.28418   95  413    0.37469    0.28149  24.9%  4707 2236s
H  443   421                       0.3746857    0.28149  24.9%  4697 2241s
   445   425    0.28432   97  423    0.37469    0.28149  24.9%  4723 2265s
   448   428    0.28446  100  415    0.37469    0.28149  24.9%  4720 2272s
   453   433    0.28467  105  406    0.37469    0.28149  24.9%  4669 2277s
   454   434    0.28471  106  424    0.37469    0.28149  24.9%  4670 2280s
   455   435    0.30704  106  409    0.37469    0.28149  24.9%  4701 2292s
   456   436    0.28477  107  420    0.37469    0.28149  24.9%  4703 2295s
   457   437    0.28480  108  421    0.37469    0.28149  24.9%  4693 2311s
   458   438    0.31592  108  398    0.37469    0.28149  24.9%  4707 2318s
   459   439    0.28488  109  427    0.37469    0.28149  24.9%  4697 2330s
   462   442    0.32482  111  386    0.37469    0.28149  24.9%  4719 2344s
   463   443    0.28504  112  411    0.37469    0.28149  24.9%  4709 2345s
   465   445    0.28520  114  424    0.37469    0.28149  24.9%  4715 2365s
   468   448    0.28543  117  429    0.37469    0.28149  24.9%  4706 2371s
   471   451    0.28561  120  433    0.37469    0.28149  24.9%  4693 2387s
   473   453    0.28578  122  429    0.37469    0.28149  24.9%  4683 2394s
   474   454    0.28586  123  425    0.37469    0.28149  24.9%  4680 2404s
   475   455    0.28594  124  414    0.37469    0.28149  24.9%  4671 2405s
   476   456    0.28601  125  420    0.37469    0.28149  24.9%  4661 2410s
H  478   456                       0.3742832    0.28149  24.8%  4648 2418s
   478   458    0.28755  127  423    0.37428    0.28149  24.8%  4650 2420s
   480   460    0.28761  129  419    0.37428    0.28149  24.8%  4633 2432s
   484   464    0.28941  133  420    0.37428    0.28149  24.8%  4603 2435s
H  492   470                       0.3742394    0.28149  24.8%  4534 2447s
   492   472    0.28884  140  463    0.37424    0.28149  24.8%  4535 2450s
   501   481    0.28919  149  457    0.37424    0.28149  24.8%  4457 2463s
   504   484    0.28926  151  405    0.37424    0.28149  24.8%  4433 2465s
   514   494    0.29258  160  413    0.37424    0.28149  24.8%  4359 2471s
   522   502    0.29072  166  389    0.37424    0.28149  24.8%  4299 2476s
   524   503    0.32677  200  502    0.37424    0.28149  24.8%  4283 2565s
H  525   478                       0.3742350    0.28149  24.8%  4275 2599s
   526   478    0.31592  109  600    0.37424    0.28149  24.8%  4267 2607s
   527   479    0.29975  136  656    0.37424    0.28149  24.8%  4259 2668s
   528   480    0.28969   93  484    0.37424    0.28149  24.8%  4251 2699s
   529   480    0.34670  152  515    0.37424    0.28149  24.8%  4243 2736s
   530   481    0.28210   23  590    0.37424    0.28149  24.8%  4235 2772s
   531   482    0.28651   89  587    0.37424    0.28149  24.8%  4227 2816s
   532   482    0.28413   83  591    0.37424    0.28149  24.8%  4219 2850s
   533   483    0.28150   33  592    0.37424    0.28149  24.8%  4211 2903s
   534   484    0.32701  219  636    0.37424    0.28149  24.8%  4203 2955s
   535   484    0.32549  186  586    0.37424    0.28149  24.8%  4195 3009s
   536   485    0.28211   32  586    0.37424    0.28149  24.8%  4187 3052s
H  536   461                       0.3738237    0.28149  24.7%  4187 3109s
H  536   438                       0.3734671    0.28149  24.6%  4187 3110s
   538   439    0.33520  207  545    0.37347    0.28149  24.6%  4172 3140s
   539   440    0.29072  167  663    0.37347    0.28149  24.6%  4164 3192s
   540   441    0.28410   66  525    0.37347    0.28149  24.6%  4156 3226s
   541   441    0.32999  226  682    0.37347    0.28149  24.6%  4148 3291s
   542   442    0.28149   21  585    0.37347    0.28149  24.6%  4141 3323s
   543   443    0.32436  179  633    0.37347    0.28149  24.6%  4133 3378s
   544   443    0.28729  120  575    0.37347    0.28149  24.6%  4126 3422s
   545   444    0.28210   23  665    0.37347    0.28149  24.6%  4118 3489s
   546   445    0.28149   12  580    0.37347    0.28149  24.6%  4110 3520s
   547   445    0.28179    7  594    0.37347    0.28149  24.6%  4103 3573s
   548   446    0.28276   72  639    0.37347    0.28149  24.6%  4095 3634s
   549   447    0.28208   38  549    0.37347    0.28149  24.6%  4088 3727s
   550   447    0.28337   69  732    0.37347    0.28149  24.6%  4081 3776s
   551   448    0.29223  135  684    0.37347    0.28149  24.6%  4073 3831s
   552   449    0.28209   25  496    0.37347    0.28149  24.6%  4066 3859s
   553   449    0.28453   72  720    0.37347    0.28149  24.6%  4058 3972s
   554   450    0.28643  114  608    0.37347    0.28149  24.6%  4051 4009s
   555   451    0.28288   57  611    0.37347    0.28149  24.6%  4044 4045s
   556   451    0.32508  188  614    0.37347    0.28149  24.6%  4037 4085s
   557   452    0.28528   92  591    0.37347    0.28149  24.6%  4029 4125s
   558   453    0.28537   75  589    0.37347    0.28149  24.6%  4022 4158s
   559   453    0.28311   61  728    0.37347    0.28149  24.6%  4015 4852s
   560   454    0.33109  222  493    0.37347    0.28149  24.6%  4008 4878s
H  560   430                       0.3488482    0.28149  19.3%  4008 4980s
H  560   408                       0.3462165    0.28149  18.7%  4008 4989s
H  560   387                       0.3450213    0.28149  18.4%  4008 5004s
   561   388    0.28221   41  719    0.34502    0.28149  18.4%  4001 5057s
   562   388    0.30258   33  724    0.34502    0.28149  18.4%  3993 5119s
   563   389    0.28522  103  811    0.34502    0.28149  18.4%  3986 5224s
   564   390    0.28436   99  613    0.34502    0.28149  18.4%  3979 5274s
   565   390    0.28311   61  755    0.34502    0.28149  18.4%  3972 5354s
   566   391    0.34502  246  573    0.34502    0.28149  18.4%  3965 5400s
   567   392    0.31592  109  673    0.34502    0.28149  18.4%  3958 5443s
   568   392    0.28522  103  667    0.34502    0.28149  18.4%  3951 5527s
   569   393    0.28170    5  667    0.34502    0.28149  18.4%  3944 5916s
H  570   374                       0.3449676    0.28149  18.4%  7915 5955s
H  570   354                       0.3449414    0.28149  18.4%  7915 5962s
H  570   336                       0.3351624    0.28149  16.0%  7915 5964s
H  570   318                       0.3341031    0.28149  15.7%  7915 5967s
H  570   302                       0.3341031    0.28149  15.7%  7915 5994s
   570   304    0.28149   11  705    0.33410    0.28149  15.7%  7975 6049s
   571   304    0.28166   11  642    0.33410    0.28149  15.7%  7964 6052s
   573   306    0.28166   12  746    0.33410    0.28149  15.7%  8113 6129s
   574   306    0.28166   13  549    0.33410    0.28149  15.7%  8140 6151s
H  575   289                       0.3330259    0.28149  15.5%  8125 6204s
H  575   274                       0.3272258    0.28149  14.0%  8125 6213s
H  575   260                       0.3262996    0.28149  13.7%  8125 6251s
   575   262    0.28166   13  655    0.32630    0.28149  13.7%  8176 6278s
   576   263    0.28182   14  439    0.32630    0.28149  13.7%  8305 6346s
   577   263    0.28166   14  700    0.32630    0.28149  13.7%  8356 6378s
   579   265    0.28169   15  696    0.32630    0.28149  13.7%  8425 6440s
   580   265    0.28169   16  567    0.32630    0.28149  13.7%  8439 6454s
   581   266    0.28168   16  637    0.32630    0.28149  13.7%  8530 6508s
   582   267    0.28171   17  695    0.32630    0.28149  13.7%  8568 6536s
   583   267    0.28174   17  628    0.32630    0.28149  13.7%  8561 6541s
   584   268    0.28171   18  672    0.32630    0.28149  13.7%  8552 6545s
   585   269    0.28172   18  647    0.32630    0.28149  13.7%  8586 6587s
   586   269    0.28171   19  637    0.32630    0.28149  13.7%  8705 6632s
   587   270    0.28173   19  671    0.32630    0.28149  13.7%  8745 6662s
   588   271    0.28191   20  640    0.32630    0.28149  13.7%  8770 6684s
   589   271    0.28212   20  518    0.32630    0.28149  13.7%  8789 6702s
   590   272    0.28194   21  606    0.32630    0.28149  13.7%  8798 6715s
   591   273    0.28212   21  621    0.32630    0.28149  13.7%  8806 6728s
   592   273    0.28197   22  598    0.32630    0.28149  13.7%  8808 6737s
   595   275    0.28208   23  597    0.32630    0.28149  13.7%  8827 6772s
   596   276    0.28198   24  634    0.32630    0.28149  13.7%  8834 6799s
   597   277    0.28202   24  575    0.32630    0.28149  13.7%  8883 6834s
   598   277    0.28212   25  627    0.32630    0.28149  13.7%  8998 6884s
   599   278    0.28244   25  503    0.32630    0.28149  13.7%  8999 6892s
   600   279    0.28213   26  629    0.32630    0.28149  13.7%  9066 6939s
   601   279    0.28740   26  611    0.32630    0.28149  13.7%  9066 6949s
H  602   264                       0.3262630    0.28149  13.7%  9051 6955s
H  602   251                       0.3245686    0.28149  13.3%  9051 6955s
H  602   239                       0.3244992    0.28149  13.3%  9051 6955s
H  603   228                       0.3241441    0.28149  13.2%  9045 6959s
H  603   217                       0.3239011    0.28149  13.1%  9045 6959s
H  603   207                       0.3238419    0.28149  13.1%  9045 6959s
   603   209    0.28246   27  587    0.32384    0.28149  13.1%  9051 6960s
H  604   197                       0.3236241    0.28149  13.0%  9036 6963s
   605   200    0.29007   28  567    0.32362    0.28149  13.0%  9037 7001s
   606   201    0.28234   29  619    0.32362    0.28149  13.0%  9028 7005s
   608   202    0.28235   30  604    0.32362    0.28149  13.0%  9013 7014s
   609   203    0.28263   30  612    0.32362    0.28149  13.0%  9005 7018s
   610   203    0.28258   31  589    0.32362    0.28149  13.0%  9001 7026s
   611   204    0.28272   31  599    0.32362    0.28149  13.0%  8996 7032s
   612   205    0.28263   32  600    0.32362    0.28149  13.0%  8987 7036s

Cutting planes:
  Learned: 9
  Gomory: 13
  Cover: 75
  Implied bound: 184
  Projected implied bound: 168
  Clique: 25
  MIR: 526
  Flow cover: 925
  GUB cover: 17
  Zero half: 11
  Network: 17
  RLT: 14
  Relax-and-lift: 797
  BQP: 35

Explored 613 nodes (5859632 simplex iterations) in 7036.86 seconds (23051.42 work units)
Thread count was 1 (of 20 available processors)

Solution count 10: 0.323624 0.323842 0.323901 ... 0.333026

Time limit reached
Best objective 3.236240625097e-01, best bound 2.814898178598e-01, gap 13.0195%

User-callback calls 602723, time in user-callback 0.36 sec
