
Gurobi 13.0.2 (win64) logging started Sat Oct  3 09:08:23 2026

Set parameter LogFile to value "E:\codes\ExactEBRP\results\unified_exact_round100\certification_CF01\raw\05_F5_M-B\external\native_logs\L0.0_lp.gurobi.log"
Gurobi Optimizer version 13.0.2 build v13.0.2rc1 (win64 - Windows 10.0 (19045.2))

CPU model: 12th Gen Intel(R) Core(TM) i7-12700KF, instruction set [SSE2|AVX|AVX2]
Thread count: 12 physical cores, 20 logical processors, using up to 1 threads

Non-default parameters:
TimeLimit  7154.1836507
MIPGap  0
MIPGapAbs  0
LogToConsole  0
Threads  1

Optimize a model with 105516 rows, 26633 columns and 729774 nonzeros (Min)
Model fingerprint: 0xf24c99c1
Model has 51 linear objective coefficients
Coefficient statistics:
  Matrix range     [1e-02, 2e+04]
  Objective range  [4e-02, 1e+00]
  Bounds range     [2e-01, 3e+03]
  RHS range        [4e-01, 7e+04]

Presolve removed 19649 rows and 302 columns
Presolve time: 0.41s
Presolved: 26331 rows, 112248 columns, 664397 nonzeros

Iteration    Objective       Primal Inf.    Dual Inf.      Time
       0      handle free variables                          0s
   10792   -1.0354829e+26   1.464513e+37   2.070966e-04      5s
   15693    2.5482417e-01   0.000000e+00   6.830767e-01     10s
   24826    2.4894233e-01   0.000000e+00   9.683052e+00     15s
   32566    2.4811160e-01   0.000000e+00   1.173849e+01     20s
   40356    2.4790163e-01   0.000000e+00   4.615132e-02     25s

Extra simplex iterations from dual to original model: 189
   42495    2.4789719e-01   0.000000e+00   0.000000e+00     27s

Solved in 42495 iterations and 26.60 seconds (101.53 work units)
Optimal objective  2.478971864e-01

User-callback calls 42687, time in user-callback 0.01 sec
