
Gurobi 13.0.2 (win64) logging started Fri Oct  2 00:38:11 2026

Set parameter LogFile to value "E:\codes\ExactEBRP\results\unified_exact_round99\repeat01\raw\03_F2_M-B\external\native_logs\L0.0_lp.gurobi.log"
Gurobi Optimizer version 13.0.2 build v13.0.2rc1 (win64 - Windows 10.0 (19045.2))

CPU model: 12th Gen Intel(R) Core(TM) i7-12700KF, instruction set [SSE2|AVX|AVX2]
Thread count: 12 physical cores, 20 logical processors, using up to 1 threads

Non-default parameters:
TimeLimit  895.6763378
MIPGap  0
MIPGapAbs  0
LogToConsole  0
Threads  1

Optimize a model with 9309 rows, 3488 columns and 53646 nonzeros (Min)
Model fingerprint: 0x01d09637
Model has 21 linear objective coefficients
Coefficient statistics:
  Matrix range     [4e-02, 2e+04]
  Objective range  [4e-02, 1e+00]
  Bounds range     [4e-01, 4e+02]
  RHS range        [9e-01, 5e+04]

Presolve removed 1568 rows and 82 columns
Presolve time: 0.03s
Presolved: 7741 rows, 3407 columns, 44010 nonzeros

Iteration    Objective       Primal Inf.    Dual Inf.      Time
       0    0.0000000e+00   5.177559e+02   0.000000e+00      0s
    3284    6.1054736e-01   0.000000e+00   0.000000e+00      0s

Solved in 3284 iterations and 0.22 seconds (0.50 work units)
Optimal objective  6.105473608e-01

User-callback calls 3427, time in user-callback 0.00 sec
