
Gurobi 13.0.2 (win64) logging started Tue Sep 15 05:37:01 2026

Set parameter LogFile to value "C:\Users\Administrator\AppData\Local\Temp\exactebrp_round68_native_start_2818685234335900\mip.log"
Set parameter TimeLimit to value 9.9990198
Gurobi Optimizer version 13.0.2 build v13.0.2rc1 (win64 - Windows 10.0 (19045.2))

CPU model: 12th Gen Intel(R) Core(TM) i7-12700KF, instruction set [SSE2|AVX|AVX2]
Thread count: 12 physical cores, 20 logical processors, using up to 1 threads

Non-default parameters:
TimeLimit  9.9990198
MIPGap  0
MIPGapAbs  0
LogToConsole  0
Threads  1

Optimize a model with 258 rows, 117 columns and 813 nonzeros (Min)
Model fingerprint: 0xca7530dd
Model has 4 linear objective coefficients
Variable types: 53 continuous, 64 integer (43 binary)
Coefficient statistics:
  Matrix range     [1e-01, 5e+00]
  Objective range  [1e-01, 1e+00]
  Bounds range     [2e-01, 5e+00]
  RHS range        [2e-01, 6e+00]

Loaded user MIP start with objective 0.208333

Presolve removed 258 rows and 117 columns
Presolve time: 0.00s
Presolve: All rows and columns removed

Explored 0 nodes (0 simplex iterations) in 0.00 seconds (0.00 work units)
Thread count was 1 (of 20 available processors)

Solution count 2: 0.208333 0.208333 

Optimal solution found (tolerance 0.00e+00)
Best objective 2.083333333333e-01, best bound 2.083333333333e-01, gap 0.0000%

User-callback calls 285, time in user-callback 0.00 sec
