
Gurobi 13.0.2 (win64) logging started Sat Aug  8 14:50:52 2026

Set parameter LogFile to value "E:\codes\ExactEBRP\results\gf_c6_documentation_hga_round34\runs\v10__round33_v10_high_imbalance_M2_Q30_seed1244253498__c6_simple_start__3600s\native.log"
Set parameter Threads to value 1
Set parameter Presolve to value -1
Set parameter Seed to value 0
Set parameter MIPGap to value 0
Set parameter MIPGapAbs to value 0
Warning: unknown variable 'r_max' in bounds section (line 4783)
Warning: unknown variable 'r_min' in bounds section (line 4784)
Read LP format model from file E:\codes\ExactEBRP\results\gf_c6_documentation_hga_round34\runs\v10__round33_v10_high_imbalance_M2_Q30_seed1244253498__c6_simple_start__3600s\external\models\L0.lp
Reading time = 0.01 seconds
obj: 4269 rows, 761 columns, 30526 nonzeros
Set parameter TimeLimit to value 3584.939334
Warning: unknown variable 'r_max' in bounds section (line 4783)
Warning: unknown variable 'r_min' in bounds section (line 4784)
Read LP format model from file E:\codes\ExactEBRP\results\gf_c6_documentation_hga_round34\runs\v10__round33_v10_high_imbalance_M2_Q30_seed1244253498__c6_simple_start__3600s\external\models\L1.lp
Reading time = 0.01 seconds
obj: 4269 rows, 761 columns, 30648 nonzeros
Set parameter TimeLimit to value 3584.8734599
Warning: unknown variable 'r_max' in bounds section (line 4783)
Warning: unknown variable 'r_min' in bounds section (line 4784)
Read LP format model from file E:\codes\ExactEBRP\results\gf_c6_documentation_hga_round34\runs\v10__round33_v10_high_imbalance_M2_Q30_seed1244253498__c6_simple_start__3600s\external\models\L2.lp
Reading time = 0.01 seconds
obj: 4269 rows, 761 columns, 30648 nonzeros
Set parameter TimeLimit to value 3584.7775843
Warning: unknown variable 'r_max' in bounds section (line 4783)
Warning: unknown variable 'r_min' in bounds section (line 4784)
Read LP format model from file E:\codes\ExactEBRP\results\gf_c6_documentation_hga_round34\runs\v10__round33_v10_high_imbalance_M2_Q30_seed1244253498__c6_simple_start__3600s\external\models\L3.lp
Reading time = 0.01 seconds
obj: 4269 rows, 761 columns, 30558 nonzeros
Set parameter TimeLimit to value 3584.6639595
Warning: unknown variable 'r_max' in bounds section (line 4783)
Warning: unknown variable 'r_min' in bounds section (line 4784)
Read LP format model from file E:\codes\ExactEBRP\results\gf_c6_documentation_hga_round34\runs\v10__round33_v10_high_imbalance_M2_Q30_seed1244253498__c6_simple_start__3600s\external\models\L2.0.lp
Reading time = 0.01 seconds
obj: 4269 rows, 761 columns, 30648 nonzeros
Set parameter TimeLimit to value 3584.5659898
Warning: unknown variable 'r_max' in bounds section (line 4783)
Warning: unknown variable 'r_min' in bounds section (line 4784)
Read LP format model from file E:\codes\ExactEBRP\results\gf_c6_documentation_hga_round34\runs\v10__round33_v10_high_imbalance_M2_Q30_seed1244253498__c6_simple_start__3600s\external\models\L2.1.lp
Reading time = 0.01 seconds
obj: 4269 rows, 761 columns, 30648 nonzeros
Set parameter TimeLimit to value 3584.4392732
Warning: unknown variable 'r_max' in bounds section (line 4783)
Warning: unknown variable 'r_min' in bounds section (line 4784)
Read LP format model from file E:\codes\ExactEBRP\results\gf_c6_documentation_hga_round34\runs\v10__round33_v10_high_imbalance_M2_Q30_seed1244253498__c6_simple_start__3600s\external\models\L2.0.0.lp
Reading time = 0.01 seconds
obj: 4269 rows, 761 columns, 30648 nonzeros
Set parameter TimeLimit to value 3583.7252291
Warning: unknown variable 'r_max' in bounds section (line 4783)
Warning: unknown variable 'r_min' in bounds section (line 4784)
Read LP format model from file E:\codes\ExactEBRP\results\gf_c6_documentation_hga_round34\runs\v10__round33_v10_high_imbalance_M2_Q30_seed1244253498__c6_simple_start__3600s\external\models\L2.0.1.lp
Reading time = 0.01 seconds
obj: 4269 rows, 761 columns, 30648 nonzeros
Set parameter TimeLimit to value 3583.6300951
Warning: unknown variable 'r_max' in bounds section (line 4783)
Warning: unknown variable 'r_min' in bounds section (line 4784)
Read LP format model from file E:\codes\ExactEBRP\results\gf_c6_documentation_hga_round34\runs\v10__round33_v10_high_imbalance_M2_Q30_seed1244253498__c6_simple_start__3600s\external\models\L2.1.0.lp
Reading time = 0.01 seconds
obj: 4269 rows, 761 columns, 30648 nonzeros
Set parameter TimeLimit to value 3583.3408642
Warning: unknown variable 'r_max' in bounds section (line 4783)
Warning: unknown variable 'r_min' in bounds section (line 4784)
Read LP format model from file E:\codes\ExactEBRP\results\gf_c6_documentation_hga_round34\runs\v10__round33_v10_high_imbalance_M2_Q30_seed1244253498__c6_simple_start__3600s\external\models\L2.1.1.lp
Reading time = 0.01 seconds
obj: 4269 rows, 761 columns, 30648 nonzeros
Set parameter TimeLimit to value 3583.2172963
Warning: unknown variable 'r_max' in bounds section (line 4783)
Warning: unknown variable 'r_min' in bounds section (line 4784)
Read LP format model from file E:\codes\ExactEBRP\results\gf_c6_documentation_hga_round34\runs\v10__round33_v10_high_imbalance_M2_Q30_seed1244253498__c6_simple_start__3600s\external\models\L2.0.1.0.lp
Reading time = 0.01 seconds
obj: 4269 rows, 761 columns, 30648 nonzeros
Set parameter TimeLimit to value 3580.5635397
Warning: unknown variable 'r_max' in bounds section (line 4783)
Warning: unknown variable 'r_min' in bounds section (line 4784)
Read LP format model from file E:\codes\ExactEBRP\results\gf_c6_documentation_hga_round34\runs\v10__round33_v10_high_imbalance_M2_Q30_seed1244253498__c6_simple_start__3600s\external\models\L2.0.1.1.lp
Reading time = 0.01 seconds
obj: 4269 rows, 761 columns, 30648 nonzeros
Set parameter TimeLimit to value 3580.4602485
Warning: unknown variable 'r_max' in bounds section (line 4783)
Warning: unknown variable 'r_min' in bounds section (line 4784)
Read LP format model from file E:\codes\ExactEBRP\results\gf_c6_documentation_hga_round34\runs\v10__round33_v10_high_imbalance_M2_Q30_seed1244253498__c6_simple_start__3600s\external\models\L2.0.1.1.0.lp
Reading time = 0.01 seconds
obj: 4269 rows, 761 columns, 30648 nonzeros
Set parameter TimeLimit to value 3580.3519659
Warning: unknown variable 'r_max' in bounds section (line 4783)
Warning: unknown variable 'r_min' in bounds section (line 4784)
Read LP format model from file E:\codes\ExactEBRP\results\gf_c6_documentation_hga_round34\runs\v10__round33_v10_high_imbalance_M2_Q30_seed1244253498__c6_simple_start__3600s\external\models\L2.0.1.1.1.lp
Reading time = 0.01 seconds
obj: 4269 rows, 761 columns, 30648 nonzeros
Set parameter TimeLimit to value 3580.2467721
