
Gurobi 13.0.2 (win64) logging started Fri Oct  2 09:10:56 2026

Set parameter LogFile to value "E:\codes\ExactEBRP\results\unified_exact_round99\confirmation01\raw\03_N1_ENS-C\external\native_logs\L0.0_lp.gurobi.log"
Gurobi Optimizer version 13.0.2 build v13.0.2rc1 (win64 - Windows 10.0 (19045.2))

CPU model: 12th Gen Intel(R) Core(TM) i7-12700KF, instruction set [SSE2|AVX|AVX2]
Thread count: 12 physical cores, 20 logical processors, using up to 1 threads

Non-default parameters:
TimeLimit  895.6938911
MIPGap  0
MIPGapAbs  0
LogToConsole  0
Threads  1

Optimize a model with 9380 rows, 3600 columns and 53313 nonzeros (Min)
Model fingerprint: 0x632ccd72
Model has 21 linear objective coefficients
Coefficient statistics:
  Matrix range     [4e-02, 2e+04]
  Objective range  [4e-02, 1e+00]
  Bounds range     [2e-01, 3e+02]
  RHS range        [4e-01, 5e+04]

Presolve removed 1227 rows and 73 columns
Presolve time: 0.03s
Presolved: 8153 rows, 3528 columns, 51231 nonzeros

Iteration    Objective       Primal Inf.    Dual Inf.      Time
       0    0.0000000e+00   3.517048e+02   0.000000e+00      0s
    2431    8.1302226e-02   0.000000e+00   0.000000e+00      0s

Solved in 2431 iterations and 0.14 seconds (0.38 work units)
Optimal objective  8.130222581e-02

User-callback calls 2574, time in user-callback 0.00 sec
