
Gurobi 13.0.2 (win64) logging started Fri Oct  2 09:10:57 2026

Set parameter LogFile to value "E:\codes\ExactEBRP\results\unified_exact_round99\confirmation01\raw\03_N1_ENS-C\external\native_logs\L0_terminal_mip.gurobi.log"
Set parameter TimeLimit to value 894.8250251
Gurobi Optimizer version 13.0.2 build v13.0.2rc1 (win64 - Windows 10.0 (19045.2))

CPU model: 12th Gen Intel(R) Core(TM) i7-12700KF, instruction set [SSE2|AVX|AVX2]
Thread count: 12 physical cores, 20 logical processors, using up to 1 threads

Non-default parameters:
TimeLimit  894.8250251
MIPGap  0
MIPGapAbs  0
LogToConsole  0
Threads  1

Optimize a model with 9380 rows, 3600 columns and 53313 nonzeros (Min)
Model fingerprint: 0xccadc9fd
Model has 21 linear objective coefficients
Variable types: 1837 continuous, 1763 integer (1623 binary)
Coefficient statistics:
  Matrix range     [4e-02, 2e+04]
  Objective range  [4e-02, 1e+00]
  Bounds range     [4e-01, 3e+02]
  RHS range        [4e-01, 5e+04]

Loaded user MIP start with objective 0.397337

Presolve removed 1529 rows and 22 columns
Presolve time: 0.15s
Presolved: 7851 rows, 3578 columns, 50171 nonzeros
Variable types: 1625 continuous, 1953 integer (1623 binary)

Root relaxation: objective 8.420874e-02, 2613 iterations, 0.09 seconds (0.22 work units)

    Nodes    |    Current Node    |     Objective Bounds      |     Work
 Expl Unexpl |  Obj  Depth IntInf | Incumbent    BestBd   Gap | It/Node Time

     0     0    0.08421    0  271    0.39734    0.08421  78.8%     -    0s
     0     0    0.20781    0  372    0.39734    0.20781  47.7%     -    0s
     0     0    0.24455    0  389    0.39734    0.24455  38.5%     -    0s
     0     0    0.26144    0  430    0.39734    0.26144  34.2%     -    1s
     0     0    0.26561    0  406    0.39734    0.26561  33.2%     -    1s
     0     0    0.27363    0  439    0.39734    0.27363  31.1%     -    1s
     0     0    0.27416    0  408    0.39734    0.27416  31.0%     -    1s
     0     0    0.27851    0  420    0.39734    0.27851  29.9%     -    2s
     0     0    0.27881    0  432    0.39734    0.27881  29.8%     -    2s
     0     0    0.27966    0  412    0.39734    0.27966  29.6%     -    2s
     0     0    0.27998    0  443    0.39734    0.27998  29.5%     -    2s
     0     0    0.28212    0  451    0.39734    0.28212  29.0%     -    2s
     0     0    0.28224    0  461    0.39734    0.28224  29.0%     -    2s
     0     0    0.28253    0  455    0.39734    0.28253  28.9%     -    3s
     0     0    0.29938    0  404    0.39734    0.29938  24.7%     -    3s
     0     0    0.30192    0  370    0.39734    0.30192  24.0%     -    3s
     0     0    0.30224    0  390    0.39734    0.30224  23.9%     -    3s
     0     0    0.30346    0  398    0.39734    0.30346  23.6%     -    3s
     0     0    0.30348    0  398    0.39734    0.30348  23.6%     -    3s
     0     0    0.30416    0  388    0.39734    0.30416  23.4%     -    4s
     0     0    0.30434    0  389    0.39734    0.30434  23.4%     -    4s
     0     0    0.30458    0  388    0.39734    0.30458  23.3%     -    4s
     0     0    0.30459    0  391    0.39734    0.30459  23.3%     -    4s
     0     0    0.30481    0  380    0.39734    0.30481  23.3%     -    4s
     0     0    0.30483    0  380    0.39734    0.30483  23.3%     -    4s
     0     0    0.30483    0  379    0.39734    0.30483  23.3%     -    4s
     0     2    0.30486    0  378    0.39734    0.30486  23.3%     -    5s
H    2     2                       0.3842266    0.30486  20.7%   292    5s
H   10    10                       0.3796380    0.30604  19.4%   296    6s
H   20    20                       0.3719917    0.30604  17.7%   287    7s
H   20    20                       0.3708023    0.30604  17.5%   287    7s
H   20    20                       0.3684815    0.30604  16.9%   287    7s
   265   233    0.34591   32  358    0.36848    0.31015  15.8%  95.4   10s
   643   442    0.35912   34  379    0.36848    0.31895  13.4%   104   15s
   651   447    0.36081   61  395    0.36848    0.31895  13.4%   103   20s
   664   456    0.36368   49  389    0.36848    0.31895  13.4%   101   26s
H  665   433                       0.3681647    0.31895  13.4%   116   26s
H  665   411                       0.3680857    0.31895  13.3%   116   26s
   739   412    0.31895   12  354    0.36809    0.31895  13.3%   116   30s
   909   413    0.35911   19  353    0.36809    0.32335  12.2%   124   35s
H 1020   377                       0.3651161    0.33189  9.10%   127   39s
  1053   368    0.35343   16  317    0.36512    0.33293  8.81%   128   40s
* 1243   341              43       0.3636035    0.33576  7.66%   124   43s
* 1244   313              41       0.3621435    0.33576  7.29%   124   43s
  1357   286     cutoff   25         0.36214    0.33867  6.48%   126   45s
  1642   202     cutoff   19         0.36214    0.34367  5.10%   125   50s
  1999   183     cutoff   20         0.36214    0.35017  3.31%   121   55s
H 2113   133                       0.3606834    0.35229  2.33%   120   56s

Cutting planes:
  Learned: 19
  Gomory: 3
  Cover: 48
  Implied bound: 52
  Projected implied bound: 11
  Clique: 6
  MIR: 153
  Mixing: 1
  StrongCG: 9
  Flow cover: 188
  GUB cover: 22
  Zero half: 2
  Network: 19
  RLT: 2
  Relax-and-lift: 45
  BQP: 4

Explored 2354 nodes (282309 simplex iterations) in 58.15 seconds (99.61 work units)
Thread count was 1 (of 20 available processors)

Solution count 10: 0.360683 0.362144 0.363603 ... 0.379638

Optimal solution found (tolerance 0.00e+00)
Best objective 3.606834248705e-01, best bound 3.606834248705e-01, gap 0.0000%

User-callback calls 18524, time in user-callback 0.27 sec
