
Gurobi 13.0.2 (win64) logging started Mon Aug 24 16:53:37 2026

Set parameter LogFile to value "E:\codes\ExactEBRP\results\gf_k1_amf_formulation_rescue_round48\default_off_equivalence_runs\explicit\external\native_logs\L0.1_lp.gurobi.log"
Gurobi Optimizer version 13.0.2 build v13.0.2rc1 (win64 - Windows 10.0 (19045.2))

CPU model: 12th Gen Intel(R) Core(TM) i7-12700KF, instruction set [SSE2|AVX|AVX2]
Thread count: 12 physical cores, 20 logical processors, using up to 1 threads

Non-default parameters:
TimeLimit  98.772288
MIPGap  0
MIPGapAbs  0
LogToConsole  0
Threads  1

Optimize a model with 5985 rows, 1039 columns and 43084 nonzeros (Min)
Model fingerprint: 0x1e79fd04
Model has 11 linear objective coefficients
Coefficient statistics:
  Matrix range     [2e-02, 1e+05]
  Objective range  [2e-02, 1e+00]
  Bounds range     [3e-01, 7e+01]
  RHS range        [3e-01, 1e+06]

Presolve removed 337 rows and 55 columns
Presolve time: 0.02s
Presolved: 5648 rows, 985 columns, 39941 nonzeros

Iteration    Objective       Primal Inf.    Dual Inf.      Time
       0   -1.9343477e-01   2.903307e+02   0.000000e+00      0s
     621    3.7478605e-01   0.000000e+00   0.000000e+00      0s

Solved in 621 iterations and 0.05 seconds (0.14 work units)
Optimal objective  3.747860540e-01

User-callback calls 764, time in user-callback 0.00 sec
