
Gurobi 13.0.2 (win64) logging started Sat Jul 25 04:11:39 2026

Set parameter LogFile to value "E:\codes\ExactEBRP\results\gf_nonblocking_gurobi_c6_round31\runs\stage6__high_imbalance_seed3202__p_grb__1200s\native.log"
Set parameter Threads to value 1
Set parameter Presolve to value -1
Set parameter Seed to value 0
Set parameter MIPGap to value 0
Set parameter MIPGapAbs to value 0
Set parameter TimeLimit to value 1200
Read LP format model from file E:\codes\ExactEBRP\results\gf_nonblocking_gurobi_c6_round31\runs\stage6__high_imbalance_seed3202__p_grb__1200s\canonical.lp
Reading time = 0.01 seconds
obj: 5060 rows, 2109 columns, 23316 nonzeros
Set parameter TimeLimit to value 1194.944417
Gurobi Optimizer version 13.0.2 build v13.0.2rc1 (win64 - Windows 10.0 (19045.2))

CPU model: 12th Gen Intel(R) Core(TM) i7-12700KF, instruction set [SSE2|AVX|AVX2]
Thread count: 12 physical cores, 20 logical processors, using up to 1 threads

Non-default parameters:
TimeLimit  1194.944417
MIPGap  0
MIPGapAbs  0
LogToConsole  0
Threads  1

Optimize a model with 5060 rows, 2109 columns and 23316 nonzeros (Min)
Model fingerprint: 0x3af169ca
Model has 21 linear objective coefficients
Variable types: 420 continuous, 1689 integer (1489 binary)
Coefficient statistics:
  Matrix range     [2e-02, 6e+02]
  Objective range  [1e-02, 1e+00]
  Bounds range     [1e+00, 5e+01]
  RHS range        [1e+00, 4e+03]

Presolve removed 176 rows and 45 columns
Presolve time: 0.06s
Presolved: 4884 rows, 2064 columns, 40865 nonzeros
Variable types: 208 continuous, 1856 integer (1482 binary)
Found heuristic solution: objective 5.0416019

Root relaxation: objective 8.660701e-01, 1347 iterations, 0.05 seconds (0.13 work units)

    Nodes    |    Current Node    |     Objective Bounds      |     Work
 Expl Unexpl |  Obj  Depth IntInf | Incumbent    BestBd   Gap | It/Node Time

     0     0    0.86607    0  367    5.04160    0.86607  82.8%     -    0s
     0     0    0.87020    0  360    5.04160    0.87020  82.7%     -    0s
H    0     0                       5.0175677    0.87020  82.7%     -    0s
     0     0    0.96852    0  428    5.01757    0.96852  80.7%     -    0s
H    0     0                       5.0160348    0.96852  80.7%     -    0s
H    0     0                       4.9219342    0.96852  80.3%     -    0s
     0     0    0.97549    0  451    4.92193    0.97549  80.2%     -    0s
     0     0    0.98732    0  459    4.92193    0.98732  79.9%     -    0s
H    0     0                       4.9180474    0.98732  79.9%     -    0s
     0     0    0.98919    0  495    4.91805    0.98919  79.9%     -    0s
     0     0    0.99468    0  504    4.91805    0.99468  79.8%     -    0s
     0     0    0.99600    0  508    4.91805    0.99600  79.7%     -    0s
     0     0    0.99848    0  515    4.91805    0.99848  79.7%     -    0s
H    0     0                       4.4953267    0.99848  77.8%     -    0s
H    0     0                       3.2718875    0.99848  69.5%     -    0s
H    0     0                       2.6209794    0.99848  61.9%     -    0s
H    0     0                       2.6205398    0.99848  61.9%     -    0s
H    0     0                       2.6187814    0.99848  61.9%     -    0s
H    0     0                       2.5855757    0.99848  61.4%     -    0s
H    0     0                       2.5816193    0.99848  61.3%     -    0s
     0     0    0.99957    0  509    2.58162    0.99957  61.3%     -    0s
     0     0    1.00028    0  520    2.58162    1.00028  61.3%     -    1s
H    0     0                       2.5305659    1.00086  60.4%     -    1s
H    0     0                       2.5223935    1.00086  60.3%     -    1s
     0     0    1.00097    0  527    2.52239    1.00097  60.3%     -    1s
     0     0    1.00224    0  530    2.52239    1.00224  60.3%     -    1s
H    0     0                       2.5204884    1.00445  60.1%     -    1s
H    0     0                       2.5154945    1.00445  60.1%     -    1s
H    0     0                       2.5151748    1.00445  60.1%     -    1s
H    0     0                       2.5149709    1.00445  60.1%     -    1s
     0     0    1.00445    0  548    2.51497    1.00445  60.1%     -    1s
     0     0    1.00445    0  561    2.51497    1.00445  60.1%     -    1s
     0     0    1.00445    0  565    2.51497    1.00445  60.1%     -    1s
     0     0    1.00445    0  560    2.51497    1.00445  60.1%     -    1s
     0     0    1.00445    0  551    2.51497    1.00445  60.1%     -    1s
     0     0    1.00445    0  557    2.51497    1.00445  60.1%     -    1s
     0     0    1.00445    0  556    2.51497    1.00445  60.1%     -    1s
     0     0    1.00445    0  582    2.51497    1.00445  60.1%     -    1s
     0     0    1.00445    0  580    2.51497    1.00445  60.1%     -    1s
     0     0    1.00445    0  554    2.51497    1.00445  60.1%     -    1s
H    0     0                       2.4101147    1.00458  58.3%     -    1s
H    0     0                       2.4100780    1.00458  58.3%     -    1s
H    0     0                       2.4100671    1.00458  58.3%     -    1s
H    0     0                       2.4094293    1.00458  58.3%     -    1s
H    0     0                       2.4087086    1.00458  58.3%     -    1s
H    0     0                       2.4084985    1.00458  58.3%     -    1s
H    0     0                       2.4084823    1.00458  58.3%     -    1s
H    0     0                       2.4082576    1.00458  58.3%     -    1s
H    0     0                       2.4080559    1.00458  58.3%     -    1s
H    0     0                       2.3788767    1.00458  57.8%     -    1s
H    0     0                       2.3786360    1.00458  57.8%     -    1s
H    0     0                       2.3783433    1.00458  57.8%     -    1s
H    0     0                       2.3777048    1.00458  57.8%     -    1s
H    0     0                       2.3767099    1.00458  57.7%     -    1s
H    0     0                       2.3764502    1.00458  57.7%     -    2s
H    0     0                       2.3762877    1.00458  57.7%     -    2s
     0     2    1.00458    0  553    2.37629    1.00458  57.7%     -    2s
H    2     2                       2.3621573    1.00877  57.3%   401    2s
H    2     2                       2.3604730    1.00877  57.3%   401    2s
H    2     2                       2.3598298    1.00877  57.3%   401    2s
H    2     2                       2.3593413    1.00877  57.2%   401    2s
H    6     6                       2.3373898    1.01173  56.7%   340    2s
H    6     6                       2.3328104    1.01173  56.6%   340    2s
H    6     6                       2.3311316    1.01173  56.6%   340    2s
H    6     6                       2.3309947    1.01173  56.6%   340    2s
H    6     6                       2.3294384    1.01173  56.6%   340    2s
H   10    10                       2.3101546    1.01212  56.2%   291    2s
H   10    10                       2.3101175    1.01212  56.2%   291    2s
H   10    10                       2.3033551    1.01212  56.1%   291    2s
H   10    10                       2.3030662    1.01212  56.1%   291    2s
H   13    13                       2.3028568    1.01212  56.0%   274    2s
H   13    13                       2.3026431    1.01212  56.0%   274    2s
H   26    26                       2.3021839    1.01212  56.0%   187    2s
H   26    26                       2.3020832    1.01212  56.0%   187    2s
H   26    26                       2.3016420    1.01212  56.0%   187    2s
H   28    28                       2.3015740    1.01212  56.0%   177    2s
H   31    31                       2.2894524    1.01212  55.8%   177    2s
H   31    31                       2.2888341    1.01212  55.8%   177    2s
H   31    31                       2.2886634    1.01212  55.8%   177    2s
H   31    31                       2.2885577    1.01212  55.8%   177    2s
H   31    31                       2.2878512    1.01212  55.8%   177    2s
H   38    38                       2.2875745    1.01212  55.8%   160    2s
H   48    48                       2.2874871    1.01212  55.8%   159    3s
H   48    48                       2.2874820    1.01212  55.8%   159    3s
H   61    61                       2.2831433    1.01212  55.7%   138    3s
H   61    61                       2.2795792    1.01212  55.6%   138    3s
H   61    61                       2.2792920    1.01212  55.6%   138    3s
H   61    61                       2.2777849    1.01212  55.6%   138    3s
   196   178    1.69842   62  336    2.27778    1.01316  55.5%   123    5s
H  546   458                       2.2777306    1.01853  55.3%  95.2    8s
H  546   458                       2.2774737    1.01853  55.3%  95.2    8s
H  564   477                       2.2774377    1.02028  55.2%   102    9s
H  564   477                       2.2774062    1.02028  55.2%   102    9s
   565   478    1.45195   36  554    2.27741    1.02028  55.2%   102   10s
H  579   462                       2.1961098    1.02045  53.5%  99.5   14s
H  579   439                       2.1943278    1.02045  53.5%  99.5   14s
H  579   416                       2.1932704    1.02045  53.5%  99.5   14s
H  579   395                       1.9461157    1.02045  47.6%  99.5   14s
H  579   375                       1.9452247    1.02045  47.5%  99.5   14s
H  579   356                       1.9444074    1.02045  47.5%  99.5   14s
H  579   338                       1.9424939    1.02045  47.5%  99.5   14s
H  579   321                       1.9278992    1.02045  47.1%  99.5   14s
H  579   305                       1.9264130    1.02045  47.0%  99.5   14s
H  579   289                       1.9264024    1.02045  47.0%  99.5   14s
H  579   274                       1.9050939    1.02045  46.4%  99.5   14s
H  579   260                       1.9042534    1.02045  46.4%  99.5   14s
H  579   247                       1.9039505    1.02045  46.4%  99.5   14s
H  581   236                       1.8767802    1.02045  45.6%   113   14s
H  581   224                       1.8764507    1.02045  45.6%   113   14s
H  581   213                       1.8753743    1.02045  45.6%   113   14s
H  581   202                       1.8744723    1.02045  45.6%   113   14s
H  581   192                       1.8693368    1.02045  45.4%   113   14s
H  581   182                       1.8659451    1.02045  45.3%   113   14s
   581   184    1.02657   13  528    1.86595    1.02080  45.3%   113   15s
H  582   173                       1.8657907    1.02080  45.3%   113   15s
H  591   170                       1.8657907    1.03335  44.6%   121   16s
   669   198    1.06928   24  428    1.86579    1.03344  44.6%   136   20s
H  684   193                       1.8308051    1.03344  43.6%   137   20s
H  684   183                       1.7967836    1.03344  42.5%   137   20s
H  684   176                       1.7958414    1.03344  42.5%   137   20s
H  712   178                       1.7905577    1.03344  42.3%   143   22s
H  712   171                       1.7902910    1.03344  42.3%   143   22s
H  712   164                       1.7833406    1.03344  42.1%   143   22s
H  712   158                       1.7826601    1.03344  42.0%   143   22s
H  712   152                       1.7821969    1.03344  42.0%   143   22s
H  712   147                       1.7803651    1.03344  42.0%   143   22s
H  712   141                       1.7799092    1.03344  41.9%   143   22s
H  712   136                       1.7796397    1.03344  41.9%   143   22s
   811   167    1.03932   20  438    1.77964    1.03932  41.6%   146   25s
H  813   161                       1.7793151    1.04035  41.5%   147   25s
H  813   157                       1.7789829    1.04035  41.5%   147   25s
H  813   154                       1.7760409    1.04035  41.4%   147   25s
H  819   156                       1.7759732    1.04179  41.3%   150   25s
H  819   156                       1.7759308    1.04179  41.3%   150   25s
H  827   164                       1.7758142    1.04179  41.3%   150   26s
   881   206    1.13834   26  467    1.77581    1.04182  41.3%   164   30s
H  961   263                       1.7741505    1.04184  41.3%   170   34s
H  961   263                       1.7676857    1.04184  41.1%   170   34s
H  961   263                       1.7653988    1.04184  41.0%   170   34s
H  961   263                       1.7652588    1.04184  41.0%   170   34s
H  961   263                       1.7649124    1.04184  41.0%   170   34s
H  961   263                       1.7643299    1.04184  40.9%   170   34s
H  961   263                       1.7642460    1.04184  40.9%   170   34s
H  976   276                       1.7632011    1.04184  40.9%   172   34s
   979   281    1.44166   39  400    1.76320    1.04184  40.9%   173   35s
H  986   285                       1.7631632    1.04184  40.9%   172   35s
H  986   285                       1.7630552    1.04184  40.9%   172   35s
  1066   336     cutoff   25         1.76306    1.04373  40.8%   183   40s
  1175   404    1.75195   46  346    1.76306    1.04394  40.8%   185   45s
  1302   493    1.19701   30  451    1.76306    1.04661  40.6%   189   50s
  1397   571    1.15134   30  417    1.76306    1.04664  40.6%   189   55s
  1559   691    1.43349   62  347    1.76306    1.04847  40.5%   188   60s
  1725   807    1.10228   22  460    1.76306    1.04957  40.5%   188   65s
  1884   929    1.63426   52  331    1.76306    1.04982  40.5%   187   70s
  2020  1019    1.74889   68  348    1.76306    1.05042  40.4%   185   75s
  2237  1163    1.70194   72  292    1.76306    1.05153  40.4%   180   80s
  2357  1231    1.67034   51  400    1.76306    1.05387  40.2%   184   85s
  2484  1303    1.59048   41  314    1.76306    1.05516  40.2%   183   90s
  2629  1387    1.32233   45  342    1.76306    1.05573  40.1%   182   95s
  2787  1487    1.72165   46  384    1.76306    1.05673  40.1%   183  100s
  2919  1545    1.10306   21  484    1.76306    1.05704  40.0%   189  105s
  3050  1607    1.07334   23  380    1.76306    1.05794  40.0%   193  110s
  3194  1687    1.07018   23  466    1.76306    1.05847  40.0%   194  115s
  3351  1764    1.15809   30  398    1.76306    1.05926  39.9%   194  120s
  3448  1797    1.17078   22  452    1.76306    1.05963  39.9%   198  125s
  3587  1865    1.52031   35  392    1.76306    1.06048  39.9%   199  130s
  3725  1950    1.14558   27  429    1.76306    1.06136  39.8%   203  135s
  3924  2092 infeasible   26         1.76306    1.06199  39.8%   201  140s
  4102  2177 infeasible   36         1.76306    1.06259  39.7%   201  145s
  4236  2240    1.59055   38  373    1.76306    1.06348  39.7%   203  150s
  4417  2343    1.20229   26  474    1.76306    1.06423  39.6%   203  155s
  4598  2450    1.48341   27  408    1.76306    1.06481  39.6%   202  160s
  4742  2511 infeasible   37         1.76306    1.06499  39.6%   203  165s
  4923  2632     cutoff   34         1.76306    1.06518  39.6%   202  170s
  5086  2722    1.28308   28  429    1.76306    1.06571  39.6%   202  175s
  5240  2809    1.08367   24  436    1.76306    1.06613  39.5%   203  180s
  5397  2860    1.13672   29  494    1.76306    1.06647  39.5%   204  185s
  5596  2971    1.26693   30  403    1.76306    1.06696  39.5%   204  190s
  5753  3051    1.14828   23  473    1.76306    1.06761  39.4%   204  195s
  5894  3141    1.39457   48  334    1.76306    1.06780  39.4%   205  200s
  6010  3189    1.57010   36  360    1.76306    1.06823  39.4%   206  205s
H 6029  3194                       1.7630424    1.06826  39.4%   206  205s
  6143  3259    1.52677   36  430    1.76304    1.06852  39.4%   207  210s
  6270  3308    1.66933   41  317    1.76304    1.06874  39.4%   208  215s
  6391  3387 infeasible   54         1.76304    1.06886  39.4%   210  220s
  6509  3438    1.08147   24  452    1.76304    1.06941  39.3%   212  225s
  6657  3520    1.26196   37  420    1.76304    1.06967  39.3%   212  230s
  6804  3586    1.07895   20  471    1.76304    1.07008  39.3%   213  235s
H 6841  3595                       1.7630424    1.07013  39.3%   214  236s
  6944  3632    1.16376   29  431    1.76304    1.07040  39.3%   215  240s
  7072  3709    1.72054   41  394    1.76304    1.07068  39.3%   215  245s
  7265  3842 infeasible   30         1.76304    1.07121  39.2%   214  250s
  7394  3909    1.23241   33  456    1.76304    1.07184  39.2%   215  255s
  7550  4005    1.11903   19  492    1.76304    1.07220  39.2%   215  260s
  7583  4029    1.28968   27  415    1.76304    1.07223  39.2%   215  265s
  7697  4094    1.13124   26  475    1.76304    1.07266  39.2%   216  270s
  7873  4171    1.75163   55  376    1.76304    1.07290  39.1%   216  276s
  7981  4227    1.49281   40  436    1.76304    1.07334  39.1%   216  280s
  8157  4322    1.36540   41  372    1.76304    1.07378  39.1%   215  285s
  8303  4395    1.29861   30  448    1.76304    1.07430  39.1%   215  290s
  8467  4479    1.18228   28  447    1.76304    1.07466  39.0%   215  295s
  8612  4565    1.37828   30  449    1.76304    1.07500  39.0%   216  300s
  8806  4660    1.43944   34  414    1.76304    1.07522  39.0%   216  305s
  8949  4717    1.09512   17  500    1.76304    1.07596  39.0%   217  310s
  9104  4799    1.22427   27  475    1.76304    1.07620  39.0%   216  315s
  9258  4880    1.44424   28  418    1.76304    1.07652  38.9%   216  320s
  9457  4937    1.59837   40  381    1.76304    1.07673  38.9%   216  325s
  9668  5063    1.54837   32  422    1.76304    1.07707  38.9%   215  330s
  9830  5134 infeasible   44         1.76304    1.07730  38.9%   215  335s
  9969  5207    1.24489   34  432    1.76304    1.07758  38.9%   215  340s
 10098  5264    1.61382   36  371    1.76304    1.07768  38.9%   216  345s
 10203  5351    1.11722   31  554    1.76304    1.07787  38.9%   215  363s
 10208  5354    1.52037   45  501    1.76304    1.07787  38.9%   215  365s
 10214  5358    1.55959   34  573    1.76304    1.07787  38.9%   215  370s
 10220  5362    1.36274   37  551    1.76304    1.07787  38.9%   215  375s
 10226  5366    1.72065   36  533    1.76304    1.07787  38.9%   215  380s
 10232  5370    1.63565   35  583    1.76304    1.07787  38.9%   215  385s
 10237  5374    1.37345   50  603    1.76304    1.07787  38.9%   214  390s
 10243  5378    1.67112   52  614    1.76304    1.07787  38.9%   214  395s
 10249  5382    1.70105   42  570    1.76304    1.07787  38.9%   214  400s
 10255  5386    1.71720   42  578    1.76304    1.07787  38.9%   214  405s
 10261  5390    1.43326   25  566    1.76304    1.07787  38.9%   214  410s
 10267  5394    1.15970   28  585    1.76304    1.07787  38.9%   214  415s
 10273  5398    1.15976   33  600    1.76304    1.07787  38.9%   214  420s
 10279  5402    1.55980   30  583    1.76304    1.07787  38.9%   214  425s
 10284  5405    1.15449   34  592    1.76304    1.07787  38.9%   214  430s
 10290  5409    1.08158   26  594    1.76304    1.07787  38.9%   213  435s
 10296  5413    1.69014   46  564    1.76304    1.07787  38.9%   213  440s
 10302  5417    1.07787   28  609    1.76304    1.07787  38.9%   213  445s
 10307  5420    1.13465   27  619    1.76304    1.07787  38.9%   213  450s
 10313  5424    1.15870   27  586    1.76304    1.07787  38.9%   213  455s
 10319  5428    1.17345   33  607    1.76304    1.07787  38.9%   213  460s
 10325  5432    1.57313   40  629    1.76304    1.07787  38.9%   213  465s
 10330  5436    1.64772   42  625    1.76304    1.07787  38.9%   213  470s
 10337  5440    1.37345   50  646    1.76304    1.07787  38.9%   212  475s
 10343  5444    1.67112   52  636    1.76304    1.07787  38.9%   212  480s
 10348  5448    1.16522   25  639    1.76304    1.07787  38.9%   212  485s
 10354  5452    1.17211   35  634    1.76304    1.07787  38.9%   212  490s
 10360  5456    1.44056   50  632    1.76304    1.07787  38.9%   212  495s
 10370  5462    1.34019   31  642    1.76304    1.07787  38.9%   212  500s
 10384  5472    1.15449   34  632    1.76304    1.07787  38.9%   211  505s
 10397  5482    1.07787   24  495    1.76304    1.07787  38.9%   216  510s
 10455  5505    1.07787   24  519    1.76304    1.07787  38.9%   217  515s
 10493  5508    1.12012   30  450    1.76304    1.07787  38.9%   219  520s
 10520  5522    1.52938   44  403    1.76304    1.07787  38.9%   219  525s
 10548  5530    1.08350   30  413    1.76304    1.07787  38.9%   220  536s
 10586  5547    1.68776   49  326    1.76304    1.07787  38.9%   221  540s
 10633  5550    1.07787   25  508    1.76304    1.07787  38.9%   221  545s
 10730  5599    1.74971   73  219    1.76304    1.07787  38.9%   222  550s
 10793  5615    1.12723   35  483    1.76304    1.07787  38.9%   223  555s
 10860  5646    1.07787   25  499    1.76304    1.07787  38.9%   224  560s
 10923  5675    1.54379   54  357    1.76304    1.07787  38.9%   225  565s
 10989  5689    1.08066   26  503    1.76304    1.07787  38.9%   226  570s
 11042  5708    1.13196   29  434    1.76304    1.07787  38.9%   227  575s
 11229  5799    1.48304   30  471    1.76304    1.07787  38.9%   225  580s
 11281  5808    1.11624   27  496    1.76304    1.07787  38.9%   227  585s
 11374  5805    1.11582   26  505    1.76304    1.07787  38.9%   227  590s
 11432  5831    1.40800   47  404    1.76304    1.07787  38.9%   228  595s
 11533  5864    1.59545   48  410    1.76304    1.07787  38.9%   228  600s
 11627  5867 infeasible   37         1.76304    1.07787  38.9%   229  605s
 11700  5882    1.08332   31  521    1.76304    1.07787  38.9%   230  610s
 11776  5912     cutoff   44         1.76304    1.07787  38.9%   230  615s
 11856  5922    1.13597   32  446    1.76304    1.07787  38.9%   231  620s
 11934  5938    1.17926   44  438    1.76304    1.07787  38.9%   232  625s
 12015  5937    1.10199   33  486    1.76304    1.07990  38.7%   233  630s
 12072  5948    1.19675   39  494    1.76304    1.08530  38.4%   234  635s
 12151  5973    1.30408   39  468    1.76304    1.08595  38.4%   234  640s
 12226  6005    1.32883   37  464    1.76304    1.08720  38.3%   234  645s
 12321  5999     cutoff   65         1.76304    1.08720  38.3%   235  650s
 12413  6025    1.51431   61  314    1.76304    1.08796  38.3%   235  655s
 12515  6034     cutoff   55         1.76304    1.08841  38.3%   236  660s
 12580  6040    1.48537   36  460    1.76304    1.09325  38.0%   236  665s
 12686  6071    1.41940   41  430    1.76304    1.09532  37.9%   237  670s
 12769  6077    1.53002   37  393    1.76304    1.09693  37.8%   237  675s
 12895  6121    1.74704   53  403    1.76304    1.09785  37.7%   237  680s
 12955  6128    1.59107   41  387    1.76304    1.10322  37.4%   238  685s
 13045  6150 infeasible   45         1.76304    1.10748  37.2%   239  690s
 13133  6151    1.39353   32  463    1.76304    1.11297  36.9%   239  695s
 13250  6183 infeasible   38         1.76304    1.11481  36.8%   240  700s
 13343  6200    1.41671   39  432    1.76304    1.11568  36.7%   240  705s
 13438  6231    1.20487   36  449    1.76304    1.11596  36.7%   241  710s
 13631  6311    1.25180   32  487    1.76304    1.11632  36.7%   240  715s
 13701  6319    1.12091   29  517    1.76304    1.11758  36.6%   241  720s
 13782  6338    1.63265   41  408    1.76304    1.11824  36.6%   242  725s
 13880  6349    1.18106   32  494    1.76304    1.11858  36.6%   243  730s
 13969  6364    1.17723   33  429    1.76304    1.11918  36.5%   243  735s
 14082  6390     cutoff   44         1.76304    1.11927  36.5%   244  740s
 14213  6430    1.14306   32  518    1.76304    1.12028  36.5%   244  745s
 14301  6456    1.34871   35  462    1.76304    1.12154  36.4%   244  750s
 14373  6475    1.50293   42  466    1.76304    1.12212  36.4%   245  755s
 14485  6496    1.43704   46  445    1.76304    1.12270  36.3%   245  760s
 14570  6511    1.47282   38  463    1.76304    1.12313  36.3%   246  765s
 14654  6519    1.15781   28  440    1.76304    1.12375  36.3%   246  770s
 14772  6559    1.40982   49  450    1.76304    1.12391  36.3%   246  775s
 14908  6582 infeasible   41         1.76304    1.12480  36.2%   246  780s
 15004  6611    1.19246   34  476    1.76304    1.12568  36.2%   247  785s
 15122  6639    1.18816   29  448    1.76304    1.12620  36.1%   247  790s
 15203  6639    1.68110   47  403    1.76304    1.12740  36.1%   248  795s
 15280  6640    1.13230   31  510    1.76304    1.12780  36.0%   249  800s
 15339  6656    1.46358   39  462    1.76304    1.12817  36.0%   249  805s
 15432  6690    1.45880   43  443    1.76304    1.12840  36.0%   250  810s
 15533  6692    1.50872   37  444    1.76304    1.12864  36.0%   250  815s
 15596  6691    1.13321   35  460    1.76304    1.12878  36.0%   251  820s
 15683  6690    1.56625   50  347    1.76304    1.12965  35.9%   251  825s
 15761  6715    1.19806   32  463    1.76304    1.12972  35.9%   252  830s
 15852  6716 infeasible   40         1.76304    1.13001  35.9%   252  835s
 15916  6709    1.19374   38  507    1.76304    1.13011  35.9%   253  840s
 16006  6720    1.64214   50  362    1.76304    1.13064  35.9%   254  845s
 16108  6724    1.31827   33  467    1.76304    1.13152  35.8%   254  850s
 16207  6746    1.14224   33  476    1.76304    1.13180  35.8%   255  855s
 16287  6767    1.17670   43  437    1.76304    1.13215  35.8%   255  860s
 16393  6779    1.21156   40  439    1.76304    1.13294  35.7%   255  865s
 16546  6833    1.75216   42  367    1.76304    1.13354  35.7%   255  870s
 16668  6851    1.17712   32  500    1.76304    1.13401  35.7%   255  875s
 16743  6867    1.16728   35  402    1.76304    1.13459  35.6%   256  880s
 16881  6898    1.16746   33  507    1.76304    1.13546  35.6%   255  885s
 16971  6918    1.58489   42  436    1.76304    1.13563  35.6%   256  890s
 17112  6942    1.23755   36  417    1.76304    1.13597  35.6%   256  895s
 17220  6966    1.20310   43  482    1.76304    1.13633  35.5%   256  900s
 17343  7006    1.64363   43  415    1.76304    1.13648  35.5%   256  905s
 17458  7015    1.63785   59  372    1.76304    1.13662  35.5%   256  910s
 17566  7032    1.21690   31  486    1.76304    1.13734  35.5%   256  915s
 17680  7055    1.16579   36  487    1.76304    1.13785  35.5%   256  920s
 17703  7068    1.59238   43  410    1.76304    1.13785  35.5%   256  926s
 17808  7069     cutoff   59         1.76304    1.13785  35.5%   257  930s
 17903  7087    1.15213   29  494    1.76304    1.13795  35.5%   257  935s
 17987  7097 infeasible   43         1.76304    1.13844  35.4%   258  940s
 18106  7095    1.57832   45  437    1.76304    1.13876  35.4%   258  945s
 18273  7134    1.24911   36  436    1.76304    1.13965  35.4%   257  950s
 18424  7173    1.41528   36  431    1.76304    1.13994  35.3%   257  955s
 18520  7183 infeasible   43         1.76304    1.14035  35.3%   257  960s
 18606  7198    1.69728   49  435    1.76304    1.14048  35.3%   258  965s
 18720  7216     cutoff   60         1.76304    1.14105  35.3%   258  970s
 18811  7225    1.60052   44  387    1.76304    1.14125  35.3%   258  975s
 18955  7258    1.76229   67  332    1.76304    1.14144  35.3%   259  980s
 19043  7264    1.22416   35  522    1.76304    1.14194  35.2%   259  985s
 19161  7297    1.75177   49  386    1.76304    1.14219  35.2%   259  990s
 19234  7295     cutoff   41         1.76304    1.14233  35.2%   260  995s
 19294  7296    1.67635   47  352    1.76304    1.14236  35.2%   260 1000s
 19352  7296    1.24045   42  458    1.76304    1.14276  35.2%   260 1005s
 19448  7297    1.20305   36  439    1.76304    1.14308  35.2%   261 1010s
 19575  7312    1.31637   41  443    1.76304    1.14403  35.1%   261 1015s
 19680  7329    1.40483   37  442    1.76304    1.14482  35.1%   261 1020s
 19792  7349    1.50099   39  427    1.76304    1.14517  35.0%   261 1025s
 19907  7384 infeasible   72         1.76304    1.14548  35.0%   261 1030s
 20016  7396    1.16569   35  498    1.76304    1.14579  35.0%   261 1035s
 20121  7412    1.29744   44  367    1.76304    1.14588  35.0%   262 1040s
 20215  7436 infeasible   43         1.76304    1.14597  35.0%   263 1045s
 20338  7471 infeasible   41         1.76304    1.14627  35.0%   262 1050s
 20455  7493    1.47103   37  450    1.76304    1.14739  34.9%   263 1055s
 20515  7490    1.37371   46  405    1.76304    1.14795  34.9%   263 1060s
 20652  7523    1.53710   37  459    1.76304    1.14821  34.9%   263 1065s
 20754  7551    1.70589   50  400    1.76304    1.14832  34.9%   263 1070s
 20862  7537    1.28828   42  448    1.76304    1.14875  34.8%   263 1075s
 20933  7545    1.42147   44  409    1.76304    1.14930  34.8%   264 1080s
 20997  7551    1.38181   52  411    1.76304    1.14948  34.8%   265 1085s
 21101  7563     cutoff   56         1.76304    1.14970  34.8%   265 1090s
 21178  7558    1.16395   32  494    1.76304    1.15006  34.8%   266 1095s
 21245  7563    1.27356   39  452    1.76304    1.15031  34.8%   266 1100s
 21335  7560    1.26163   34  438    1.76304    1.15125  34.7%   267 1105s
 21465  7596    1.29450   33  483    1.76304    1.15132  34.7%   267 1110s
 21573  7623 infeasible   65         1.76304    1.15159  34.7%   267 1115s
 21670  7624    1.27003   38  446    1.76304    1.15181  34.7%   267 1120s
 21801  7638    1.26759   35  434    1.76304    1.15212  34.7%   267 1125s
 21864  7635    1.34341   36  429    1.76304    1.15248  34.6%   268 1130s
 21944  7644    1.19518   37  448    1.76304    1.15254  34.6%   268 1135s
 22034  7658    1.69140   52  376    1.76304    1.15299  34.6%   269 1140s
 22139  7678    1.35859   47  394    1.76304    1.15324  34.6%   269 1145s
 22225  7689    1.49451   41  436    1.76304    1.15332  34.6%   269 1150s
 22332  7703     cutoff   45         1.76304    1.15385  34.6%   270 1155s
 22420  7697    1.76236   58  376    1.76304    1.15425  34.5%   270 1160s
 22520  7697    1.38286   44  456    1.76304    1.15452  34.5%   270 1165s
 22618  7719    1.48011   75  339    1.76304    1.15528  34.5%   271 1176s
 22693  7727    1.61895   59  416    1.76304    1.15534  34.5%   271 1180s
 22783  7735    1.42093   41  449    1.76304    1.15588  34.4%   271 1185s
 22885  7754 infeasible   45         1.76304    1.15604  34.4%   271 1190s

Cutting planes:
  Learned: 13
  Gomory: 218
  Cover: 139
  Implied bound: 212
  Projected implied bound: 229
  Clique: 49
  MIR: 972
  Mixing: 1
  StrongCG: 37
  Flow cover: 1740
  GUB cover: 2
  Inf proof: 10
  Zero half: 33
  RLT: 8
  Relax-and-lift: 96
  BQP: 11
  PSD: 1

Explored 22997 nodes (6247353 simplex iterations) in 1194.95 seconds (2417.49 work units)
Thread count was 1 (of 20 available processors)

Solution count 10: 1.76304 1.76306 1.76316 ... 1.76769

Time limit reached
Best objective 1.763042383714e+00, best bound 1.156587204035e+00, gap 34.3982%

User-callback calls 313698, time in user-callback 0.08 sec
