
Gurobi 13.0.2 (win64) logging started Fri Oct  2 22:44:25 2026

Set parameter LogFile to value "E:\codes\ExactEBRP\results\unified_exact_round100\development01\raw\06_R98-C1_P-GRB\native.log"
Set parameter Threads to value 1
Set parameter Presolve to value -1
Set parameter Seed to value 0
Set parameter MIPGap to value 0
Set parameter MIPGapAbs to value 0
Set parameter TimeLimit to value 594
Read LP format model from file E:\codes\ExactEBRP\results\unified_exact_round100\development01\raw\06_R98-C1_P-GRB\compact.lp
Reading time = 0.00 seconds
obj: 3677 rows, 1583 columns, 16454 nonzeros
Set parameter TimeLimit to value 596.8895246
Gurobi Optimizer version 13.0.2 build v13.0.2rc1 (win64 - Windows 10.0 (19045.2))

CPU model: 12th Gen Intel(R) Core(TM) i7-12700KF, instruction set [SSE2|AVX|AVX2]
Thread count: 12 physical cores, 20 logical processors, using up to 1 threads

Non-default parameters:
TimeLimit  596.8895246
MIPGap  0
MIPGapAbs  0
LogToConsole  0
Threads  1

Optimize a model with 3677 rows, 1583 columns and 16454 nonzeros (Min)
Model fingerprint: 0x22f5d521
Model has 21 linear objective coefficients
Variable types: 407 continuous, 1176 integer (1036 binary)
Coefficient statistics:
  Matrix range     [4e-02, 1e+03]
  Objective range  [5e-02, 1e+00]
  Bounds range     [1e+00, 4e+01]
  RHS range        [1e+00, 5e+03]

Presolve removed 118 rows and 37 columns
Presolve time: 0.04s
Presolved: 3559 rows, 1546 columns, 22797 nonzeros
Variable types: 167 continuous, 1379 integer (1029 binary)
Found heuristic solution: objective 1.0789182

Root relaxation: objective 6.236065e-02, 1109 iterations, 0.03 seconds (0.08 work units)

    Nodes    |    Current Node    |     Objective Bounds      |     Work
 Expl Unexpl |  Obj  Depth IntInf | Incumbent    BestBd   Gap | It/Node Time

     0     0    0.06236    0  213    1.07892    0.06236  94.2%     -    0s
     0     0    0.09967    0  447    1.07892    0.09967  90.8%     -    0s
     0     0    0.10112    0  449    1.07892    0.10112  90.6%     -    0s
     0     0    0.10240    0  485    1.07892    0.10240  90.5%     -    0s
     0     0    0.10253    0  507    1.07892    0.10253  90.5%     -    0s
     0     0    0.10279    0  522    1.07892    0.10279  90.5%     -    0s
     0     0    0.10279    0  529    1.07892    0.10279  90.5%     -    0s
     0     0    0.10314    0  522    1.07892    0.10314  90.4%     -    0s
     0     0    0.10314    0  524    1.07892    0.10314  90.4%     -    0s
     0     0    0.10318    0  527    1.07892    0.10318  90.4%     -    0s
     0     0    0.10318    0  529    1.07892    0.10318  90.4%     -    0s
     0     0    0.10319    0  529    1.07892    0.10319  90.4%     -    0s
     0     0    0.10319    0  531    1.07892    0.10319  90.4%     -    0s
     0     0    0.10319    0  533    1.07892    0.10319  90.4%     -    0s
     0     0    0.10319    0  533    1.07892    0.10319  90.4%     -    0s
     0     0    0.10319    0  506    1.07892    0.10319  90.4%     -    0s
     0     2    0.10319    0  506    1.07892    0.10319  90.4%     -    0s
H   11    11                       0.9952166    0.10429  89.5%   109    1s
H   11    11                       0.9535893    0.10429  89.1%   109    1s
H   11    11                       0.9483035    0.10429  89.0%   109    1s
H   11    11                       0.9457733    0.10429  89.0%   109    1s
H   11    11                       0.9451829    0.10429  89.0%   109    1s
H   11    11                       0.9369304    0.10429  88.9%   109    1s
H   18    18                       0.8848714    0.10429  88.2%   103    1s
H   19    19                       0.8599022    0.10429  87.9%   102    1s
H   24    24                       0.8135754    0.10429  87.2%   104    1s
H   24    24                       0.8115208    0.10429  87.1%   104    1s
H   24    24                       0.8069528    0.10429  87.1%   104    1s
H   24    24                       0.7979277    0.10429  86.9%   104    1s
H   24    24                       0.7967264    0.10429  86.9%   104    1s
H   37    37                       0.7924019    0.10429  86.8%   105    1s
H   37    37                       0.7913899    0.10429  86.8%   105    1s
H   37    37                       0.7885659    0.10429  86.8%   105    1s
H   37    37                       0.7857420    0.10429  86.7%   105    1s
H   54    54                       0.7840947    0.10429  86.7%  86.8    1s
H   54    54                       0.7796375    0.10429  86.6%  86.8    1s
H   98    94                       0.7796296    0.10429  86.6%  70.9    1s
H  164   151                       0.7693609    0.10433  86.4%  57.6    1s
H  164   151                       0.7655850    0.10433  86.4%  57.6    1s
H  164   151                       0.7587014    0.10433  86.2%  57.6    1s
H  164   151                       0.7584197    0.10433  86.2%  57.6    1s
H  178   165                       0.7557959    0.10433  86.2%  62.1    2s
H  178   165                       0.7504647    0.10433  86.1%  62.1    2s
H  178   165                       0.7502891    0.10433  86.1%  62.1    2s
H  178   165                       0.7487674    0.10433  86.1%  62.1    2s
H  439   396                       0.7476916    0.10476  86.0%  42.1    2s
H  439   396                       0.7474797    0.10476  86.0%  42.1    2s
H  537   494                       0.7460942    0.10476  86.0%  40.9    3s
H  537   494                       0.7032921    0.10476  85.1%  40.9    3s
H  537   494                       0.6980862    0.10476  85.0%  40.9    3s
H  537   494                       0.6597543    0.10476  84.1%  40.9    3s
H  537   493                       0.6373577    0.10476  83.6%  40.9    3s
H  537   490                       0.6345337    0.10476  83.5%  40.9    3s
H  537   489                       0.6317183    0.10476  83.4%  40.9    3s
H  537   487                       0.6299701    0.10476  83.4%  40.9    3s
H  537   487                       0.6296481    0.10476  83.4%  40.9    3s
H  537   487                       0.6289282    0.10476  83.3%  40.9    3s
H  537   487                       0.6227214    0.10476  83.2%  40.9    3s
   546   493    0.11331    9  513    0.62272    0.10656  82.9%  40.2    5s
H  554   473                       0.6185925    0.10745  82.6%  39.6    6s
H  566   457                       0.6109047    0.10767  82.4%  49.5    7s
H  566   434                       0.6087277    0.10767  82.3%  49.5    7s
H  566   411                       0.6086368    0.10767  82.3%  49.5    7s
H  566   390                       0.5956624    0.10767  81.9%  49.5    7s
H  566   370                       0.5844925    0.10767  81.6%  49.5    7s
H  566   352                       0.5843649    0.10767  81.6%  49.5    7s
H  566   334                       0.5823865    0.10767  81.5%  49.5    7s
H  566   316                       0.5615629    0.10767  80.8%  49.5    7s
H  566   300                       0.5522337    0.10767  80.5%  49.5    7s
H  566   285                       0.5502821    0.10767  80.4%  49.5    8s
H  566   270                       0.5422211    0.10767  80.1%  49.5    8s
H  566   256                       0.5420000    0.10767  80.1%  49.5    8s
H  570   245                       0.5419121    0.10807  80.1%  50.4    8s
H  587   244                       0.5313451    0.10807  79.7%  54.0    8s
H  588   232                       0.5311191    0.10807  79.7%  54.4    8s
H  601   230                       0.5190190    0.10807  79.2%  57.2    9s
H  601   219                       0.5180534    0.10807  79.1%  57.2    9s
H  603   209                       0.5161342    0.10807  79.1%  58.4    9s
H  603   199                       0.5151135    0.10807  79.0%  58.4    9s
H  608   194                       0.5121476    0.10807  78.9%  58.2    9s
H  608   185                       0.5121146    0.10807  78.9%  58.2    9s
H  608   177                       0.5112291    0.10807  78.9%  58.2    9s
H  608   169                       0.5089409    0.10807  78.8%  58.2    9s
H  611   164                       0.5089208    0.10807  78.8%  58.3    9s
H  611   156                       0.5087033    0.10807  78.8%  58.3    9s
H  611   150                       0.5025248    0.10807  78.5%  58.3    9s
H  611   143                       0.5020766    0.10807  78.5%  58.3    9s
H  611   137                       0.5020026    0.10807  78.5%  58.3    9s
H  613   132                       0.5017499    0.10807  78.5%  59.2    9s
H  613   127                       0.4959932    0.10807  78.2%  59.2   10s
H  613   121                       0.4857704    0.10807  77.8%  59.2   10s
H  615   116                       0.4833628    0.10807  77.6%  60.0   10s
H  618   114                       0.4787948    0.10807  77.4%  60.1   10s
H  618   109                       0.4784287    0.10807  77.4%  60.1   10s
H  659   133                       0.4776762    0.10807  77.4%  62.4   11s
H  659   129                       0.4776262    0.10807  77.4%  62.4   11s
H  759   168                       0.4738503    0.10807  77.2%  61.9   12s
H  759   168                       0.4714379    0.10807  77.1%  61.9   12s
H  759   168                       0.4713056    0.10807  77.1%  61.9   12s
H  759   168                       0.4711734    0.10807  77.1%  61.9   12s
H  759   168                       0.4710411    0.10807  77.1%  61.9   12s
H  764   173                       0.4648852    0.10807  76.8%  62.1   13s
H  786   195                       0.4619326    0.10807  76.6%  64.1   13s
   842   253    0.30966   60  310    0.46193    0.10807  76.6%  68.9   15s
H  846   255                       0.4610773    0.10807  76.6%  69.0   15s
H  882   289                       0.4601513    0.10807  76.5%  71.4   16s
H  882   289                       0.4597681    0.10807  76.5%  71.4   16s
  1089   462    0.25610   64  195    0.45977    0.10954  76.2%  76.9   20s
  1381   726    0.24523   56  353    0.45977    0.11028  76.0%  81.8   25s
  1766  1052    0.25789   62  297    0.45977    0.11048  76.0%  85.8   30s
H 1998  1231                       0.4585039    0.11055  75.9%  86.3   32s
H 1998  1231                       0.4548983    0.11055  75.7%  86.3   32s
H 1998  1231                       0.4542334    0.11055  75.7%  86.3   32s
H 1999  1228                       0.4455319    0.11055  75.2%  86.3   32s
H 1999  1228                       0.4452415    0.11055  75.2%  86.3   32s
H 1999  1221                       0.4405552    0.11055  74.9%  86.3   32s
H 2048  1247                       0.4375238    0.11055  74.7%  85.0   33s
H 2048  1247                       0.4374743    0.11055  74.7%  85.0   33s
H 2048  1247                       0.4373652    0.11055  74.7%  85.0   33s
  2244  1434    0.26224   89  350    0.43737    0.11088  74.6%  86.5   35s
  2880  1981    0.23516   29  415    0.43737    0.11270  74.2%  86.3   40s
  3507  2507    0.22942   42  374    0.43737    0.11361  74.0%  88.1   45s
  4202  3066    0.26288   35  419    0.43737    0.11539  73.6%  86.1   50s
  4930  3653    0.20172   29  445    0.43737    0.11609  73.5%  85.7   55s
  5733  4291    0.19333   28  450    0.43737    0.11734  73.2%  84.1   60s
H 6050  4548                       0.4359730    0.11767  73.0%  84.1   62s
  6406  4833    0.23518   28  438    0.43597    0.11803  72.9%  83.4   65s
H 6473  4894                       0.4359602    0.11803  72.9%  83.1   65s
H 6473  4855                       0.4295131    0.11803  72.5%  83.1   65s
H 6473  4790                       0.4211038    0.11803  72.0%  83.1   65s
H 6473  4732                       0.4146643    0.11803  71.5%  83.1   65s
H 6473  4713                       0.4122514    0.11803  71.4%  83.1   65s
  7051  5156    0.24390   47  391    0.41225    0.11875  71.2%  83.3   70s
  7535  5528    0.20044   42  424    0.41225    0.11935  71.1%  83.3   75s
H 8108  5980                       0.4102479    0.11983  70.8%  83.2   79s
  8230  6068    0.19474   31  426    0.41025    0.12015  70.7%  83.2   80s
  8831  6536    0.21339   29  462    0.41025    0.12072  70.6%  83.5   85s
  9468  7023    0.13576   20  428    0.41025    0.12124  70.4%  83.3   90s
 10097  7514    0.21390   33  421    0.41025    0.12158  70.4%  83.7   95s
 10203  7611    0.37561   65  506    0.41025    0.12159  70.4%  83.6  102s
 10211  7616    0.13584   28  528    0.41025    0.12159  70.4%  83.6  105s
H10215  7237                       0.4091642    0.12159  70.3%  83.5  108s
 10220  7240    0.31084   90  514    0.40916    0.12159  70.3%  83.5  110s
 10229  7246    0.32596   62  542    0.40916    0.12159  70.3%  83.4  115s
 10238  7252    0.27485   39  528    0.40916    0.12159  70.3%  83.4  120s
 10248  7259    0.20782   58  520    0.40916    0.12159  70.3%  83.3  125s
 10256  7264    0.18439   47  529    0.40916    0.12159  70.3%  83.2  130s
 10280  7280    0.27900   48  556    0.40916    0.12159  70.3%  83.0  135s
 10311  7301    0.13584   28  535    0.40916    0.12159  70.3%  82.8  140s
 10350  7329    0.20347   40  427    0.40916    0.12159  70.3%  84.7  145s
H10436  6998                       0.4091222    0.12159  70.3%  85.5  148s
 10550  7043    0.18182   36  435    0.40912    0.12159  70.3%  85.5  150s
H10653  6747                       0.4088483    0.12159  70.3%  85.7  152s
 10715  6775    0.26190   52  383    0.40885    0.12159  70.3%  86.5  155s
 10865  6835    0.12573   36  442    0.40885    0.12159  70.3%  87.5  160s
 11071  6918    0.20917   42  438    0.40885    0.12159  70.3%  88.5  165s
 11211  6992    0.32590   71  361    0.40885    0.12159  70.3%  89.6  170s
 11465  7117    0.31603   81  269    0.40885    0.12159  70.3%  90.4  175s
 11729  7258    0.22673   40  446    0.40885    0.12159  70.3%  91.6  180s
 12052  7438    0.22301   51  415    0.40885    0.12159  70.3%  92.7  185s
 12519  7643    0.32353   56  364    0.40885    0.12159  70.3%  93.2  190s
 12979  7833    0.27411   64  365    0.40885    0.12159  70.3%  93.8  195s
 13474  8032    0.38748   85  311    0.40885    0.12159  70.3%  94.3  200s
H13628  7759                       0.4088483    0.12172  70.2%  94.8  202s
 13780  7829    0.34365   67  404    0.40885    0.12181  70.2%  95.6  205s
H13951  7596                       0.4076717    0.12188  70.1%  95.3  206s
 14231  7702    0.12486   36  475    0.40767    0.12213  70.0%  95.8  210s
 14662  7880    0.19518   42  439    0.40767    0.12314  69.8%  96.9  215s
 15140  8110    0.38258  111  269    0.40767    0.12362  69.7%  97.1  220s
 15626  8326    0.27157   65  417    0.40767    0.12442  69.5%  97.6  225s
 16100  8545    0.13120   43  439    0.40767    0.12507  69.3%  98.2  230s
 16557  8759    0.19488   38  469    0.40767    0.12535  69.3%  98.4  235s
 17031  8983    0.20892   42  441    0.40767    0.12605  69.1%  99.0  240s
 17502  9197    0.29836   51  430    0.40767    0.12670  68.9%  99.3  245s
 17596  9240    0.37191   64  297    0.40767    0.12671  68.9%  99.4  251s
 17942  9388    0.14190   40  446    0.40767    0.12729  68.8%   100  255s
 18437  9614    0.27435   65  367    0.40767    0.12845  68.5%   100  260s
 18919  9823    0.22152   45  431    0.40767    0.12909  68.3%   101  265s
 19530 10106    0.18621   46  465    0.40767    0.12996  68.1%   101  270s
 20291 10444    0.18892   42  423    0.40767    0.13113  67.8%   100  275s
 20952 10740    0.25537   59  373    0.40767    0.13199  67.6%   100  280s
 21490 10942    0.18363   42  491    0.40767    0.13316  67.3%   101  285s
 22070 11173    0.19555   37  485    0.40767    0.13402  67.1%   100  290s
 22518 11366    0.23771   45  430    0.40767    0.13466  67.0%   101  295s
 23055 11582    0.26831   52  392    0.40767    0.13591  66.7%   101  300s
 23740 11842    0.23456   46  409    0.40767    0.13638  66.5%   101  305s
 24295 12082    0.33531   52  318    0.40767    0.13715  66.4%   101  310s
 24875 12264    0.30268   66  392    0.40767    0.13816  66.1%   102  315s
 25449 12470    0.21619   48  421    0.40767    0.13870  66.0%   102  320s
 25989 12692    0.38758   59  326    0.40767    0.13931  65.8%   102  325s
 26336 12819    0.32656   54  368    0.40767    0.14045  65.5%   102  330s
 26896 13076    0.25986   49  440    0.40767    0.14174  65.2%   102  335s
 27367 13239    0.22079   38  458    0.40767    0.14264  65.0%   102  340s
 27854 13450    0.36654   54  389    0.40767    0.14375  64.7%   102  345s
 28329 13690    0.25293   59  366    0.40767    0.14448  64.6%   102  350s
 28932 14111    0.22375   45  475    0.40767    0.14560  64.3%   102  355s
 29430 14462    0.19482   45  452    0.40767    0.14624  64.1%   103  360s
 30045 14932     cutoff   67         0.40767    0.14665  64.0%   103  365s
 30720 15424    0.37529   52  354    0.40767    0.14749  63.8%   103  370s
 31323 15879    0.32255   68  380    0.40767    0.14813  63.7%   102  375s
 31907 16279    0.19367   42  475    0.40767    0.14884  63.5%   103  380s
 32608 16850    0.24525   46  413    0.40767    0.14949  63.3%   102  385s
 33161 17242    0.19296   37  464    0.40767    0.15010  63.2%   102  390s
 33703 17667    0.39162   63  380    0.40767    0.15058  63.1%   103  395s
 34230 18074    0.26625   43  395    0.40767    0.15107  62.9%   103  400s
 34773 18486    0.19270   48  481    0.40767    0.15157  62.8%   103  405s
 35410 18956    0.40307   57  357    0.40767    0.15201  62.7%   103  410s
 36055 19461    0.26325   55  412    0.40767    0.15278  62.5%   102  415s
 36648 19893    0.25941   51  444    0.40767    0.15354  62.3%   102  420s
 37251 20326    0.36102   56  360    0.40767    0.15404  62.2%   103  425s
 37867 20758     cutoff   80         0.40767    0.15462  62.1%   103  430s
 38540 21271    0.26160   57  426    0.40767    0.15563  61.8%   103  435s
 39132 21688    0.17607   45  448    0.40767    0.15650  61.6%   103  440s
 39719 22151    0.26310   57  411    0.40767    0.15704  61.5%   103  445s
 40347 22596    0.27805   78  340    0.40767    0.15770  61.3%   103  450s
 40939 23031    0.19547   50  443    0.40767    0.15830  61.2%   103  455s
 41510 23455    0.26591   53  412    0.40767    0.15843  61.1%   103  460s
 42072 23813    0.17522   38  488    0.40767    0.15903  61.0%   103  465s
 42654 24233    0.30089   50  409    0.40767    0.15974  60.8%   103  470s
 43262 24672    0.31471   68  390    0.40767    0.16013  60.7%   103  475s
 43966 25215    0.35880   74  366    0.40767    0.16061  60.6%   102  480s
 44715 25801    0.35285   75  322    0.40767    0.16121  60.5%   102  485s
 45328 26232    0.33686   77  389    0.40767    0.16179  60.3%   102  490s
 46005 26737    0.36844   73  369    0.40767    0.16254  60.1%   102  495s
 46723 27236    0.23680   50  415    0.40767    0.16315  60.0%   102  500s
 47405 27730    0.18772   36  452    0.40767    0.16351  59.9%   102  505s
 48064 28200    0.25626   57  398    0.40767    0.16394  59.8%   102  510s
 48815 28738    0.18656   44  445    0.40767    0.16459  59.6%   102  515s
 49436 29222    0.40535   68  364    0.40767    0.16519  59.5%   102  520s
 50107 29712    0.36385   70  346    0.40767    0.16563  59.4%   102  525s
 50885 30318    0.27837   49  408    0.40767    0.16608  59.3%   101  530s
 51563 30843    0.25949   55  421    0.40767    0.16657  59.1%   101  535s
 52222 31299    0.27117   64  409    0.40767    0.16698  59.0%   101  540s
 52834 31754    0.24150   49  412    0.40767    0.16733  59.0%   101  545s
 53531 32275    0.20673   48  432    0.40767    0.16765  58.9%   101  550s
 54285 32875    0.32915   47  405    0.40767    0.16789  58.8%   101  555s
 54928 33348    0.27151   52  400    0.40767    0.16827  58.7%   101  560s
 55600 33870    0.32796   46  434    0.40767    0.16883  58.6%   101  565s
 56312 34388    0.29105   49  406    0.40767    0.16930  58.5%   101  570s
 56999 34905    0.39140   82  224    0.40767    0.16954  58.4%   101  575s
 57667 35377    0.27263   64  412    0.40767    0.17003  58.3%   100  580s
 58301 35851    0.37231   56  438    0.40767    0.17042  58.2%   100  585s
 58935 36300    0.23335   49  421    0.40767    0.17082  58.1%   101  590s
 59761 36922    0.27222   45  452    0.40767    0.17116  58.0%   100  595s

Cutting planes:
  Learned: 73
  Gomory: 3
  Cover: 104
  Implied bound: 146
  Projected implied bound: 78
  Clique: 35
  MIR: 517
  Mixing: 1
  StrongCG: 43
  Flow cover: 1081
  GUB cover: 1
  Inf proof: 16
  Zero half: 21
  RLT: 16
  Relax-and-lift: 47
  BQP: 36
  PSD: 1

Explored 59979 nodes (6016113 simplex iterations) in 596.89 seconds (1130.20 work units)
Thread count was 1 (of 20 available processors)

Solution count 10: 0.407672 0.408848 0.409122 ... 0.43596

Time limit reached
Best objective 4.076717406659e-01, best bound 1.712447497403e-01, gap 57.9945%

User-callback calls 193755, time in user-callback 0.92 sec
