
Gurobi 13.0.2 (win64) logging started Thu Oct  1 20:56:37 2026

Set parameter LogFile to value "E:\codes\ExactEBRP\results\unified_exact_round99\factorial01\raw\08_R98-C1_R2\external\native_logs\L0.0_lp.gurobi.log"
Gurobi Optimizer version 13.0.2 build v13.0.2rc1 (win64 - Windows 10.0 (19045.2))

CPU model: 12th Gen Intel(R) Core(TM) i7-12700KF, instruction set [SSE2|AVX|AVX2]
Thread count: 12 physical cores, 20 logical processors, using up to 1 threads

Non-default parameters:
TimeLimit  595.2941137
MIPGap  0
MIPGapAbs  0
LogToConsole  0
Threads  1

Optimize a model with 9058 rows, 3278 columns and 52864 nonzeros (Min)
Model fingerprint: 0x2b78107c
Model has 21 linear objective coefficients
Coefficient statistics:
  Matrix range     [4e-02, 1e+04]
  Objective range  [5e-02, 1e+00]
  Bounds range     [2e-01, 4e+02]
  RHS range        [4e-01, 4e+04]

Presolve removed 1456 rows and 42 columns
Presolve time: 0.03s
Presolved: 7602 rows, 3237 columns, 46203 nonzeros

Iteration    Objective       Primal Inf.    Dual Inf.      Time
       0    0.0000000e+00   4.257659e+02   0.000000e+00      0s
    2599    8.6417369e-02   0.000000e+00   0.000000e+00      0s

Solved in 2599 iterations and 0.14 seconds (0.38 work units)
Optimal objective  8.641736889e-02

User-callback calls 2727, time in user-callback 0.00 sec
