
Gurobi 13.0.2 (win64) logging started Fri Oct  2 01:20:27 2026

Set parameter LogFile to value "E:\codes\ExactEBRP\results\unified_exact_round99\diagnostics\inner_02_R98-C1_M-B\native.log"
Set parameter TimeLimit to value 5.8986000000033528e+02
Gurobi Optimizer version 13.0.2 build v13.0.2rc1 (win64 - Windows 10.0 (19045.2))

CPU model: 12th Gen Intel(R) Core(TM) i7-12700KF, instruction set [SSE2|AVX|AVX2]
Thread count: 12 physical cores, 20 logical processors, using up to 1 threads

Non-default parameters:
TimeLimit  5.8986000000033528e+02
MIPGap  0
MIPGapAbs  0
LogToConsole  0
Threads  1

Optimize a model with 9138 rows, 3318 columns and 53024 nonzeros (Min)
Model fingerprint: 0xd8f16a10
Model has 21 linear objective coefficients
Variable types: 1776 continuous, 1542 integer (1482 binary)
Coefficient statistics:
  Matrix range     [4e-02, 1e+04]
  Objective range  [5e-02, 1e+00]
  Bounds range     [4e-01, 4e+02]
  RHS range        [4e-01, 4e+04]

Loaded user MIP start with objective 0.377846

Presolve removed 1938 rows and 22 columns
Presolve time: 0.08s
Presolved: 7200 rows, 3296 columns, 42711 nonzeros
Variable types: 1564 continuous, 1732 integer (1482 binary)

Root relaxation: objective 8.764071e-02, 3486 iterations, 0.13 seconds (0.29 work units)

    Nodes    |    Current Node    |     Objective Bounds      |     Work
 Expl Unexpl |  Obj  Depth IntInf | Incumbent    BestBd   Gap | It/Node Time

     0     0    0.08764    0  179    0.37785    0.08764  76.8%     -    0s
     0     0    0.13216    0  317    0.37785    0.13216  65.0%     -    0s
     0     0    0.16513    0  334    0.37785    0.16513  56.3%     -    0s
     0     0    0.17887    0  425    0.37785    0.17887  52.7%     -    1s
     0     0    0.20366    0  366    0.37785    0.20366  46.1%     -    1s
     0     0    0.21577    0  361    0.37785    0.21577  42.9%     -    1s
     0     0    0.21758    0  416    0.37785    0.21758  42.4%     -    1s
     0     0    0.22899    0  394    0.37785    0.22899  39.4%     -    2s
     0     0    0.22975    0  387    0.37785    0.22975  39.2%     -    2s
     0     0    0.23163    0  382    0.37785    0.23163  38.7%     -    2s
     0     0    0.23212    0  391    0.37785    0.23212  38.6%     -    2s
     0     0    0.23212    0  391    0.37785    0.23212  38.6%     -    2s
     0     0    0.23212    0  391    0.37785    0.23212  38.6%     -    2s
     0     0    0.23212    0  391    0.37785    0.23212  38.6%     -    2s
     0     0    0.23212    0  391    0.37785    0.23212  38.6%     -    2s
     0     0    0.23212    0  391    0.37785    0.23212  38.6%     -    2s
     0     0    0.23212    0  391    0.37785    0.23212  38.6%     -    2s
     0     0    0.23411    0  395    0.37785    0.23411  38.0%     -    2s
     0     0    0.23579    0  410    0.37785    0.23579  37.6%     -    2s
     0     0    0.24071    0  428    0.37785    0.24071  36.3%     -    3s
     0     0    0.24156    0  438    0.37785    0.24156  36.1%     -    3s
     0     0    0.24919    0  396    0.37785    0.24919  34.1%     -    3s
     0     0    0.25194    0  409    0.37785    0.25194  33.3%     -    3s
     0     0    0.25510    0  395    0.37785    0.25510  32.5%     -    3s
     0     0    0.25594    0  426    0.37785    0.25594  32.3%     -    3s
     0     0    0.26096    0  428    0.37785    0.26096  30.9%     -    3s
     0     0    0.26136    0  429    0.37785    0.26136  30.8%     -    4s
     0     0    0.26269    0  407    0.37785    0.26269  30.5%     -    4s
     0     0    0.26525    0  410    0.37785    0.26525  29.8%     -    4s
     0     0    0.26585    0  419    0.37785    0.26585  29.6%     -    4s
     0     0    0.26593    0  419    0.37785    0.26593  29.6%     -    4s
     0     0    0.26606    0  431    0.37785    0.26606  29.6%     -    4s
     0     0    0.26619    0  431    0.37785    0.26619  29.5%     -    5s
     0     0    0.26625    0  432    0.37785    0.26625  29.5%     -    5s
     0     0    0.26625    0  432    0.37785    0.26625  29.5%     -    5s
     0     0    0.26625    0  423    0.37785    0.26625  29.5%     -    5s
H    0     0                       0.3686123    0.26625  27.8%     -    5s
     0     2    0.26625    0  416    0.36861    0.26625  27.8%     -    5s
H    2     2                       0.3676427    0.26625  27.6%   277    5s
H    2     2                       0.3666770    0.26625  27.4%   277    5s
H    2     2                       0.3665153    0.26625  27.4%   277    5s
H   22    22                       0.3640959    0.26944  26.0%   348    6s
H   22    22                       0.3638090    0.26944  25.9%   348    6s
H   22    22                       0.3600029    0.26944  25.2%   348    6s
H   76    72                       0.3587412    0.26944  24.9%   157    7s
   284   237    0.35098   24  228    0.35874    0.27076  24.5%   127   10s
   621   448    0.35029   25  423    0.35874    0.28857  19.6%   125   15s
   635   457    0.32621   18  409    0.35874    0.28857  19.6%   122   20s
   650   469    0.30535   14  389    0.35874    0.28857  19.6%   154   25s
   799   488     cutoff   17         0.35874    0.28857  19.6%   162   30s
   925   493    0.30686   15  399    0.35874    0.29802  16.9%   174   35s
  1084   480    0.35430   15  363    0.35874    0.30768  14.2%   174   40s
  1250   449    0.33774   15  375    0.35874    0.31680  11.7%   176   45s
  1501   433     cutoff   22         0.35874    0.32166  10.3%   171   50s
  1782   384    0.34844   19  344    0.35874    0.32654  8.98%   173   55s
  2072   345     cutoff   24         0.35874    0.33022  7.95%   172   60s
  2403   392     cutoff   16         0.35874    0.33367  6.99%   164   65s
  2706   403    0.35113   28  292    0.35874    0.33705  6.05%   163   70s
  3111   420    0.35088   22  288    0.35874    0.34069  5.03%   158   75s
  3558   422    0.35453   24  220    0.35874    0.34468  3.92%   153   80s
  4101   504     cutoff   17         0.35874    0.34699  3.28%   143   85s
  4924   680    0.35034   32  118    0.35874    0.34910  2.69%   127   91s
  5844   907    0.35704   41   80    0.35874    0.34980  2.49%   112   95s
  7254  1157    0.35648   24  158    0.35874    0.35080  2.21%  96.2  100s
  8751  1446     cutoff   36         0.35874    0.35165  1.98%  85.0  105s
 10277  1674     cutoff   39         0.35874    0.35227  1.80%  76.4  110s
 11947  1870    0.35314   34  202    0.35874    0.35281  1.65%  69.5  115s
 13408  1981    0.35754   47  125    0.35874    0.35324  1.53%  64.8  120s
 15263  2105     cutoff   38         0.35874    0.35362  1.43%  60.1  125s
 17015  2149    0.35551   37   89    0.35874    0.35402  1.32%  56.6  130s
 18889  2100     cutoff   24         0.35874    0.35444  1.20%  53.5  135s
 20699  2095    0.35765   46   66    0.35874    0.35481  1.10%  50.9  140s
 22618  1966    0.35723   30  111    0.35874    0.35520  0.99%  48.5  146s
 23925  1794    0.35615   46  114    0.35874    0.35551  0.90%  47.0  150s
 25860  1472     cutoff   42         0.35874    0.35607  0.74%  45.1  155s
 27812  1053    0.35788   37  137    0.35874    0.35666  0.58%  43.3  160s
 29795   399    0.35791   40   67    0.35874    0.35763  0.31%  41.6  165s

Cutting planes:
  Learned: 33
  Cover: 88
  Implied bound: 124
  Projected implied bound: 20
  Clique: 16
  MIR: 293
  Mixing: 1
  StrongCG: 6
  Flow cover: 435
  GUB cover: 8
  Inf proof: 1
  Zero half: 1
  Mod-K: 1
  Network: 46
  RLT: 4
  Relax-and-lift: 31

Explored 30400 nodes (1272868 simplex iterations) in 166.57 seconds (296.16 work units)
Thread count was 1 (of 20 available processors)

Solution count 9: 0.358741 0.360003 0.363809 ... 0.377846

Optimal solution found (tolerance 0.00e+00)
Best objective 3.587412415544e-01, best bound 3.587412415544e-01, gap 0.0000%

User-callback calls 107525, time in user-callback 0.12 sec
