
Gurobi 13.0.2 (win64) logging started Fri Aug  7 21:26:47 2026

Set parameter LogFile to value "E:\codes\ExactEBRP\results\gf_v10_convergence_round33\runs\stage1__round33_v10_high_imbalance_M3_Q30_seed1765289896__p_grb__3600s\native.log"
Set parameter Threads to value 1
Set parameter Presolve to value -1
Set parameter Seed to value 0
Set parameter MIPGap to value 0
Set parameter MIPGapAbs to value 0
Set parameter TimeLimit to value 3600
Read LP format model from file E:\codes\ExactEBRP\results\gf_v10_convergence_round33\runs\stage1__round33_v10_high_imbalance_M3_Q30_seed1765289896__p_grb__3600s\canonical.lp
Reading time = 0.00 seconds
obj: 1541 rows, 708 columns, 6517 nonzeros
Set parameter TimeLimit to value 3584.9704688
Gurobi Optimizer version 13.0.2 build v13.0.2rc1 (win64 - Windows 10.0 (19045.2))

CPU model: 12th Gen Intel(R) Core(TM) i7-12700KF, instruction set [SSE2|AVX|AVX2]
Thread count: 12 physical cores, 20 logical processors, using up to 1 threads

Non-default parameters:
TimeLimit  3584.9704688
MIPGap  0
MIPGapAbs  0
LogToConsole  0
Threads  1

Optimize a model with 1541 rows, 708 columns and 6517 nonzeros (Min)
Model fingerprint: 0xf4e7ef09
Model has 11 linear objective coefficients
Variable types: 162 continuous, 546 integer (446 binary)
Coefficient statistics:
  Matrix range     [2e-02, 5e+02]
  Objective range  [2e-02, 1e+00]
  Bounds range     [1e+00, 5e+01]
  RHS range        [1e+00, 4e+03]

Presolve removed 95 rows and 29 columns
Presolve time: 0.03s
Presolved: 1446 rows, 679 columns, 8365 nonzeros
Variable types: 105 continuous, 574 integer (434 binary)
Found heuristic solution: objective 2.9068275
Found heuristic solution: objective 2.0103150

Root relaxation: objective 2.310873e-01, 859 iterations, 0.01 seconds (0.03 work units)

    Nodes    |    Current Node    |     Objective Bounds      |     Work
 Expl Unexpl |  Obj  Depth IntInf | Incumbent    BestBd   Gap | It/Node Time

     0     0    0.23109    0  138    2.01032    0.23109  88.5%     -    0s
     0     0    0.23256    0  136    2.01032    0.23256  88.4%     -    0s
     0     0    0.25899    0  179    2.01032    0.25899  87.1%     -    0s
H    0     0                       2.0012632    0.25943  87.0%     -    0s
     0     0    0.26168    0  153    2.00126    0.26168  86.9%     -    0s
     0     0    0.27193    0  197    2.00126    0.27193  86.4%     -    0s
     0     0    0.28104    0  181    2.00126    0.28104  86.0%     -    0s
     0     0    0.32189    0  218    2.00126    0.32189  83.9%     -    0s
H    0     0                       1.9973575    0.32189  83.9%     -    0s
H    0     0                       1.9967661    0.32189  83.9%     -    0s
     0     0    0.32579    0  203    1.99677    0.32579  83.7%     -    0s
     0     0    0.32760    0  224    1.99677    0.32760  83.6%     -    0s
     0     0    0.32822    0  209    1.99677    0.32822  83.6%     -    0s
     0     0    0.32852    0  218    1.99677    0.32852  83.5%     -    0s
     0     0    0.32867    0  204    1.99677    0.32867  83.5%     -    0s
     0     0    0.32906    0  215    1.99677    0.32906  83.5%     -    0s
H    0     0                       1.8597916    0.32906  82.3%     -    0s
H    0     0                       1.8596870    0.32906  82.3%     -    0s
H    0     0                       1.8595031    0.32906  82.3%     -    0s
     0     0    0.32916    0  197    1.85950    0.32916  82.3%     -    0s
     0     0    0.32918    0  215    1.85950    0.32918  82.3%     -    0s
H    0     0                       1.8260238    0.32922  82.0%     -    0s
H    0     0                       1.8242496    0.32922  82.0%     -    0s
     0     0    0.32922    0  202    1.82425    0.32922  82.0%     -    0s
     0     0    0.32922    0  210    1.82425    0.32922  82.0%     -    0s
     0     0    0.32922    0  210    1.82425    0.32922  82.0%     -    0s
     0     0    0.32922    0  185    1.82425    0.32922  82.0%     -    0s
H    0     0                       1.8240921    0.32922  82.0%     -    0s
H    0     0                       1.8234533    0.32922  81.9%     -    0s
H    0     0                       1.8227972    0.32922  81.9%     -    0s
H    0     0                       1.8164393    0.32922  81.9%     -    0s
     0     2    0.32922    0  185    1.81644    0.32922  81.9%     -    0s
H    3     3                       1.8077014    0.33103  81.7%   234    0s
H    7     7                       1.7997265    0.33103  81.6%   346    0s
H   15    15                       1.5708654    0.33103  78.9%   397    0s
H   15    15                       1.5704364    0.33103  78.9%   397    0s
H   15    15                       1.5500954    0.33103  78.6%   397    0s
H   15    15                       1.5044062    0.33103  78.0%   397    0s
H   15    15                       1.5031304    0.33103  78.0%   397    0s
H   15    15                       1.5030909    0.33103  78.0%   397    0s
H   19    19                       1.5026303    0.33103  78.0%   349    1s
H   19    19                       1.5008221    0.33103  77.9%   349    1s
H   19    19                       1.5006329    0.33103  77.9%   349    1s
H   19    19                       1.4994344    0.33103  77.9%   349    1s
H   30    24                       1.4953892    0.36845  75.4%   349    1s
H   38    32                       1.4690278    0.36845  74.9%   355    1s
H   86    75                       1.4662424    0.36845  74.9%   173    1s
H   86    75                       1.4657671    0.36845  74.9%   173    1s
H   86    75                       1.4648885    0.36845  74.8%   173    1s
H  264   195                       1.3468092    0.37699  72.0%   113    2s
H  264   190                       1.3061525    0.37699  71.1%   113    2s
H  264   190                       1.3054626    0.37699  71.1%   113    2s
H  264   184                       1.3017008    0.37699  71.0%   113    2s
H  264   184                       1.3010557    0.37699  71.0%   113    2s
H  264   184                       1.3006676    0.37699  71.0%   113    2s
H  265   151                       1.1297284    0.37792  66.5%   127    2s
H  265   151                       1.1295670    0.37792  66.5%   127    2s
H  265   151                       1.1282676    0.37792  66.5%   127    2s
H  265   151                       1.1279156    0.37792  66.5%   127    2s
H  265   151                       1.1275605    0.37792  66.5%   127    2s
H  297   183                       1.1242696    0.37792  66.4%   120    2s
H  332   210                       1.1158354    0.37792  66.1%   109    2s
H  332   210                       1.1151728    0.37792  66.1%   109    2s
H  332   210                       1.1147415    0.37792  66.1%   109    2s
H  345   213                       1.1133347    0.37792  66.1%   108    2s
H  345   213                       1.1085731    0.37792  65.9%   108    2s
H  345   213                       1.1038371    0.37792  65.8%   108    2s
H  345   213                       1.1005267    0.37792  65.7%   108    2s
H  345   213                       1.0995984    0.37792  65.6%   108    2s
H  345   213                       1.0964548    0.37792  65.5%   108    2s
H  345   213                       1.0957970    0.37792  65.5%   108    2s
H  527   303                       1.0946031    0.38494  64.8%   116    3s
H  527   303                       1.0930583    0.38494  64.8%   116    3s
   654   387    0.65982   11  210    1.09306    0.40668  62.8%   125    5s
H  661   371                       1.0916974    0.40668  62.7%   124    5s
H  669   358                       1.0904728    0.40668  62.7%   123    6s
H  673   341                       1.0890509    0.40668  62.7%   122    7s
H  680   327                       1.0889599    0.40668  62.7%   161    7s
H  680   310                       1.0889311    0.40668  62.7%   161    7s
H  680   294                       1.0889023    0.40668  62.7%   161    7s
H  681   279                       1.0886859    0.40668  62.6%   163    7s
H  681   265                       1.0883177    0.40668  62.6%   163    7s
H  681   251                       1.0880420    0.40668  62.6%   163    7s
H  681   238                       1.0880310    0.40668  62.6%   163    7s
H  681   226                       1.0879438    0.40668  62.6%   163    7s
H  681   215                       1.0855867    0.40668  62.5%   163    7s
H  681   203                       1.0850967    0.40668  62.5%   163    7s
H  681   193                       1.0850788    0.40668  62.5%   163    7s
H  681   183                       1.0850469    0.40668  62.5%   163    7s
H  681   174                       1.0847783    0.40668  62.5%   163    7s
H  682   165                       1.0829606    0.40668  62.4%   163    7s
H  682   156                       1.0819511    0.40668  62.4%   163    7s
H  682   148                       1.0812001    0.40668  62.4%   163    7s
H  682   140                       1.0810694    0.40668  62.4%   163    7s
H  682   133                       1.0797369    0.40668  62.3%   163    7s
H  683   127                       1.0748489    0.40668  62.2%   163    7s
H  683   120                       1.0745616    0.40668  62.2%   163    7s
H  683   114                       1.0734511    0.40668  62.1%   163    7s
H  731   130                       1.0657661    0.40668  61.8%   176   10s
H  731   124                       1.0650784    0.40668  61.8%   176   10s
H  731   119                       1.0650426    0.40668  61.8%   176   10s
H  731   114                       1.0649283    0.40668  61.8%   176   10s
H  732   110                       1.0627873    0.40668  61.7%   176   10s
H  732   105                       1.0593255    0.40668  61.6%   176   10s
H  732   101                       1.0586497    0.40668  61.6%   176   10s
H  746    95                       1.0553065    0.40668  61.5%   174   10s
H  747    92                       1.0552871    0.40668  61.5%   174   10s
H  747    88                       1.0552319    0.40668  61.5%   174   10s
H  772    94                       1.0551194    0.40668  61.5%   189   12s
H  777    95                       1.0546497    0.40668  61.4%   191   12s
H  779    91                       1.0540954    0.40668  61.4%   192   12s
H  800    98                       1.0540635    0.40668  61.4%   196   13s
H  800    95                       1.0536582    0.40668  61.4%   196   13s
H  800    92                       1.0531914    0.40668  61.4%   196   13s
   869   113     cutoff   20         1.05319    0.43590  58.6%   223   15s
  1006   176    0.55881   18  195    1.05319    0.54674  48.1%   282   20s
  1308   347    0.92568   29  151    1.05319    0.55446  47.4%   281   25s
  1548   492    0.62289   25  177    1.05319    0.55780  47.0%   287   30s
  1869   705    0.88062   30  141    1.05319    0.56301  46.5%   285   35s
  2194   850    0.87446   29  140    1.05319    0.56831  46.0%   287   40s
H 2263   887                       1.0528754    0.56850  46.0%   286   41s
H 2263   887                       1.0522263    0.56850  46.0%   286   41s
  2442   974    0.82220   35   78    1.05223    0.57011  45.8%   291   45s
  2702  1029    0.68564   21  177    1.05223    0.57696  45.2%   300   50s
  2941  1127    0.58646   25  205    1.05223    0.58049  44.8%   305   55s
  3179  1254    0.74048   27  150    1.05223    0.58221  44.7%   307   60s
  3502  1442    0.77052   28  161    1.05223    0.58419  44.5%   301   65s
  3750  1588    0.69657   35  121    1.05223    0.58794  44.1%   306   70s
  4017  1704    0.71359   30  135    1.05223    0.59201  43.7%   307   75s
* 4108  1752              50       1.0409986    0.59241  43.1%   305   76s
H 4146  1757                       1.0393476    0.59277  43.0%   304   76s
H 4146  1750                       1.0366441    0.59277  42.8%   304   76s
H 4146  1745                       1.0358167    0.59277  42.8%   304   76s
H 4146  1706                       1.0264968    0.59277  42.3%   304   76s
H 4146  1671                       1.0176305    0.59277  41.8%   304   76s
H 4146  1670                       1.0163815    0.59277  41.7%   304   76s
H 4146  1666                       1.0133391    0.59277  41.5%   304   76s
H 4146  1650                       1.0071853    0.59277  41.1%   304   76s
H 4146  1650                       1.0070518    0.59277  41.1%   304   76s
H 4152  1653                       1.0065258    0.59279  41.1%   304   76s
H 4156  1651                       1.0060374    0.59279  41.1%   304   76s
H 4174  1655                       1.0059157    0.59309  41.0%   305   77s
  4365  1746    0.70008   30  170    1.00592    0.59474  40.9%   303   80s
  4600  1812     cutoff   32         1.00592    0.59769  40.6%   308   85s
H 4708  1847                       1.0059157    0.59863  40.5%   311   87s
  4835  1908    0.91974   40  115    1.00592    0.60116  40.2%   313   90s
  5106  2026    0.82183   31  158    1.00592    0.60539  39.8%   313   95s
  5483  2151    0.62090   25  206    1.00592    0.60944  39.4%   313  100s
  5785  2270    0.90409   30  167    1.00592    0.61285  39.1%   315  105s
  6149  2383    0.91818   28  175    1.00592    0.61571  38.8%   314  110s
  6531  2498    0.63089   27  200    1.00592    0.61893  38.5%   312  115s
  6803  2581    0.63961   26  192    1.00592    0.62289  38.1%   314  120s
  7205  2708    0.84960   20  137    1.00592    0.62691  37.7%   312  125s
  7653  2845    0.73088   25  207    1.00592    0.62996  37.4%   309  130s
  7968  2933 infeasible   41         1.00592    0.63188  37.2%   310  135s
  8314  3038     cutoff   28         1.00592    0.63603  36.8%   311  140s
  8703  3121    0.64039   30  193    1.00592    0.63864  36.5%   309  145s
  9074  3265    0.67661   26  192    1.00592    0.64021  36.4%   307  150s
  9527  3399    0.64584   23  211    1.00592    0.64255  36.1%   304  155s
 10074  3603    0.65897   31  178    1.00592    0.64367  36.0%   297  160s
 10203  3632    0.64425   23  185    1.00592    0.64425  36.0%   298  168s
 10213  3639    0.90882   34  222    1.00592    0.64425  36.0%   298  170s
 10233  3652    0.87314   37  241    1.00592    0.64425  36.0%   298  175s
 10252  3665    0.73330   36  246    1.00592    0.64425  36.0%   297  180s
 10272  3678    0.93289   28  262    1.00592    0.64425  36.0%   296  185s
 10291  3691    0.80060   37  230    1.00592    0.64425  36.0%   296  190s
 10318  3709    0.64425   30  195    1.00592    0.64425  36.0%   303  195s
 10538  3770    0.96766   52   79    1.00592    0.64425  36.0%   303  200s
 10973  3900    0.64425   33  171    1.00592    0.64425  36.0%   297  205s
 11634  3973    0.75529   38  109    1.00592    0.64425  36.0%   287  210s
 12469  4067    0.74282   40  149    1.00592    0.64425  36.0%   275  215s
 13407  4188    0.90002   49  117    1.00592    0.66411  34.0%   263  220s
 14445  4248    0.90684   53  101    1.00592    0.68531  31.9%   251  225s
 15579  4340    0.77711   37  140    1.00592    0.70227  30.2%   239  230s
 16800  4428    0.97113   49   87    1.00592    0.71728  28.7%   227  235s
 18029  4363    0.99071   45   93    1.00592    0.73607  26.8%   217  240s
 19427  4463    0.83038   48  108    1.00592    0.74264  26.2%   206  245s
 20788  4435     cutoff   53         1.00592    0.75342  25.1%   198  250s
 22350  4804    0.95567   43   86    1.00592    0.75942  24.5%   190  255s
 23885  5248    0.80160   46  125    1.00592    0.76594  23.9%   182  260s
 25181  5628     cutoff   44         1.00592    0.77005  23.4%   178  265s
 26624  5977    0.99809   53  107    1.00592    0.77449  23.0%   172  270s
 28176  6389    0.87938   42  118    1.00592    0.78079  22.4%   167  275s
 29809  6740     cutoff   49         1.00592    0.78664  21.8%   162  280s
 31347  7029    0.94733   49  107    1.00592    0.79221  21.2%   157  285s
 32790  7368    0.98988   62   80    1.00592    0.79538  20.9%   154  290s
 34355  7658    0.95020   50  121    1.00592    0.80030  20.4%   150  295s
 35947  7996    0.97179   51   82    1.00592    0.80516  20.0%   147  300s
 37405  8429    0.89008   58  121    1.00592    0.80831  19.6%   144  305s
 38901  8713    0.93919   35  130    1.00592    0.81392  19.1%   141  310s
 40440  9042 infeasible   56         1.00592    0.81690  18.8%   139  315s
 41965  9365     cutoff   45         1.00592    0.82053  18.4%   136  320s
 43500  9724    0.87606   47  110    1.00592    0.82391  18.1%   134  325s
 44985 10005    0.95090   44   99    1.00592    0.82628  17.9%   132  330s
 46585 10273    0.94008   55  106    1.00592    0.82959  17.5%   130  335s
 48065 10623    0.84333   40  143    1.00592    0.83141  17.3%   128  340s
 49555 10885    0.88591   47  108    1.00592    0.83425  17.1%   126  345s
 51043 11166    0.92908   46  110    1.00592    0.83773  16.7%   124  350s
 52643 11384    0.98839   56   98    1.00592    0.84238  16.3%   123  355s
 54115 11670     cutoff   48         1.00592    0.84500  16.0%   121  360s
 55597 11975    0.91662   53   71    1.00592    0.84739  15.8%   120  365s
 57119 12342    0.99118   58  103    1.00592    0.84904  15.6%   118  370s
 58922 12781    0.97180   47   90    1.00592    0.85158  15.3%   116  375s
 60681 13231    0.92703   52  119    1.00592    0.85441  15.1%   115  380s
 62497 13713    0.95000   56   77    1.00592    0.85645  14.9%   113  385s
 64531 14326    0.91007   49  122    1.00592    0.85909  14.6%   111  390s
 66097 14619    0.90473   55  102    1.00592    0.86175  14.3%   110  395s
 68035 15205    0.93729   46  140    1.00592    0.86372  14.1%   109  400s
 70491 15994    0.98677   60   95    1.00592    0.86611  13.9%   106  405s
 72571 16585    0.99580   50   78    1.00592    0.86837  13.7%   105  410s
 74639 17105    0.87486   47  114    1.00592    0.87052  13.5%   103  415s
 76802 17644    0.93988   45   75    1.00592    0.87294  13.2%   102  420s
 78939 18138    0.93379   60  100    1.00592    0.87472  13.0%   101  425s
 80710 18550    0.99354   65   74    1.00592    0.87606  12.9%   100  430s
 82992 19111    0.95147   49   98    1.00592    0.87790  12.7%  98.2  435s
 84823 19507    0.88824   47  104    1.00592    0.87905  12.6%  97.3  440s
 86888 19989    0.97279   57   97    1.00592    0.88034  12.5%  96.3  445s
 89201 20664    0.93778   55   98    1.00592    0.88186  12.3%  95.0  450s
 91066 21011    0.96635   57   83    1.00592    0.88289  12.2%  94.2  455s
 92964 21386    0.90029   57  115    1.00592    0.88390  12.1%  93.5  460s
 94910 21726 infeasible   53         1.00592    0.88524  12.0%  92.7  465s
 96731 22088    0.92452   49  114    1.00592    0.88634  11.9%  92.0  470s
 98866 22603    0.96346   51   94    1.00592    0.88728  11.8%  91.1  475s
 101106 23067    0.91958   47  120    1.00592    0.88846  11.7%  90.1  480s
 103094 23512    0.99184   50  126    1.00592    0.88927  11.6%  89.4  485s
 105121 23967    0.89817   45  125    1.00592    0.89012  11.5%  88.7  490s
 106887 24293 infeasible   54         1.00592    0.89115  11.4%  88.2  495s
 108728 24637    0.93320   51  105    1.00592    0.89221  11.3%  87.6  500s
 110886 25118     cutoff   54         1.00592    0.89291  11.2%  86.9  505s
 113036 25538    0.89669   55  112    1.00592    0.89382  11.1%  86.2  510s
 114515 25732    0.98688   57   84    1.00592    0.89452  11.1%  85.9  515s
 116703 26149     cutoff   53         1.00592    0.89517  11.0%  85.2  520s
 118819 26519 infeasible   52         1.00592    0.89623  10.9%  84.6  525s
 120846 26891    0.97648   52  104    1.00592    0.89698  10.8%  84.1  530s
 122896 27254    0.94593   58   94    1.00592    0.89769  10.8%  83.5  535s
 124979 27648     cutoff   56         1.00592    0.89835  10.7%  83.0  540s
 126853 27945    0.99181   56   94    1.00592    0.89912  10.6%  82.5  545s
 129068 28361    0.91984   47  106    1.00592    0.89992  10.5%  81.9  550s
 130817 28565    0.91193   44   97    1.00592    0.90059  10.5%  81.7  555s
 132777 28806    0.91343   60  106    1.00592    0.90132  10.4%  81.3  560s
 134376 28934    0.90184   45   87    1.00592    0.90184  10.3%  81.0  565s
 136402 29212    0.91914   47  110    1.00592    0.90253  10.3%  80.6  570s
 138565 29539    0.93592   55  132    1.00592    0.90313  10.2%  80.1  575s
 140745 29880    0.96107   60  106    1.00592    0.90374  10.2%  79.7  580s
 142751 30035    0.93987   54   87    1.00592    0.90427  10.1%  79.3  585s
 144407 30168    0.92687   49  113    1.00592    0.90471  10.1%  79.0  590s
 146668 30477    0.91940   51  134    1.00592    0.90538  10.0%  78.6  595s
 148708 30758    0.93622   57   92    1.00592    0.90597  9.94%  78.2  600s
 150854 31040     cutoff   46         1.00592    0.90674  9.86%  77.8  605s
 152803 31294     cutoff   59         1.00592    0.90741  9.79%  77.4  610s
 154921 31584 infeasible   54         1.00592    0.90793  9.74%  77.1  615s
 156740 31853    0.95537   53   84    1.00592    0.90835  9.70%  76.7  620s
 158682 31986    0.92470   46  118    1.00592    0.90890  9.64%  76.5  625s
 160844 32244    0.97227   53   87    1.00592    0.90930  9.60%  76.1  630s
 162779 32442    0.98186   56   92    1.00592    0.90980  9.56%  75.9  635s
 164523 32527    0.92466   50   96    1.00592    0.91028  9.51%  75.7  640s
 166762 32874    0.97107   58   88    1.00592    0.91067  9.47%  75.3  645s
 168524 33024    0.93363   53   93    1.00592    0.91123  9.41%  75.1  650s
 170184 33032     cutoff   57         1.00592    0.91170  9.37%  75.1  655s
 172235 33255 infeasible   57         1.00592    0.91204  9.33%  74.8  660s
 174134 33318    0.98852   48   63    1.00592    0.91247  9.29%  74.6  665s
 176157 33523    1.00421   61   78    1.00592    0.91287  9.25%  74.3  670s
 178149 33746 infeasible   57         1.00592    0.91329  9.21%  74.1  675s
 180292 33906 infeasible   53         1.00592    0.91385  9.15%  73.8  680s
 182366 34069    0.91935   52  100    1.00592    0.91439  9.10%  73.6  685s
 184197 34125    0.96274   55   98    1.00592    0.91484  9.05%  73.4  690s
 186451 34366    1.00410   64   88    1.00592    0.91532  9.01%  73.1  695s
 188613 34662    0.99141   56   92    1.00592    0.91576  8.96%  72.8  700s
 190817 34872     cutoff   56         1.00592    0.91623  8.92%  72.6  705s
 192815 35083 infeasible   54         1.00592    0.91667  8.87%  72.4  710s
 195239 35509    0.96296   51  118    1.00592    0.91706  8.83%  72.0  715s
 197342 35696     cutoff   66         1.00592    0.91756  8.78%  71.8  720s
 199397 35955    0.97422   57   93    1.00592    0.91793  8.75%  71.6  725s
 201397 36140     cutoff   58         1.00592    0.91824  8.72%  71.4  730s
 203636 36350 infeasible   55         1.00592    0.91872  8.67%  71.1  735s
 205987 36657    0.92506   57  119    1.00592    0.91907  8.63%  70.8  740s
 208044 36840 infeasible   49         1.00592    0.91938  8.60%  70.6  745s
 210518 37255    0.94175   50  109    1.00592    0.91968  8.57%  70.3  750s
 212811 37504    0.92004   59   96    1.00592    0.92004  8.54%  70.1  755s
 214728 37604    0.96378   55  121    1.00592    0.92035  8.51%  69.9  760s
 216693 37650    0.93277   54  108    1.00592    0.92074  8.47%  69.8  765s
 218752 37814    0.96357   50  100    1.00592    0.92108  8.43%  69.6  770s
 220679 37929 infeasible   66         1.00592    0.92143  8.40%  69.5  775s
 222427 38013    0.96181   53   98    1.00592    0.92173  8.37%  69.3  780s
 224394 38112 infeasible   57         1.00592    0.92215  8.33%  69.2  785s
 226150 38193    0.96627   63   81    1.00592    0.92255  8.29%  69.1  790s
 228151 38235    0.98715   51   87    1.00592    0.92294  8.25%  69.0  795s
 230096 38256    0.99428   56   58    1.00592    0.92332  8.21%  68.8  800s
 232179 38325    0.99032   38  102    1.00592    0.92370  8.17%  68.7  805s
 234394 38470     cutoff   55         1.00592    0.92406  8.14%  68.5  810s
 236726 38642    0.93555   43   92    1.00592    0.92447  8.10%  68.3  815s
 239053 38856    0.93578   58   86    1.00592    0.92483  8.06%  68.1  820s
 241082 38867    0.99807   61  101    1.00592    0.92515  8.03%  68.0  825s
 243245 39047    0.95459   53  104    1.00592    0.92560  7.98%  67.8  830s
 245313 39119    0.94871   47   89    1.00592    0.92604  7.94%  67.6  835s
 247407 39170 infeasible   52         1.00592    0.92647  7.90%  67.5  840s
 249561 39304    0.98050   49   85    1.00592    0.92686  7.86%  67.3  845s
 251508 39303    0.96976   40   75    1.00592    0.92732  7.81%  67.3  850s
 253715 39518    0.97235   56  123    1.00592    0.92755  7.79%  67.1  855s
 255988 39639 infeasible   59         1.00592    0.92791  7.76%  66.9  860s
 258155 39737    0.96243   54   93    1.00592    0.92828  7.72%  66.8  865s
 260318 39908    0.92924   57  114    1.00592    0.92869  7.68%  66.6  870s
 262456 40033    0.99471   65   59    1.00592    0.92894  7.65%  66.5  875s
 264445 40108     cutoff   59         1.00592    0.92925  7.62%  66.4  880s
 266368 40163    0.96186   52  104    1.00592    0.92951  7.60%  66.3  885s
 268547 40339 infeasible   53         1.00592    0.92986  7.56%  66.2  890s
 270766 40462 infeasible   65         1.00592    0.93024  7.52%  66.0  895s
 272819 40662    0.96153   54   86    1.00592    0.93056  7.49%  65.9  900s
 274884 40693    1.00519   49  131    1.00592    0.93094  7.45%  65.7  905s
 276988 40817 infeasible   60         1.00592    0.93127  7.42%  65.6  910s
 279255 41040    0.94269   53  108    1.00592    0.93160  7.39%  65.5  915s
 281765 41238     cutoff   60         1.00592    0.93200  7.35%  65.3  920s
 284108 41463    0.94154   57  102    1.00592    0.93231  7.32%  65.1  925s
 286408 41588 infeasible   58         1.00592    0.93260  7.29%  65.0  930s
 288698 41749    0.94375   50   98    1.00592    0.93304  7.24%  64.8  935s
 290619 41744    0.96939   48   62    1.00592    0.93339  7.21%  64.8  940s
 292705 41806    1.00020   56   95    1.00592    0.93370  7.18%  64.7  945s
 295258 42057    0.94517   57  102    1.00592    0.93406  7.14%  64.5  950s
 297508 42160 infeasible   54         1.00592    0.93443  7.11%  64.3  955s
 300134 42338    0.93958   51  103    1.00592    0.93474  7.08%  64.1  960s
 302390 42429    0.94728   51  101    1.00592    0.93512  7.04%  64.0  965s
 304686 42517 infeasible   53         1.00592    0.93544  7.01%  63.9  970s
 306899 42716    0.94646   57   93    1.00592    0.93571  6.98%  63.7  975s
 309070 42803    0.95487   48   95    1.00592    0.93599  6.95%  63.6  980s
 311370 42932    0.94017   53  106    1.00592    0.93634  6.92%  63.5  985s
 313831 43120 infeasible   54         1.00592    0.93669  6.88%  63.3  990s
 316327 43320     cutoff   52         1.00592    0.93707  6.84%  63.2  995s
 318659 43516    0.94594   55   95    1.00592    0.93733  6.82%  63.0 1000s
 321018 43594     cutoff   61         1.00592    0.93768  6.78%  62.9 1005s
 323398 43840    0.95988   58  116    1.00592    0.93794  6.76%  62.7 1010s
 326203 44124    0.95604   56   85    1.00592    0.93828  6.72%  62.5 1015s
 328343 44165 infeasible   59         1.00592    0.93862  6.69%  62.4 1020s
 330770 44361    0.96478   52   87    1.00592    0.93896  6.66%  62.3 1025s
 333513 44540    0.95328   54   85    1.00592    0.93938  6.61%  62.1 1030s
 336049 44757    0.97952   57  106    1.00592    0.93967  6.59%  61.9 1035s
 338660 44967     cutoff   55         1.00592    0.94002  6.55%  61.8 1040s
 341150 45102     cutoff   55         1.00592    0.94033  6.52%  61.6 1045s
 343737 45233    0.95398   53  103    1.00592    0.94074  6.48%  61.5 1050s
 346267 45289    0.94135   54   90    1.00592    0.94112  6.44%  61.3 1055s
 348570 45370    0.94144   51   80    1.00592    0.94144  6.41%  61.2 1060s
 350815 45399    0.96530   59   98    1.00592    0.94178  6.38%  61.1 1065s
 353340 45506    0.98353   57   84    1.00592    0.94213  6.34%  61.0 1070s
 356086 45683    0.97943   55   90    1.00592    0.94253  6.30%  60.8 1075s
 358561 45790    0.94617   49   87    1.00592    0.94285  6.27%  60.7 1080s
 361122 45928    0.94313   55   97    1.00592    0.94313  6.24%  60.5 1085s
 363985 46219    0.98902   54   71    1.00592    0.94341  6.21%  60.3 1090s
 366672 46581     cutoff   51         1.00592    0.94365  6.19%  60.2 1095s
 369346 46774 infeasible   54         1.00592    0.94393  6.16%  60.0 1100s
 372022 46985     cutoff   60         1.00592    0.94421  6.13%  59.9 1105s
H372751 47055                       1.0059157    0.94429  6.13%  59.8 1106s
 373907 47085    0.96458   57   92    1.00592    0.94443  6.11%  59.8 1110s
 375817 47089    0.97477   53   65    1.00592    0.94466  6.09%  59.7 1115s
 378145 47102    0.97382   55   77    1.00592    0.94494  6.06%  59.6 1120s
 380534 47095    0.94939   56   94    1.00592    0.94528  6.03%  59.5 1125s
 383154 47239    1.00488   58   46    1.00592    0.94568  5.99%  59.4 1130s
 385647 47365    0.99576   50   86    1.00592    0.94595  5.96%  59.3 1135s
 388219 47478 infeasible   54         1.00592    0.94630  5.93%  59.2 1140s
 391124 47724    0.94739   51  121    1.00592    0.94666  5.89%  59.0 1145s
 393893 47891    0.95067   50  110    1.00592    0.94696  5.86%  58.9 1150s
 396704 48057 infeasible   59         1.00592    0.94726  5.83%  58.7 1155s
 399650 48228    0.94949   53  116    1.00592    0.94762  5.80%  58.6 1160s
 402799 48528    0.96390   50   82    1.00592    0.94793  5.76%  58.4 1165s
 405266 48538    0.98526   54   76    1.00592    0.94823  5.73%  58.3 1170s
 407962 48548     cutoff   52         1.00592    0.94854  5.70%  58.2 1175s
 410723 48717 infeasible   58         1.00592    0.94882  5.68%  58.0 1180s
 413726 48835    0.96970   45   84    1.00592    0.94917  5.64%  57.9 1185s
 416143 48842 infeasible   61         1.00592    0.94952  5.61%  57.7 1190s
 418819 48977    0.96534   52  111    1.00592    0.94979  5.58%  57.6 1195s
 420980 49023     cutoff   52         1.00592    0.95003  5.56%  57.6 1200s
 423697 49093    0.99569   60   70    1.00592    0.95035  5.52%  57.4 1205s
 426339 49089    0.95119   53  121    1.00592    0.95069  5.49%  57.3 1210s
 428934 49063    0.98928   61   77    1.00592    0.95103  5.46%  57.2 1215s
 431966 49315 infeasible   49         1.00592    0.95135  5.42%  57.1 1220s
 435105 49607    0.95305   50  117    1.00592    0.95160  5.40%  56.9 1225s
 438044 49705    0.99211   49   45    1.00592    0.95188  5.37%  56.7 1230s
 440909 49944    0.97671   53   92    1.00592    0.95220  5.34%  56.6 1235s
 443477 50160    0.99315   50   77    1.00592    0.95247  5.31%  56.5 1240s
 446388 50367     cutoff   52         1.00592    0.95271  5.29%  56.4 1245s
 449438 50489    0.97084   56   94    1.00592    0.95302  5.26%  56.2 1250s
 452927 50830    0.96251   54   96    1.00592    0.95331  5.23%  56.0 1255s
 455888 51011    1.00553   54   75    1.00592    0.95361  5.20%  55.9 1260s
 458688 51155 infeasible   66         1.00592    0.95389  5.17%  55.8 1265s
 461512 51322 infeasible   61         1.00592    0.95411  5.15%  55.6 1270s
 464406 51449    0.99724   51   93    1.00592    0.95440  5.12%  55.5 1275s
 467301 51630    0.99049   51  103    1.00592    0.95468  5.09%  55.4 1280s
 470364 51793    0.98049   50  108    1.00592    0.95498  5.06%  55.2 1285s
 473358 51956    1.00480   61   83    1.00592    0.95525  5.04%  55.1 1290s
 476225 52081    0.95728   55   53    1.00592    0.95553  5.01%  55.0 1295s
 479211 52162    0.96554   56   98    1.00592    0.95591  4.97%  54.9 1300s
 482147 52426    0.95737   49  101    1.00592    0.95615  4.95%  54.8 1305s
 485202 52726    0.96915   60   65    1.00592    0.95641  4.92%  54.6 1310s
 487712 52824    0.95668   38   99    1.00592    0.95668  4.89%  54.5 1315s
 491114 53074    0.97110   53   88    1.00592    0.95699  4.86%  54.4 1320s
 494176 53332 infeasible   63         1.00592    0.95721  4.84%  54.2 1325s
 497309 53374    0.98838   60   80    1.00592    0.95754  4.81%  54.1 1330s
 500284 53402    0.96684   56  102    1.00592    0.95786  4.78%  54.0 1335s
 503089 53456    0.95818   54  129    1.00592    0.95818  4.75%  53.9 1340s
 506294 53629    0.95901   54   94    1.00592    0.95847  4.72%  53.7 1345s
 509367 53940    0.97643   67   91    1.00592    0.95865  4.70%  53.6 1350s
 512601 54136    0.97051   63   91    1.00592    0.95892  4.67%  53.5 1355s
 515762 54332    0.97418   58   79    1.00592    0.95917  4.65%  53.4 1360s
 518956 54575    0.99652   51   68    1.00592    0.95939  4.63%  53.2 1365s
 521529 54611    0.98107   68   91    1.00592    0.95960  4.60%  53.1 1370s
 524804 54880    0.95989   55   59    1.00592    0.95985  4.58%  53.0 1375s
 527556 54924 infeasible   51         1.00592    0.96011  4.55%  52.9 1380s
 530457 55019 infeasible   59         1.00592    0.96034  4.53%  52.8 1385s
 533557 55104    0.98041   55   97    1.00592    0.96057  4.51%  52.7 1390s
 536554 55104    0.98085   58   93    1.00592    0.96088  4.48%  52.6 1395s
 539789 55155 infeasible   57         1.00592    0.96119  4.45%  52.5 1400s
 542913 55305 infeasible   66         1.00592    0.96141  4.42%  52.4 1405s
 546151 55584    0.99043   58   79    1.00592    0.96165  4.40%  52.2 1410s
 549325 55649    1.00308   60   89    1.00592    0.96186  4.38%  52.1 1415s
 552864 55854    0.98562   63   93    1.00592    0.96211  4.35%  52.0 1420s
 555909 56018    0.98268   52   75    1.00592    0.96235  4.33%  51.9 1425s
 559396 56093    0.99460   56  105    1.00592    0.96261  4.31%  51.7 1430s
 562843 56346     cutoff   59         1.00592    0.96286  4.28%  51.6 1435s
 566012 56480    1.00513   56   57    1.00592    0.96306  4.26%  51.5 1440s
 568628 56404    0.97282   54   97    1.00592    0.96328  4.24%  51.4 1445s
 571824 56597    0.98566   54   92    1.00592    0.96348  4.22%  51.3 1450s
 575045 56650    0.98539   60   76    1.00592    0.96374  4.19%  51.2 1455s
 578141 56771 infeasible   66         1.00592    0.96396  4.17%  51.1 1460s
 580766 56799    0.98844   64   79    1.00592    0.96419  4.15%  51.0 1465s
 584031 57032    0.97542   58   69    1.00592    0.96439  4.13%  50.9 1470s
 587398 57070    0.96824   55   90    1.00592    0.96466  4.10%  50.8 1475s
 590830 57246    0.98225   50   54    1.00592    0.96490  4.08%  50.7 1480s
 593941 57400    0.97073   55  102    1.00592    0.96512  4.06%  50.6 1485s
 596738 57422 infeasible   65         1.00592    0.96531  4.04%  50.5 1490s
 599991 57524    0.96551   59   96    1.00592    0.96551  4.02%  50.4 1495s
 602966 57531    0.97736   51  116    1.00592    0.96570  4.00%  50.3 1500s
 605725 57613    0.97070   58   86    1.00592    0.96586  3.98%  50.2 1505s
 608969 57731 infeasible   54         1.00592    0.96608  3.96%  50.1 1510s
 612231 57789    1.00419   55   60    1.00592    0.96630  3.94%  50.0 1515s
 615504 57926 infeasible   61         1.00592    0.96654  3.91%  49.9 1520s
 618771 58022    0.97593   59   79    1.00592    0.96674  3.89%  49.8 1525s
 621690 58091    1.00413   60   78    1.00592    0.96693  3.88%  49.8 1530s
 625274 58193    0.97934   54   97    1.00592    0.96719  3.85%  49.6 1535s
 629003 58416     cutoff   55         1.00592    0.96741  3.83%  49.5 1540s
 632203 58582    0.97752   52   94    1.00592    0.96762  3.81%  49.4 1545s
 635672 58673    0.98974   56   74    1.00592    0.96782  3.79%  49.3 1550s
 639139 58798    0.99540   54   79    1.00592    0.96804  3.77%  49.2 1555s
 642139 58817    0.98930   60   74    1.00592    0.96825  3.74%  49.1 1560s
 645215 58945     cutoff   58         1.00592    0.96844  3.73%  49.0 1565s
 648613 59060     cutoff   63         1.00592    0.96865  3.71%  48.9 1570s
 651958 59154    0.97270   60   93    1.00592    0.96886  3.68%  48.8 1575s
 655402 59224 infeasible   56         1.00592    0.96906  3.66%  48.7 1580s
 658713 59262    0.96926   52  105    1.00592    0.96926  3.64%  48.6 1585s
 661889 59294    0.98874   55   76    1.00592    0.96948  3.62%  48.6 1590s
 665117 59381    0.99264   54   36    1.00592    0.96967  3.60%  48.5 1595s
 668071 59361    1.00438   48  103    1.00592    0.96987  3.58%  48.4 1600s
 670977 59355    0.97577   60   75    1.00592    0.97006  3.56%  48.3 1605s
 674230 59441    0.97548   52  117    1.00592    0.97023  3.55%  48.3 1610s
 677510 59525    0.99026   64   95    1.00592    0.97042  3.53%  48.2 1615s
 680630 59573    0.98223   64   83    1.00592    0.97060  3.51%  48.1 1620s
 683954 59627    0.98887   54  108    1.00592    0.97079  3.49%  48.0 1625s
 687209 59665    0.99702   51  114    1.00592    0.97100  3.47%  47.9 1630s
 690381 59656    0.98951   51   74    1.00592    0.97118  3.45%  47.9 1635s
 693149 59559     cutoff   55         1.00592    0.97137  3.43%  47.8 1640s
 696579 59732     cutoff   57         1.00592    0.97155  3.42%  47.7 1645s
 700134 59718     cutoff   42         1.00592    0.97179  3.39%  47.6 1650s
 703610 59739 infeasible   53         1.00592    0.97196  3.38%  47.5 1655s
 706716 59704    0.97269   69   65    1.00592    0.97216  3.36%  47.5 1660s
 709972 59689    0.98558   68   87    1.00592    0.97235  3.34%  47.4 1665s
 713439 59736    0.97860   58   98    1.00592    0.97252  3.32%  47.3 1670s
 716063 59728    0.98707   69   83    1.00592    0.97267  3.31%  47.2 1675s
 719483 59795    0.99132   50   90    1.00592    0.97285  3.29%  47.1 1680s
 722652 59845    0.98856   52   89    1.00592    0.97301  3.27%  47.1 1685s
 726006 59931    0.99474   63  105    1.00592    0.97319  3.25%  47.0 1690s
 729383 59936 infeasible   48         1.00592    0.97338  3.23%  46.9 1695s
 732657 59973    0.97390   53  105    1.00592    0.97357  3.22%  46.8 1700s
 736111 60013    0.97377   47   71    1.00592    0.97377  3.20%  46.8 1705s
 739484 60056    0.99429   57   93    1.00592    0.97397  3.18%  46.7 1710s
 742720 60148    0.97414   52  101    1.00592    0.97412  3.16%  46.6 1715s
 746268 60224    0.97818   59   94    1.00592    0.97428  3.15%  46.5 1720s
 749632 60356    0.97455   56   97    1.00592    0.97443  3.13%  46.5 1725s
 752826 60325    0.97476   58   90    1.00592    0.97462  3.11%  46.4 1730s
 756578 60359 infeasible   49         1.00592    0.97483  3.09%  46.3 1735s
 759776 60365    0.99595   64   75    1.00592    0.97501  3.07%  46.2 1740s
 763232 60479    0.98673   58   95    1.00592    0.97518  3.06%  46.1 1745s
 766473 60496    0.98286   59   82    1.00592    0.97536  3.04%  46.1 1750s
 769018 60485    0.97565   58  101    1.00592    0.97548  3.03%  46.0 1755s
 772260 60460    1.00265   62   82    1.00592    0.97565  3.01%  46.0 1760s
 776038 60588     cutoff   58         1.00592    0.97583  2.99%  45.9 1765s
 779774 60727     cutoff   56         1.00592    0.97598  2.98%  45.8 1770s
 783037 60643    0.98934   76   64    1.00592    0.97615  2.96%  45.7 1775s
 786707 60623    0.97677   63   65    1.00592    0.97637  2.94%  45.6 1780s
 789837 60634    0.97706   65   86    1.00592    0.97651  2.92%  45.6 1785s
 793241 60540    0.99108   53   71    1.00592    0.97672  2.90%  45.5 1790s
 796850 60563    0.98566   74   78    1.00592    0.97689  2.89%  45.4 1795s
 800556 60477    0.98857   55   82    1.00592    0.97708  2.87%  45.3 1800s
 803761 60426 infeasible   65         1.00592    0.97725  2.85%  45.3 1805s
 807296 60529    1.00088   54  110    1.00592    0.97740  2.83%  45.2 1810s
 810816 60528     cutoff   70         1.00592    0.97758  2.82%  45.1 1815s
 814405 60467     cutoff   73         1.00592    0.97778  2.80%  45.0 1820s
 817682 60448    0.98321   48   97    1.00592    0.97795  2.78%  45.0 1825s
 821085 60460     cutoff   59         1.00592    0.97811  2.76%  44.9 1830s
 824686 60430    0.98816   61   85    1.00592    0.97829  2.75%  44.8 1835s
 826167 60396    0.98440   64   92    1.00592    0.97838  2.74%  44.8 1840s
 828656 60302 infeasible   68         1.00592    0.97851  2.72%  44.7 1845s
 831847 60175    0.99737   52  113    1.00592    0.97868  2.71%  44.7 1850s
 834868 60075     cutoff   55         1.00592    0.97883  2.69%  44.6 1855s
 838389 59939 infeasible   57         1.00592    0.97902  2.67%  44.6 1860s
 841773 59793 infeasible   61         1.00592    0.97920  2.66%  44.5 1865s
 845060 59752    0.98970   61   77    1.00592    0.97935  2.64%  44.4 1870s
 848305 59623    0.99461   67   75    1.00592    0.97949  2.63%  44.4 1875s
 852025 59534    0.99021   57   74    1.00592    0.97970  2.61%  44.3 1880s
 855260 59449     cutoff   62         1.00592    0.97988  2.59%  44.2 1885s
 858942 59345    0.98392   56  102    1.00592    0.98005  2.57%  44.2 1890s
 862454 59281    0.99323   60   71    1.00592    0.98021  2.56%  44.1 1895s
 865943 59260 infeasible   49         1.00592    0.98036  2.54%  44.0 1900s
 869707 59248    0.99154   61   74    1.00592    0.98053  2.52%  44.0 1905s
 873281 59200     cutoff   65         1.00592    0.98070  2.51%  43.9 1910s
 876918 59173    0.98086   51  111    1.00592    0.98086  2.49%  43.8 1915s
 880279 59110    0.98113   53   77    1.00592    0.98099  2.48%  43.8 1920s
 884323 59173     cutoff   61         1.00592    0.98116  2.46%  43.7 1925s
 888150 59139    0.98940   58  103    1.00592    0.98134  2.44%  43.6 1930s
 891931 59156 infeasible   68         1.00592    0.98151  2.43%  43.5 1935s
 895845 59204    0.98541   56   94    1.00592    0.98167  2.41%  43.4 1940s
 899711 59137 infeasible   57         1.00592    0.98184  2.39%  43.3 1945s
 903249 59048 infeasible   55         1.00592    0.98197  2.38%  43.3 1950s
 906961 59013    1.00559   59  108    1.00592    0.98215  2.36%  43.2 1955s
 910671 59004    0.98277   62   93    1.00592    0.98230  2.35%  43.1 1960s
 914594 58919    0.99282   65   79    1.00592    0.98247  2.33%  43.1 1965s
 918781 58908    0.98803   53  105    1.00592    0.98263  2.31%  43.0 1970s
 922619 58873    0.98371   62   69    1.00592    0.98279  2.30%  42.9 1975s
 926099 58737 infeasible   60         1.00592    0.98294  2.28%  42.8 1980s
 930003 58571    0.99032   70   75    1.00592    0.98312  2.27%  42.8 1985s
 933744 58439    1.00043   50   89    1.00592    0.98329  2.25%  42.7 1990s
 937660 58417    0.98385   69   82    1.00592    0.98345  2.23%  42.6 1995s
 941249 58327     cutoff   73         1.00592    0.98358  2.22%  42.6 2000s
 944744 58186    0.98498   56   96    1.00592    0.98374  2.20%  42.5 2005s
 949120 58171    0.98392   47   84    1.00592    0.98390  2.19%  42.4 2010s
 952373 57964    0.99617   54   88    1.00592    0.98404  2.18%  42.3 2015s
 956442 57808 infeasible   73         1.00592    0.98420  2.16%  42.3 2020s
 960241 57665    0.99802   65   76    1.00592    0.98435  2.14%  42.2 2025s
 964123 57459    0.99320   68   65    1.00592    0.98453  2.13%  42.1 2030s
 968198 57355    0.99140   65   80    1.00592    0.98467  2.11%  42.0 2035s
 972372 57303    0.98483   50  116    1.00592    0.98483  2.10%  42.0 2040s
 976189 57211    1.00276   58   94    1.00592    0.98496  2.08%  41.9 2045s
 980189 57065    0.99425   62   86    1.00592    0.98512  2.07%  41.8 2050s
 984060 56957    0.98959   52  111    1.00592    0.98528  2.05%  41.8 2055s
 988250 56879    0.98822   56   90    1.00592    0.98542  2.04%  41.7 2060s
 992314 56702    0.98573   69   86    1.00592    0.98558  2.02%  41.6 2065s
 996379 56586    0.99649   70   42    1.00592    0.98574  2.01%  41.5 2070s
 1000341 56442 infeasible   61         1.00592    0.98590  1.99%  41.5 2075s
 1004195 56192    1.00183   57   73    1.00592    0.98607  1.97%  41.4 2080s
 1008436 56062 infeasible   78         1.00592    0.98625  1.96%  41.3 2085s
 1012552 55945    0.98893   56   86    1.00592    0.98640  1.94%  41.2 2090s
 1016353 55766 infeasible   56         1.00592    0.98653  1.93%  41.2 2095s
 1020338 55515 infeasible   55         1.00592    0.98669  1.91%  41.1 2100s
 1024595 55263 infeasible   72         1.00592    0.98685  1.90%  41.0 2105s
 1028885 55069     cutoff   63         1.00592    0.98701  1.88%  40.9 2110s
 1032898 54879    0.99222   61   57    1.00592    0.98715  1.87%  40.9 2115s
 1037109 54618    1.00223   54   77    1.00592    0.98734  1.85%  40.8 2120s
 1041030 54408    0.98747   59   93    1.00592    0.98747  1.83%  40.7 2125s
 1045406 54179    0.99573   68   59    1.00592    0.98762  1.82%  40.6 2130s
 1049577 54115    1.00197   58   51    1.00592    0.98775  1.81%  40.6 2135s
 1053452 53947    0.99826   61   69    1.00592    0.98787  1.79%  40.5 2140s
 1057672 53757    0.99140   51   98    1.00592    0.98801  1.78%  40.4 2145s
 1061835 53544    1.00007   58   98    1.00592    0.98817  1.76%  40.4 2150s
 1065980 53243    0.99309   59   72    1.00592    0.98834  1.75%  40.3 2155s
 1069826 52986    1.00169   55   87    1.00592    0.98847  1.73%  40.2 2160s
 1073791 52642     cutoff   62         1.00592    0.98862  1.72%  40.2 2165s
 1077909 52426     cutoff   45         1.00592    0.98876  1.71%  40.1 2170s
 1082067 52121    0.98982   47  106    1.00592    0.98891  1.69%  40.0 2175s
 1086041 51780    0.99262   51   88    1.00592    0.98907  1.67%  40.0 2180s
 1090225 51443 infeasible   60         1.00592    0.98922  1.66%  39.9 2185s
 1094417 51053 infeasible   62         1.00592    0.98939  1.64%  39.8 2190s
 1098774 50795    0.99428   55   87    1.00592    0.98952  1.63%  39.8 2195s
 1102944 50468    0.99068   55   98    1.00592    0.98967  1.61%  39.7 2200s
 1106926 50152 infeasible   58         1.00592    0.98981  1.60%  39.6 2205s
 1111022 49697    0.98998   54   69    1.00592    0.98998  1.58%  39.6 2210s
 1115112 49325 infeasible   53         1.00592    0.99012  1.57%  39.5 2215s
 1119581 48959    1.00453   69   58    1.00592    0.99028  1.55%  39.4 2220s
 1123851 48550    0.99090   68   76    1.00592    0.99043  1.54%  39.3 2225s
 1127937 48063    1.00423   62   89    1.00592    0.99057  1.53%  39.3 2230s
 1132066 47653    0.99478   63   59    1.00592    0.99073  1.51%  39.2 2235s
 1136115 47349 infeasible   56         1.00592    0.99087  1.50%  39.2 2240s
 1140413 46927     cutoff   52         1.00592    0.99102  1.48%  39.1 2245s
 1145027 46529    0.99199   53   81    1.00592    0.99119  1.46%  39.0 2250s
 1149093 46099    0.99797   55   80    1.00592    0.99133  1.45%  39.0 2255s
 1153055 45749    0.99532   60   95    1.00592    0.99144  1.44%  38.9 2260s
 1157529 45401 infeasible   66         1.00592    0.99159  1.42%  38.8 2265s
 1161776 44965    0.99893   64  110    1.00592    0.99172  1.41%  38.8 2270s
 1166076 44447 infeasible   72         1.00592    0.99189  1.39%  38.7 2275s
 1169980 44029    0.99779   61   63    1.00592    0.99202  1.38%  38.6 2280s
 1174437 43631    1.00333   58   84    1.00592    0.99217  1.37%  38.6 2285s
 1178925 43113     cutoff   61         1.00592    0.99233  1.35%  38.5 2290s
 1182654 42606    1.00269   50   98    1.00592    0.99248  1.34%  38.4 2295s
 1186881 42248    0.99444   60   86    1.00592    0.99262  1.32%  38.4 2300s
 1191203 41766    0.99578   73   62    1.00592    0.99278  1.31%  38.3 2305s
 1195521 41150     cutoff   72         1.00592    0.99295  1.29%  38.2 2310s
 1199989 40715    0.99480   72   70    1.00592    0.99310  1.27%  38.2 2315s
 1203642 40168    1.00012   58   63    1.00592    0.99326  1.26%  38.1 2320s
 1207698 39528    1.00207   58   79    1.00592    0.99341  1.24%  38.1 2325s
 1212021 38852    1.00038   63   62    1.00592    0.99360  1.22%  38.0 2330s
 1216250 38245     cutoff   72         1.00592    0.99376  1.21%  37.9 2335s
 1220539 37569 infeasible   56         1.00592    0.99395  1.19%  37.9 2340s
 1225083 37097    1.00032   62   83    1.00592    0.99410  1.17%  37.8 2345s
 1229820 36430 infeasible   65         1.00592    0.99432  1.15%  37.7 2350s
 1234193 35768     cutoff   75         1.00592    0.99453  1.13%  37.7 2355s
 1238223 35071    1.00094   63   74    1.00592    0.99471  1.11%  37.6 2360s
 1242282 34346    0.99492   54  111    1.00592    0.99492  1.09%  37.6 2365s
 1246736 33509 infeasible   60         1.00592    0.99513  1.07%  37.5 2370s
 1251060 32782    0.99965   54   73    1.00592    0.99533  1.05%  37.4 2375s
 1255071 31993    1.00293   70   79    1.00592    0.99554  1.03%  37.4 2380s
 1259631 31156 infeasible   55         1.00592    0.99577  1.01%  37.3 2385s
 1264266 30398 infeasible   63         1.00592    0.99603  0.98%  37.3 2390s
 1268802 29921    1.00101   50   96    1.00592    0.99623  0.96%  37.2 2395s
 1273054 29079    0.99710   64   71    1.00592    0.99647  0.94%  37.1 2400s
 1277463 28287    1.00232   71   41    1.00592    0.99670  0.92%  37.1 2405s
 1281265 27716    1.00076   63   72    1.00592    0.99691  0.90%  37.0 2410s
 1285949 26826     cutoff   60         1.00592    0.99721  0.87%  36.9 2415s
 1290783 25948    1.00577   74   73    1.00592    0.99748  0.84%  36.9 2420s
 1295529 25281    1.00469   58   88    1.00592    0.99773  0.81%  36.8 2425s
 1300496 24434    0.99928   63   74    1.00592    0.99801  0.79%  36.7 2430s
 1305100 23599    1.00433   59   79    1.00592    0.99829  0.76%  36.7 2435s
 1309932 22806    1.00042   65   74    1.00592    0.99859  0.73%  36.6 2440s
 1315212 21986     cutoff   72         1.00592    0.99887  0.70%  36.5 2445s
 1320378 21226 infeasible   57         1.00592    0.99914  0.67%  36.4 2450s
 1325767 20226    1.00192   70   63    1.00592    0.99946  0.64%  36.3 2455s
 1330705 19275    1.00164   55   86    1.00592    0.99976  0.61%  36.3 2460s
 1336223 18213 infeasible   52         1.00592    1.00009  0.58%  36.2 2465s
 1341356 17218    1.00170   60   85    1.00592    1.00041  0.55%  36.1 2470s
 1346816 16174    1.00178   63   72    1.00592    1.00077  0.51%  36.0 2475s
 1352392 15182    1.00488   65   73    1.00592    1.00112  0.48%  35.9 2480s
 1357366 14141    1.00417   69   50    1.00592    1.00146  0.44%  35.8 2485s
 1362646 13127    1.00248   55   97    1.00592    1.00179  0.41%  35.7 2490s
 1368435 12021    1.00244   69   58    1.00592    1.00217  0.37%  35.6 2495s
 1374112 10908 infeasible   60         1.00592    1.00253  0.34%  35.6 2500s
 1380690  9576    1.00363   62   82    1.00592    1.00291  0.30%  35.4 2505s
 1387132  8115    1.00333   71   76    1.00592    1.00333  0.26%  35.3 2510s
 1393782  6272    1.00559   71   46    1.00592    1.00382  0.21%  35.2 2515s
 1400218  4133     cutoff   54         1.00592    1.00435  0.16%  35.1 2520s
 1406369  1567    1.00530   74   58    1.00592    1.00518  0.07%  35.0 2525s

Cutting planes:
  Learned: 3
  Gomory: 48
  Cover: 4
  Implied bound: 15
  Projected implied bound: 2
  Clique: 9
  MIR: 66
  StrongCG: 8
  Flow cover: 40
  GUB cover: 1
  Inf proof: 39
  RLT: 2
  Relax-and-lift: 5
  BQP: 1

Explored 1408752 nodes (49244848 simplex iterations) in 2527.20 seconds (3864.90 work units)
Thread count was 1 (of 20 available processors)

Solution count 10: 1.00592 1.00604 1.00653 ... 1.03582

Optimal solution found (tolerance 0.00e+00)
Best objective 1.005915740500e+00, best bound 1.005915734637e+00, gap 0.0000%

User-callback calls 3910350, time in user-callback 1.83 sec
