{"completed": "H100 P-GRB", "U": 0.2485914909195402, "L": 0.10220303199918365, "gap": 0.14638845892035654, "certificate": false, "complete_seconds": 90.34400000004098, "complete_seconds_interval": null, "events": 200}
{"completed": "H100 ENS-C", "U": 0.160589067255049, "L": 0.16058906725504885, "gap": 1.6653345369377348e-16, "certificate": true, "complete_seconds": 83.40599999995902, "complete_seconds_interval": null, "events": 939}
{"completed": "H100 M-B", "U": 0.160589067255049, "L": 0.16058906725504873, "gap": 2.7755575615628914e-16, "certificate": true, "complete_seconds": 85.57799999997951, "complete_seconds_interval": null, "events": 963}
{"completed": "H100 P-GRB", "U": 0.229952349996756, "L": 0.10293332626125747, "gap": 0.12701902373549856, "certificate": false, "complete_seconds": 90.39099999994505, "complete_seconds_interval": null, "events": 237}
{"completed": "H100 M-B", "U": 0.160589067255049, "L": 0.16058906725504898, "gap": 2.7755575615628914e-17, "certificate": true, "complete_seconds": 81.17099999997299, "complete_seconds_interval": null, "events": 1033}
{"completed": "G20-C1 P-GRB", "U": 0.8220961551922799, "L": 0.6166923489242326, "gap": 0.20540380626804722, "certificate": false, "complete_seconds": 870.6207172999857, "complete_seconds_interval": null, "events": 2807}
{"completed": "G20-C1 ENS-C", "U": 0.7582840411970833, "L": 0.7582840407912242, "gap": 4.0585901306400274e-10, "certificate": true, "complete_seconds": 788.0298652999336, "complete_seconds_interval": null, "events": 21483}
{"completed": "G20-C1 M-B", "U": 0.7582840411970833, "L": 0.7582840411970841, "gap": -8.881784197001252e-16, "certificate": true, "complete_seconds": 613.6401850000257, "complete_seconds_interval": null, "events": 20151}
{"completed": "G20-C2 ENS-C", "U": 0.0, "L": 0.0, "gap": 0.0, "certificate": true, "complete_seconds": 4.235880500054918, "complete_seconds_interval": null, "events": 13}
{"completed": "G20-C2 M-B", "U": 0.0, "L": 0.0, "gap": 0.0, "certificate": true, "complete_seconds": 3.617295700008981, "complete_seconds_interval": null, "events": 13}
{"completed": "G20-C2 P-GRB", "U": 0.0, "L": 0, "gap": 0.0, "certificate": true, "complete_seconds": 1.2945246000308543, "complete_seconds_interval": null, "events": 9}
{"completed": "G20-R1 M-B", "U": 0.3834515596855313, "L": 0.36888169452355196, "gap": 0.014569865161979334, "certificate": false, "complete_seconds": 870.9988680999959, "complete_seconds_interval": null, "events": 5223}
{"completed": "G20-R1 P-GRB", "U": 0.4188389304648512, "L": 0.30419560283960634, "gap": 0.11464332762524487, "certificate": false, "complete_seconds": 870.6920891000191, "complete_seconds_interval": null, "events": 2421}
{"completed": "G20-R1 ENS-C", "U": 0.382478864690459, "L": 0.36839977689670744, "gap": 0.014079087793751555, "certificate": false, "complete_seconds": 871.1285122999689, "complete_seconds_interval": null, "events": 4752}
{"completed": "G20-R2 P-GRB", "U": 0.6937281609373342, "L": 0.5728921573387576, "gap": 0.1208360035985766, "certificate": false, "complete_seconds": 870.620728900074, "complete_seconds_interval": null, "events": 2985}
{"completed": "G20-R2 M-B", "U": 0.6846043092307704, "L": 0.684604305809394, "gap": 3.4213764044110917e-09, "certificate": true, "complete_seconds": 395.3279131000163, "complete_seconds_interval": null, "events": 5957}
{"completed": "G20-R2 ENS-C", "U": 0.6846043092307704, "L": 0.6846043092307686, "gap": 1.7763568394002505e-15, "certificate": true, "complete_seconds": 396.4167818999849, "complete_seconds_interval": null, "events": 5989}
{"completed": "G50-C1 M-B", "U": 0.008182628062360805, "L": 0.0, "gap": 0.008182628062360805, "certificate": false, "complete_seconds": 1771.1431059000315, "complete_seconds_interval": null, "events": 13}
{"completed": "G50-C1 ENS-C", "U": 0.0, "L": 0.0, "gap": 0.0, "certificate": true, "complete_seconds": 315.86878709995653, "complete_seconds_interval": null, "events": 14}
{"completed": "G50-C2 ENS-C", "U": 0.0, "L": 0.0, "gap": 0.0, "certificate": true, "complete_seconds": 111.24177409999538, "complete_seconds_interval": null, "events": 15}
{"completed": "G50-C2 M-B", "U": 0.0, "L": 0.0, "gap": 0.0, "certificate": true, "complete_seconds": 161.7407976000104, "complete_seconds_interval": null, "events": 22}
{"completed": "G50-R1 P-GRB", "U": 0.9857145585443073, "L": 0.41248091949151283, "gap": 0.5732336390527946, "certificate": false, "complete_seconds": 1774.1267735000001, "complete_seconds_interval": null, "events": 281}
{"completed": "G50-R1 ENS-C", "U": 0.8217367947031018, "L": 0.4473651639153746, "gap": 0.37437163078772717, "certificate": false, "complete_seconds": 1770.697219600086, "complete_seconds_interval": null, "events": 70}
{"completed": "G50-R1 M-B", "U": 0.7831288705050368, "L": 0.448176765002501, "gap": 0.3349521055025358, "certificate": false, "complete_seconds": 1770.650967600057, "complete_seconds_interval": null, "events": 83}
{"completed": "G50-R2 ENS-C", "U": 0.0, "L": 0.0, "gap": 0.0, "certificate": true, "complete_seconds": 298.69979069998953, "complete_seconds_interval": null, "events": 15}
{"completed": "G50-R2 M-B", "U": 0.0, "L": 0.0, "gap": 0.0, "certificate": true, "complete_seconds": 141.10199940006714, "complete_seconds_interval": null, "events": 14}
{"completed": "G50-R2 P-GRB", "U": 0.0, "L": 0, "gap": 0.0, "certificate": true, "complete_seconds": 1027.4327081999509, "complete_seconds_interval": null, "events": 67}
{"completed": "G100-C1 ENS-C", "U": 0.0, "L": 0.0, "gap": 0.0, "certificate": true, "complete_seconds": 1613.4624300999567, "complete_seconds_interval": null, "events": 27}
{"completed": "G100-C2 P-GRB", "U": 2.661020230428288, "L": 0.8917246849894833, "gap": 1.7692955454388049, "certificate": false, "complete_seconds": 3574.776065699989, "complete_seconds_interval": null, "events": 131}
{"completed": "G100-C2 M-B", "U": 1.3110390564568792, "L": 0.8638734390573182, "gap": 0.44716561739956107, "certificate": false, "complete_seconds": 3571.0323246000335, "complete_seconds_interval": null, "events": 16}
{"completed": "G100-C2 ENS-C", "U": 1.3526559743808795, "L": 0.9210500600708205, "gap": 0.431605914310059, "certificate": false, "complete_seconds": 3571.1473129000515, "complete_seconds_interval": null, "events": 26}
{"completed": "G100-R1 M-B", "U": 0.24180169284765393, "L": 0.0, "gap": 0.24180169284765393, "certificate": false, "complete_seconds": 3575.124832500005, "complete_seconds_interval": null, "events": 16}
{"completed": "G100-R1 ENS-C", "U": 0.27778855611718795, "L": 0.0, "gap": 0.27778855611718795, "certificate": false, "complete_seconds": 3571.0462612999836, "complete_seconds_interval": null, "events": 13}
{"completed": "G100-R1 P-GRB", "U": 0.8483357306927928, "L": 0, "gap": 0.8483357306927928, "certificate": false, "complete_seconds": 3570.8502126999665, "complete_seconds_interval": null, "events": 92}
{"completed": "G100-R2 ENS-C", "U": 0.005528455284552848, "L": 2.20888241772054e-07, "gap": 0.005528234396311076, "certificate": false, "complete_seconds": 3579.71050549997, "complete_seconds_interval": null, "events": 23}
{"completed": "G100-R2 P-GRB", "U": 0.03994210048354935, "L": 8.782082104514013e-07, "gap": 0.039941222275338896, "certificate": false, "complete_seconds": 3571.1066926999483, "complete_seconds_interval": null, "events": 144}
{"completed": "G100-R2 M-B", "U": 0.011434738339920945, "L": 1.6762209248714507e-07, "gap": 0.011434570717828458, "certificate": false, "complete_seconds": 3575.9206319000805, "complete_seconds_interval": null, "events": 25}
{"completed": "G20-C2 P-GRB", "U": 0.0, "L": 0, "gap": 0.0, "certificate": true, "complete_seconds": 12.457538800081238, "complete_seconds_interval": null, "events": 28}
{"completed": "G20-C2 M-B", "U": 0.0, "L": 0.0, "gap": 0.0, "certificate": true, "complete_seconds": 4.188167699961923, "complete_seconds_interval": null, "events": 13}
{"completed": "G50-R1 M-B", "U": 0.8081706967091032, "L": 0.4479472567945393, "gap": 0.36022343991456396, "certificate": false, "complete_seconds": 1780.0582540000323, "complete_seconds_interval": null, "events": 77}
{"completed": "G50-R1 P-GRB", "U": 1.1867595005433038, "L": 0.4124813921992838, "gap": 0.77427810834402, "certificate": false, "complete_seconds": 1771.2602832000703, "complete_seconds_interval": null, "events": 290}
{"completed": "G100-R2 P-GRB", "U": 0.11331278178367776, "L": 1.4605722746091694e-05, "gap": 0.11329817606093168, "certificate": false, "complete_seconds": 3579.7267328999005, "complete_seconds_interval": null, "events": 131}
{"completed": "G100-R2 M-B", "U": 0.031383380198019804, "L": 0.0, "gap": 0.031383380198019804, "certificate": false, "complete_seconds": 3600.7215734999627, "complete_seconds_interval": null, "events": 20}
{"decision": "HOLD", "completed_checks": 42852380, "error": "Traceback (most recent call last):\n  File \"E:\\codes\\ExactEBRP-round110\\results\\unified_exact_round110\\review\\round110_independent_final_review.py\", line 491, in main\n    value['publication_and_narrative'] = publication.compare(a, value, a.local(args.reports),\n                                         ^^^^^^^^^^^^^^^^^^^^^^^^^^^^^^^^^^^^^^^^^^^^^^^^^^^^\n  File \"E:\\codes\\ExactEBRP-round110\\results\\unified_exact_round110\\review\\round110_independent_final_publication.py\", line 132, in compare\n    require_equal(scalar(r['actual_normal_return_from_independent_rc_source']), absent, 'separate actual rc0 return evidence')\n  File \"E:\\codes\\ExactEBRP-round110\\results\\unified_exact_round110\\review\\round110_independent_final_publication.py\", line 51, in require_equal\n    a.require(valid, 'independent publication '+label+': '+repr(actual)+' / '+repr(expected))\n  File \"E:\\codes\\ExactEBRP-round110\\results\\unified_exact_round110\\review\\round110_independent_core.py\", line 44, in require\n    raise AssertionError(message)\nAssertionError: independent publication separate actual rc0 return evidence: True / False\n"}
