
Gurobi 13.0.2 (win64) logging started Fri Aug  7 20:15:30 2026

Set parameter LogFile to value "E:\codes\ExactEBRP\results\gf_v10_convergence_round33\stage0_runs\fingerprint__round33_v10_high_imbalance_M1_Q30_seed289447508\native.log"
Set parameter Threads to value 1
Set parameter Presolve to value -1
Set parameter Seed to value 0
Set parameter MIPGap to value 0
Set parameter MIPGapAbs to value 0
Set parameter TimeLimit to value 0.001
Read LP format model from file E:\codes\ExactEBRP\results\gf_v10_convergence_round33\stage0_runs\fingerprint__round33_v10_high_imbalance_M1_Q30_seed289447508\canonical.lp
Reading time = 0.00 seconds
obj: 727 rows, 364 columns, 2768 nonzeros
Set parameter TimeLimit to value 4.9786157
Gurobi Optimizer version 13.0.2 build v13.0.2rc1 (win64 - Windows 10.0 (19045.2))

CPU model: 12th Gen Intel(R) Core(TM) i7-12700KF, instruction set [SSE2|AVX|AVX2]
Thread count: 12 physical cores, 20 logical processors, using up to 1 threads

Non-default parameters:
TimeLimit  4.9786157
MIPGap  0
MIPGapAbs  0
LogToConsole  0
Threads  1

Optimize a model with 727 rows, 364 columns and 2768 nonzeros (Min)
Model fingerprint: 0x4942a685
Model has 11 linear objective coefficients
Variable types: 140 continuous, 224 integer (184 binary)
Coefficient statistics:
  Matrix range     [3e-02, 6e+02]
  Objective range  [1e-02, 1e+00]
  Bounds range     [1e+00, 5e+01]
  RHS range        [1e+00, 4e+03]

Presolve removed 56 rows and 21 columns
Presolve time: 0.01s
Presolved: 671 rows, 343 columns, 3862 nonzeros
Variable types: 74 continuous, 269 integer (182 binary)
Found heuristic solution: objective 6.9879860

Root relaxation: objective 2.500324e+00, 347 iterations, 0.00 seconds (0.01 work units)

    Nodes    |    Current Node    |     Objective Bounds      |     Work
 Expl Unexpl |  Obj  Depth IntInf | Incumbent    BestBd   Gap | It/Node Time

     0     0    2.50032    0  137    6.98799    2.50032  64.2%     -    0s
     0     0    2.64167    0   62    6.98799    2.64167  62.2%     -    0s
     0     0    2.64847    0   63    6.98799    2.64847  62.1%     -    0s
     0     0    2.66668    0  101    6.98799    2.66668  61.8%     -    0s
H    0     0                       3.9940964    2.66674  33.2%     -    0s
     0     0    2.67613    0   41    3.99410    2.67613  33.0%     -    0s
     0     0    2.69125    0   95    3.99410    2.69125  32.6%     -    0s
H    0     0                       3.8365511    2.69125  29.9%     -    0s
H    0     0                       3.2643562    2.69125  17.6%     -    0s
H    0     0                       3.2624993    2.69125  17.5%     -    0s
H    0     0                       3.2530187    2.69125  17.3%     -    0s
     0     0    2.69286    0   98    3.25302    2.69286  17.2%     -    0s
     0     0    2.69884    0   98    3.25302    2.69884  17.0%     -    0s
     0     0    2.70072    0  104    3.25302    2.70072  17.0%     -    0s
     0     0    2.71209    0  102    3.25302    2.71209  16.6%     -    0s
     0     0    2.71447    0  103    3.25302    2.71447  16.6%     -    0s
     0     0    2.71489    0  102    3.25302    2.71489  16.5%     -    0s
H    0     0                       3.2372143    2.71525  16.1%     -    0s
     0     0    2.71525    0   95    3.23721    2.71525  16.1%     -    0s
     0     0    2.71532    0  100    3.23721    2.71532  16.1%     -    0s
     0     0    2.71541    0   95    3.23721    2.71541  16.1%     -    0s
     0     0    2.71745    0   94    3.23721    2.71745  16.1%     -    0s
     0     0    2.71861    0   94    3.23721    2.71861  16.0%     -    0s
     0     0    2.71906    0   90    3.23721    2.71906  16.0%     -    0s
H    0     0                       3.2223594    2.71918  15.6%     -    0s
     0     0    2.71922    0   93    3.22236    2.71922  15.6%     -    0s
     0     0    2.71935    0   93    3.22236    2.71935  15.6%     -    0s
     0     0    2.72163    0   91    3.22236    2.72163  15.5%     -    0s
     0     0    2.72163    0   91    3.22236    2.72163  15.5%     -    0s
     0     0    2.72163    0   91    3.22236    2.72163  15.5%     -    0s
     0     0    2.72222    0   55    3.22236    2.72222  15.5%     -    0s
     0     0    2.72222    0  115    3.22236    2.72222  15.5%     -    0s
     0     0    2.75343    0   40    3.22236    2.75343  14.6%     -    0s
     0     0    2.75744    0   72    3.22236    2.75744  14.4%     -    0s
     0     0    2.76265    0   71    3.22236    2.76265  14.3%     -    0s
     0     0    2.77980    0   85    3.22236    2.77980  13.7%     -    0s
     0     0    2.78431    0  113    3.22236    2.78431  13.6%     -    0s
     0     0    2.79280    0  116    3.22236    2.79280  13.3%     -    0s
H    0     0                       3.2219571    2.79443  13.3%     -    0s
     0     0    2.79443    0  119    3.22196    2.79443  13.3%     -    0s
     0     0    2.79470    0  119    3.22196    2.79470  13.3%     -    0s
     0     0    2.79501    0  120    3.22196    2.79501  13.3%     -    0s
     0     0    2.79571    0  121    3.22196    2.79571  13.2%     -    0s
H    0     0                       3.2077300    2.79583  12.8%     -    0s
     0     0    2.79583    0  121    3.20773    2.79583  12.8%     -    0s
     0     0    2.79583    0  121    3.20773    2.79583  12.8%     -    0s
     0     0    2.79583    0  121    3.20773    2.79583  12.8%     -    0s
     0     0    2.79583    0  121    3.20773    2.79583  12.8%     -    0s
     0     0    2.79583    0  121    3.20773    2.79583  12.8%     -    0s
H    0     0                       3.0961709    2.79583  9.70%     -    0s
     0     0    2.79608    0   50    3.09617    2.79608  9.69%     -    0s
     0     0    2.79608    0  114    3.09617    2.79608  9.69%     -    0s
     0     0    2.80124    0   85    3.09617    2.80124  9.53%     -    0s
     0     0    2.82983    0   87    3.09617    2.82983  8.60%     -    0s
     0     0    2.83245    0   87    3.09617    2.83245  8.52%     -    0s
     0     0    2.83259    0   87    3.09617    2.83259  8.51%     -    0s
     0     0    2.83601    0   80    3.09617    2.83601  8.40%     -    0s
     0     0    2.84033    0   87    3.09617    2.84033  8.26%     -    0s
     0     0    2.84221    0   87    3.09617    2.84221  8.20%     -    0s
H    0     0                       3.0918904    2.85725  7.59%     -    0s
     0     0    2.85725    0   85    3.09189    2.85725  7.59%     -    0s
     0     0    2.85725    0   84    3.09189    2.85725  7.59%     -    0s
     0     0    2.85725    0   84    3.09189    2.85725  7.59%     -    0s
     0     0    2.85725    0   84    3.09189    2.85725  7.59%     -    0s
H    0     0                       3.0840348    2.85725  7.35%     -    0s
     0     0    2.85729    0   50    3.08403    2.85729  7.35%     -    0s
     0     0    2.85729    0   80    3.08403    2.85729  7.35%     -    0s
     0     0    2.85729    0   81    3.08403    2.85729  7.35%     -    0s
     0     0    2.85845    0   86    3.08403    2.85845  7.31%     -    0s
     0     0    2.87793    0   81    3.08403    2.87793  6.68%     -    0s
     0     0    2.95749    0   53    3.08403    2.95749  4.10%     -    0s
     0     0    3.03825    0   31    3.08403    3.03825  1.48%     -    0s
     0     0    3.04650    0   30    3.08403    3.04650  1.22%     -    0s
     0     0    3.04703    0   37    3.08403    3.04703  1.20%     -    0s
     0     0    3.04703    0   26    3.08403    3.04703  1.20%     -    0s
H    0     0                       3.0821339    3.04703  1.14%     -    0s
     0     0    3.05679    0   27    3.08213    3.05679  0.82%     -    0s
     0     0    3.05778    0   25    3.08213    3.05778  0.79%     -    0s
     0     0    3.06002    0   27    3.08213    3.06002  0.72%     -    0s
     0     0    3.06517    0   27    3.08213    3.06517  0.55%     -    0s
H    0     0                       3.0812778    3.06700  0.46%     -    0s
     0     0    3.06700    0   27    3.08128    3.06700  0.46%     -    0s
     0     0    3.06700    0   27    3.08128    3.06700  0.46%     -    0s
     0     0    3.06700    0   27    3.08128    3.06700  0.46%     -    0s
     0     0    3.06700    0   27    3.08128    3.06700  0.46%     -    0s
H    0     0                       3.0787095    3.06700  0.38%     -    0s
     0     2    3.06700    0   27    3.07871    3.06700  0.38%     -    0s

Cutting planes:
  Gomory: 3
  Cover: 3
  Clique: 1
  MIR: 6
  StrongCG: 2
  Flow cover: 4
  RLT: 2
  Relax-and-lift: 2

Explored 9 nodes (3002 simplex iterations) in 0.55 seconds (0.51 work units)
Thread count was 1 (of 20 available processors)

Solution count 10: 3.07871 3.08128 3.08213 ... 3.09617

Optimal solution found (tolerance 0.00e+00)
Best objective 3.078709494344e+00, best bound 3.078709494344e+00, gap 0.0000%

User-callback calls 1079, time in user-callback 0.00 sec
