
Gurobi 13.0.2 (win64) logging started Mon Aug 10 09:54:45 2026

Set parameter LogFile to value "E:\codes\ExactEBRP\results\gf_simple_start_qualification_round35\runs\repeat__tight_T_seed4101__c6_simple_start__repeat1__1800s\external\native_logs\L0.0_lp.gurobi.log"
Gurobi Optimizer version 13.0.2 build v13.0.2rc1 (win64 - Windows 10.0 (19045.2))

CPU model: 12th Gen Intel(R) Core(TM) i7-12700KF, instruction set [SSE2|AVX|AVX2]
Thread count: 12 physical cores, 20 logical processors, using up to 1 threads

Non-default parameters:
TimeLimit  1783.0994283
MIPGap  0
MIPGapAbs  0
LogToConsole  0
Threads  1

Optimize a model with 11895 rows, 3372 columns and 67105 nonzeros (Min)
Model fingerprint: 0x49ab59c3
Model has 21 linear objective coefficients
Coefficient statistics:
  Matrix range     [7e-03, 2e+04]
  Objective range  [7e-03, 1e+00]
  Bounds range     [9e-02, 1e+03]
  RHS range        [9e-02, 5e+04]

Presolve removed 1378 rows and 115 columns
Presolve time: 0.04s
Presolved: 10517 rows, 3259 columns, 61713 nonzeros

Iteration    Objective       Primal Inf.    Dual Inf.      Time
       0    1.3984008e-01   4.965032e+02   0.000000e+00      0s

Solved in 2004 iterations and 0.17 seconds (0.36 work units)
Infeasible model

User-callback calls 2147, time in user-callback 0.00 sec
