
Gurobi 13.0.2 (win64) logging started Mon Aug 10 09:54:49 2026

Set parameter LogFile to value "E:\codes\ExactEBRP\results\gf_simple_start_qualification_round35\runs\repeat__tight_T_seed4101__c6_simple_start__repeat1__1800s\external\native_logs\L0.1.0_lp.gurobi.log"
Gurobi Optimizer version 13.0.2 build v13.0.2rc1 (win64 - Windows 10.0 (19045.2))

CPU model: 12th Gen Intel(R) Core(TM) i7-12700KF, instruction set [SSE2|AVX|AVX2]
Thread count: 12 physical cores, 20 logical processors, using up to 1 threads

Non-default parameters:
TimeLimit  1779.6635014
MIPGap  0
MIPGapAbs  0
LogToConsole  0
Threads  1

Optimize a model with 11895 rows, 3372 columns and 67343 nonzeros (Min)
Model fingerprint: 0xc8cf3240
Model has 21 linear objective coefficients
Coefficient statistics:
  Matrix range     [7e-03, 2e+04]
  Objective range  [7e-03, 1e+00]
  Bounds range     [9e-02, 1e+03]
  RHS range        [9e-02, 5e+04]

Presolve removed 1172 rows and 102 columns
Presolve time: 0.04s
Presolved: 10723 rows, 3271 columns, 62231 nonzeros

Iteration    Objective       Primal Inf.    Dual Inf.      Time
       0    2.3150524e-01   5.706892e+02   0.000000e+00      0s
    3117    4.0207492e-01   0.000000e+00   0.000000e+00      0s

Solved in 3117 iterations and 0.24 seconds (0.68 work units)
Optimal objective  4.020749156e-01

User-callback calls 3259, time in user-callback 0.00 sec
