
Gurobi 13.0.2 (win64) logging started Sun Aug  9 20:37:42 2026

Set parameter LogFile to value "E:\codes\ExactEBRP\results\gf_simple_start_qualification_round35\runs\matrix1800__round32_multi_m_high_imbalance_V20_M4_seed2081968251__c6_simple_start__1800s\native.log"
Set parameter Threads to value 1
Set parameter Presolve to value -1
Set parameter Seed to value 0
Set parameter MIPGap to value 0
Set parameter MIPGapAbs to value 0
Warning: unknown variable 'r_max' in bounds section (line 17663)
Warning: unknown variable 'r_min' in bounds section (line 17664)
Read LP format model from file E:\codes\ExactEBRP\results\gf_simple_start_qualification_round35\runs\matrix1800__round32_multi_m_high_imbalance_V20_M4_seed2081968251__c6_simple_start__1800s\external\models\L0.lp
Reading time = 0.03 seconds
obj: 15104 rows, 4336 columns, 83857 nonzeros
Set parameter TimeLimit to value 1784.8532808
Warning: unknown variable 'r_max' in bounds section (line 17663)
Warning: unknown variable 'r_min' in bounds section (line 17664)
Read LP format model from file E:\codes\ExactEBRP\results\gf_simple_start_qualification_round35\runs\matrix1800__round32_multi_m_high_imbalance_V20_M4_seed2081968251__c6_simple_start__1800s\external\models\L1.lp
Reading time = 0.03 seconds
obj: 15104 rows, 4336 columns, 84099 nonzeros
Set parameter TimeLimit to value 1784.6066267
Warning: unknown variable 'r_max' in bounds section (line 17664)
Warning: unknown variable 'r_min' in bounds section (line 17665)
Read LP format model from file E:\codes\ExactEBRP\results\gf_simple_start_qualification_round35\runs\matrix1800__round32_multi_m_high_imbalance_V20_M4_seed2081968251__c6_simple_start__1800s\external\models\L2.lp
Reading time = 0.03 seconds
obj: 15105 rows, 4336 columns, 84107 nonzeros
Set parameter TimeLimit to value 1783.8066709
Warning: unknown variable 'r_max' in bounds section (line 17664)
Warning: unknown variable 'r_min' in bounds section (line 17665)
Read LP format model from file E:\codes\ExactEBRP\results\gf_simple_start_qualification_round35\runs\matrix1800__round32_multi_m_high_imbalance_V20_M4_seed2081968251__c6_simple_start__1800s\external\models\L3.lp
Reading time = 0.03 seconds
obj: 15105 rows, 4336 columns, 83727 nonzeros
Set parameter TimeLimit to value 1783.1766878
Warning: unknown variable 'r_max' in bounds section (line 17663)
Warning: unknown variable 'r_min' in bounds section (line 17664)
Read LP format model from file E:\codes\ExactEBRP\results\gf_simple_start_qualification_round35\runs\matrix1800__round32_multi_m_high_imbalance_V20_M4_seed2081968251__c6_simple_start__1800s\external\models\L1.0.lp
Reading time = 0.03 seconds
obj: 15104 rows, 4336 columns, 84099 nonzeros
Set parameter TimeLimit to value 1780.316871
Warning: unknown variable 'r_max' in bounds section (line 17663)
Warning: unknown variable 'r_min' in bounds section (line 17664)
Read LP format model from file E:\codes\ExactEBRP\results\gf_simple_start_qualification_round35\runs\matrix1800__round32_multi_m_high_imbalance_V20_M4_seed2081968251__c6_simple_start__1800s\external\models\L1.1.lp
Reading time = 0.03 seconds
obj: 15104 rows, 4336 columns, 84099 nonzeros
Set parameter TimeLimit to value 1780.0739753
Warning: unknown variable 'r_max' in bounds section (line 17664)
Warning: unknown variable 'r_min' in bounds section (line 17665)
Read LP format model from file E:\codes\ExactEBRP\results\gf_simple_start_qualification_round35\runs\matrix1800__round32_multi_m_high_imbalance_V20_M4_seed2081968251__c6_simple_start__1800s\external\models\L2.0.lp
Reading time = 0.03 seconds
obj: 15105 rows, 4336 columns, 84107 nonzeros
Set parameter TimeLimit to value 1778.1250546
Warning: unknown variable 'r_max' in bounds section (line 17664)
Warning: unknown variable 'r_min' in bounds section (line 17665)
Read LP format model from file E:\codes\ExactEBRP\results\gf_simple_start_qualification_round35\runs\matrix1800__round32_multi_m_high_imbalance_V20_M4_seed2081968251__c6_simple_start__1800s\external\models\L2.1.lp
Reading time = 0.03 seconds
obj: 15105 rows, 4336 columns, 84107 nonzeros
Set parameter TimeLimit to value 1777.4842023
