
Gurobi 13.0.2 (win64) logging started Thu Oct  1 21:04:10 2026

Set parameter LogFile to value "E:\codes\ExactEBRP\results\unified_exact_round99\factorial01\raw\10_R98-C1_Q-I\external\native_logs\L0_terminal_mip.gurobi.log"
Set parameter TimeLimit to value 594.4653572
Gurobi Optimizer version 13.0.2 build v13.0.2rc1 (win64 - Windows 10.0 (19045.2))

CPU model: 12th Gen Intel(R) Core(TM) i7-12700KF, instruction set [SSE2|AVX|AVX2]
Thread count: 12 physical cores, 20 logical processors, using up to 1 threads

Non-default parameters:
TimeLimit  594.4653572
MIPGap  0
MIPGapAbs  0
LogToConsole  0
Threads  1

Optimize a model with 9058 rows, 3278 columns and 52864 nonzeros (Min)
Model fingerprint: 0x0e9ebc8b
Model has 21 linear objective coefficients
Variable types: 1696 continuous, 1582 integer (1442 binary)
Coefficient statistics:
  Matrix range     [4e-02, 1e+04]
  Objective range  [5e-02, 1e+00]
  Bounds range     [4e-01, 4e+02]
  RHS range        [4e-01, 4e+04]

Loaded user MIP start with objective 0.377846

Presolve removed 1873 rows and 22 columns
Presolve time: 0.11s
Presolved: 7185 rows, 3256 columns, 43130 nonzeros
Variable types: 1484 continuous, 1772 integer (1442 binary)

Root relaxation: objective 8.764071e-02, 2783 iterations, 0.19 seconds (0.40 work units)

    Nodes    |    Current Node    |     Objective Bounds      |     Work
 Expl Unexpl |  Obj  Depth IntInf | Incumbent    BestBd   Gap | It/Node Time

     0     0    0.08764    0  184    0.37785    0.08764  76.8%     -    0s
     0     0    0.13408    0  313    0.37785    0.13408  64.5%     -    0s
     0     0    0.14183    0  343    0.37785    0.14183  62.5%     -    0s
     0     0    0.15477    0  319    0.37785    0.15477  59.0%     -    1s
     0     0    0.16311    0  350    0.37785    0.16311  56.8%     -    1s
     0     0    0.18609    0  334    0.37785    0.18609  50.7%     -    1s
     0     0    0.21087    0  398    0.37785    0.21087  44.2%     -    1s
     0     0    0.23848    0  455    0.37785    0.23848  36.9%     -    2s
     0     0    0.24293    0  434    0.37785    0.24293  35.7%     -    2s
     0     0    0.24467    0  442    0.37785    0.24467  35.2%     -    2s
     0     0    0.24721    0  442    0.37785    0.24721  34.6%     -    2s
     0     0    0.25172    0  424    0.37785    0.25172  33.4%     -    2s
     0     0    0.25345    0  456    0.37785    0.25345  32.9%     -    2s
     0     0    0.26007    0  458    0.37785    0.26007  31.2%     -    2s
     0     0    0.26086    0  456    0.37785    0.26086  31.0%     -    3s
     0     0    0.26181    0  436    0.37785    0.26181  30.7%     -    3s
     0     0    0.26182    0  445    0.37785    0.26182  30.7%     -    3s
     0     0    0.26214    0  448    0.37785    0.26214  30.6%     -    3s
     0     0    0.26217    0  449    0.37785    0.26217  30.6%     -    3s
     0     0    0.26221    0  452    0.37785    0.26221  30.6%     -    3s
     0     0    0.26223    0  451    0.37785    0.26223  30.6%     -    3s
     0     0    0.26223    0  450    0.37785    0.26223  30.6%     -    3s
     0     2    0.26227    0  448    0.37785    0.26227  30.6%     -    4s
H    2     2                       0.3750537    0.26227  30.1%   334    4s
H    4     4                       0.3691966    0.26272  28.8%   488    4s
H    4     4                       0.3691089    0.26272  28.8%   488    4s
H    7     7                       0.3636231    0.26294  27.7%   453    4s
H    7     7                       0.3635519    0.26294  27.7%   453    4s
    10    12    0.27097    5  385    0.36355    0.26294  27.7%   505    5s
H   46    45                       0.3627688    0.26294  27.5%   226    5s
H   46    45                       0.3626597    0.26294  27.5%   226    5s
   214   158    0.32928    8  336    0.36266    0.26974  25.6%   197   10s
   579   405    0.35706    9  352    0.36266    0.27814  23.3%   166   15s
   659   440    0.28700    5  448    0.36266    0.28192  22.3%   173   20s
H  666   422                       0.3621646    0.28192  22.2%   171   24s
   669   424    0.33219   12  457    0.36216    0.28192  22.2%   171   25s
   686   437    0.29911   21  318    0.36216    0.28192  22.2%   196   30s
   843   459    0.31097   19  316    0.36216    0.28192  22.2%   190   35s
  1004   474    0.33745   18  386    0.36216    0.28791  20.5%   186   40s
  1168   480    0.34644   46  255    0.36216    0.29202  19.4%   187   45s
  1369   486    0.30868   19  404    0.36216    0.30232  16.5%   180   50s
  1633   494    0.33181   22  378    0.36216    0.31114  14.1%   177   55s
  1893   466    0.33935   22  313    0.36216    0.32124  11.3%   178   60s
  2103   457    0.34819   26  335    0.36216    0.32950  9.02%   181   65s
  2310   493    0.33971   22  358    0.36216    0.33235  8.23%   181   70s
  2600   513    0.35964   41  212    0.36216    0.33630  7.14%   176   75s
  2905   550    0.36069   27  279    0.36216    0.33928  6.32%   173   80s
  3242   592    0.35207   29  212    0.36216    0.34148  5.71%   168   85s
  3736   705    0.34827   23  235    0.36216    0.34414  4.98%   158   90s
  4052   778    0.34997   27  329    0.36216    0.34525  4.67%   152   95s
  4579   872    0.35763   43  214    0.36216    0.34708  4.17%   144  100s
  5209  1001     cutoff   29         0.36216    0.34857  3.75%   135  105s
  6037  1219    0.35927   39  120    0.36216    0.34991  3.38%   124  110s
H 6646  1108                       0.3594585    0.35059  2.47%   117  113s
  6984  1169     cutoff   41         0.35946    0.35099  2.36%   114  115s
  7989  1340    0.35687   41  162    0.35946    0.35170  2.16%   106  120s
* 8024  1292              57       0.3589364    0.35173  2.01%   105  120s
* 8030  1272              58       0.3587412    0.35173  1.96%   105  120s
  9102  1361    0.35486   34  128    0.35874    0.35245  1.75%  97.9  125s
 10205  1374     cutoff   38         0.35874    0.35313  1.57%  91.5  130s
 11369  1354    0.35518   57   10    0.35874    0.35359  1.44%  85.9  135s
 12683  1369    0.35836   55   36    0.35874    0.35407  1.30%  80.6  140s
 14039  1319    0.35650   39  203    0.35874    0.35453  1.17%  75.9  145s
 14754  1293    0.35579   38   98    0.35874    0.35473  1.12%  73.8  152s
 15601  1224    0.35556   46   44    0.35874    0.35500  1.04%  71.5  155s
 17004  1070    0.35601   31  192    0.35874    0.35552  0.90%  68.1  160s
 18395   858    0.35620   37  207    0.35874    0.35610  0.74%  65.1  165s
 19784   580    0.35836   41  159    0.35874    0.35688  0.52%  62.5  170s
H20399   361                       0.3587412    0.35740  0.38%  61.4  173s
 20716   229    0.35812   47   96    0.35874    0.35782  0.26%  60.9  175s

Cutting planes:
  Learned: 21
  Gomory: 1
  Cover: 38
  Implied bound: 135
  Projected implied bound: 23
  Clique: 14
  MIR: 239
  StrongCG: 11
  Flow cover: 372
  GUB cover: 5
  Inf proof: 1
  Zero half: 2
  Mod-K: 2
  Network: 57
  RLT: 3
  Relax-and-lift: 34
  BQP: 3

Explored 21011 nodes (1286175 simplex iterations) in 176.40 seconds (282.14 work units)
Thread count was 1 (of 20 available processors)

Solution count 10: 0.358741 0.358741 0.358936 ... 0.369109

Optimal solution found (tolerance 0.00e+00)
Best objective 3.587412414037e-01, best bound 3.587412414037e-01, gap 0.0000%

User-callback calls 87501, time in user-callback 2.26 sec
