
Gurobi 13.0.2 (win64) logging started Mon Aug 24 17:34:02 2026

Set parameter LogFile to value "E:\codes\ExactEBRP\results\gf_k1_amf_formulation_rescue_round48\runs\stage3_300s__round39_small_hard_V12_M3_Q30_slot08_seed1288546114__K1-AMF\external\native_logs\L0.1_lp.gurobi.log"
Gurobi Optimizer version 13.0.2 build v13.0.2rc1 (win64 - Windows 10.0 (19045.2))

CPU model: 12th Gen Intel(R) Core(TM) i7-12700KF, instruction set [SSE2|AVX|AVX2]
Thread count: 12 physical cores, 20 logical processors, using up to 1 threads

Non-default parameters:
TimeLimit  277.0761441
MIPGap  0
MIPGapAbs  0
LogToConsole  0
Threads  1

Optimize a model with 16421 rows, 1404 columns and 167107 nonzeros (Min)
Model fingerprint: 0x9d8cdcb4
Model has 13 linear objective coefficients
Coefficient statistics:
  Matrix range     [2e-02, 1e+05]
  Objective range  [2e-02, 1e+00]
  Bounds range     [3e-01, 1e+02]
  RHS range        [3e-01, 1e+06]

Presolve removed 415 rows and 62 columns
Presolve time: 0.07s
Presolved: 1342 rows, 17263 columns, 166153 nonzeros

Iteration    Objective       Primal Inf.    Dual Inf.      Time
       0      handle free variables                          0s
    1114    3.2496933e-01   0.000000e+00   0.000000e+00      0s

Solved in 1114 iterations and 0.13 seconds (0.43 work units)
Optimal objective  3.249693329e-01

User-callback calls 1266, time in user-callback 0.00 sec
