
Gurobi 13.0.2 (win64) logging started Mon Aug 24 17:34:03 2026

Set parameter LogFile to value "E:\codes\ExactEBRP\results\gf_k1_amf_formulation_rescue_round48\runs\stage3_300s__round39_small_hard_V12_M3_Q30_slot08_seed1288546114__K1-AMF\external\native_logs\L0_terminal_mip.gurobi.log"
Gurobi Optimizer version 13.0.2 build v13.0.2rc1 (win64 - Windows 10.0 (19045.2))

CPU model: 12th Gen Intel(R) Core(TM) i7-12700KF, instruction set [SSE2|AVX|AVX2]
Thread count: 12 physical cores, 20 logical processors, using up to 1 threads

Non-default parameters:
TimeLimit  276.8219173
MIPGap  0
MIPGapAbs  0
LogToConsole  0
Threads  1

Optimize a model with 16421 rows, 1404 columns and 166961 nonzeros (Min)
Model fingerprint: 0x06ca4f4c
Model has 13 linear objective coefficients
Variable types: 677 continuous, 727 integer (607 binary)
Coefficient statistics:
  Matrix range     [2e-02, 1e+05]
  Objective range  [2e-02, 1e+00]
  Bounds range     [5e-01, 1e+02]
  RHS range        [4e-01, 1e+06]

Presolve removed 9731 rows and 54 columns
Presolve time: 0.28s
Presolved: 6690 rows, 1350 columns, 86408 nonzeros
Variable types: 580 continuous, 770 integer (601 binary)

Root relaxation: objective 1.110879e-01, 1867 iterations, 0.11 seconds (0.31 work units)

    Nodes    |    Current Node    |     Objective Bounds      |     Work
 Expl Unexpl |  Obj  Depth IntInf | Incumbent    BestBd   Gap | It/Node Time

     0     0    0.11109    0  218          -    0.11109      -     -    0s
     0     0    0.31146    0  217          -    0.31146      -     -    0s
     0     0    0.31412    0  223          -    0.31412      -     -    0s
     0     0    0.32547    0  240          -    0.32547      -     -    1s
     0     0    0.32594    0  240          -    0.32594      -     -    1s
     0     0    0.33064    0  205          -    0.33064      -     -    1s
     0     0    0.33161    0  203          -    0.33161      -     -    1s
     0     0    0.33707    0  203          -    0.33707      -     -    1s
     0     0    0.33727    0  207          -    0.33727      -     -    1s
     0     0    0.33780    0  228          -    0.33780      -     -    2s
     0     0    0.33800    0  229          -    0.33800      -     -    2s
     0     0    0.33866    0  248          -    0.33866      -     -    2s
     0     0    0.33868    0  229          -    0.33868      -     -    2s
     0     0    0.33969    0  208          -    0.33969      -     -    2s
     0     0    0.34015    0  217          -    0.34015      -     -    2s
     0     0    0.34413    0  227          -    0.34413      -     -    2s
     0     0    0.34424    0  221          -    0.34424      -     -    2s
     0     0    0.34445    0  207          -    0.34445      -     -    3s
     0     0    0.34451    0  220          -    0.34451      -     -    3s
     0     0    0.34487    0  216          -    0.34487      -     -    3s
     0     0    0.34495    0  216          -    0.34495      -     -    3s
     0     0    0.34501    0  209          -    0.34501      -     -    3s
     0     0    0.34501    0  224          -    0.34501      -     -    3s
     0     0    0.34514    0  218          -    0.34514      -     -    3s
     0     0    0.34514    0  217          -    0.34514      -     -    3s
     0     0    0.34514    0  208          -    0.34514      -     -    3s
     0     2    0.34516    0  208          -    0.34516      -     -    5s
   333   291    0.37084    7  165          -    0.35322      -  61.1   10s
   562   485    0.42863   23  243          -    0.35565      -  62.9   15s
   577   495    0.43514   17  243          -    0.35565      -  61.2   20s
   584   501    0.35565   12  217          -    0.35565      -  76.8   26s
   613   515    0.40883   26  212          -    0.35644      -  84.1   30s
   687   529    0.40888   23  206          -    0.35660      -  91.6   35s
H  736   508                       0.5064228    0.35671  29.6%  97.1   39s
   767   516    0.39865   25  190    0.50642    0.35789  29.3%  97.3   40s
  1030   557    0.36715   16  254    0.50642    0.36574  27.8%  99.2   45s
  1317   616    0.38198   21  196    0.50642    0.36828  27.3%  97.0   50s
  1602   606    0.37702   20  215    0.50642    0.37330  26.3%  98.3   55s
  1993   605    0.41704   22  242    0.50642    0.37834  25.3%  99.3   60s
  2400   745    0.41001   25  217    0.50642    0.38243  24.5%  97.2   65s
  2811   866    0.39781   26  226    0.50642    0.38651  23.7%  96.5   70s
  3317  1026    0.47574   26  219    0.50642    0.39039  22.9%  94.1   75s
  3769  1128     cutoff   28         0.50642    0.39316  22.4%  93.6   80s
  4107  1217    0.45626   24  203    0.50642    0.39534  21.9%  91.5   85s
  4395  1290    0.40973   18  211    0.50642    0.39701  21.6%  92.1   90s
  4800  1400    0.47138   30  170    0.50642    0.39949  21.1%  90.8   95s
  4924  1412    0.47946   36  195    0.50642    0.39997  21.0%  90.8  103s
  5066  1446    0.46771   25  172    0.50642    0.40057  20.9%  90.0  105s
  5315  1495 infeasible   27         0.50642    0.40178  20.7%  90.6  110s
H 5628  1548                       0.5063433    0.40305  20.4%  92.2  114s
  5705  1561    0.46244   22  147    0.50634    0.40370  20.3%  92.4  115s
  6013  1613    0.44834   22  175    0.50634    0.40560  19.9%  92.5  120s
  6519  1717 infeasible   39         0.50634    0.40810  19.4%  90.8  125s
  6937  1756    0.49987   29  174    0.50634    0.41118  18.8%  91.4  130s
  7570  1885    0.44154   27  185    0.50634    0.41412  18.2%  89.0  135s
  8004  1944    0.48353   25  185    0.50634    0.41610  17.8%  88.9  140s
  8575  1975     cutoff   36         0.50634    0.41908  17.2%  88.5  145s
  8814  2018    0.50321   21  184    0.50634    0.42007  17.0%  88.1  150s
  9318  2065    0.43539   23  135    0.50634    0.42202  16.7%  87.5  156s
  9717  2105    0.45598   30  184    0.50634    0.42353  16.4%  87.0  160s
 10203  2191    0.46550   25  208    0.50634    0.42520  16.0%  85.9  193s
 10205  2192    0.47803   29  228    0.50634    0.42520  16.0%  85.9  195s
 10208  2194    0.44862   26  267    0.50634    0.42520  16.0%  85.8  200s
 10211  2196    0.43031   22  212    0.50634    0.42520  16.0%  85.8  206s
 10213  2198    0.48357   39  249    0.50634    0.42520  16.0%  85.8  210s
 10216  2200    0.46807   25  242    0.50634    0.42520  16.0%  85.8  216s
 10218  2201    0.49455   26  219    0.50634    0.42520  16.0%  85.8  220s
 10221  2203    0.48907   24  256    0.50634    0.42520  16.0%  85.7  226s
 10223  2204    0.44000   25  242    0.50634    0.42520  16.0%  85.7  230s
 10226  2206    0.43794   29  248    0.50634    0.42520  16.0%  85.7  235s
 10229  2208    0.42841   24  260    0.50634    0.42520  16.0%  85.7  241s
 10231  2210    0.44662   25  265    0.50634    0.42520  16.0%  85.7  245s
 10234  2212    0.45558   31  253    0.50634    0.42520  16.0%  85.6  251s
 10236  2213    0.45875   27  250    0.50634    0.42520  16.0%  85.6  255s
 10239  2215    0.46260   30  259    0.50634    0.42520  16.0%  85.6  261s
 10241  2216    0.44096   24  282    0.50634    0.42520  16.0%  85.6  266s
 10244  2218    0.47345   25  277    0.50634    0.42520  16.0%  85.5  270s
 10249  2222    0.43612   24  283    0.50634    0.42520  16.0%  85.5  275s

Cutting planes:
  Learned: 14
  Cover: 27
  Implied bound: 60
  Projected implied bound: 2
  Clique: 9
  MIR: 88
  Mixing: 1
  StrongCG: 6
  Flow cover: 166
  GUB cover: 2
  Inf proof: 1
  Zero half: 2
  Network: 5
  RLT: 8
  Relax-and-lift: 30

Explored 10250 nodes (905090 simplex iterations) in 276.83 seconds (500.03 work units)
Thread count was 1 (of 20 available processors)

Solution count 2: 0.506343 0.506423 

Time limit reached
Best objective 5.063433075652e-01, best bound 4.252011336837e-01, gap 16.0251%

User-callback calls 119799, time in user-callback 0.02 sec
