
Gurobi 13.0.2 (win64) logging started Fri Oct  2 21:58:40 2026

Set parameter LogFile to value "E:\codes\ExactEBRP\results\unified_exact_round100\development01\raw\02_F2_ENS-Q\external\native_logs\L0_terminal_mip.gurobi.log"
Set parameter TimeLimit to value 894.6377906
Gurobi Optimizer version 13.0.2 build v13.0.2rc1 (win64 - Windows 10.0 (19045.2))

CPU model: 12th Gen Intel(R) Core(TM) i7-12700KF, instruction set [SSE2|AVX|AVX2]
Thread count: 12 physical cores, 20 logical processors, using up to 1 threads

Non-default parameters:
TimeLimit  894.6377906
MIPGap  0
MIPGapAbs  0
LogToConsole  0
Threads  1

Optimize a model with 9269 rows, 3488 columns and 52879 nonzeros (Min)
Model fingerprint: 0x4e3ddf70
Model has 21 linear objective coefficients
Variable types: 1861 continuous, 1627 integer (1567 binary)
Coefficient statistics:
  Matrix range     [4e-02, 2e+04]
  Objective range  [4e-02, 1e+00]
  Bounds range     [9e-01, 4e+02]
  RHS range        [9e-01, 5e+04]

Loaded user MIP start with objective 0.885348
MIP start from previous solve did not produce a new incumbent solution

Presolve removed 1694 rows and 22 columns
Presolve time: 0.11s
Presolved: 7575 rows, 3466 columns, 52485 nonzeros
Variable types: 1649 continuous, 1817 integer (1567 binary)

Root relaxation: objective 5.641827e-01, 2603 iterations, 0.08 seconds (0.19 work units)

    Nodes    |    Current Node    |     Objective Bounds      |     Work
 Expl Unexpl |  Obj  Depth IntInf | Incumbent    BestBd   Gap | It/Node Time

     0     0    0.56418    0  304    0.88535    0.56418  36.3%     -    0s
     0     0    0.60723    0  304    0.88535    0.60723  31.4%     -    0s
     0     0    0.71279    0  381    0.88535    0.71279  19.5%     -    0s
     0     0    0.71378    0  373    0.88535    0.71378  19.4%     -    0s
     0     0    0.76095    0  401    0.88535    0.76095  14.1%     -    1s
     0     0    0.76303    0  405    0.88535    0.76303  13.8%     -    1s
     0     0    0.76483    0  406    0.88535    0.76483  13.6%     -    1s
     0     0    0.76581    0  404    0.88535    0.76581  13.5%     -    1s
     0     0    0.76698    0  405    0.88535    0.76698  13.4%     -    2s
     0     0    0.76727    0  405    0.88535    0.76727  13.3%     -    2s
     0     0    0.76766    0  401    0.88535    0.76766  13.3%     -    2s
     0     0    0.76773    0  388    0.88535    0.76773  13.3%     -    2s
     0     0    0.76788    0  394    0.88535    0.76788  13.3%     -    2s
H    0     0                       0.8853456    0.76788  13.3%     -    2s
H    0     0                       0.8849034    0.76788  13.2%     -    2s
H    0     0                       0.8845533    0.76788  13.2%     -    2s
H    0     0                       0.8811439    0.76788  12.9%     -    2s
H    0     0                       0.8802108    0.76788  12.8%     -    2s
H    0     0                       0.8800735    0.76788  12.7%     -    2s
     0     0    0.76788    0  401    0.88007    0.76788  12.7%     -    2s
     0     0    0.76804    0  398    0.88007    0.76804  12.7%     -    3s
     0     0    0.76820    0  394    0.88007    0.76820  12.7%     -    3s
     0     0    0.76820    0  394    0.88007    0.76820  12.7%     -    3s
     0     0    0.76820    0  393    0.88007    0.76820  12.7%     -    3s
     0     2    0.76822    0  388    0.88007    0.76822  12.7%     -    3s
H   16    16                       0.8747371    0.76860  12.1%   475    4s
H   20    20                       0.8735234    0.76860  12.0%   434    4s
    22    24    0.78003   17  356    0.87352    0.76860  12.0%   426    5s
H   24    24                       0.8716403    0.76860  11.8%   402    5s
H   40    40                       0.8699781    0.76860  11.7%   299    5s
   285   267    0.81703   22  274    0.86998    0.76981  11.5%   129   10s
   563   483    0.80069   23  336    0.86998    0.77198  11.3%   136   15s
   570   488    0.78909   18  396    0.86998    0.77198  11.3%   134   20s
   581   495    0.81964   20  400    0.86998    0.77198  11.3%   131   25s
   599   509    0.78394   22  369    0.86998    0.77690  10.7%   179   30s
   719   530    0.83882   41  235    0.86998    0.77691  10.7%   173   35s
*  750   499              63       0.8659435    0.77691  10.3%   168   35s
   821   516    0.80289   31  345    0.86594    0.77873  10.1%   174   40s
   893   536    0.84272   42  288    0.86594    0.77877  10.1%   178   45s
   978   545    0.79398   19  353    0.86594    0.78112  9.80%   176   50s
  1109   561    0.82688   24  385    0.86594    0.78585  9.25%   174   55s
  1260   603    0.82835   25  362    0.86594    0.78702  9.11%   175   60s
  1369   637    0.82362   24  356    0.86594    0.78851  8.94%   178   65s
  1459   666    0.82780   29  330    0.86594    0.79033  8.73%   182   70s
  1594   697    0.80122   22  373    0.86594    0.79453  8.25%   181   75s
  1702   719    0.85440   39  250    0.86594    0.79570  8.11%   182   80s
  1862   745    0.84583   24  349    0.86594    0.79646  8.02%   182   85s
  1989   759    0.81534   26  340    0.86594    0.79779  7.87%   184   90s
  2120   813    0.85087   32  284    0.86594    0.79861  7.78%   185   95s
  2308   891    0.85758   27  348    0.86594    0.79906  7.72%   183  100s
  2471   963    0.86484   23  316    0.86594    0.79975  7.64%   183  105s
  2602  1013    0.82549   25  360    0.86594    0.80124  7.47%   183  110s
  2727  1053    0.81125   25  304    0.86594    0.80207  7.38%   183  115s
  2881  1119     cutoff   32         0.86594    0.80331  7.23%   183  120s
  3030  1174    0.85517   31  346    0.86594    0.80388  7.17%   182  125s
  3148  1215     cutoff   34         0.86594    0.80440  7.11%   183  130s
  3322  1274    0.83802   25  346    0.86594    0.80561  6.97%   181  135s
  3449  1306    0.82331   27  336    0.86594    0.80635  6.88%   180  140s
  3619  1371    0.85256   33  305    0.86594    0.80711  6.79%   180  145s
  3807  1432    0.83279   24  345    0.86594    0.80795  6.70%   179  151s
  3915  1462    0.83766   24  349    0.86594    0.80840  6.65%   180  155s
  4085  1530    0.82708   22  391    0.86594    0.80895  6.58%   180  160s
  4306  1633    0.84008   28  357    0.86594    0.80962  6.50%   178  165s
  4427  1683    0.85448   30  312    0.86594    0.81029  6.43%   183  170s
  4576  1719    0.82708   26  383    0.86594    0.81123  6.32%   183  175s
  4733  1773    0.85175   32  299    0.86594    0.81182  6.25%   182  180s
  4916  1824    0.85294   28  361    0.86594    0.81269  6.15%   181  185s
  5052  1869    0.85153   36  261    0.86594    0.81322  6.09%   181  190s
  5236  1918    0.83146   28  347    0.86594    0.81422  5.97%   180  195s
  5399  1966    0.86204   47  208    0.86594    0.81472  5.92%   180  200s
  5604  2026    0.83099   26  357    0.86594    0.81549  5.83%   180  205s
  5773  2068    0.83112   25  354    0.86594    0.81587  5.78%   179  210s
  5952  2124    0.84603   21  364    0.86594    0.81623  5.74%   178  215s
  6156  2182    0.84328   26  317    0.86594    0.81677  5.68%   177  220s
  6370  2223    0.85309   30  328    0.86594    0.81734  5.61%   177  225s
  6533  2268    0.84367   29  340    0.86594    0.81767  5.57%   177  230s
  6739  2340    0.85051   44  224    0.86594    0.81821  5.51%   176  235s
  6894  2381    0.86333   28  252    0.86594    0.81862  5.46%   175  240s
  7110  2436    0.82952   27  357    0.86594    0.81902  5.42%   174  245s
  7241  2476    0.86504   30  324    0.86594    0.81937  5.38%   174  250s
  7444  2514    0.86570   34  257    0.86594    0.82001  5.31%   174  255s
  7605  2560    0.83203   28  330    0.86594    0.82031  5.27%   174  260s
  7775  2595    0.84586   24  378    0.86594    0.82066  5.23%   174  265s
  7910  2619     cutoff   32         0.86594    0.82092  5.20%   174  270s
  8085  2653    0.83760   34  303    0.86594    0.82119  5.17%   173  275s
  8269  2688    0.84319   25  347    0.86594    0.82151  5.13%   173  280s
  8517  2739    0.85114   32  242    0.86594    0.82194  5.08%   172  285s
  8705  2796    0.84132   28  320    0.86594    0.82227  5.04%   171  290s
  8856  2831    0.85720   31  295    0.86594    0.82272  4.99%   171  295s
  9017  2852    0.86140   28  330    0.86594    0.82311  4.95%   171  300s
  9189  2872    0.84192   31  324    0.86594    0.82353  4.90%   172  305s
  9440  2933    0.86415   30  239    0.86594    0.82425  4.81%   171  310s
  9569  2944    0.85473   31  324    0.86594    0.82449  4.79%   171  315s
  9760  2959    0.85223   25  331    0.86594    0.82476  4.76%   172  320s
  9961  3004    0.86419   40  303    0.86594    0.82501  4.73%   171  325s
 10158  3031    0.84555   28  316    0.86594    0.82530  4.69%   171  330s
 10202  3038    0.84300   32  308    0.86594    0.82542  4.68%   171  351s
 10410  3077    0.85308   27  344    0.86594    0.82576  4.64%   170  355s
 10583  3103    0.86519   25  292    0.86594    0.82610  4.60%   170  360s
 10822  3169    0.86427   41  245    0.86594    0.82626  4.58%   170  366s
 10946  3172    0.84008   30  325    0.86594    0.82649  4.56%   170  370s
 11144  3197     cutoff   31         0.86594    0.82682  4.52%   170  375s
 11328  3212    0.85309   26  324    0.86594    0.82710  4.49%   171  380s
 11574  3237     cutoff   33         0.86594    0.82740  4.45%   170  385s
 11770  3264    0.85694   28  363    0.86594    0.82780  4.40%   171  390s
 12036  3330    0.84458   26  323    0.86594    0.82802  4.38%   170  395s
 12239  3346    0.83945   31  244    0.86594    0.82857  4.32%   170  400s
 12447  3373    0.84765   30  303    0.86594    0.82884  4.28%   171  405s
 12679  3396     cutoff   35         0.86594    0.82920  4.24%   170  410s
 12788  3424    0.85008   26  319    0.86594    0.82934  4.23%   170  415s
 12991  3446    0.84837   34  366    0.86594    0.82966  4.19%   170  420s
 13110  3467    0.86150   33  277    0.86594    0.82977  4.18%   170  426s
 13270  3483 infeasible   43         0.86594    0.83006  4.14%   170  430s
 13475  3515     cutoff   30         0.86594    0.83026  4.12%   170  435s
 13698  3544    0.86490   30  312    0.86594    0.83047  4.10%   170  440s
 13886  3560    0.85690   30  282    0.86594    0.83090  4.05%   170  445s
 14092  3578    0.85805   40  173    0.86594    0.83125  4.01%   170  450s
 14287  3579     cutoff   26         0.86594    0.83164  3.96%   170  455s
 14520  3602    0.86045   28  284    0.86594    0.83200  3.92%   169  460s
 14754  3605    0.83693   29  294    0.86594    0.83235  3.88%   169  467s
 14871  3625    0.86414   28  302    0.86594    0.83245  3.87%   169  470s
 15096  3631     cutoff   29         0.86594    0.83276  3.83%   169  475s
 15297  3623    0.84363   26  372    0.86594    0.83324  3.78%   169  480s
 15467  3636 infeasible   30         0.86594    0.83347  3.75%   169  485s
 15669  3636 infeasible   47         0.86594    0.83383  3.71%   170  490s
 15890  3631    0.85286   29  325    0.86594    0.83419  3.67%   170  495s
 16179  3660    0.84936   27  342    0.86594    0.83460  3.62%   169  500s
 16460  3652 infeasible   31         0.86594    0.83484  3.59%   169  505s
 16669  3674    0.86183   28  322    0.86594    0.83503  3.57%   169  510s
 16885  3679    0.84755   37  282    0.86594    0.83539  3.53%   169  515s
 17083  3668 infeasible   29         0.86594    0.83577  3.48%   169  520s
 17329  3682    0.85253   21  366    0.86594    0.83614  3.44%   168  525s
 17573  3692    0.85244   27  348    0.86594    0.83657  3.39%   168  530s
 17703  3680    0.86065   34  185    0.86594    0.83680  3.37%   168  538s
 17762  3664     cutoff   35         0.86594    0.83693  3.35%   168  540s
 17972  3660    0.85290   29  288    0.86594    0.83719  3.32%   168  545s
 18244  3660    0.86035   43  138    0.86594    0.83748  3.29%   168  550s
 18476  3647    0.86113   31  218    0.86594    0.83782  3.25%   168  555s
 18729  3630    0.86508   26  311    0.86594    0.83817  3.21%   168  560s
 18938  3595 infeasible   30         0.86594    0.83859  3.16%   168  565s
 19146  3583    0.84689   30  303    0.86594    0.83881  3.13%   168  570s
 19390  3569     cutoff   23         0.86594    0.83915  3.09%   168  575s
 19607  3550    0.84674   25  376    0.86594    0.83952  3.05%   168  580s
 19845  3534     cutoff   30         0.86594    0.83984  3.01%   168  585s
 20045  3504    0.86373   31  341    0.86594    0.84020  2.97%   168  590s
 20170  3473    0.85341   33  314    0.86594    0.84043  2.95%   168  595s
 20378  3449 infeasible   31         0.86594    0.84075  2.91%   168  600s
 20582  3429    0.85751   33  303    0.86594    0.84110  2.87%   168  605s
 20822  3411 infeasible   35         0.86594    0.84146  2.83%   168  610s
 21037  3400    0.84811   31  293    0.86594    0.84181  2.79%   168  615s
 21256  3376    0.86277   33  141    0.86594    0.84218  2.74%   168  620s
 21457  3338     cutoff   27         0.86594    0.84250  2.71%   168  625s
 21649  3312    0.85981   35  162    0.86594    0.84281  2.67%   168  630s
 21863  3271 infeasible   26         0.86594    0.84325  2.62%   168  635s
 22057  3236    0.85215   37  220    0.86594    0.84354  2.59%   168  640s
 22245  3208    0.86451   29  269    0.86594    0.84383  2.55%   169  645s
 22490  3159     cutoff   29         0.86594    0.84425  2.51%   168  650s
 22790  3148 infeasible   27         0.86594    0.84456  2.47%   168  655s
 23020  3103     cutoff   28         0.86594    0.84480  2.44%   168  660s
 23263  3041     cutoff   30         0.86594    0.84518  2.40%   168  665s
 23544  3009    0.86223   28  332    0.86594    0.84555  2.35%   167  670s
 23802  2960     cutoff   25         0.86594    0.84588  2.32%   167  675s
 24009  2917     cutoff   28         0.86594    0.84621  2.28%   167  680s
 24295  2857    0.86101   23  359    0.86594    0.84674  2.22%   167  685s
 24531  2810     cutoff   31         0.86594    0.84714  2.17%   167  690s
 24733  2758    0.85877   25  368    0.86594    0.84756  2.12%   167  695s
 25041  2739    0.86377   29  301    0.86594    0.84792  2.08%   166  700s
 25273  2688    0.85410   26  309    0.86594    0.84823  2.05%   166  705s
 25554  2641    0.86513   29  317    0.86594    0.84857  2.01%   166  710s
 25781  2558    0.86066   28  361    0.86594    0.84903  1.95%   166  715s
 26066  2490    0.85616   30  347    0.86594    0.84939  1.91%   166  720s
 26412  2442     cutoff   28         0.86594    0.84979  1.87%   165  725s
 26550  2436    0.85605   36  153    0.86594    0.85001  1.84%   165  733s
 26628  2403     cutoff   30         0.86594    0.85012  1.83%   165  735s
 26907  2334    0.86126   26  317    0.86594    0.85052  1.78%   164  740s
 27221  2250 infeasible   42         0.86594    0.85095  1.73%   164  745s
 27562  2183    0.85524   27  335    0.86594    0.85138  1.68%   163  750s
 27820  2085 infeasible   30         0.86594    0.85178  1.64%   163  755s
 28111  2019    0.85847   38  244    0.86594    0.85215  1.59%   163  760s
 28389  1938    0.86438   31  262    0.86594    0.85255  1.55%   162  765s
 28755  1850    0.86138   37  223    0.86594    0.85300  1.49%   162  770s
 29089  1756    0.86067   27  292    0.86594    0.85351  1.44%   161  775s
 29455  1658    0.85433   34  128    0.86594    0.85415  1.36%   160  780s
 29785  1560     cutoff   28         0.86594    0.85470  1.30%   160  785s
 30110  1461 infeasible   31         0.86594    0.85528  1.23%   159  790s
 30510  1344    0.86130   38   99    0.86594    0.85591  1.16%   158  795s
 30896  1197     cutoff   28         0.86594    0.85662  1.08%   157  800s
 31342  1028     cutoff   44         0.86594    0.85746  0.98%   156  805s
 31818   850    0.85857   40  163    0.86594    0.85849  0.86%   155  810s
 32360   593    0.86578   44   78    0.86594    0.85994  0.69%   154  815s
 33054   301    0.86237   36  246    0.86594    0.86190  0.47%   151  820s

Cutting planes:
  Learned: 50
  Gomory: 4
  Cover: 104
  Implied bound: 179
  Projected implied bound: 60
  Clique: 19
  MIR: 293
  Mixing: 1
  Knapsack: 1
  StrongCG: 13
  Flow cover: 694
  GUB cover: 41
  Inf proof: 7
  Zero half: 3
  Mod-K: 1
  Network: 28
  RLT: 13
  Relax-and-lift: 64
  BQP: 9
  PSD: 2

Explored 33586 nodes (5032847 simplex iterations) in 822.93 seconds (1683.74 work units)
Thread count was 1 (of 20 available processors)

Solution count 10: 0.865944 0.865944 0.869978 ... 0.884553

Optimal solution found (tolerance 0.00e+00)
Best objective 8.659435203230e-01, best bound 8.659435203230e-01, gap 0.0000%

User-callback calls 177928, time in user-callback 4.95 sec
