
Gurobi 13.0.2 (win64) logging started Fri Aug  7 21:13:57 2026

Set parameter LogFile to value "E:\codes\ExactEBRP\results\gf_v10_convergence_round33\runs\stage1__round33_v10_moderate_M2_Q20_seed1118884127__c6_frozen__3600s\external\native_logs\L2_terminal_mip.gurobi.log"
Gurobi Optimizer version 13.0.2 build v13.0.2rc1 (win64 - Windows 10.0 (19045.2))

CPU model: 12th Gen Intel(R) Core(TM) i7-12700KF, instruction set [SSE2|AVX|AVX2]
Thread count: 12 physical cores, 20 logical processors, using up to 1 threads

Non-default parameters:
TimeLimit  3580.7777086
MIPGap  0
MIPGapAbs  0
LogToConsole  0
Threads  1

Optimize a model with 4276 rows, 761 columns and 30656 nonzeros (Min)
Model fingerprint: 0xa276958d
Model has 11 linear objective coefficients
Variable types: 375 continuous, 386 integer (316 binary)
Coefficient statistics:
  Matrix range     [4e-03, 1e+05]
  Objective range  [9e-03, 1e+00]
  Bounds range     [4e-03, 5e+01]
  RHS range        [4e-03, 1e+06]

Presolved: 1511 rows, 415 columns, 13197 nonzeros

Continuing optimization...

     0     0    0.00573    0   93          -    0.00573      -     -    0s
     0     0    0.00573    0   90          -    0.00573      -     -    0s
     0     0 infeasible    0               - infeasible      -     -    0s

Cutting planes:
  Learned: 3
  Cover: 4
  Implied bound: 15
  Clique: 2
  MIR: 6
  Flow cover: 4
  Zero half: 1
  Network: 10
  Relax-and-lift: 18
  BQP: 1

Explored 1 nodes (1903 simplex iterations) in 0.25 seconds (0.39 work units)
Most recent optimization runtime was 0.05 seconds (0.09 work units)
Thread count was 1 (of 20 available processors)

Solution count 0

Model is infeasible
Best objective -, best bound -, gap -

User-callback calls 69, time in user-callback 0.00 sec
