
Gurobi 13.0.2 (win64) logging started Sun Aug  9 15:35:42 2026

Set parameter LogFile to value "E:\codes\ExactEBRP\results\gf_simple_start_qualification_round35\runs\matrix1800__moderate_seed5302__c6_simple_start__1800s\native.log"
Set parameter Threads to value 1
Set parameter Presolve to value -1
Set parameter Seed to value 0
Set parameter MIPGap to value 0
Set parameter MIPGapAbs to value 0
Warning: unknown variable 'r_max' in bounds section (line 13975)
Warning: unknown variable 'r_min' in bounds section (line 13976)
Read LP format model from file E:\codes\ExactEBRP\results\gf_simple_start_qualification_round35\runs\matrix1800__moderate_seed5302__c6_simple_start__1800s\external\models\L0.lp
Reading time = 0.02 seconds
obj: 11930 rows, 3382 columns, 67150 nonzeros
Set parameter TimeLimit to value 1784.8675869
Warning: unknown variable 'r_max' in bounds section (line 13975)
Warning: unknown variable 'r_min' in bounds section (line 13976)
Read LP format model from file E:\codes\ExactEBRP\results\gf_simple_start_qualification_round35\runs\matrix1800__moderate_seed5302__c6_simple_start__1800s\external\models\L1.lp
Reading time = 0.02 seconds
obj: 11930 rows, 3382 columns, 67398 nonzeros
Set parameter TimeLimit to value 1781.3336492
Warning: unknown variable 'r_max' in bounds section (line 13975)
Warning: unknown variable 'r_min' in bounds section (line 13976)
Read LP format model from file E:\codes\ExactEBRP\results\gf_simple_start_qualification_round35\runs\matrix1800__moderate_seed5302__c6_simple_start__1800s\external\models\L0.0.lp
Reading time = 0.02 seconds
obj: 11930 rows, 3382 columns, 67150 nonzeros
Set parameter TimeLimit to value 1780.9714908
Warning: unknown variable 'r_max' in bounds section (line 13975)
Warning: unknown variable 'r_min' in bounds section (line 13976)
Read LP format model from file E:\codes\ExactEBRP\results\gf_simple_start_qualification_round35\runs\matrix1800__moderate_seed5302__c6_simple_start__1800s\external\models\L0.1.lp
Reading time = 0.02 seconds
obj: 11930 rows, 3382 columns, 67398 nonzeros
Set parameter TimeLimit to value 1780.5971063
