
Gurobi 13.0.2 (win64) logging started Fri Aug  7 20:16:03 2026

Set parameter LogFile to value "E:\codes\ExactEBRP\results\gf_v10_convergence_round33\stage0_runs\fingerprint__round33_v10_moderate_M2_Q30_seed763364383\native.log"
Set parameter Threads to value 1
Set parameter Presolve to value -1
Set parameter Seed to value 0
Set parameter MIPGap to value 0
Set parameter MIPGapAbs to value 0
Set parameter TimeLimit to value 0.001
Read LP format model from file E:\codes\ExactEBRP\results\gf_v10_convergence_round33\stage0_runs\fingerprint__round33_v10_moderate_M2_Q30_seed763364383\canonical.lp
Reading time = 0.00 seconds
obj: 1137 rows, 538 columns, 4653 nonzeros
Set parameter TimeLimit to value 4.9746482
Gurobi Optimizer version 13.0.2 build v13.0.2rc1 (win64 - Windows 10.0 (19045.2))

CPU model: 12th Gen Intel(R) Core(TM) i7-12700KF, instruction set [SSE2|AVX|AVX2]
Thread count: 12 physical cores, 20 logical processors, using up to 1 threads

Non-default parameters:
TimeLimit  4.9746482
MIPGap  0
MIPGapAbs  0
LogToConsole  0
Threads  1

Optimize a model with 1137 rows, 538 columns and 4653 nonzeros (Min)
Model fingerprint: 0xa27e2d1c
Model has 11 linear objective coefficients
Variable types: 152 continuous, 386 integer (316 binary)
Coefficient statistics:
  Matrix range     [3e-02, 6e+02]
  Objective range  [9e-03, 1e+00]
  Bounds range     [1e+00, 5e+01]
  RHS range        [1e+00, 4e+03]

Presolve removed 54 rows and 14 columns
Presolve time: 0.01s
Presolved: 1083 rows, 524 columns, 5522 nonzeros
Variable types: 87 continuous, 437 integer (314 binary)
Found heuristic solution: objective 0.8688929

Root relaxation: objective 3.299242e-02, 458 iterations, 0.01 seconds (0.01 work units)

    Nodes    |    Current Node    |     Objective Bounds      |     Work
 Expl Unexpl |  Obj  Depth IntInf | Incumbent    BestBd   Gap | It/Node Time

     0     0    0.03299    0  145    0.86889    0.03299  96.2%     -    0s
     0     0    0.05054    0  159    0.86889    0.05054  94.2%     -    0s
H    0     0                       0.8066048    0.05064  93.7%     -    0s
     0     0    0.05324    0  158    0.80660    0.05324  93.4%     -    0s
     0     0    0.05561    0  156    0.80660    0.05561  93.1%     -    0s
H    0     0                       0.7980900    0.05594  93.0%     -    0s
     0     0    0.05594    0  161    0.79809    0.05594  93.0%     -    0s
     0     0    0.05594    0  178    0.79809    0.05594  93.0%     -    0s
H    0     0                       0.7847767    0.05594  92.9%     -    0s
H    0     0                       0.7817263    0.05594  92.8%     -    0s
     0     0    0.05594    0  182    0.78173    0.05594  92.8%     -    0s
     0     0    0.05594    0  174    0.78173    0.05594  92.8%     -    0s
H    0     0                       0.7315701    0.05594  92.4%     -    0s
     0     0    0.05594    0  190    0.73157    0.05594  92.4%     -    0s
     0     0    0.05594    0  186    0.73157    0.05594  92.4%     -    0s
H    0     0                       0.7089691    0.05594  92.1%     -    0s
H    0     0                       0.6997196    0.05594  92.0%     -    0s
     0     0    0.05594    0  183    0.69972    0.05594  92.0%     -    0s
     0     0    0.05611    0  192    0.69972    0.05611  92.0%     -    0s
H    0     0                       0.6931496    0.05611  91.9%     -    0s
     0     0    0.05614    0  184    0.69315    0.05614  91.9%     -    0s
     0     0    0.05614    0  188    0.69315    0.05614  91.9%     -    0s
     0     0    0.05614    0  189    0.69315    0.05614  91.9%     -    0s
     0     0    0.05614    0  193    0.69315    0.05614  91.9%     -    0s
     0     0    0.05614    0  192    0.69315    0.05614  91.9%     -    0s
     0     0    0.05614    0  181    0.69315    0.05614  91.9%     -    0s
     0     2    0.05638    0  177    0.69315    0.05638  91.9%     -    0s
H   29    29                       0.6897807    0.05695  91.7%  18.7    0s
H   29    29                       0.6853496    0.05695  91.7%  18.7    0s
H   29    29                       0.6850883    0.05695  91.7%  18.7    0s
H   78    68                       0.2813385    0.05695  79.8%  22.0    0s
H   78    68                       0.2755194    0.05695  79.3%  22.0    0s
H  148   126                       0.2466302    0.05743  76.7%  23.0    0s
H  148   126                       0.2306877    0.05743  75.1%  23.0    0s
H  148   126                       0.2207869    0.05743  74.0%  23.0    0s
H  148   126                       0.2185580    0.05743  73.7%  23.0    0s
H  148   124                       0.1998159    0.05743  71.3%  23.0    0s
H  148   124                       0.1926604    0.05743  70.2%  23.0    0s
H  148   124                       0.1882293    0.05743  69.5%  23.0    0s
H  148   123                       0.1807870    0.05743  68.2%  23.0    0s
H  403   300                       0.1805391    0.05816  67.8%  23.0    0s
H  403   300                       0.1804455    0.05816  67.8%  23.0    0s
*  455   336              41       0.1713145    0.05816  66.0%  21.7    0s
*  457   315              42       0.1580786    0.05816  63.2%  21.6    0s
H  509   361                       0.1579948    0.05829  63.1%  22.6    0s
H  509   360                       0.1577994    0.05829  63.1%  22.6    0s
H  509   360                       0.1577761    0.05829  63.1%  22.6    0s
H  537   372                       0.1553209    0.05829  62.5%  22.5    0s
H  616   411                       0.1525756    0.06516  57.3%  21.4    1s
H  618   392                       0.1519989    0.06540  57.0%  21.4    1s
H  622   374                       0.1519490    0.06715  55.8%  21.2    1s
H  622   355                       0.1508386    0.06715  55.5%  21.2    1s
H  624   339                       0.1452657    0.06746  53.6%  21.2    2s
H  628   323                       0.1450698    0.06829  52.9%  21.0    2s
H  630   308                       0.1445262    0.06916  52.1%  21.0    2s
H  634   294                       0.1442710    0.07038  51.2%  20.8    2s
H  636   281                       0.1436230    0.07099  50.6%  20.8    2s
H  636   266                       0.1418922    0.07099  50.0%  20.8    2s
H  636   252                       0.1413246    0.07099  49.8%  20.8    2s
H  636   239                       0.1409286    0.07099  49.6%  20.8    2s
H  636   226                       0.1403633    0.07099  49.4%  20.8    2s
H  636   214                       0.1401929    0.07099  49.4%  20.8    2s

Cutting planes:
  Learned: 10
  Gomory: 1
  Cover: 8
  Implied bound: 13
  Projected implied bound: 1
  Clique: 5
  MIR: 42
  StrongCG: 5
  Flow cover: 27
  Zero half: 7
  RLT: 2
  Relax-and-lift: 5
  BQP: 10

Explored 693 nodes (33189 simplex iterations) in 4.97 seconds (6.07 work units)
Thread count was 1 (of 20 available processors)

Solution count 10: 0.140193 0.140363 0.140929 ... 0.151949

Time limit reached
Best objective 1.401929188454e-01, best bound 7.432450928002e-02, gap 46.9841%

User-callback calls 4135, time in user-callback 0.00 sec
