
Gurobi 13.0.2 (win64) logging started Fri Oct  2 10:12:01 2026

Set parameter LogFile to value "E:\codes\ExactEBRP\results\unified_exact_round99\confirmation01\raw\06_N2_M-B\external\native_logs\L0.0_lp.gurobi.log"
Gurobi Optimizer version 13.0.2 build v13.0.2rc1 (win64 - Windows 10.0 (19045.2))

CPU model: 12th Gen Intel(R) Core(TM) i7-12700KF, instruction set [SSE2|AVX|AVX2]
Thread count: 12 physical cores, 20 logical processors, using up to 1 threads

Non-default parameters:
TimeLimit  1788.1484988
MIPGap  0
MIPGapAbs  0
LogToConsole  0
Threads  1

Optimize a model with 31211 rows, 8941 columns and 194436 nonzeros (Min)
Model fingerprint: 0x65e2cde8
Model has 31 linear objective coefficients
Coefficient statistics:
  Matrix range     [4e-02, 2e+04]
  Objective range  [4e-02, 1e+00]
  Bounds range     [1e-01, 1e+03]
  RHS range        [2e-01, 6e+04]

Presolve removed 7890 rows and 152 columns
Presolve time: 0.10s
Presolved: 23321 rows, 8790 columns, 159085 nonzeros

Iteration    Objective       Primal Inf.    Dual Inf.      Time
       0    0.0000000e+00   7.704737e+02   0.000000e+00      0s

Extra simplex iterations after uncrush: 450
   16195    1.3630204e-01   0.000000e+00   0.000000e+00      3s

Solved in 16195 iterations and 2.62 seconds (8.03 work units)
Optimal objective  1.363020386e-01

User-callback calls 16352, time in user-callback 0.00 sec
