
Gurobi 13.0.2 (win64) logging started Fri Oct  2 10:12:13 2026

Set parameter LogFile to value "E:\codes\ExactEBRP\results\unified_exact_round99\confirmation01\raw\06_N2_M-B\external\native_logs\L0_terminal_mip.gurobi.log"
Set parameter TimeLimit to value 1775.4078163
Gurobi Optimizer version 13.0.2 build v13.0.2rc1 (win64 - Windows 10.0 (19045.2))

CPU model: 12th Gen Intel(R) Core(TM) i7-12700KF, instruction set [SSE2|AVX|AVX2]
Thread count: 12 physical cores, 20 logical processors, using up to 1 threads

Non-default parameters:
TimeLimit  1775.4078163
MIPGap  0
MIPGapAbs  0
LogToConsole  0
Threads  1

Optimize a model with 31211 rows, 8941 columns and 194436 nonzeros (Min)
Model fingerprint: 0x08cfc0fb
Model has 31 linear objective coefficients
Variable types: 4720 continuous, 4221 integer (4101 binary)
Coefficient statistics:
  Matrix range     [4e-02, 2e+04]
  Objective range  [4e-02, 1e+00]
  Bounds range     [2e-01, 1e+03]
  RHS range        [2e-01, 6e+04]

Loaded user MIP start with objective 0.249902
Loaded MIP start from previous solve with objective 0.249902

Presolve removed 7903 rows and 32 columns
Presolve time: 0.33s
Presolved: 23308 rows, 8909 columns, 228974 nonzeros
Variable types: 4253 continuous, 4656 integer (4101 binary)

Root relaxation: objective 1.328318e-01, 14371 iterations, 1.96 seconds (5.50 work units)

    Nodes    |    Current Node    |     Objective Bounds      |     Work
 Expl Unexpl |  Obj  Depth IntInf | Incumbent    BestBd   Gap | It/Node Time

     0     0    0.13283    0  418    0.24990    0.13283  46.8%     -    3s
     0     0    0.14920    0  324    0.24990    0.14920  40.3%     -    6s
     0     0    0.16047    0  232    0.24990    0.16047  35.8%     -    7s
     0     0    0.16049    0  345    0.24990    0.16049  35.8%     -    8s
     0     0    0.16050    0  326    0.24990    0.16050  35.8%     -    9s
     0     0    0.16050    0  344    0.24990    0.16050  35.8%     -   10s
     0     0    0.16050    0  322    0.24990    0.16050  35.8%     -   11s
     0     0    0.16050    0  344    0.24990    0.16050  35.8%     -   12s
     0     0    0.16050    0  344    0.24990    0.16050  35.8%     -   12s
     0     0    0.16050    0  276    0.24990    0.16050  35.8%     -   13s
     0     0    0.16050    0  289    0.24990    0.16050  35.8%     -   14s
     0     0    0.16050    0  331    0.24990    0.16050  35.8%     -   15s
     0     0    0.16050    0  332    0.24990    0.16050  35.8%     -   15s
     0     0    0.16050    0  354    0.24990    0.16050  35.8%     -   16s
     0     0    0.16050    0  354    0.24990    0.16050  35.8%     -   17s
     0     0    0.16050    0  270    0.24990    0.16050  35.8%     -   19s
H    0     0                       0.2445243    0.16050  34.4%     -   22s
H    0     0                       0.2409223    0.16050  33.4%     -   22s
     0     2    0.16050    0  270    0.24092    0.16050  33.4%     -   23s
H    4     4                       0.2378424    0.16050  32.5%   466   24s
H    4     4                       0.2313227    0.16050  30.6%   466   25s
H    4     4                       0.2272954    0.16050  29.4%   466   25s
H    4     4                       0.2249860    0.16050  28.7%   466   25s
H   11    11                       0.2080140    0.16050  22.8%   549   26s
H   13    13                       0.2070313    0.16050  22.5%   726   26s
    35    37    0.16285   29  220    0.20703    0.16050  22.5%   576   30s
H   38    38                       0.2048478    0.16050  21.6%   581   35s
H   38    38                       0.2038892    0.16050  21.3%   581   38s
H   38    38                       0.2019194    0.16050  20.5%   581   39s
    44    46    0.16471   37  167    0.20192    0.16050  20.5%   637   40s
H   58    58                       0.2017236    0.16050  20.4%   625   41s
    76    78    0.16744   61   72    0.20172    0.16050  20.4%   609   47s
    78    80    0.16744   62   72    0.20172    0.16050  20.4%   604   50s
   224   218    0.18279  179  221    0.20172    0.16050  20.4%   369   55s
   235   221    0.16386    2  160    0.20172    0.16050  20.4%   369   61s
   265   251    0.16397   23  136    0.20172    0.16050  20.4%   435   65s
   298   284    0.16397   47  167    0.20172    0.16050  20.4%   504   70s
   333   319    0.16608   69  134    0.20172    0.16050  20.4%   551   75s
   396   376    0.16796  112  164    0.20172    0.16050  20.4%   537   80s
   488   448    0.17794  191  135    0.20172    0.16050  20.4%   478   86s
   545   475    0.17794  232  145    0.20172    0.16050  20.4%   501   90s
   560   483    0.16728   50  270    0.20172    0.16050  20.4%   505   98s
   562   484    0.16657   44  353    0.20172    0.16050  20.4%   503  103s
   563   485    0.16465   32  218    0.20172    0.16050  20.4%   502  108s
   564   486    0.16793   91  280    0.20172    0.16050  20.4%   502  110s
   566   487    0.17896  164  271    0.20172    0.16117  20.1%   500  115s
   567   488    0.16744   60  330    0.20172    0.16117  20.1%   499  121s
   569   489    0.16804  100  334    0.20172    0.16120  20.1%   497  127s
   570   490    0.16953   91  388    0.20172    0.16120  20.1%   496  130s
   571   490    0.17794  218  319    0.20172    0.16120  20.1%   495  136s
   573   492    0.18703   95  327    0.20172    0.16123  20.1%   494  146s
   575   493    0.17580  131  328    0.20172    0.16123  20.1%   492  154s
   576   494    0.16752   72  367    0.20172    0.16123  20.1%   491  156s
   578   495    0.17982  156  287    0.20172    0.16123  20.1%   489  160s
   581   497    0.16123   13  358    0.20172    0.16123  20.1%   487  166s
   583   498    0.16397   13  391    0.20172    0.16123  20.1%   485  172s
   585   500    0.17550  106  270    0.20172    0.16123  20.1%   484  179s
   586   500    0.16397   56  362    0.20172    0.16123  20.1%   483  181s
   590   504    0.16585   10  270    0.20172    0.16123  20.1%   878  185s
   593   506    0.19161  170  184    0.20172    0.16123  20.1%   874  195s
   595   507    0.17794  237  456    0.20172    0.16123  20.1%   871  200s
   597   509    0.16744  101  281    0.20172    0.16123  20.1%   868  207s
   599   510    0.17794  190  385    0.20172    0.16123  20.1%   865  211s
   601   511    0.18368  147  455    0.20172    0.16123  20.1%   862  217s
   602   512    0.16397   23  429    0.20172    0.16123  20.1%   861  220s
   603   513    0.17402  169  481    0.20172    0.16123  20.1%   859  225s
   606   515    0.16125   13  392    0.20172    0.16123  20.1%   855  231s
   607   515    0.16744   62  303    0.20172    0.16126  20.1%   854  237s
   609   517    0.16397    7  321    0.20172    0.16126  20.1%   851  245s
   612   519    0.16796  123  382    0.20172    0.16126  20.1%   847  252s
H  613   492                       0.1900270    0.16136  15.1%  1112  260s
H  613   467                       0.1835747    0.16136  12.1%  1112  261s
   614   469    0.16180   23  378    0.18357    0.16136  12.1%  1125  270s
   618   472    0.16240   25  275    0.18357    0.16180  11.9%  1135  276s
   620   473    0.16310   26  314    0.18357    0.16180  11.9%  1159  282s
   623   475    0.16338   27  234    0.18357    0.16180  11.9%  1157  286s
   629   479    0.16746   30  146    0.18357    0.16180  11.9%  1166  290s
   650   492    0.16453   41  108    0.18357    0.16180  11.9%  1152  295s
   664   499    0.16504   48  268    0.18357    0.16180  11.9%  1151  300s
   688   515    0.16586   60  133    0.18357    0.16180  11.9%  1131  305s
   704   524    0.16846   68  109    0.18357    0.16180  11.9%  1135  310s
   728   532    0.16586   81   99    0.18357    0.16180  11.9%  1121  315s
   751   546    0.16586   93  129    0.18357    0.16180  11.9%  1106  320s
   770   555    0.18185  102  132    0.18357    0.16180  11.9%  1097  325s
   780   552     cutoff  107         0.18357    0.16180  11.9%  1102  330s
   805   554    0.16586  120  122    0.18357    0.16180  11.9%  1098  335s
   826   558    0.17074  130  196    0.18357    0.16180  11.9%  1099  340s
   843   569    0.16586  139  105    0.18357    0.16180  11.9%  1101  345s
   862   570     cutoff  148         0.18357    0.16180  11.9%  1113  350s
H  864   545                       0.1827002    0.16180  11.4%  1111  350s
   880   549    0.18053  157  221    0.18270    0.16180  11.4%  1118  355s
   900   556     cutoff  167         0.18270    0.16180  11.4%  1112  360s
   928   562    0.17368  181  186    0.18270    0.16180  11.4%  1106  365s
   971   563    0.16200   24  292    0.18270    0.16200  11.3%  1071  370s
H  979   544                       0.1827002    0.16200  11.3%  1079  373s
   982   547    0.16380   30  214    0.18270    0.16200  11.3%  1091  375s
   997   556    0.16497   38  124    0.18270    0.16200  11.3%  1099  380s
  1006   562    0.16923   42  220    0.18270    0.16200  11.3%  1104  385s
  1021   571    0.16722   50  119    0.18270    0.16200  11.3%  1107  391s
  1046   588    0.16732   63  136    0.18270    0.16200  11.3%  1103  395s
  1072   594    0.16767   76   94    0.18270    0.16200  11.3%  1110  400s
  1095   606    0.16767   87  133    0.18270    0.16200  11.3%  1109  405s
  1119   617    0.16767  100  126    0.18270    0.16200  11.3%  1108  410s
  1138   625    0.16767  110  120    0.18270    0.16200  11.3%  1113  415s
  1166   642    0.16767  124  105    0.18270    0.16200  11.3%  1108  420s
  1199   657    0.17249  140  167    0.18270    0.16200  11.3%  1102  425s
  1238   674    0.16775  160  167    0.18270    0.16200  11.3%  1086  430s
  1284   670    0.16283   25  289    0.18270    0.16201  11.3%  1059  435s
  1291   674    0.16440   29  128    0.18270    0.16201  11.3%  1074  440s
  1311   675    0.16479   39  112    0.18270    0.16201  11.3%  1083  445s
  1333   685    0.17701   50  148    0.18270    0.16201  11.3%  1094  450s
  1364   701    0.16602   66   66    0.18270    0.16201  11.3%  1092  455s
  1389   708    0.16602   79   97    0.18270    0.16201  11.3%  1096  460s
  1412   723    0.16675   90  208    0.18270    0.16201  11.3%  1100  465s
  1436   737    0.16602  102  117    0.18270    0.16201  11.3%  1101  471s
  1450   745    0.16602  109  193    0.18270    0.16201  11.3%  1104  475s
  1472   757     cutoff  120         0.18270    0.16201  11.3%  1111  480s
  1502   764    0.16607  136  134    0.18270    0.16201  11.3%  1109  485s
  1534   771    0.16602  154   88    0.18270    0.16201  11.3%  1104  490s
  1572   765    0.16755  173  180    0.18270    0.16201  11.3%  1096  495s
  1593   767    0.16436   28  274    0.18270    0.16294  10.8%  1096  500s
  1603   773    0.16481   33  137    0.18270    0.16294  10.8%  1105  505s
  1637   776    0.16586   50  116    0.18270    0.16294  10.8%  1102  510s
  1664   776     cutoff   64         0.18270    0.16294  10.8%  1108  515s
  1700   787    0.16586   83  104    0.18270    0.16294  10.8%  1103  520s
  1731   800    0.16586  100  120    0.18270    0.16294  10.8%  1099  525s
  1780   804    0.17894  126  179    0.18270    0.16294  10.8%  1081  530s
  1794   802    0.16575   32  135    0.18270    0.16294  10.8%  1088  535s
  1811   808    0.17893   40  167    0.18270    0.16294  10.8%  1102  540s
  1832   811    0.16575   51  202    0.18270    0.16294  10.8%  1109  545s
  1852   814    0.16575   61  174    0.18270    0.16294  10.8%  1115  550s
  1874   822    0.17641   72  173    0.18270    0.16294  10.8%  1119  555s
  1906   838    0.17156   89  239    0.18270    0.16294  10.8%  1114  560s
  1935   853    0.16575  104  109    0.18270    0.16294  10.8%  1111  565s
  1971   864    0.16779  124  110    0.18270    0.16294  10.8%  1105  570s
  1975   864    0.16674  127  121    0.18270    0.16294  10.8%  1103  601s
  2027   879    0.17941  148  220    0.18270    0.16294  10.8%  1086  605s
  2049   885    0.17746   32  211    0.18270    0.16309  10.7%  1087  610s
  2067   898    0.18149   41  174    0.18270    0.16309  10.7%  1094  615s
  2087   915    0.16600   52  135    0.18270    0.16309  10.7%  1099  620s
  2112   939    0.16623   64   95    0.18270    0.16309  10.7%  1100  625s
  2136   957    0.16623   77   92    0.18270    0.16309  10.7%  1101  630s
  2161   973    0.17592   89  125    0.18270    0.16309  10.7%  1104  635s
  2189   995    0.16623  103  114    0.18270    0.16309  10.7%  1104  640s
  2222  1009    0.16375   28  273    0.18270    0.16310  10.7%  1100  645s
  2240  1026    0.16838   37  188    0.18270    0.16310  10.7%  1108  650s
  2262  1041    0.16598   49  117    0.18270    0.16310  10.7%  1111  655s
  2287  1055    0.16598   61  136    0.18270    0.16310  10.7%  1117  660s
  2325  1082    0.17067   80  210    0.18270    0.16310  10.7%  1113  665s
  2369  1113    0.16709  102  226    0.18270    0.16310  10.7%  1109  670s
  2410  1122    0.16334   27  334    0.18270    0.16310  10.7%  1099  676s
  2414  1126    0.16410   29  311    0.18270    0.16310  10.7%  1108  680s
  2433  1142    0.16601   39   83    0.18270    0.16310  10.7%  1110  685s
  2468  1161    0.17981   57   89    0.18270    0.16310  10.7%  1110  690s
  2512  1180    0.16615   81  124    0.18270    0.16310  10.7%  1104  695s
  2552  1194    0.16615  102   83    0.18270    0.16310  10.7%  1102  700s
  2628  1212    0.17599  145  149    0.18270    0.16310  10.7%  1081  705s
  2672  1232    0.16681   42  121    0.18270    0.16311  10.7%  1071  710s
  2710  1270    0.16732   77  110    0.18270    0.16311  10.7%  1066  715s
  2749  1305    0.16732  114  163    0.18270    0.16311  10.7%  1061  720s
  2785  1341    0.16732  148  125    0.18270    0.16311  10.7%  1056  725s
  2845  1364    0.16372   27  336    0.18270    0.16338  10.6%  1045  735s
H 2846  1348                       0.1816888    0.16338  10.1%  1045  739s
  2846  1350    0.16374   28  414    0.18169    0.16338  10.1%  1049  743s
  2847  1351    0.16374   29  364    0.18169    0.16338  10.1%  1049  745s
  2848  1352    0.16380   30  304    0.18169    0.16338  10.1%  1050  750s
  2849  1353    0.16380   31  304    0.18169    0.16338  10.1%  1049  756s
  2858  1362    0.16438   34  371    0.18169    0.16338  10.1%  1057  761s
  2873  1377    0.16653   48  136    0.18169    0.16338  10.1%  1057  765s
  2898  1402    0.16653   72  101    0.18169    0.16338  10.1%  1055  770s
  2931  1435    0.16653  105  132    0.18169    0.16338  10.1%  1050  775s
  2961  1465    0.16653  133  135    0.18169    0.16338  10.1%  1046  780s
  2992  1496    0.16653  162  159    0.18169    0.16338  10.1%  1041  785s
  3021  1524    0.16653  183  104    0.18169    0.16338  10.1%  1038  790s
  3060  1560    0.16668  213  203    0.18169    0.16338  10.1%  1032  795s
  3123  1610    0.17275  239  108    0.18169    0.16338  10.1%  1018  800s
  3164  1637    0.16608   54  114    0.18169    0.16340  10.1%  1012  805s
  3197  1670    0.16608   82  105    0.18169    0.16340  10.1%  1011  810s
  3224  1695    0.16619  107   90    0.18169    0.16340  10.1%  1012  815s
  3261  1730    0.16619  136  116    0.18169    0.16340  10.1%  1011  820s
  3308  1775    0.16619  171   87    0.18169    0.16340  10.1%  1005  825s
  3355  1816    0.16683  213  178    0.18169    0.16340  10.1%   997  830s
  3401  1834    0.16487   36  139    0.18169    0.16345  10.0%   993  835s
  3441  1873    0.16557   74  146    0.18169    0.16345  10.0%   988  840s
  3468  1899    0.16568   94  166    0.18169    0.16345  10.0%   990  845s
  3501  1932    0.16568  125  141    0.18169    0.16345  10.0%   988  850s
  3529  1959    0.17356  148  150    0.18169    0.16345  10.0%   983  871s
  3546  1976    0.16875  165  329    0.18169    0.16345  10.0%   984  875s
  3562  1973    0.16363   29  347    0.18169    0.16352  10.0%   988  880s
  3585  1996    0.17391   48  181    0.18169    0.16352  10.0%   990  885s
  3613  2024    0.16683   76   98    0.18169    0.16352  10.0%   989  890s
  3658  2069    0.16683  121  106    0.18169    0.16352  10.0%   983  895s
  3704  2112    0.16683  158  124    0.18169    0.16352  10.0%   978  900s
  3742  2148    0.17104  174  278    0.18169    0.16352  10.0%   974  905s
  3801  2175    0.16355   26  287    0.18169    0.16353  10.0%   963  910s
  3809  2183    0.16594   32  194    0.18169    0.16353  10.0%   967  915s
  3824  2197    0.16628   44  122    0.18169    0.16353  10.0%   972  920s
  3865  2238    0.16628   85  126    0.18169    0.16353  10.0%   969  925s
  3901  2274    0.16628  120  123    0.18169    0.16353  10.0%   966  930s
  3930  2303    0.17390  140  246    0.18169    0.16353  10.0%   966  935s
  3963  2328    0.17152  161  145    0.18169    0.16353  10.0%   965  940s
  4001  2340    0.16366   26  298    0.18169    0.16354  10.0%   963  946s
  4007  2346    0.16516   32  314    0.18169    0.16354  10.0%   968  950s
  4032  2371    0.16817   51  133    0.18169    0.16354  10.0%   968  955s
  4048  2387    0.16841   62  178    0.18169    0.16354  10.0%   973  960s
  4075  2414    0.16864   86  175    0.18169    0.16354  10.0%   974  965s
  4099  2438    0.16864  108  110    0.18169    0.16354  10.0%   977  970s
  4134  2473    0.16901  140  102    0.18169    0.16354  10.0%   977  975s
  4172  2511    0.16901  177  134    0.18169    0.16354  10.0%   973  980s
  4210  2541    0.16924  201  139    0.18169    0.16354  10.0%   971  985s
  4234  2553    0.16360   32  167    0.18169    0.16355  10.0%   972  990s
  4254  2573    0.16786   49  270    0.18169    0.16355  10.0%   971  995s
  4284  2603    0.16596   80  131    0.18169    0.16355  10.0%   971 1000s
  4321  2640    0.16596  116  122    0.18169    0.16355  10.0%   970 1005s
  4363  2682    0.16636  153  215    0.18169    0.16355  10.0%   966 1010s
  4423  2721    0.16361   27  364    0.18169    0.16356  10.0%   958 1016s
  4437  2734    0.17503   41  140    0.18169    0.16356  10.0%   958 1020s
  4482  2767    0.17760   84  131    0.18169    0.16356  10.0%   953 1025s
  4520  2782    0.18110  110  163    0.18169    0.16356  10.0%   950 1030s
  4548  2805    0.16651   53  156    0.18169    0.16358  10.0%   948 1035s
  4600  2856    0.16712  105   96    0.18169    0.16358  10.0%   944 1040s
  4669  2921    0.16785  171  217    0.18169    0.16358  10.0%   936 1045s
  4695  2926    0.16442   32  182    0.18169    0.16360  10.0%   937 1050s
  4724  2948    0.16636   47   87    0.18169    0.16360  10.0%   938 1055s
  4760  2964    0.17969   65  113    0.18169    0.16360  10.0%   939 1060s
  4791  2985    0.16636   81   76    0.18169    0.16360  10.0%   941 1065s
  4831  3013    0.16636  101   74    0.18169    0.16360  10.0%   940 1070s
  4870  3040    0.16636  121   95    0.18169    0.16360  10.0%   940 1075s
  4927  3072     cutoff  151         0.18169    0.16360  10.0%   937 1080s
  4979  3104    0.16646   62  105    0.18169    0.16360  10.0%   931 1085s
  5033  3158    0.16717  116  106    0.18169    0.16360  10.0%   926 1090s
  5068  3193    0.16717  151  100    0.18169    0.16360  10.0%   925 1095s
  5102  3213    0.16619  214  270    0.18169    0.16360  10.0%   921 1123s
  5104  3214    0.16602   65  272    0.18169    0.16360  10.0%   921 1131s
  5105  3215    0.16720  127  240    0.18169    0.16360  10.0%   921 1136s
  5107  3216    0.16720   95  363    0.18169    0.16360  10.0%   921 1146s
  5109  3218    0.16817  167  432    0.18169    0.16360  10.0%   920 1153s
  5110  3218    0.17683   39  384    0.18169    0.16360  10.0%   920 1155s
  5112  3220    0.16669   39  457    0.18169    0.16360  10.0%   920 1162s
  5113  3220    0.17657  167  422    0.18169    0.16360  10.0%   920 1165s
  5115  3222    0.16901  170  449    0.18169    0.16360  10.0%   919 1172s
  5116  3222    0.17165  163  423    0.18169    0.16360  10.0%   919 1175s
  5118  3224    0.16602   71  396    0.18169    0.16360  10.0%   919 1183s
  5119  3224    0.16600   44  393    0.18169    0.16360  10.0%   918 1186s
  5121  3226    0.16636   74  374    0.18169    0.16360  10.0%   918 1192s
  5122  3226    0.16602   65  373    0.18169    0.16360  10.0%   918 1197s
  5123  3227    0.16767  121  373    0.18169    0.16360  10.0%   918 1201s
  5125  3230    0.16360   37  342    0.18169    0.16360  10.0%   947 1205s
  5133  3236    0.16372   41  293    0.18169    0.16360  10.0%   950 1210s
  5145  3244    0.16563   47  194    0.18169    0.16360  10.0%   951 1215s
  5161  3254    0.16592   55  119    0.18169    0.16360  10.0%   953 1220s
  5177  3257     cutoff   63         0.18169    0.16360  10.0%   955 1225s
  5183  3258    0.16757   66  146    0.18169    0.16360  10.0%   957 1230s
  5201  3270    0.16591   75  134    0.18169    0.16360  10.0%   957 1235s
  5226  3277    0.16576   88  142    0.18169    0.16360  10.0%   956 1240s
  5231  3278    0.16576   90  168    0.18169    0.16360  10.0%   956 1245s
  5240  3279    0.16693   95  149    0.18169    0.16360  10.0%   955 1250s
  5251  3274     cutoff  100         0.18169    0.16360  10.0%   959 1256s
  5255  3273     cutoff  102         0.18169    0.16360  10.0%   962 1260s
  5263  3272     cutoff  106         0.18169    0.16360  10.0%   966 1266s
  5277  3280    0.16714  113  150    0.18169    0.16360  10.0%   966 1270s
  5286  3284    0.16714  118  185    0.18169    0.16360  10.0%   967 1277s
  5293  3286    0.16714  121  173    0.18169    0.16360  10.0%   968 1280s
  5309  3295    0.17886  129  194    0.18169    0.16360  10.0%   969 1285s
  5325  3303    0.16714  137  101    0.18169    0.16360  10.0%   970 1290s
  5340  3311    0.16714  145   88    0.18169    0.16360  10.0%   970 1297s
  5350  3313    0.16714  150   95    0.18169    0.16360  10.0%   971 1300s
  5375  3319    0.16714  162  111    0.18169    0.16360  10.0%   970 1305s
  5394  3320    0.16714  172  102    0.18169    0.16360  10.0%   970 1310s
  5420  3320     cutoff  186         0.18169    0.16360  10.0%   968 1315s
  5431  3320    0.16363   40  262    0.18169    0.16360  10.0%   969 1320s
  5445  3325     cutoff   47         0.18169    0.16360  10.0%   969 1325s
  5455  3331    0.16588   52  154    0.18169    0.16360  10.0%   968 1330s
  5477  3346    0.16585   63  182    0.18169    0.16360  10.0%   968 1335s
  5489  3352    0.16860   69  257    0.18169    0.16360  10.0%   968 1340s
  5506  3362    0.16585   78  114    0.18169    0.16360  10.0%   968 1347s
  5517  3370    0.16585   83  130    0.18169    0.16360  10.0%   968 1350s
  5537  3379    0.16612   93  202    0.18169    0.16360  10.0%   968 1355s
  5556  3385    0.16585  103  100    0.18169    0.16360  10.0%   967 1360s
  5581  3389     cutoff  115         0.18169    0.16360  10.0%   966 1365s
  5611  3389 infeasible  130         0.18169    0.16360  10.0%   965 1370s
  5642  3398    0.16609  146  175    0.18169    0.16360  10.0%   962 1375s
  5666  3401    0.16585  158  108    0.18169    0.16360  10.0%   960 1380s
  5707  3395    0.16360   38  245    0.18169    0.16360  10.0%   956 1388s
  5710  3397    0.16360   40  212    0.18169    0.16360  10.0%   956 1390s
  5721  3405    0.16988   45  224    0.18169    0.16360  10.0%   958 1395s
  5737  3415    0.16366   53  143    0.18169    0.16360  10.0%   958 1400s
  5758  3429    0.16400   64   91    0.18169    0.16360  10.0%   957 1405s
  5779  3441     cutoff   74         0.18169    0.16360  10.0%   957 1410s
  5790  3449    0.16570   80  183    0.18169    0.16360  10.0%   958 1415s
  5807  3458    0.16570   88  102    0.18169    0.16360  10.0%   958 1420s
  5820  3463    0.16570   95  137    0.18169    0.16360  10.0%   958 1425s
  5832  3467    0.16570  101  114    0.18169    0.16360  10.0%   958 1430s
  5852  3480    0.16952  111  213    0.18169    0.16360  10.0%   957 1435s
  5896  3485    0.16360   41  256    0.18169    0.16360  10.0%   953 1442s
  5899  3487    0.16512   43  256    0.18169    0.16360  10.0%   954 1445s
H 5907  3329                       0.1816888    0.16360  10.0%   955 1455s
H 5907  3175                       0.1816888    0.16360  10.0%   955 1455s
H 5907  3029                       0.1816888    0.16360  10.0%   955 1455s
H 5907  2891                       0.1816888    0.16360  10.0%   955 1458s
  5907  2893    0.16475   47  148    0.18169    0.16360  10.0%   955 1471s
  5908  2893    0.16592   47  197    0.18169    0.16360  10.0%   955 1477s
  5926  2904    0.16575   56  206    0.18169    0.16360  10.0%   953 1480s
  5943  2914    0.16621   66  145    0.18169    0.16360  10.0%   953 1485s
  5963  2923     cutoff   76         0.18169    0.16360  10.0%   953 1490s
H 5967  2788                       0.1804451    0.16360  9.34%   952 1492s
  5972  2793    0.16621   81  126    0.18045    0.16360  9.34%   952 1495s
  5993  2805    0.16621   91  112    0.18045    0.16360  9.34%   951 1500s
  6019  2807     cutoff  104         0.18045    0.16360  9.34%   950 1505s
  6051  2810    0.17602  120  180    0.18045    0.16360  9.34%   948 1510s
  6072  2815    0.16602   48  166    0.18045    0.16360  9.34%   947 1515s
  6092  2828    0.16689   58  152    0.18045    0.16360  9.34%   946 1520s
  6113  2840    0.16928   68  133    0.18045    0.16360  9.34%   945 1525s
  6122  2846    0.16701   73  185    0.18045    0.16360  9.34%   945 1530s
  6133  2849    0.16701   78  170    0.18045    0.16360  9.34%   947 1535s
  6143  2856    0.16993   83  249    0.18045    0.16360  9.34%   948 1540s
  6156  2865    0.16701   90  128    0.18045    0.16360  9.34%   948 1545s
  6173  2876    0.16710   98  237    0.18045    0.16360  9.34%   949 1550s
  6190  2885    0.16701  107  119    0.18045    0.16360  9.34%   949 1555s
  6211  2899    0.16959  117  130    0.18045    0.16360  9.34%   949 1560s
  6221  2897    0.16360   40  395    0.18045    0.16360  9.34%   950 1568s
  6222  2898    0.16360   41  303    0.18045    0.16360  9.34%   951 1570s
  6227  2901    0.16445   43  310    0.18045    0.16360  9.34%   954 1576s
  6236  2905    0.16528   48  229    0.18045    0.16360  9.34%   955 1580s
  6252  2912    0.16568   56  160    0.18045    0.16360  9.34%   955 1585s
H 6259  2766                       0.1770544    0.16360  7.60%   954 1589s
  6259  2768    0.16646   59  118    0.17705    0.16360  7.60%   955 1590s
  6277  2772     cutoff   68         0.17705    0.16360  7.60%   956 1595s
  6293  2779    0.16637   76  153    0.17705    0.16360  7.60%   956 1600s
  6308  2787    0.16637   84  100    0.17705    0.16360  7.60%   956 1605s
  6312  2788    0.16637   86   91    0.17705    0.16360  7.60%   955 1610s
  6328  2796    0.16637   94  125    0.17705    0.16360  7.60%   955 1615s
  6350  2806     cutoff  105         0.17705    0.16360  7.60%   954 1620s
  6372  2798    0.16360   40  301    0.17705    0.16360  7.60%   954 1626s
  6376  2800    0.16430   42  305    0.17705    0.16360  7.60%   957 1630s
  6382  2804    0.16516   45  280    0.17705    0.16360  7.60%   958 1635s
  6402  2814     cutoff   55         0.17705    0.16360  7.60%   958 1640s
  6424  2825    0.16704   66   87    0.17705    0.16360  7.60%   957 1645s
  6446  2838    0.16731   77  130    0.17705    0.16360  7.60%   957 1650s
  6464  2846    0.16741   86  101    0.17705    0.16360  7.60%   956 1655s
  6482  2858    0.16741   95   97    0.17705    0.16360  7.60%   956 1660s
  6501  2867    0.16741  105  101    0.17705    0.16360  7.60%   956 1665s
  6524  2875    0.17703  116  153    0.17705    0.16360  7.60%   956 1670s
  6537  2869    0.16411   40  311    0.17705    0.16360  7.60%   957 1676s
  6547  2875    0.16563   45  276    0.17705    0.16360  7.60%   958 1680s
  6553  2877    0.16605   48  292    0.17705    0.16360  7.60%   959 1685s
  6557  2880    0.16693   50  222    0.17705    0.16360  7.60%   959 1694s
  6562  2883    0.16705   52  132    0.17705    0.16360  7.60%   959 1695s
  6575  2890    0.16747   59  105    0.17705    0.16360  7.60%   960 1700s
  6600  2904    0.16773   71  126    0.17705    0.16360  7.60%   959 1705s
  6618  2913    0.16773   80  102    0.17705    0.16360  7.60%   958 1710s
  6642  2928    0.16773   92  129    0.17705    0.16360  7.60%   957 1715s
  6664  2942    0.16773  103  110    0.17705    0.16360  7.60%   956 1720s
  6691  2956    0.16773  117  120    0.17705    0.16360  7.60%   954 1725s
  6720  2958    0.16360   39  404    0.17705    0.16360  7.60%   954 1737s
  6722  2959    0.16449   40  402    0.17705    0.16360  7.60%   957 1741s
  6725  2961    0.16490   41  316    0.17705    0.16360  7.60%   958 1745s
  6732  2966    0.16720   46  224    0.17705    0.16360  7.60%   960 1750s
  6744  2974    0.16706   56  192    0.17705    0.16360  7.60%   960 1755s
  6751  2978    0.16736   61  168    0.17705    0.16360  7.60%   962 1760s
  6765  2987    0.16806   74  181    0.17705    0.16360  7.60%   962 1765s
  6778  2995    0.16806   87  181    0.17705    0.16360  7.60%   962 1770s
  6799  3009    0.16806  108  132    0.17705    0.16360  7.60%   960 1775s

Cutting planes:
  Learned: 1
  Gomory: 23
  Cover: 39
  Implied bound: 454
  Projected implied bound: 60
  Clique: 19
  MIR: 434
  Mixing: 1
  StrongCG: 135
  Flow cover: 530
  GUB cover: 11
  Zero half: 30
  Mod-K: 7
  Network: 22
  RLT: 9
  Relax-and-lift: 413
  BQP: 14
  PSD: 11

Explored 6801 nodes (6600204 simplex iterations) in 1775.42 seconds (3904.37 work units)
Thread count was 1 (of 20 available processors)

Solution count 10: 0.177054 0.180445 0.181689 ... 0.203889

Time limit reached
Best objective 1.770543507139e-01, best bound 1.635997321622e-01, gap 7.5991%

User-callback calls 273516, time in user-callback 0.18 sec
