
Gurobi 13.0.2 (win64) logging started Fri Aug  7 21:12:15 2026

Set parameter LogFile to value "E:\codes\ExactEBRP\results\gf_v10_convergence_round33\runs\stage1__round33_v10_high_imbalance_M1_Q30_seed289447508__c6_frozen__3600s\native.log"
Set parameter Threads to value 1
Set parameter Presolve to value -1
Set parameter Seed to value 0
Set parameter MIPGap to value 0
Set parameter MIPGapAbs to value 0
Warning: unknown variable 'r_max' in bounds section (line 2880)
Warning: unknown variable 'r_min' in bounds section (line 2881)
Read LP format model from file E:\codes\ExactEBRP\results\gf_v10_convergence_round33\runs\stage1__round33_v10_high_imbalance_M1_Q30_seed289447508__c6_frozen__3600s\external\models\L0.lp
Reading time = 0.00 seconds
obj: 2530 rows, 477 columns, 16870 nonzeros
Set parameter TimeLimit to value 3582.984725
Warning: unknown variable 'r_max' in bounds section (line 2880)
Warning: unknown variable 'r_min' in bounds section (line 2881)
Read LP format model from file E:\codes\ExactEBRP\results\gf_v10_convergence_round33\runs\stage1__round33_v10_high_imbalance_M1_Q30_seed289447508__c6_frozen__3600s\external\models\L1.lp
Reading time = 0.00 seconds
obj: 2530 rows, 477 columns, 16988 nonzeros
Set parameter TimeLimit to value 3582.9285587
Warning: unknown variable 'r_max' in bounds section (line 2880)
Warning: unknown variable 'r_min' in bounds section (line 2881)
Read LP format model from file E:\codes\ExactEBRP\results\gf_v10_convergence_round33\runs\stage1__round33_v10_high_imbalance_M1_Q30_seed289447508__c6_frozen__3600s\external\models\L2.lp
Reading time = 0.01 seconds
obj: 2530 rows, 477 columns, 16988 nonzeros
Set parameter TimeLimit to value 3582.8676
Warning: unknown variable 'r_max' in bounds section (line 2881)
Warning: unknown variable 'r_min' in bounds section (line 2882)
Read LP format model from file E:\codes\ExactEBRP\results\gf_v10_convergence_round33\runs\stage1__round33_v10_high_imbalance_M1_Q30_seed289447508__c6_frozen__3600s\external\models\L3.lp
Reading time = 0.01 seconds
obj: 2531 rows, 477 columns, 16900 nonzeros
Set parameter TimeLimit to value 3582.8114837
Warning: unknown variable 'r_max' in bounds section (line 2880)
Warning: unknown variable 'r_min' in bounds section (line 2881)
Read LP format model from file E:\codes\ExactEBRP\results\gf_v10_convergence_round33\runs\stage1__round33_v10_high_imbalance_M1_Q30_seed289447508__c6_frozen__3600s\external\models\L1.0.lp
Reading time = 0.01 seconds
obj: 2530 rows, 477 columns, 16988 nonzeros
Set parameter TimeLimit to value 3582.633311
Warning: unknown variable 'r_max' in bounds section (line 2880)
Warning: unknown variable 'r_min' in bounds section (line 2881)
Read LP format model from file E:\codes\ExactEBRP\results\gf_v10_convergence_round33\runs\stage1__round33_v10_high_imbalance_M1_Q30_seed289447508__c6_frozen__3600s\external\models\L1.1.lp
Reading time = 0.01 seconds
obj: 2530 rows, 477 columns, 16988 nonzeros
Set parameter TimeLimit to value 3582.5775916
Warning: unknown variable 'r_max' in bounds section (line 2880)
Warning: unknown variable 'r_min' in bounds section (line 2881)
Read LP format model from file E:\codes\ExactEBRP\results\gf_v10_convergence_round33\runs\stage1__round33_v10_high_imbalance_M1_Q30_seed289447508__c6_frozen__3600s\external\models\L2.0.lp
Reading time = 0.01 seconds
obj: 2530 rows, 477 columns, 16988 nonzeros
Set parameter TimeLimit to value 3582.4682503
Warning: unknown variable 'r_max' in bounds section (line 2881)
Warning: unknown variable 'r_min' in bounds section (line 2882)
Read LP format model from file E:\codes\ExactEBRP\results\gf_v10_convergence_round33\runs\stage1__round33_v10_high_imbalance_M1_Q30_seed289447508__c6_frozen__3600s\external\models\L2.1.lp
Reading time = 0.00 seconds
obj: 2531 rows, 477 columns, 16990 nonzeros
Set parameter TimeLimit to value 3582.4087678
