
Gurobi 13.0.2 (win64) logging started Mon Aug 10 02:22:28 2026

Set parameter LogFile to value "E:\codes\ExactEBRP\results\gf_simple_start_qualification_round35\runs\v50_3600__tight_T_seed6102__c6_simple_start__3600s\external\native_logs\L1_c6_1_next_leaf_target_mip.gurobi.log"
Gurobi Optimizer version 13.0.2 build v13.0.2rc1 (win64 - Windows 10.0 (19045.2))

CPU model: 12th Gen Intel(R) Core(TM) i7-12700KF, instruction set [SSE2|AVX|AVX2]
Thread count: 12 physical cores, 20 logical processors, using up to 1 threads

Non-default parameters:
TimeLimit  3544.5872058
MIPGap  0
MIPGapAbs  0
LogToConsole  0
Threads  1

Optimize a model with 93019 rows, 18189 columns and 665846 nonzeros (Min)
Model fingerprint: 0x21b05ef9
Model has 51 linear objective coefficients
Variable types: 9459 continuous, 8730 integer (8230 binary)
Coefficient statistics:
  Matrix range     [8e-03, 2e+04]
  Objective range  [8e-03, 1e+00]
  Bounds range     [2e-01, 3e+03]
  RHS range        [4e-02, 5e+04]

Presolve removed 8617 rows and 185 columns
Presolve time: 2.20s
Presolved: 84402 rows, 18004 columns, 610856 nonzeros
Variable types: 9339 continuous, 8665 integer (8189 binary)
Root relaxation presolved: 17881 rows, 102093 columns, 628360 nonzeros


Root simplex log...

Iteration    Objective       Primal Inf.    Dual Inf.      Time
    7827    7.7481765e-01   4.460801e+02   0.000000e+00      5s
   10080    5.1648222e-01   0.000000e+00   0.000000e+00      6s
   10080    5.1648222e-01   0.000000e+00   0.000000e+00      6s
   10434    5.1648242e-01   0.000000e+00   0.000000e+00      7s

Extra simplex iterations from dual to original model: 354

Root relaxation: objective 5.164824e-01, 10434 iterations, 4.14 seconds (12.30 work units)

    Nodes    |    Current Node    |     Objective Bounds      |     Work
 Expl Unexpl |  Obj  Depth IntInf | Incumbent    BestBd   Gap | It/Node Time

     0     0    0.51648    0  471          -    0.51648      -     -    7s
     0     0    0.54019    0  560          -    0.54019      -     -   16s
     0     0    0.56162    0  582          -    0.56162      -     -   19s
     0     0    0.56416    0  519          -    0.56416      -     -   23s
     0     0    0.57636    0  588          -    0.57636      -     -   31s
     0     0    0.57962    0  543          -    0.57962      -     -   34s
     0     0    0.58457    0  480          -    0.58457      -     -   44s
     0     0    0.58551    0  604          -    0.58551      -     -   48s
     0     0    0.58838    0  568          -    0.58838      -     -   58s
     0     0    0.58890    0  602          -    0.58890      -     -   64s
     0     0    0.59059    0  636          -    0.59059      -     -   72s
     0     0    0.59096    0  694          -    0.59096      -     -   80s
     0     0    0.59226    0  667          -    0.59226      -     -   91s
H    0     0                       0.7477687    0.59226  20.8%     -   93s
     0     0    0.59262    0  673    0.74777    0.59262  20.7%     -  106s
     0     0    0.59329    0  669    0.74777    0.59329  20.7%     -  120s
H    0     0                       0.7476441    0.59329  20.6%     -  121s
H    0     0                       0.7470647    0.59329  20.6%     -  121s
H    0     0                       0.7465952    0.59329  20.5%     -  121s
H    0     0                       0.7448956    0.59329  20.4%     -  121s
H    0     0                       0.7438734    0.59329  20.2%     -  121s
H    0     0                       0.7434092    0.59329  20.2%     -  121s
     0     0    0.59345    0  673    0.74341    0.59345  20.2%     -  124s
     0     0    0.59408    0  576    0.74341    0.59408  20.1%     -  135s
H    0     0                       0.7353819    0.59408  19.2%     -  137s
     0     0    0.59421    0  644    0.73538    0.59421  19.2%     -  150s
     0     0    0.59447    0  645    0.73538    0.59447  19.2%     -  163s
H    0     0                       0.7341261    0.59447  19.0%     -  163s
H    0     0                       0.7338811    0.59447  19.0%     -  163s
H    0     0                       0.7337320    0.59447  19.0%     -  163s
     0     0    0.59456    0  636    0.73373    0.59456  19.0%     -  164s
     0     0    0.59495    0  682    0.73373    0.59495  18.9%     -  178s
H    0     0                       0.7295604    0.59495  18.5%     -  179s
H    0     0                       0.7266246    0.59495  18.1%     -  179s
     0     0    0.59505    0  748    0.72662    0.59505  18.1%     -  192s
     0     0    0.59535    0  695    0.72662    0.59535  18.1%     -  198s
H    0     0                       0.7234941    0.59535  17.7%     -  199s
H    0     0                       0.7227957    0.59535  17.6%     -  199s
H    0     0                       0.7170097    0.59535  17.0%     -  199s
H    0     0                       0.7169618    0.59535  17.0%     -  199s
H    0     0                       0.7152830    0.59535  16.8%     -  199s
H    0     0                       0.7151671    0.59535  16.8%     -  199s
H    0     0                       0.7151541    0.59535  16.8%     -  199s
H    0     0                       0.7151138    0.59535  16.7%     -  199s
H    0     0                       0.7149982    0.59535  16.7%     -  199s
H    0     0                       0.7149853    0.59535  16.7%     -  199s
H    0     0                       0.7148758    0.59535  16.7%     -  199s
     0     0    0.59535    0  664    0.71488    0.59535  16.7%     -  213s
     0     0    0.59560    0  733    0.71488    0.59560  16.7%     -  218s
H    0     0                       0.7117342    0.59560  16.3%     -  221s
     0     0    0.59563    0  772    0.71173    0.59563  16.3%     -  237s
     0     0    0.59608    0  781    0.71173    0.59608  16.2%     -  250s
H    0     0                       0.7112314    0.59608  16.2%     -  250s
H    0     0                       0.7094743    0.59608  16.0%     -  250s
H    0     0                       0.6975198    0.59608  14.5%     -  250s
H    0     0                       0.6937985    0.59608  14.1%     -  250s
H    0     0                       0.6926636    0.59608  13.9%     -  250s
H    0     0                       0.6920620    0.59608  13.9%     -  250s
     0     0    0.59623    0  779    0.69206    0.59623  13.8%     -  252s
     0     0    0.59651    0  700    0.69206    0.59651  13.8%     -  258s
H    0     0                       0.6902698    0.59651  13.6%     -  264s
H    0     0                       0.6894923    0.59651  13.5%     -  266s
     0     0    0.59665    0  775    0.68949    0.59665  13.5%     -  283s
     0     0    0.59695    0  723    0.68949    0.59695  13.4%     -  295s
     0     0    0.59701    0  799    0.68949    0.59701  13.4%     -  297s
     0     0    0.59719    0  791    0.68949    0.59719  13.4%     -  309s
     0     0    0.59721    0  760    0.68949    0.59721  13.4%     -  310s
     0     0    0.59737    0  787    0.68949    0.59737  13.4%     -  320s
     0     0    0.59745    0  753    0.68949    0.59745  13.3%     -  324s
     0     0    0.59763    0  762    0.68949    0.59763  13.3%     -  341s
     0     0    0.59773    0  810    0.68949    0.59773  13.3%     -  349s
     0     0    0.59788    0  690    0.68949    0.59788  13.3%     -  359s
     0     0    0.59790    0  728    0.68949    0.59790  13.3%     -  360s
     0     0    0.59798    0  784    0.68949    0.59798  13.3%     -  364s
     0     0    0.59800    0  800    0.68949    0.59800  13.3%     -  365s
     0     0    0.59808    0  794    0.68949    0.59808  13.3%     -  377s
     0     0    0.59808    0  788    0.68949    0.59808  13.3%     -  377s
     0     0    0.59808    0  750    0.68949    0.59808  13.3%     -  378s
     0     2    0.59809    0  750    0.68949    0.59809  13.3%     -  400s
     1     3    0.59824    1  734    0.68949    0.59809  13.3%  9764  407s
     2     4    0.59890    1  729    0.68949    0.59824  13.2% 11917  423s
     3     5    0.59911    2  646    0.68949    0.59824  13.2% 11665  432s
H    4     4                       0.6888854    0.59824  13.2%  8749  440s
H    4     4                       0.6888416    0.59824  13.2%  8749  441s
     4     6    0.59927    2  636    0.68884    0.59890  13.1% 10886  446s
     6     8    0.60001    4  565    0.68884    0.59890  13.1%  9402  463s
     8    10    0.60056    6  521    0.68884    0.59890  13.1%  8287  471s
    10    12    0.60163    8  571    0.68884    0.59890  13.1%  7428  490s
    12    14    0.60076    9  509    0.68884    0.59890  13.1%  6661  496s
    16    18    0.60084   13  496    0.68884    0.59890  13.1%  6993  514s
    17    19    0.60084   14  493    0.68884    0.59890  13.1%  6775  517s
    18    20    0.60087   15  505    0.68884    0.59890  13.1%  6514  520s
    22    24    0.60097   19  519    0.68884    0.59890  13.1%  5559  525s
    25    27    0.60107   22  530    0.68884    0.59890  13.1%  5104  530s
    29    31    0.60111   26  509    0.68884    0.59890  13.1%  4519  535s
    31    33    0.60124   28  485    0.68884    0.59890  13.1%  4881  547s
    34    36    0.60126   31  499    0.68884    0.59890  13.1%  4546  551s
    41    43    0.60135   38  502    0.68884    0.59890  13.1%  3990  559s
    42    44    0.60135   39  509    0.68884    0.59890  13.1%  3915  560s
    51    53    0.60155   48  496    0.68884    0.59890  13.1%  3319  565s
    55    57    0.60158   52  508    0.68884    0.59890  13.1%  3189  570s
    57    59    0.60160   54  491    0.68884    0.59890  13.1%  3296  583s
    58    60    0.60260   55  520    0.68884    0.59890  13.1%  3289  585s
    59    61    0.60280   55  550    0.68884    0.59890  13.1%  3316  594s
    62    64    0.60372   58  520    0.68884    0.59890  13.1%  3324  610s
    63    65    0.60668   58  503    0.68884    0.59890  13.1%  3523  619s
    64    66    0.60421   59  522    0.68884    0.59890  13.1%  3593  631s
    65    67    0.60490   59  536    0.68884    0.59890  13.1%  3664  639s
    66    68    0.60480   60  500    0.68884    0.59890  13.1%  3660  642s
    67    69    0.60655   61  527    0.68884    0.59890  13.1%  3753  662s
    68    70    0.60978   61  435    0.68884    0.59890  13.1%  3847  668s
    69    71    0.60925   62  464    0.68884    0.59890  13.1%  3845  671s
    70    72    0.64854   62  540    0.68884    0.59890  13.1%  3943  688s
    74    76    0.60993   66  450    0.68884    0.59890  13.1%  3766  691s
    76    78    0.60998   67  464    0.68884    0.59890  13.1%  3750  696s
    77    79    0.61100   68  469    0.68884    0.59890  13.1%  3764  700s
    79    81    0.61119   69  464    0.68884    0.59890  13.1%  3797  706s
    81    83    0.61132   71  468    0.68884    0.59890  13.1%  3770  711s
    86    88    0.61210   76  469    0.68884    0.59890  13.1%  3619  715s
    88    90    0.61222   78  468    0.68884    0.59890  13.1%  3586  722s
    91    93    0.62091   80  402    0.68884    0.59890  13.1%  3543  726s
    96    98    0.61318   85  456    0.68884    0.59890  13.1%  3414  730s
    99   100    0.63055   87  448    0.68884    0.59890  13.1%  3377  736s
   101   102    0.61547   89  476    0.68884    0.59890  13.1%  3358  740s
   111   112    0.61367   98  476    0.68884    0.59890  13.1%  3124  745s
   114   115    0.61382  101  460    0.68884    0.59890  13.1%  3106  750s
   116   117    0.61420  103  456    0.68884    0.59890  13.1%  3072  772s
   118   119    0.62307  105  469    0.68884    0.59890  13.1%  3059  775s
   124   125    0.61439  110  491    0.68884    0.59890  13.1%  3002  781s
   126   127    0.62007  111  515    0.68884    0.59890  13.1%  3058  788s
   127   128    0.61512  112  502    0.68884    0.59890  13.1%  3329  822s
   129   130    0.61514  114  459    0.68884    0.59890  13.1%  3307  825s
   149   150    0.61536  134  475    0.68884    0.59890  13.1%  2919  830s
   154   155    0.61571  139  454    0.68884    0.59890  13.1%  2867  835s
   171   172    0.61645  155  499    0.68884    0.59890  13.1%  2629  840s
   184   185    0.61668  168  471    0.68884    0.59890  13.1%  2478  845s
   188   189    0.61701  172  469    0.68884    0.59890  13.1%  2482  853s
   189   190    0.61938  172  476    0.68884    0.59890  13.1%  2507  857s
   193   194    0.61921  176  455    0.68884    0.59890  13.1%  2488  860s
   194   195    0.61873  176  474    0.68884    0.59890  13.1%  2548  867s
   195   196    0.61874  177  476    0.68884    0.59890  13.1%  2557  870s
   204   205    0.61879  186  457    0.68884    0.59890  13.1%  2480  875s
   220   221    0.61942  202  486    0.68884    0.59890  13.1%  2338  880s
   223   224    0.62053  205  498    0.68884    0.59890  13.1%  2348  885s
   237   238    0.62074  219  487    0.68884    0.59890  13.1%  2237  890s
   246   247    0.62086  228  500    0.68884    0.59890  13.1%  2211  898s
   250   251    0.62727  232  476    0.68884    0.59890  13.1%  2194  901s
   251   252    0.62177  232  484    0.68884    0.59890  13.1%  2225  906s
   253   254    0.62180  234  462    0.68884    0.59890  13.1%  2245  910s
   267   268    0.62200  248  468    0.68884    0.59890  13.1%  2163  915s
   270   271    0.62204  251  466    0.68884    0.59890  13.1%  2188  920s
   282   283    0.62206  263  466    0.68884    0.59890  13.1%  2117  926s
   288   289    0.62207  269  475    0.68884    0.59890  13.1%  2094  930s
   316   317    0.62229  297  469    0.68884    0.59890  13.1%  1932  935s
   346   347    0.62250  327  497    0.68884    0.59890  13.1%  1791  940s
   367   368    0.62262  348  489    0.68884    0.59890  13.1%  1707  945s
   383   384    0.62263  364  510    0.68884    0.59890  13.1%  1651  950s
   387   388    0.62264  368  507    0.68884    0.59890  13.1%  1669  956s
   400   401    0.62274  381  493    0.68884    0.59890  13.1%  1628  960s
   406   407    0.62275  387  492    0.68884    0.59890  13.1%  1627  999s
   408   409    0.62276  389  476    0.68884    0.59890  13.1%  1619 1000s
   433   434    0.62285  414  510    0.68884    0.59890  13.1%  1547 1005s
   465   466    0.62303  446  504    0.68884    0.59890  13.1%  1466 1011s
   476   477    0.62306  457  499    0.68884    0.59890  13.1%  1447 1017s
   490   491    0.62316  471  504    0.68884    0.59890  13.1%  1422 1022s
   495   496    0.62320  476  476    0.68884    0.59890  13.1%  1423 1025s
   498   499    0.62323  479  489    0.68884    0.59890  13.1%  1435 1030s
   507   508    0.62339  488  497    0.68884    0.59890  13.1%  1439 1038s
   510   511    0.62348  491  485    0.68884    0.59890  13.1%  1434 1040s
   522   523    0.62356  503  510    0.68884    0.59890  13.1%  1417 1045s
   535   536    0.62362  516  495    0.68884    0.59890  13.1%  1400 1050s
   553   554    0.62368  534  491    0.68884    0.59890  13.1%  1377 1056s
   564   565    0.62373  545  498    0.68884    0.59890  13.1%  1364 1061s
   566   567    0.62374  547  504    0.68884    0.59890  13.1%  1375 1065s
   573   574    0.62377  554  520    0.68884    0.59890  13.1%  1380 1072s
   576   577    0.62379  557  514    0.68884    0.59890  13.1%  1393 1078s
   578   579    0.62380  559  499    0.68884    0.59890  13.1%  1403 1082s
   600   601    0.62385  581  494    0.68884    0.59890  13.1%  1369 1087s
   609   610    0.62389  590  508    0.68884    0.59890  13.1%  1370 1094s
   614   615    0.62389  595  523    0.68884    0.59890  13.1%  1366 1096s
   627   628    0.62393  608  541    0.68884    0.59890  13.1%  1354 1101s
   633   634    0.62394  614  526    0.68884    0.59890  13.1%  1358 1107s
   656   657    0.62398  637  516    0.68884    0.59890  13.1%  1327 1112s
   658   659    0.62398  639  524    0.68884    0.59890  13.1%  1323 1115s
   673   674    0.62403  654  514    0.68884    0.59890  13.1%  1306 1120s
   677   678    0.62406  658  504    0.68884    0.59890  13.1%  1312 1125s
   685   686    0.62408  666  513    0.68884    0.59890  13.1%  1316 1133s
   686   687    0.62408  667  529    0.68884    0.59890  13.1%  1327 1137s
   689   690    0.62409  670  504    0.68884    0.59890  13.1%  1331 1140s
   699   700    0.62410  680  528    0.68884    0.59890  13.1%  1327 1145s
   704   705    0.62414  685  536    0.68884    0.59890  13.1%  1331 1150s
   708   709    0.62415  689  536    0.68884    0.59890  13.1%  1336 1155s
   728   729    0.62427  709  500    0.68884    0.59890  13.1%  1315 1161s
   735   736    0.62435  716  497    0.68884    0.59890  13.1%  1314 1165s
   737   738    0.67900  717  425    0.68884    0.59890  13.1%  1322 1170s
   763   764    0.66507  742  430    0.68884    0.59890  13.1%  1282 1175s
   775   776    0.66513  754  434    0.68884    0.59890  13.1%  1275 1180s
   792   793    0.66553  771  421    0.68884    0.59890  13.1%  1262 1185s
   808   809    0.66679  787  432    0.68884    0.59890  13.1%  1246 1190s
   823   824    0.66767  801  405    0.68884    0.59890  13.1%  1235 1195s
   834   835    0.66858  812  408    0.68884    0.59890  13.1%  1231 1200s
   845   839    0.68334  819  428    0.68884    0.59890  13.1%  1227 1205s
   868   861    0.68360  842  432    0.68884    0.59890  13.1%  1202 1210s
   914   887    0.59896    2  714    0.68884    0.59896  13.0%  1186 1232s
H  915   887                       0.6881417    0.59896  13.0%  1185 1244s
   916   888    0.62092  224  750    0.68814    0.59896  13.0%  1184 1278s
   918   889    0.61127   67  491    0.68814    0.59896  13.0%  1181 1291s
H  918   844                       0.6878808    0.59896  12.9%  1181 1308s
   920   846    0.62303  450  610    0.68788    0.59896  12.9%  1178 1325s
H  920   804                       0.6876429    0.59896  12.9%  1178 1351s
H  920   763                       0.6861649    0.59896  12.7%  1178 1351s
   922   764    0.62206  269  735    0.68616    0.59896  12.7%  1176 1370s
H  922   726                       0.6861428    0.59991  12.6%  1176 1389s
H  922   690                       0.6861004    0.59991  12.6%  1176 1389s
   924   691    0.66515  756  640    0.68610    0.60628  11.6%  1173 1404s
   925   692    0.61388  102  613    0.68610    0.60802  11.4%  1172 1418s
   926   693    0.62380  560  617    0.68610    0.60840  11.3%  1171 1434s
H  926   658                       0.6856137    0.60884  11.2%  1171 1445s
H  926   625                       0.6854036    0.60884  11.2%  1171 1445s
   928   626    0.66322  723  603    0.68540    0.60908  11.1%  1168 1467s
   929   627    0.62387  572  619    0.68540    0.60920  11.1%  1167 1483s
   930   627    0.68369  834  677    0.68540    0.60933  11.1%  1166 1505s
H  930   595                       0.6853706    0.60969  11.0%  1166 1519s
   932   597    0.62410  676  714    0.68537    0.60985  11.0%  1163 1536s
   933   597    0.62333  481  624    0.68537    0.61014  11.0%  1162 1557s
   934   598    0.62219  275  585    0.68537    0.61021  11.0%  1161 1564s
   935   599    0.62372  518  666    0.68537    0.61037  10.9%  1160 1584s
   936   599    0.62219  276  609    0.68537    0.61041  10.9%  1158 1591s
H  936   569                       0.6822455    0.61070  10.5%  1158 1612s
H  936   540                       0.6810574    0.61070  10.3%  1158 1614s
   937   541    0.62293  437  558    0.68106    0.61070  10.3%  1157 1621s
   938   542    0.62410  674  598    0.68106    0.61070  10.3%  1156 1636s
   939   542    0.68106  878  602    0.68106    0.61089  10.3%  1155 1646s
   940   543    0.62267  374  559    0.68106    0.61097  10.3%  1153 1657s
H  940   515                       0.6772928    0.61107  9.78%  1153 1677s
H  940   489                       0.6752534    0.61107  9.51%  1153 1677s
   941   490    0.62271  324  653    0.67525    0.61107  9.51%  1152 1680s
   942   490    0.62401  649  536    0.67525    0.61109  9.50%  1151 1685s
   943   491    0.62420  705  596    0.67525    0.61114  9.49%  1150 1702s
   944   492    0.62220  277  670    0.67525    0.61116  9.49%  1148 1710s
   945   492    0.62274  386  596    0.67525    0.61120  9.49%  1147 1757s
   946   493    0.67525  841  670    0.67525    0.61120  9.49%  1146 1765s
   947   494    0.61514  117  498    0.67525    0.61132  9.47%  1145 1777s
   948   494    0.62274  373  617    0.67525    0.61132  9.47%  1144 1794s
   949   495    0.62065  208  553    0.67525    0.61134  9.46%  1142 1806s
   950   496    0.61224   79  523    0.67525    0.61136  9.46%  1141 1814s
H  950   471                       0.6751248    0.61139  9.44%  1141 1824s
H  950   447                       0.6751231    0.61139  9.44%  1141 1824s
   952   448    0.62370  540  540    0.67512    0.61141  9.44%  1139 1834s
   953   449    0.66368  728  519    0.67512    0.61144  9.43%  1138 1845s
   954   449    0.62292  435  542    0.67512    0.61144  9.43%  1136 1855s
   955   450    0.62266  349  593    0.67512    0.61144  9.43%  1135 1872s
   956   451    0.67512  857  530    0.67512    0.61144  9.43%  1134 1890s
   957   451    0.62355  502  653    0.67512    0.61146  9.43%  1133 1908s
   960   455    0.62190  240  750    0.67512    0.61146  9.43%  1622 1920s
   962   456    0.62280  403  480    0.67512    0.61146  9.43%  1618 1930s
   963   457    0.62398  641  601    0.67512    0.61146  9.43%  1617 1945s
   964   458    0.67512  871  569    0.67512    0.61146  9.43%  1615 1957s
   965   458    0.62239  314  596    0.67512    0.61146  9.43%  1613 1974s
   966   459    0.62277  397  576    0.67512    0.61146  9.43%  1611 1989s
   967   460    0.67512  816  550    0.67512    0.61146  9.43%  1610 2008s
   968   460    0.61919  199  578    0.67512    0.61146  9.43%  1608 2027s
   969   461    0.62389  591  345    0.67512    0.61148  9.43%  1607 2042s
   970   462    0.61641  146  482    0.67512    0.61155  9.42%  1605 2052s
   971   462    0.66757  800  479    0.67512    0.61166  9.40%  1603 2059s
   972   463    0.62241  319  481    0.67512    0.61169  9.40%  1602 2064s
H  972   439                       0.6748539    0.61172  9.35%  1602 2085s
   974   440    0.62360  505  553    0.67485    0.61173  9.35%  1598 2094s
   975   441    0.62361  512  439    0.67485    0.61177  9.35%  1597 2106s
   976   442    0.67485  718  510    0.67485    0.61177  9.35%  1595 2116s
H  976   420                       0.6741849    0.61179  9.25%  1595 2137s
   978   421    0.61179   54  536    0.67418    0.61179  9.25%  1592 2145s
   979   422    0.66474  746  544    0.67418    0.61179  9.25%  1590 2154s
   980   422    0.61179   21  499    0.67418    0.61179  9.25%  1588 2160s
   981   423    0.62259  341  535    0.67418    0.61179  9.25%  1587 2175s
   982   424    0.67418  843  553    0.67418    0.61180  9.25%  1585 2183s
   983   424    0.61316   85  495    0.67418    0.61180  9.25%  1584 2190s
   985   426    0.62282  405  487    0.67418    0.61182  9.25%  1580 2199s
   986   426    0.61182   60  484    0.67418    0.61182  9.25%  1579 2207s
   987   427    0.62377  524  484    0.67418    0.61182  9.25%  1577 2222s
H  988   406                       0.6741849    0.61187  9.24%  1770 2248s
   989   408    0.61393   26  389    0.67418    0.61187  9.24%  1784 2259s
   990   409    0.61399   27  460    0.67418    0.61187  9.24%  1803 2275s
   991   410    0.61467   27  420    0.67418    0.61393  8.94%  1818 2288s
   992   410    0.61432   28  411    0.67418    0.61393  8.94%  1819 2293s
   993   411    0.61415   28  429    0.67418    0.61393  8.94%  1834 2303s
   994   412    0.61468   29  370    0.67418    0.61393  8.94%  1834 2307s
   995   412    0.61603   29  400    0.67418    0.61393  8.94%  1838 2313s
   996   413    0.61924   30  458    0.67418    0.61393  8.94%  1851 2322s
   997   414    0.61488   30  407    0.67418    0.61393  8.94%  1854 2333s
   998   414    0.62301   31  416    0.67418    0.61393  8.94%  1859 2339s
   999   415    0.61878   31  428    0.67418    0.61393  8.94%  1860 2343s
  1000   416    0.61909   32  402    0.67418    0.61393  8.94%  1859 2348s
  1001   416    0.62625   32  421    0.67418    0.61393  8.94%  1862 2353s
  1002   417    0.61977   33  389    0.67418    0.61393  8.94%  1870 2362s
  1003   418    0.62408   33  392    0.67418    0.61393  8.94%  1873 2368s
  1004   418    0.61980   34  384    0.67418    0.61393  8.94%  1876 2375s
  1005   419    0.62450   34  402    0.67418    0.61393  8.94%  1877 2382s
  1007   420    0.62306   35  389    0.67418    0.61393  8.94%  1874 2393s
  1008   421    0.61992   36  375    0.67418    0.61393  8.94%  1872 2403s
  1009   422    0.66743   36  414    0.67418    0.61393  8.94%  1876 2411s
  1010   422    0.62131   37  408    0.67418    0.61393  8.94%  1889 2422s
  1011   423    0.62066   37  414    0.67418    0.61393  8.94%  1894 2429s
  1012   424    0.62073   38  402    0.67418    0.61393  8.94%  1896 2433s
  1013   424    0.62148   38  450    0.67418    0.61393  8.94%  1897 2438s
  1014   425    0.62353   39  405    0.67418    0.61393  8.94%  1900 2446s
  1015   426    0.62598   39  385    0.67418    0.61393  8.94%  1901 2451s
  1016   426    0.62440   40  422    0.67418    0.61393  8.94%  1901 2457s
  1017   427    0.63347   40  502    0.67418    0.61393  8.94%  1915 2470s
  1019   428    0.62743   41  400    0.67418    0.61393  8.94%  1918 2477s
  1020   429    0.62526   42  434    0.67418    0.61393  8.94%  1920 2480s
  1023   429     cutoff   43         0.67418    0.61393  8.94%  1921 2486s
  1024   430    0.62625   44  397    0.67418    0.61393  8.94%  1922 2494s
  1025   430    0.62667   44  428    0.67418    0.61393  8.94%  1925 2499s
  1026   431    0.62658   45  386    0.67418    0.61393  8.94%  1924 2500s
  1027   432    0.62785   45  424    0.67418    0.61393  8.94%  1934 2506s
  1029   433    0.63146   46  276    0.67418    0.61393  8.94%  1935 2511s
  1031   433    0.64720   47  428    0.67418    0.61393  8.94%  1937 2517s
  1033   435    0.63049   48  398    0.67418    0.61393  8.94%  1944 2527s
  1034   435    0.63060   49  431    0.67418    0.61393  8.94%  1951 2532s
  1035   436    0.62762   49  424    0.67418    0.61393  8.94%  1952 2535s
  1036   437    0.62973   50  372    0.67418    0.61393  8.94%  1952 2544s
  1037   437    0.62918   50  419    0.67418    0.61393  8.94%  1957 2550s
  1040   439    0.62920   52  416    0.67418    0.61393  8.94%  1956 2555s
  1043   441    0.64251   53  342    0.67418    0.61393  8.94%  1957 2562s
  1046   443    0.62940   55  397    0.67418    0.61393  8.94%  1954 2567s
  1047   444    0.63290   55  408    0.67418    0.61393  8.94%  1956 2570s
  1049   445    0.62941   56  398    0.67418    0.61393  8.94%  1957 2575s
  1051   447    0.64066   57  417    0.67418    0.61393  8.94%  1959 2580s
  1054   449    0.63002   59  381    0.67418    0.61393  8.94%  1959 2586s
  1057   451    0.63287   60  330    0.67418    0.61393  8.94%  1958 2591s
  1058   451    0.63744   61  346    0.67418    0.61393  8.94%  1961 2595s
  1059   452    0.64285   61  406    0.67418    0.61393  8.94%  1963 2603s
  1060   453    0.63906   62  320    0.67418    0.61393  8.94%  1965 2606s
  1062   454    0.64291   63  316    0.67418    0.61393  8.94%  1966 2610s
  1065   454     cutoff   64         0.67418    0.61393  8.94%  1966 2616s
  1068   456    0.64142   66  381    0.67418    0.61393  8.94%  1964 2620s
  1071   458    0.64201   67  353    0.67418    0.61393  8.94%  1962 2625s
  1075   461    0.64919   69  320    0.67418    0.61393  8.94%  1960 2632s
  1077   462    0.64458   70  374    0.67418    0.61393  8.94%  1959 2635s
  1082   465    0.64205   73  370    0.67418    0.61393  8.94%  1953 2640s
  1085   467    0.64448   74  374    0.67418    0.61393  8.94%  1954 2646s
  1088   469    0.64220   76  373    0.67418    0.61393  8.94%  1950 2652s
  1089   470    0.65113   76  348    0.67418    0.61393  8.94%  1951 2655s
  1092   472    0.64225   78  305    0.67418    0.61393  8.94%  1949 2660s
  1097   473    0.64770   80  232    0.67418    0.61393  8.94%  1943 2665s
  1100   475    0.64404   82  329    0.67418    0.61393  8.94%  1945 2671s
H 1102   454                       0.6740339    0.61393  8.92%  1943 2681s
  1102   456    0.64407   83  329    0.67403    0.61393  8.92%  1943 2694s
  1103   456    0.64567   83  310    0.67403    0.61393  8.92%  1945 2703s
  1105   458    0.65581   84  264    0.67403    0.61393  8.92%  1945 2706s
  1109   460    0.64532   86  279    0.67403    0.61393  8.92%  1942 2711s
  1113   463    0.64720   88  242    0.67403    0.61393  8.92%  1939 2715s
  1116   465    0.64417   90  295    0.67403    0.61393  8.92%  1939 2722s
  1118   466    0.64417   91  257    0.67403    0.61393  8.92%  1937 2725s
H 1120   446                       0.6727285    0.61393  8.74%  1936 2729s
  1120   448    0.64418   92  276    0.67273    0.61393  8.74%  1936 2730s
  1124   450    0.64425   94  292    0.67273    0.61393  8.74%  1933 2736s
  1126   452    0.64426   95  293    0.67273    0.61393  8.74%  1931 2741s
  1128   453    0.64426   96  297    0.67273    0.61393  8.74%  1933 2746s
  1129   453    0.64686   96  206    0.67273    0.61393  8.74%  1932 2753s
  1130   453    0.64426   97  292    0.67273    0.61393  8.74%  1931 2755s
  1133   455    0.64604   98  282    0.67273    0.61393  8.74%  1930 2760s
  1137   457    0.65235  100  298    0.67273    0.61393  8.74%  1928 2765s
  1143   461    0.64810  103  256    0.67273    0.61393  8.74%  1924 2771s
  1148   464    0.64546  106  279    0.67273    0.61393  8.74%  1919 2775s
  1154   464    0.64630  109  274    0.67273    0.61393  8.74%  1913 2780s
  1159   467    0.64941  111  273    0.67273    0.61393  8.74%  1910 2785s
  1163   467     cutoff  113         0.67273    0.61393  8.74%  1911 2791s
  1166   469    0.64653  115  273    0.67273    0.61393  8.74%  1910 2795s
  1171   471    0.65222  117  275    0.67273    0.61393  8.74%  1907 2800s
  1175   473    0.65909  119  280    0.67273    0.61393  8.74%  1904 2807s
  1179   476    0.65190  121  291    0.67273    0.61393  8.74%  1900 2811s
  1184   478    0.64715  124  252    0.67273    0.61393  8.74%  1895 2815s
  1194   485    0.64749  129  257    0.67273    0.61393  8.74%  1883 2820s
  1202   488    0.64959  133  239    0.67273    0.61393  8.74%  1875 2825s
  1207   492    0.66537  135  207    0.67273    0.61393  8.74%  1871 2830s
  1213   496    0.65809  138  250    0.67273    0.61393  8.74%  1866 2835s
  1219   500    0.66171  141  286    0.67273    0.61393  8.74%  1861 2840s
  1221   501    0.66095  142  233    0.67273    0.61393  8.74%  1859 2845s
  1228   504    0.65104  146  232    0.67273    0.61393  8.74%  1852 2850s
  1234   508    0.65382  149  220    0.67273    0.61393  8.74%  1846 2855s
  1238   508    0.65386  151  252    0.67273    0.61393  8.74%  1842 2860s
  1245   509    0.66025  154  262    0.67273    0.61393  8.74%  1836 2865s
  1253   510    0.65867  158  322    0.67273    0.61393  8.74%  1828 2871s
  1260   513    0.65417  162  226    0.67273    0.61393  8.74%  1820 2875s
  1267   517    0.65952  165  251    0.67273    0.61393  8.74%  1812 2880s
  1277   517     cutoff  170         0.67273    0.61393  8.74%  1800 2885s
  1287   521    0.65829  175  260    0.67273    0.61393  8.74%  1788 2890s
  1297   525    0.65881  180  248    0.67273    0.61393  8.74%  1776 2895s
  1308   528    0.65569  186  185    0.67273    0.61393  8.74%  1764 2900s
  1322   531    0.65574  193  184    0.67273    0.61393  8.74%  1747 2905s
  1335   538    0.66553  199  185    0.67273    0.61393  8.74%  1732 2910s
  1347   543    0.66632  205  175    0.67273    0.61393  8.74%  1718 2915s
  1359   547    0.65687  212  175    0.67273    0.61393  8.74%  1705 2920s
  1373   551    0.66510  220  160    0.67273    0.61393  8.74%  1689 2925s
  1388   548    0.66606  232  164    0.67273    0.61393  8.74%  1672 2930s
  1400   545    0.66741  242  145    0.67273    0.61393  8.74%  1658 2935s
  1409   542    0.62144   27  376    0.67273    0.61393  8.74%  1655 2949s
  1410   543    0.62428   28  475    0.67273    0.61393  8.74%  1658 2952s
  1411   544    0.62614   28  426    0.67273    0.61393  8.74%  1661 2957s
  1412   544    0.62458   29  408    0.67273    0.61393  8.74%  1663 2961s
  1413   545    0.63060   29  493    0.67273    0.61393  8.74%  1670 2968s
  1414   546    0.62461   30  458    0.67273    0.61393  8.74%  1671 2971s
  1415   546    0.62550   30  434    0.67273    0.61393  8.74%  1675 2975s
  1417   548    0.62571   31  463    0.67273    0.61393  8.74%  1678 2981s
  1418   548    0.62586   32  437    0.67273    0.61393  8.74%  1682 2986s
  1419   549    0.62850   32  472    0.67273    0.61393  8.74%  1686 2993s
  1421   550    0.62765   33  361    0.67273    0.61393  8.74%  1689 2998s
  1423   552    0.62668   34  447    0.67273    0.61393  8.74%  1694 3009s
  1424   552    0.62816   35  472    0.67273    0.61393  8.74%  1703 3020s
  1426   554    0.62862   36  529    0.67273    0.61393  8.74%  1709 3034s
  1427   554    0.62889   36  468    0.67273    0.61393  8.74%  1713 3039s
  1428   555    0.63009   37  447    0.67273    0.61393  8.74%  1715 3042s
  1429   556    0.63278   37  372    0.67273    0.61393  8.74%  1723 3050s
  1431   557    0.63435   38  368    0.67273    0.61393  8.74%  1728 3056s
  1433   558    0.63688   39  361    0.67273    0.61393  8.74%  1729 3061s
  1435   560    0.63552   40  321    0.67273    0.61393  8.74%  1731 3065s
  1440   563    0.63692   43  285    0.67273    0.61393  8.74%  1728 3070s
  1443   565    0.64705   44  296    0.67273    0.61393  8.74%  1730 3079s
  1444   566    0.63732   45  291    0.67273    0.61393  8.74%  1730 3081s
  1447   568    0.64005   46  295    0.67273    0.61393  8.74%  1731 3086s
  1451   570    0.63857   48  281    0.67273    0.61393  8.74%  1731 3092s
  1454   572    0.63918   50  300    0.67273    0.61393  8.74%  1730 3095s
  1458   575    0.63848   52  268    0.67273    0.61393  8.74%  1729 3100s
H 1463   556                       0.6714564    0.61393  8.57%  1726 3111s
H 1463   534                       0.6704145    0.61393  8.43%  1726 3115s
  1463   536    0.64504   54  239    0.67041    0.61393  8.43%  1729 3123s
  1466   538    0.64100   56  252    0.67041    0.61393  8.43%  1727 3125s
  1471   542    0.64527   58  264    0.67041    0.61393  8.43%  1726 3135s
  1476   545    0.64289   61  253    0.67041    0.61393  8.43%  1725 3140s
  1480   548    0.64296   63  264    0.67041    0.61393  8.43%  1724 3145s
  1484   550    0.64308   65  269    0.67041    0.61393  8.43%  1727 3151s
  1486   551    0.64317   66  258    0.67041    0.61393  8.43%  1728 3155s
  1490   552    0.64327   68  255    0.67041    0.61393  8.43%  1729 3161s
  1493   554    0.65139   69  225    0.67041    0.61393  8.43%  1730 3166s
  1496   555    0.64474   71  248    0.67041    0.61393  8.43%  1731 3170s
  1501   558    0.66947   73  194    0.67041    0.61393  8.43%  1729 3176s
  1505   558     cutoff   75         0.67041    0.61393  8.43%  1729 3181s
  1509   560    0.66644   77  196    0.67041    0.61393  8.43%  1728 3185s
  1516   562    0.66701   81  231    0.67041    0.61393  8.43%  1724 3190s
  1524   557    0.61789   27  437    0.67041    0.61432  8.37%  1723 3221s
  1525   558    0.61966   28  584    0.67041    0.61432  8.37%  1729 3229s
  1526   558    0.61985   28  541    0.67041    0.61432  8.37%  1732 3234s
  1527   559    0.62258   29  548    0.67041    0.61432  8.37%  1736 3240s
  1528   560    0.62528   29  448    0.67041    0.61432  8.37%  1741 3247s
  1529   560    0.62588   30  411    0.67041    0.61432  8.37%  1742 3250s
  1530   561    0.63037   30  388    0.67041    0.61432  8.37%  1747 3258s
  1531   562    0.62938   31  446    0.67041    0.61432  8.37%  1752 3263s
  1532   562    0.62627   31  421    0.67041    0.61432  8.37%  1754 3267s
  1534   564    0.62906   32  361    0.67041    0.61432  8.37%  1757 3273s
  1535   564    0.62633   33  392    0.67041    0.61432  8.37%  1760 3281s
H 1536   546                       0.6704145    0.61432  8.37%  1759 3287s
  1537   549    0.62664   34  461    0.67041    0.61432  8.37%  1762 3295s
  1538   549    0.62991   34  384    0.67041    0.61432  8.37%  1764 3303s
  1539   550    0.62721   35  404    0.67041    0.61432  8.37%  1765 3307s
  1540   551    0.62941   35  443    0.67041    0.61432  8.37%  1767 3318s
  1541   551    0.63802   36  296    0.67041    0.61432  8.37%  1769 3325s
  1543   553    0.62817   37  416    0.67041    0.61432  8.37%  1770 3333s
  1544   553    0.62953   37  436    0.67041    0.61432  8.37%  1771 3340s
  1546   555    0.63054   38  374    0.67041    0.61432  8.37%  1773 3349s
  1547   555    0.62945   39  400    0.67041    0.61432  8.37%  1773 3352s
  1548   556    0.62986   39  354    0.67041    0.61432  8.37%  1773 3355s
  1550   557    0.63092   40  295    0.67041    0.61432  8.37%  1774 3365s
  1553   559    0.63116   42  280    0.67041    0.61432  8.37%  1772 3371s
  1555   561    0.63184   43  277    0.67041    0.61432  8.37%  1771 3375s
  1558   562    0.63491   44  303    0.67041    0.61432  8.37%  1770 3385s
  1560   563    0.63315   45  270    0.67041    0.61432  8.37%  1770 3390s
  1562   564    0.64356   46  238    0.67041    0.61432  8.37%  1771 3399s
  1563   565    0.63262   47  277    0.67041    0.61432  8.37%  1770 3400s
  1565   565    0.63400   48  273    0.67041    0.61432  8.37%  1770 3406s
  1567   567    0.63411   49  259    0.67041    0.61432  8.37%  1768 3410s
  1569   568    0.63530   50  312    0.67041    0.61432  8.37%  1768 3417s
  1570   569    0.63713   50  312    0.67041    0.61432  8.37%  1768 3420s
  1571   569    0.63539   51  352    0.67041    0.61432  8.37%  1768 3428s
  1572   570    0.64571   51  314    0.67041    0.61432  8.37%  1768 3433s
  1573   571    0.63887   52  378    0.67041    0.61432  8.37%  1769 3438s
  1574   571    0.64272   52  285    0.67041    0.61432  8.37%  1769 3441s
  1576   570     cutoff   53         0.67041    0.61432  8.37%  1769 3446s
  1579   572    0.64611   55  236    0.67041    0.61432  8.37%  1766 3450s
  1583   572    0.64600   57  225    0.67041    0.61432  8.37%  1764 3457s
  1584   573    0.64665   58  258    0.67041    0.61432  8.37%  1764 3460s
  1587   575    0.64951   59  262    0.67041    0.61432  8.37%  1764 3469s
  1588   576    0.64712   60  243    0.67041    0.61432  8.37%  1763 3470s
  1591   578    0.65156   61  227    0.67041    0.61432  8.37%  1762 3477s
  1593   579    0.64841   62  225    0.67041    0.61432  8.37%  1763 3485s
  1595   580    0.65267   63  239    0.67041    0.61432  8.37%  1762 3490s
  1598   581    0.64936   65  263    0.67041    0.61432  8.37%  1760 3495s
  1601   583    0.65392   66  209    0.67041    0.61432  8.37%  1759 3500s
  1604   585    0.64974   68  238    0.67041    0.61432  8.37%  1757 3506s
  1606   587    0.64975   69  237    0.67041    0.61432  8.37%  1756 3510s
  1609   589    0.65126   70  255    0.67041    0.61432  8.37%  1754 3515s
  1613   591    0.65731   72  243    0.67041    0.61432  8.37%  1751 3522s
  1615   592    0.65779   73  250    0.67041    0.61432  8.37%  1751 3528s
  1616   592    0.65297   74  288    0.67041    0.61432  8.37%  1751 3531s
  1618   594    0.65367   75  256    0.67041    0.61432  8.37%  1752 3544s

Cutting planes:
  Learned: 10
  Cover: 104
  Implied bound: 228
  Projected implied bound: 75
  Clique: 29
  MIR: 610
  StrongCG: 28
  Flow cover: 787
  GUB cover: 13
  Zero half: 9
  Network: 59
  RLT: 2
  Relax-and-lift: 205
  BQP: 4
  PSD: 1

Explored 1619 nodes (3185088 simplex iterations) in 3544.63 seconds (10300.99 work units)
Thread count was 1 (of 20 available processors)

Solution count 10: 0.670415 0.671456 0.672729 ... 0.677293

Time limit reached
Best objective 6.704145306121e-01, best bound 6.143208925554e-01, gap 8.3670%

User-callback calls 373745, time in user-callback 0.03 sec
