
Gurobi 13.0.2 (win64) logging started Fri Aug  7 21:22:51 2026

Set parameter LogFile to value "E:\codes\ExactEBRP\results\gf_v10_convergence_round33\runs\stage1__round33_v10_tight_T_M3_Q20_seed284843780__p_grb__3600s\native.log"
Set parameter Threads to value 1
Set parameter Presolve to value -1
Set parameter Seed to value 0
Set parameter MIPGap to value 0
Set parameter MIPGapAbs to value 0
Set parameter TimeLimit to value 3600
Read LP format model from file E:\codes\ExactEBRP\results\gf_v10_convergence_round33\runs\stage1__round33_v10_tight_T_M3_Q20_seed284843780__p_grb__3600s\canonical.lp
Reading time = 0.00 seconds
obj: 1544 rows, 710 columns, 6538 nonzeros
Set parameter TimeLimit to value 3584.9668099
Gurobi Optimizer version 13.0.2 build v13.0.2rc1 (win64 - Windows 10.0 (19045.2))

CPU model: 12th Gen Intel(R) Core(TM) i7-12700KF, instruction set [SSE2|AVX|AVX2]
Thread count: 12 physical cores, 20 logical processors, using up to 1 threads

Non-default parameters:
TimeLimit  3584.9668099
MIPGap  0
MIPGapAbs  0
LogToConsole  0
Threads  1

Optimize a model with 1544 rows, 710 columns and 6538 nonzeros (Min)
Model fingerprint: 0xacba1296
Model has 11 linear objective coefficients
Variable types: 163 continuous, 547 integer (447 binary)
Coefficient statistics:
  Matrix range     [3e-02, 6e+02]
  Objective range  [1e-02, 1e+00]
  Bounds range     [1e+00, 5e+01]
  RHS range        [1e+00, 2e+03]

Presolve removed 70 rows and 10 columns
Presolve time: 0.02s
Presolved: 1474 rows, 700 columns, 8462 nonzeros
Variable types: 98 continuous, 602 integer (447 binary)
Found heuristic solution: objective 3.0084197

Root relaxation: objective 5.842493e-01, 577 iterations, 0.01 seconds (0.02 work units)

    Nodes    |    Current Node    |     Objective Bounds      |     Work
 Expl Unexpl |  Obj  Depth IntInf | Incumbent    BestBd   Gap | It/Node Time

     0     0    0.58425    0  145    3.00842    0.58425  80.6%     -    0s
     0     0    0.58603    0  140    3.00842    0.58603  80.5%     -    0s
H    0     0                       2.8956678    0.58603  79.8%     -    0s
     0     0    0.65808    0  212    2.89567    0.65808  77.3%     -    0s
H    0     0                       2.1127982    0.65996  68.8%     -    0s
     0     0    0.66260    0  227    2.11280    0.66260  68.6%     -    0s
     0     0    0.73234    0  212    2.11280    0.73234  65.3%     -    0s
     0     0    0.73384    0  223    2.11280    0.73384  65.3%     -    0s
     0     0    0.74230    0  240    2.11280    0.74230  64.9%     -    0s
H    0     0                       2.1078202    0.75114  64.4%     -    0s
H    0     0                       2.1074087    0.75114  64.4%     -    0s
     0     0    0.75114    0  266    2.10741    0.75114  64.4%     -    0s
     0     0    0.75114    0  252    2.10741    0.75114  64.4%     -    0s
     0     0    0.75114    0  249    2.10741    0.75114  64.4%     -    0s
     0     0    0.75114    0  260    2.10741    0.75114  64.4%     -    0s
     0     0    0.75114    0  258    2.10741    0.75114  64.4%     -    0s
     0     0    0.75114    0  265    2.10741    0.75114  64.4%     -    0s
     0     0    0.75114    0  265    2.10741    0.75114  64.4%     -    0s
     0     0    0.75114    0  249    2.10741    0.75114  64.4%     -    0s
H    0     0                       1.8239829    0.75114  58.8%     -    0s
H    0     0                       1.8238366    0.75114  58.8%     -    0s
H    0     0                       1.7679916    0.75114  57.5%     -    0s
H    0     0                       1.6268550    0.75114  53.8%     -    0s
H    0     0                       1.5037420    0.75114  50.0%     -    0s
     0     2    0.75114    0  249    1.50374    0.75114  50.0%     -    0s
H    3     3                       1.5023229    0.76674  49.0%   210    0s
H    3     3                       1.4990080    0.76674  48.8%   210    0s
H   74    36                       1.4986517    0.76776  48.8%   139    0s
H   74    36                       1.4927573    0.76776  48.6%   139    0s
H  160    24                       1.4886719    0.76888  48.4%   177    1s
H  160    24                       1.4883792    0.76888  48.3%   177    1s
H  160    24                       1.4872084    0.76888  48.3%   177    1s
H  160    24                       1.4867934    0.76888  48.3%   177    1s
H  168    24                       1.4825863    0.76964  48.1%   176    1s
H  168    24                       1.4823655    0.76964  48.1%   176    1s
H  168    24                       1.4821345    0.76964  48.1%   176    1s
H  178    21                       1.3830337    0.76970  44.3%   178    1s
H  185    18                       1.3683823    0.77069  43.7%   175    1s
H  185    18                       1.3655064    0.77069  43.6%   175    1s
H  185    18                       1.3653250    0.77069  43.6%   175    1s
H  185    18                       1.3651254    0.77069  43.5%   175    1s
H  185    18                       1.3630701    0.77069  43.5%   175    1s
H  189    18                       1.3623607    0.78939  42.1%   181    2s
H  796   360                       1.3617408    0.92512  32.1%  82.7    4s
H  800   345                       1.3592920    0.92512  31.9%  82.3    4s
   802   348    0.92512   13  248    1.35929    0.92512  31.9%  90.6    5s
H  804   329                       1.3530177    0.92512  31.6%  91.8    5s
H  804   313                       1.3511350    0.92512  31.5%  91.8    5s
H  818   307                       1.3490143    0.92512  31.4%  93.5    5s
H  818   292                       1.3479592    0.92512  31.4%  93.5    5s
H  835   282                       1.3470513    0.92512  31.3%  92.9    5s
H  836   270                       1.3470477    0.92512  31.3%  92.8    5s
H  838   256                       1.3403840    0.92512  31.0%  92.7    5s
H  838   244                       1.3401642    0.92512  31.0%  92.7    5s
H  838   232                       1.3399102    0.92512  31.0%  92.7    5s
H  838   221                       1.3354397    0.92512  30.7%  92.7    5s
H  838   210                       1.3340499    0.92512  30.7%  92.7    5s
H  989   240                       1.3161693    0.92512  29.7%  93.7    6s
H  989   231                       1.3150472    0.92512  29.7%  93.7    6s
H  989   222                       1.3148938    0.92512  29.6%  93.7    6s
H 1157   247                       1.3143751    0.92512  29.6%  89.8    7s
H 1158   216                       1.2565203    0.92512  26.4%  89.8    7s
H 1158   205                       1.2543349    0.92512  26.2%  89.8    7s
H 1158   198                       1.2542768    0.92512  26.2%  89.8    7s
H 1158   191                       1.2538314    0.92512  26.2%  89.8    7s
H 1502   373                       1.2511287    0.93589  25.2%  84.1    9s
  1505   376    1.05867   19  175    1.25113    0.93589  25.2%  85.5   10s
H 1691   463                       1.2503486    0.98051  21.6%  84.9   11s
H 1691   463                       1.2499371    0.98051  21.6%  84.9   11s
H 1691   463                       1.2495462    0.98051  21.5%  84.9   11s
H 1754   472                       1.2480145    0.99720  20.1%  86.0   11s
H 1754   469                       1.2468245    0.99720  20.0%  86.0   11s
H 1983   529                       1.2468245    1.03276  17.2%  86.6   13s
  2307   657    1.15938   29  112    1.24682    1.06196  14.8%  83.4   15s
H 2340   663                       1.2467270    1.06196  14.8%  82.6   15s
H 2340   663                       1.2467214    1.06196  14.8%  82.6   15s
  3542  1163    1.20834   25  180    1.24672    1.08878  12.7%  73.0   20s
  4915  1696    1.17444   25  135    1.24672    1.10118  11.7%  66.5   25s
  6507  2208    1.16557   35  104    1.24672    1.10933  11.0%  60.8   30s
  8267  2722 infeasible   35         1.24672    1.11888  10.3%  57.0   35s
  9890  3186    1.24596   36   85    1.24672    1.12648  9.64%  55.2   40s
 10202  3279 infeasible   35         1.24672    1.12733  9.58%  54.6   48s
 10812  3421 infeasible   36         1.24672    1.12938  9.41%  53.9   50s
 12513  3776    1.18427   36   84    1.24672    1.13571  8.90%  53.0   55s
 14279  4152    1.14599   35  130    1.24672    1.14204  8.40%  52.2   60s
 15825  4500    1.18823   39   80    1.24672    1.14607  8.07%  51.4   65s
 17632  4942    1.18330   34   58    1.24672    1.14963  7.79%  50.5   70s
 19598  5348    1.18671   30  132    1.24672    1.15328  7.49%  49.4   75s
 21452  5549    1.16913   39   88    1.24672    1.15744  7.16%  48.7   80s
 23410  5814    1.19716   32  106    1.24672    1.16058  6.91%  48.0   85s
 25208  6072    1.21619   34   81    1.24672    1.16347  6.68%  47.6   90s
 27036  6307    1.18417   33   95    1.24672    1.16649  6.44%  47.2   95s
 28893  6540 infeasible   42         1.24672    1.16856  6.27%  46.9  100s
 30659  6687     cutoff   38         1.24672    1.17103  6.07%  46.6  105s
 32566  6796 infeasible   36         1.24672    1.17319  5.90%  46.4  110s
 34364  6791    1.21663   37  103    1.24672    1.17521  5.74%  46.2  115s
 35954  6747    1.18176   40   84    1.24672    1.17739  5.56%  46.4  120s
 37580  6634    1.18454   38   92    1.24672    1.17940  5.40%  46.7  125s
 39064  6413    1.19323   31  110    1.24672    1.18159  5.22%  47.0  130s
 40495  6269    1.23428   44   76    1.24672    1.18345  5.08%  47.4  135s
 41794  6077    1.19298   39   81    1.24672    1.18531  4.93%  47.8  140s
 43112  5913    1.21843   37  124    1.24672    1.18696  4.79%  48.1  145s
 44567  5640    1.23198   50   49    1.24672    1.18914  4.62%  48.4  150s
 45909  5289    1.20438   39   66    1.24672    1.19184  4.40%  48.9  155s
 47296  5048    1.22296   40  111    1.24672    1.19442  4.20%  49.2  160s
 48277  4739    1.21465   42   81    1.24672    1.19674  4.01%  49.6  165s
 49603  4437     cutoff   35         1.24672    1.19974  3.77%  50.0  170s
 50985  4159    1.20438   43   89    1.24672    1.20239  3.56%  50.2  175s
 52445  3920     cutoff   45         1.24672    1.20547  3.31%  50.3  180s
 53939  3615     cutoff   32         1.24672    1.20877  3.04%  50.5  185s
 55322  3347 infeasible   31         1.24672    1.21191  2.79%  50.6  190s
 56815  3121    1.23144   39  104    1.24672    1.21527  2.52%  50.6  195s
 58455  2867    1.22778   21  163    1.24672    1.21884  2.24%  50.5  200s
 60462  2563     cutoff   25         1.24672    1.22307  1.90%  50.2  205s
 63038  2102     cutoff   37         1.24672    1.22811  1.49%  49.4  210s
 65963  1564 infeasible   23         1.24672    1.23394  1.03%  48.4  215s
 69867   918    1.24063   41   76    1.24672    1.23988  0.55%  46.7  220s

Cutting planes:
  Learned: 77
  Gomory: 72
  Cover: 284
  Implied bound: 408
  Projected implied bound: 73
  Clique: 48
  MIR: 480
  Mixing: 1
  StrongCG: 53
  Flow cover: 471
  GUB cover: 6
  Inf proof: 24
  Zero half: 27
  Mod-K: 1
  RLT: 11
  Relax-and-lift: 65
  BQP: 16

Explored 72716 nodes (3303915 simplex iterations) in 223.40 seconds (379.15 work units)
Thread count was 1 (of 20 available processors)

Solution count 10: 1.24672 1.24672 1.24682 ... 1.25428

Optimal solution found (tolerance 0.00e+00)
Best objective 1.246721375589e+00, best bound 1.246721375589e+00, gap 0.0000%

User-callback calls 220608, time in user-callback 0.11 sec
