
Gurobi 13.0.2 (win64) logging started Sat Jul 25 00:43:06 2026

Set parameter LogFile to value "E:\codes\ExactEBRP\results\gf_nonblocking_gurobi_c6_round31\runs\stage4__V12_M2__p_grb__300s\native.log"
Set parameter Threads to value 1
Set parameter Presolve to value -1
Set parameter Seed to value 0
Set parameter MIPGap to value 0
Set parameter MIPGapAbs to value 0
Set parameter TimeLimit to value 300
Read LP format model from file E:\codes\ExactEBRP\results\gf_nonblocking_gurobi_c6_round31\runs\stage4__V12_M2__p_grb__300s\canonical.lp
Reading time = 0.00 seconds
obj: 1551 rows, 719 columns, 6504 nonzeros
Set parameter TimeLimit to value 294.9700707
Gurobi Optimizer version 13.0.2 build v13.0.2rc1 (win64 - Windows 10.0 (19045.2))

CPU model: 12th Gen Intel(R) Core(TM) i7-12700KF, instruction set [SSE2|AVX|AVX2]
Thread count: 12 physical cores, 20 logical processors, using up to 1 threads

Non-default parameters:
TimeLimit  294.9700707
MIPGap  0
MIPGapAbs  0
LogToConsole  0
Threads  1

Optimize a model with 1551 rows, 719 columns and 6504 nonzeros (Min)
Model fingerprint: 0x22f2653a
Model has 13 linear objective coefficients
Variable types: 201 continuous, 518 integer (434 binary)
Coefficient statistics:
  Matrix range     [2e-02, 6e+02]
  Objective range  [5e-05, 1e+00]
  Bounds range     [1e+00, 9e+01]
  RHS range        [1e+00, 4e+03]

Presolve removed 88 rows and 28 columns
Presolve time: 0.02s
Presolved: 1463 rows, 691 columns, 7888 nonzeros
Variable types: 124 continuous, 567 integer (432 binary)
Found heuristic solution: objective 1.0082232

Root relaxation: objective 3.003901e-01, 741 iterations, 0.01 seconds (0.03 work units)

    Nodes    |    Current Node    |     Objective Bounds      |     Work
 Expl Unexpl |  Obj  Depth IntInf | Incumbent    BestBd   Gap | It/Node Time

     0     0    0.30039    0  171    1.00822    0.30039  70.2%     -    0s
H    0     0                       0.9987676    0.30039  69.9%     -    0s
     0     0    0.34702    0  194    0.99877    0.34702  65.3%     -    0s
H    0     0                       0.9923800    0.34854  64.9%     -    0s
     0     0    0.35865    0  206    0.99238    0.35865  63.9%     -    0s
     0     0    0.36444    0  224    0.99238    0.36444  63.3%     -    0s
     0     0    0.36661    0  222    0.99238    0.36661  63.1%     -    0s
     0     0    0.36989    0  233    0.99238    0.36989  62.7%     -    0s
H    0     0                       0.9866798    0.37063  62.4%     -    0s
     0     0    0.37063    0  230    0.98668    0.37063  62.4%     -    0s
     0     0    0.37158    0  235    0.98668    0.37158  62.3%     -    0s
     0     0    0.37256    0  245    0.98668    0.37256  62.2%     -    0s
     0     0    0.37256    0  244    0.98668    0.37256  62.2%     -    0s
H    0     0                       0.9614044    0.37377  61.1%     -    0s
H    0     0                       0.9608042    0.37377  61.1%     -    0s
     0     0    0.37377    0  247    0.96080    0.37377  61.1%     -    0s
     0     0    0.37555    0  223    0.96080    0.37555  60.9%     -    0s
H    0     0                       0.8934380    0.37572  57.9%     -    0s
H    0     0                       0.8819313    0.37572  57.4%     -    0s
H    0     0                       0.8811088    0.37572  57.4%     -    0s
H    0     0                       0.8754763    0.37572  57.1%     -    0s
H    0     0                       0.8688731    0.37572  56.8%     -    0s
H    0     0                       0.8659721    0.37572  56.6%     -    0s
H    0     0                       0.8651616    0.37572  56.6%     -    0s
H    0     0                       0.8623982    0.37572  56.4%     -    0s
     0     0    0.37603    0  239    0.86240    0.37603  56.4%     -    0s
     0     0    0.38962    0  232    0.86240    0.38962  54.8%     -    0s
     0     0    0.39083    0  238    0.86240    0.39083  54.7%     -    0s
     0     0    0.39281    0  242    0.86240    0.39281  54.5%     -    0s
H    0     0                       0.8606150    0.39291  54.3%     -    0s
H    0     0                       0.8570487    0.39291  54.2%     -    0s
H    0     0                       0.8566029    0.39291  54.1%     -    0s
     0     0    0.39291    0  232    0.85660    0.39291  54.1%     -    0s
     0     0    0.39295    0  241    0.85660    0.39295  54.1%     -    0s
     0     0    0.39343    0  245    0.85660    0.39343  54.1%     -    0s
     0     0    0.39417    0  245    0.85660    0.39417  54.0%     -    0s
     0     0    0.39426    0  245    0.85660    0.39426  54.0%     -    0s
     0     0    0.39427    0  250    0.85660    0.39427  54.0%     -    0s
     0     0    0.39427    0  250    0.85660    0.39427  54.0%     -    0s
     0     0    0.39427    0  231    0.85660    0.39427  54.0%     -    0s
     0     2    0.39427    0  229    0.85660    0.39427  54.0%     -    0s
H   20    20                       0.8189004    0.40489  50.6%   113    0s
H   20    20                       0.8166843    0.40489  50.4%   113    0s
H   20    20                       0.8115135    0.40489  50.1%   113    0s
H   20    20                       0.8058432    0.40489  49.8%   113    0s
H   20    20                       0.8039426    0.40489  49.6%   113    0s
H   20    20                       0.7861444    0.40489  48.5%   113    0s
H  130   103                       0.7811908    0.44821  42.6%  80.2    1s
H  130   103                       0.7766993    0.44821  42.3%  80.2    1s
H  130   103                       0.7744809    0.44821  42.1%  80.2    1s
H  130   103                       0.7738212    0.44821  42.1%  80.2    1s
H  130   103                       0.7726771    0.44821  42.0%  80.2    1s
H  130   102                       0.7706654    0.44821  41.8%  80.2    1s
H  262   218                       0.7703884    0.44964  41.6%  56.1    1s
H  262   218                       0.7702037    0.44964  41.6%  56.1    1s
H  262   218                       0.7532139    0.44964  40.3%  56.1    1s
H  267   207                       0.7392003    0.44964  39.2%  55.3    1s
H  273   197                       0.7346373    0.46309  37.0%  57.0    1s
H  595   407                       0.7323289    0.48871  33.3%  58.2    2s
H  595   405                       0.7311285    0.48871  33.2%  58.2    2s
H  609   415                       0.7295666    0.48909  33.0%  59.1    2s
H  609   403                       0.7268369    0.48909  32.7%  59.1    2s
H  638   402                       0.7249902    0.48909  32.5%  60.5    4s
H  645   388                       0.7218754    0.48909  32.2%  67.5    5s
H  687   396                       0.7210165    0.57692  20.0%  74.5    6s
H  687   377                       0.7206542    0.57692  19.9%  74.5    6s
H  687   359                       0.7203599    0.57692  19.9%  74.5    6s
H  687   342                       0.7202267    0.57692  19.9%  74.5    6s
  1359   506    0.67239   53  197    0.72023    0.63763  11.5%  68.4   10s
  2915  1089     cutoff   55         0.72023    0.65892  8.51%  58.9   15s
  4432  1614    0.71537   65  139    0.72023    0.66672  7.43%  57.2   20s
  6155  2187    0.67323   47  207    0.72023    0.67226  6.66%  55.3   25s
  7861  2645    0.70490   69  101    0.72023    0.67725  5.97%  54.3   30s
  9867  3161    0.71336   72  129    0.72023    0.68138  5.39%  52.6   35s
 10465  3296     cutoff   59         0.72023    0.68242  5.25%  52.1   40s
 12644  3809    0.70527   64  117    0.72023    0.68559  4.81%  51.3   45s
 14780  4309    0.71649   72  103    0.72023    0.68788  4.49%  50.8   50s
H15363  4450                       0.7194715    0.68846  4.31%  50.5   51s
H15363  4446                       0.7192651    0.68846  4.28%  50.5   51s
H15363  4442                       0.7191825    0.68846  4.27%  50.5   51s
H15366  4440                       0.7191412    0.68846  4.27%  50.5   51s
H15418  4419                       0.7185041    0.68853  4.17%  50.4   51s
 16647  4689    0.69543   76  123    0.71850    0.68996  3.97%  50.4   55s
 18921  5108    0.70292   69  128    0.71850    0.69264  3.60%  50.1   60s
 21281  5599    0.71466   53  186    0.71850    0.69449  3.34%  49.2   65s
 23897  6189    0.70630   75   97    0.71850    0.69615  3.11%  48.2   70s
 26616  6733    0.71239   76  140    0.71850    0.69769  2.90%  47.1   75s
 29248  7233    0.71212   58  178    0.71850    0.69880  2.74%  46.3   80s
 32095  7780    0.71830   69  106    0.71850    0.70001  2.57%  45.3   85s
 34986  8246    0.71152   73  118    0.71850    0.70122  2.41%  44.6   90s
 37969  8582    0.71604   66  117    0.71850    0.70216  2.27%  43.9   95s
 40863  8876 infeasible   69         0.71850    0.70310  2.14%  43.4  100s
 43763  9056    0.71491   70   89    0.71850    0.70401  2.02%  43.1  105s
 46719  9185     cutoff   66         0.71850    0.70475  1.91%  42.6  110s
 49530  9190    0.71640   76   52    0.71850    0.70560  1.80%  42.4  115s
 52423  9105    0.71616   56  176    0.71850    0.70638  1.69%  42.2  120s
 55333  8964     cutoff   65         0.71850    0.70708  1.59%  42.0  125s
 58215  8776    0.71555   74   91    0.71850    0.70774  1.50%  41.8  130s
 61172  8476     cutoff   54         0.71850    0.70845  1.40%  41.5  135s
 64267  8030    0.71659   83   78    0.71850    0.70919  1.30%  41.3  140s
 67380  7463     cutoff   79         0.71850    0.70988  1.20%  41.1  145s
 70500  6827     cutoff   67         0.71850    0.71056  1.11%  40.9  150s
 73579  5968    0.71516   68  114    0.71850    0.71139  0.99%  40.6  155s
 76731  4899    0.71462   81  101    0.71850    0.71227  0.87%  40.4  160s
 80209  3478     cutoff   73         0.71850    0.71351  0.70%  40.1  165s
 84036  1161     cutoff   78         0.71850    0.71591  0.36%  39.6  170s

Cutting planes:
  Learned: 41
  Gomory: 13
  Cover: 145
  Implied bound: 297
  Projected implied bound: 39
  Clique: 22
  MIR: 108
  StrongCG: 17
  Flow cover: 173
  GUB cover: 2
  Inf proof: 24
  Zero half: 11
  RLT: 16
  Relax-and-lift: 10
  BQP: 14

Explored 85427 nodes (3353916 simplex iterations) in 171.34 seconds (282.10 work units)
Thread count was 1 (of 20 available processors)

Solution count 10: 0.718504 0.718504 0.719141 ... 0.721016

Optimal solution found (tolerance 0.00e+00)
Best objective 7.185040707550e-01, best bound 7.185040707550e-01, gap 0.0000%

User-callback calls 234698, time in user-callback 0.08 sec
