
Gurobi 13.0.2 (win64) logging started Fri Jul 24 20:09:02 2026

Set parameter LogFile to value "E:\codes\ExactEBRP\results\gf_nonblocking_gurobi_c6_round31\runs\stage1__tight_T_seed5102__c5_candidate__300s\native.log"
Set parameter Threads to value 1
Set parameter Presolve to value -1
Set parameter Seed to value 0
Set parameter MIPGap to value 0
Set parameter MIPGapAbs to value 0
Warning: unknown variable 'r_max' in bounds section (line 13957)
Warning: unknown variable 'r_min' in bounds section (line 13958)
Read LP format model from file E:\codes\ExactEBRP\results\gf_nonblocking_gurobi_c6_round31\runs\stage1__tight_T_seed5102__c5_candidate__300s\external\models\L0.lp
Reading time = 0.03 seconds
obj: 11916 rows, 3378 columns, 67132 nonzeros
Set parameter TimeLimit to value 276.969442
Warning: unknown variable 'r_max' in bounds section (line 13957)
Warning: unknown variable 'r_min' in bounds section (line 13958)
Read LP format model from file E:\codes\ExactEBRP\results\gf_nonblocking_gurobi_c6_round31\runs\stage1__tight_T_seed5102__c5_candidate__300s\external\models\L1.lp
Reading time = 0.02 seconds
obj: 11916 rows, 3378 columns, 67376 nonzeros
Set parameter TimeLimit to value 276.6160221
Warning: unknown variable 'r_max' in bounds section (line 13957)
Warning: unknown variable 'r_min' in bounds section (line 13958)
Read LP format model from file E:\codes\ExactEBRP\results\gf_nonblocking_gurobi_c6_round31\runs\stage1__tight_T_seed5102__c5_candidate__300s\external\models\L1.0.lp
Reading time = 0.02 seconds
obj: 11916 rows, 3378 columns, 67376 nonzeros
Set parameter TimeLimit to value 276.2027934
Warning: unknown variable 'r_max' in bounds section (line 13957)
Warning: unknown variable 'r_min' in bounds section (line 13958)
Read LP format model from file E:\codes\ExactEBRP\results\gf_nonblocking_gurobi_c6_round31\runs\stage1__tight_T_seed5102__c5_candidate__300s\external\models\L1.1.lp
Reading time = 0.02 seconds
obj: 11916 rows, 3378 columns, 67376 nonzeros
Set parameter TimeLimit to value 275.7750937
Warning: unknown variable 'r_max' in bounds section (line 13958)
Warning: unknown variable 'r_min' in bounds section (line 13959)
Read LP format model from file E:\codes\ExactEBRP\results\gf_nonblocking_gurobi_c6_round31\runs\stage1__tight_T_seed5102__c5_candidate__300s\external\models\L2.lp
Reading time = 0.02 seconds
obj: 11917 rows, 3378 columns, 67382 nonzeros
Set parameter TimeLimit to value 275.4109242
Warning: unknown variable 'r_max' in bounds section (line 13958)
Warning: unknown variable 'r_min' in bounds section (line 13959)
Read LP format model from file E:\codes\ExactEBRP\results\gf_nonblocking_gurobi_c6_round31\runs\stage1__tight_T_seed5102__c5_candidate__300s\external\models\L2.0.lp
Reading time = 0.02 seconds
obj: 11917 rows, 3378 columns, 67382 nonzeros
Set parameter TimeLimit to value 275.037396
Warning: unknown variable 'r_max' in bounds section (line 13959)
Warning: unknown variable 'r_min' in bounds section (line 13960)
Read LP format model from file E:\codes\ExactEBRP\results\gf_nonblocking_gurobi_c6_round31\runs\stage1__tight_T_seed5102__c5_candidate__300s\external\models\L2.1.lp
Reading time = 0.02 seconds
obj: 11918 rows, 3378 columns, 67388 nonzeros
Set parameter TimeLimit to value 274.6713105
