
Gurobi 13.0.2 (win64) logging started Wed Sep 30 11:32:23 2026

Set parameter LogFile to value "E:\codes\ExactEBRP\results\unified_exact_round97\development02\raw\09_V1_FEEDBACK\external\native_logs\L0.0_lp.gurobi.log"
Gurobi Optimizer version 13.0.2 build v13.0.2rc1 (win64 - Windows 10.0 (19045.2))

CPU model: 12th Gen Intel(R) Core(TM) i7-12700KF, instruction set [SSE2|AVX|AVX2]
Thread count: 12 physical cores, 20 logical processors, using up to 1 threads

Non-default parameters:
TimeLimit  1789.9643672
MIPGap  0
MIPGapAbs  0
LogToConsole  0
Threads  1

Optimize a model with 30999 rows, 8787 columns and 192624 nonzeros (Min)
Model fingerprint: 0xe27efe08
Model has 31 linear objective coefficients
Coefficient statistics:
  Matrix range     [4e-02, 2e+04]
  Objective range  [4e-02, 1e+00]
  Bounds range     [1e-01, 1e+03]
  RHS range        [3e-01, 6e+04]

Presolve removed 6804 rows and 142 columns
Presolve time: 0.09s
Presolved: 24195 rows, 8646 columns, 163142 nonzeros

Iteration    Objective       Primal Inf.    Dual Inf.      Time
       0    0.0000000e+00   7.086086e+02   0.000000e+00      0s
    4420    1.2536034e-01   0.000000e+00   0.000000e+00      1s

Solved in 4420 iterations and 0.55 seconds (1.52 work units)
Optimal objective  1.253603376e-01

User-callback calls 4565, time in user-callback 0.00 sec
