
Gurobi 13.0.2 (win64) logging started Wed Sep 30 11:32:30 2026

Set parameter LogFile to value "E:\codes\ExactEBRP\results\unified_exact_round97\development02\raw\09_V1_FEEDBACK\external\native_logs\L0_terminal_mip.gurobi.log"
Set parameter TimeLimit to value 1783.0247357
Gurobi Optimizer version 13.0.2 build v13.0.2rc1 (win64 - Windows 10.0 (19045.2))

CPU model: 12th Gen Intel(R) Core(TM) i7-12700KF, instruction set [SSE2|AVX|AVX2]
Thread count: 12 physical cores, 20 logical processors, using up to 1 threads

Non-default parameters:
TimeLimit  1783.0247357
MIPGap  0
MIPGapAbs  0
LogToConsole  0
Threads  1

Optimize a model with 30999 rows, 8787 columns and 192624 nonzeros (Min)
Model fingerprint: 0xb74f2f45
Model has 31 linear objective coefficients
Variable types: 4463 continuous, 4324 integer (4024 binary)
Coefficient statistics:
  Matrix range     [4e-02, 2e+04]
  Objective range  [4e-02, 1e+00]
  Bounds range     [3e-01, 1e+03]
  RHS range        [3e-01, 6e+04]

Loaded user MIP start with objective 0.284042
MIP start from previous solve did not produce a new incumbent solution

Presolve removed 6696 rows and 32 columns
Presolve time: 0.44s
Presolved: 24303 rows, 8755 columns, 215868 nonzeros
Variable types: 3996 continuous, 4759 integer (4024 binary)

Root relaxation: objective 1.253106e-01, 7244 iterations, 0.41 seconds (1.11 work units)

    Nodes    |    Current Node    |     Objective Bounds      |     Work
 Expl Unexpl |  Obj  Depth IntInf | Incumbent    BestBd   Gap | It/Node Time

     0     0    0.12531    0  263    0.28404    0.12531  55.9%     -    1s
     0     0    0.12531    0  249    0.28404    0.12531  55.9%     -    1s
     0     0    0.13868    0  334    0.28404    0.13868  51.2%     -    3s
     0     0    0.15225    0  225    0.28404    0.15225  46.4%     -    4s
     0     0    0.15226    0  287    0.28404    0.15226  46.4%     -    4s
     0     0    0.15232    0  280    0.28404    0.15232  46.4%     -    5s
     0     0    0.15232    0  277    0.28404    0.15232  46.4%     -    6s
     0     0    0.15233    0  287    0.28404    0.15233  46.4%     -    6s
     0     0    0.15234    0  380    0.28404    0.15234  46.4%     -    7s
     0     0    0.15234    0  334    0.28404    0.15234  46.4%     -    7s
     0     0    0.15236    0  296    0.28404    0.15236  46.4%     -    8s
     0     0    0.15236    0  285    0.28404    0.15236  46.4%     -    9s
     0     0    0.15236    0  337    0.28404    0.15236  46.4%     -   10s
     0     0    0.15236    0  337    0.28404    0.15236  46.4%     -   10s
     0     0    0.15236    0  251    0.28404    0.15236  46.4%     -   12s
     0     2    0.15236    0  238    0.28404    0.15236  46.4%     -   13s
H   11    11                       0.2731235    0.15245  44.2%   601   19s
H   11    11                       0.2441515    0.15245  37.6%   601   19s
H   11    13                       0.1838503    0.15245  17.1%   601   20s
H   11    13                       0.1737735    0.15245  12.3%   601   20s
    24    24    0.15389   16  110    0.17377    0.15245  12.3%  1040   25s
    88    88    0.15485   68  157    0.17377    0.15245  12.3%   611   30s
   166   162    0.15797  132  229    0.17377    0.15245  12.3%   621   35s
   206   202    0.16283  162  316    0.17377    0.15245  12.3%   665   40s
   243   233    0.15485  188  214    0.17377    0.15245  12.3%   717   45s
   292   274    0.17345  224  235    0.17377    0.15245  12.3%   751   50s
   330   308    0.15528  252  341    0.17377    0.15245  12.3%   766   55s
   377   346    0.15357   37  117    0.17377    0.15246  12.3%   735   60s
H  386   353                       0.1735533    0.15246  12.2%   737   65s
H  386   347                       0.1695136    0.15246  10.1%   737   69s
   387   348    0.15357   44  150    0.16951    0.15246  10.1%   742   71s
   410   371    0.15357   60  164    0.16951    0.15246  10.1%   773   75s
   504   442    0.15587   21  101    0.16951    0.15266  9.95%   709   80s
   546   481    0.15357   33  251    0.16951    0.15266  9.95%   710   90s
   549   483    0.15587   28  225    0.16951    0.15271  9.91%   706   95s
   552   485    0.15485  207  314    0.16951    0.15304  9.72%   702  100s
   555   487    0.16109   29  405    0.16951    0.15308  9.69%   698  106s
   557   488    0.15485  134  301    0.16951    0.15312  9.67%   696  112s
   559   490    0.15559   50  409    0.16951    0.15313  9.66%   693  116s
   561   491    0.15587   15  390    0.16951    0.15313  9.66%   691  120s
   564   493    0.15587   11  370    0.16951    0.15314  9.66%   687  125s
   566   494    0.15485  160  417    0.16951    0.15314  9.66%   685  131s
   568   496    0.16658   98  345    0.16951    0.15314  9.66%   682  136s
   571   498    0.16734  247  460    0.16951    0.15314  9.66%   679  140s
   574   502    0.15314   16  342    0.16951    0.15314  9.66%   903  145s
   576   503    0.15333   17  287    0.16951    0.15314  9.66%   904  153s
   579   505    0.15333   18  273    0.16951    0.15314  9.66%   913  155s
   589   510    0.15389   23  208    0.16951    0.15314  9.66%   910  161s
   593   511    0.16295   25  153    0.16951    0.15314  9.66%   913  165s
   603   518    0.15435   30  189    0.16951    0.15314  9.66%   907  171s
   619   528    0.15633   38  212    0.16951    0.15314  9.66%   914  175s
   633   537    0.15408   45  174    0.16951    0.15314  9.66%   924  180s
   647   544    0.15408   52  148    0.16951    0.15314  9.66%   928  185s
   664   555    0.15408   61  147    0.16951    0.15314  9.66%   930  190s
   678   558    0.15408   68  141    0.16951    0.15314  9.66%   927  196s
   693   559     cutoff   75         0.16951    0.15314  9.66%   925  200s
   710   554    0.15418   84  243    0.16951    0.15314  9.66%   921  205s
   760   565    0.15423  109  243    0.16951    0.15314  9.66%   901  210s
   796   573    0.15471  127  204    0.16951    0.15314  9.66%   899  215s
   822   576    0.15368   19  271    0.16951    0.15314  9.66%   904  220s
   839   587    0.15371   27  110    0.16951    0.15314  9.66%   915  225s
   851   595    0.15371   33  192    0.16951    0.15314  9.66%   914  230s
   874   611    0.15380   45  127    0.16951    0.15314  9.66%   911  235s
   898   624    0.16797   57  263    0.16951    0.15314  9.66%   904  240s
   928   620     cutoff   72         0.16951    0.15314  9.66%   911  245s
   944   619    0.16680   80  335    0.16951    0.15314  9.66%   910  254s
   946   621    0.16476   81  336    0.16951    0.15314  9.66%   910  255s
   985   630    0.16278  101  148    0.16951    0.15314  9.66%   884  260s
  1001   635    0.15739   23  173    0.16951    0.15334  9.54%   883  265s
  1022   649    0.15407   34  121    0.16951    0.15334  9.54%   883  270s
  1055   671    0.15417   50  107    0.16951    0.15334  9.54%   878  275s
  1097   699    0.15417   71  135    0.16951    0.15334  9.54%   863  280s
  1124   702    0.15367   22  250    0.16951    0.15334  9.54%   864  285s
  1147   718    0.15424   33  191    0.16951    0.15334  9.54%   864  290s
  1171   733    0.15424   45  152    0.16951    0.15334  9.54%   864  295s
  1208   757    0.15425   64  193    0.16951    0.15334  9.54%   864  300s
  1257   776    0.15408   22  175    0.16951    0.15336  9.53%   858  305s
  1278   790    0.15408   33  173    0.16951    0.15336  9.53%   870  310s
  1307   809    0.15408   47  136    0.16951    0.15336  9.53%   877  315s
  1355   815     cutoff   72         0.16951    0.15336  9.53%   879  320s
  1433   814    0.15336   21  321    0.16951    0.15336  9.53%   857  325s
  1457   830    0.15359   33  155    0.16951    0.15336  9.53%   865  330s
  1490   852    0.15390   50  141    0.16951    0.15336  9.53%   868  335s
  1535   881    0.15746   72  127    0.16951    0.15336  9.53%   864  340s
  1568   886    0.15392   29  163    0.16951    0.15336  9.53%   865  345s
  1597   905    0.15407   43   95    0.16951    0.15336  9.53%   870  350s
  1639   919    0.16542   60  237    0.16951    0.15336  9.53%   870  355s
  1682   933    0.15546   82   69    0.16951    0.15336  9.53%   870  360s
  1739   928    0.15367   19  264    0.16951    0.15336  9.53%   860  365s
  1761   943    0.15398   30  160    0.16951    0.15336  9.53%   869  370s
  1791   961    0.15407   45  119    0.16951    0.15336  9.53%   873  375s
  1825   983    0.15407   62  126    0.16951    0.15336  9.53%   876  380s
  1867   990    0.15407   83  111    0.16951    0.15336  9.53%   877  385s
  1913   992    0.15344   21  225    0.16951    0.15336  9.53%   875  390s
  1940  1010    0.15419   43  120    0.16951    0.15336  9.53%   876  395s
H 1975  1003                       0.1695136    0.15336  9.53%   870  413s
  1975  1005    0.15437   68  139    0.16951    0.15336  9.53%   871  419s
  1976  1005    0.15437   71  133    0.16951    0.15336  9.53%   870  420s
  2004  1027    0.15437   95  131    0.16951    0.15336  9.53%   867  425s
  2044  1051    0.16276  113  209    0.16951    0.15336  9.53%   860  430s
  2072  1067    0.15386   37  117    0.16951    0.15336  9.53%   860  435s
  2095  1090    0.15386   56  148    0.16951    0.15336  9.53%   862  440s
  2133  1125    0.15667   85  102    0.16951    0.15336  9.53%   857  445s
  2174  1149    0.15413   33  105    0.16951    0.15336  9.53%   851  450s
  2219  1194    0.15487   68  131    0.16951    0.15336  9.53%   843  455s
  2251  1226    0.15487   94  110    0.16951    0.15336  9.53%   841  460s
  2285  1259    0.16852  118  277    0.16951    0.15336  9.53%   841  465s
  2347  1300    0.15340   23  325    0.16951    0.15337  9.52%   828  470s
  2365  1318    0.15355   40  152    0.16951    0.15337  9.52%   828  475s
  2400  1353    0.15355   71  138    0.16951    0.15337  9.52%   824  480s
  2430  1383    0.15355   97  176    0.16951    0.15337  9.52%   824  485s
  2465  1414    0.15563  120  157    0.16951    0.15337  9.52%   824  490s
  2513  1441    0.16753  144  256    0.16951    0.15337  9.52%   820  495s
  2541  1460    0.15450   40  172    0.16951    0.15340  9.50%   819  500s
  2573  1492    0.16001   67  275    0.16951    0.15340  9.50%   820  505s
  2608  1527    0.15450   92  152    0.16951    0.15340  9.50%   821  510s
  2669  1580    0.15897  128  133    0.16951    0.15340  9.50%   812  515s
  2739  1618    0.15346   24  312    0.16951    0.15341  9.50%   801  520s
  2777  1655    0.15373   55  106    0.16951    0.15341  9.50%   799  525s
  2845  1709    0.15767  102  124    0.16951    0.15341  9.50%   789  530s
  2904  1747     cutoff  130         0.16951    0.15341  9.50%   786  535s
  2939  1780    0.15405   54  144    0.16951    0.15341  9.50%   786  540s
  2984  1822    0.15498   91  221    0.16951    0.15341  9.50%   783  545s
  3056  1878    0.15344   22  306    0.16951    0.15343  9.49%   775  550s
  3083  1905    0.15405   45  165    0.16951    0.15343  9.49%   775  555s
  3131  1953    0.15417   89  195    0.16951    0.15343  9.49%   772  560s
  3233  2028 infeasible  161         0.16951    0.15343  9.49%   757  565s
  3280  2065    0.15954   61  144    0.16951    0.15344  9.48%   752  570s
  3321  2106    0.16392  102  116    0.16951    0.15344  9.48%   749  575s
  3379  2154    0.16392  155  125    0.16951    0.15344  9.48%   742  580s
  3419  2182    0.15405   52  150    0.16951    0.15344  9.48%   741  585s
  3463  2218    0.16367   91  212    0.16951    0.15344  9.48%   738  590s
  3502  2248    0.15386   25  157    0.16951    0.15344  9.48%   740  595s
  3538  2281    0.15386   43  109    0.16951    0.15344  9.48%   745  600s
  3586  2320    0.15386   67  121    0.16951    0.15344  9.48%   747  605s
  3625  2344    0.15386   87  195    0.16951    0.15344  9.48%   748  614s
  3626  2343     cutoff   87         0.16951    0.15344  9.48%   748  615s
  3686  2364    0.15352   23  214    0.16951    0.15344  9.48%   746  620s
  3727  2403    0.15405   63  159    0.16951    0.15344  9.48%   745  625s
  3755  2418    0.15355   34  117    0.16951    0.15344  9.48%   748  630s
  3804  2467    0.15355   83  100    0.16951    0.15344  9.48%   747  635s
  3883  2526    0.15467   34  218    0.16951    0.15344  9.48%   738  640s
  3935  2578    0.15515   79   90    0.16951    0.15344  9.48%   736  645s
H 3941  2582                       0.1695136    0.15344  9.48%   735  649s
  3941  2584    0.15515   84  116    0.16951    0.15344  9.48%   735  661s
  3970  2613    0.15515  106  145    0.16951    0.15344  9.48%   734  665s
  4042  2646    0.16386   36  122    0.16951    0.15344  9.48%   727  670s
  4080  2682    0.16386   73  102    0.16951    0.15344  9.48%   727  675s
  4110  2705    0.15615   39  295    0.16951    0.15344  9.48%   728  680s
  4138  2723    0.15386   39  111    0.16951    0.15344  9.48%   731  685s
  4179  2753    0.15344   22  284    0.16951    0.15344  9.48%   730  690s
  4202  2776    0.15355   32  136    0.16951    0.15344  9.48%   735  695s
  4239  2807    0.16466   49  187    0.16951    0.15344  9.48%   738  700s
  4297  2833    0.15388   28  123    0.16951    0.15344  9.48%   735  705s
  4331  2867    0.15602   62  272    0.16951    0.15344  9.48%   736  710s
  4378  2899    0.15472   49  160    0.16951    0.15344  9.48%   735  715s
  4428  2939    0.15486   48  110    0.16951    0.15344  9.48%   734  720s
  4482  2980    0.15386   35  147    0.16951    0.15344  9.48%   733  725s
  4521  3014    0.16858   70  165    0.16951    0.15344  9.48%   734  730s
  4564  3034    0.15386   46  141    0.16951    0.15344  9.48%   734  735s
  4606  3070    0.16899   85  122    0.16951    0.15344  9.48%   733  740s
  4640  3088     cutoff   46         0.16951    0.15344  9.48%   736  745s
  4705  3153    0.16765  110   99    0.16951    0.15344  9.48%   731  750s
  4746  3182    0.15355   42  127    0.16951    0.15344  9.48%   732  755s
  4823  3252    0.16224  103  257    0.16951    0.15344  9.48%   728  760s
  4923  3317    0.16166   30  138    0.16951    0.15344  9.48%   721  765s
  4944  3338    0.16166   51  119    0.16951    0.15344  9.48%   721  772s
  4965  3357    0.16191   71  168    0.16951    0.15344  9.48%   721  775s
  5017  3401    0.16166   63   79    0.16951    0.15344  9.48%   720  780s
  5086  3444    0.16108   50  251    0.16951    0.15344  9.48%   717  785s
  5101  3455    0.15386   38  165    0.16951    0.15344  9.48%   719  792s
  5132  3480    0.16287   65  157    0.16951    0.15344  9.48%   719  795s
  5171  3505    0.15355   29  174    0.16951    0.15344  9.48%   721  800s
  5205  3539    0.15355   46  131    0.16951    0.15344  9.48%   724  805s
  5244  3562    0.15498   66  145    0.16951    0.15344  9.48%   726  810s
  5311  3578    0.15344   24  184    0.16951    0.15344  9.48%   726  815s
  5350  3615    0.15355   40  107    0.16951    0.15344  9.48%   729  820s
  5446  3646    0.15344   23  243    0.16951    0.15344  9.48%   723  825s
  5488  3688    0.16037   65  173    0.16951    0.15344  9.48%   723  830s
  5549  3731    0.15997   51  147    0.16951    0.15344  9.48%   721  835s
  5604  3776    0.15386   32  127    0.16951    0.15344  9.48%   720  840s
  5620  3792    0.15386   48  119    0.16951    0.15344  9.48%   721  845s
  5703  3852    0.15355   41  173    0.16951    0.15344  9.48%   715  850s
  5762  3894    0.15355   27  157    0.16951    0.15344  9.48%   713  855s
  5787  3919    0.15355   45  147    0.16951    0.15344  9.48%   716  860s
  5864  3994    0.15512  101  137    0.16951    0.15344  9.48%   713  865s
  5924  4037    0.15355   37  126    0.16951    0.15344  9.48%   711  870s
  5984  4082    0.15355   27  187    0.16951    0.15344  9.48%   709  875s
  5994  4092    0.15355   37  155    0.16951    0.15344  9.48%   710  881s
  6013  4109    0.16426   55  256    0.16951    0.15344  9.48%   711  885s
  6058  4144    0.15355   34  179    0.16951    0.15344  9.48%   710  890s
  6099  4170    0.15355   31  144    0.16951    0.15344  9.48%   711  895s
  6107  4178    0.15355   39  146    0.16951    0.15344  9.48%   712  904s
  6108  4179    0.15355   40  155    0.16951    0.15344  9.48%   712  905s
  6193  4244    0.15355   31  105    0.16951    0.15344  9.48%   707  910s
  6291  4313    0.15386   27  163    0.16951    0.15344  9.48%   701  915s
  6332  4343     cutoff   62         0.16951    0.15344  9.48%   701  920s
  6373  4369    0.16075   54  111    0.16951    0.15344  9.48%   702  925s
  6428  4414    0.15355   29  160    0.16951    0.15344  9.48%   702  930s
  6442  4426    0.15448   37  216    0.16951    0.15344  9.48%   705  936s
  6465  4449    0.16668   44  165    0.16951    0.15344  9.48%   708  940s
  6500  4468    0.16142   41  118    0.16951    0.15345  9.48%   708  945s
  6582  4514    0.15355   25  184    0.16951    0.15345  9.48%   704  950s
  6605  4537    0.15554   48  239    0.16951    0.15345  9.48%   706  955s
  6646  4571    0.15355   48  124    0.16951    0.15345  9.48%   708  960s
  6720  4612    0.15355   27  127    0.16951    0.15346  9.47%   705  965s
  6764  4654    0.16390   70   83    0.16951    0.15346  9.47%   707  970s
  6844  4699    0.15361   37  111    0.16951    0.15346  9.47%   703  975s
  6877  4728    0.15407   54  173    0.16951    0.15346  9.47%   704  980s
  6890  4741    0.15752   60  108    0.16951    0.15346  9.47%   704 1029s
  6891  4742    0.15407   61  132    0.16951    0.15346  9.47%   704 1030s
  6933  4773    0.15506   82  103    0.16951    0.15346  9.47%   705 1035s
  7025  4830    0.15357   35  159    0.16951    0.15346  9.47%   700 1040s
  7052  4857    0.16494   62  166    0.16951    0.15346  9.47%   700 1045s
  7102  4893    0.15357   43  149    0.16951    0.15346  9.47%   699 1050s
  7133  4922    0.16924   73  111    0.16951    0.15346  9.47%   700 1056s
  7186  4961    0.15840   61  114    0.16951    0.15346  9.47%   698 1060s
  7272  5021    0.15347   30  217    0.16951    0.15347  9.47%   694 1065s
  7334  5070    0.15347   28  294    0.16951    0.15347  9.47%   694 1070s
  7397  5120    0.15347   27  287    0.16951    0.15347  9.47%   693 1075s
  7422  5145    0.16635   52  230    0.16951    0.15347  9.47%   695 1080s
  7466  5174    0.15489   34  115    0.16951    0.15347  9.47%   695 1085s
  7510  5212    0.16806   54   91    0.16951    0.15347  9.47%   697 1090s
  7598  5248    0.15428   29  272    0.16951    0.15347  9.47%   694 1095s
  7632  5280    0.15468   55  151    0.16951    0.15347  9.47%   696 1100s
  7716  5358    0.15967  116  189    0.16951    0.15347  9.47%   694 1105s
  7744  5362    0.15353   29  282    0.16951    0.15347  9.47%   693 1112s
  7770  5380    0.15493   40  129    0.16951    0.15347  9.47%   693 1115s
  7833  5430    0.15355   32  139    0.16951    0.15347  9.47%   692 1120s
  7868  5464    0.15853   67  283    0.16951    0.15347  9.47%   693 1125s
  7927  5502    0.16044   62  104    0.16951    0.15347  9.47%   692 1130s
  7959  5521    0.15373   38  149    0.16951    0.15347  9.47%   692 1135s
  8017  5561    0.15937   43   93    0.16951    0.15347  9.47%   692 1140s
  8126  5644    0.15502   46  143    0.16951    0.15347  9.47%   687 1145s
  8198  5698 infeasible   64         0.16951    0.15347  9.47%   686 1150s
  8250  5746    0.15615   81  119    0.16951    0.15347  9.47%   685 1155s
  8301  5778    0.15373   42  118    0.16951    0.15347  9.47%   685 1160s
  8356  5816    0.15347   27  301    0.16951    0.15347  9.47%   687 1165s
  8379  5839    0.15355   46  206    0.16951    0.15347  9.47%   690 1170s
  8409  5869    0.15486   66  244    0.16951    0.15347  9.47%   692 1175s
  8475  5905    0.15467   39  157    0.16951    0.15347  9.47%   692 1180s
  8494  5922    0.15633   57  163    0.16951    0.15347  9.47%   695 1185s
  8544  5954    0.16386   33  147    0.16951    0.15347  9.47%   695 1190s
  8559  5969    0.16386   48  137    0.16951    0.15347  9.47%   696 1195s
  8641  6031    0.16929   86   93    0.16951    0.15347  9.47%   694 1200s
  8694  6063    0.15417   39  196    0.16951    0.15347  9.47%   692 1205s
  8727  6096    0.16568   72  211    0.16951    0.15347  9.47%   692 1210s
  8769  6119    0.15355   46  163    0.16951    0.15347  9.47%   694 1215s
  8829  6149    0.15486   39  182    0.16951    0.15347  9.47%   694 1220s
  8909  6214    0.15355   38  140    0.16951    0.15347  9.47%   692 1225s
  8925  6229    0.16584   54  259    0.16951    0.15347  9.47%   693 1230s
  8955  6248    0.15347   32  322    0.16951    0.15347  9.47%   695 1235s
  8975  6266    0.15355   51  166    0.16951    0.15347  9.47%   697 1240s
  9003  6282    0.15349   35  309    0.16951    0.15347  9.47%   699 1245s
  9047  6324    0.15450   65  133    0.16951    0.15347  9.47%   701 1250s
  9054  6331    0.15450   72  105    0.16951    0.15347  9.47%   701 1261s
  9147  6385    0.15347   30  277    0.16951    0.15347  9.47%   698 1265s
  9165  6403    0.15450   48  128    0.16951    0.15347  9.47%   699 1270s
  9210  6439    0.15441   43  252    0.16951    0.15347  9.47%   700 1275s
  9251  6468    0.15730   44   90    0.16951    0.15347  9.47%   699 1280s
  9322  6532    0.15441   44  211    0.16951    0.15347  9.47%   699 1285s
  9381  6574    0.15355   35  201    0.16951    0.15347  9.47%   697 1291s
  9400  6592    0.15373   54  122    0.16951    0.15347  9.47%   699 1295s
  9451  6632    0.15730   61  105    0.16951    0.15347  9.47%   699 1300s
  9528  6684    0.15355   44  142    0.16951    0.15347  9.47%   698 1305s
  9574  6729    0.15358   67  222    0.16951    0.15347  9.47%   700 1310s
  9629  6765    0.15469   51  311    0.16951    0.15347  9.47%   700 1315s
  9678  6802    0.15512   45  301    0.16951    0.15347  9.47%   700 1320s
  9714  6824    0.15355   53  128    0.16951    0.15347  9.47%   701 1325s
  9777  6873    0.15349   40  271    0.16951    0.15347  9.47%   700 1330s
  9820  6915    0.15670   63  261    0.16951    0.15347  9.47%   701 1335s
  9934  6999    0.15371   38  291    0.16951    0.15347  9.47%   698 1340s
  9987  7034    0.15348   38  288    0.16951    0.15347  9.47%   697 1345s
 10040  7069    0.15407   41  187    0.16951    0.15347  9.47%   696 1350s
 10074  7098    0.15661   71  151    0.16951    0.15347  9.47%   697 1357s
 10111  7124    0.15347   31  306    0.16951    0.15347  9.47%   697 1360s
 10131  7138    0.15908   35  166    0.16951    0.15347  9.47%   698 1365s
 10151  7157    0.15439   45  172    0.16951    0.15347  9.47%   700 1370s
 10173  7177    0.15480   53  245    0.16951    0.15347  9.47%   702 1375s
 10203  7198    0.16284   72  251    0.16951    0.15347  9.47%   703 1471s
 10205  7199    0.15368   39  215    0.16951    0.15347  9.47%   702 1475s
 10207  7201    0.15357   47  322    0.16951    0.15347  9.47%   702 1480s
 10208  7201    0.15506   83  376    0.16951    0.15347  9.47%   702 1490s
 10209  7202    0.16638   95  376    0.16951    0.15347  9.47%   702 1496s
 10210  7203    0.15408   36  358    0.16951    0.15347  9.47%   702 1505s
 10211  7203    0.15357   32  413    0.16951    0.15347  9.47%   702 1512s
 10212  7204    0.15355   36  452    0.16951    0.15347  9.47%   702 1521s
 10213  7205    0.15407   50  400    0.16951    0.15347  9.47%   702 1527s
 10214  7205    0.16044   84  425    0.16951    0.15347  9.47%   702 1535s
 10215  7206    0.15386   48  410    0.16951    0.15347  9.47%   702 1542s
 10216  7207    0.16216   52  339    0.16951    0.15347  9.47%   702 1552s
 10217  7207    0.15500   57  387    0.16951    0.15347  9.47%   702 1558s
 10218  7208    0.16157   47  353    0.16951    0.15347  9.47%   702 1567s
 10219  7209    0.15515  102  435    0.16951    0.15347  9.47%   701 1574s
 10220  7209    0.16668   46  460    0.16951    0.15347  9.47%   701 1584s
 10221  7210    0.15355   44  392    0.16951    0.15347  9.47%   701 1590s
 10222  7211    0.16044   89  339    0.16951    0.15347  9.47%   701 1601s
 10223  7211    0.15420   90  392    0.16951    0.15347  9.47%   701 1607s
 10224  7212    0.15355   33  458    0.16951    0.15347  9.47%   701 1616s
 10225  7213    0.16215   78  370    0.16951    0.15347  9.47%   701 1622s
 10226  7213    0.15417   47  270    0.16951    0.15347  9.47%   701 1629s
 10227  7214    0.15386   42  328    0.16951    0.15347  9.47%   701 1636s
 10228  7215    0.15462   57  418    0.16951    0.15347  9.47%   701 1646s
 10229  7215    0.15355   26  411    0.16951    0.15347  9.47%   701 1651s
 10230  7216    0.15497   52  273    0.16951    0.15347  9.47%   701 1659s
 10231  7217    0.15389   27  336    0.16951    0.15347  9.47%   701 1665s
 10232  7217    0.15450   66  424    0.16951    0.15347  9.47%   701 1675s
 10233  7218    0.16187   84  456    0.16951    0.15347  9.47%   701 1683s
 10234  7219    0.16841   63  315    0.16951    0.15347  9.47%   700 1692s
 10235  7219    0.15386   46  436    0.16951    0.15347  9.47%   700 1698s
 10236  7220    0.16473  134  360    0.16951    0.15347  9.47%   700 1706s
 10237  7221    0.15462   47  429    0.16951    0.15347  9.47%   700 1712s
 10238  7221    0.16788   74  406    0.16951    0.15347  9.47%   700 1719s
 10239  7222    0.15355   33  521    0.16951    0.15347  9.47%   700 1726s
 10240  7223    0.15468   35  401    0.16951    0.15347  9.47%   700 1736s
 10241  7223    0.15744   51  444    0.16951    0.15347  9.47%   700 1740s
 10242  7224    0.15355   49  464    0.16951    0.15347  9.47%   700 1750s
 10243  7225    0.16523   52  449    0.16951    0.15347  9.47%   700 1757s
 10244  7225    0.16386   71  414    0.16951    0.15347  9.47%   700 1763s
 10245  7226    0.15430   60  428    0.16951    0.15347  9.47%   700 1771s
 10246  7227    0.15498   92  433    0.16951    0.15347  9.47%   700 1779s
