
Gurobi 13.0.2 (win64) logging started Sat Aug  8 13:41:39 2026

Set parameter LogFile to value "E:\codes\ExactEBRP\results\gf_c6_documentation_hga_round34\stage0_runs\fingerprint__round33_v10_tight_T_M3_Q30_seed1796239044\native.log"
Set parameter Threads to value 1
Set parameter Presolve to value -1
Set parameter Seed to value 0
Set parameter MIPGap to value 0
Set parameter MIPGapAbs to value 0
Set parameter TimeLimit to value 0.001
Read LP format model from file E:\codes\ExactEBRP\results\gf_c6_documentation_hga_round34\stage0_runs\fingerprint__round33_v10_tight_T_M3_Q30_seed1796239044\canonical.lp
Reading time = 0.00 seconds
obj: 1538 rows, 706 columns, 6520 nonzeros
Set parameter TimeLimit to value 4.9684827
Gurobi Optimizer version 13.0.2 build v13.0.2rc1 (win64 - Windows 10.0 (19045.2))

CPU model: 12th Gen Intel(R) Core(TM) i7-12700KF, instruction set [SSE2|AVX|AVX2]
Thread count: 12 physical cores, 20 logical processors, using up to 1 threads

Non-default parameters:
TimeLimit  4.9684827
MIPGap  0
MIPGapAbs  0
LogToConsole  0
Threads  1

Optimize a model with 1538 rows, 706 columns and 6520 nonzeros (Min)
Model fingerprint: 0xd69b571f
Model has 11 linear objective coefficients
Variable types: 161 continuous, 545 integer (445 binary)
Coefficient statistics:
  Matrix range     [3e-02, 6e+02]
  Objective range  [2e-02, 1e+00]
  Bounds range     [1e+00, 5e+01]
  RHS range        [1e+00, 2e+03]

Presolve removed 70 rows and 10 columns
Presolve time: 0.02s
Presolved: 1468 rows, 696 columns, 8513 nonzeros
Variable types: 96 continuous, 600 integer (445 binary)
Found heuristic solution: objective 1.0921117
Found heuristic solution: objective 0.9447247

Root relaxation: objective 0.000000e+00, 219 iterations, 0.00 seconds (0.01 work units)

    Nodes    |    Current Node    |     Objective Bounds      |     Work
 Expl Unexpl |  Obj  Depth IntInf | Incumbent    BestBd   Gap | It/Node Time

     0     0    0.00000    0   52    0.94472    0.00000   100%     -    0s
     0     0    0.00000    0   51    0.94472    0.00000   100%     -    0s
     0     0    0.00000    0   90    0.94472    0.00000   100%     -    0s
     0     0    0.00000    0  103    0.94472    0.00000   100%     -    0s
     0     0    0.00000    0   99    0.94472    0.00000   100%     -    0s
     0     0    0.00000    0   44    0.94472    0.00000   100%     -    0s
     0     0    0.00000    0   66    0.94472    0.00000   100%     -    0s
     0     0    0.00000    0  116    0.94472    0.00000   100%     -    0s
     0     0    0.00000    0   26    0.94472    0.00000   100%     -    0s
H    0     0                       0.6449049    0.00000   100%     -    0s
     0     0    0.00000    0   83    0.64490    0.00000   100%     -    0s
     0     0    0.00000    0   87    0.64490    0.00000   100%     -    0s
     0     0    0.00000    0   25    0.64490    0.00000   100%     -    0s
H    0     0                       0.6244752    0.00000   100%     -    0s
H    0     0                       0.6221510    0.00000   100%     -    0s
     0     0    0.00000    0   88    0.62215    0.00000   100%     -    0s
     0     0    0.00000    0   74    0.62215    0.00000   100%     -    0s
     0     0    0.00000    0   22    0.62215    0.00000   100%     -    0s
     0     0    0.00000    0   73    0.62215    0.00000   100%     -    0s
     0     0    0.00000    0  100    0.62215    0.00000   100%     -    0s
     0     0    0.00000    0   24    0.62215    0.00000   100%     -    0s
     0     0    0.00000    0   24    0.62215    0.00000   100%     -    0s
     0     0    0.00000    0   17    0.62215    0.00000   100%     -    0s
H    0     0                       0.5505378    0.00000   100%     -    0s
H    0     0                       0.5435271    0.00000   100%     -    0s
H    0     0                       0.5429334    0.00000   100%     -    0s
     0     2    0.00000    0   17    0.54293    0.00000   100%     -    0s
H   12    12                       0.5385349    0.00000   100%   142    0s
H   12    12                       0.5297363    0.00000   100%   142    0s
H   12    12                       0.5276004    0.00000   100%   142    0s
H   12    12                       0.5127690    0.00000   100%   142    0s
H   12    12                       0.4781220    0.00000   100%   142    0s
H   53    43                       0.4583732    0.00000   100%  92.1    0s
H   53    42                       0.4472191    0.00000   100%  92.1    0s
H   53    42                       0.4346070    0.00000   100%  92.1    0s
H  355   238                       0.3545581    0.00000   100%  52.2    1s
H  355   238                       0.3523713    0.00000   100%  52.2    1s
H  355   237                       0.3474223    0.00000   100%  52.2    1s
H  355   237                       0.3467107    0.00000   100%  52.2    1s
H  355   237                       0.3451365    0.00000   100%  52.2    1s
*  400   243              48       0.1825031    0.00000   100%  47.4    1s
H  414   242                       0.1720169    0.00000   100%  47.8    1s
H  415   238                       0.1678865    0.00000   100%  48.2    1s
H  506   123                       0.0234414    0.00000   100%  47.9    1s
H  807   176                       0.0234414    0.00000   100%  59.4    3s

Cutting planes:
  Learned: 2
  Gomory: 4
  Cover: 6
  Implied bound: 20
  Projected implied bound: 1
  Clique: 5
  MIR: 41
  StrongCG: 7
  Flow cover: 32
  Zero half: 8
  RLT: 2
  Relax-and-lift: 20

Explored 1066 nodes (81078 simplex iterations) in 4.97 seconds (6.62 work units)
Thread count was 1 (of 20 available processors)

Solution count 10: 0.0234414 0.0234414 0.167886 ... 0.354558

Time limit reached
Best objective 2.344136337854e-02, best bound 0.000000000000e+00, gap 100.0000%

User-callback calls 4528, time in user-callback 0.00 sec
