
Gurobi 13.0.2 (win64) logging started Mon Aug 24 17:38:41 2026

Set parameter LogFile to value "E:\codes\ExactEBRP\results\gf_k1_amf_formulation_rescue_round48\runs\stage3_300s__round39_small_hard_V10_M3_Q20_slot04_seed1145042375__K1-AMF\native.log"
Set parameter Threads to value 1
Set parameter Presolve to value -1
Set parameter Seed to value 0
Set parameter MIPGap to value 0
Set parameter MIPGapAbs to value 0
Warning: unknown variable 'r_max' in bounds section (line 6657)
Warning: unknown variable 'r_min' in bounds section (line 6658)
Read LP format model from file E:\codes\ExactEBRP\results\gf_k1_amf_formulation_rescue_round48\runs\stage3_300s__round39_small_hard_V10_M3_Q20_slot04_seed1145042375__K1-AMF\external\models\L0.lp
Reading time = 0.01 seconds
obj: 5985 rows, 1039 columns, 42964 nonzeros
Set parameter TimeLimit to value 279.0442506
Warning: unknown variable 'r_max' in bounds section (line 6657)
Warning: unknown variable 'r_min' in bounds section (line 6658)
Read LP format model from file E:\codes\ExactEBRP\results\gf_k1_amf_formulation_rescue_round48\runs\stage3_300s__round39_small_hard_V10_M3_Q20_slot04_seed1145042375__K1-AMF\external\models\L0.0.lp
Reading time = 0.01 seconds
obj: 5985 rows, 1039 columns, 42964 nonzeros
Set parameter TimeLimit to value 278.9093094
Warning: unknown variable 'r_max' in bounds section (line 6657)
Warning: unknown variable 'r_min' in bounds section (line 6658)
Read LP format model from file E:\codes\ExactEBRP\results\gf_k1_amf_formulation_rescue_round48\runs\stage3_300s__round39_small_hard_V10_M3_Q20_slot04_seed1145042375__K1-AMF\external\models\L0.1.lp
Reading time = 0.01 seconds
obj: 5985 rows, 1039 columns, 43084 nonzeros
Set parameter TimeLimit to value 278.7721315
