
Gurobi 13.0.2 (win64) logging started Sat Jul 25 05:59:01 2026

Set parameter LogFile to value "E:\codes\ExactEBRP\results\gf_nonblocking_gurobi_c6_round31\runs\stage6__tight_T_seed3101__c5_candidate__1200s\external\native_logs\L1_terminal_mip.gurobi.log"
Gurobi Optimizer version 13.0.2 build v13.0.2rc1 (win64 - Windows 10.0 (19045.2))

CPU model: 12th Gen Intel(R) Core(TM) i7-12700KF, instruction set [SSE2|AVX|AVX2]
Thread count: 12 physical cores, 20 logical processors, using up to 1 threads

Non-default parameters:
TimeLimit  1173.0254565
MIPGap  0
MIPGapAbs  0
LogToConsole  0
Threads  1

Optimize a model with 11939 rows, 3384 columns and 67420 nonzeros (Min)
Model fingerprint: 0x1f1358a7
Model has 21 linear objective coefficients
Variable types: 1689 continuous, 1695 integer (1495 binary)
Coefficient statistics:
  Matrix range     [7e-03, 2e+04]
  Objective range  [7e-03, 1e+00]
  Bounds range     [3e-02, 3e+02]
  RHS range        [3e-02, 5e+04]

Presolve removed 1665 rows and 132 columns
Presolve time: 0.26s
Presolved: 10274 rows, 3252 columns, 70680 nonzeros
Variable types: 1615 continuous, 1637 integer (1449 binary)

Root relaxation: objective 2.835132e-02, 3507 iterations, 0.21 seconds (0.58 work units)

    Nodes    |    Current Node    |     Objective Bounds      |     Work
 Expl Unexpl |  Obj  Depth IntInf | Incumbent    BestBd   Gap | It/Node Time

     0     0    0.02835    0  207          -    0.02835      -     -    0s
     0     0    0.03153    0  205          -    0.03153      -     -    0s
     0     0    0.03954    0  287          -    0.03954      -     -    1s
     0     0    0.04109    0  271          -    0.04109      -     -    1s
     0     0    0.04493    0  299          -    0.04493      -     -    2s
     0     0    0.04750    0  231          -    0.04750      -     -    3s
     0     0    0.04891    0  259          -    0.04891      -     -    3s
     0     0    0.04911    0  264          -    0.04911      -     -    4s
     0     0    0.04970    0  278          -    0.04970      -     -    5s
     0     0    0.04981    0  273          -    0.04981      -     -    5s
     0     0    0.05117    0  320          -    0.05117      -     -    5s
     0     0    0.05117    0  307          -    0.05117      -     -    6s
     0     0    0.05157    0  261          -    0.05157      -     -    6s
     0     0    0.05178    0  312          -    0.05178      -     -    6s
     0     0    0.05182    0  234          -    0.05182      -     -    7s
     0     0    0.05187    0  259          -    0.05187      -     -    8s
     0     0    0.05190    0  239          -    0.05190      -     -    8s
     0     0    0.05192    0  266          -    0.05192      -     -    8s
     0     0    0.05192    0  246          -    0.05192      -     -    9s
     0     0    0.05193    0  245          -    0.05193      -     -    9s
     0     0    0.05193    0  245          -    0.05193      -     -   10s
     0     0    0.05193    0  240          -    0.05193      -     -   10s
     0     0    0.05193    0  238          -    0.05193      -     -   10s
     0     2    0.05193    0  236          -    0.05193      -     -   11s
    14    16    0.05301   11  202          -    0.05193      -  1005   17s
    49    49    0.05540   44  246          -    0.05193      -   616   20s
    84    84    0.05603   77  243          -    0.05193      -   462   25s
   159   151    0.06544    8  214          -    0.05194      -   435   30s
   225   217    0.05873   73  213          -    0.05194      -   392   41s
   384   366    0.05404  113  219          -    0.05194      -   309   45s
   529   494    0.05457   25  211          -    0.05204      -   303   53s
   536   499    0.06244  120  190          -    0.05204      -   300   56s
   539   501    0.06617  183  264          -    0.05204      -   298   60s
   543   504    0.06449   53  272          -    0.05204      -   296   65s
   547   507    0.06255  128  260          -    0.05236      -   294   70s
   551   509    0.06322   49  302          -    0.05260      -   292   75s
   555   512    0.06100   32  314          -    0.05269      -   290   81s
   558   514    0.05283    4  308          -    0.05283      -   288   85s
   561   516    0.06228   21  311          -    0.05285      -   287   90s
   565   519    0.06473   68  314          -    0.05299      -   285   95s
   571   523    0.06484   64  353          -    0.05323      -   282  100s
   576   526    0.06330  161  348          -    0.05327      -   279  105s
   588   535    0.06246   28  212          -    0.05328      -   433  111s
   591   537    0.06669  187  254          -    0.05328      -   431  116s
   594   539    0.06167   29  277          -    0.05328      -   429  120s
   598   542    0.06025   24  324          -    0.05347      -   426  126s
   601   544    0.06865  133  383          -    0.05352      -   424  132s
   603   545    0.06255  128  342          -    0.05356      -   422  135s
   606   547    0.06167   20  344          -    0.05365      -   420  140s
   609   549    0.06956  211  341          -    0.05369      -   418  145s
   613   552    0.06358   54  376          -    0.05371      -   416  151s
   623   559    0.06238  123  297          -    0.05383      -   409  155s
   636   567    0.06244  120  315          -    0.05391      -   400  161s
   639   571    0.05497   26  263          -    0.05413      -   521  165s
   640   572    0.05426   27  253          -    0.05413      -   522  178s
   643   574    0.05796   28  207          -    0.05442      -   529  180s
   649   578    0.05720   31  229          -    0.05497      -   542  185s
   654   581    0.05670   34  208          -    0.05497      -   542  190s
   665   588    0.06396   39  224          -    0.05497      -   546  195s
   704   602    0.06326   59  196          -    0.05497      -   545  200s
   726   601    0.07740   70  162          -    0.05497      -   550  205s
   745   602    0.06183   32  190          -    0.05506      -   559  214s
   748   604    0.06713   33  210          -    0.05506      -   559  215s
   787   606    0.05555   30  230          -    0.05506      -   550  220s
   810   613    0.05951   32  164          -    0.05558      -   566  225s
   849   615    0.05623   31  226          -    0.05575      -   567  230s
   877   622    0.06311   35  178          -    0.05575      -   576  235s
   913   622    0.09273   37  195          -    0.05608      -   577  240s
   949   616    0.06271   36  190          -    0.05608      -   582  245s
   968   613    0.05610   31  228          -    0.05610      -   586  250s
   989   618    0.06301   37  212          -    0.05624      -   594  255s
  1018   625    0.06418   36  159          -    0.05634      -   594  260s
  1053   629    0.09473   37  176          -    0.05634      -   600  265s
  1066   628    0.07722   36  205          -    0.05648      -   601  270s
  1105   640    0.06851   40  171          -    0.05649      -   599  275s
  1137   648    0.07085   36  139          -    0.05658      -   602  280s
  1180   655 infeasible   37               -    0.05666      -   596  285s
  1209   646    0.07255   33  199          -    0.05682      -   606  290s
  1234   647    0.08367   38  148          -    0.05701      -   607  295s
  1275   646    0.06279   36  194          -    0.05739      -   606  300s
  1318   653    0.07186   39  145          -    0.05766      -   602  305s
  1357   645    0.07734   34  196          -    0.05783      -   604  315s
  1399   644    0.07651   32  188          -    0.05796      -   598  320s
  1435   655    0.07279   42  148          -    0.05798      -   599  325s
  1460   653    0.06901   41  184          -    0.05806      -   597  330s
  1515   655    0.09253   39  210          -    0.05811      -   589  335s
  1571   659    0.09479   45  211          -    0.05826      -   586  340s
  1633   656    0.07336   43  146          -    0.05843      -   580  345s
  1694   654 infeasible   36               -    0.05873      -   578  350s
  1743   648    0.07421   35  193          -    0.05898      -   578  355s
  1792   645    0.08351   41  189          -    0.05910      -   578  360s
  1829   644    0.07778   42  191          -    0.05937      -   577  365s
  1890   635    0.08272   38  178          -    0.05982      -   576  370s
  1905   635    0.08771   42  244          -    0.06003      -   576  379s
  1908   635    0.06909   43  157          -    0.06003      -   575  380s
  1963   630 infeasible   37               -    0.06018      -   575  385s
  2022   622    0.06416   38  210          -    0.06040      -   571  390s
  2075   612 infeasible   38               -    0.06056      -   575  395s
  2081   612    0.07239   38  191          -    0.06058      -   576  400s
  2125   602    0.08325   37  182          -    0.06065      -   579  405s
  2186   601    0.07322   48  200          -    0.06070      -   574  410s
  2231   584    0.06914   38  171          -    0.06082      -   576  415s
  2290   570    0.08042   36  135          -    0.06127      -   574  420s
  2359   558    0.08055   38  169          -    0.06142      -   568  425s
  2435   572    0.07032   34  241          -    0.06149      -   562  430s
  2471   568    0.09255   34  184          -    0.06168      -   563  435s
  2536   585 infeasible   41               -    0.06177      -   561  440s
  2590   584    0.07172   36  192          -    0.06225      -   562  445s
  2639   590 infeasible   41               -    0.06243      -   562  450s
  2697   596    0.09073   36  197          -    0.06257      -   562  455s
  2742   597    0.08770   38  178          -    0.06271      -   560  460s
  2794   596 infeasible   35               -    0.06307      -   561  465s
  2862   606 infeasible   37               -    0.06328      -   559  470s
  2865   606    0.08714   37  178          -    0.06328      -   560  476s
  2911   610    0.06336   34  210          -    0.06336      -   559  480s
  2976   624    0.08748   50  184          -    0.06365      -   559  485s
  3035   638 infeasible   65               -    0.06388      -   557  490s
  3052   637    0.08157   42  208          -    0.06394      -   556  509s
  3053   638    0.08266   43  205          -    0.06394      -   556  510s
  3112   638 infeasible   36               -    0.06411      -   557  515s
  3186   646    0.07675   37  215          -    0.06416      -   554  520s
  3262   670    0.07140   43  210          -    0.06422      -   551  525s
  3322   670    0.09009   43  272          -    0.06451      -   552  530s
  3375   672    0.08213   38  242          -    0.06478      -   552  536s
  3425   680    0.07876   62  234          -    0.06487      -   553  540s
  3492   682 infeasible   39               -    0.06530      -   551  545s
  3544   680 infeasible   53               -    0.06558      -   552  550s
  3604   699 infeasible   54               -    0.06577      -   550  555s
  3607   697    0.08832   54  172          -    0.06577      -   550  561s
  3654   691 infeasible   40               -    0.06586      -   549  565s
  3713   698    0.06818   37  237          -    0.06607      -   548  570s
  3772   713    0.07658   42  231          -    0.06627      -   547  575s
  3845   729    0.08415   40  187          -    0.06656      -   544  580s
  3898   723 infeasible   44               -    0.06700      -   543  585s
  3939   715    0.09810   35  273          -    0.06718      -   547  590s
  4004   718 infeasible   44               -    0.06761      -   545  595s
  4067   710    0.09630   34  252          -    0.06801      -   544  600s
  4109   710    0.07164   36  202          -    0.06832      -   543  605s
  4159   719    0.09179   39  206          -    0.06834      -   543  610s
  4215   715    0.07951   41  272          -    0.06854      -   543  615s
  4289   725    0.07348   38  184          -    0.06871      -   540  620s
  4364   715    0.07987   42  171          -    0.06915      -   538  625s
  4418   708    0.09522   41  181          -    0.06966      -   539  630s
  4454   709    0.08666   46  201          -    0.06980      -   537  639s
  4455   708 infeasible   47               -    0.06980      -   537  640s
  4549   725    0.08961   44  174          -    0.07018      -   531  645s
  4632   723    0.07677   35  168          -    0.07060      -   530  650s
  4710   724    0.07534   39  207          -    0.07100      -   528  655s
  4792   732    0.08162   41  196          -    0.07109      -   526  660s
  4870   727    0.08696   37  206          -    0.07147      -   525  665s
  4975   744    0.07675   42  176          -    0.07173      -   520  670s
  5070   740 infeasible   39               -    0.07207      -   518  675s
  5143   745    0.08449   41  204          -    0.07236      -   516  680s
  5197   738    0.07774   42  256          -    0.07257      -   515  695s
  5303   712    0.08121   36  250          -    0.07313      -   512  700s
  5384   688    0.09551   37  198          -    0.07357      -   513  705s
  5456   676    0.08030   37  192          -    0.07378      -   511  710s
  5510   658    0.07714   39  205          -    0.07404      -   511  717s
  5549   649 infeasible   39               -    0.07412      -   510  720s
  5649   638    0.08207   40  160          -    0.07440      -   508  725s
  5750   633    0.07780   56  164          -    0.07470      -   505  730s
  5831   620 infeasible   49               -    0.07502      -   504  735s
  5909   584    0.08308   44  211          -    0.07565      -   504  740s
  5975   551    0.07753   41  194          -    0.07639      -   502  747s
  6019   543    0.08344   39  152          -    0.07656      -   501  750s
  6110   546    0.10352   43  247          -    0.07682      -   499  755s
  6196   518    0.09483   38  187          -    0.07717      -   497  760s
  6268   496    0.08917   39  206          -    0.07770      -   497  765s
  6348   467 infeasible   40               -    0.07808      -   496  770s
  6389   446    0.08636   40  191          -    0.07891      -   495  776s
  6462   422    0.09497   33  181          -    0.07950      -   493  780s
  6534   396    0.08468   35  183          -    0.08007      -   493  785s
  6651   349    0.08785   38  170          -    0.08136      -   489  790s
  6724   337 infeasible   41               -    0.08160      -   488  795s
  6732   332    0.08698   45  186          -    0.08165      -   488  801s
  6797   310 infeasible   39               -    0.08224      -   487  805s
  6803   308    0.09447   33  273          -    0.08236      -   487  816s
  6865   287    0.09704   39  221          -    0.08300      -   486  820s
  6980   223    0.09225   39  156          -    0.08450      -   483  825s
  7084   175 infeasible   38               -    0.08649      -   481  830s
  7241    65 infeasible   43               -    0.09614      -   475  835s

Cutting planes:
  Learned: 13
  Gomory: 5
  Cover: 36
  Implied bound: 75
  Projected implied bound: 11
  Clique: 13
  MIR: 110
  StrongCG: 6
  Flow cover: 257
  GUB cover: 2
  Zero half: 27
  Network: 32
  RLT: 7
  Relax-and-lift: 25

Explored 7314 nodes (3510926 simplex iterations) in 837.24 seconds (1673.15 work units)
Thread count was 1 (of 20 available processors)

Solution count 0

Model is infeasible
Best objective -, best bound -, gap -

User-callback calls 185677, time in user-callback 0.03 sec
