
Gurobi 13.0.2 (win64) logging started Sat Jul 25 06:13:00 2026

Set parameter LogFile to value "E:\codes\ExactEBRP\results\gf_nonblocking_gurobi_c6_round31\runs\stage6__tight_T_seed3101__c5_candidate__1200s\external\native_logs\L2_terminal_mip.gurobi.log"
Gurobi Optimizer version 13.0.2 build v13.0.2rc1 (win64 - Windows 10.0 (19045.2))

CPU model: 12th Gen Intel(R) Core(TM) i7-12700KF, instruction set [SSE2|AVX|AVX2]
Thread count: 12 physical cores, 20 logical processors, using up to 1 threads

Non-default parameters:
TimeLimit  334.5382442
MIPGap  0
MIPGapAbs  0
LogToConsole  0
Threads  1

Optimize a model with 11940 rows, 3384 columns and 67426 nonzeros (Min)
Model fingerprint: 0x1a366a70
Model has 21 linear objective coefficients
Variable types: 1689 continuous, 1695 integer (1495 binary)
Coefficient statistics:
  Matrix range     [7e-03, 2e+04]
  Objective range  [7e-03, 1e+00]
  Bounds range     [5e-02, 2e+02]
  RHS range        [5e-02, 5e+04]

Presolve removed 1818 rows and 154 columns
Presolve time: 0.31s
Presolved: 10122 rows, 3230 columns, 76574 nonzeros
Variable types: 1610 continuous, 1620 integer (1443 binary)

Root relaxation: objective 5.867109e-02, 3019 iterations, 0.17 seconds (0.48 work units)

    Nodes    |    Current Node    |     Objective Bounds      |     Work
 Expl Unexpl |  Obj  Depth IntInf | Incumbent    BestBd   Gap | It/Node Time

     0     0    0.05867    0  176          -    0.05867      -     -    0s
     0     0    0.06299    0  258          -    0.06299      -     -    1s
     0     0    0.06313    0  235          -    0.06313      -     -    2s
     0     0    0.06357    0  248          -    0.06357      -     -    2s
     0     0    0.06369    0  206          -    0.06369      -     -    2s
     0     0    0.06408    0  252          -    0.06408      -     -    3s
     0     0    0.06415    0  211          -    0.06415      -     -    3s
     0     0    0.06430    0  267          -    0.06430      -     -    4s
     0     0    0.06431    0  250          -    0.06431      -     -    4s
     0     0    0.06465    0  221          -    0.06465      -     -    5s
     0     0    0.06477    0  219          -    0.06477      -     -    5s
     0     0    0.06491    0  272          -    0.06491      -     -    6s
     0     0    0.06500    0  252          -    0.06500      -     -    6s
     0     0    0.06502    0  253          -    0.06502      -     -    6s
     0     0    0.06503    0  198          -    0.06503      -     -    7s
     0     0    0.06503    0  220          -    0.06503      -     -    7s
     0     0    0.06504    0  271          -    0.06504      -     -    7s
     0     0    0.06505    0  270          -    0.06505      -     -    8s
     0     0    0.06505    0  299          -    0.06505      -     -    8s
     0     0    0.06505    0  286          -    0.06505      -     -    8s
     0     0    0.06505    0  285          -    0.06505      -     -    9s
     0     0    0.06505    0  275          -    0.06505      -     -    9s
     0     2    0.06505    0  273          -    0.06505      -     -   10s
    44    46    0.07356   32  122          -    0.06505      -   564   15s
   124   112    0.06528    2  221          -    0.06511      -   297   22s
   220   178    0.06572    4  176          -    0.06514      -   282   25s
   306   250    0.07868    9  165          -    0.06517      -   283   34s
   323   267    0.09033   23  148          -    0.06517      -   293   35s
   539   445 infeasible   76               -    0.06528      -   228   40s
   580   474    0.09531   15  244          -    0.06528      -   238   46s
   583   476    0.07938   43  269          -    0.06528      -   237   50s
   588   479    0.08234   34  233          -    0.06528      -   235   55s
   593   483    0.10361   48  264          -    0.06528      -   233   60s
   598   486    0.07281    8  252          -    0.06528      -   231   65s
   602   489    0.07899   46  227          -    0.06528      -   229   70s
   608   493    0.07000   15  327          -    0.06528      -   227   75s
   614   497    0.07292   30  335          -    0.06531      -   225   80s
   623   503    0.07919   61  328          -    0.06531      -   222   85s
   626   507    0.06537   16  262          -    0.06531      -   341   90s
   632   511    0.07634   19  250          -    0.06531      -   363   95s
   639   515    0.07000   23  228          -    0.06531      -   377  100s
   643   518    0.07108   25  235          -    0.06531      -   381  105s
   648   519    0.07226   27  222          -    0.06531      -   389  115s
   681   539    0.07398   44  158          -    0.06531      -   405  120s
   722   544    0.06538   17  256          -    0.06531      -   400  129s
   724   545    0.06545   18  217          -    0.06531      -   402  130s
   749   552    0.06707   20  199          -    0.06540      -   437  135s
   765   560    0.09321   28  172          -    0.06540      -   463  140s
   811   563 infeasible   40               -    0.06540      -   470  145s
   836   572    0.08128   29  230          -    0.06547      -   501  150s
   878   587 infeasible   50               -    0.06547      -   513  155s
   908   590    0.07957   24  240          -    0.06547      -   530  160s
   943   599 infeasible   41               -    0.06547      -   542  165s
   962   602    0.10453   51  177          -    0.06547      -   551  173s
   964   601    0.10456   52  177          -    0.06547      -   551  175s
   978   604    0.09077   24  189          -    0.06563      -   583  180s
  1007   604    0.10272   33  186          -    0.06563      -   590  185s
  1049   596    0.07832   22  193          -    0.06563      -   598  190s
  1075   611    0.08280   35  158          -    0.06563      -   600  195s
  1158   618    0.06951   23  229          -    0.06606      -   583  200s
  1176   630    0.07999   35  174          -    0.06606      -   589  206s
  1226   647    0.06656   21  257          -    0.06606      -   585  210s
  1246   660    0.08369   31  217          -    0.06606      -   603  215s
  1275   665    0.07393   28  177          -    0.06621      -   619  220s
  1281   669    0.08587   32  186          -    0.06621      -   624  225s
  1323   670    0.06805   19  245          -    0.06656      -   633  230s
  1353   672    0.07045   21  245          -    0.06661      -   645  235s
  1403   704 infeasible   56               -    0.06661      -   641  240s
  1419   704    0.08160   22  235          -    0.06705      -   642  247s
  1437   716    0.08372   34  189          -    0.06705      -   643  252s
  1487   737    0.10695   66   92          -    0.06705      -   635  255s
  1515   743    0.09964   32  230          -    0.06722      -   647  260s
  1543   744    0.09909   30  210          -    0.06813      -   662  265s
  1566   749    0.07745   32  184          -    0.06813      -   670  270s
  1624   766    0.09773   26  191          -    0.06815      -   674  275s
  1662   776    0.07378   25  206          -    0.06816      -   686  280s
  1690   795    0.09926   38  181          -    0.06816      -   699  285s
  1726   808    0.07306   32  173          -    0.06816      -   704  296s
  1803   843    0.09840   25  164          -    0.06820      -   691  300s
  1843   856 infeasible   33               -    0.06887      -   697  305s
  1879   846 infeasible   23               -    0.06905      -   701  310s
  1910   861    0.10398   40  148          -    0.06905      -   708  315s
  1954   866    0.10544   35  144          -    0.06914      -   709  320s
  1985   877    0.07520   41  151          -    0.06921      -   715  325s
  2044   902    0.09229   69   89          -    0.06921      -   704  334s

Cutting planes:
  Learned: 11
  Gomory: 11
  Cover: 48
  Implied bound: 75
  Projected implied bound: 13
  Clique: 12
  MIR: 132
  Mixing: 1
  StrongCG: 2
  Flow cover: 145
  GUB cover: 2
  Zero half: 30
  Network: 26
  RLT: 9
  Relax-and-lift: 58
  BQP: 7

Explored 2045 nodes (1486995 simplex iterations) in 334.54 seconds (680.36 work units)
Thread count was 1 (of 20 available processors)

Solution count 0

Time limit reached
Best objective -, best bound 6.921102291515e-02, gap -

User-callback calls 77592, time in user-callback 0.01 sec
