
Gurobi 13.0.2 (win64) logging started Fri Jul 24 18:48:45 2026

Set parameter LogFile to value "E:\codes\ExactEBRP\results\gf_nonblocking_gurobi_c6_round31\development\tight_T_seed5102__c6_candidate__71s\external\native_logs\L3_lp.gurobi.log"
Gurobi Optimizer version 13.0.2 build v13.0.2rc1 (win64 - Windows 10.0 (19045.2))

CPU model: 12th Gen Intel(R) Core(TM) i7-12700KF, instruction set [SSE2|AVX|AVX2]
Thread count: 12 physical cores, 20 logical processors, using up to 1 threads

Non-default parameters:
TimeLimit  45.3597854
MIPGap  0
MIPGapAbs  0
LogToConsole  0
Threads  1

Optimize a model with 11920 rows, 3378 columns and 67400 nonzeros (Min)
Model fingerprint: 0x3955639a
Model has 21 linear objective coefficients
Coefficient statistics:
  Matrix range     [7e-03, 2e+04]
  Objective range  [7e-03, 1e+00]
  Bounds range     [3e-01, 2e+02]
  RHS range        [8e-02, 5e+04]

Presolve removed 1182 rows and 108 columns
Presolve time: 0.04s
Presolved: 10738 rows, 3271 columns, 58518 nonzeros

Iteration    Objective       Primal Inf.    Dual Inf.      Time
       0    2.8374160e-01   4.090727e+02   0.000000e+00      0s
Warning: very big Kappa = 6.40177e+13, try parameter NumericFocus

Solved in 4476 iterations and 0.46 seconds (1.11 work units)
Infeasible model

User-callback calls 4700, time in user-callback 0.00 sec
