
Gurobi 13.0.2 (win64) logging started Fri Jul 24 19:21:57 2026

Set parameter LogFile to value "E:\codes\ExactEBRP\results\gf_nonblocking_gurobi_c6_round31\stage0_runs\sentinel__moderate_seed4301__c6_candidate__120s\external\native_logs\L1_c6_1_next_leaf_target_mip.gurobi.log"
Gurobi Optimizer version 13.0.2 build v13.0.2rc1 (win64 - Windows 10.0 (19045.2))

CPU model: 12th Gen Intel(R) Core(TM) i7-12700KF, instruction set [SSE2|AVX|AVX2]
Thread count: 12 physical cores, 20 logical processors, using up to 1 threads

Non-default parameters:
TimeLimit  83.2348001
MIPGap  0
MIPGapAbs  0
LogToConsole  0
Threads  1

Optimize a model with 11912 rows, 3376 columns and 67359 nonzeros (Min)
Model fingerprint: 0x55021890
Model has 21 linear objective coefficients
Variable types: 1685 continuous, 1691 integer (1491 binary)
Coefficient statistics:
  Matrix range     [5e-03, 2e+04]
  Objective range  [8e-03, 1e+00]
  Bounds range     [5e-03, 5e+01]
  RHS range        [5e-03, 5e+04]

Presolve removed 2545 rows and 284 columns
Presolve time: 0.41s
Presolved: 9367 rows, 3092 columns, 69622 nonzeros
Variable types: 1573 continuous, 1519 integer (1370 binary)

Root relaxation: objective 6.612367e-03, 2773 iterations, 0.13 seconds (0.35 work units)

    Nodes    |    Current Node    |     Objective Bounds      |     Work
 Expl Unexpl |  Obj  Depth IntInf | Incumbent    BestBd   Gap | It/Node Time

     0     0    0.00661    0  144          -    0.00661      -     -    0s
     0     0    0.00661    0  145          -    0.00661      -     -    0s
     0     0    0.00662    0  185          -    0.00662      -     -    1s
     0     0    0.00662    0  179          -    0.00662      -     -    1s
     0     0    0.00663    0  207          -    0.00663      -     -    1s
     0     0    0.00663    0  181          -    0.00663      -     -    2s
     0     0    0.00663    0  216          -    0.00663      -     -    2s
     0     0    0.00663    0  194          -    0.00663      -     -    2s
     0     0    0.00663    0  259          -    0.00663      -     -    3s
     0     0    0.00663    0  226          -    0.00663      -     -    3s
     0     0    0.00663    0  247          -    0.00663      -     -    3s
     0     0    0.00663    0  235          -    0.00663      -     -    3s
     0     0    0.00663    0  213          -    0.00663      -     -    3s
     0     0    0.00663    0  228          -    0.00663      -     -    4s
     0     0    0.00663    0  228          -    0.00663      -     -    4s
     0     0    0.00663    0  141          -    0.00663      -     -    5s
     0     2    0.00663    0  141          -    0.00663      -     -    6s
    37    19    0.00663    7  187          -    0.00663      -   902   10s
    79    35    0.00874   13  225          -    0.00663      -   995   15s
   105    49    0.00663   10  227          -    0.00663      -   994   20s
   128    60    0.01238   23  195          -    0.00663      -  1036   29s
   132    62    0.01275   26  167          -    0.00663      -  1019   30s
   146    66    0.00709   13  175          -    0.00663      -  1005   36s
   228    92    0.00753   20  166          -    0.00663      -   889   40s
   356   158    0.00871   11  192          -    0.00663      -   719   45s
   502   266    0.01196   30  131          -    0.00663      -   621   50s
   635   361    0.00874   13  211          -    0.00663      -   574   55s
   670   378    0.01208   14  214          -    0.00663      -   566   60s
   711   405    0.00663   15  178          -    0.00663      -   557   65s
   715   408    0.01216   15  227          -    0.00663      -   554   70s
   719   411    0.01209   46  218          -    0.00667      -   551   75s
   724   414    0.01017   28  172          -    0.00668      -   547   80s

Cutting planes:
  Learned: 6
  Gomory: 5
  Cover: 45
  Implied bound: 187
  Projected implied bound: 11
  Clique: 9
  MIR: 170
  Mixing: 1
  StrongCG: 20
  Flow cover: 206
  GUB cover: 3
  Zero half: 4
  Network: 9
  RLT: 4
  Relax-and-lift: 39
  BQP: 15

Explored 726 nodes (511977 simplex iterations) in 83.24 seconds (174.95 work units)
Thread count was 1 (of 20 available processors)

Solution count 0

Time limit reached
Best objective -, best bound 6.683638242104e-03, gap -

User-callback calls 17926, time in user-callback 0.00 sec
