
Gurobi 13.0.2 (win64) logging started Sun Aug  9 22:20:20 2026

Set parameter LogFile to value "E:\codes\ExactEBRP\results\gf_simple_start_qualification_round35\runs\matrix1800__round32_multi_m_high_imbalance_V50_M4_seed163456187__c6_simple_start__1800s\native.log"
Set parameter Threads to value 1
Set parameter Presolve to value -1
Set parameter Seed to value 0
Set parameter MIPGap to value 0
Set parameter MIPGapAbs to value 0
Warning: unknown variable 'r_max' in bounds section (line 116787)
Warning: unknown variable 'r_min' in bounds section (line 116788)
Read LP format model from file E:\codes\ExactEBRP\results\gf_simple_start_qualification_round35\runs\matrix1800__round32_multi_m_high_imbalance_V50_M4_seed163456187__c6_simple_start__1800s\external\models\L0.lp
Reading time = 0.23 seconds
obj: 103651 rows, 23583 columns, 719515 nonzeros
Set parameter TimeLimit to value 1783.8221499
Warning: unknown variable 'r_max' in bounds section (line 116787)
Warning: unknown variable 'r_min' in bounds section (line 116788)
Read LP format model from file E:\codes\ExactEBRP\results\gf_simple_start_qualification_round35\runs\matrix1800__round32_multi_m_high_imbalance_V50_M4_seed163456187__c6_simple_start__1800s\external\models\L1.lp
Reading time = 0.23 seconds
obj: 103651 rows, 23583 columns, 720119 nonzeros
Set parameter TimeLimit to value 1776.132787
Warning: unknown variable 'r_max' in bounds section (line 116787)
Warning: unknown variable 'r_min' in bounds section (line 116788)
Read LP format model from file E:\codes\ExactEBRP\results\gf_simple_start_qualification_round35\runs\matrix1800__round32_multi_m_high_imbalance_V50_M4_seed163456187__c6_simple_start__1800s\external\models\L2.lp
Reading time = 0.22 seconds
obj: 103651 rows, 23583 columns, 720119 nonzeros
Set parameter TimeLimit to value 1764.9416308
Warning: unknown variable 'r_max' in bounds section (line 116787)
Warning: unknown variable 'r_min' in bounds section (line 116788)
Read LP format model from file E:\codes\ExactEBRP\results\gf_simple_start_qualification_round35\runs\matrix1800__round32_multi_m_high_imbalance_V50_M4_seed163456187__c6_simple_start__1800s\external\models\L3.lp
Reading time = 0.21 seconds
obj: 103651 rows, 23583 columns, 717669 nonzeros
Set parameter TimeLimit to value 1761.1778181
Warning: unknown variable 'r_max' in bounds section (line 116787)
Warning: unknown variable 'r_min' in bounds section (line 116788)
Read LP format model from file E:\codes\ExactEBRP\results\gf_simple_start_qualification_round35\runs\matrix1800__round32_multi_m_high_imbalance_V50_M4_seed163456187__c6_simple_start__1800s\external\models\L2.0.lp
Reading time = 0.24 seconds
obj: 103651 rows, 23583 columns, 720119 nonzeros
Set parameter TimeLimit to value 1720.5331666
Warning: unknown variable 'r_max' in bounds section (line 116787)
Warning: unknown variable 'r_min' in bounds section (line 116788)
Read LP format model from file E:\codes\ExactEBRP\results\gf_simple_start_qualification_round35\runs\matrix1800__round32_multi_m_high_imbalance_V50_M4_seed163456187__c6_simple_start__1800s\external\models\L2.1.lp
Reading time = 0.22 seconds
obj: 103651 rows, 23583 columns, 720119 nonzeros
Set parameter TimeLimit to value 1716.2995252
