
Gurobi 13.0.2 (win64) logging started Fri Oct  2 22:25:06 2026

Set parameter LogFile to value "E:\codes\ExactEBRP\results\unified_exact_round100\development01\raw\04_F2_P-GRB\native.log"
Set parameter Threads to value 1
Set parameter Presolve to value -1
Set parameter Seed to value 0
Set parameter MIPGap to value 0
Set parameter MIPGapAbs to value 0
Set parameter TimeLimit to value 894
Read LP format model from file E:\codes\ExactEBRP\results\unified_exact_round100\development01\raw\04_F2_P-GRB\compact.lp
Reading time = 0.01 seconds
obj: 3689 rows, 1591 columns, 16490 nonzeros
Set parameter TimeLimit to value 896.8860277
Gurobi Optimizer version 13.0.2 build v13.0.2rc1 (win64 - Windows 10.0 (19045.2))

CPU model: 12th Gen Intel(R) Core(TM) i7-12700KF, instruction set [SSE2|AVX|AVX2]
Thread count: 12 physical cores, 20 logical processors, using up to 1 threads

Non-default parameters:
TimeLimit  896.8860277
MIPGap  0
MIPGapAbs  0
LogToConsole  0
Threads  1

Optimize a model with 3689 rows, 1591 columns and 16490 nonzeros (Min)
Model fingerprint: 0x2efb9938
Model has 21 linear objective coefficients
Variable types: 411 continuous, 1180 integer (1040 binary)
Coefficient statistics:
  Matrix range     [4e-02, 1e+03]
  Objective range  [4e-02, 1e+00]
  Bounds range     [1e+00, 5e+01]
  RHS range        [1e+00, 4e+03]

Presolve removed 100 rows and 20 columns
Presolve time: 0.04s
Presolved: 3589 rows, 1571 columns, 25738 nonzeros
Variable types: 181 continuous, 1390 integer (1040 binary)
Found heuristic solution: objective 1.2109100

Root relaxation: objective 4.735949e-01, 982 iterations, 0.02 seconds (0.06 work units)

    Nodes    |    Current Node    |     Objective Bounds      |     Work
 Expl Unexpl |  Obj  Depth IntInf | Incumbent    BestBd   Gap | It/Node Time

     0     0    0.47359    0  290    1.21091    0.47359  60.9%     -    0s
     0     0    0.61051    0  451    1.21091    0.61051  49.6%     -    0s
H    0     0                       1.1571431    0.61051  47.2%     -    0s
     0     0    0.61279    0  457    1.15714    0.61279  47.0%     -    0s
     0     0    0.62268    0  444    1.15714    0.62268  46.2%     -    0s
     0     0    0.62278    0  481    1.15714    0.62278  46.2%     -    0s
     0     0    0.62788    0  492    1.15714    0.62788  45.7%     -    0s
     0     0    0.62824    0  488    1.15714    0.62824  45.7%     -    0s
     0     0    0.62873    0  476    1.15714    0.62873  45.7%     -    0s
H    0     0                       1.1502426    0.62873  45.3%     -    0s
     0     0    0.62881    0  484    1.15024    0.62881  45.3%     -    0s
     0     0    0.62927    0  497    1.15024    0.62927  45.3%     -    0s
     0     0    0.62928    0  506    1.15024    0.62928  45.3%     -    0s
     0     0    0.62983    0  489    1.15024    0.62983  45.2%     -    0s
H    0     0                       1.1317904    0.62983  44.4%     -    0s
     0     0    0.62989    0  502    1.13179    0.62989  44.3%     -    0s
     0     0    0.62995    0  493    1.13179    0.62995  44.3%     -    0s
     0     0    0.62995    0  491    1.13179    0.62995  44.3%     -    0s
     0     0    0.62996    0  494    1.13179    0.62996  44.3%     -    0s
H    0     0                       1.0705762    0.62996  41.2%     -    0s
H    0     0                       1.0488270    0.62996  39.9%     -    0s
     0     0    0.62997    0  497    1.04883    0.62997  39.9%     -    0s
     0     0    0.62997    0  494    1.04883    0.62997  39.9%     -    0s
     0     0    0.62997    0  494    1.04883    0.62997  39.9%     -    0s
     0     0    0.62997    0  483    1.04883    0.62997  39.9%     -    1s
H    0     0                       1.0341688    0.63001  39.1%     -    1s
     0     2    0.63001    0  482    1.03417    0.63001  39.1%     -    1s
H    5     5                       1.0338371    0.63001  39.1%   112    1s
H   24    24                       1.0314283    0.63001  38.9%  89.2    1s
H   24    24                       0.9579455    0.63001  34.2%  89.2    1s
H   24    24                       0.9310572    0.63001  32.3%  89.2    1s
H   44    44                       0.8958666    0.63001  29.7%  62.9    1s
H   55    55                       0.8953386    0.63001  29.6%  61.2    1s
H  209   187                       0.8931405    0.63001  29.5%  33.8    2s
H  209   186                       0.8865284    0.63001  28.9%  33.8    2s
H  209   186                       0.8846829    0.63001  28.8%  33.8    2s
H  209   181                       0.8747744    0.63001  28.0%  33.8    2s
H  327   287                       0.8739458    0.63621  27.2%  39.3    2s
H  448   395                       0.8659435    0.63682  26.5%  36.9    3s
   548   490    0.74331   62  471    0.86594    0.63682  26.5%  32.3    5s
   783   581    0.72513   24  443    0.86594    0.64272  25.8%  57.1   10s
  1411   831    0.65922   13  474    0.86594    0.64656  25.3%  64.9   15s
  1975  1098    0.82290   54  229    0.86594    0.65011  24.9%  68.6   20s
  2692  1640    0.78369   31  330    0.86594    0.65802  24.0%  67.7   25s
  3342  2124    0.77469   36  393    0.86594    0.66383  23.3%  69.0   30s
  4149  2695    0.86508   42  309    0.86594    0.66763  22.9%  69.5   35s
H 4206  2744                       0.8659435    0.66768  22.9%  69.9   35s
  4828  3194    0.69428   22  483    0.86594    0.67081  22.5%  71.3   40s
  5573  3723    0.69800   22  465    0.86594    0.67299  22.3%  71.3   45s
  6422  4324    0.75282   31  311    0.86594    0.67544  22.0%  71.5   50s
  7148  4850    0.81507   28  366    0.86594    0.67684  21.8%  71.7   55s
  8000  5460    0.80627   35  347    0.86594    0.67835  21.7%  71.4   60s
  8816  6024    0.72527   28  399    0.86594    0.67983  21.5%  71.9   65s
  9627  6610    0.69612   18  455    0.86594    0.68092  21.4%  71.3   70s
 10203  6998    0.80654   34  483    0.86594    0.68190  21.3%  71.5   82s
 10210  7003    0.79891   49  497    0.86594    0.68190  21.3%  71.4   85s
 10220  7009    0.71899   23  494    0.86594    0.68190  21.3%  71.4   90s
 10229  7015    0.84352   47  504    0.86594    0.68190  21.3%  71.3   95s
 10238  7021    0.77576   36  477    0.86594    0.68190  21.3%  71.2  100s
 10248  7028    0.73555   29  493    0.86594    0.68190  21.3%  71.2  105s
 10352  7076    0.72207   34  428    0.86594    0.68190  21.3%  73.1  110s
 10575  7158    0.74290   28  434    0.86594    0.68190  21.3%  74.1  115s
 10807  7227    0.72749   32  390    0.86594    0.68190  21.3%  75.1  120s
 11013  7296    0.73572   33  405    0.86594    0.68190  21.3%  76.2  125s
 11253  7397    0.83910   53  310    0.86594    0.68317  21.1%  76.6  130s
 11505  7488    0.78587   42  338    0.86594    0.68786  20.6%  77.2  135s
 11805  7607    0.85623   69  237    0.86594    0.68966  20.4%  78.2  142s
 11977  7659    0.84165   45  360    0.86594    0.69171  20.1%  78.7  145s
 12421  7798    0.82370   53  294    0.86594    0.69601  19.6%  79.8  150s
 12772  7934    0.75655   40  320    0.86594    0.69744  19.5%  80.6  155s
 13181  8046    0.83513   40  335    0.86594    0.70015  19.1%  81.7  160s
 13560  8180    0.85719   64  248    0.86594    0.70248  18.9%  82.4  165s
 13938  8295    0.75633   31  363    0.86594    0.70344  18.8%  83.4  170s
 14385  8464    0.79536   36  399    0.86594    0.70555  18.5%  83.4  175s
 14887  8640    0.75917   33  402    0.86594    0.70627  18.4%  84.0  180s
 15336  8790    0.76858   33  389    0.86594    0.70786  18.3%  85.2  185s
 15804  8953    0.81406   32  413    0.86594    0.70995  18.0%  85.9  190s
 16229  9050    0.72008   28  452    0.86594    0.71131  17.9%  86.7  195s
 16657  9218    0.83403   39  317    0.86594    0.71223  17.8%  86.8  200s
 17160  9387    0.84172   49  268    0.86594    0.71332  17.6%  87.5  205s
 17663  9550     cutoff   44         0.86594    0.71478  17.5%  87.8  210s
 18044  9682    0.72588   30  408    0.86594    0.71576  17.3%  88.1  215s
 18542  9827    0.75680   31  419    0.86594    0.71651  17.3%  88.4  220s
 19015  9969    0.74160   30  420    0.86594    0.71765  17.1%  89.1  225s
 19539 10155    0.83642   56  346    0.86594    0.71824  17.1%  89.3  230s
 20050 10308    0.74723   37  297    0.86594    0.71947  16.9%  89.7  235s
 20579 10480    0.86266   37  329    0.86594    0.72003  16.9%  90.1  240s
 21087 10600    0.83642   55  245    0.86594    0.72074  16.8%  90.5  245s
 21603 10756    0.73685   31  441    0.86594    0.72128  16.7%  90.8  250s
 22077 10907    0.77127   36  400    0.86594    0.72230  16.6%  91.2  255s
 22564 11053    0.75126   27  434    0.86594    0.72290  16.5%  91.5  260s
 23071 11225    0.77731   34  423    0.86594    0.72360  16.4%  91.8  265s
 23533 11343    0.83365   36  436    0.86594    0.72409  16.4%  92.1  270s
 24106 11520    0.79118   37  366    0.86594    0.72457  16.3%  92.1  275s
 24639 11669    0.74169   32  407    0.86594    0.72519  16.3%  92.4  280s
 25183 11853    0.80975   35  342    0.86594    0.72575  16.2%  92.5  285s
 25673 12000    0.84820   36  366    0.86594    0.72643  16.1%  93.0  290s
 26203 12150    0.86097   47  297    0.86594    0.72697  16.0%  93.1  295s
 26737 12293    0.75676   33  376    0.86594    0.72760  16.0%  93.2  300s
 27308 12454    0.76236   28  428    0.86594    0.72833  15.9%  93.1  305s
 27812 12576    0.74258   36  365    0.86594    0.72865  15.9%  93.2  310s
 28350 12734    0.80438   48  267    0.86594    0.72939  15.8%  93.3  315s
 28844 12877    0.82320   39  395    0.86594    0.73002  15.7%  93.7  320s
 29416 13011    0.75373   36  333    0.86594    0.73059  15.6%  93.7  325s
 29930 13154    0.81493   64  298    0.86594    0.73097  15.6%  93.9  330s
 30485 13315    0.82941   44  350    0.86594    0.73137  15.5%  94.1  335s
 30998 13446    0.76587   31  393    0.86594    0.73170  15.5%  94.4  340s
 31348 13526    0.83457   38  380    0.86594    0.73214  15.5%  94.5  345s
 31910 13851    0.78471   36  333    0.86594    0.73238  15.4%  94.4  350s
 32372 14124    0.77512   28  487    0.86594    0.73267  15.4%  94.8  355s
 32868 14411    0.77573   34  360    0.86594    0.73301  15.4%  94.9  360s
 33412 14727    0.73705   31  448    0.86594    0.73333  15.3%  95.0  365s
 33906 15036    0.78379   40  341    0.86594    0.73369  15.3%  95.2  370s
 34513 15424    0.86122   57  268    0.86594    0.73414  15.2%  95.2  375s
 35038 15706    0.81980   39  377    0.86594    0.73461  15.2%  95.4  380s
 35593 16029     cutoff   46         0.86594    0.73500  15.1%  95.5  385s
 36138 16339    0.82637   61  324    0.86594    0.73541  15.1%  95.6  390s
 36686 16640    0.74803   37  342    0.86594    0.73577  15.0%  95.7  395s
 37213 16939    0.78371   36  428    0.86594    0.73604  15.0%  95.9  400s
 37662 17189    0.81174   36  337    0.86594    0.73649  14.9%  96.1  405s
 38204 17530    0.82745   45  380    0.86594    0.73672  14.9%  96.2  410s
 38715 17833    0.85171   62  187    0.86594    0.73692  14.9%  96.2  415s
 39274 18145    0.85816   52  367    0.86594    0.73728  14.9%  96.3  420s
 39836 18491    0.76998   31  441    0.86594    0.73760  14.8%  96.4  425s
 40399 18811    0.77605   41  386    0.86594    0.73802  14.8%  96.4  430s
 40927 19143    0.74996   28  464    0.86594    0.73842  14.7%  96.6  435s
 41412 19429    0.77507   30  433    0.86594    0.73867  14.7%  96.7  440s
 41996 19795    0.82835   40  347    0.86594    0.73893  14.7%  96.7  445s
 42519 20087    0.76738   33  411    0.86594    0.73935  14.6%  97.0  450s
 43072 20429    0.83561   63  263    0.86594    0.73965  14.6%  97.1  455s
 43592 20710    0.84753   48  329    0.86594    0.73993  14.6%  97.2  460s
 44157 20996    0.77865   33  467    0.86594    0.74031  14.5%  97.3  465s
 44680 21296    0.77127   31  394    0.86594    0.74063  14.5%  97.5  470s
 45092 21503    0.77978   32  367    0.86594    0.74102  14.4%  97.6  475s
 45644 21838    0.80834   56  203    0.86594    0.74131  14.4%  97.5  480s
 46214 22141    0.80011   34  367    0.86594    0.74152  14.4%  97.5  485s
 46758 22444    0.77460   33  318    0.86594    0.74184  14.3%  97.7  490s
 47297 22772    0.81446   42  310    0.86594    0.74230  14.3%  97.8  495s
 47828 23102    0.80565   40  390    0.86594    0.74251  14.3%  97.9  500s
 48407 23431    0.82834   38  387    0.86594    0.74273  14.2%  97.9  505s
 48969 23729    0.79797   41  352    0.86594    0.74309  14.2%  97.9  510s
 49448 23971    0.77519   36  396    0.86594    0.74343  14.1%  98.1  515s
 50051 24301    0.78279   34  387    0.86594    0.74368  14.1%  98.1  520s
 50540 24593    0.79194   38  378    0.86594    0.74385  14.1%  98.2  525s
 51130 24913    0.75586   38  379    0.86594    0.74414  14.1%  98.1  530s
 51708 25251     cutoff   43         0.86594    0.74430  14.0%  98.2  535s
 52245 25559    0.81390   33  364    0.86594    0.74450  14.0%  98.3  540s
 52826 25908    0.85186   45  286    0.86594    0.74479  14.0%  98.3  545s
 53365 26255    0.85077   42  316    0.86594    0.74508  14.0%  98.1  550s
 53790 26475    0.79296   37  393    0.86594    0.74531  13.9%  98.4  555s
 54297 26795    0.77979   34  374    0.86594    0.74558  13.9%  98.4  560s
 54853 27124    0.82843   43  242    0.86594    0.74578  13.9%  98.5  565s
 55417 27395    0.76627   31  361    0.86594    0.74600  13.9%  98.5  570s
 55972 27710    0.76070   35  368    0.86594    0.74617  13.8%  98.4  575s
 56510 27996    0.79160   37  354    0.86594    0.74636  13.8%  98.5  580s
 57123 28366    0.81189   36  439    0.86594    0.74664  13.8%  98.4  585s
 57664 28687    0.80305   39  353    0.86594    0.74683  13.8%  98.5  590s
 58245 29019    0.86202   48  295    0.86594    0.74702  13.7%  98.5  595s
 58772 29291    0.79490   35  342    0.86594    0.74721  13.7%  98.6  600s
 59398 29639    0.76379   36  376    0.86594    0.74744  13.7%  98.5  605s
 59966 29956    0.83855   46  334    0.86594    0.74768  13.7%  98.5  610s
 60524 30287    0.78067   55  269    0.86594    0.74792  13.6%  98.5  615s
 61087 30596    0.79281   37  361    0.86594    0.74808  13.6%  98.5  620s
 61631 30922    0.86500   41  306    0.86594    0.74828  13.6%  98.5  625s
 62257 31259    0.80903   37  396    0.86594    0.74844  13.6%  98.4  630s
 62836 31595    0.80196   36  343    0.86594    0.74858  13.6%  98.3  635s
 63394 31918    0.80410   39  350    0.86594    0.74880  13.5%  98.3  640s
 63874 32153    0.77313   34  404    0.86594    0.74893  13.5%  98.4  645s
 64440 32461    0.80869   67  213    0.86594    0.74914  13.5%  98.4  650s
 64977 32714    0.78514   31  429    0.86594    0.74937  13.5%  98.4  655s
 65557 33034    0.78373   37  342    0.86594    0.74956  13.4%  98.4  660s
 66129 33347    0.78099   36  417    0.86594    0.74973  13.4%  98.4  665s
 66660 33639    0.80557   42  344    0.86594    0.74988  13.4%  98.4  670s
 67253 33971    0.77568   31  440    0.86594    0.75011  13.4%  98.4  675s
 67801 34264    0.77018   34  397    0.86594    0.75028  13.4%  98.4  680s
 68364 34578    0.78967   31  401    0.86594    0.75047  13.3%  98.4  685s
 68945 34912    0.76946   31  437    0.86594    0.75065  13.3%  98.3  690s
 69532 35198    0.80073   38  338    0.86594    0.75077  13.3%  98.3  695s
 70099 35519    0.79713   33  396    0.86594    0.75091  13.3%  98.3  700s
 70710 35834    0.82092   45  320    0.86594    0.75118  13.3%  98.3  705s
 71251 36121    0.80772   37  327    0.86594    0.75134  13.2%  98.3  710s
 71809 36450    0.75538   36  450    0.86594    0.75153  13.2%  98.2  715s
 72290 36731    0.82780   46  260    0.86594    0.75166  13.2%  98.3  720s
 72850 37043    0.79831   42  409    0.86594    0.75182  13.2%  98.3  725s
 73402 37379    0.80956   44  321    0.86594    0.75206  13.2%  98.3  730s
 73980 37704    0.79932   43  388    0.86594    0.75226  13.1%  98.3  735s
 74571 38044    0.82382   54  177    0.86594    0.75249  13.1%  98.3  740s
 75098 38302    0.76912   31  380    0.86594    0.75265  13.1%  98.3  745s
 75761 38660    0.77859   32  370    0.86594    0.75283  13.1%  98.2  750s
 76257 38942    0.83562   41  371    0.86594    0.75297  13.0%  98.3  755s
 76840 39274    0.82448   44  345    0.86594    0.75313  13.0%  98.2  760s
 77435 39574    0.79670   38  363    0.86594    0.75329  13.0%  98.2  765s
 77924 39813    0.79320   42  368    0.86594    0.75347  13.0%  98.3  770s
 78522 40151    0.82044   34  277    0.86594    0.75362  13.0%  98.3  775s
 79115 40442    0.82965   40  341    0.86594    0.75377  13.0%  98.2  780s
 79682 40706    0.78531   34  356    0.86594    0.75391  12.9%  98.2  785s
 80347 41047    0.83930   47  371    0.86594    0.75409  12.9%  98.2  790s
 80801 41288    0.81555   38  290    0.86594    0.75422  12.9%  98.2  795s
 81378 41560    0.85719   40  351    0.86594    0.75440  12.9%  98.3  800s
 81945 41856    0.76928   36  330    0.86594    0.75454  12.9%  98.3  805s
 82437 42114    0.82270   51  254    0.86594    0.75465  12.9%  98.3  810s
 83031 42420    0.80426   41  393    0.86594    0.75476  12.8%  98.3  815s
 83628 42725    0.80799   37  368    0.86594    0.75486  12.8%  98.3  820s
 84153 42983    0.81948   44  338    0.86594    0.75501  12.8%  98.4  825s
 84751 43330    0.77740   32  404    0.86594    0.75511  12.8%  98.3  830s
 85366 43694    0.82049   41  383    0.86594    0.75522  12.8%  98.3  835s
 85780 43892    0.76965   39  381    0.86594    0.75538  12.8%  98.3  840s
 86258 44147    0.78617   29  419    0.86594    0.75545  12.8%  98.4  845s
 86817 44435    0.82503   40  278    0.86594    0.75558  12.7%  98.4  850s
 87417 44759    0.77250   32  410    0.86594    0.75570  12.7%  98.4  855s
 87998 45073    0.79855   35  399    0.86594    0.75586  12.7%  98.4  860s
 88506 45329    0.86584   38  364    0.86594    0.75593  12.7%  98.4  865s
 89046 45608    0.79212   44  349    0.86594    0.75608  12.7%  98.4  870s
 89699 45941    0.75764   34  403    0.86594    0.75624  12.7%  98.4  875s
 90218 46200    0.85426   37  379    0.86594    0.75638  12.7%  98.4  880s
 90781 46519    0.77979   41  347    0.86594    0.75645  12.6%  98.5  885s
 91291 46792    0.83902   39  374    0.86594    0.75657  12.6%  98.5  890s
 91875 47063    0.81104   35  320    0.86594    0.75667  12.6%  98.5  895s

Cutting planes:
  Learned: 59
  Gomory: 55
  Cover: 188
  Implied bound: 306
  Projected implied bound: 138
  Clique: 54
  MIR: 779
  Mixing: 1
  StrongCG: 49
  Flow cover: 1542
  GUB cover: 5
  Inf proof: 26
  Zero half: 30
  RLT: 37
  Relax-and-lift: 32
  BQP: 16

Explored 92092 nodes (9070696 simplex iterations) in 896.89 seconds (1724.31 work units)
Thread count was 1 (of 20 available processors)

Solution count 10: 0.865944 0.873946 0.874774 ... 0.957945

Time limit reached
Best objective 8.659435195714e-01, best bound 7.566938158316e-01, gap 12.6163%

User-callback calls 370751, time in user-callback 2.99 sec
