
Gurobi 13.0.2 (win64) logging started Sat Aug  8 15:07:00 2026

Set parameter LogFile to value "E:\codes\ExactEBRP\results\gf_c6_documentation_hga_round34\runs\transfer__tight_T_seed4101__c6_hga_full__3600s\external\native_logs\L1_c6_1_next_leaf_target_mip.gurobi.log"
Gurobi Optimizer version 13.0.2 build v13.0.2rc1 (win64 - Windows 10.0 (19045.2))

CPU model: 12th Gen Intel(R) Core(TM) i7-12700KF, instruction set [SSE2|AVX|AVX2]
Thread count: 12 physical cores, 20 logical processors, using up to 1 threads

Non-default parameters:
TimeLimit  3573.2383334
MIPGap  0
MIPGapAbs  0
LogToConsole  0
Threads  1

Optimize a model with 11897 rows, 3372 columns and 67355 nonzeros (Min)
Model fingerprint: 0x61ce0ef2
Model has 21 linear objective coefficients
Variable types: 1683 continuous, 1689 integer (1489 binary)
Coefficient statistics:
  Matrix range     [7e-03, 2e+04]
  Objective range  [7e-03, 1e+00]
  Bounds range     [2e-01, 1e+03]
  RHS range        [2e-01, 5e+04]

Presolve removed 1750 rows and 80 columns
Presolve time: 0.21s
Presolved: 10147 rows, 3292 columns, 64106 nonzeros
Variable types: 1636 continuous, 1656 integer (1474 binary)

Root relaxation: objective 3.944731e-01, 3288 iterations, 0.16 seconds (0.43 work units)

    Nodes    |    Current Node    |     Objective Bounds      |     Work
 Expl Unexpl |  Obj  Depth IntInf | Incumbent    BestBd   Gap | It/Node Time

     0     0    0.39447    0  202          -    0.39447      -     -    0s
     0     0    0.41504    0  223          -    0.41504      -     -    0s
     0     0    0.45002    0  256          -    0.45002      -     -    1s
     0     0    0.45107    0  258          -    0.45107      -     -    1s
     0     0    0.46265    0  269          -    0.46265      -     -    2s

Cutting planes:
  Learned: 7
  Cover: 33
  Implied bound: 128
  Clique: 15
  MIR: 278
  StrongCG: 9
  Flow cover: 88
  GUB cover: 1
  Zero half: 4
  Network: 12
  RLT: 9
  Relax-and-lift: 104
  BQP: 5

Explored 1 nodes (9774 simplex iterations) in 2.10 seconds (4.07 work units)
Thread count was 1 (of 20 available processors)

Solution count 0

Solve interrupted
Best objective -, best bound 4.626520257391e-01, gap -

User-callback calls 1232, time in user-callback 0.00 sec
