
Gurobi 13.0.2 (win64) logging started Sat Aug  8 15:07:03 2026

Set parameter LogFile to value "E:\codes\ExactEBRP\results\gf_c6_documentation_hga_round34\runs\transfer__tight_T_seed4101__c6_hga_full__3600s\external\native_logs\L1_terminal_mip.gurobi.log"
Gurobi Optimizer version 13.0.2 build v13.0.2rc1 (win64 - Windows 10.0 (19045.2))

CPU model: 12th Gen Intel(R) Core(TM) i7-12700KF, instruction set [SSE2|AVX|AVX2]
Thread count: 12 physical cores, 20 logical processors, using up to 1 threads

Non-default parameters:
TimeLimit  3570.1817905
MIPGap  0
MIPGapAbs  0
LogToConsole  0
Threads  1

Optimize a model with 11897 rows, 3372 columns and 67355 nonzeros (Min)
Model fingerprint: 0x61ce0ef2
Model has 21 linear objective coefficients
Variable types: 1683 continuous, 1689 integer (1489 binary)
Coefficient statistics:
  Matrix range     [7e-03, 2e+04]
  Objective range  [7e-03, 1e+00]
  Bounds range     [2e-01, 1e+03]
  RHS range        [2e-01, 5e+04]

Presolved: 10147 rows, 3292 columns, 64106 nonzeros

Continuing optimization...

     0     0    0.46265    0  278          -    0.46265      -     -    2s
     0     0    0.46265    0  275          -    0.46265      -     -    2s
     0     0    0.46374    0  301          -    0.46374      -     -    2s
     0     0    0.46640    0  315          -    0.46640      -     -    3s
     0     0    0.46703    0  352          -    0.46703      -     -    3s
     0     0    0.47327    0  334          -    0.47327      -     -    4s
     0     0    0.47461    0  330          -    0.47461      -     -    4s
     0     0    0.47596    0  305          -    0.47596      -     -    5s
     0     0    0.47612    0  329          -    0.47612      -     -    5s
     0     0    0.47786    0  311          -    0.47786      -     -    6s
     0     0    0.47817    0  314          -    0.47817      -     -    6s
     0     0    0.47911    0  326          -    0.47911      -     -    7s
     0     0    0.47941    0  344          -    0.47941      -     -    7s
     0     0    0.47974    0  343          -    0.47974      -     -    8s
     0     0    0.47987    0  329          -    0.47987      -     -    8s
     0     0    0.48120    0  291          -    0.48120      -     -    8s
     0     0    0.48139    0  320          -    0.48139      -     -    9s
     0     0    0.48159    0  258          -    0.48159      -     -    9s
     0     0    0.48173    0  281          -    0.48173      -     -    9s
     0     0    0.48186    0  313          -    0.48186      -     -   10s
     0     0    0.48189    0  346          -    0.48189      -     -   10s
     0     0    0.48192    0  349          -    0.48192      -     -   10s
     0     0    0.48192    0  344          -    0.48192      -     -   11s
     0     0    0.48197    0  328          -    0.48197      -     -   11s
     0     0    0.48197    0  328          -    0.48197      -     -   11s
     0     0    0.48197    0  320          -    0.48197      -     -   11s
     0     2    0.48197    0  320          -    0.48197      -     -   12s
     1     3    0.48873    1  331          -    0.48197      -  1653   13s
H    6     6                       0.5793999    0.48226  16.8%  1333   17s
H    6     6                       0.5793428    0.48226  16.8%  1333   18s
     6     8    0.48352    3  256    0.57934    0.48243  16.7%  1492   21s
    44    45    0.48752   37  331    0.57934    0.48253  16.7%   901   25s
   198   199    0.50051  187  327    0.57934    0.48253  16.7%   324   30s
H  221   220                       0.5793428    0.48253  16.7%   308   31s
   372   353    0.48507    8  305    0.57934    0.48353  16.5%   280   35s
H  389   368                       0.5791630    0.48353  16.5%   284   36s
H  389   368                       0.5787986    0.48353  16.5%   284   36s
H  389   368                       0.5783816    0.48353  16.4%   284   36s
H  389   368                       0.5780172    0.48353  16.3%   284   36s
   528   503    0.52372  150  266    0.57802    0.48353  16.3%   235   41s
   532   506    0.49675   48  332    0.57802    0.48353  16.3%   234   45s
   536   509    0.52674  127  311    0.57802    0.48440  16.2%   232   50s
   541   512    0.50247  108  394    0.57802    0.48992  15.2%   230   56s
   544   514    0.50528  185  407    0.57802    0.49073  15.1%   228   60s
   549   517    0.52372  150  353    0.57802    0.49181  14.9%   226   66s
H  550   491                       0.5639996    0.49195  12.8%   226   68s
H  550   466                       0.5629814    0.49195  12.6%   226   68s
   553   468    0.51516   76  370    0.56298    0.49199  12.6%   225   70s
   560   473    0.51270  192  376    0.56298    0.49235  12.5%   222   75s
   575   484    0.49675   48  305    0.56298    0.49239  12.5%   300   80s
   579   487    0.50701   43  360    0.56298    0.49239  12.5%   298   86s
   583   489    0.50216  175  384    0.56298    0.49337  12.4%   296   90s
   587   492    0.49376   12  370    0.56298    0.49376  12.3%   294   95s
   591   495    0.53330  109  371    0.56298    0.49398  12.3%   292  100s
   602   502    0.51842  128  388    0.56298    0.49420  12.2%   287  105s
   609   509    0.50639   24  357    0.56298    0.50380  10.5%   343  110s
   622   517    0.51026   31  349    0.56298    0.50380  10.5%   362  115s
   652   530    0.52321   46  259    0.56298    0.50380  10.5%   371  120s
   703   525    0.52195   28  295    0.56298    0.50381  10.5%   375  125s
   735   532    0.52275   30  267    0.56298    0.50432  10.4%   392  130s
   765   539    0.52175   28  306    0.56298    0.51257  8.95%   407  135s
   822   544    0.51375   30  360    0.56298    0.51329  8.83%   416  140s
   846   543     cutoff   28         0.56298    0.51417  8.67%   444  145s
   892   533    0.52722   26  248    0.56298    0.51621  8.31%   457  150s
   955   536    0.54959   35  249    0.56298    0.51699  8.17%   455  155s
  1004   533 infeasible   40         0.56298    0.51759  8.06%   454  160s
  1043   530    0.54308   37  264    0.56298    0.51833  7.93%   468  165s
  1090   527     cutoff   41         0.56298    0.51846  7.91%   482  170s
  1137   527    0.55913   36  230    0.56298    0.51853  7.90%   486  175s
  1188   517    0.52760   29  326    0.56298    0.52195  7.29%   488  180s
  1237   529    0.55435   42  209    0.56298    0.52257  7.18%   487  185s
  1272   521     cutoff   32         0.56298    0.52373  6.97%   503  190s
  1315   524    0.55178   43  219    0.56298    0.52457  6.82%   503  195s
  1355   515    0.52619   27  285    0.56298    0.52557  6.65%   516  200s
  1400   514    0.52819   32  259    0.56298    0.52619  6.53%   517  205s
  1449   517    0.55311   30  264    0.56298    0.52620  6.53%   515  210s
  1489   507    0.54488   32  270    0.56298    0.52686  6.42%   520  215s
  1529   495    0.53996   34  259    0.56298    0.52720  6.36%   527  220s
  1580   494    0.54133   31  286    0.56298    0.52769  6.27%   528  225s
  1636   492    0.54711   33  256    0.56298    0.52787  6.24%   528  230s
  1675   491    0.55219   38  228    0.56298    0.52822  6.18%   531  235s
  1704   485    0.56117   31  250    0.56298    0.52966  5.92%   541  240s
  1776   485    0.55943   30  289    0.56298    0.53032  5.80%   537  245s
  1851   466     cutoff   43         0.56298    0.53168  5.56%   533  250s
  1893   459    0.54020   33  237    0.56298    0.53239  5.43%   538  255s
  1947   456    0.54819   39  252    0.56298    0.53256  5.40%   537  260s
  2009   440    0.55390   46  225    0.56298    0.53369  5.20%   534  265s
  2056   423    0.54054   35  292    0.56298    0.53461  5.04%   537  270s
  2132   412    0.55229   35  285    0.56298    0.53535  4.91%   536  275s
  2193   424    0.55951   31  266    0.56298    0.53547  4.89%   538  280s
  2268   431    0.54508   35  271    0.56298    0.53611  4.77%   537  285s
  2331   439     cutoff   34         0.56298    0.53655  4.69%   536  290s
  2408   455    0.55013   31  189    0.56298    0.53710  4.60%   532  295s
  2478   467     cutoff   51         0.56298    0.53759  4.51%   531  300s
  2544   465    0.55576   34  306    0.56298    0.53865  4.32%   534  306s
  2577   467    0.54592   35  337    0.56298    0.53909  4.24%   541  310s
  2667   474    0.55749   37  239    0.56298    0.53939  4.19%   540  315s
  2730   477    0.54457   36  221    0.56298    0.53997  4.09%   540  320s
  2809   482    0.55337   35  243    0.56298    0.54042  4.01%   534  325s
  2867   485     cutoff   36         0.56298    0.54083  3.94%   536  330s
  2927   481    0.56143   41  190    0.56298    0.54128  3.86%   538  335s
  2989   480     cutoff   48         0.56298    0.54230  3.67%   539  340s
  3044   474     cutoff   33         0.56298    0.54277  3.59%   541  345s
  3123   477    0.55231   39  246    0.56298    0.54340  3.48%   539  350s
  3198   466    0.55635   32  306    0.56298    0.54387  3.40%   541  355s
  3267   462     cutoff   36         0.56298    0.54423  3.33%   542  360s
  3339   457    0.55870   34  321    0.56298    0.54482  3.23%   544  365s
  3374   454    0.55952   38  229    0.56298    0.54502  3.19%   547  370s
  3476   452    0.55997   37  241    0.56298    0.54573  3.06%   545  375s
  3546   441     cutoff   31         0.56298    0.54603  3.01%   548  380s
  3610   418     cutoff   35         0.56298    0.54677  2.88%   551  385s
H 3649   408                       0.5629814    0.54705  2.83%   553  388s
  3671   403    0.56053   32  298    0.56298    0.54728  2.79%   555  390s
  3750   391    0.55607   44  168    0.56298    0.54759  2.73%   554  395s
  3831   385    0.55238   43  258    0.56298    0.54801  2.66%   554  400s
  3888   383    0.55228   38  238    0.56298    0.54827  2.61%   553  405s
  3957   370    0.55237   36  218    0.56298    0.54885  2.51%   554  410s
  4029   357    0.56125   52  166    0.56298    0.54923  2.44%   555  415s
  4079   337    0.55486   39  221    0.56298    0.54984  2.33%   558  420s
  4156   334    0.55401   44  251    0.56298    0.55024  2.26%   557  425s
  4216   311     cutoff   41         0.56298    0.55089  2.15%   560  430s
  4296   290     cutoff   46         0.56298    0.55170  2.00%   562  435s
  4363   266     cutoff   44         0.56298    0.55242  1.88%   564  440s
  4453   255    0.55783   45  144    0.56298    0.55334  1.71%   562  445s
  4555   227    0.55682   39  176    0.56298    0.55392  1.61%   560  450s
  4626   199     cutoff   34         0.56298    0.55459  1.49%   562  455s
  4703   174     cutoff   49         0.56298    0.55536  1.35%   562  460s
  4799   125    0.55887   41  240    0.56298    0.55682  1.10%   561  465s
  4878    78     cutoff   36         0.56298    0.55835  0.82%   561  470s
  4967     8    0.56270   57   16    0.56298    0.56241  0.10%   560  475s

Cutting planes:
  Learned: 17
  Gomory: 2
  Cover: 88
  Implied bound: 281
  Projected implied bound: 25
  Clique: 16
  MIR: 305
  Mixing: 2
  StrongCG: 22
  Flow cover: 576
  GUB cover: 6
  Inf proof: 3
  Zero half: 6
  Network: 26
  RLT: 7
  Relax-and-lift: 108
  BQP: 2

Explored 4976 nodes (2831632 simplex iterations) in 475.18 seconds (980.71 work units)
Most recent optimization runtime was 473.09 seconds (976.64 work units)
Thread count was 1 (of 20 available processors)

Solution count 7: 0.562981 0.578017 0.578382 ... 0.5794

Optimal solution found (tolerance 0.00e+00)
Best objective 5.629813997732e-01, best bound 5.629813997732e-01, gap 0.0000%

User-callback calls 84384, time in user-callback 0.02 sec
