
Gurobi 13.0.2 (win64) logging started Fri Oct  2 00:20:49 2026

Set parameter LogFile to value "E:\codes\ExactEBRP\results\unified_exact_round99\repeat01\raw\01_F2_R2\external\native_logs\L0_terminal_mip.gurobi.log"
Set parameter TimeLimit to value 894.3148208
Gurobi Optimizer version 13.0.2 build v13.0.2rc1 (win64 - Windows 10.0 (19045.2))

CPU model: 12th Gen Intel(R) Core(TM) i7-12700KF, instruction set [SSE2|AVX|AVX2]
Thread count: 12 physical cores, 20 logical processors, using up to 1 threads

Non-default parameters:
TimeLimit  894.3148208
MIPGap  0
MIPGapAbs  0
LogToConsole  0
Threads  1

Optimize a model with 9229 rows, 3448 columns and 53486 nonzeros (Min)
Model fingerprint: 0xd44d1e49
Model has 21 linear objective coefficients
Variable types: 1861 continuous, 1587 integer (1527 binary)
Coefficient statistics:
  Matrix range     [4e-02, 2e+04]
  Objective range  [4e-02, 1e+00]
  Bounds range     [9e-01, 4e+02]
  RHS range        [9e-01, 5e+04]

Loaded user MIP start with objective 0.885348
MIP start from previous solve did not produce a new incumbent solution

Presolve removed 1675 rows and 22 columns
Presolve time: 0.12s
Presolved: 7554 rows, 3426 columns, 57092 nonzeros
Variable types: 1649 continuous, 1777 integer (1527 binary)

Root relaxation: objective 5.973920e-01, 3010 iterations, 0.16 seconds (0.34 work units)

    Nodes    |    Current Node    |     Objective Bounds      |     Work
 Expl Unexpl |  Obj  Depth IntInf | Incumbent    BestBd   Gap | It/Node Time

     0     0    0.59739    0  316    0.88535    0.59739  32.5%     -    0s
     0     0    0.64947    0  337    0.88535    0.64947  26.6%     -    0s
     0     0    0.71332    0  386    0.88535    0.71332  19.4%     -    0s
     0     0    0.75435    0  337    0.88535    0.75435  14.8%     -    0s
     0     0    0.76403    0  372    0.88535    0.76403  13.7%     -    1s
     0     0    0.76555    0  368    0.88535    0.76555  13.5%     -    1s
     0     0    0.76784    0  372    0.88535    0.76784  13.3%     -    1s
     0     0    0.76786    0  381    0.88535    0.76786  13.3%     -    2s
     0     0    0.76857    0  346    0.88535    0.76857  13.2%     -    2s
     0     0    0.76857    0  362    0.88535    0.76857  13.2%     -    2s
     0     0    0.76872    0  369    0.88535    0.76872  13.2%     -    2s
     0     0    0.76873    0  369    0.88535    0.76873  13.2%     -    2s
     0     0    0.76883    0  363    0.88535    0.76883  13.2%     -    2s
H    0     0                       0.8853447    0.76910  13.1%     -    2s
H    0     0                       0.8853423    0.76910  13.1%     -    2s
H    0     0                       0.8840122    0.76910  13.0%     -    2s
H    0     0                       0.8839577    0.76910  13.0%     -    2s
H    0     0                       0.8839013    0.76910  13.0%     -    3s
H    0     0                       0.8814451    0.76910  12.7%     -    3s
H    0     0                       0.8800735    0.76910  12.6%     -    3s
     0     0    0.76910    0  363    0.88007    0.76910  12.6%     -    3s
     0     0    0.76910    0  375    0.88007    0.76910  12.6%     -    3s
     0     0    0.76910    0  375    0.88007    0.76910  12.6%     -    3s
     0     0    0.76910    0  375    0.88007    0.76910  12.6%     -    3s
     0     0    0.76910    0  362    0.88007    0.76910  12.6%     -    3s
     0     2    0.76910    0  362    0.88007    0.76910  12.6%     -    3s
H   14    14                       0.8718756    0.77380  11.2%   304    4s
H   14    14                       0.8717129    0.77380  11.2%   304    4s
H   14    14                       0.8669780    0.77380  10.7%   304    4s
H   39    39                       0.8659435    0.77380  10.6%   202    5s
   562   479    0.81359   16  362    0.86594    0.78152  9.75%   102   10s
   569   484    0.82601   15  382    0.86594    0.78152  9.75%   100   15s
   579   490    0.83115   25  359    0.86594    0.78152  9.75%  98.5   20s
   612   513    0.82887   27  270    0.86594    0.78152  9.75%   142   25s
   733   523    0.81990   18  314    0.86594    0.78152  9.75%   149   30s
   819   536    0.81009   18  312    0.86594    0.78427  9.43%   158   35s
   966   552    0.79468   15  337    0.86594    0.78508  9.34%   154   40s
  1150   604    0.83011   22  223    0.86594    0.79039  8.73%   160   45s
  1342   634    0.81361   15  359    0.86594    0.79629  8.04%   165   50s
  1590   650    0.85188   29  222    0.86594    0.80023  7.59%   165   55s
  1876   687    0.82073   16  249    0.86594    0.80482  7.06%   160   60s
  2104   728    0.82822   22  277    0.86594    0.80614  6.91%   157   65s
  2380   853    0.84822   18  261    0.86594    0.80922  6.55%   153   70s
  2576   915    0.85495   22  239    0.86594    0.81011  6.45%   151   75s
  2770   985    0.81856   24  311    0.86594    0.81124  6.32%   151   80s
  3030  1081    0.84775   29  201    0.86594    0.81243  6.18%   149   85s
  3277  1150    0.83185   18  332    0.86594    0.81391  6.01%   152   90s
  3596  1267    0.84590   28  158    0.86594    0.81479  5.91%   150   95s
  3842  1338    0.82306   19  330    0.86594    0.81637  5.72%   150  100s
  4075  1392    0.84368   29  248    0.86594    0.81787  5.55%   152  105s
  4359  1468    0.82957   21  294    0.86594    0.81922  5.40%   151  110s
  4624  1547    0.83187   20  223    0.86594    0.82008  5.30%   150  115s
  4864  1595     cutoff   29         0.86594    0.82120  5.17%   150  120s
  5101  1625 infeasible   28         0.86594    0.82193  5.08%   150  125s
  5299  1659     cutoff   26         0.86594    0.82282  4.98%   150  130s
  5659  1729    0.85686   23  220    0.86594    0.82411  4.83%   149  135s
  5907  1777    0.84359   22  159    0.86594    0.82483  4.75%   149  140s
  6185  1811    0.85794   27  186    0.86594    0.82562  4.66%   148  145s
  6480  1862    0.83266   21  325    0.86594    0.82670  4.53%   148  150s
  6798  1922    0.83789   22  268    0.86594    0.82738  4.45%   147  155s
  7043  1974    0.85860   26  209    0.86594    0.82801  4.38%   148  160s
  7263  2004    0.83393   20  295    0.86594    0.82857  4.32%   147  165s
  7618  2075    0.85154   18  256    0.86594    0.82939  4.22%   146  170s
  7873  2122    0.83261   22  332    0.86594    0.82987  4.17%   145  175s
  8041  2134    0.85035   21  196    0.86594    0.83040  4.11%   145  180s
  8342  2191     cutoff   31         0.86594    0.83081  4.06%   144  185s
  8698  2210     cutoff   28         0.86594    0.83185  3.94%   143  190s
  9079  2268     cutoff   38         0.86594    0.83252  3.86%   143  195s
  9403  2282     cutoff   30         0.86594    0.83314  3.79%   142  200s
  9742  2329    0.86001   23  312    0.86594    0.83372  3.72%   141  205s
H 9839  2339                       0.8659435    0.83390  3.70%   141  207s
  9840  2342    0.85398   28  180    0.86594    0.83390  3.70%   141  210s
 10196  2381 infeasible   26         0.86594    0.83472  3.61%   140  215s
 10202  2385    0.85452   30  184    0.86594    0.83472  3.61%   140  233s
 10353  2408    0.83730   17  331    0.86594    0.83502  3.57%   140  235s
 10713  2418 infeasible   28         0.86594    0.83596  3.46%   139  240s
 11089  2448    0.86083   29  211    0.86594    0.83666  3.38%   138  245s
 11455  2468    0.86575   19  361    0.86594    0.83750  3.28%   138  250s
 11888  2507    0.85527   22  284    0.86594    0.83818  3.21%   136  255s
 12217  2486    0.85792   28  144    0.86594    0.83874  3.14%   137  260s
 12591  2484    0.85145   28  196    0.86594    0.83934  3.07%   136  265s
 12936  2497    0.84788   24  324    0.86594    0.84003  2.99%   136  270s
 13315  2496 infeasible   23         0.86594    0.84070  2.91%   135  275s
 13711  2468 infeasible   22         0.86594    0.84136  2.84%   135  280s
 14112  2439    0.85857   28  227    0.86594    0.84209  2.75%   135  285s
 14542  2407    0.85015   29  150    0.86594    0.84275  2.68%   135  290s
 15010  2399 infeasible   31         0.86594    0.84332  2.61%   134  295s
 15391  2385    0.85939   30  264    0.86594    0.84383  2.55%   133  300s
 15831  2369    0.85864   36  224    0.86594    0.84458  2.47%   132  305s
 16286  2321    0.85219   26  174    0.86594    0.84525  2.39%   131  310s
 16696  2267     cutoff   27         0.86594    0.84588  2.32%   131  315s
 17115  2220    0.85888   27  212    0.86594    0.84646  2.25%   130  320s
 17530  2147     cutoff   24         0.86594    0.84712  2.17%   130  325s
 17973  2067 infeasible   28         0.86594    0.84781  2.09%   129  330s
 18456  1988 infeasible   25         0.86594    0.84849  2.02%   129  335s
 18941  1883     cutoff   27         0.86594    0.84918  1.94%   128  340s
 19392  1810     cutoff   31         0.86594    0.84986  1.86%   127  345s
 19917  1713     cutoff   31         0.86594    0.85063  1.77%   126  350s
 20366  1587    0.85914   30  275    0.86594    0.85161  1.66%   126  355s
H20652  1484                       0.8659435    0.85228  1.58%   126  360s
 20652  1486    0.85640   32  162    0.86594    0.85228  1.58%   126  365s
 21144  1288     cutoff   24         0.86594    0.85352  1.43%   125  370s
 21576  1102     cutoff   26         0.86594    0.85463  1.31%   124  375s
 22105   933    0.86355   29  152    0.86594    0.85573  1.18%   123  380s
 22601   684 infeasible   33         0.86594    0.85761  0.96%   123  385s
 23279   341 infeasible   28         0.86594    0.86035  0.65%   121  390s

Cutting planes:
  Learned: 39
  Gomory: 2
  Cover: 70
  Implied bound: 125
  Projected implied bound: 51
  Clique: 27
  MIR: 253
  Mixing: 2
  StrongCG: 5
  Flow cover: 545
  GUB cover: 6
  Inf proof: 2
  Zero half: 2
  Network: 19
  RLT: 9
  Relax-and-lift: 53
  BQP: 4

Explored 23726 nodes (2841382 simplex iterations) in 392.57 seconds (750.42 work units)
Thread count was 1 (of 20 available processors)

Solution count 10: 0.865943 0.866978 0.871713 ... 0.885342

Optimal solution found (tolerance 0.00e+00)
Best objective 8.659434834960e-01, best bound 8.659434834960e-01, gap 0.0000%

User-callback calls 122803, time in user-callback 3.23 sec
