
Gurobi 13.0.2 (win64) logging started Mon Aug 10 04:47:39 2026

Set parameter LogFile to value "E:\codes\ExactEBRP\results\gf_simple_start_qualification_round35\runs\v50_3600__round31_sealed_tight_T_V50_seed1973327304__c6_simple_start__3600s\native.log"
Set parameter Threads to value 1
Set parameter Presolve to value -1
Set parameter Seed to value 0
Set parameter MIPGap to value 0
Set parameter MIPGapAbs to value 0
Warning: unknown variable 'r_max' in bounds section (line 103376)
Warning: unknown variable 'r_min' in bounds section (line 103377)
Read LP format model from file E:\codes\ExactEBRP\results\gf_simple_start_qualification_round35\runs\v50_3600__round31_sealed_tight_T_V50_seed1973327304__c6_simple_start__3600s\external\models\L0.lp
Reading time = 0.21 seconds
obj: 93030 rows, 18193 columns, 665279 nonzeros
Set parameter TimeLimit to value 3583.86893
Warning: unknown variable 'r_max' in bounds section (line 103376)
Warning: unknown variable 'r_min' in bounds section (line 103377)
Read LP format model from file E:\codes\ExactEBRP\results\gf_simple_start_qualification_round35\runs\v50_3600__round31_sealed_tight_T_V50_seed1973327304__c6_simple_start__3600s\external\models\L1.lp
Reading time = 0.22 seconds
obj: 93030 rows, 18193 columns, 665893 nonzeros
Set parameter TimeLimit to value 3580.4216469
Warning: unknown variable 'r_max' in bounds section (line 103378)
Warning: unknown variable 'r_min' in bounds section (line 103379)
Read LP format model from file E:\codes\ExactEBRP\results\gf_simple_start_qualification_round35\runs\v50_3600__round31_sealed_tight_T_V50_seed1973327304__c6_simple_start__3600s\external\models\L2.lp
Reading time = 0.21 seconds
obj: 93032 rows, 18193 columns, 665905 nonzeros
Set parameter TimeLimit to value 3571.1928452
Warning: unknown variable 'r_max' in bounds section (line 103376)
Warning: unknown variable 'r_min' in bounds section (line 103377)
Read LP format model from file E:\codes\ExactEBRP\results\gf_simple_start_qualification_round35\runs\v50_3600__round31_sealed_tight_T_V50_seed1973327304__c6_simple_start__3600s\external\models\L0.0.lp
Reading time = 0.21 seconds
obj: 93030 rows, 18193 columns, 665279 nonzeros
Set parameter TimeLimit to value 3568.0455533
Warning: unknown variable 'r_max' in bounds section (line 103376)
Warning: unknown variable 'r_min' in bounds section (line 103377)
Read LP format model from file E:\codes\ExactEBRP\results\gf_simple_start_qualification_round35\runs\v50_3600__round31_sealed_tight_T_V50_seed1973327304__c6_simple_start__3600s\external\models\L0.1.lp
Reading time = 0.21 seconds
obj: 93030 rows, 18193 columns, 665893 nonzeros
Set parameter TimeLimit to value 3562.7317144
Warning: unknown variable 'r_max' in bounds section (line 103376)
Warning: unknown variable 'r_min' in bounds section (line 103377)
Read LP format model from file E:\codes\ExactEBRP\results\gf_simple_start_qualification_round35\runs\v50_3600__round31_sealed_tight_T_V50_seed1973327304__c6_simple_start__3600s\external\models\L0.1.0.lp
Reading time = 0.20 seconds
obj: 93030 rows, 18193 columns, 665893 nonzeros
Set parameter TimeLimit to value 3509.9342591
Warning: unknown variable 'r_max' in bounds section (line 103376)
Warning: unknown variable 'r_min' in bounds section (line 103377)
Read LP format model from file E:\codes\ExactEBRP\results\gf_simple_start_qualification_round35\runs\v50_3600__round31_sealed_tight_T_V50_seed1973327304__c6_simple_start__3600s\external\models\L0.1.1.lp
Reading time = 0.20 seconds
obj: 93030 rows, 18193 columns, 665893 nonzeros
Set parameter TimeLimit to value 3504.1997008
Warning: unknown variable 'r_max' in bounds section (line 103376)
Warning: unknown variable 'r_min' in bounds section (line 103377)
Read LP format model from file E:\codes\ExactEBRP\results\gf_simple_start_qualification_round35\runs\v50_3600__round31_sealed_tight_T_V50_seed1973327304__c6_simple_start__3600s\external\models\L1.0.lp
Reading time = 0.21 seconds
obj: 93030 rows, 18193 columns, 665893 nonzeros
Set parameter TimeLimit to value 3439.6351887
Warning: unknown variable 'r_max' in bounds section (line 103377)
Warning: unknown variable 'r_min' in bounds section (line 103378)
Read LP format model from file E:\codes\ExactEBRP\results\gf_simple_start_qualification_round35\runs\v50_3600__round31_sealed_tight_T_V50_seed1973327304__c6_simple_start__3600s\external\models\L1.1.lp
Reading time = 0.20 seconds
obj: 93031 rows, 18193 columns, 665899 nonzeros
Set parameter TimeLimit to value 3435.9188044
