
Gurobi 13.0.2 (win64) logging started Sun Aug  9 14:29:07 2026

Set parameter LogFile to value "E:\codes\ExactEBRP\results\gf_simple_start_qualification_round35\runs\matrix1800__tight_T_seed4101__c6_simple_start__1800s\external\native_logs\L1_terminal_mip.gurobi.log"
Gurobi Optimizer version 13.0.2 build v13.0.2rc1 (win64 - Windows 10.0 (19045.2))

CPU model: 12th Gen Intel(R) Core(TM) i7-12700KF, instruction set [SSE2|AVX|AVX2]
Thread count: 12 physical cores, 20 logical processors, using up to 1 threads

Non-default parameters:
TimeLimit  1772.5762413
MIPGap  0
MIPGapAbs  0
LogToConsole  0
Threads  1

Optimize a model with 11895 rows, 3372 columns and 67343 nonzeros (Min)
Model fingerprint: 0x6332815b
Model has 21 linear objective coefficients
Variable types: 1683 continuous, 1689 integer (1489 binary)
Coefficient statistics:
  Matrix range     [7e-03, 2e+04]
  Objective range  [7e-03, 1e+00]
  Bounds range     [2e-01, 1e+03]
  RHS range        [2e-01, 5e+04]

Presolved: 10127 rows, 3302 columns, 74693 nonzeros

Continuing optimization...

     0     0    0.46527    0  262          -    0.46527      -     -    1s
     0     0    0.46527    0  253          -    0.46527      -     -    1s
     0     0    0.46563    0  217          -    0.46563      -     -    1s
     0     0    0.47246    0  301          -    0.47246      -     -    2s
     0     0    0.47299    0  307          -    0.47299      -     -    2s
     0     0    0.47619    0  317          -    0.47619      -     -    2s
     0     0    0.47766    0  339          -    0.47766      -     -    3s
     0     0    0.48313    0  284          -    0.48313      -     -    3s
     0     0    0.48396    0  317          -    0.48396      -     -    3s
     0     0    0.48674    0  270          -    0.48674      -     -    4s
     0     0    0.48713    0  292          -    0.48713      -     -    4s
     0     0    0.48855    0  281          -    0.48855      -     -    5s
     0     0    0.48864    0  299          -    0.48864      -     -    5s
     0     0    0.48891    0  269          -    0.48891      -     -    6s
     0     0    0.48904    0  284          -    0.48904      -     -    6s
     0     0    0.48955    0  296          -    0.48955      -     -    7s
     0     0    0.48973    0  330          -    0.48973      -     -    7s
     0     0    0.48993    0  299          -    0.48993      -     -    7s
     0     0    0.48999    0  286          -    0.48999      -     -    7s
     0     0    0.49016    0  296          -    0.49016      -     -    8s
     0     0    0.49020    0  314          -    0.49020      -     -    8s
     0     0    0.49052    0  313          -    0.49052      -     -    9s
     0     0    0.49060    0  306          -    0.49060      -     -    9s
     0     0    0.49096    0  314          -    0.49096      -     -    9s
H    0     0                       0.7129332    0.49096  31.1%     -    9s
H    0     0                       0.7112763    0.49096  31.0%     -    9s
H    0     0                       0.7104479    0.49096  30.9%     -   10s
H    0     0                       0.7094357    0.49096  30.8%     -   10s
H    0     0                       0.7019648    0.49096  30.1%     -   10s
H    0     0                       0.7001798    0.49096  29.9%     -   10s
H    0     0                       0.6995900    0.49096  29.8%     -   10s
H    0     0                       0.6926698    0.49096  29.1%     -   10s
H    0     0                       0.6908823    0.49096  28.9%     -   10s
     0     0    0.49118    0  278    0.69088    0.49118  28.9%     -   10s
     0     0    0.49132    0  323    0.69088    0.49132  28.9%     -   10s
H    0     0                       0.6873790    0.49132  28.5%     -   11s
H    0     0                       0.6867436    0.49132  28.5%     -   11s
     0     0    0.49136    0  337    0.68674    0.49136  28.5%     -   11s
     0     0    0.49140    0  294    0.68674    0.49140  28.4%     -   11s
H    0     0                       0.6814248    0.49140  27.9%     -   11s
H    0     0                       0.6284875    0.49140  21.8%     -   12s
H    0     0                       0.6172638    0.49140  20.4%     -   12s
H    0     0                       0.6169187    0.49140  20.3%     -   12s
H    0     0                       0.6160989    0.49140  20.2%     -   12s
     0     0    0.49140    0  292    0.61610    0.49140  20.2%     -   12s
     0     0    0.49142    0  291    0.61610    0.49142  20.2%     -   12s
     0     0    0.49142    0  298    0.61610    0.49142  20.2%     -   12s
     0     0    0.49150    0  280    0.61610    0.49150  20.2%     -   13s
     0     0    0.49150    0  280    0.61610    0.49150  20.2%     -   13s
     0     0    0.49150    0  271    0.61610    0.49150  20.2%     -   13s
     0     2    0.49150    0  271    0.61610    0.49150  20.2%     -   13s
     1     3    0.49212    1  276    0.61610    0.49150  20.2%  1310   13s
H    6     6                       0.6118864    0.49184  19.6%  1347   15s
    99   101    0.52914   91  231    0.61189    0.49196  19.6%   215   20s
H  143   139                       0.6057410    0.49196  18.8%   198   21s
H  143   139                       0.6044885    0.49196  18.6%   198   21s
   228   212    0.56172   31  222    0.60449    0.49197  18.6%   203   25s
   282   242    0.49242    2  317    0.60449    0.49242  18.5%   226   30s
   469   401    0.54435   46  154    0.60449    0.49308  18.4%   220   35s
   561   483    0.52772    7  266    0.60449    0.49308  18.4%   191   40s
   565   486    0.54001   44  310    0.60449    0.49308  18.4%   190   45s
   569   488    0.54607   74  329    0.60449    0.49308  18.4%   189   50s
   573   491    0.53432  108  335    0.60449    0.49314  18.4%   187   55s
   577   494    0.51650   27  328    0.60449    0.49320  18.4%   186   60s
   583   498    0.51623   24  354    0.60449    0.49331  18.4%   184   65s
H  588   475                       0.5918539    0.49337  16.6%   261   70s
H  588   451                       0.5914059    0.49337  16.6%   261   70s
H  588   428                       0.5913979    0.49337  16.6%   261   70s
H  588   406                       0.5856594    0.49337  15.8%   261   70s
H  594   389                       0.5828569    0.49337  15.4%   269   72s
H  594   369                       0.5815130    0.49337  15.2%   269   72s
   600   374    0.52327   20  221    0.58151    0.49337  15.2%   278   76s
   614   379    0.53852   27  198    0.58151    0.49337  15.2%   289   80s
   631   382    0.57891   35  118    0.58151    0.49337  15.2%   296   85s
H  646   364                       0.5807977    0.49337  15.1%   312   90s
H  646   347                       0.5800308    0.49337  14.9%   312   90s
H  646   330                       0.5800258    0.49337  14.9%   312   90s
H  647   312                       0.5680573    0.49337  13.1%   312   90s
H  647   296                       0.5679946    0.49337  13.1%   312   90s
H  647   282                       0.5669243    0.49337  13.0%   312   90s
H  647   268                       0.5636248    0.49337  12.5%   312   90s
   700   266    0.51050   17  316    0.56362    0.49768  11.7%   313   95s
   726   270    0.55036   23  249    0.56362    0.49772  11.7%   349  100s
   775   261     cutoff   15         0.56362    0.49924  11.4%   374  105s
   814   266     cutoff   24         0.56362    0.51002  9.51%   388  110s
   852   265    0.53614   17  270    0.56362    0.51098  9.34%   406  115s
   913   264    0.54199   19  259    0.56362    0.51220  9.12%   410  120s
   967   268    0.55932   32  156    0.56362    0.51412  8.78%   420  125s
  1009   274    0.54058   25  263    0.56362    0.51552  8.53%   420  130s
  1058   275    0.54364   29  235    0.56362    0.51724  8.23%   426  135s
  1104   274    0.53992   24  216    0.56362    0.51972  7.79%   431  140s
  1154   263     cutoff   25         0.56362    0.52117  7.53%   440  145s
  1209   256     cutoff   25         0.56362    0.52278  7.25%   446  150s
  1261   248    0.54217   27  232    0.56362    0.52312  7.19%   453  155s
  1300   241    0.54512   23  212    0.56362    0.52584  6.70%   461  160s
  1358   246    0.54212   23  259    0.56362    0.52613  6.65%   453  165s
  1399   256     cutoff   20         0.56362    0.52717  6.47%   459  170s
  1437   263    0.55562   26  227    0.56362    0.52840  6.25%   465  175s
  1484   266    0.53659   23  311    0.56362    0.53006  5.95%   462  180s
  1514   266    0.53646   21  276    0.56362    0.53054  5.87%   471  185s
  1548   263    0.55837   25  173    0.56362    0.53130  5.74%   482  190s
  1618   274    0.53688   20  265    0.56362    0.53201  5.61%   479  195s
  1670   285     cutoff   24         0.56362    0.53324  5.39%   481  200s
  1716   292     cutoff   21         0.56362    0.53391  5.27%   486  205s
  1782   296     cutoff   19         0.56362    0.53609  4.89%   486  210s
  1864   309    0.53973   24  257    0.56362    0.53728  4.68%   482  215s
  1931   295     cutoff   22         0.56362    0.54046  4.11%   484  220s
  1993   307    0.55091   27  162    0.56362    0.54085  4.04%   486  225s
  2065   309    0.55513   20  228    0.56362    0.54190  3.86%   486  230s
  2158   325     cutoff   24         0.56362    0.54255  3.74%   480  235s
  2229   329     cutoff   28         0.56362    0.54353  3.56%   483  240s
  2279   316    0.55181   21  243    0.56362    0.54477  3.35%   489  245s
  2331   314    0.55552   38  172    0.56362    0.54543  3.23%   490  250s
  2421   318     cutoff   22         0.56362    0.54624  3.08%   487  255s
  2555   343     cutoff   24         0.56362    0.54706  2.94%   473  260s
  2668   361    0.55209   26  277    0.56362    0.54794  2.78%   466  265s
  2716   363    0.55171   26  214    0.56362    0.54880  2.63%   466  270s
  2815   352    0.55121   32  199    0.56362    0.55018  2.39%   465  275s
  2901   343    0.56314   34  142    0.56362    0.55086  2.26%   466  280s
  2985   330    0.55519   40  116    0.56362    0.55151  2.15%   466  285s
  3141   336     cutoff   35         0.56362    0.55254  1.97%   455  290s
  3285   322     cutoff   28         0.56362    0.55350  1.80%   449  295s
  3405   285    0.55889   34  160    0.56362    0.55445  1.63%   445  300s
  3542   242    0.55833   34  145    0.56362    0.55550  1.44%   439  305s
  3706   213    0.56019   23  185    0.56362    0.55646  1.27%   430  310s
  3871   153     cutoff   40         0.56362    0.55786  1.02%   422  315s
H 3941   125                       0.5629814    0.55852  0.79%   418  317s
  4003    99     cutoff   27         0.56298    0.55918  0.68%   417  320s

Cutting planes:
  Learned: 17
  Gomory: 5
  Cover: 70
  Implied bound: 211
  Projected implied bound: 35
  Clique: 17
  MIR: 400
  StrongCG: 28
  Flow cover: 544
  GUB cover: 3
  Zero half: 5
  Network: 33
  RLT: 11
  Relax-and-lift: 105
  BQP: 2

Explored 4148 nodes (1748763 simplex iterations) in 323.60 seconds (660.91 work units)
Most recent optimization runtime was 322.48 seconds (658.60 work units)
Thread count was 1 (of 20 available processors)

Solution count 10: 0.562981 0.563625 0.566924 ... 0.585659

Optimal solution found (tolerance 0.00e+00)
Best objective 5.629814005590e-01, best bound 5.629814005590e-01, gap 0.0000%

User-callback calls 61809, time in user-callback 0.02 sec
