
Gurobi 13.0.2 (win64) logging started Sun Aug  9 14:28:56 2026

Set parameter LogFile to value "E:\codes\ExactEBRP\results\gf_simple_start_qualification_round35\runs\matrix1800__tight_T_seed4101__c6_simple_start__1800s\external\native_logs\L2_lp.gurobi.log"
Gurobi Optimizer version 13.0.2 build v13.0.2rc1 (win64 - Windows 10.0 (19045.2))

CPU model: 12th Gen Intel(R) Core(TM) i7-12700KF, instruction set [SSE2|AVX|AVX2]
Thread count: 12 physical cores, 20 logical processors, using up to 1 threads

Non-default parameters:
TimeLimit  1783.384792
MIPGap  0
MIPGapAbs  0
LogToConsole  0
Threads  1

Optimize a model with 11897 rows, 3372 columns and 67355 nonzeros (Min)
Model fingerprint: 0x9ea5a4a7
Model has 21 linear objective coefficients
Coefficient statistics:
  Matrix range     [7e-03, 2e+04]
  Objective range  [7e-03, 1e+00]
  Bounds range     [4e-01, 9e+02]
  RHS range        [4e-01, 5e+04]

Presolve removed 1492 rows and 101 columns
Presolve time: 0.03s
Presolved: 10405 rows, 3272 columns, 56073 nonzeros

Iteration    Objective       Primal Inf.    Dual Inf.      Time
       0    5.0650072e-01   4.816009e+02   0.000000e+00      0s

Extra simplex iterations after uncrush: 22
    3128    6.0030651e-01   0.000000e+00   0.000000e+00      0s

Solved in 3128 iterations and 0.21 seconds (0.56 work units)
Optimal objective  6.003065064e-01

User-callback calls 3277, time in user-callback 0.00 sec
