
Gurobi 13.0.2 (win64) logging started Sat Jul 25 07:59:08 2026

Set parameter LogFile to value "E:\codes\ExactEBRP\results\gf_nonblocking_gurobi_c6_round31\runs\stage6__high_imbalance_seed6202__c5_candidate__1200s\external\native_logs\L3_terminal_mip.gurobi.log"
Gurobi Optimizer version 13.0.2 build v13.0.2rc1 (win64 - Windows 10.0 (19045.2))

CPU model: 12th Gen Intel(R) Core(TM) i7-12700KF, instruction set [SSE2|AVX|AVX2]
Thread count: 12 physical cores, 20 logical processors, using up to 1 threads

Non-default parameters:
TimeLimit  1137.1530316
MIPGap  0
MIPGapAbs  0
LogToConsole  0
Threads  1

Optimize a model with 93009 rows, 18187 columns and 663353 nonzeros (Min)
Model fingerprint: 0x29688e2d
Model has 51 linear objective coefficients
Variable types: 9458 continuous, 8729 integer (8229 binary)
Coefficient statistics:
  Matrix range     [1e-02, 2e+04]
  Objective range  [1e-02, 1e+00]
  Bounds range     [7e-01, 5e+04]
  RHS range        [7e-01, 1e+05]

Presolve removed 16520 rows and 145 columns
Presolve time: 1.70s
Presolved: 76489 rows, 18042 columns, 509011 nonzeros
Variable types: 9374 continuous, 8668 integer (8196 binary)
Root relaxation presolved: 17919 rows, 94216 columns, 526549 nonzeros


Root simplex log...

Iteration    Objective       Primal Inf.    Dual Inf.      Time
    8570    3.1592036e+32   8.586198e+34   3.159204e+02      5s
   16513    7.5572083e+00   0.000000e+00   0.000000e+00      8s
   16513    7.5572083e+00   0.000000e+00   0.000000e+00      8s
   16555    7.5572058e+00   0.000000e+00   0.000000e+00      8s

Extra simplex iterations from dual to original model: 42

Root relaxation: objective 7.557206e+00, 16555 iterations, 6.42 seconds (19.48 work units)

    Nodes    |    Current Node    |     Objective Bounds      |     Work
 Expl Unexpl |  Obj  Depth IntInf | Incumbent    BestBd   Gap | It/Node Time

     0     0    7.55721    0  176          -    7.55721      -     -    8s
     0     0    8.19170    0  202          -    8.19170      -     -   11s
     0     0    8.20309    0  161          -    8.20309      -     -   13s
     0     0    8.31837    0  237          -    8.31837      -     -   15s
     0     0    8.46496    0  226          -    8.46496      -     -   16s
     0     0    8.58813    0  240          -    8.58813      -     -   18s
     0     0    8.60095    0  254          -    8.60095      -     -   19s
     0     0    8.60687    0  264          -    8.60687      -     -   20s
     0     0    8.63696    0  267          -    8.63696      -     -   20s
     0     0    8.63739    0  276          -    8.63739      -     -   20s
     0     0    8.63741    0  279          -    8.63741      -     -   20s
     0     0    8.67622    0  257          -    8.67622      -     -   22s
     0     0    8.67772    0  252          -    8.67772      -     -   23s
     0     0    8.67891    0  284          -    8.67891      -     -   23s
     0     0    8.67930    0  300          -    8.67930      -     -   23s
     0     0    8.67932    0  309          -    8.67932      -     -   24s
     0     0    8.70158    0  259          -    8.70158      -     -   25s
     0     0    8.70843    0  297          -    8.70843      -     -   26s
     0     0    8.70843    0  300          -    8.70843      -     -   26s
     0     0    8.71878    0  266          -    8.71878      -     -   27s
     0     0    8.72573    0  340          -    8.72573      -     -   32s
     0     0    8.72573    0  335          -    8.72573      -     -   32s
     0     0    8.72573    0  338          -    8.72573      -     -   32s
     0     0    8.72573    0  349          -    8.72573      -     -   32s
     0     0    8.73215    0  297          -    8.73215      -     -   33s
     0     0    8.73252    0  322          -    8.73252      -     -   36s
     0     0    8.73274    0  347          -    8.73274      -     -   36s
     0     0    8.73275    0  335          -    8.73275      -     -   36s
     0     0    8.74829    0  363          -    8.74829      -     -   37s
     0     0    8.74927    0  352          -    8.74927      -     -   39s
     0     0    8.74941    0  360          -    8.74941      -     -   39s
     0     0    8.75191    0  288          -    8.75191      -     -   40s
     0     0    8.75270    0  306          -    8.75270      -     -   41s
     0     0    8.75336    0  303          -    8.75336      -     -   41s
     0     0    8.75347    0  306          -    8.75347      -     -   41s
     0     0    8.77756    0  240          -    8.77756      -     -   43s
     0     0    8.78455    0  309          -    8.78455      -     -   44s
     0     0    8.78578    0  330          -    8.78578      -     -   44s
     0     0    8.78611    0  338          -    8.78611      -     -   44s
     0     0    8.78624    0  332          -    8.78624      -     -   45s
     0     0    8.79255    0  345          -    8.79255      -     -   46s
     0     0    8.79387    0  329          -    8.79387      -     -   46s
     0     0    8.79398    0  346          -    8.79398      -     -   46s
     0     0    8.79597    0  334          -    8.79597      -     -   47s
     0     0    8.79644    0  340          -    8.79644      -     -   48s
     0     0    8.79646    0  343          -    8.79646      -     -   49s
     0     0    8.79894    0  383          -    8.79894      -     -   50s
     0     0    8.79936    0  365          -    8.79936      -     -   51s
     0     0    8.79965    0  383          -    8.79965      -     -   51s
     0     0    8.79987    0  395          -    8.79987      -     -   51s
     0     0    8.79987    0  393          -    8.79987      -     -   51s
     0     0    8.80191    0  420          -    8.80191      -     -   52s
     0     0    8.80199    0  383          -    8.80199      -     -   54s
     0     0    8.80233    0  383          -    8.80233      -     -   55s
     0     0    8.80263    0  390          -    8.80263      -     -   55s
     0     0    8.80264    0  388          -    8.80264      -     -   55s
     0     0    8.80472    0  390          -    8.80472      -     -   56s
     0     0    8.80490    0  395          -    8.80490      -     -   57s
     0     0    8.80494    0  391          -    8.80494      -     -   57s
     0     0    8.80596    0  395          -    8.80596      -     -   58s
     0     0    8.80605    0  409          -    8.80605      -     -   60s
     0     0    8.80797    0  419          -    8.80797      -     -   61s
     0     0    8.80821    0  426          -    8.80821      -     -   61s
     0     0    8.80837    0  431          -    8.80837      -     -   61s
     0     0    8.81193    0  366          -    8.81193      -     -   62s
     0     0    8.81239    0  360          -    8.81239      -     -   65s
     0     0    8.81243    0  379          -    8.81243      -     -   66s
     0     0    8.81263    0  383          -    8.81263      -     -   66s
     0     0    8.81267    0  389          -    8.81267      -     -   67s
     0     0    8.81274    0  380          -    8.81274      -     -   68s
     0     0    8.81279    0  380          -    8.81279      -     -   69s
     0     0    8.81279    0  359          -    8.81279      -     -   69s
     0     2    8.81330    0  353          -    8.81330      -     -   79s
     2     4    8.87692    1  212          -    8.87293      -   523   80s
     9    11    9.42769    6  235          -    8.87361      -   574   91s
    24    18 infeasible   15               -    8.87361      -   456   95s
H   27    19                       9.8115419    8.87734  9.52%   456   97s
H   27    19                       9.8115077    8.87734  9.52%   456   97s
H   27    19                       9.8082578    8.87734  9.49%   456   97s
H   27    19                       9.8071745    8.87734  9.48%   456   98s
H   27    19                       9.8060081    8.87734  9.47%   456   98s
    38    29    9.51844   12  194    9.80601    8.87734  9.47%   432  100s
    91    62    9.23567    6  222    9.80601    8.90308  9.21%   288  105s
   137   102 infeasible   41         9.80601    8.90308  9.21%   269  110s
   161   114    9.67751   10  221    9.80601    8.92491  8.99%   299  115s
   208   139    9.45306    8  222    9.80601    8.93400  8.89%   288  120s
   252   166    9.73432    8  208    9.80601    9.04295  7.78%   280  125s
   292   181     cutoff   27         9.80601    9.07899  7.41%   277  130s
   331   202    9.78298   32  182    9.80601    9.08289  7.37%   279  135s
   403   258    9.73170    6  203    9.80601    9.08617  7.34%   259  140s
   428   262    9.63660    4  262    9.80601    9.15994  6.59%   268  145s
   456   267 infeasible   12         9.80601    9.20101  6.17%   273  150s
   492   280    9.65765   11  204    9.80601    9.23570  5.82%   277  155s
   537   313    9.77594   47  117    9.80601    9.23570  5.82%   279  160s
   624   398    9.78497  124  122    9.80601    9.23570  5.82%   269  165s
   663   407    9.62411    8  228    9.80601    9.24684  5.70%   276  170s
H  676   372                       9.8000128    9.24800  5.63%   281  173s
H  676   370                       9.7969801    9.24800  5.60%   281  173s
H  676   361                       9.7954353    9.24800  5.59%   281  173s
   687   374    9.70259   13  176    9.79544    9.26053  5.46%   282  175s
   689   375    9.60598    6  359    9.79544    9.26053  5.46%   282  204s
   691   376    9.52102   13  164    9.79544    9.26053  5.46%   281  213s
   692   377    9.50975   11  300    9.79544    9.26053  5.46%   280  219s
   693   378    9.38882    9  302    9.79544    9.26053  5.46%   280  221s
   696   380    9.77451   28  287    9.79544    9.26053  5.46%   279  225s
   698   381    9.75266   36  331    9.79544    9.26053  5.46%   278  230s
   699   382    9.77885   81  315    9.79544    9.26053  5.46%   278  236s
   701   383    9.77550   59  347    9.79544    9.26053  5.46%   277  243s
   703   384    9.77887   86  419    9.79544    9.26053  5.46%   276  248s
H  703   364                       9.7949680    9.26053  5.46%   276  252s
H  703   346                       9.7939738    9.26053  5.45%   276  252s
   705   348    9.68670   29  420    9.79397    9.26053  5.45%   275  255s
   707   349    9.77368   52  372    9.79397    9.26053  5.45%   275  262s
H  707   331                       9.7921916    9.26053  5.43%   275  266s
H  707   314                       9.7917042    9.26053  5.42%   275  266s
   710   316    9.71706   36  387    9.79170    9.26053  5.42%   273  273s
   711   317    9.76837   15  380    9.79170    9.26053  5.42%   273  283s
   712   317    9.69311   11  380    9.79170    9.26053  5.42%   273  299s
   713   320    9.26053   10  304    9.79170    9.26053  5.42%   359  302s
H  714   303                       9.7912276    9.26053  5.42%   359  307s
H  714   287                       9.7909421    9.26053  5.42%   359  307s
   715   289    9.26053   11  331    9.79094    9.26053  5.42%   362  311s
   718   291    9.36071   12  295    9.79094    9.26053  5.42%   367  316s
H  719   276                       9.7908583    9.26053  5.42%   366  318s
   721   277    9.44725   14  252    9.79086    9.26053  5.42%   368  321s
   724   278    9.51811   15  222    9.79086    9.26053  5.42%   376  327s
   728   279    9.75229   17  187    9.79086    9.26053  5.42%   385  331s
   733   281    9.74155   20  207    9.79086    9.26053  5.42%   394  335s
   746   275    9.26053   11  294    9.79086    9.26053  5.42%   395  340s
   751   278    9.26053   14  212    9.79086    9.26053  5.42%   406  345s
   755   281    9.35932   16  229    9.79086    9.26053  5.42%   411  350s
   762   284    9.66758   19  247    9.79086    9.26053  5.42%   419  355s
   770   280    9.73765   23  178    9.79086    9.26053  5.42%   421  360s
   779   277    9.26053   11  252    9.79086    9.26053  5.42%   422  365s
   784   279    9.26119   14  233    9.79086    9.26053  5.42%   433  370s
   790   281    9.45640   17  298    9.79086    9.26053  5.42%   444  375s
   796   281    9.75002   20  249    9.79086    9.26053  5.42%   450  380s
   807   278    9.68561   30  198    9.79086    9.26053  5.42%   446  385s
   822   274    9.75034   45  166    9.79086    9.26053  5.42%   440  390s
   826   272    9.26053   13  233    9.79086    9.26053  5.42%   443  396s
   831   275    9.39298   15  223    9.79086    9.26053  5.42%   450  400s
   838   277    9.68957   19  171    9.79086    9.26053  5.42%   458  405s
   850   275    9.77539   26  178    9.79086    9.26053  5.42%   466  410s
   863   283    9.73682   33  150    9.79086    9.26053  5.42%   472  415s
   873   282 infeasible   38         9.79086    9.26053  5.42%   474  421s
   876   279 infeasible   39         9.79086    9.26053  5.42%   473  425s
   881   280    9.65401   15  180    9.79086    9.26053  5.42%   480  430s
   894   279    9.26053   14  323    9.79086    9.26053  5.42%   482  435s
   896   280    9.36506   15  301    9.79086    9.26053  5.42%   484  440s
   901   280    9.67430   18  204    9.79086    9.26053  5.42%   491  447s
   909   277    9.70518   24  182    9.79086    9.26053  5.42%   488  450s
   928   274    9.74449   36  181    9.79086    9.26053  5.42%   486  455s
   944   272    9.48539   13  318    9.79086    9.26053  5.42%   489  460s
   956   268    9.78592   16  234    9.79086    9.26053  5.42%   491  465s
   962   267    9.73009   17  271    9.79086    9.26053  5.42%   498  470s
   974   262    9.60801   20  246    9.79086    9.26053  5.42%   499  475s
   989   260    9.44752   17  230    9.79086    9.26053  5.42%   498  480s
  1000   262    9.73700   26  173    9.79086    9.26053  5.42%   504  485s
  1014   264    9.78082   38  161    9.79086    9.26053  5.42%   502  490s
  1025   260     cutoff   16         9.79086    9.26053  5.42%   507  495s
  1034   260    9.73444   19  173    9.79086    9.26053  5.42%   510  500s
  1047   255 infeasible   17         9.79086    9.26053  5.42%   510  505s
  1057   253    9.68922   17  228    9.79086    9.26053  5.42%   513  510s
  1066   252    9.62219   18  205    9.79086    9.26053  5.42%   518  515s
  1077   254    9.71426   28  179    9.79086    9.26053  5.42%   516  520s
  1087   253    9.76435   35  185    9.79086    9.26053  5.42%   518  529s
  1090   253    9.72466   39  175    9.79086    9.26053  5.42%   518  530s
  1098   253 infeasible   44         9.79086    9.26053  5.42%   523  535s
  1111   251    9.77054   53  133    9.79086    9.26053  5.42%   522  540s
  1122   249    9.76935   19  268    9.79086    9.26683  5.35%   524  545s
  1134   243    9.55314   15  274    9.79086    9.31269  4.88%   525  551s
  1143   243     cutoff   24         9.79086    9.31269  4.88%   524  555s
  1152   238    9.76890   18  239    9.79086    9.35632  4.44%   531  560s
  1161   236    9.68077   21  229    9.79086    9.36077  4.39%   535  565s
  1174   231    9.77156   34  166    9.79086    9.36077  4.39%   533  570s
  1183   229    9.54437   14  248    9.79086    9.36086  4.39%   533  575s
  1192   225    9.61022   17  333    9.79086    9.37131  4.29%   538  580s
  1202   220    9.71948   19  272    9.79086    9.37131  4.29%   541  585s
  1210   218    9.76541   18  249    9.79086    9.37149  4.28%   544  590s
  1217   216    9.65652   18  224    9.79086    9.38528  4.14%   546  596s
  1226   211    9.68005   17  309    9.79086    9.39254  4.07%   553  600s
  1236   204    9.51204   17  225    9.79086    9.44537  3.53%   560  605s
  1245   203     cutoff   25         9.79086    9.44537  3.53%   561  610s
  1254   199    9.64623   18  172    9.79086    9.44798  3.50%   564  615s
  1267   195    9.68234   31  193    9.79086    9.44798  3.50%   561  620s
  1288   188    9.68279   52  159    9.79086    9.44798  3.50%   553  625s
  1302   193    9.73766   65  169    9.79086    9.44798  3.50%   557  630s
  1317   197    9.77920   77  128    9.79086    9.44798  3.50%   556  635s
  1337   197    9.78528   97  126    9.79086    9.44798  3.50%   552  640s
  1364   189    9.51533   16  211    9.79086    9.45251  3.46%   549  645s
  1373   188    9.70874   17  187    9.79086    9.45575  3.42%   550  650s
  1388   184    9.76115   24  167    9.79086    9.47287  3.25%   552  655s
  1401   179    9.58710   17  278    9.79086    9.49071  3.07%   553  660s
  1411   173    9.54962   15  220    9.79086    9.51536  2.81%   554  665s
  1424   168    9.74247   17  245    9.79086    9.51950  2.77%   554  670s
  1434   163    9.74089   20  287    9.79086    9.53872  2.58%   555  675s
  1446   155    9.72947   16  247    9.79086    9.56002  2.36%   557  680s
  1458   152    9.71074   21  261    9.79086    9.56039  2.35%   561  685s
  1469   151    9.72157   32  255    9.79086    9.56039  2.35%   558  690s
  1484   160    9.75870   47  188    9.79086    9.56039  2.35%   559  695s
  1503   168    9.76858   65  182    9.79086    9.56039  2.35%   557  700s
  1504   168    9.76860   66  185    9.79086    9.56039  2.35%   557  713s
  1517   174    9.76965   78  159    9.79086    9.56039  2.35%   554  715s
  1531   175    9.77312   90  127    9.79086    9.56039  2.35%   554  720s
  1545   167     cutoff   24         9.79086    9.62870  1.66%   560  725s
  1564   168    9.64166   17  326    9.79086    9.63160  1.63%   561  732s
  1569   164    9.73615   15  267    9.79086    9.63774  1.56%   564  735s
  1587   157 infeasible   18         9.79086    9.67400  1.19%   563  740s
  1602   153    9.70832   18  228    9.79086    9.67731  1.16%   565  745s
  1615   145    9.76548   21  194    9.79086    9.69334  1.00%   572  751s
  1646   151    9.77934   48  103    9.79086    9.69334  1.00%   564  755s
  1667   152    9.76307   33  149    9.79086    9.70503  0.88%   567  760s
  1697   172    9.77235   63  146    9.79086    9.70503  0.88%   562  765s
  1730   203    9.77300   96  160    9.79086    9.70503  0.88%   554  770s
  1759   204    9.74145   26  179    9.79086    9.71093  0.82%   553  775s
  1785   216    9.71364   25  187    9.79086    9.71364  0.79%   552  780s
  1800   224    9.75512   36  170    9.79086    9.71369  0.79%   552  785s
  1817   230    9.78445   46  135    9.79086    9.71369  0.79%   554  790s
  1860   225    9.72688   32  277    9.79086    9.72073  0.72%   550  796s
  1879   230    9.78297   50  205    9.79086    9.72073  0.72%   546  800s
  1897   231    9.77374   34  180    9.79086    9.72359  0.69%   549  805s
  1946   253    9.74666   63  139    9.79086    9.72614  0.66%   538  810s
H 1949   250                       9.7908583    9.72614  0.66%   537  810s
  1962   249    9.75605   45  156    9.79086    9.72997  0.62%   542  815s
  1991   262     cutoff   72         9.79086    9.72997  0.62%   538  820s
  2013   257    9.77345   41  195    9.79086    9.73383  0.58%   541  825s
  2044   253    9.75464   39  162    9.79086    9.73766  0.54%   537  830s
  2060   257    9.77264   75  158    9.79086    9.73854  0.53%   541  835s
  2080   269    9.78424   93   99    9.79086    9.73854  0.53%   540  840s
  2103   279    9.75470   71  188    9.79086    9.74048  0.51%   540  845s
  2120   283    9.76815   46  212    9.79086    9.74065  0.51%   542  850s
  2151   301    9.77995   31  171    9.79086    9.74080  0.51%   539  855s
  2190   322    9.76911   70  135    9.79086    9.74089  0.51%   534  860s
  2235   346    9.74350   42  230    9.79086    9.74241  0.49%   527  865s
  2265   365    9.78817   68  124    9.79086    9.74241  0.49%   526  870s
  2297   369    9.78095   56  171    9.79086    9.74291  0.49%   525  875s
  2317   370    9.75726   41  215    9.79086    9.74504  0.47%   525  880s
  2333   376    9.78390   56  171    9.79086    9.74504  0.47%   528  885s
  2356   374    9.76898   41  136    9.79086    9.74578  0.46%   528  890s
  2396   389    9.78749   56   43    9.79086    9.74772  0.44%   524  895s
  2428   395    9.77613   40  141    9.79086    9.74932  0.42%   523  900s
  2474   413    9.78539   51  113    9.79086    9.75141  0.40%   520  905s
  2520   439    9.78506   36  106    9.79086    9.75153  0.40%   517  910s
  2570   451    9.78083   63  124    9.79086    9.75153  0.40%   514  915s
  2621   451    9.76136   42  212    9.79086    9.75229  0.39%   509  920s
  2652   453    9.75761   37  211    9.79086    9.75534  0.36%   510  926s
  2675   450    9.76399   39  153    9.79086    9.75646  0.35%   511  930s
  2721   462     cutoff   15         9.79086    9.75656  0.35%   506  935s
  2755   459    9.78413   38  170    9.79086    9.75798  0.34%   507  940s
  2790   458    9.78555   76  162    9.79086    9.75922  0.32%   507  945s
  2830   473     cutoff   72         9.79086    9.75934  0.32%   506  950s
  2869   493 infeasible   76         9.79086    9.75959  0.32%   503  955s
  2917   507    9.77144   58  101    9.79086    9.76042  0.31%   500  960s
  2958   533    9.77607   62  130    9.79086    9.76063  0.31%   497  965s
  2988   548    9.77600   48  155    9.79086    9.76191  0.30%   496  970s
  3036   556    9.78205   55  173    9.79086    9.76247  0.29%   494  975s
  3081   573    9.78173   38  140    9.79086    9.76304  0.28%   492  980s
  3128   572    9.77525   39  176    9.79086    9.76395  0.27%   491  985s
  3205   627    9.78412   99  104    9.79086    9.76429  0.27%   483  990s
  3241   632    9.77083   42  166    9.79086    9.76497  0.26%   482  995s
  3285   646    9.78905   37  134    9.79086    9.76542  0.26%   482 1000s
  3344   649    9.77813   46  196    9.79086    9.76680  0.25%   479 1005s
  3373   645 infeasible   47         9.79086    9.76772  0.24%   479 1010s
  3447   677    9.77557   62  151    9.79086    9.76805  0.23%   474 1015s
  3519   716     cutoff   39         9.79086    9.76815  0.23%   468 1020s
  3563   740    9.78971   80   95    9.79086    9.76854  0.23%   468 1025s
  3594   734    9.77456   54  132    9.79086    9.76900  0.22%   468 1030s
  3638   749    9.78090   49  188    9.79086    9.76913  0.22%   467 1035s
  3679   769    9.77195   52  162    9.79086    9.76914  0.22%   467 1040s
  3715   771 infeasible   73         9.79086    9.76943  0.22%   468 1045s
  3749   787    9.78635   61   81    9.79086    9.76948  0.22%   468 1050s
  3794   807    9.78482   66  147    9.79086    9.76949  0.22%   466 1055s
  3829   804     cutoff   49         9.79086    9.76974  0.22%   467 1060s
  3856   820    9.78151   59   86    9.79086    9.76999  0.21%   468 1065s
  3905   832    9.78506   51  150    9.79086    9.77004  0.21%   467 1070s
  3960   844    9.77180   47  145    9.79086    9.77042  0.21%   466 1075s
  4011   840     cutoff   55         9.79086    9.77063  0.21%   464 1080s
  4098   899    9.78887   63  185    9.79086    9.77086  0.20%   458 1085s
  4170   908    9.78066   59  168    9.79086    9.77091  0.20%   454 1090s
  4226   939    9.78391   43  172    9.79086    9.77097  0.20%   452 1095s
  4287   965    9.78711   53   93    9.79086    9.77108  0.20%   449 1100s
  4338   972    9.78952   64  112    9.79086    9.77153  0.20%   449 1105s
  4385   966     cutoff   46         9.79086    9.77177  0.19%   448 1110s
  4455   935     cutoff   71         9.79086    9.77264  0.19%   446 1115s
  4489   942    9.78199   41  103    9.79086    9.77268  0.19%   447 1120s
  4564   946 infeasible   89         9.79086    9.77294  0.18%   444 1125s
  4616   960    9.77467   78  126    9.79086    9.77310  0.18%   442 1130s
  4662   963    9.78581   38  181    9.79086    9.77323  0.18%   442 1135s

Cutting planes:
  Learned: 15
  Gomory: 8
  Lift-and-project: 3
  Cover: 143
  Implied bound: 378
  Projected implied bound: 143
  Clique: 29
  MIR: 690
  StrongCG: 37
  Flow cover: 885
  GUB cover: 3
  Inf proof: 1
  Zero half: 11
  Network: 46
  RLT: 2
  Relax-and-lift: 141
  BQP: 3

Explored 4689 nodes (2099211 simplex iterations) in 1137.17 seconds (2589.72 work units)
Thread count was 1 (of 20 available processors)

Solution count 10: 9.79086 9.79094 9.79123 ... 9.80001

Time limit reached
Best objective 9.790858287105e+00, best bound 9.773425865382e+00, gap 0.1780%

User-callback calls 149837, time in user-callback 0.04 sec
