
Gurobi 13.0.2 (win64) logging started Sat Aug  8 14:51:28 2026

Set parameter LogFile to value "E:\codes\ExactEBRP\results\gf_c6_documentation_hga_round34\runs\v10__round33_v10_moderate_M2_Q30_seed763364383__c6_hga_light__3600s\external\native_logs\L0_c6_1_next_leaf_target_mip.gurobi.log"
Gurobi Optimizer version 13.0.2 build v13.0.2rc1 (win64 - Windows 10.0 (19045.2))

CPU model: 12th Gen Intel(R) Core(TM) i7-12700KF, instruction set [SSE2|AVX|AVX2]
Thread count: 12 physical cores, 20 logical processors, using up to 1 threads

Non-default parameters:
TimeLimit  3582.8959431
MIPGap  0
MIPGapAbs  0
LogToConsole  0
Threads  1

Optimize a model with 4269 rows, 761 columns and 30504 nonzeros (Min)
Model fingerprint: 0x3d2390ca
Model has 11 linear objective coefficients
Variable types: 375 continuous, 386 integer (316 binary)
Coefficient statistics:
  Matrix range     [9e-03, 1e+05]
  Objective range  [9e-03, 1e+00]
  Bounds range     [3e-02, 9e+01]
  RHS range        [3e-02, 1e+06]

Presolve removed 694 rows and 57 columns
Presolve time: 0.15s
Presolved: 3575 rows, 704 columns, 39492 nonzeros
Variable types: 348 continuous, 356 integer (296 binary)

Root relaxation: objective 7.925481e-02, 936 iterations, 0.05 seconds (0.15 work units)

    Nodes    |    Current Node    |     Objective Bounds      |     Work
 Expl Unexpl |  Obj  Depth IntInf | Incumbent    BestBd   Gap | It/Node Time

     0     0    0.07925    0  125          -    0.07925      -     -    0s

Explored 1 nodes (936 simplex iterations) in 0.23 seconds (0.41 work units)
Thread count was 1 (of 20 available processors)

Solution count 0

Solve interrupted
Best objective -, best bound 7.925480920152e-02, gap -

User-callback calls 832, time in user-callback 0.00 sec
