
Gurobi 13.0.2 (win64) logging started Sat Aug  8 14:51:50 2026

Set parameter LogFile to value "E:\codes\ExactEBRP\results\gf_c6_documentation_hga_round34\runs\v10__round33_v10_moderate_M2_Q30_seed763364383__c6_hga_light__3600s\external\native_logs\L3.0_lp.gurobi.log"
Gurobi Optimizer version 13.0.2 build v13.0.2rc1 (win64 - Windows 10.0 (19045.2))

CPU model: 12th Gen Intel(R) Core(TM) i7-12700KF, instruction set [SSE2|AVX|AVX2]
Thread count: 12 physical cores, 20 logical processors, using up to 1 threads

Non-default parameters:
TimeLimit  3560.9613861
MIPGap  0
MIPGapAbs  0
LogToConsole  0
Threads  1

Optimize a model with 4272 rows, 761 columns and 30638 nonzeros (Min)
Model fingerprint: 0xb91e8b0c
Model has 11 linear objective coefficients
Coefficient statistics:
  Matrix range     [9e-03, 1e+05]
  Objective range  [9e-03, 1e+00]
  Bounds range     [1e-01, 5e+01]
  RHS range        [1e-01, 1e+06]

Presolve removed 200 rows and 44 columns
Presolve time: 0.01s
Presolved: 4072 rows, 718 columns, 30102 nonzeros

Iteration    Objective       Primal Inf.    Dual Inf.      Time
       0    1.0213583e-01   2.865712e+02   0.000000e+00      0s
     566    1.2305522e-01   0.000000e+00   0.000000e+00      0s

Solved in 566 iterations and 0.03 seconds (0.11 work units)
Optimal objective  1.230552202e-01

User-callback calls 708, time in user-callback 0.00 sec
