
Gurobi 13.0.2 (win64) logging started Fri Jul 24 21:47:21 2026

Set parameter LogFile to value "E:\codes\ExactEBRP\results\gf_nonblocking_gurobi_c6_round31\runs\stage2__high_imbalance_seed5202__c6_candidate__300s\native.log"
Set parameter Threads to value 1
Set parameter Presolve to value -1
Set parameter Seed to value 0
Set parameter MIPGap to value 0
Set parameter MIPGapAbs to value 0
Warning: unknown variable 'r_max' in bounds section (line 13966)
Warning: unknown variable 'r_min' in bounds section (line 13967)
Read LP format model from file E:\codes\ExactEBRP\results\gf_nonblocking_gurobi_c6_round31\runs\stage2__high_imbalance_seed5202__c6_candidate__300s\external\models\L0.lp
Reading time = 0.02 seconds
obj: 11923 rows, 3380 columns, 67164 nonzeros
Set parameter TimeLimit to value 281.0931587
Warning: unknown variable 'r_max' in bounds section (line 13966)
Warning: unknown variable 'r_min' in bounds section (line 13967)
Read LP format model from file E:\codes\ExactEBRP\results\gf_nonblocking_gurobi_c6_round31\runs\stage2__high_imbalance_seed5202__c6_candidate__300s\external\models\L1.lp
Reading time = 0.02 seconds
obj: 11923 rows, 3380 columns, 67410 nonzeros
Set parameter TimeLimit to value 280.879776
Warning: unknown variable 'r_max' in bounds section (line 13966)
Warning: unknown variable 'r_min' in bounds section (line 13967)
Read LP format model from file E:\codes\ExactEBRP\results\gf_nonblocking_gurobi_c6_round31\runs\stage2__high_imbalance_seed5202__c6_candidate__300s\external\models\L2.lp
Reading time = 0.02 seconds
obj: 11923 rows, 3380 columns, 67410 nonzeros
Set parameter TimeLimit to value 280.4521187
Warning: unknown variable 'r_max' in bounds section (line 13966)
Warning: unknown variable 'r_min' in bounds section (line 13967)
Read LP format model from file E:\codes\ExactEBRP\results\gf_nonblocking_gurobi_c6_round31\runs\stage2__high_imbalance_seed5202__c6_candidate__300s\external\models\L3.lp
Reading time = 0.02 seconds
obj: 11923 rows, 3380 columns, 67030 nonzeros
Set parameter TimeLimit to value 2.8010491460000003e+02
