
Gurobi 13.0.2 (win64) logging started Sat Aug  8 14:55:15 2026

Set parameter LogFile to value "E:\codes\ExactEBRP\results\gf_c6_documentation_hga_round34\runs\v10__round33_v10_moderate_M3_Q20_seed935682861__c6_simple_start__3600s\external\native_logs\L0_lp.gurobi.log"
Gurobi Optimizer version 13.0.2 build v13.0.2rc1 (win64 - Windows 10.0 (19045.2))

CPU model: 12th Gen Intel(R) Core(TM) i7-12700KF, instruction set [SSE2|AVX|AVX2]
Thread count: 12 physical cores, 20 logical processors, using up to 1 threads

Non-default parameters:
TimeLimit  3584.9203591
MIPGap  0
MIPGapAbs  0
LogToConsole  0
Threads  1

Optimize a model with 6006 rows, 1043 columns and 44187 nonzeros (Min)
Model fingerprint: 0x466ca31e
Model has 11 linear objective coefficients
Coefficient statistics:
  Matrix range     [8e-04, 1e+05]
  Objective range  [7e-03, 1e+00]
  Bounds range     [8e-04, 5e+01]
  RHS range        [8e-04, 1e+06]

Presolve removed 554 rows and 86 columns
Presolve time: 0.02s
Presolved: 5452 rows, 968 columns, 41698 nonzeros

Iteration    Objective       Primal Inf.    Dual Inf.      Time
       0    0.0000000e+00   1.646677e+01   0.000000e+00      0s
     280    0.0000000e+00   0.000000e+00   0.000000e+00      0s

Solved in 280 iterations and 0.03 seconds (0.09 work units)
Optimal objective  0.000000000e+00

User-callback calls 423, time in user-callback 0.00 sec
