
Gurobi 13.0.2 (win64) logging started Sat Aug  8 14:03:19 2026

Set parameter LogFile to value "E:\codes\ExactEBRP\results\gf_c6_documentation_hga_round34\runs\case__round33_v10_high_imbalance_M3_Q30_seed1765289896__p_grb__7200s\native.log"
Set parameter Threads to value 1
Set parameter Presolve to value -1
Set parameter Seed to value 0
Set parameter MIPGap to value 0
Set parameter MIPGapAbs to value 0
Set parameter TimeLimit to value 7200
Read LP format model from file E:\codes\ExactEBRP\results\gf_c6_documentation_hga_round34\runs\case__round33_v10_high_imbalance_M3_Q30_seed1765289896__p_grb__7200s\canonical.lp
Reading time = 0.00 seconds
obj: 1541 rows, 708 columns, 6517 nonzeros
Set parameter TimeLimit to value 7184.9687448
Gurobi Optimizer version 13.0.2 build v13.0.2rc1 (win64 - Windows 10.0 (19045.2))

CPU model: 12th Gen Intel(R) Core(TM) i7-12700KF, instruction set [SSE2|AVX|AVX2]
Thread count: 12 physical cores, 20 logical processors, using up to 1 threads

Non-default parameters:
TimeLimit  7184.9687448
MIPGap  0
MIPGapAbs  0
LogToConsole  0
Threads  1

Optimize a model with 1541 rows, 708 columns and 6517 nonzeros (Min)
Model fingerprint: 0xf4e7ef09
Model has 11 linear objective coefficients
Variable types: 162 continuous, 546 integer (446 binary)
Coefficient statistics:
  Matrix range     [2e-02, 5e+02]
  Objective range  [2e-02, 1e+00]
  Bounds range     [1e+00, 5e+01]
  RHS range        [1e+00, 4e+03]

Presolve removed 95 rows and 29 columns
Presolve time: 0.03s
Presolved: 1446 rows, 679 columns, 8365 nonzeros
Variable types: 105 continuous, 574 integer (434 binary)
Found heuristic solution: objective 2.9068275
Found heuristic solution: objective 2.0103150

Root relaxation: objective 2.310873e-01, 859 iterations, 0.02 seconds (0.03 work units)

    Nodes    |    Current Node    |     Objective Bounds      |     Work
 Expl Unexpl |  Obj  Depth IntInf | Incumbent    BestBd   Gap | It/Node Time

     0     0    0.23109    0  138    2.01032    0.23109  88.5%     -    0s
     0     0    0.23256    0  136    2.01032    0.23256  88.4%     -    0s
     0     0    0.25899    0  179    2.01032    0.25899  87.1%     -    0s
H    0     0                       2.0012632    0.25943  87.0%     -    0s
     0     0    0.26168    0  153    2.00126    0.26168  86.9%     -    0s
     0     0    0.27193    0  197    2.00126    0.27193  86.4%     -    0s
     0     0    0.28104    0  181    2.00126    0.28104  86.0%     -    0s
     0     0    0.32189    0  218    2.00126    0.32189  83.9%     -    0s
H    0     0                       1.9973575    0.32189  83.9%     -    0s
H    0     0                       1.9967661    0.32189  83.9%     -    0s
     0     0    0.32579    0  203    1.99677    0.32579  83.7%     -    0s
     0     0    0.32760    0  224    1.99677    0.32760  83.6%     -    0s
     0     0    0.32822    0  209    1.99677    0.32822  83.6%     -    0s
     0     0    0.32852    0  218    1.99677    0.32852  83.5%     -    0s
     0     0    0.32867    0  204    1.99677    0.32867  83.5%     -    0s
     0     0    0.32906    0  215    1.99677    0.32906  83.5%     -    0s
H    0     0                       1.8597916    0.32906  82.3%     -    0s
H    0     0                       1.8596870    0.32906  82.3%     -    0s
H    0     0                       1.8595031    0.32906  82.3%     -    0s
     0     0    0.32916    0  197    1.85950    0.32916  82.3%     -    0s
     0     0    0.32918    0  215    1.85950    0.32918  82.3%     -    0s
H    0     0                       1.8260238    0.32922  82.0%     -    0s
H    0     0                       1.8242496    0.32922  82.0%     -    0s
     0     0    0.32922    0  202    1.82425    0.32922  82.0%     -    0s
     0     0    0.32922    0  210    1.82425    0.32922  82.0%     -    0s
     0     0    0.32922    0  210    1.82425    0.32922  82.0%     -    0s
     0     0    0.32922    0  185    1.82425    0.32922  82.0%     -    0s
H    0     0                       1.8240921    0.32922  82.0%     -    0s
H    0     0                       1.8234533    0.32922  81.9%     -    0s
H    0     0                       1.8227972    0.32922  81.9%     -    0s
H    0     0                       1.8164393    0.32922  81.9%     -    0s
     0     2    0.32922    0  185    1.81644    0.32922  81.9%     -    0s
H    3     3                       1.8077014    0.33103  81.7%   234    0s
H    7     7                       1.7997265    0.33103  81.6%   346    0s
H   15    15                       1.5708654    0.33103  78.9%   397    0s
H   15    15                       1.5704364    0.33103  78.9%   397    0s
H   15    15                       1.5500954    0.33103  78.6%   397    0s
H   15    15                       1.5044062    0.33103  78.0%   397    0s
H   15    15                       1.5031304    0.33103  78.0%   397    0s
H   15    15                       1.5030909    0.33103  78.0%   397    0s
H   19    19                       1.5026303    0.33103  78.0%   349    1s
H   19    19                       1.5008221    0.33103  77.9%   349    1s
H   19    19                       1.5006329    0.33103  77.9%   349    1s
H   19    19                       1.4994344    0.33103  77.9%   349    1s
H   30    24                       1.4953892    0.36845  75.4%   349    1s
H   38    32                       1.4690278    0.36845  74.9%   355    1s
H   86    75                       1.4662424    0.36845  74.9%   173    1s
H   86    75                       1.4657671    0.36845  74.9%   173    1s
H   86    75                       1.4648885    0.36845  74.8%   173    1s
H  264   195                       1.3468092    0.37699  72.0%   113    2s
H  264   190                       1.3061525    0.37699  71.1%   113    2s
H  264   190                       1.3054626    0.37699  71.1%   113    2s
H  264   184                       1.3017008    0.37699  71.0%   113    2s
H  264   184                       1.3010557    0.37699  71.0%   113    2s
H  264   184                       1.3006676    0.37699  71.0%   113    2s
H  265   151                       1.1297284    0.37792  66.5%   127    2s
H  265   151                       1.1295670    0.37792  66.5%   127    2s
H  265   151                       1.1282676    0.37792  66.5%   127    2s
H  265   151                       1.1279156    0.37792  66.5%   127    2s
H  265   151                       1.1275605    0.37792  66.5%   127    2s
H  297   183                       1.1242696    0.37792  66.4%   120    2s
H  332   210                       1.1158354    0.37792  66.1%   109    2s
H  332   210                       1.1151728    0.37792  66.1%   109    2s
H  332   210                       1.1147415    0.37792  66.1%   109    2s
H  345   213                       1.1133347    0.37792  66.1%   108    2s
H  345   213                       1.1085731    0.37792  65.9%   108    2s
H  345   213                       1.1038371    0.37792  65.8%   108    2s
H  345   213                       1.1005267    0.37792  65.7%   108    2s
H  345   213                       1.0995984    0.37792  65.6%   108    2s
H  345   213                       1.0964548    0.37792  65.5%   108    2s
H  345   213                       1.0957970    0.37792  65.5%   108    2s
H  527   303                       1.0946031    0.38494  64.8%   116    3s
H  527   303                       1.0930583    0.38494  64.8%   116    3s
   654   387    0.65982   11  210    1.09306    0.40668  62.8%   125    5s
H  661   371                       1.0916974    0.40668  62.7%   124    5s
H  669   358                       1.0904728    0.40668  62.7%   123    6s
H  673   341                       1.0890509    0.40668  62.7%   122    7s
H  680   327                       1.0889599    0.40668  62.7%   161    7s
H  680   310                       1.0889311    0.40668  62.7%   161    7s
H  680   294                       1.0889023    0.40668  62.7%   161    7s
H  681   279                       1.0886859    0.40668  62.6%   163    7s
H  681   265                       1.0883177    0.40668  62.6%   163    7s
H  681   251                       1.0880420    0.40668  62.6%   163    7s
H  681   238                       1.0880310    0.40668  62.6%   163    7s
H  681   226                       1.0879438    0.40668  62.6%   163    7s
H  681   215                       1.0855867    0.40668  62.5%   163    7s
H  681   203                       1.0850967    0.40668  62.5%   163    7s
H  681   193                       1.0850788    0.40668  62.5%   163    7s
H  681   183                       1.0850469    0.40668  62.5%   163    7s
H  681   174                       1.0847783    0.40668  62.5%   163    7s
H  682   165                       1.0829606    0.40668  62.4%   163    7s
H  682   156                       1.0819511    0.40668  62.4%   163    7s
H  682   148                       1.0812001    0.40668  62.4%   163    7s
H  682   140                       1.0810694    0.40668  62.4%   163    7s
H  682   133                       1.0797369    0.40668  62.3%   163    7s
H  683   127                       1.0748489    0.40668  62.2%   163    7s
H  683   120                       1.0745616    0.40668  62.2%   163    7s
H  683   114                       1.0734511    0.40668  62.1%   163    7s
H  731   130                       1.0657661    0.40668  61.8%   176   10s
H  731   124                       1.0650784    0.40668  61.8%   176   10s
H  731   119                       1.0650426    0.40668  61.8%   176   10s
H  731   114                       1.0649283    0.40668  61.8%   176   10s
H  732   110                       1.0627873    0.40668  61.7%   176   10s
H  732   105                       1.0593255    0.40668  61.6%   176   10s
H  732   101                       1.0586497    0.40668  61.6%   176   10s
H  746    95                       1.0553065    0.40668  61.5%   174   10s
H  747    92                       1.0552871    0.40668  61.5%   174   10s
H  747    88                       1.0552319    0.40668  61.5%   174   10s
H  772    94                       1.0551194    0.40668  61.5%   189   12s
H  777    95                       1.0546497    0.40668  61.4%   191   12s
H  779    91                       1.0540954    0.40668  61.4%   192   12s
H  800    98                       1.0540635    0.40668  61.4%   196   12s
H  800    95                       1.0536582    0.40668  61.4%   196   12s
H  800    92                       1.0531914    0.40668  61.4%   196   12s
   870   112 infeasible   25         1.05319    0.43604  58.6%   227   15s
  1008   178    0.59277   20  179    1.05319    0.54674  48.1%   283   20s
  1306   345    0.91658   27  162    1.05319    0.55446  47.4%   281   25s
  1546   490    0.58416   24  178    1.05319    0.55780  47.0%   286   30s
  1860   696    0.83828   23  162    1.05319    0.56301  46.5%   286   35s
  2188   844    0.84987   26  190    1.05319    0.56831  46.0%   285   40s
H 2263   887                       1.0528754    0.56850  46.0%   286   41s
H 2263   887                       1.0522263    0.56850  46.0%   286   41s
  2434   971    0.75300   31  101    1.05223    0.57011  45.8%   291   45s
  2686  1027     cutoff   31         1.05223    0.57521  45.3%   298   50s
  2912  1120    0.91981   31  147    1.05223    0.57923  45.0%   304   55s
  3151  1239 infeasible   23         1.05223    0.58195  44.7%   306   60s
  3465  1419    0.92573   35  101    1.05223    0.58331  44.6%   302   65s
  3715  1563    0.63229   28  176    1.05223    0.58769  44.1%   305   70s
  3978  1683    0.59411   24  191    1.05223    0.59184  43.8%   308   75s
* 4108  1752              50       1.0409986    0.59241  43.1%   305   76s
H 4146  1757                       1.0393476    0.59277  43.0%   304   77s
H 4146  1750                       1.0366441    0.59277  42.8%   304   77s
H 4146  1745                       1.0358167    0.59277  42.8%   304   77s
H 4146  1706                       1.0264968    0.59277  42.3%   304   77s
H 4146  1671                       1.0176305    0.59277  41.8%   304   77s
H 4146  1670                       1.0163815    0.59277  41.7%   304   77s
H 4146  1666                       1.0133391    0.59277  41.5%   304   77s
H 4146  1650                       1.0071853    0.59277  41.1%   304   77s
H 4146  1650                       1.0070518    0.59277  41.1%   304   77s
H 4152  1653                       1.0065258    0.59279  41.1%   304   77s
H 4156  1651                       1.0060374    0.59279  41.1%   304   77s
H 4174  1655                       1.0059157    0.59309  41.0%   305   77s
  4323  1734    0.89611   42  116    1.00592    0.59411  40.9%   303   80s
  4570  1804    0.63558   28  190    1.00592    0.59678  40.7%   308   85s
H 4708  1847                       1.0059157    0.59863  40.5%   311   88s
  4798  1873    0.62683   23  185    1.00592    0.60116  40.2%   313   90s
  5082  2015    0.63743   26  194    1.00592    0.60449  39.9%   312   95s
  5437  2135     cutoff   42         1.00592    0.60883  39.5%   312  100s
  5721  2248    0.89654   31  119    1.00592    0.61187  39.2%   315  105s
  6091  2364    0.92347   29  157    1.00592    0.61418  38.9%   313  110s
  6442  2475    0.76653   29  163    1.00592    0.61770  38.6%   313  115s
  6720  2540     cutoff   26         1.00592    0.62182  38.2%   315  120s
  7126  2675 infeasible   32         1.00592    0.62673  37.7%   313  125s
  7571  2821    0.72403   27  168    1.00592    0.62920  37.5%   309  130s
  7895  2918    0.68093   31  170    1.00592    0.63176  37.2%   310  135s
  8205  3011    0.95958   31  142    1.00592    0.63568  36.8%   311  140s
  8604  3099    0.80740   32  139    1.00592    0.63802  36.6%   309  145s
  9019  3233     cutoff   36         1.00592    0.64003  36.4%   307  150s
  9430  3373    0.79790   29  128    1.00592    0.64220  36.2%   304  155s
  9951  3567    0.72198   35  118    1.00592    0.64341  36.0%   299  160s
 10203  3632    0.64425   23  185    1.00592    0.64425  36.0%   298  169s
 10209  3636    0.69177   33  216    1.00592    0.64425  36.0%   298  170s
 10229  3649    0.96720   30  237    1.00592    0.64425  36.0%   298  175s
 10248  3662    0.85503   36  205    1.00592    0.64425  36.0%   297  180s
 10268  3675    0.69943   27  224    1.00592    0.64425  36.0%   296  185s
 10288  3689    0.68543   34  252    1.00592    0.64425  36.0%   296  190s
 10308  3702    0.82433   50  231    1.00592    0.64425  36.0%   295  195s
 10481  3750    0.68942   30  125    1.00592    0.64425  36.0%   304  200s
 10901  3878    0.68030   33  112    1.00592    0.64425  36.0%   298  205s
 11482  3957    0.77881   36  147    1.00592    0.64425  36.0%   290  210s
 12322  4063    0.80114   40  107    1.00592    0.64425  36.0%   277  215s
 13199  4164    0.69711   34  136    1.00592    0.65978  34.4%   266  220s
 14216  4235    0.67774   41  130    1.00592    0.67774  32.6%   253  225s
 15271  4312    0.86497   56   91    1.00592    0.69949  30.5%   242  230s
 16498  4417    0.78259   43  144    1.00592    0.71045  29.4%   229  235s
 17774  4375    0.73186   53  132    1.00592    0.73106  27.3%   219  240s
 19077  4451    0.98988   53  105    1.00592    0.74069  26.4%   209  245s
 20467  4441    0.99628   45   78    1.00592    0.75204  25.2%   200  250s
 21963  4670    0.82435   39  175    1.00592    0.75808  24.6%   192  255s
 23453  5123    0.96661   48   88    1.00592    0.76454  24.0%   185  260s
 24866  5507     cutoff   49         1.00592    0.76938  23.5%   179  265s
 26247  5853    0.82932   51  121    1.00592    0.77392  23.1%   174  270s
 27756  6283    0.97487   50   92    1.00592    0.77969  22.5%   168  275s
 29351  6646    0.82529   44  112    1.00592    0.78508  22.0%   163  280s
 30969  6975    0.85317   44  112    1.00592    0.79102  21.4%   158  285s
 32366  7276    1.00163   59   87    1.00592    0.79404  21.1%   155  290s
 33891  7564    0.88621   47  113    1.00592    0.79837  20.6%   152  295s
 35573  7929    0.96163   48   87    1.00592    0.80395  20.1%   148  300s
 37034  8328    0.90393   51   98    1.00592    0.80745  19.7%   145  305s
 38505  8646    0.92598   50  117    1.00592    0.81252  19.2%   142  310s
 40094  8972    0.90654   47  123    1.00592    0.81657  18.8%   139  315s
 41600  9253 infeasible   53         1.00592    0.82006  18.5%   137  320s
 43210  9673    0.83832   48  133    1.00592    0.82344  18.1%   134  325s
 44662  9945    0.99370   48   89    1.00592    0.82583  17.9%   132  330s
 46193 10230     cutoff   47         1.00592    0.82918  17.6%   130  335s
 47718 10526    0.93401   57   86    1.00592    0.83121  17.4%   128  340s
 49170 10824    0.94320   50   93    1.00592    0.83361  17.1%   127  345s
 50683 11080    0.89552   55  119    1.00592    0.83674  16.8%   125  350s
 52267 11324 infeasible   53         1.00592    0.84112  16.4%   123  355s
 53749 11574    0.87867   49  140    1.00592    0.84449  16.0%   121  360s
 55302 11917    0.84775   48   99    1.00592    0.84706  15.8%   120  365s
 56744 12230    0.84955   43  126    1.00592    0.84851  15.6%   118  370s
 58521 12715    0.90820   57   77    1.00592    0.85084  15.4%   117  375s
 60392 13189    0.97504   54   65    1.00592    0.85390  15.1%   115  380s
 62076 13643    0.87964   47  102    1.00592    0.85568  14.9%   113  385s
 64087 14214    0.98085   50   26    1.00592    0.85852  14.7%   112  390s
 65759 14538    0.98735   59   88    1.00592    0.86107  14.4%   110  395s
 67587 15085    0.92958   57   75    1.00592    0.86310  14.2%   109  400s
 69902 15819    0.90660   53  112    1.00592    0.86560  13.9%   107  405s
 72095 16486    0.95169   45  125    1.00592    0.86786  13.7%   105  410s
 74162 17003    0.98024   47   83    1.00592    0.86992  13.5%   104  415s
 76275 17520    0.87636   46  136    1.00592    0.87248  13.3%   102  420s
 78364 17968    0.92650   44  110    1.00592    0.87420  13.1%   101  425s
 80364 18492    0.95827   51   93    1.00592    0.87580  12.9%   100  430s
 82312 18962    0.89387   53  106    1.00592    0.87719  12.8%  98.6  435s
 84271 19401    0.92154   45   86    1.00592    0.87866  12.7%  97.6  440s
 86238 19811    0.92154   55   95    1.00592    0.88002  12.5%  96.6  445s
 88603 20531    0.99704   55   65    1.00592    0.88155  12.4%  95.3  450s
 90539 20896    0.96827   58   68    1.00592    0.88265  12.3%  94.5  455s
 92396 21240    0.94077   52  110    1.00592    0.88365  12.2%  93.7  460s
 94301 21605 infeasible   56         1.00592    0.88483  12.0%  93.0  465s
 96411 22078    0.97319   56   71    1.00592    0.88609  11.9%  92.0  470s
 98269 22454    0.92692   40  114    1.00592    0.88705  11.8%  91.3  475s
 100558 22974 infeasible   60         1.00592    0.88804  11.7%  90.3  480s
 102694 23443    0.93288   42  108    1.00592    0.88909  11.6%  89.5  485s
 104602 23832    1.00415   59   51    1.00592    0.88984  11.5%  88.9  490s
 106429 24223    0.91372   50   84    1.00592    0.89091  11.4%  88.3  495s
 108352 24560    0.91270   56   98    1.00592    0.89204  11.3%  87.8  500s
 110421 25043 infeasible   60         1.00592    0.89275  11.2%  87.0  505s
 112646 25500    0.95557   48  110    1.00592    0.89367  11.2%  86.3  510s
 114069 25666    0.93668   49   86    1.00592    0.89437  11.1%  86.0  515s
 116146 26075    1.00028   51  111    1.00592    0.89492  11.0%  85.4  520s
 118223 26390    0.98175   54   99    1.00592    0.89593  10.9%  84.7  525s
 120267 26757    0.98603   53   73    1.00592    0.89674  10.9%  84.2  530s
 122361 27190     cutoff   54         1.00592    0.89750  10.8%  83.7  535s
 124238 27453    0.89829   48  133    1.00592    0.89809  10.7%  83.2  540s
 126394 27887    0.93045   49  121    1.00592    0.89895  10.6%  82.6  545s
 128280 28181    0.94391   40  110    1.00592    0.89959  10.6%  82.2  550s
 130237 28464    0.94750   55   90    1.00592    0.90034  10.5%  81.8  555s
 132208 28729     cutoff   47         1.00592    0.90103  10.4%  81.4  560s
 133881 28895 infeasible   49         1.00592    0.90168  10.4%  81.1  565s
 135893 29161    0.98995   59   92    1.00592    0.90233  10.3%  80.7  570s
 137995 29460    0.90297   40   96    1.00592    0.90296  10.2%  80.2  575s
 140157 29761    0.93459   54   88    1.00592    0.90360  10.2%  79.8  580s
 142174 29988    0.95294   57   78    1.00592    0.90408  10.1%  79.4  585s
 143933 30129     cutoff   55         1.00592    0.90457  10.1%  79.1  590s
 145962 30376    0.98336   47  118    1.00592    0.90523  10.0%  78.8  595s
 148102 30691    0.91212   51  120    1.00592    0.90576  10.0%  78.3  600s
 150268 30965 infeasible   47         1.00592    0.90655  9.88%  77.9  605s
 152136 31193    0.92585   53  104    1.00592    0.90718  9.82%  77.6  610s
 154223 31459    0.92969   54  104    1.00592    0.90782  9.75%  77.2  615s
 156159 31775    0.91191   51  110    1.00592    0.90822  9.71%  76.8  620s
 158131 31982 infeasible   59         1.00592    0.90870  9.66%  76.5  625s
 160254 32185    0.90917   55  108    1.00592    0.90917  9.62%  76.2  630s
 162117 32288    0.91798   52  143    1.00592    0.90965  9.57%  76.0  635s
 163961 32515    1.00061   54   94    1.00592    0.91012  9.52%  75.8  640s
 166118 32749    0.98075   58  100    1.00592    0.91057  9.48%  75.4  645s
 168138 33037 infeasible   52         1.00592    0.91108  9.43%  75.1  650s
 169697 33021    1.00347   56   83    1.00592    0.91159  9.38%  75.1  655s
 171528 33154    0.93897   52  115    1.00592    0.91186  9.35%  74.9  660s
 173627 33337    0.94679   61  103    1.00592    0.91237  9.30%  74.6  665s
 175472 33457    0.98338   58   38    1.00592    0.91274  9.26%  74.4  670s
 177447 33643     cutoff   54         1.00592    0.91318  9.22%  74.2  675s
 179711 33922     cutoff   53         1.00592    0.91365  9.17%  73.9  680s
 181782 34058    0.95778   55   90    1.00592    0.91422  9.12%  73.6  685s
 183554 34100    0.92435   54   84    1.00592    0.91470  9.07%  73.5  690s
 185638 34259     cutoff   46         1.00592    0.91517  9.02%  73.2  695s
 187801 34526    0.95056   47  104    1.00592    0.91558  8.98%  73.0  700s
 190133 34828    0.99691   53  119    1.00592    0.91608  8.93%  72.6  705s
 192141 35049    0.95001   52   97    1.00592    0.91653  8.89%  72.4  710s
 194441 35394    0.95440   54   90    1.00592    0.91690  8.85%  72.1  715s
 196690 35675    0.96879   49   77    1.00592    0.91737  8.80%  71.8  720s
 198939 35923    0.92006   56   93    1.00592    0.91784  8.76%  71.6  725s
 200607 36007     cutoff   53         1.00592    0.91808  8.73%  71.5  730s
 202841 36234 infeasible   52         1.00592    0.91855  8.69%  71.2  735s
 205191 36526    0.94115   60  108    1.00592    0.91896  8.64%  70.9  740s
 207290 36767    0.91926   53  111    1.00592    0.91926  8.61%  70.7  745s
 209561 37142    0.96985   62  105    1.00592    0.91959  8.58%  70.4  750s
 212033 37484    0.99980   62   84    1.00592    0.91989  8.55%  70.1  755s
 213988 37564     cutoff   61         1.00592    0.92023  8.52%  70.0  760s
 215941 37648    0.93102   56  109    1.00592    0.92060  8.48%  69.8  765s
 217817 37712    0.93934   53  104    1.00592    0.92091  8.45%  69.7  770s
 219827 37874    0.94450   60   71    1.00592    0.92124  8.42%  69.5  775s
 221822 37994    0.97602   57   92    1.00592    0.92165  8.38%  69.4  780s
 223640 38127 infeasible   55         1.00592    0.92197  8.35%  69.2  785s
 225529 38198    0.93102   52  101    1.00592    0.92240  8.30%  69.1  790s
 227208 38181    0.99692   57   94    1.00592    0.92276  8.27%  69.0  795s
 229317 38245    0.98730   49   87    1.00592    0.92316  8.23%  68.8  800s
 231221 38273    1.00381   58   85    1.00592    0.92354  8.19%  68.8  805s
 233419 38433    0.95114   59   70    1.00592    0.92391  8.15%  68.6  810s
 235674 38590    0.94439   49  116    1.00592    0.92423  8.12%  68.4  815s
 238015 38740    0.98732   55   75    1.00592    0.92470  8.07%  68.2  820s
 240115 38863    0.93141   46   91    1.00592    0.92500  8.04%  68.0  825s
 242374 39027    0.93529   55  122    1.00592    0.92538  8.01%  67.8  830s
 244372 39067 infeasible   63         1.00592    0.92585  7.96%  67.7  835s
 246500 39182    0.92965   59   99    1.00592    0.92628  7.92%  67.6  840s
 248618 39262 infeasible   56         1.00592    0.92673  7.87%  67.4  845s
 250550 39297    0.96715   57   84    1.00592    0.92710  7.84%  67.3  850s
 252664 39401     cutoff   43         1.00592    0.92745  7.80%  67.2  855s
 254934 39556    0.99437   59   71    1.00592    0.92776  7.77%  67.0  860s
 257122 39668     cutoff   58         1.00592    0.92811  7.73%  66.8  865s
 259323 39823    0.98350   53   80    1.00592    0.92849  7.70%  66.7  870s
 261310 39952    0.99143   61   63    1.00592    0.92881  7.66%  66.6  875s
 263529 40084    0.95362   57  105    1.00592    0.92910  7.64%  66.4  880s
 265426 40141     cutoff   52         1.00592    0.92941  7.61%  66.3  885s
 267525 40284    0.99920   51   93    1.00592    0.92969  7.58%  66.2  890s
 269662 40362    0.98541   52  104    1.00592    0.93003  7.54%  66.1  895s
 272086 40621    0.98235   64   63    1.00592    0.93045  7.50%  65.9  900s
 273938 40663    0.93775   48  122    1.00592    0.93079  7.47%  65.8  905s
 276067 40813 infeasible   55         1.00592    0.93110  7.44%  65.7  910s
 278314 40960    0.95882   60   75    1.00592    0.93146  7.40%  65.5  915s
 280607 41102     cutoff   60         1.00592    0.93185  7.36%  65.4  920s
 283023 41346    0.93235   55   99    1.00592    0.93215  7.33%  65.2  925s
 285345 41487    0.96436   54   49    1.00592    0.93248  7.30%  65.0  930s
 287569 41635     cutoff   57         1.00592    0.93287  7.26%  64.9  935s
 289749 41747    0.94638   53   90    1.00592    0.93323  7.23%  64.8  940s
 291581 41756 infeasible   58         1.00592    0.93356  7.19%  64.7  945s
 293983 41972    0.93383   49   85    1.00592    0.93383  7.17%  64.6  950s
 296276 42015 infeasible   66         1.00592    0.93429  7.12%  64.4  955s
 298655 42203    0.94286   60   89    1.00592    0.93458  7.09%  64.3  960s
 301121 42333     cutoff   51         1.00592    0.93487  7.06%  64.1  965s
 303587 42499 infeasible   47         1.00592    0.93526  7.02%  63.9  970s
 305623 42536    1.00425   58   66    1.00592    0.93558  6.99%  63.8  975s
 307848 42772    0.98403   51  111    1.00592    0.93581  6.97%  63.7  980s
 310091 42791 infeasible   58         1.00592    0.93619  6.93%  63.6  985s
 312570 43016    0.93741   57   93    1.00592    0.93652  6.90%  63.4  990s
 314932 43163 infeasible   62         1.00592    0.93685  6.87%  63.3  995s
 317354 43435 infeasible   53         1.00592    0.93717  6.83%  63.1 1000s
 319738 43555    0.94006   53  100    1.00592    0.93745  6.81%  63.0 1005s
 322148 43705    0.98459   51   90    1.00592    0.93781  6.77%  62.8 1010s
 324720 43980    1.00341   54   96    1.00592    0.93811  6.74%  62.6 1015s
 327240 44161     cutoff   47         1.00592    0.93845  6.71%  62.5 1020s
 329500 44219    0.94865   50  105    1.00592    0.93878  6.67%  62.4 1025s
 332006 44410    0.96436   54   86    1.00592    0.93917  6.64%  62.2 1030s
 334790 44700     cutoff   53         1.00592    0.93948  6.60%  62.0 1035s
 337266 44890     cutoff   51         1.00592    0.93979  6.57%  61.9 1040s
 339855 45108    0.94088   58  112    1.00592    0.94015  6.54%  61.7 1045s
 342220 45121     cutoff   61         1.00592    0.94052  6.50%  61.6 1050s
 344874 45322     cutoff   45         1.00592    0.94089  6.46%  61.4 1055s
 347305 45261    0.98678   53   72    1.00592    0.94127  6.43%  61.3 1060s
 349501 45363    0.96710   56   82    1.00592    0.94158  6.40%  61.2 1065s
 351906 45419     cutoff   58         1.00592    0.94195  6.36%  61.1 1070s
 354582 45589    0.97578   59   83    1.00592    0.94231  6.32%  60.9 1075s
 357134 45736 infeasible   65         1.00592    0.94265  6.29%  60.7 1080s
 359610 45830    0.94297   48   89    1.00592    0.94297  6.26%  60.6 1085s
 362234 46049    0.97067   57   89    1.00592    0.94324  6.23%  60.5 1090s
 364993 46345     cutoff   51         1.00592    0.94351  6.20%  60.3 1095s
 367670 46593 infeasible   61         1.00592    0.94377  6.18%  60.1 1100s
 370512 46933     cutoff   52         1.00592    0.94402  6.15%  60.0 1105s
H372751 47055                       1.0059157    0.94429  6.13%  59.8 1109s
 372751 47057    1.00149   55   88    1.00592    0.94429  6.13%  59.8 1110s
 374707 47096    0.98934   51  114    1.00592    0.94453  6.10%  59.8 1115s
 376753 47137    0.94667   46  119    1.00592    0.94475  6.08%  59.7 1120s
 379108 47099    0.97861   52  123    1.00592    0.94508  6.05%  59.6 1125s
 381557 47190 infeasible   52         1.00592    0.94541  6.02%  59.5 1130s
 384064 47258    0.95175   47   90    1.00592    0.94580  5.98%  59.4 1135s
 386618 47379    0.99343   61   93    1.00592    0.94609  5.95%  59.2 1140s
 389260 47567     cutoff   59         1.00592    0.94643  5.91%  59.1 1145s
 391999 47795     cutoff   43         1.00592    0.94676  5.88%  59.0 1150s
 394815 47951    0.97059   53   97    1.00592    0.94705  5.85%  58.8 1155s
 397617 48103 infeasible   49         1.00592    0.94735  5.82%  58.7 1160s
 400684 48305    0.99697   48  103    1.00592    0.94771  5.79%  58.5 1165s
 403687 48531    0.98700   62   85    1.00592    0.94802  5.76%  58.3 1170s
 405989 48500    0.97467   57   66    1.00592    0.94834  5.72%  58.3 1175s
 408819 48628    0.97419   63  109    1.00592    0.94864  5.69%  58.1 1180s
 411540 48727 infeasible   60         1.00592    0.94891  5.67%  58.0 1185s
 414346 48862 infeasible   58         1.00592    0.94926  5.63%  57.8 1190s
 416801 48897    0.95504   55   77    1.00592    0.94956  5.60%  57.7 1195s
 419344 48994    0.95187   53   76    1.00592    0.94984  5.57%  57.6 1200s
 421409 49045    0.95962   61   85    1.00592    0.95006  5.55%  57.5 1205s
 424273 49108 infeasible   64         1.00592    0.95042  5.52%  57.4 1210s
 426723 49054    0.97108   55   92    1.00592    0.95075  5.48%  57.3 1215s
 429499 49112    0.95248   52  110    1.00592    0.95109  5.45%  57.2 1220s
 432551 49326     cutoff   56         1.00592    0.95142  5.42%  57.0 1225s
 435515 49609 infeasible   58         1.00592    0.95165  5.39%  56.9 1230s
 438546 49743    0.97275   60   90    1.00592    0.95193  5.37%  56.7 1235s
 441362 49986    0.97971   56   95    1.00592    0.95223  5.34%  56.6 1240s
 443941 50197    0.95256   50  112    1.00592    0.95251  5.31%  56.5 1245s
 446861 50394     cutoff   46         1.00592    0.95276  5.28%  56.3 1250s
 449903 50545 infeasible   59         1.00592    0.95305  5.26%  56.2 1255s
 453283 50852 infeasible   52         1.00592    0.95333  5.23%  56.0 1260s
 456069 51028    1.00196   55   62    1.00592    0.95363  5.20%  55.9 1265s
 459024 51176    0.98071   57   78    1.00592    0.95392  5.17%  55.7 1270s
 461683 51342    0.98452   60   89    1.00592    0.95413  5.15%  55.6 1275s
 464662 51450    0.97826   57  101    1.00592    0.95442  5.12%  55.5 1280s
 467595 51673    0.96885   50   90    1.00592    0.95470  5.09%  55.4 1285s
 470676 51818    0.95954   50  105    1.00592    0.95501  5.06%  55.2 1290s
 473652 51951    0.99265   59   77    1.00592    0.95529  5.03%  55.1 1295s
 476426 52073 infeasible   57         1.00592    0.95555  5.01%  55.0 1300s
 479528 52205    0.96752   47  106    1.00592    0.95594  4.97%  54.8 1305s
 482381 52437 infeasible   52         1.00592    0.95616  4.95%  54.7 1310s
 485269 52719    0.96933   51   79    1.00592    0.95642  4.92%  54.6 1315s
 487965 52915     cutoff   75         1.00592    0.95668  4.89%  54.5 1320s
 491255 53083    0.96380   51  118    1.00592    0.95700  4.86%  54.4 1325s
 494247 53332    0.96519   53   92    1.00592    0.95722  4.84%  54.2 1330s
 497382 53386    0.98519   55  105    1.00592    0.95755  4.81%  54.1 1335s
 500327 53397 infeasible   53         1.00592    0.95787  4.78%  54.0 1340s
 503160 53463    0.97384   57   75    1.00592    0.95818  4.75%  53.9 1345s
 506402 53657    0.96340   54  104    1.00592    0.95847  4.72%  53.7 1350s
 509468 53956     cutoff   54         1.00592    0.95865  4.70%  53.6 1355s
 512622 54146    0.98990   54   65    1.00592    0.95892  4.67%  53.5 1360s
 515787 54338    0.97265   56   86    1.00592    0.95918  4.65%  53.4 1365s
 518967 54579    0.99630   59   88    1.00592    0.95939  4.62%  53.2 1370s
 521538 54610    0.96587   51   93    1.00592    0.95960  4.60%  53.1 1375s
 524804 54880    0.95989   55   59    1.00592    0.95985  4.58%  53.0 1380s
 527560 54922    0.98777   45  119    1.00592    0.96011  4.55%  52.9 1385s
 530491 55017    0.99660   63   79    1.00592    0.96035  4.53%  52.8 1390s
 533573 55105    0.96131   59   89    1.00592    0.96057  4.51%  52.7 1395s
 536573 55100     cutoff   62         1.00592    0.96089  4.48%  52.6 1400s
 539844 55167    0.99243   63   87    1.00592    0.96119  4.45%  52.5 1405s
 543008 55317    0.96301   56  115    1.00592    0.96141  4.42%  52.3 1410s
 546256 55588    0.99237   55   69    1.00592    0.96165  4.40%  52.2 1415s
 549380 55638     cutoff   53         1.00592    0.96186  4.38%  52.1 1420s
 552996 55845     cutoff   52         1.00592    0.96213  4.35%  52.0 1425s
 556025 56015    0.96236   52   96    1.00592    0.96236  4.33%  51.9 1430s
 559501 56088    0.99580   66   76    1.00592    0.96262  4.30%  51.7 1435s
 562973 56358    0.98105   63   78    1.00592    0.96287  4.28%  51.6 1440s
 566115 56460 infeasible   55         1.00592    0.96308  4.26%  51.5 1445s
 568744 56414     cutoff   69         1.00592    0.96328  4.24%  51.4 1450s
 571922 56606    0.99425   55   99    1.00592    0.96349  4.22%  51.3 1455s
 575112 56647    0.98116   57   69    1.00592    0.96374  4.19%  51.2 1460s
 578265 56769    0.96397   59   97    1.00592    0.96397  4.17%  51.1 1465s
 580874 56795    0.99643   59   86    1.00592    0.96420  4.15%  51.0 1470s
 584087 57032 infeasible   57         1.00592    0.96440  4.13%  50.9 1475s
 587423 57068    0.98194   51  103    1.00592    0.96466  4.10%  50.8 1480s
 590830 57246    0.98225   50   54    1.00592    0.96490  4.08%  50.7 1485s
 593957 57401    0.96832   66   80    1.00592    0.96512  4.06%  50.6 1490s
 596769 57420     cutoff   51         1.00592    0.96531  4.04%  50.5 1495s
 599991 57524    0.96551   59   96    1.00592    0.96551  4.02%  50.4 1500s
 602974 57531 infeasible   55         1.00592    0.96570  4.00%  50.3 1505s
 605752 57616    0.99242   61   58    1.00592    0.96587  3.98%  50.2 1510s
 608993 57726    0.97384   56  106    1.00592    0.96608  3.96%  50.1 1515s
 612284 57809    0.97581   49  101    1.00592    0.96630  3.94%  50.0 1520s
 615522 57929    0.97597   63  102    1.00592    0.96654  3.91%  49.9 1525s
 618754 58025    0.99162   54   97    1.00592    0.96673  3.90%  49.8 1530s
 621626 58087    0.98283   50   90    1.00592    0.96693  3.88%  49.8 1535s
 625214 58188    0.96775   50  104    1.00592    0.96719  3.85%  49.6 1540s
 628946 58419    0.97963   54  104    1.00592    0.96741  3.83%  49.5 1545s
 632160 58587    0.99006   57   75    1.00592    0.96761  3.81%  49.4 1550s
 635626 58674    0.99576   53  105    1.00592    0.96782  3.79%  49.3 1555s
 639068 58802    0.98070   57   36    1.00592    0.96803  3.77%  49.2 1560s
 642139 58817    0.98930   60   74    1.00592    0.96825  3.74%  49.1 1565s
 645117 58934    0.97751   61   84    1.00592    0.96843  3.73%  49.0 1570s
 648571 59060    0.99109   51   96    1.00592    0.96864  3.71%  48.9 1575s
 651923 59155    1.00159   52   69    1.00592    0.96885  3.68%  48.8 1580s
 655402 59224 infeasible   56         1.00592    0.96906  3.66%  48.7 1585s
 658665 59258    0.98518   56   95    1.00592    0.96925  3.64%  48.6 1590s
 661852 59295     cutoff   65         1.00592    0.96948  3.62%  48.6 1595s
 665117 59381    0.99264   54   36    1.00592    0.96967  3.60%  48.5 1600s
 668091 59357    0.98787   50   95    1.00592    0.96987  3.58%  48.4 1605s
 671044 59346     cutoff   53         1.00592    0.97006  3.56%  48.3 1610s
 674314 59456 infeasible   68         1.00592    0.97023  3.55%  48.3 1615s
 677696 59555    1.00016   54   81    1.00592    0.97042  3.53%  48.2 1620s
 680796 59587    0.99169   64   74    1.00592    0.97061  3.51%  48.1 1625s
 684253 59652    0.97329   51  123    1.00592    0.97081  3.49%  48.0 1630s
 687480 59655     cutoff   56         1.00592    0.97102  3.47%  47.9 1635s
 690647 59647     cutoff   52         1.00592    0.97120  3.45%  47.9 1640s
 693549 59574     cutoff   60         1.00592    0.97139  3.43%  47.8 1645s
 696956 59731    0.99062   55   93    1.00592    0.97159  3.41%  47.7 1650s
 700511 59714     cutoff   59         1.00592    0.97181  3.39%  47.6 1655s
 704020 59753 infeasible   54         1.00592    0.97199  3.37%  47.5 1660s
 707063 59696    0.98086   53  107    1.00592    0.97218  3.35%  47.4 1665s
 710338 59692     cutoff   66         1.00592    0.97237  3.34%  47.4 1670s
 713885 59726    0.98680   64   84    1.00592    0.97255  3.32%  47.3 1675s
 716360 59741    0.99221   58   69    1.00592    0.97268  3.30%  47.2 1680s
 719810 59813    0.99701   55   75    1.00592    0.97286  3.29%  47.1 1685s
 723132 59872    0.98203   67   77    1.00592    0.97303  3.27%  47.1 1690s
 726411 59918     cutoff   49         1.00592    0.97322  3.25%  47.0 1695s
 729784 59922    0.98806   51   80    1.00592    0.97340  3.23%  46.9 1700s
 733016 59972    0.99974   57   93    1.00592    0.97359  3.21%  46.8 1705s
 736408 60017     cutoff   54         1.00592    0.97379  3.19%  46.8 1710s
 739997 60068    0.99915   56  107    1.00592    0.97399  3.17%  46.7 1715s
 743066 60140    0.97414   56   93    1.00592    0.97414  3.16%  46.6 1720s
 746709 60216 infeasible   64         1.00592    0.97431  3.14%  46.5 1725s
 750167 60376 infeasible   66         1.00592    0.97446  3.13%  46.4 1730s
 753459 60346    0.99535   58   79    1.00592    0.97465  3.11%  46.4 1735s
 756910 60366 infeasible   57         1.00592    0.97484  3.09%  46.3 1740s
 760221 60378    1.00524   55  116    1.00592    0.97503  3.07%  46.2 1745s
 763711 60454    0.99542   49   85    1.00592    0.97521  3.05%  46.1 1750s
 767023 60475 infeasible   62         1.00592    0.97539  3.03%  46.1 1755s
 769376 60489     cutoff   51         1.00592    0.97549  3.02%  46.0 1760s
 772631 60482    0.99095   61   93    1.00592    0.97567  3.01%  46.0 1765s
 776528 60603    1.00118   60   90    1.00592    0.97584  2.99%  45.9 1770s
 780194 60710    0.99893   68   77    1.00592    0.97600  2.97%  45.8 1775s
 783478 60663    0.99018   62   78    1.00592    0.97617  2.96%  45.7 1780s
 787082 60621    0.99493   55   91    1.00592    0.97639  2.94%  45.6 1785s
 790333 60636    0.99835   53   86    1.00592    0.97654  2.92%  45.6 1790s
 793770 60523    1.00315   56  106    1.00592    0.97675  2.90%  45.5 1795s
 797406 60579 infeasible   51         1.00592    0.97692  2.88%  45.4 1800s
 801020 60470    0.99287   55  100    1.00592    0.97711  2.86%  45.3 1805s
 804353 60405    0.98433   61   79    1.00592    0.97729  2.85%  45.3 1810s
 807898 60503    0.99155   64   97    1.00592    0.97744  2.83%  45.2 1815s
 811462 60542    0.98872   58   96    1.00592    0.97763  2.81%  45.1 1820s
 815042 60461     cutoff   57         1.00592    0.97782  2.79%  45.0 1825s
 818040 60442 infeasible   63         1.00592    0.97797  2.78%  45.0 1830s
 821684 60438    0.99993   55   95    1.00592    0.97814  2.76%  44.9 1835s
 825478 60423    0.99425   51  106    1.00592    0.97833  2.74%  44.8 1840s
 826236 60394 infeasible   69         1.00592    0.97838  2.74%  44.8 1845s
 829368 60296    1.00567   54   94    1.00592    0.97855  2.72%  44.7 1850s
 832517 60155    0.99101   56  106    1.00592    0.97871  2.71%  44.7 1855s
 835690 60070    0.98179   55   71    1.00592    0.97887  2.69%  44.6 1860s
 839328 59930 infeasible   58         1.00592    0.97906  2.67%  44.5 1865s
 842709 59751    1.00461   51   68    1.00592    0.97925  2.65%  44.5 1870s
 846127 59713     cutoff   65         1.00592    0.97941  2.64%  44.4 1875s
 849474 59599    0.98919   59   79    1.00592    0.97956  2.62%  44.3 1880s
 853051 59487    0.99589   59   75    1.00592    0.97976  2.60%  44.3 1885s
 856360 59412 infeasible   59         1.00592    0.97994  2.58%  44.2 1890s
 860016 59337    0.99357   63   83    1.00592    0.98010  2.57%  44.1 1895s
 863564 59263    0.99245   51   83    1.00592    0.98027  2.55%  44.1 1900s
 866967 59211    1.00349   54   91    1.00592    0.98041  2.54%  44.0 1905s
 870930 59238     cutoff   61         1.00592    0.98059  2.52%  43.9 1910s
 874525 59227     cutoff   60         1.00592    0.98075  2.50%  43.9 1915s
 878079 59177 infeasible   58         1.00592    0.98090  2.49%  43.8 1920s
 881733 59140    0.98175   68   90    1.00592    0.98105  2.47%  43.7 1925s
 885723 59183    0.99516   63   81    1.00592    0.98122  2.46%  43.6 1930s
 889471 59097    0.98529   53  107    1.00592    0.98140  2.44%  43.6 1935s
 893292 59163    0.99965   71   61    1.00592    0.98158  2.42%  43.5 1940s
 897126 59132    0.99725   56   78    1.00592    0.98173  2.40%  43.4 1945s
 900869 59124    0.98217   54   85    1.00592    0.98189  2.39%  43.3 1950s
 904635 59041    0.99767   50   85    1.00592    0.98204  2.37%  43.2 1955s
 908379 59028    0.98234   59   94    1.00592    0.98220  2.36%  43.2 1960s
 912163 58992    0.99520   60   81    1.00592    0.98235  2.34%  43.1 1965s
 916162 58880    0.98322   55   74    1.00592    0.98253  2.32%  43.0 1970s
 920190 58826    0.98269   48  103    1.00592    0.98269  2.31%  42.9 1975s
 924051 58868 infeasible   52         1.00592    0.98284  2.29%  42.9 1980s
 927524 58702    1.00434   71   76    1.00592    0.98301  2.28%  42.8 1985s
 931379 58481    0.99945   60   88    1.00592    0.98320  2.26%  42.7 1990s
 935183 58442     cutoff   55         1.00592    0.98335  2.24%  42.7 1995s
 939086 58389    0.98762   59   62    1.00592    0.98350  2.23%  42.6 2000s
 942260 58276 infeasible   69         1.00592    0.98363  2.22%  42.5 2005s
 946371 58200    1.00252   61   91    1.00592    0.98379  2.20%  42.5 2010s
 950348 58088    0.99188   54  104    1.00592    0.98396  2.18%  42.4 2015s
 953904 57892    0.98837   58  111    1.00592    0.98409  2.17%  42.3 2020s
 957964 57732    0.98951   58   94    1.00592    0.98426  2.15%  42.2 2025s
 961862 57592    1.00439   58   78    1.00592    0.98443  2.14%  42.2 2030s
 965742 57447    1.00563   57   78    1.00592    0.98458  2.12%  42.1 2035s
 969793 57338     cutoff   47         1.00592    0.98473  2.11%  42.0 2040s
 973966 57273    0.98997   58   91    1.00592    0.98489  2.09%  41.9 2045s
 977789 57143 infeasible   62         1.00592    0.98503  2.08%  41.9 2050s
 981643 56977    0.98544   62  101    1.00592    0.98520  2.06%  41.8 2055s
 985944 56957    1.00475   50   86    1.00592    0.98534  2.05%  41.7 2060s
 989916 56771    0.99732   58   97    1.00592    0.98549  2.03%  41.6 2065s
 994112 56618    1.00348   65   64    1.00592    0.98566  2.01%  41.6 2070s
 998157 56507    0.99207   53  101    1.00592    0.98581  2.00%  41.5 2075s
 1002394 56328    0.99326   59   96    1.00592    0.98600  1.98%  41.4 2080s
 1006366 56088    1.00082   51  103    1.00592    0.98616  1.96%  41.3 2085s
 1010444 56029     cutoff   67         1.00592    0.98632  1.95%  41.3 2090s
 1014552 55882 infeasible   62         1.00592    0.98646  1.93%  41.2 2095s
 1018639 55671    0.98887   63   60    1.00592    0.98662  1.92%  41.1 2100s
 1022428 55461     cutoff   54         1.00592    0.98676  1.90%  41.1 2105s
 1026906 55191     cutoff   62         1.00592    0.98693  1.89%  41.0 2110s
 1030986 54990    0.98718   47   81    1.00592    0.98709  1.87%  40.9 2115s
 1034958 54748    1.00471   51  101    1.00592    0.98723  1.86%  40.8 2120s
 1039042 54455    0.99370   62   77    1.00592    0.98741  1.84%  40.8 2125s
 1043138 54274    0.99170   56   94    1.00592    0.98754  1.83%  40.7 2130s
 1047447 54119    0.99363   58   85    1.00592    0.98769  1.81%  40.6 2135s
 1051725 53989    0.99417   59   75    1.00592    0.98781  1.80%  40.5 2140s
 1055599 53823     cutoff   53         1.00592    0.98794  1.79%  40.5 2145s
 1059894 53707 infeasible   66         1.00592    0.98809  1.77%  40.4 2150s
 1064052 53386    0.99964   60   89    1.00592    0.98825  1.76%  40.3 2155s
 1068164 53064    0.98954   69   69    1.00592    0.98842  1.74%  40.3 2160s
 1071866 52825    0.99290   73   63    1.00592    0.98854  1.73%  40.2 2165s
 1076009 52557 infeasible   64         1.00592    0.98869  1.71%  40.1 2170s
 1080074 52236 infeasible   67         1.00592    0.98884  1.70%  40.1 2175s
 1084194 51907    0.99351   55   71    1.00592    0.98900  1.68%  40.0 2180s
 1088250 51615    0.99450   78   60    1.00592    0.98915  1.67%  39.9 2185s
 1092518 51197     cutoff   61         1.00592    0.98931  1.65%  39.9 2190s
 1096880 50939    0.98994   56   81    1.00592    0.98946  1.64%  39.8 2195s
 1101127 50624    0.99877   60   80    1.00592    0.98960  1.62%  39.7 2200s
 1105132 50304    1.00382   58   74    1.00592    0.98975  1.61%  39.7 2205s
 1109148 49885    1.00550   60   85    1.00592    0.98990  1.59%  39.6 2210s
 1113473 49479 infeasible   54         1.00592    0.99006  1.58%  39.5 2215s
 1117713 49043     cutoff   79         1.00592    0.99023  1.56%  39.5 2220s
 1121846 48692    0.99149   52   76    1.00592    0.99037  1.55%  39.4 2225s
 1126123 48234     cutoff   65         1.00592    0.99051  1.53%  39.3 2230s
 1130240 47795     cutoff   49         1.00592    0.99066  1.52%  39.3 2235s
 1134509 47508    1.00318   54   98    1.00592    0.99080  1.50%  39.2 2240s
 1138603 47105    0.99237   58   80    1.00592    0.99096  1.49%  39.1 2245s
 1143131 46715    1.00422   71   72    1.00592    0.99112  1.47%  39.0 2250s
 1147368 46323    1.00399   60   86    1.00592    0.99127  1.46%  39.0 2255s
 1151476 45877 infeasible   60         1.00592    0.99140  1.44%  38.9 2260s
 1155596 45532    0.99489   64   47    1.00592    0.99152  1.43%  38.9 2265s
 1160134 45109     cutoff   53         1.00592    0.99166  1.42%  38.8 2270s
 1164459 44686     cutoff   54         1.00592    0.99182  1.40%  38.7 2275s
 1168375 44179    1.00064   70   69    1.00592    0.99197  1.39%  38.7 2280s
 1172600 43829    0.99856   74   75    1.00592    0.99210  1.37%  38.6 2285s
 1177115 43341    0.99237   62   91    1.00592    0.99225  1.36%  38.5 2290s
 1181260 42795    0.99341   64   88    1.00592    0.99242  1.34%  38.5 2295s
 1184986 42282    0.99717   58   68    1.00592    0.99257  1.33%  38.4 2300s
 1189594 41967 infeasible   61         1.00592    0.99272  1.31%  38.3 2305s
 1193821 41439    0.99598   60   93    1.00592    0.99287  1.30%  38.3 2310s
 1198236 40898    0.99664   73   72    1.00592    0.99304  1.28%  38.2 2315s
 1202573 40313     cutoff   76         1.00592    0.99322  1.26%  38.1 2320s
 1206174 39774 infeasible   63         1.00592    0.99335  1.25%  38.1 2325s
 1210448 39105     cutoff   80         1.00592    0.99353  1.23%  38.0 2330s
 1214774 38490    0.99391   59   84    1.00592    0.99370  1.21%  38.0 2335s
 1219180 37800    1.00160   55  109    1.00592    0.99389  1.20%  37.9 2340s
 1223347 37284 infeasible   50         1.00592    0.99404  1.18%  37.8 2345s
 1228097 36723    0.99966   64  108    1.00592    0.99423  1.16%  37.8 2350s
 1232506 35964    1.00088   61   81    1.00592    0.99446  1.14%  37.7 2355s
 1236743 35344    0.99676   61   85    1.00592    0.99464  1.12%  37.6 2360s
 1240942 34593 infeasible   60         1.00592    0.99485  1.10%  37.6 2365s
 1245186 33846    1.00095   62   98    1.00592    0.99506  1.08%  37.5 2370s
 1249536 33048    1.00178   63   77    1.00592    0.99526  1.06%  37.5 2375s
 1253605 32269     cutoff   49         1.00592    0.99547  1.04%  37.4 2380s
 1257993 31457    0.99704   60  100    1.00592    0.99569  1.02%  37.4 2385s
 1262414 30636    0.99620   50  105    1.00592    0.99593  0.99%  37.3 2390s
 1267332 30051     cutoff   62         1.00592    0.99617  0.97%  37.2 2395s
 1271595 29374    0.99833   50   94    1.00592    0.99638  0.95%  37.1 2400s
 1275838 28586    0.99929   57   91    1.00592    0.99662  0.92%  37.1 2405s
 1280336 27873    0.99774   66   88    1.00592    0.99686  0.90%  37.0 2410s
 1284162 27146    0.99781   60   77    1.00592    0.99710  0.88%  37.0 2415s
 1289094 26228    1.00262   74   53    1.00592    0.99739  0.85%  36.9 2420s
 1293795 25534    1.00365   69   66    1.00592    0.99763  0.82%  36.8 2425s
 1298607 24752    1.00395   52   85    1.00592    0.99791  0.80%  36.8 2430s
 1303586 23850    0.99995   68   68    1.00592    0.99819  0.77%  36.7 2435s
 1308217 23101    1.00530   75   55    1.00592    0.99849  0.74%  36.6 2440s
 1313296 22264    1.00142   71   62    1.00592    0.99878  0.71%  36.5 2445s
 1318476 21502 infeasible   53         1.00592    0.99904  0.68%  36.4 2450s
 1324008 20599    0.99936   58   98    1.00592    0.99934  0.65%  36.4 2455s
 1328906 19581    0.99966   64   92    1.00592    0.99965  0.62%  36.3 2460s
 1334315 18575    1.00514   71   46    1.00592    0.99998  0.59%  36.2 2465s
 1339614 17612 infeasible   57         1.00592    1.00029  0.56%  36.1 2470s
 1344847 16521    1.00535   58   75    1.00592    1.00065  0.52%  36.0 2475s
 1350375 15542    1.00205   73   62    1.00592    1.00100  0.49%  35.9 2480s
 1355298 14600     cutoff   63         1.00592    1.00131  0.46%  35.9 2485s
 1361027 13463    1.00446   69   38    1.00592    1.00169  0.42%  35.8 2490s
 1366224 12471     cutoff   68         1.00592    1.00204  0.38%  35.7 2495s
 1371829 11287    1.00500   73    3    1.00592    1.00240  0.35%  35.6 2500s
 1378287 10001    1.00532   68   64    1.00592    1.00278  0.31%  35.5 2505s
 1384796  8665    1.00517   51   91    1.00592    1.00317  0.27%  35.4 2510s
 1391574  6989    1.00370   64   45    1.00592    1.00363  0.23%  35.2 2515s
 1397773  4911    1.00564   51   92    1.00592    1.00415  0.18%  35.1 2520s
 1404242  2539    1.00541   55   90    1.00592    1.00481  0.11%  35.0 2525s

Cutting planes:
  Learned: 3
  Gomory: 48
  Cover: 4
  Implied bound: 15
  Projected implied bound: 2
  Clique: 9
  MIR: 66
  StrongCG: 8
  Flow cover: 40
  GUB cover: 1
  Inf proof: 39
  RLT: 2
  Relax-and-lift: 5
  BQP: 1

Explored 1408752 nodes (49244848 simplex iterations) in 2529.07 seconds (3864.90 work units)
Thread count was 1 (of 20 available processors)

Solution count 10: 1.00592 1.00604 1.00653 ... 1.03582

Optimal solution found (tolerance 0.00e+00)
Best objective 1.005915740500e+00, best bound 1.005915734637e+00, gap 0.0000%

User-callback calls 3910573, time in user-callback 1.59 sec
