
Gurobi 13.0.2 (win64) logging started Mon Aug 24 17:46:13 2026

Set parameter LogFile to value "E:\codes\ExactEBRP\results\gf_k1_amf_formulation_rescue_round48\runs\stage3_300s__moderate_seed3301__K1-AMF\external\native_logs\L0.1_lp.gurobi.log"
Gurobi Optimizer version 13.0.2 build v13.0.2rc1 (win64 - Windows 10.0 (19045.2))

CPU model: 12th Gen Intel(R) Core(TM) i7-12700KF, instruction set [SSE2|AVX|AVX2]
Thread count: 12 physical cores, 20 logical processors, using up to 1 threads

Non-default parameters:
TimeLimit  2.3767293690000002e+02
MIPGap  0
MIPGapAbs  0
LogToConsole  0
Threads  1

Optimize a model with 11927 rows, 3380 columns and 67394 nonzeros (Min)
Model fingerprint: 0xf1a2047f
Model has 21 linear objective coefficients
Coefficient statistics:
  Matrix range     [7e-03, 1e+04]
  Objective range  [7e-03, 1e+00]
  Bounds range     [2e-02, 6e+01]
  RHS range        [2e-02, 5e+04]

Presolve removed 669 rows and 110 columns
Presolve time: 0.04s
Presolved: 11258 rows, 3289 columns, 62953 nonzeros

Iteration    Objective       Primal Inf.    Dual Inf.      Time
       0    2.4576276e-02   4.821331e+02   0.000000e+00      0s

Extra simplex iterations after uncrush: 138
    2911    4.4264413e-02   0.000000e+00   0.000000e+00      0s

Solved in 2911 iterations and 0.18 seconds (0.55 work units)
Optimal objective  4.426441258e-02

User-callback calls 3062, time in user-callback 0.00 sec
