
Gurobi 13.0.2 (win64) logging started Sat Jul 25 07:38:15 2026

Set parameter LogFile to value "E:\codes\ExactEBRP\results\gf_nonblocking_gurobi_c6_round31\runs\stage6__high_imbalance_seed6202__p_grb__1200s\native.log"
Set parameter Threads to value 1
Set parameter Presolve to value -1
Set parameter Seed to value 0
Set parameter MIPGap to value 0
Set parameter MIPGapAbs to value 0
Set parameter TimeLimit to value 1200
Read LP format model from file E:\codes\ExactEBRP\results\gf_nonblocking_gurobi_c6_round31\runs\stage6__high_imbalance_seed6202__p_grb__1200s\canonical.lp
Reading time = 0.04 seconds
obj: 27650 rows, 10534 columns, 135597 nonzeros
Set parameter TimeLimit to value 1194.7379795
Gurobi Optimizer version 13.0.2 build v13.0.2rc1 (win64 - Windows 10.0 (19045.2))

CPU model: 12th Gen Intel(R) Core(TM) i7-12700KF, instruction set [SSE2|AVX|AVX2]
Thread count: 12 physical cores, 20 logical processors, using up to 1 threads

Non-default parameters:
TimeLimit  1194.7379795
MIPGap  0
MIPGapAbs  0
LogToConsole  0
Threads  1

Optimize a model with 27650 rows, 10534 columns and 135597 nonzeros (Min)
Model fingerprint: 0x2d0bfcbe
Model has 51 linear objective coefficients
Variable types: 1805 continuous, 8729 integer (8229 binary)
Coefficient statistics:
  Matrix range     [2e-02, 6e+02]
  Objective range  [1e-02, 1e+00]
  Bounds range     [1e+00, 6e+01]
  RHS range        [1e+00, 4e+03]

Presolve removed 417 rows and 102 columns
Presolve time: 0.31s
Presolved: 27233 rows, 10432 columns, 211892 nonzeros
Variable types: 579 continuous, 9853 integer (8210 binary)
Found heuristic solution: objective 20.1988520

Use crossover to convert LP symmetric solution to basic solution...
Crossover time: 0.02 seconds (0.02 work units)

Root relaxation: objective 7.114386e+00, 6211 iterations, 0.44 seconds (1.04 work units)

    Nodes    |    Current Node    |     Objective Bounds      |     Work
 Expl Unexpl |  Obj  Depth IntInf | Incumbent    BestBd   Gap | It/Node Time

     0     0    7.11439    0  594   20.19885    7.11439  64.8%     -    0s
     0     0    7.38353    0 1180   20.19885    7.38353  63.4%     -    1s
     0     0    7.39179    0 1111   20.19885    7.39179  63.4%     -    1s
     0     0    7.45437    0 1036   20.19885    7.45437  63.1%     -    2s
     0     0    7.46195    0  987   20.19885    7.46195  63.1%     -    2s
     0     0    7.61864    0 1136   20.19885    7.61864  62.3%     -    3s
     0     0    7.77395    0 1047   20.19885    7.77395  61.5%     -    3s
     0     0    7.80141    0  875   20.19885    7.80141  61.4%     -    3s
H    0     0                      20.0507278    7.80141  61.1%     -    3s
H    0     0                      20.0503279    7.80141  61.1%     -    3s
H    0     0                      20.0451093    7.80141  61.1%     -    4s
H    0     0                      19.9715689    7.80141  60.9%     -    4s
H    0     0                      19.6029608    7.80141  60.2%     -    4s
H    0     0                      19.6005445    7.80141  60.2%     -    4s
H    0     0                      19.6004353    7.80141  60.2%     -    4s
H    0     0                      19.5998068    7.80141  60.2%     -    4s
     0     0    7.80259    0  921   19.59981    7.80259  60.2%     -    4s
     0     0    7.80296    0  873   19.59981    7.80296  60.2%     -    4s
     0     0    7.80314    0  919   19.59981    7.80314  60.2%     -    4s
     0     0    7.80315    0  920   19.59981    7.80315  60.2%     -    4s
     0     0    7.80948    0  925   19.59981    7.80948  60.2%     -    4s
H    0     0                      18.7271657    7.80948  58.3%     -    4s
H    0     0                      16.2538635    7.80948  52.0%     -    4s
H    0     0                      16.2531070    7.80948  52.0%     -    4s
H    0     0                      16.2484652    7.80948  51.9%     -    4s
H    0     0                      16.1159087    7.80948  51.5%     -    4s
H    0     0                      16.1151363    7.80948  51.5%     -    4s
     0     0    7.81176    0  945   16.11514    7.81176  51.5%     -    4s
     0     0    7.81215    0  940   16.11514    7.81215  51.5%     -    4s
     0     0    7.81231    0  945   16.11514    7.81231  51.5%     -    5s
     0     0    7.81237    0  949   16.11514    7.81237  51.5%     -    5s
     0     0    7.81731    0  897   16.11514    7.81731  51.5%     -    5s
     0     0    7.81793    0  990   16.11514    7.81793  51.5%     -    5s
     0     0    7.81833    0  855   16.11514    7.81833  51.5%     -    5s
     0     0    7.81836    0  859   16.11514    7.81836  51.5%     -    5s
     0     0    7.82234    0  799   16.11514    7.82234  51.5%     -    5s
     0     0    7.82409    0  858   16.11514    7.82409  51.4%     -    6s
     0     0    7.82431    0  867   16.11514    7.82431  51.4%     -    6s
     0     0    7.82432    0  869   16.11514    7.82432  51.4%     -    6s
     0     0    7.82437    0  885   16.11514    7.82437  51.4%     -    6s
H    0     0                      16.0691758    7.82437  51.3%     -    6s
H    0     0                      16.0685103    7.82437  51.3%     -    6s
H    0     0                      16.0684426    7.82437  51.3%     -    6s
H    0     0                      16.0607388    7.82437  51.3%     -    6s
H    0     0                      16.0603659    7.82437  51.3%     -    6s
H    0     0                      16.0602982    7.82437  51.3%     -    6s
H    0     0                      16.0568030    7.82437  51.3%     -    6s
     0     0    7.82438    0  877   16.05680    7.82438  51.3%     -    6s
     0     0    7.82447    0  887   16.05680    7.82447  51.3%     -    6s
     0     0    7.82451    0  882   16.05680    7.82451  51.3%     -    6s
     0     0    7.82815    0  783   16.05680    7.82815  51.2%     -    7s
     0     0    7.82833    0  783   16.05680    7.82833  51.2%     -    7s
     0     0    7.82836    0  785   16.05680    7.82836  51.2%     -    7s
     0     0    7.83128    0  862   16.05680    7.83128  51.2%     -    7s
H    0     0                      16.0559471    7.83128  51.2%     -    7s
     0     0    7.83131    0  845   16.05595    7.83131  51.2%     -    7s
     0     0    7.83134    0  868   16.05595    7.83134  51.2%     -    7s
H    0     0                      15.9642425    7.83148  50.9%     -    7s
H    0     0                      15.9616499    7.83148  50.9%     -    7s
H    0     0                      15.9611833    7.83148  50.9%     -    7s
H    0     0                      15.9585907    7.83148  50.9%     -    7s
H    0     0                      15.9581242    7.83148  50.9%     -    7s
H    0     0                      15.9550650    7.83148  50.9%     -    7s
H    0     0                      15.9524724    7.83148  50.9%     -    7s
H    0     0                      15.9520058    7.83148  50.9%     -    7s
H    0     0                      15.9512795    7.83148  50.9%     -    7s
H    0     0                      15.9489467    7.83148  50.9%     -    7s
H    0     0                      15.9463541    7.83148  50.9%     -    7s
H    0     0                      15.9458875    7.83148  50.9%     -    7s
H    0     0                      15.9428398    7.83148  50.9%     -    8s
H    0     0                      15.9422458    7.83148  50.9%     -    8s
H    0     0                      15.9395963    7.83148  50.9%     -    8s
     0     0    7.83148    0  864   15.93960    7.83148  50.9%     -    8s
     0     0    7.83148    0  863   15.93960    7.83148  50.9%     -    8s
     0     0    7.83148    0  862   15.93960    7.83148  50.9%     -    8s
     0     0    7.83148    0  853   15.93960    7.83148  50.9%     -    8s
H    0     0                      15.9395934    7.83157  50.9%     -    9s
H    0     0                      15.9258665    7.83157  50.8%     -    9s
H    0     0                      15.9242223    7.83157  50.8%     -    9s
H    0     0                      15.6086655    7.83157  49.8%     -    9s
H    0     0                      15.4838158    7.83157  49.4%     -    9s
H    0     0                      15.4674066    7.83157  49.4%     -    9s
H    0     0                      14.3744276    7.83157  45.5%     -    9s
H    0     0                      14.3576892    7.83157  45.5%     -    9s
H    0     0                      13.7624221    7.83157  43.1%     -    9s
H    0     0                      13.7511215    7.83157  43.0%     -    9s
H    0     0                      13.7057807    7.83157  42.9%     -    9s
H    0     0                      13.7039318    7.83157  42.9%     -    9s
H    0     0                      13.6859440    7.83157  42.8%     -    9s
H    0     0                      13.6666419    7.83157  42.7%     -    9s
H    0     0                      13.6649191    7.83157  42.7%     -    9s
H    0     0                      13.6570182    7.83157  42.7%     -    9s
H    0     0                      13.3279478    7.83157  41.2%     -    9s
H    0     0                      13.2361302    7.83157  40.8%     -    9s
H    0     0                      13.2314645    7.83157  40.8%     -    9s
H    0     0                      13.2071612    7.83157  40.7%     -    9s
H    0     0                      13.2056481    7.83157  40.7%     -    9s
H    0     0                      13.2046214    7.83157  40.7%     -    9s
H    0     0                      13.2043939    7.83157  40.7%     -    9s
     0     2    7.83157    0  853   13.20439    7.83157  40.7%     -    9s
     4     6    8.02876    2  963   13.20439    7.83183  40.7%   314   10s
H    5     5                      13.1892268    7.83183  40.6%   251   10s
H    8     8                      13.1438860    7.83183  40.4%   269   11s
H    8     8                      13.0687453    7.83183  40.1%   269   11s
H    8     8                      13.0674929    7.83183  40.1%   269   11s
H    8     8                      13.0674517    7.83183  40.1%   269   11s
H    8     8                      11.3782248    7.83183  31.2%   269   12s
H    8     8                      11.3781727    7.83183  31.2%   269   12s
H    8     8                      11.3772874    7.83183  31.2%   269   12s
H    8     8                      11.2370327    7.83183  30.3%   269   12s
H    8     8                      11.2366110    7.83183  30.3%   269   13s
    40    38    8.23667   24 1018   11.23661    7.83183  30.3%   209   15s
   129   124    9.33583  101 1282   11.23661    7.83183  30.3%   141   20s
H  180   166                      11.2358386    7.83188  30.3%   137   22s
H  180   166                      11.2355964    7.83188  30.3%   137   23s
H  180   166                      11.2355885    7.83188  30.3%   137   23s
H  180   166                      11.2355728    7.83188  30.3%   137   23s
H  180   166                      11.2355650    7.83188  30.3%   137   23s
H  180   166                      11.2355571    7.83188  30.3%   137   23s
H  186   172                      11.2306993    7.83188  30.3%   138   24s
H  186   172                      11.2302371    7.83188  30.3%   138   24s
H  186   172                      11.2300545    7.83188  30.3%   138   24s
H  186   172                      11.2300401    7.83188  30.3%   138   24s
H  186   172                      11.2300336    7.83188  30.3%   138   24s
   194   182    8.18160   25 1282   11.23003    7.83188  30.3%   144   25s
H  230   216                      11.2299714    7.83188  30.3%   133   27s
H  233   219                      11.2282909    7.83188  30.2%   135   27s
H  233   219                      11.2281939    7.83188  30.2%   135   27s
H  233   219                      11.2279644    7.83188  30.2%   135   27s
H  249   235                      11.2278627    7.83188  30.2%   129   27s
H  259   245                      11.2278563    7.83188  30.2%   126   28s
   290   276   10.80101  112 1168   11.22786    7.83188  30.2%   129   30s
H  302   286                      11.1262918    7.83188  29.6%   127   30s
H  302   286                      11.1248454    7.83188  29.6%   127   30s
H  302   286                      11.1246774    7.83188  29.6%   127   30s
H  302   286                      11.1226610    7.83188  29.6%   127   30s
H  302   286                      11.1226343    7.83188  29.6%   127   30s
H  302   286                      11.1226134    7.83188  29.6%   127   30s
H  302   286                      11.1225992    7.83188  29.6%   127   30s
H  302   286                      11.1225930    7.83188  29.6%   127   30s
H  316   300                      11.1217097    7.83188  29.6%   124   31s
H  358   342                      11.1076256    7.83188  29.5%   116   32s
H  358   342                      11.1071434    7.83188  29.5%   116   32s
H  358   342                      11.1070893    7.83188  29.5%   116   32s
H  358   342                      11.1064007    7.83188  29.5%   116   32s
H  358   342                      11.1058756    7.83188  29.5%   116   32s
H  358   342                      11.1058061    7.83188  29.5%   116   32s
H  358   342                      11.1052810    7.83188  29.5%   116   32s
H  358   342                      11.1052544    7.83188  29.5%   116   32s
H  358   273                      10.1288211    7.83188  22.7%   116   32s
H  358   273                      10.1287943    7.83188  22.7%   116   32s
H  358   273                      10.1287541    7.83188  22.7%   116   32s
H  385   288                      10.1248684    7.83864  22.6%   120   34s
H  385   288                      10.1153991    7.83864  22.5%   120   34s
H  385   288                      10.1153826    7.83864  22.5%   120   34s
H  385   288                      10.1142675    7.83864  22.5%   120   34s
   396   301    8.49980   27 1062   10.11427    7.83864  22.5%   124   35s
H  452   353                      10.1056226    7.83864  22.4%   129   39s
H  452   353                      10.1021024    7.83864  22.4%   129   39s
H  452   353                      10.1021007    7.83864  22.4%   129   39s
H  452   353                      10.0952668    7.83864  22.4%   129   39s
H  452   353                      10.0928814    7.83864  22.3%   129   39s
H  463   364                      10.0927645    7.83864  22.3%   128   39s
H  463   364                      10.0927562    7.83864  22.3%   128   39s
H  463   364                      10.0927473    7.83864  22.3%   128   39s
   468   367     cutoff   85        10.09275    7.83864  22.3%   130   40s
H  471   364                      10.0925423    7.83864  22.3%   131   40s
H  471   364                      10.0905879    7.83864  22.3%   131   40s
H  471   364                      10.0892323    7.83864  22.3%   131   40s
H  471   364                      10.0889152    7.83864  22.3%   131   40s
H  471   364                      10.0888890    7.83864  22.3%   131   40s
H  471   364                      10.0886188    7.83864  22.3%   131   40s
H  474   363                      10.0824965    7.83864  22.3%   132   42s
H  478   361                      10.0824631    7.83864  22.3%   135   43s
H  478   361                      10.0824564    7.83864  22.3%   135   43s
H  478   361                      10.0824524    7.83864  22.3%   135   43s
H  478   361                      10.0824446    7.83864  22.3%   135   43s
   504   389    8.38036   27 1045   10.08244    7.85738  22.1%   138   45s
H  542   420                      10.0587643    7.85738  21.9%   136   46s
H  542   420                      10.0580296    7.85738  21.9%   136   46s
   545   422    9.34151   43  717   10.05803    7.85738  21.9%   135   51s
   552   427    7.94639   15 1151   10.05803    7.85738  21.9%   134   55s
   558   431    9.23849   35  865   10.05803    7.85738  21.9%   132   60s
H  559   410                      10.0561848    7.85738  21.9%   132   62s
H  559   389                      10.0560410    7.85738  21.9%   132   63s
H  561   370                      10.0556628    7.85738  21.9%   132   65s
H  561   351                      10.0555712    7.85738  21.9%   132   65s
H  561   333                      10.0554327    7.85738  21.9%   132   65s
   568   338    9.24844   70  860   10.05543    7.85738  21.9%   130   70s
   570   339    9.49824   80  833   10.05543    7.85742  21.9%   129   77s
   578   346    7.85742   13 1015   10.05543    7.85742  21.9%   162   80s
   599   360    7.95872   24  890   10.05543    7.85742  21.9%   173   85s
   623   376    8.56139   36 1167   10.05543    7.85742  21.9%   183   90s
H  641   369                      10.0546780    7.85742  21.9%   185   93s
   644   373    8.60831   46 1250   10.05468    7.85742  21.9%   187   95s
   668   387    8.62636   58 1322   10.05468    7.85742  21.9%   190  100s
H  681   377                      10.0516804    7.85742  21.8%   192  102s
   690   385    8.62208   69 1350   10.05168    7.85742  21.8%   195  105s
H  698   373                      10.0515575    7.85742  21.8%   196  107s
   706   381    8.63275   77 1273   10.05156    7.85742  21.8%   200  110s
   732   396    8.86586   90 1135   10.05156    7.85742  21.8%   207  115s
   782   429    8.87495  115 1123   10.05156    7.85742  21.8%   206  120s
   808   432    8.88408  126 1077   10.05156    7.85742  21.8%   208  125s
   848   444    9.03316  143  856   10.05156    7.85742  21.8%   210  130s
   868   442    7.91967   14 1083   10.05156    7.85742  21.8%   212  140s
   889   456    8.07098   25  943   10.05156    7.85742  21.8%   214  145s
   910   470    8.76843   35 1051   10.05156    7.85742  21.8%   220  150s
   932   484    8.52220   46  863   10.05156    7.85742  21.8%   226  155s
   955   496    9.43201   58 1126   10.05156    7.85742  21.8%   231  160s
   986   507    9.58927   71 1010   10.05156    7.85742  21.8%   230  165s
  1022   523    9.61063   89 1017   10.05156    7.85742  21.8%   228  170s
  1055   531    8.14302   21 1194   10.05156    7.85742  21.8%   228  175s
  1076   543    8.29589   32  903   10.05156    7.85742  21.8%   231  180s
  1099   557    9.02031   43 1096   10.05156    7.85742  21.8%   235  185s
  1122   568    9.41207   55 1264   10.05156    7.85742  21.8%   237  190s
  1148   575    8.04146   21  574   10.05156    7.85742  21.8%   242  195s
  1179   590    9.21823   36 1240   10.05156    7.85742  21.8%   243  200s
  1216   613    9.32354   55 1385   10.05156    7.85742  21.8%   244  205s
  1254   636    9.40997   74 1178   10.05156    7.85742  21.8%   245  210s
  1302   663    9.48934   98  965   10.05156    7.85742  21.8%   243  215s
  1337   680    9.62602  115  962   10.05156    7.85742  21.8%   243  220s
  1377   678    8.19550   18  875   10.05156    7.85742  21.8%   243  225s
  1402   691    8.39356   31 1125   10.05156    7.85742  21.8%   245  230s
  1429   709    8.78371   44 1159   10.05156    7.85742  21.8%   248  235s
  1461   735    9.01754   60 1206   10.05156    7.85742  21.8%   250  240s
  1489   763    9.05591   74 1084   10.05156    7.85742  21.8%   252  245s
  1512   784    8.99641   86 1115   10.05156    7.85742  21.8%   256  250s
  1532   804    9.00400   96 1077   10.05156    7.85742  21.8%   259  255s
  1577   845    9.02045  118  888   10.05156    7.85742  21.8%   257  260s
  1610   873    9.00981  135 1021   10.05156    7.85742  21.8%   258  265s
  1636   895    9.14445  148  969   10.05156    7.85742  21.8%   260  270s
  1663   904    8.22388   16  807   10.05156    7.85742  21.8%   260  275s
  1690   928    8.85004   30 1103   10.05156    7.85742  21.8%   262  280s
  1712   944    9.03128   41 1001   10.05156    7.85742  21.8%   262  285s
  1736   962    9.07496   53 1181   10.05156    7.85742  21.8%   264  290s
  1758   981    9.09469   64 1027   10.05156    7.85742  21.8%   266  295s
  1781   992    9.53285   15 1252   10.05156    7.85742  21.8%   270  300s
  1805  1016    8.12207   27  676   10.05156    7.85742  21.8%   271  305s
H 1825  1034                      10.0507471    7.85742  21.8%   272  310s
  1827  1037    8.45061   38  972   10.05075    7.85742  21.8%   273  315s
  1853  1061    8.47349   51 1187   10.05075    7.85742  21.8%   272  320s
  1885  1090    8.53049   67 1074   10.05075    7.85742  21.8%   274  325s
  1917  1096    9.90263   82 1203   10.05075    7.85742  21.8%   274  330s
  1970  1117    9.91986  100  892   10.05075    7.85742  21.8%   271  335s
  2017  1120    7.86658   14  921   10.05075    7.85742  21.8%   269  340s
  2038  1141    8.01187   25  658   10.05075    7.85742  21.8%   272  345s
  2066  1167    9.25800   39 1024   10.05075    7.85742  21.8%   272  350s
  2094  1190    9.57435   52 1182   10.05075    7.85742  21.8%   273  355s
  2141  1228    9.62638   76 1006   10.05075    7.85742  21.8%   272  360s
  2179  1266    9.62618   95 1063   10.05075    7.85742  21.8%   272  365s
  2216  1293 infeasible  112        10.05075    7.85742  21.8%   273  370s
  2244  1313    8.21697   27  947   10.05075    7.85742  21.8%   274  375s
  2283  1350    8.59478   60 1097   10.05075    7.85742  21.8%   274  380s
  2320  1387    8.65993   94 1185   10.05075    7.85742  21.8%   272  385s
  2370  1421    8.81473  125 1000   10.05075    7.85742  21.8%   269  390s
  2413  1452    8.46241   43 1085   10.05075    7.85742  21.8%   268  395s
  2461  1500    8.50561   83  942   10.05075    7.85742  21.8%   265  400s
  2523  1560    8.53497  130  954   10.05075    7.85742  21.8%   261  405s
  2554  1589    8.63187  144  974   10.05075    7.85742  21.8%   263  410s
  2578  1609    9.54401  161 1052   10.05075    7.85742  21.8%   265  415s
  2629  1660    9.55993  200  866   10.05075    7.85742  21.8%   263  420s
  2641  1665    9.56005  198  918   10.05075    7.85742  21.8%   266  425s
  2684  1667    8.20001   17  972   10.05075    7.85742  21.8%   266  430s
  2711  1692    8.66699   36 1099   10.05075    7.85742  21.8%   267  435s
  2739  1720    8.74502   59 1147   10.05075    7.85742  21.8%   266  440s
  2766  1743    8.86711   74 1129   10.05075    7.85742  21.8%   266  445s
H 2791  1739                       9.9111959    7.85742  20.7%   265  452s
H 2792  1740                       9.9109993    7.85742  20.7%   265  454s
  2794  1744    8.88625   91  997    9.91100    7.85742  20.7%   266  455s
H 2803  1751                       9.9109748    7.85742  20.7%   266  456s
H 2804  1752                       9.9109095    7.85742  20.7%   266  457s
H 2814  1762                       9.9109094    7.85742  20.7%   265  458s
  2833  1783    8.88090  119  973    9.91091    7.85742  20.7%   264  460s
  2896  1838    9.54456  158  947    9.91091    7.85742  20.7%   261  465s
H 2927  1849                       9.9108981    7.85742  20.7%   261  469s
H 2930  1850                       9.9108954    7.85742  20.7%   261  472s
  2942  1848    7.86085   14  858    9.91090    7.85742  20.7%   262  475s
  2965  1871    8.24252   29 1077    9.91090    7.85742  20.7%   262  480s
  2995  1899    8.50677   57 1043    9.91090    7.85742  20.7%   262  485s
  3021  1913    8.66385   74 1230    9.91090    7.85742  20.7%   262  490s
  3042  1922    8.44392   26 1120    9.91090    7.85742  20.7%   263  495s
  3077  1957    8.72614   53 1176    9.91090    7.85742  20.7%   263  500s
  3109  1989    8.76878   76 1117    9.91090    7.85742  20.7%   264  505s
  3143  2023    8.91582   97 1140    9.91090    7.85742  20.7%   264  510s
  3176  2054    9.05804  124 1128    9.91090    7.85742  20.7%   263  515s
  3229  2106    9.20524  160  954    9.91090    7.85742  20.7%   262  520s
  3269  2126    8.14034   23 1004    9.91090    7.85742  20.7%   261  525s
  3291  2148    8.42006   40 1156    9.91090    7.85742  20.7%   263  530s
  3348  2205    8.51269   88 1135    9.91090    7.85742  20.7%   261  535s
  3401  2258    8.76500  127 1049    9.91090    7.85742  20.7%   259  540s
  3434  2287    8.91355  149  959    9.91090    7.85742  20.7%   259  545s
  3477  2323    9.09319  168  904    9.91090    7.85742  20.7%   259  550s
  3538  2361    8.02560   20  809    9.91090    7.85742  20.7%   257  555s
  3566  2387    8.36471   36 1285    9.91090    7.85742  20.7%   259  560s
  3638  2459    8.47520   99 1158    9.91090    7.85742  20.7%   257  565s
  3727  2538 infeasible  157         9.91090    7.85742  20.7%   254  570s
  3753  2557    8.13537   30 1031    9.91090    7.85742  20.7%   255  575s
  3795  2597    8.44681   61 1264    9.91090    7.85742  20.7%   255  580s
  3853  2643    8.71769   15 1216    9.91090    7.85742  20.7%   254  585s
H 3867  2653                       9.9100676    7.85742  20.7%   254  590s
H 3867  2653                       9.9094167    7.85742  20.7%   254  590s
  3867  2655    9.73768   29 1190    9.90942    7.85742  20.7%   254  596s
  3888  2667    9.55973   20  999    9.90942    7.85742  20.7%   255  600s
  3928  2703    9.84408   60 1197    9.90942    7.85742  20.7%   253  605s
  3966  2731    8.23585   20  911    9.90942    7.85742  20.7%   253  610s
  3989  2752    8.44010   32 1222    9.90942    7.85742  20.7%   253  615s
  4016  2779    8.50799   45 1150    9.90942    7.85742  20.7%   254  620s
  4047  2810    8.58341   61 1220    9.90942    7.85742  20.7%   255  625s
  4079  2842    8.72516   77 1101    9.90942    7.85742  20.7%   256  630s
  4102  2865    8.73658   88  906    9.90942    7.85742  20.7%   257  635s
H 4157  2905                       9.9094126    7.85742  20.7%   256  639s
  4169  2915 infeasible  120         9.90941    7.85742  20.7%   256  640s
H 4181  2911                       9.9094019    7.85742  20.7%   256  641s
H 4181  2911                       9.9093587    7.85742  20.7%   256  641s
H 4181  2911                       9.9093268    7.85742  20.7%   256  641s
H 4181  2911                       9.9093256    7.85742  20.7%   256  641s
  4201  2933    9.00013   39 1180    9.90933    7.85742  20.7%   256  645s
  4256  2988    9.28091   94 1087    9.90933    7.85742  20.7%   254  650s
  4322  3044    7.90309   16  984    9.90933    7.85742  20.7%   252  655s
  4364  3086    8.94288   58 1135    9.90933    7.85742  20.7%   252  660s
  4449  3171    9.58170  143  899    9.90933    7.85742  20.7%   249  665s
  4521  3242    9.58621  215  821    9.90933    7.85742  20.7%   246  670s
  4556  3263    8.68911   24  989    9.90933    7.85742  20.7%   247  675s
H 4597  3292                       9.9093256    7.85742  20.7%   247  679s
  4600  3297    9.33269   48 1047    9.90933    7.85742  20.7%   247  680s
  4661  3348    9.74756   87 1033    9.90933    7.85742  20.7%   248  685s
  4713  3390    9.89617  132  995    9.90933    7.85742  20.7%   247  690s
  4781  3436    8.47376   27 1312    9.90933    7.86041  20.7%   245  695s
  4830  3473    9.35139   43 1130    9.90933    7.86079  20.7%   245  700s
  4868  3509    9.73103   80 1166    9.90933    7.86079  20.7%   245  705s
  4943  3568    8.94028   21 1206    9.90933    7.86086  20.7%   244  710s
  4996  3619    9.55531   73 1045    9.90933    7.86086  20.7%   243  715s
  5054  3654    8.34993   24  888    9.90933    7.86160  20.7%   243  720s
  5092  3684    9.17041   39  915    9.90933    7.86160  20.7%   244  725s
  5123  3709    9.47266   55  861    9.90933    7.86160  20.7%   244  730s
  5154  3728    9.14978   22 1230    9.90933    7.86160  20.7%   245  735s
  5190  3755    9.89152   53 1103    9.90933    7.86160  20.7%   247  740s
  5242  3795    9.86152   59 1115    9.90933    7.86198  20.7%   247  745s
  5289  3830    9.18524   37 1160    9.90933    7.86214  20.7%   247  750s
  5323  3856    9.71646   66 1200    9.90933    7.86214  20.7%   248  755s
  5369  3892    9.13645   35 1132    9.90933    7.86220  20.7%   248  760s
  5467  3973    8.51271   32 1147    9.90933    7.86334  20.6%   246  765s
  5526  4016    7.91883   16 1140    9.90933    7.86359  20.6%   245  770s
  5581  4069    9.46559   70 1098    9.90933    7.86359  20.6%   245  775s
  5669  4153    9.72042  156 1041    9.90933    7.86359  20.6%   244  780s
  5717  4187    8.64497   44 1091    9.90933    7.86479  20.6%   244  785s
  5809  4279    8.67142  118  919    9.90933    7.86479  20.6%   242  790s
  5824  4294    8.80943  125 1001    9.90933    7.86479  20.6%   243  802s
  5851  4319    8.96238  146  924    9.90933    7.86479  20.6%   243  805s
  5892  4342    8.40909   33 1031    9.90933    7.86494  20.6%   243  810s
  5986  4432    8.67685  124  969    9.90933    7.86494  20.6%   241  817s
  6024  4464 infeasible  160         9.90933    7.86494  20.6%   240  820s
  6064  4490 infeasible   19         9.90933    7.86530  20.6%   240  825s
  6117  4537    9.85098   69 1251    9.90933    7.86530  20.6%   239  830s
  6178  4592    9.89932  127 1071    9.90933    7.86530  20.6%   238  836s
  6227  4616    8.29673   24  914    9.90933    7.86548  20.6%   238  840s
  6264  4643    9.68124   28 1309    9.90933    7.86571  20.6%   239  845s
  6322  4683    8.17220   21  885    9.90933    7.86600  20.6%   239  850s
  6368  4719    9.36668   44 1087    9.90933    7.86600  20.6%   239  855s
  6411  4760    9.48262   65 1008    9.90933    7.86600  20.6%   240  860s
  6456  4801 infeasible   88         9.90933    7.86600  20.6%   241  865s
  6475  4813    8.51884   24  873    9.90933    7.86665  20.6%   242  870s
  6504  4827    9.88618   37 1164    9.90933    7.86665  20.6%   243  875s
  6535  4848    8.72220   39 1194    9.90933    7.86676  20.6%   243  880s
  6592  4905    9.08210   96 1042    9.90933    7.86676  20.6%   242  888s
  6605  4916    9.27228  108 1117    9.90933    7.86676  20.6%   242  890s
  6651  4950    9.21630   46 1024    9.90933    7.86722  20.6%   242  895s
  6689  4970    9.33221   18 1379    9.90933    7.86816  20.6%   243  900s
  6713  4985    8.64385   28 1144    9.90933    7.86874  20.6%   243  905s
  6740  5012    9.60177   55 1086    9.90933    7.86874  20.6%   243  910s
  6790  5062    9.85594  105 1025    9.90933    7.86874  20.6%   243  915s
  6838  5087    9.72500   28 1310    9.90933    7.86898  20.6%   243  920s
  6883  5121    7.88056   19  830    9.90933    7.86954  20.6%   243  925s
  6907  5143    9.83394   42 1181    9.90933    7.86954  20.6%   244  930s
  6936  5159    9.07267   22 1186    9.90933    7.86965  20.6%   244  935s
  6964  5187    9.42136   50 1347    9.90933    7.86965  20.6%   244  940s
  6996  5218    9.59429   82  995    9.90933    7.86965  20.6%   244  945s
H 7010  5230                       9.9093256    7.86965  20.6%   244  949s
  7010  5232    9.74324   96 1049    9.90933    7.86965  20.6%   244  950s
  7050  5260    8.01079   18 1090    9.90933    7.87087  20.6%   244  955s
  7118  5328    8.68777   86  955    9.90933    7.87087  20.6%   243  960s
  7173  5372    9.78249   36 1264    9.90933    7.87264  20.6%   243  965s
  7239  5434    9.86280  100  972    9.90933    7.87264  20.6%   242  970s
  7301  5472    7.89775   18  840    9.90933    7.87391  20.5%   241  975s
  7350  5521    8.86910   67 1152    9.90933    7.87391  20.5%   241  980s
  7370  5541    8.87902   87  976    9.90933    7.87391  20.5%   241  986s
  7406  5573    9.50884  120 1064    9.90933    7.87391  20.5%   240  990s
  7467  5612     cutoff  163         9.90933    7.87391  20.5%   241  995s
  7497  5631    8.51310   38 1321    9.90933    7.87412  20.5%   241 1000s
  7543  5669    8.80381   25 1103    9.90933    7.87428  20.5%   241 1005s
  7596  5712    9.60894   49 1207    9.90933    7.87428  20.5%   241 1010s
  7665  5768    9.71997   61 1142    9.90933    7.87475  20.5%   241 1015s
  7708  5781    9.90283   78 1073    9.90933    7.87475  20.5%   241 1020s
  7754  5813    8.80123   46 1164    9.90933    7.87488  20.5%   241 1025s
  7822  5881    9.02509  114  998    9.90933    7.87488  20.5%   240 1052s
  7823  5882    9.02510  115 1004    9.90933    7.87488  20.5%   240 1055s
  7866  5915    8.45652   20  712    9.90933    7.87521  20.5%   240 1060s
  7888  5935    8.62514   34 1259    9.90933    7.87521  20.5%   241 1065s
  7955  6002    8.75617   89 1023    9.90933    7.87521  20.5%   240 1070s
  8006  6029    9.88669   27 1118    9.90933    7.87537  20.5%   240 1075s
  8050  6060    8.65155   24 1175    9.90933    7.87538  20.5%   241 1080s
  8096  6104    9.35929   47 1283    9.90933    7.87538  20.5%   241 1085s
H 8128  6134                       9.9093256    7.87538  20.5%   242 1088s
  8133  6141    8.66005   66  974    9.90933    7.87538  20.5%   242 1090s
  8187  6185    9.64051   92 1020    9.90933    7.87538  20.5%   242 1095s
  8213  6193    9.63398   29  917    9.90933    7.87539  20.5%   243 1100s
  8264  6238    9.68168   68  834    9.90933    7.87558  20.5%   243 1105s
  8292  6254    9.55542   32 1260    9.90933    7.87625  20.5%   243 1110s
  8318  6280    9.61694   58 1043    9.90933    7.87625  20.5%   243 1115s
  8366  6304    8.81463   17  892    9.90933    7.87648  20.5%   243 1120s
  8427  6361    9.43482   75 1153    9.90933    7.87648  20.5%   243 1125s
  8452  6372    9.90477   32  960    9.90933    7.87716  20.5%   244 1130s
  8485  6399    8.83615   46  999    9.90933    7.87736  20.5%   244 1135s
  8534  6436    9.41499   28  991    9.90933    7.87770  20.5%   244 1140s
  8584  6462    9.88262   46 1148    9.90933    7.87770  20.5%   245 1145s
  8622  6482    9.20550   30  957    9.90933    7.87772  20.5%   245 1150s
  8687  6547    9.34999   83 1175    9.90933    7.87772  20.5%   245 1155s
  8760  6614 infeasible  139         9.90933    7.87772  20.5%   244 1160s
  8766  6620    9.51747  142  880    9.90933    7.87772  20.5%   244 1165s
  8809  6659    9.66488  163  799    9.90933    7.87772  20.5%   244 1170s
  8872  6697    8.73938   29  994    9.90933    7.87776  20.5%   243 1175s
  8930  6745    8.69325   29 1143    9.90933    7.87780  20.5%   244 1180s
  9003  6816    9.21622  101 1097    9.90933    7.87780  20.5%   243 1185s
  9049  6850    8.34944   29  849    9.90933    7.87886  20.5%   243 1190s

Cutting planes:
  Learned: 10
  Gomory: 11
  Cover: 87
  Implied bound: 131
  Projected implied bound: 181
  Clique: 53
  MIR: 750
  Mixing: 3
  StrongCG: 73
  Flow cover: 895
  GUB cover: 7
  Inf proof: 5
  Zero half: 27
  RLT: 17
  Relax-and-lift: 72
  BQP: 30

Explored 9112 nodes (2225357 simplex iterations) in 1194.74 seconds (2657.42 work units)
Thread count was 1 (of 20 available processors)

Solution count 10: 9.90933 9.90933 9.90936 ... 9.91091

Time limit reached
Best objective 9.909325568820e+00, best bound 7.878859681292e+00, gap 20.4905%

User-callback calls 290882, time in user-callback 0.06 sec
