
Gurobi 13.0.2 (win64) logging started Fri Oct  2 03:28:32 2026

Set parameter LogFile to value "E:\codes\ExactEBRP\results\unified_exact_round99\linked01\raw\05_R98-C1_M-BL\external\native_logs\L0.0_lp.gurobi.log"
Gurobi Optimizer version 13.0.2 build v13.0.2rc1 (win64 - Windows 10.0 (19045.2))

CPU model: 12th Gen Intel(R) Core(TM) i7-12700KF, instruction set [SSE2|AVX|AVX2]
Thread count: 12 physical cores, 20 logical processors, using up to 1 threads

Non-default parameters:
TimeLimit  595.2987887
MIPGap  0
MIPGapAbs  0
LogToConsole  0
Threads  1

Optimize a model with 9158 rows, 3318 columns and 53360 nonzeros (Min)
Model fingerprint: 0xcef4ded4
Model has 21 linear objective coefficients
Coefficient statistics:
  Matrix range     [4e-02, 1e+04]
  Objective range  [5e-02, 1e+00]
  Bounds range     [2e-01, 4e+02]
  RHS range        [4e-01, 4e+04]

Presolve removed 1456 rows and 42 columns
Presolve time: 0.03s
Presolved: 7702 rows, 3277 columns, 46699 nonzeros

Iteration    Objective       Primal Inf.    Dual Inf.      Time
       0    0.0000000e+00   4.062542e+02   0.000000e+00      0s
    2832    8.6417369e-02   0.000000e+00   0.000000e+00      0s

Solved in 2832 iterations and 0.15 seconds (0.42 work units)
Optimal objective  8.641736889e-02

User-callback calls 2961, time in user-callback 0.00 sec
