
Gurobi 13.0.2 (win64) logging started Fri Oct  2 03:28:33 2026

Set parameter LogFile to value "E:\codes\ExactEBRP\results\unified_exact_round99\linked01\raw\05_R98-C1_M-BL\external\native_logs\L0_terminal_mip.gurobi.log"
Set parameter TimeLimit to value 5.9447711299999992e+02
Gurobi Optimizer version 13.0.2 build v13.0.2rc1 (win64 - Windows 10.0 (19045.2))

CPU model: 12th Gen Intel(R) Core(TM) i7-12700KF, instruction set [SSE2|AVX|AVX2]
Thread count: 12 physical cores, 20 logical processors, using up to 1 threads

Non-default parameters:
TimeLimit  5.9447711299999992e+02
MIPGap  0
MIPGapAbs  0
LogToConsole  0
Threads  1

Optimize a model with 9158 rows, 3318 columns and 53360 nonzeros (Min)
Model fingerprint: 0xbaa1f469
Model has 21 linear objective coefficients
Variable types: 1776 continuous, 1542 integer (1482 binary)
Coefficient statistics:
  Matrix range     [4e-02, 1e+04]
  Objective range  [5e-02, 1e+00]
  Bounds range     [4e-01, 4e+02]
  RHS range        [4e-01, 4e+04]

Loaded user MIP start with objective 0.377846

Presolve removed 1938 rows and 22 columns
Presolve time: 0.09s
Presolved: 7220 rows, 3296 columns, 43055 nonzeros
Variable types: 1564 continuous, 1732 integer (1482 binary)

Root relaxation: objective 8.764071e-02, 2861 iterations, 0.15 seconds (0.38 work units)

    Nodes    |    Current Node    |     Objective Bounds      |     Work
 Expl Unexpl |  Obj  Depth IntInf | Incumbent    BestBd   Gap | It/Node Time

     0     0    0.08764    0  180    0.37785    0.08764  76.8%     -    0s
     0     0    0.13238    0  283    0.37785    0.13238  65.0%     -    0s
     0     0    0.14154    0  309    0.37785    0.14154  62.5%     -    0s
     0     0    0.15399    0  374    0.37785    0.15399  59.2%     -    1s
     0     0    0.17476    0  367    0.37785    0.17476  53.7%     -    1s
     0     0    0.22481    0  407    0.37785    0.22481  40.5%     -    1s
     0     0    0.22858    0  414    0.37785    0.22858  39.5%     -    1s
     0     0    0.25243    0  430    0.37785    0.25243  33.2%     -    2s
     0     0    0.25472    0  416    0.37785    0.25472  32.6%     -    2s
     0     0    0.25621    0  428    0.37785    0.25621  32.2%     -    2s
     0     0    0.25633    0  430    0.37785    0.25633  32.2%     -    2s
     0     0    0.25663    0  423    0.37785    0.25663  32.1%     -    2s
H    0     0                       0.3777767    0.25666  32.1%     -    2s
H    0     0                       0.3771591    0.25666  31.9%     -    2s
     0     0    0.25666    0  435    0.37716    0.25666  31.9%     -    2s
     0     0    0.25692    0  433    0.37716    0.25692  31.9%     -    3s
     0     0    0.25692    0  433    0.37716    0.25692  31.9%     -    3s
     0     0    0.25692    0  433    0.37716    0.25692  31.9%     -    3s
     0     0    0.25692    0  423    0.37716    0.25692  31.9%     -    3s
H    0     0                       0.3750466    0.25692  31.5%     -    3s
     0     2    0.25692    0  423    0.37505    0.25692  31.5%     -    3s
H    2     2                       0.3749121    0.25692  31.5%   570    3s
H    2     2                       0.3746134    0.25692  31.4%   570    3s
H    2     2                       0.3745120    0.25692  31.4%   570    3s
H    2     2                       0.3745033    0.25692  31.4%   570    3s
    40    42    0.30718   30  342    0.37450    0.26417  29.5%   324    5s
H  495   446                       0.3739192    0.27529  26.4%  96.8    9s
H  495   445                       0.3737583    0.27529  26.3%  96.8    9s
   500   442 infeasible   29         0.37376    0.27529  26.3%  97.0   10s
H  555   461                       0.3737515    0.27556  26.3%   106   12s
H  555   438                       0.3737233    0.27556  26.3%   106   12s
H  555   416                       0.3736858    0.27556  26.3%   106   12s
   559   418    0.34007   24  424    0.37369    0.27556  26.3%   105   15s
   568   424    0.28691    4  416    0.37369    0.27556  26.3%   103   20s
   583   436    0.30641   19  364    0.37369    0.27621  26.1%   138   25s
   695   475    0.30152   18  398    0.37369    0.28299  24.3%   151   30s
H  701   455                       0.3736629    0.28822  22.9%   156   30s
   869   505    0.36195   31  242    0.37366    0.29122  22.1%   157   35s
  1029   507    0.36222   51  236    0.37366    0.30178  19.2%   157   40s
H 1045   433                       0.3626925    0.30259  16.6%   157   40s
H 1045   413                       0.3626878    0.30259  16.6%   157   40s
H 1045   394                       0.3626831    0.30259  16.6%   157   40s
H 1051   379                       0.3626597    0.30259  16.6%   156   40s
H 1253   400                       0.3622351    0.30736  15.2%   153   44s
  1312   408    0.34161   22  353    0.36224    0.30773  15.0%   152   45s
H 1421   370                       0.3621897    0.31499  13.0%   159   48s
  1476   370    0.33543   20  310    0.36219    0.31645  12.6%   159   50s
H 1730   406                       0.3621810    0.32056  11.5%   160   54s
H 1738   406                       0.3621646    0.32087  11.4%   160   54s
  1738   408    0.33353   22  312    0.36216    0.32095  11.4%   161   55s
  1979   431    0.35551   24  270    0.36216    0.32628  9.91%   167   60s
  2180   439    0.35506   22  243    0.36216    0.33074  8.68%   171   65s
  2429   454    0.34315   27  236    0.36216    0.33532  7.41%   171   70s
  2739   493     cutoff   24         0.36216    0.33900  6.40%   167   75s
  3111   571 infeasible   46         0.36216    0.34324  5.23%   160   80s
  3626   674 infeasible   23         0.36216    0.34657  4.31%   150   85s
* 4296   854              61       0.3619511    0.34816  3.81%   136   89s
  4334   866    0.35980   33  223    0.36195    0.34817  3.81%   135   90s
H 4479   791                       0.3596481    0.34856  3.08%   133   91s
  4924   930    0.35781   33  175    0.35965    0.34935  2.86%   125   95s
H 4947   923                       0.3594585    0.34945  2.78%   125   95s
  5767  1096 infeasible   34         0.35946    0.35035  2.53%   114  100s
* 6404  1236              50       0.3594485    0.35103  2.34%   106  102s
  6965  1329    0.35488   42   62    0.35945    0.35129  2.27%   101  105s
  8231  1578    0.35384   50  129    0.35945    0.35184  2.12%  90.5  110s
  9480  1754    0.35771   34  211    0.35945    0.35241  1.96%  82.7  115s
 10694  1866    0.35742   36  150    0.35945    0.35298  1.80%  77.3  120s
 12068  2021     cutoff   42         0.35945    0.35342  1.68%  71.9  125s
 13506  2149    0.35754   30  180    0.35945    0.35384  1.56%  67.3  130s
 14874  2253    0.35449   51   65    0.35945    0.35426  1.44%  63.9  135s
 16252  2331     cutoff   41         0.35945    0.35455  1.36%  60.8  140s
 17761  2397    0.35606   45   74    0.35945    0.35487  1.27%  58.1  145s
 18941  2386    0.35629   38  119    0.35945    0.35514  1.20%  56.2  150s
 20277  2339     cutoff   46         0.35945    0.35540  1.13%  54.4  155s
 21704  2311    0.35782   45  130    0.35945    0.35567  1.05%  52.4  160s
 23215  2224     cutoff   36         0.35945    0.35596  0.97%  50.6  165s
 24215  2124     cutoff   49         0.35945    0.35617  0.91%  49.6  170s
 25748  2033 infeasible   38         0.35945    0.35645  0.83%  48.1  175s
 27247  1899    0.35678   44   94    0.35945    0.35674  0.75%  46.8  180s
 28711  1649    0.35798   46  108    0.35945    0.35709  0.66%  45.7  185s
 30101  1338    0.35786   50  138    0.35945    0.35746  0.55%  44.8  190s
*30866   863              48       0.3587412    0.35769  0.29%  44.3  192s
 31373   562    0.35804   31  205    0.35874    0.35798  0.21%  43.9  195s

Cutting planes:
  Learned: 13
  Gomory: 1
  Cover: 91
  Implied bound: 141
  Projected implied bound: 33
  Clique: 13
  MIR: 310
  StrongCG: 1
  Flow cover: 423
  GUB cover: 11
  Inf proof: 1
  Network: 35
  RLT: 5
  Relax-and-lift: 28
  BQP: 3

Explored 32011 nodes (1405060 simplex iterations) in 197.58 seconds (303.70 work units)
Thread count was 1 (of 20 available processors)

Solution count 10: 0.358741 0.358741 0.359449 ... 0.362235

Optimal solution found (tolerance 0.00e+00)
Best objective 3.587412415544e-01, best bound 3.587412415544e-01, gap 0.0000%

User-callback calls 116611, time in user-callback 3.70 sec
