
Gurobi 13.0.2 (win64) logging started Fri Jul 24 21:17:53 2026

Set parameter LogFile to value "E:\codes\ExactEBRP\results\gf_nonblocking_gurobi_c6_round31\runs\stage2__high_imbalance_seed4201__c6_candidate__300s\native.log"
Set parameter Threads to value 1
Set parameter Presolve to value -1
Set parameter Seed to value 0
Set parameter MIPGap to value 0
Set parameter MIPGapAbs to value 0
Warning: unknown variable 'r_max' in bounds section (line 13939)
Warning: unknown variable 'r_min' in bounds section (line 13940)
Read LP format model from file E:\codes\ExactEBRP\results\gf_nonblocking_gurobi_c6_round31\runs\stage2__high_imbalance_seed4201__c6_candidate__300s\external\models\L0.lp
Reading time = 0.02 seconds
obj: 11902 rows, 3374 columns, 67101 nonzeros
Set parameter TimeLimit to value 278.2372321
Warning: unknown variable 'r_max' in bounds section (line 13939)
Warning: unknown variable 'r_min' in bounds section (line 13940)
Read LP format model from file E:\codes\ExactEBRP\results\gf_nonblocking_gurobi_c6_round31\runs\stage2__high_imbalance_seed4201__c6_candidate__300s\external\models\L1.lp
Reading time = 0.02 seconds
obj: 11902 rows, 3374 columns, 67341 nonzeros
Set parameter TimeLimit to value 278.0413615
Warning: unknown variable 'r_max' in bounds section (line 13939)
Warning: unknown variable 'r_min' in bounds section (line 13940)
Read LP format model from file E:\codes\ExactEBRP\results\gf_nonblocking_gurobi_c6_round31\runs\stage2__high_imbalance_seed4201__c6_candidate__300s\external\models\L2.lp
Reading time = 0.02 seconds
obj: 11902 rows, 3374 columns, 67341 nonzeros
Set parameter TimeLimit to value 2.7758621949999997e+02
Warning: unknown variable 'r_max' in bounds section (line 13939)
Warning: unknown variable 'r_min' in bounds section (line 13940)
Read LP format model from file E:\codes\ExactEBRP\results\gf_nonblocking_gurobi_c6_round31\runs\stage2__high_imbalance_seed4201__c6_candidate__300s\external\models\L3.lp
Reading time = 0.02 seconds
obj: 11902 rows, 3374 columns, 66961 nonzeros
Set parameter TimeLimit to value 277.2106547
Warning: unknown variable 'r_max' in bounds section (line 13939)
Warning: unknown variable 'r_min' in bounds section (line 13940)
Read LP format model from file E:\codes\ExactEBRP\results\gf_nonblocking_gurobi_c6_round31\runs\stage2__high_imbalance_seed4201__c6_candidate__300s\external\models\L1.0.lp
Reading time = 0.02 seconds
obj: 11902 rows, 3374 columns, 67341 nonzeros
Set parameter TimeLimit to value 268.8408324
Warning: unknown variable 'r_max' in bounds section (line 13939)
Warning: unknown variable 'r_min' in bounds section (line 13940)
Read LP format model from file E:\codes\ExactEBRP\results\gf_nonblocking_gurobi_c6_round31\runs\stage2__high_imbalance_seed4201__c6_candidate__300s\external\models\L1.1.lp
Reading time = 0.02 seconds
obj: 11902 rows, 3374 columns, 67341 nonzeros
Set parameter TimeLimit to value 268.6373272
Warning: unknown variable 'r_max' in bounds section (line 13939)
Warning: unknown variable 'r_min' in bounds section (line 13940)
Read LP format model from file E:\codes\ExactEBRP\results\gf_nonblocking_gurobi_c6_round31\runs\stage2__high_imbalance_seed4201__c6_candidate__300s\external\models\L2.0.lp
Reading time = 0.02 seconds
obj: 11902 rows, 3374 columns, 67341 nonzeros
Set parameter TimeLimit to value 267.7045011
Warning: unknown variable 'r_max' in bounds section (line 13939)
Warning: unknown variable 'r_min' in bounds section (line 13940)
Read LP format model from file E:\codes\ExactEBRP\results\gf_nonblocking_gurobi_c6_round31\runs\stage2__high_imbalance_seed4201__c6_candidate__300s\external\models\L2.1.lp
Reading time = 0.02 seconds
obj: 11902 rows, 3374 columns, 67341 nonzeros
Set parameter TimeLimit to value 267.2880112
