
Gurobi 13.0.2 (win64) logging started Sat Aug  8 14:46:50 2026

Set parameter LogFile to value "E:\codes\ExactEBRP\results\gf_c6_documentation_hga_round34\runs\v10__round33_v10_high_imbalance_M1_Q20_seed2098545008__c6_hga_full__3600s\external\native_logs\L2.1_terminal_mip.gurobi.log"
Gurobi Optimizer version 13.0.2 build v13.0.2rc1 (win64 - Windows 10.0 (19045.2))

CPU model: 12th Gen Intel(R) Core(TM) i7-12700KF, instruction set [SSE2|AVX|AVX2]
Thread count: 12 physical cores, 20 logical processors, using up to 1 threads

Non-default parameters:
TimeLimit  3580.9098492
MIPGap  0
MIPGapAbs  0
LogToConsole  0
Threads  1

Optimize a model with 2552 rows, 483 columns and 17048 nonzeros (Min)
Model fingerprint: 0x205e463e
Model has 11 linear objective coefficients
Variable types: 256 continuous, 227 integer (187 binary)
Coefficient statistics:
  Matrix range     [1e-02, 1e+05]
  Objective range  [1e-02, 1e+00]
  Bounds range     [6e-01, 8e+02]
  RHS range        [6e-01, 1e+06]

Presolve removed 1496 rows and 116 columns
Presolve time: 0.07s
Presolved: 1056 rows, 367 columns, 6630 nonzeros
Variable types: 194 continuous, 173 integer (143 binary)

Root relaxation: objective 2.293681e+00, 387 iterations, 0.01 seconds (0.01 work units)

    Nodes    |    Current Node    |     Objective Bounds      |     Work
 Expl Unexpl |  Obj  Depth IntInf | Incumbent    BestBd   Gap | It/Node Time

     0     0    2.29368    0   88          -    2.29368      -     -    0s
H    0     0                       2.4891955    2.29368  7.85%     -    0s
     0     0    2.32281    0   92    2.48920    2.32281  6.68%     -    0s
     0     0    2.32504    0   87    2.48920    2.32504  6.59%     -    0s
     0     0    2.33197    0   54    2.48920    2.33197  6.32%     -    0s
     0     0    2.33230    0   53    2.48920    2.33230  6.30%     -    0s
     0     0    2.33555    0   87    2.48920    2.33555  6.17%     -    0s
     0     0    2.33869    0   91    2.48920    2.33869  6.05%     -    0s
     0     0    2.34324    0   90    2.48920    2.34324  5.86%     -    0s
H    0     0                       2.4887471    2.34341  5.84%     -    0s
     0     0    2.34356    0   89    2.48875    2.34356  5.83%     -    0s
     0     0    2.34386    0   88    2.48875    2.34386  5.82%     -    0s
     0     0    2.34392    0   90    2.48875    2.34392  5.82%     -    0s
     0     0    2.34448    0   90    2.48875    2.34448  5.80%     -    0s
H    0     0                       2.4802275    2.34500  5.45%     -    0s
     0     0    2.34500    0   95    2.48023    2.34500  5.45%     -    0s
     0     0    2.34595    0   96    2.48023    2.34595  5.41%     -    0s
     0     0    2.34608    0  101    2.48023    2.34608  5.41%     -    0s
     0     0    2.34685    0   99    2.48023    2.34685  5.38%     -    0s
     0     0    2.34749    0  102    2.48023    2.34749  5.35%     -    0s
     0     0    2.34749    0  102    2.48023    2.34749  5.35%     -    0s
     0     0    2.34750    0  102    2.48023    2.34750  5.35%     -    0s
     0     0    2.34750    0  102    2.48023    2.34750  5.35%     -    0s
H    0     0                       2.4622843    2.34755  4.66%     -    0s
     0     0    2.36770    0   88    2.46228    2.36770  3.84%     -    0s
     0     0    2.36770    0   88    2.46228    2.36770  3.84%     -    0s
     0     0    2.36770    0   88    2.46228    2.36770  3.84%     -    0s
     0     2    2.38584    0   88    2.46228    2.38584  3.10%     -    0s
*   50    23              16       2.4622775    2.42077  1.69%  19.4    0s
H   55    21                       2.4611055    2.42338  1.53%  19.5    0s
H   64    23                       2.4609910    2.42338  1.53%  17.3    0s
*   88     9              13       2.4607448    2.45773  0.12%  15.8    0s
*   89     2              13       2.4593376    2.45773  0.07%  15.7    0s

Cutting planes:
  Learned: 2
  Cover: 21
  Implied bound: 31
  Clique: 5
  MIR: 16
  StrongCG: 4
  Flow cover: 20
  Zero half: 1
  Network: 3
  RLT: 7
  Relax-and-lift: 19

Explored 93 nodes (3084 simplex iterations) in 0.66 seconds (0.71 work units)
Thread count was 1 (of 20 available processors)

Solution count 8: 2.45934 2.46074 2.46099 ... 2.4892

Optimal solution found (tolerance 0.00e+00)
Best objective 2.459337617385e+00, best bound 2.459337617385e+00, gap 0.0000%

User-callback calls 1777, time in user-callback 0.00 sec
