
Gurobi 13.0.2 (win64) logging started Sat Aug  8 14:46:53 2026

Set parameter LogFile to value "E:\codes\ExactEBRP\results\gf_c6_documentation_hga_round34\runs\v10__round33_v10_high_imbalance_M1_Q20_seed2098545008__c6_hga_light__3600s\external\native_logs\L2.0_lp.gurobi.log"
Gurobi Optimizer version 13.0.2 build v13.0.2rc1 (win64 - Windows 10.0 (19045.2))

CPU model: 12th Gen Intel(R) Core(TM) i7-12700KF, instruction set [SSE2|AVX|AVX2]
Thread count: 12 physical cores, 20 logical processors, using up to 1 threads

Non-default parameters:
TimeLimit  3582.7804427
MIPGap  0
MIPGapAbs  0
LogToConsole  0
Threads  1

Optimize a model with 2552 rows, 483 columns and 17048 nonzeros (Min)
Model fingerprint: 0x8d5e4f72
Model has 11 linear objective coefficients
Coefficient statistics:
  Matrix range     [1e-02, 1e+05]
  Objective range  [1e-02, 1e+00]
  Bounds range     [5e-01, 9e+02]
  RHS range        [5e-01, 1e+06]

Presolve removed 492 rows and 33 columns
Presolve time: 0.01s
Presolved: 2060 rows, 451 columns, 13980 nonzeros

Iteration    Objective       Primal Inf.    Dual Inf.      Time
       0    6.1002576e-01   1.765145e+02   0.000000e+00      0s

Solved in 235 iterations and 0.01 seconds (0.04 work units)
Infeasible model

User-callback calls 377, time in user-callback 0.00 sec
