
Gurobi 13.0.2 (win64) logging started Sat Aug  8 14:46:53 2026

Set parameter LogFile to value "E:\codes\ExactEBRP\results\gf_c6_documentation_hga_round34\runs\v10__round33_v10_high_imbalance_M1_Q20_seed2098545008__c6_hga_light__3600s\external\native_logs\L2.1_lp.gurobi.log"
Gurobi Optimizer version 13.0.2 build v13.0.2rc1 (win64 - Windows 10.0 (19045.2))

CPU model: 12th Gen Intel(R) Core(TM) i7-12700KF, instruction set [SSE2|AVX|AVX2]
Thread count: 12 physical cores, 20 logical processors, using up to 1 threads

Non-default parameters:
TimeLimit  3582.7222336
MIPGap  0
MIPGapAbs  0
LogToConsole  0
Threads  1

Optimize a model with 2552 rows, 483 columns and 17048 nonzeros (Min)
Model fingerprint: 0x8afe2163
Model has 11 linear objective coefficients
Coefficient statistics:
  Matrix range     [1e-02, 1e+05]
  Objective range  [1e-02, 1e+00]
  Bounds range     [6e-01, 8e+02]
  RHS range        [6e-01, 1e+06]

Presolve removed 510 rows and 31 columns
Presolve time: 0.01s
Presolved: 2042 rows, 453 columns, 13854 nonzeros

Iteration    Objective       Primal Inf.    Dual Inf.      Time
       0    7.6545079e-01   1.685221e+02   0.000000e+00      0s
     326    2.1432421e+00   0.000000e+00   0.000000e+00      0s

Solved in 326 iterations and 0.02 seconds (0.04 work units)
Optimal objective  2.143242124e+00

User-callback calls 469, time in user-callback 0.00 sec
