
Gurobi 13.0.2 (win64) logging started Sun Aug  9 17:11:23 2026

Set parameter LogFile to value "E:\codes\ExactEBRP\results\gf_simple_start_qualification_round35\runs\matrix1800__moderate_seed6301__c6_simple_start__1800s\native.log"
Set parameter Threads to value 1
Set parameter Presolve to value -1
Set parameter Seed to value 0
Set parameter MIPGap to value 0
Set parameter MIPGapAbs to value 0
Warning: unknown variable 'r_max' in bounds section (line 103369)
Warning: unknown variable 'r_min' in bounds section (line 103370)
Read LP format model from file E:\codes\ExactEBRP\results\gf_simple_start_qualification_round35\runs\matrix1800__moderate_seed6301__c6_simple_start__1800s\external\models\L0.lp
Reading time = 0.21 seconds
obj: 93025 rows, 18191 columns, 665186 nonzeros
Set parameter TimeLimit to value 1783.8795875
Warning: unknown variable 'r_max' in bounds section (line 103369)
Warning: unknown variable 'r_min' in bounds section (line 103370)
Read LP format model from file E:\codes\ExactEBRP\results\gf_simple_start_qualification_round35\runs\matrix1800__moderate_seed6301__c6_simple_start__1800s\external\models\L1.lp
Reading time = 0.21 seconds
obj: 93025 rows, 18191 columns, 665798 nonzeros
Set parameter TimeLimit to value 1779.6464916
Warning: unknown variable 'r_max' in bounds section (line 103370)
Warning: unknown variable 'r_min' in bounds section (line 103371)
Read LP format model from file E:\codes\ExactEBRP\results\gf_simple_start_qualification_round35\runs\matrix1800__moderate_seed6301__c6_simple_start__1800s\external\models\L2.lp
Reading time = 0.21 seconds
obj: 93026 rows, 18191 columns, 665804 nonzeros
Set parameter TimeLimit to value 1728.6184933
Warning: unknown variable 'r_max' in bounds section (line 103369)
Warning: unknown variable 'r_min' in bounds section (line 103370)
Read LP format model from file E:\codes\ExactEBRP\results\gf_simple_start_qualification_round35\runs\matrix1800__moderate_seed6301__c6_simple_start__1800s\external\models\L0.0.lp
Reading time = 0.21 seconds
obj: 93025 rows, 18191 columns, 665186 nonzeros
Set parameter TimeLimit to value 1724.5107112
Warning: unknown variable 'r_max' in bounds section (line 103369)
Warning: unknown variable 'r_min' in bounds section (line 103370)
Read LP format model from file E:\codes\ExactEBRP\results\gf_simple_start_qualification_round35\runs\matrix1800__moderate_seed6301__c6_simple_start__1800s\external\models\L0.1.lp
Reading time = 0.21 seconds
obj: 93025 rows, 18191 columns, 665798 nonzeros
Set parameter TimeLimit to value 1719.5140764
Warning: unknown variable 'r_max' in bounds section (line 103369)
Warning: unknown variable 'r_min' in bounds section (line 103370)
Read LP format model from file E:\codes\ExactEBRP\results\gf_simple_start_qualification_round35\runs\matrix1800__moderate_seed6301__c6_simple_start__1800s\external\models\L0.1.0.lp
Reading time = 0.20 seconds
obj: 93025 rows, 18191 columns, 665798 nonzeros
Set parameter TimeLimit to value 1669.8110804
Warning: unknown variable 'r_max' in bounds section (line 103369)
Warning: unknown variable 'r_min' in bounds section (line 103370)
Read LP format model from file E:\codes\ExactEBRP\results\gf_simple_start_qualification_round35\runs\matrix1800__moderate_seed6301__c6_simple_start__1800s\external\models\L0.1.1.lp
Reading time = 0.21 seconds
obj: 93025 rows, 18191 columns, 665798 nonzeros
Set parameter TimeLimit to value 1.6633645870999999e+03
Warning: unknown variable 'r_max' in bounds section (line 103369)
Warning: unknown variable 'r_min' in bounds section (line 103370)
Read LP format model from file E:\codes\ExactEBRP\results\gf_simple_start_qualification_round35\runs\matrix1800__moderate_seed6301__c6_simple_start__1800s\external\models\L1.0.lp
Reading time = 0.21 seconds
obj: 93025 rows, 18191 columns, 665798 nonzeros
Set parameter TimeLimit to value 1630.7798354
Warning: unknown variable 'r_max' in bounds section (line 103369)
Warning: unknown variable 'r_min' in bounds section (line 103370)
Read LP format model from file E:\codes\ExactEBRP\results\gf_simple_start_qualification_round35\runs\matrix1800__moderate_seed6301__c6_simple_start__1800s\external\models\L1.1.lp
Reading time = 0.21 seconds
obj: 93025 rows, 18191 columns, 665798 nonzeros
Set parameter TimeLimit to value 1626.8615349
