
Gurobi 13.0.2 (win64) logging started Mon Aug 10 07:52:56 2026

Set parameter LogFile to value "E:\codes\ExactEBRP\results\gf_simple_start_qualification_round35\runs\v50_3600__round32_multi_m_moderate_V50_M4_seed721910669__c6_simple_start__3600s\native.log"
Set parameter Threads to value 1
Set parameter Presolve to value -1
Set parameter Seed to value 0
Set parameter MIPGap to value 0
Set parameter MIPGapAbs to value 0
Warning: unknown variable 'r_max' in bounds section (line 116824)
Warning: unknown variable 'r_min' in bounds section (line 116825)
Read LP format model from file E:\codes\ExactEBRP\results\gf_simple_start_qualification_round35\runs\v50_3600__round32_multi_m_moderate_V50_M4_seed721910669__c6_simple_start__3600s\external\models\L0.lp
Reading time = 0.24 seconds
obj: 103680 rows, 23591 columns, 719535 nonzeros
Set parameter TimeLimit to value 3583.6999166
Warning: unknown variable 'r_max' in bounds section (line 116824)
Warning: unknown variable 'r_min' in bounds section (line 116825)
Read LP format model from file E:\codes\ExactEBRP\results\gf_simple_start_qualification_round35\runs\v50_3600__round32_multi_m_moderate_V50_M4_seed721910669__c6_simple_start__3600s\external\models\L1.lp
Reading time = 0.24 seconds
obj: 103680 rows, 23591 columns, 720147 nonzeros
Set parameter TimeLimit to value 3577.6709528
Warning: unknown variable 'r_max' in bounds section (line 116824)
Warning: unknown variable 'r_min' in bounds section (line 116825)
Read LP format model from file E:\codes\ExactEBRP\results\gf_simple_start_qualification_round35\runs\v50_3600__round32_multi_m_moderate_V50_M4_seed721910669__c6_simple_start__3600s\external\models\L0.0.lp
Reading time = 0.23 seconds
obj: 103680 rows, 23591 columns, 719535 nonzeros
Set parameter TimeLimit to value 2781.1994301
Warning: unknown variable 'r_max' in bounds section (line 116824)
Warning: unknown variable 'r_min' in bounds section (line 116825)
Read LP format model from file E:\codes\ExactEBRP\results\gf_simple_start_qualification_round35\runs\v50_3600__round32_multi_m_moderate_V50_M4_seed721910669__c6_simple_start__3600s\external\models\L0.1.lp
Reading time = 0.24 seconds
obj: 103680 rows, 23591 columns, 720147 nonzeros
Set parameter TimeLimit to value 2769.2872416
Warning: unknown variable 'r_max' in bounds section (line 116824)
Warning: unknown variable 'r_min' in bounds section (line 116825)
Read LP format model from file E:\codes\ExactEBRP\results\gf_simple_start_qualification_round35\runs\v50_3600__round32_multi_m_moderate_V50_M4_seed721910669__c6_simple_start__3600s\external\models\L2.lp
Reading time = 0.24 seconds
obj: 103680 rows, 23591 columns, 720147 nonzeros
Set parameter TimeLimit to value 2328.8276203
Warning: unknown variable 'r_max' in bounds section (line 116824)
Warning: unknown variable 'r_min' in bounds section (line 116825)
Read LP format model from file E:\codes\ExactEBRP\results\gf_simple_start_qualification_round35\runs\v50_3600__round32_multi_m_moderate_V50_M4_seed721910669__c6_simple_start__3600s\external\models\L1.0.lp
Reading time = 0.24 seconds
obj: 103680 rows, 23591 columns, 720147 nonzeros
Set parameter TimeLimit to value 2323.1416068
Warning: unknown variable 'r_max' in bounds section (line 116824)
Warning: unknown variable 'r_min' in bounds section (line 116825)
Read LP format model from file E:\codes\ExactEBRP\results\gf_simple_start_qualification_round35\runs\v50_3600__round32_multi_m_moderate_V50_M4_seed721910669__c6_simple_start__3600s\external\models\L1.1.lp
Reading time = 0.23 seconds
obj: 103680 rows, 23591 columns, 720147 nonzeros
Set parameter TimeLimit to value 2316.2910216
