
Gurobi 13.0.2 (win64) logging started Sun Aug  9 22:50:06 2026

Set parameter LogFile to value "E:\codes\ExactEBRP\results\gf_simple_start_qualification_round35\runs\matrix1800__round32_multi_m_moderate_V50_M2_seed254020866__c6_simple_start__1800s\native.log"
Set parameter Threads to value 1
Set parameter Presolve to value -1
Set parameter Seed to value 0
Set parameter MIPGap to value 0
Set parameter MIPGapAbs to value 0
Warning: unknown variable 'r_max' in bounds section (line 81579)
Warning: unknown variable 'r_min' in bounds section (line 81580)
Read LP format model from file E:\codes\ExactEBRP\results\gf_simple_start_qualification_round35\runs\matrix1800__round32_multi_m_moderate_V50_M2_seed254020866__c6_simple_start__1800s\external\models\L0.lp
Reading time = 0.19 seconds
obj: 74031 rows, 12795 columns, 563155 nonzeros
Set parameter TimeLimit to value 1783.8631376
Warning: unknown variable 'r_max' in bounds section (line 81579)
Warning: unknown variable 'r_min' in bounds section (line 81580)
Read LP format model from file E:\codes\ExactEBRP\results\gf_simple_start_qualification_round35\runs\matrix1800__round32_multi_m_moderate_V50_M2_seed254020866__c6_simple_start__1800s\external\models\L1.lp
Reading time = 0.19 seconds
obj: 74031 rows, 12795 columns, 563771 nonzeros
Set parameter TimeLimit to value 1780.2319613
Warning: unknown variable 'r_max' in bounds section (line 81580)
Warning: unknown variable 'r_min' in bounds section (line 81581)
Read LP format model from file E:\codes\ExactEBRP\results\gf_simple_start_qualification_round35\runs\matrix1800__round32_multi_m_moderate_V50_M2_seed254020866__c6_simple_start__1800s\external\models\L2.lp
Reading time = 0.19 seconds
obj: 74032 rows, 12795 columns, 563775 nonzeros
Set parameter TimeLimit to value 1777.6491914
Warning: unknown variable 'r_max' in bounds section (line 81581)
Warning: unknown variable 'r_min' in bounds section (line 81582)
Read LP format model from file E:\codes\ExactEBRP\results\gf_simple_start_qualification_round35\runs\matrix1800__round32_multi_m_moderate_V50_M2_seed254020866__c6_simple_start__1800s\external\models\L3.lp
Reading time = 0.19 seconds
obj: 74033 rows, 12795 columns, 563779 nonzeros
Set parameter TimeLimit to value 1764.0131275
Warning: unknown variable 'r_max' in bounds section (line 81579)
Warning: unknown variable 'r_min' in bounds section (line 81580)
Read LP format model from file E:\codes\ExactEBRP\results\gf_simple_start_qualification_round35\runs\matrix1800__round32_multi_m_moderate_V50_M2_seed254020866__c6_simple_start__1800s\external\models\L0.0.lp
Reading time = 0.19 seconds
obj: 74031 rows, 12795 columns, 563155 nonzeros
Set parameter TimeLimit to value 1729.839255
Warning: unknown variable 'r_max' in bounds section (line 81579)
Warning: unknown variable 'r_min' in bounds section (line 81580)
Read LP format model from file E:\codes\ExactEBRP\results\gf_simple_start_qualification_round35\runs\matrix1800__round32_multi_m_moderate_V50_M2_seed254020866__c6_simple_start__1800s\external\models\L0.1.lp
Reading time = 0.19 seconds
obj: 74031 rows, 12795 columns, 563771 nonzeros
Set parameter TimeLimit to value 1725.4108922
Warning: unknown variable 'r_max' in bounds section (line 81579)
Warning: unknown variable 'r_min' in bounds section (line 81580)
Read LP format model from file E:\codes\ExactEBRP\results\gf_simple_start_qualification_round35\runs\matrix1800__round32_multi_m_moderate_V50_M2_seed254020866__c6_simple_start__1800s\external\models\L1.0.lp
Reading time = 0.19 seconds
obj: 74031 rows, 12795 columns, 563771 nonzeros
Set parameter TimeLimit to value 1710.8052923
Warning: unknown variable 'r_max' in bounds section (line 81579)
Warning: unknown variable 'r_min' in bounds section (line 81580)
Read LP format model from file E:\codes\ExactEBRP\results\gf_simple_start_qualification_round35\runs\matrix1800__round32_multi_m_moderate_V50_M2_seed254020866__c6_simple_start__1800s\external\models\L1.1.lp
Reading time = 0.19 seconds
obj: 74031 rows, 12795 columns, 563771 nonzeros
Set parameter TimeLimit to value 1707.9494878
