
Gurobi 13.0.2 (win64) logging started Fri Oct  2 02:41:02 2026

Set parameter LogFile to value "E:\codes\ExactEBRP\results\unified_exact_round99\linked01\raw\01_F2_ENS-C\external\native_logs\L0_terminal_mip.gurobi.log"
Set parameter TimeLimit to value 894.529814
Gurobi Optimizer version 13.0.2 build v13.0.2rc1 (win64 - Windows 10.0 (19045.2))

CPU model: 12th Gen Intel(R) Core(TM) i7-12700KF, instruction set [SSE2|AVX|AVX2]
Thread count: 12 physical cores, 20 logical processors, using up to 1 threads

Non-default parameters:
TimeLimit  894.529814
MIPGap  0
MIPGapAbs  0
LogToConsole  0
Threads  1

Optimize a model with 9269 rows, 3488 columns and 52879 nonzeros (Min)
Model fingerprint: 0x212805e9
Model has 21 linear objective coefficients
Variable types: 1781 continuous, 1707 integer (1567 binary)
Coefficient statistics:
  Matrix range     [4e-02, 2e+04]
  Objective range  [4e-02, 1e+00]
  Bounds range     [9e-01, 4e+02]
  RHS range        [9e-01, 5e+04]

Loaded user MIP start with objective 0.885348
MIP start from previous solve did not produce a new incumbent solution

Presolve removed 1654 rows and 22 columns
Presolve time: 0.16s
Presolved: 7615 rows, 3466 columns, 56116 nonzeros
Variable types: 1569 continuous, 1897 integer (1567 binary)

Root relaxation: objective 5.642000e-01, 2930 iterations, 0.10 seconds (0.24 work units)

    Nodes    |    Current Node    |     Objective Bounds      |     Work
 Expl Unexpl |  Obj  Depth IntInf | Incumbent    BestBd   Gap | It/Node Time

     0     0    0.56420    0  325    0.88535    0.56420  36.3%     -    0s
     0     0    0.60718    0  328    0.88535    0.60718  31.4%     -    0s
     0     0    0.70809    0  393    0.88535    0.70809  20.0%     -    0s
     0     0    0.71473    0  411    0.88535    0.71473  19.3%     -    0s
     0     0    0.76269    0  428    0.88535    0.76269  13.9%     -    1s
     0     0    0.76272    0  404    0.88535    0.76272  13.9%     -    1s
     0     0    0.76595    0  444    0.88535    0.76595  13.5%     -    1s
     0     0    0.76621    0  441    0.88535    0.76621  13.5%     -    1s
     0     0    0.76748    0  419    0.88535    0.76748  13.3%     -    2s
     0     0    0.76775    0  426    0.88535    0.76775  13.3%     -    2s
     0     0    0.76805    0  429    0.88535    0.76805  13.2%     -    2s
     0     0    0.76828    0  443    0.88535    0.76828  13.2%     -    2s
     0     0    0.76836    0  437    0.88535    0.76836  13.2%     -    2s
     0     0    0.76839    0  433    0.88535    0.76839  13.2%     -    2s
     0     0    0.76859    0  421    0.88535    0.76859  13.2%     -    3s
     0     0    0.76859    0  420    0.88535    0.76859  13.2%     -    3s
     0     0    0.76859    0  420    0.88535    0.76859  13.2%     -    3s
     0     2    0.76859    0  420    0.88535    0.76859  13.2%     -    3s
    22    24    0.78010   18  382    0.88535    0.77301  12.7%   407    5s
   250   233    0.80332   10  368    0.88535    0.77413  12.6%   165   10s
   541   495    0.87793  113  355    0.88535    0.77551  12.4%   123   15s
   548   500    0.82133   69  447    0.88535    0.77551  12.4%   121   20s
   560   508    0.80944   83  446    0.88535    0.77551  12.4%   118   25s
   571   517    0.78305   17  381    0.88535    0.77554  12.4%   163   30s
H  616   509                       0.8818725    0.77554  12.1%   168   33s
H  616   484                       0.8804799    0.77554  11.9%   168   33s
H  648   466                       0.8804527    0.77554  11.9%   165   34s
H  648   444                       0.8802499    0.77554  11.9%   165   34s
H  648   423                       0.8802080    0.77554  11.9%   165   34s
H  648   403                       0.8800735    0.77554  11.9%   165   34s
   668   400    0.77554   15  428    0.88007    0.77554  11.9%   162   35s
   765   440    0.80612   32  307    0.88007    0.77554  11.9%   177   40s
   869   457    0.87983   51  176    0.88007    0.77554  11.9%   180   45s
  1002   472    0.80392   21  369    0.88007    0.78049  11.3%   183   50s
  1216   512    0.83058   30  270    0.88007    0.78656  10.6%   179   55s
H 1473   528                       0.8667829    0.78900  8.97%   167   59s
  1474   530    0.79985   22  381    0.86678    0.78902  8.97%   168   60s
  1615   563    0.81666   22  372    0.86678    0.79299  8.51%   172   65s
  1783   645    0.81197   20  363    0.86678    0.79452  8.34%   174   70s
  2013   754    0.83587   22  370    0.86678    0.79776  7.96%   173   75s
H 2053   759                       0.8659435    0.79839  7.80%   172   77s
  2171   816    0.85506   29  222    0.86594    0.79946  7.68%   172   80s
  2369   889    0.85362   25  318    0.86594    0.80055  7.55%   174   85s
  2553   966    0.83068   26  347    0.86594    0.80199  7.39%   175   90s
  2715  1035    0.82674   30  319    0.86594    0.80352  7.21%   177   95s
  2920  1103    0.82380   24  275    0.86594    0.80449  7.10%   176  100s
  3091  1171    0.85382   34  193    0.86594    0.80519  7.02%   176  105s
  3327  1263    0.83250   20  355    0.86594    0.80724  6.78%   175  110s
  3569  1340 infeasible   30         0.86594    0.80886  6.59%   175  115s
  3823  1443    0.85489   33  211    0.86594    0.80963  6.50%   173  120s
  3911  1472    0.83979   23  334    0.86594    0.80991  6.47%   173  125s
  4100  1535    0.86496   44  219    0.86594    0.81059  6.39%   173  130s
  4287  1579    0.83600   29  349    0.86594    0.81164  6.27%   173  135s
  4520  1669    0.84673   29  202    0.86594    0.81247  6.18%   172  140s
  4743  1738    0.83854   34  254    0.86594    0.81335  6.07%   171  145s
  4924  1782    0.85461   30  319    0.86594    0.81374  6.03%   171  150s
  5108  1825 infeasible   27         0.86594    0.81476  5.91%   171  155s
  5371  1864    0.84913   23  336    0.86594    0.81554  5.82%   171  160s
  5672  1948    0.84173   29  299    0.86594    0.81650  5.71%   169  165s
  5907  2011    0.84358   47  162    0.86594    0.81722  5.63%   169  170s
  6137  2072    0.85126   33  256    0.86594    0.81812  5.52%   168  175s
  6458  2142    0.82578   20  396    0.86594    0.81896  5.43%   167  180s
  6663  2186    0.85867   25  332    0.86594    0.81952  5.36%   167  185s
  6864  2253    0.84592   26  331    0.86594    0.82008  5.30%   167  190s
  7119  2308    0.85403   24  305    0.86594    0.82074  5.22%   167  195s
  7325  2331     cutoff   27         0.86594    0.82148  5.14%   168  200s
  7542  2391    0.84813   27  253    0.86594    0.82223  5.05%   168  206s
  7771  2431     cutoff   29         0.86594    0.82300  4.96%   169  210s
  7873  2448    0.86094   32  245    0.86594    0.82329  4.93%   168  215s
  8174  2486    0.86075   31  254    0.86594    0.82377  4.87%   167  220s
  8333  2517 infeasible   26         0.86594    0.82411  4.83%   167  225s
  8594  2546    0.85607   28  327    0.86594    0.82474  4.76%   169  230s
  8888  2621     cutoff   24         0.86594    0.82563  4.66%   168  235s
  9162  2694    0.85371   23  348    0.86594    0.82609  4.60%   168  240s
  9427  2721    0.84472   29  358    0.86594    0.82697  4.50%   167  245s
  9681  2762    0.85307   28  350    0.86594    0.82748  4.44%   167  250s
  9928  2807    0.84815   28  295    0.86594    0.82773  4.41%   167  255s
 10168  2845    0.83801   23  351    0.86594    0.82837  4.34%   166  260s
 10202  2856     cutoff   31         0.86594    0.82843  4.33%   166  282s
 10382  2897    0.85955   25  319    0.86594    0.82885  4.28%   166  285s
 10710  2926    0.86252   28  344    0.86594    0.82934  4.23%   165  290s
 11023  2964    0.84719   35  269    0.86594    0.83001  4.15%   165  295s
 11314  2973    0.83369   27  331    0.86594    0.83069  4.07%   165  300s
 11598  3008    0.84462   21  381    0.86594    0.83121  4.01%   165  305s
 11901  3040     cutoff   27         0.86594    0.83159  3.97%   165  310s
 12164  3051    0.85240   28  266    0.86594    0.83238  3.88%   166  315s
 12411  3074    0.84603   30  301    0.86594    0.83281  3.83%   166  320s
 12698  3119    0.86267   23  308    0.86594    0.83319  3.78%   165  325s
 12978  3136    0.83683   24  356    0.86594    0.83365  3.73%   165  330s
 13289  3155    0.84771   26  168    0.86594    0.83419  3.67%   165  335s
 13602  3164 infeasible   26         0.86594    0.83467  3.61%   164  340s
 13852  3149     cutoff   23         0.86594    0.83526  3.54%   165  345s
 14169  3167    0.84821   28  257    0.86594    0.83585  3.48%   165  350s
 14415  3189    0.85688   30  326    0.86594    0.83619  3.44%   164  355s
 14576  3192    0.86240   25  279    0.86594    0.83642  3.41%   164  360s
 14754  3188    0.86008   30  287    0.86594    0.83677  3.37%   164  370s
 15095  3189    0.86095   27  319    0.86594    0.83719  3.32%   164  375s
 15360  3199 infeasible   22         0.86594    0.83754  3.28%   164  380s
 15641  3186    0.85730   21  327    0.86594    0.83798  3.23%   164  385s
 15999  3196    0.86380   23  252    0.86594    0.83847  3.17%   163  390s
 16287  3204    0.84581   40  257    0.86594    0.83890  3.12%   163  395s
 16560  3199 infeasible   32         0.86594    0.83926  3.08%   163  400s
 16932  3205    0.85909   22  362    0.86594    0.83967  3.03%   162  405s
 17246  3179    0.84359   45  227    0.86594    0.84015  2.98%   162  410s
 17577  3156    0.84612   25  332    0.86594    0.84062  2.92%   162  415s
 17874  3127    0.86337   32  222    0.86594    0.84109  2.87%   162  420s
 18217  3113    0.86389   24  360    0.86594    0.84172  2.80%   162  425s
 18583  3091     cutoff   28         0.86594    0.84225  2.74%   162  430s
 18952  3068    0.86099   23  311    0.86594    0.84268  2.69%   161  435s
 19280  3037    0.85435   32  316    0.86594    0.84314  2.63%   161  440s
 19606  3003    0.85751   29  331    0.86594    0.84361  2.58%   161  445s
 19947  2944    0.86520   25  335    0.86594    0.84422  2.51%   160  450s
 20266  2903    0.84742   24  366    0.86594    0.84479  2.44%   160  455s
 20565  2843    0.85913   24  363    0.86594    0.84524  2.39%   160  460s
 20884  2813     cutoff   38         0.86594    0.84564  2.35%   160  465s
 21230  2768     cutoff   30         0.86594    0.84614  2.29%   159  470s
 21520  2699     cutoff   26         0.86594    0.84660  2.23%   160  475s
 21870  2657     cutoff   31         0.86594    0.84709  2.18%   159  480s
 22162  2580 infeasible   27         0.86594    0.84767  2.11%   160  485s
 22538  2507    0.86482   28  369    0.86594    0.84820  2.05%   159  490s
 22918  2447     cutoff   35         0.86594    0.84858  2.01%   159  495s
 23301  2412    0.85195   35  276    0.86594    0.84904  1.95%   158  500s
 23664  2349     cutoff   32         0.86594    0.84959  1.89%   158  505s
 24032  2285    0.86129   23  409    0.86594    0.85005  1.83%   158  510s
 24393  2214    0.85187   33  202    0.86594    0.85064  1.77%   157  515s
 24802  2128    0.85124   31  257    0.86594    0.85118  1.71%   157  520s
 25245  2060 infeasible   39         0.86594    0.85178  1.64%   156  525s
 25635  1975    0.85571   31  228    0.86594    0.85243  1.56%   155  530s
 25995  1871    0.86063   28  347    0.86594    0.85307  1.49%   155  535s
 26342  1816 infeasible   20         0.86594    0.85348  1.44%   154  540s
 26765  1702    0.85982   30  234    0.86594    0.85409  1.37%   154  545s
 27151  1587    0.85468   31  255    0.86594    0.85466  1.30%   153  550s
 27600  1494    0.85717   25  347    0.86594    0.85514  1.25%   152  555s
 28022  1350     cutoff   39         0.86594    0.85576  1.18%   152  560s
 28513  1217     cutoff   27         0.86594    0.85657  1.08%   151  565s
 29027  1087     cutoff   21         0.86594    0.85739  0.99%   150  570s
 29597   909     cutoff   34         0.86594    0.85829  0.88%   148  575s
 30124   671     cutoff   29         0.86594    0.85947  0.75%   147  580s
 30731   342     cutoff   36         0.86594    0.86144  0.52%   146  585s

Cutting planes:
  Learned: 49
  Gomory: 5
  Cover: 113
  Implied bound: 188
  Projected implied bound: 76
  Clique: 31
  MIR: 321
  StrongCG: 27
  Flow cover: 654
  GUB cover: 34
  Inf proof: 7
  Zero half: 7
  Network: 30
  RLT: 10
  Relax-and-lift: 83
  BQP: 3

Explored 31220 nodes (4514521 simplex iterations) in 588.25 seconds (1135.14 work units)
Thread count was 1 (of 20 available processors)

Solution count 10: 0.865944 0.865944 0.866783 ... 0.885348

Optimal solution found (tolerance 0.00e+00)
Best objective 8.659435203230e-01, best bound 8.659435203230e-01, gap 0.0000%

User-callback calls 164251, time in user-callback 4.39 sec
