
Gurobi 13.0.2 (win64) logging started Fri Aug  7 21:10:46 2026

Set parameter LogFile to value "E:\codes\ExactEBRP\results\gf_v10_convergence_round33\stage0_runs\exactness__round33_v10_tight_T_M2_Q20_seed2085634706__c6_frozen\native.log"
Set parameter Threads to value 1
Set parameter Presolve to value -1
Set parameter Seed to value 0
Set parameter MIPGap to value 0
Set parameter MIPGapAbs to value 0
Warning: unknown variable 'r_max' in bounds section (line 4782)
Warning: unknown variable 'r_min' in bounds section (line 4783)
Read LP format model from file E:\codes\ExactEBRP\results\gf_v10_convergence_round33\stage0_runs\exactness__round33_v10_tight_T_M2_Q20_seed2085634706__c6_frozen\external\models\L0.lp
Reading time = 0.01 seconds
obj: 4268 rows, 761 columns, 30522 nonzeros
Set parameter TimeLimit to value 3583.4335077
Warning: unknown variable 'r_max' in bounds section (line 4782)
Warning: unknown variable 'r_min' in bounds section (line 4783)
Read LP format model from file E:\codes\ExactEBRP\results\gf_v10_convergence_round33\stage0_runs\exactness__round33_v10_tight_T_M2_Q20_seed2085634706__c6_frozen\external\models\L1.lp
Reading time = 0.01 seconds
obj: 4268 rows, 761 columns, 30644 nonzeros
Set parameter TimeLimit to value 3583.3381848
Warning: unknown variable 'r_max' in bounds section (line 4783)
Warning: unknown variable 'r_min' in bounds section (line 4784)
Read LP format model from file E:\codes\ExactEBRP\results\gf_v10_convergence_round33\stage0_runs\exactness__round33_v10_tight_T_M2_Q20_seed2085634706__c6_frozen\external\models\L2.lp
Reading time = 0.01 seconds
obj: 4269 rows, 761 columns, 30648 nonzeros
Set parameter TimeLimit to value 3583.2177191
Warning: unknown variable 'r_max' in bounds section (line 4783)
Warning: unknown variable 'r_min' in bounds section (line 4784)
Read LP format model from file E:\codes\ExactEBRP\results\gf_v10_convergence_round33\stage0_runs\exactness__round33_v10_tight_T_M2_Q20_seed2085634706__c6_frozen\external\models\L3.lp
Reading time = 0.01 seconds
obj: 4269 rows, 761 columns, 30648 nonzeros
Set parameter TimeLimit to value 3582.7305888
Warning: unknown variable 'r_max' in bounds section (line 4782)
Warning: unknown variable 'r_min' in bounds section (line 4783)
Read LP format model from file E:\codes\ExactEBRP\results\gf_v10_convergence_round33\stage0_runs\exactness__round33_v10_tight_T_M2_Q20_seed2085634706__c6_frozen\external\models\L1.0.lp
Reading time = 0.01 seconds
obj: 4268 rows, 761 columns, 30644 nonzeros
Set parameter TimeLimit to value 3582.6629275
Warning: unknown variable 'r_max' in bounds section (line 4782)
Warning: unknown variable 'r_min' in bounds section (line 4783)
Read LP format model from file E:\codes\ExactEBRP\results\gf_v10_convergence_round33\stage0_runs\exactness__round33_v10_tight_T_M2_Q20_seed2085634706__c6_frozen\external\models\L1.1.lp
Reading time = 0.01 seconds
obj: 4268 rows, 761 columns, 30644 nonzeros
Set parameter TimeLimit to value 3582.5528747
Warning: unknown variable 'r_max' in bounds section (line 4783)
Warning: unknown variable 'r_min' in bounds section (line 4784)
Read LP format model from file E:\codes\ExactEBRP\results\gf_v10_convergence_round33\stage0_runs\exactness__round33_v10_tight_T_M2_Q20_seed2085634706__c6_frozen\external\models\L2.0.lp
Reading time = 0.01 seconds
obj: 4269 rows, 761 columns, 30648 nonzeros
Set parameter TimeLimit to value 3558.8576379
Warning: unknown variable 'r_max' in bounds section (line 4783)
Warning: unknown variable 'r_min' in bounds section (line 4784)
Read LP format model from file E:\codes\ExactEBRP\results\gf_v10_convergence_round33\stage0_runs\exactness__round33_v10_tight_T_M2_Q20_seed2085634706__c6_frozen\external\models\L2.1.lp
Reading time = 0.01 seconds
obj: 4269 rows, 761 columns, 30648 nonzeros
Set parameter TimeLimit to value 3558.7433083
Warning: unknown variable 'r_max' in bounds section (line 4783)
Warning: unknown variable 'r_min' in bounds section (line 4784)
Read LP format model from file E:\codes\ExactEBRP\results\gf_v10_convergence_round33\stage0_runs\exactness__round33_v10_tight_T_M2_Q20_seed2085634706__c6_frozen\external\models\L2.0.0.lp
Reading time = 0.01 seconds
obj: 4269 rows, 761 columns, 30648 nonzeros
Set parameter TimeLimit to value 3558.6466236
Warning: unknown variable 'r_max' in bounds section (line 4783)
Warning: unknown variable 'r_min' in bounds section (line 4784)
Read LP format model from file E:\codes\ExactEBRP\results\gf_v10_convergence_round33\stage0_runs\exactness__round33_v10_tight_T_M2_Q20_seed2085634706__c6_frozen\external\models\L2.0.1.lp
Reading time = 0.01 seconds
obj: 4269 rows, 761 columns, 30648 nonzeros
Set parameter TimeLimit to value 3558.5354813
