
Gurobi 13.0.2 (win64) logging started Fri Jul 24 21:18:05 2026

Set parameter LogFile to value "E:\codes\ExactEBRP\results\gf_nonblocking_gurobi_c6_round31\runs\stage2__high_imbalance_seed4201__c6_candidate__300s\external\native_logs\L2_terminal_mip.gurobi.log"
Gurobi Optimizer version 13.0.2 build v13.0.2rc1 (win64 - Windows 10.0 (19045.2))

CPU model: 12th Gen Intel(R) Core(TM) i7-12700KF, instruction set [SSE2|AVX|AVX2]
Thread count: 12 physical cores, 20 logical processors, using up to 1 threads

Non-default parameters:
TimeLimit  267.0387519
MIPGap  0
MIPGapAbs  0
LogToConsole  0
Threads  1

Optimize a model with 11902 rows, 3374 columns and 67341 nonzeros (Min)
Model fingerprint: 0xca54162c
Model has 21 linear objective coefficients
Variable types: 1684 continuous, 1690 integer (1490 binary)
Coefficient statistics:
  Matrix range     [1e-02, 2e+04]
  Objective range  [1e-02, 1e+00]
  Bounds range     [5e-01, 2e+03]
  RHS range        [5e-01, 5e+04]

Presolved: 9757 rows, 3207 columns, 79908 nonzeros

Continuing optimization...

     0     0    2.73507    0  375          -    2.73507      -     -    8s
     0     0    2.73507    0  366          -    2.73507      -     -    8s
     0     0    2.73508    0  337          -    2.73508      -     -    8s
     0     0    2.73512    0  330          -    2.73512      -     -    8s
     0     0    2.73521    0  340          -    2.73521      -     -    8s
     0     0    2.73521    0  331          -    2.73521      -     -    9s
     0     0    2.73521    0  385          -    2.73521      -     -    9s
     0     0    2.73521    0  321          -    2.73521      -     -    9s
     0     0    2.73521    0  321          -    2.73521      -     -    9s
     0     0    2.73521    0  313          -    2.73521      -     -    9s
     0     2    2.73524    0  311          -    2.73524      -     -   11s
     1     3    2.73591    1  309          -    2.73591      -  2413   11s
     9    11    2.73912    7  232          -    2.73621      -  1501   15s
    64    55    2.74645    7  329          -    2.73693      -   699   20s
    73    64    2.75234   15  295          -    2.73693      -   721   25s
   177   150    2.74157    2  313          -    2.73826      -   441   30s
   313   252    2.75032   15  249          -    2.73850      -   346   37s
   512   404    2.74747   12  270          -    2.73892      -   252   40s
   592   466    2.76888   55  320          -    2.73893      -   234   45s
   594   467    2.76221   33  353          -    2.73893      -   233   50s
   597   469    2.76944   42  358          -    2.73893      -   232   55s
   600   471    2.75211   12  324          -    2.73893      -   231   60s
   603   473    2.75940   16  368          -    2.73893      -   229   66s
   607   476    2.77853   52  375          -    2.73893      -   228   70s
   611   479    2.77371   29  365          -    2.73893      -   226   75s
   613   482    2.73893   13  308          -    2.73893      -   300   80s
   620   487    2.75219   16  257          -    2.73893      -   312   85s
   634   496    2.76285   23  228          -    2.73893      -   318   90s
   651   493    2.77565   31  134          -    2.73893      -   313   95s
   671   495    2.76176   21  204          -    2.73893      -   314  100s
   732   502    2.76997   53   96          -    2.73893      -   298  105s
   800   510    2.74578   21  242          -    2.73923      -   288  110s
   838   517    2.77767   40  140          -    2.73923      -   287  115s
   893   531    2.76760   35  100          -    2.73964      -   281  120s
   964   532    2.77217   25  187          -    2.73968      -   270  125s
  1029   528    2.74603   21  233          -    2.74226      -   265  130s
  1085   558    2.78108   49  106          -    2.74226      -   259  135s
  1196   586    2.75574   18  219          -    2.74292      -   243  140s
H 1215   551                       2.7840049    2.74292  1.48%   241  141s
H 1215   526                       2.7839180    2.74292  1.47%   241  141s
H 1215   504                       2.7837028    2.74292  1.47%   241  141s
H 1215   474                       2.7832962    2.74292  1.45%   241  141s
  1345   499 infeasible   32         2.78330    2.74446  1.40%   229  145s
  1545   506 infeasible   26         2.78330    2.74782  1.27%   215  150s
  1716   493    2.75364   16  228    2.78330    2.75128  1.15%   212  155s
  1914   546    2.76049   18  232    2.78330    2.75407  1.05%   205  160s
  2243   681    2.76345   27  193    2.78330    2.76050  0.82%   191  165s
  2702   894    2.76693   32  140    2.78330    2.76297  0.73%   172  170s
  3229  1129    2.77502   27  132    2.78330    2.76443  0.68%   154  175s
  3678  1267    2.77566   39   84    2.78330    2.76599  0.62%   145  180s
  4192  1408    2.77654   23  162    2.78330    2.76705  0.58%   136  185s
  4704  1572    2.77918   30   80    2.78330    2.76808  0.55%   129  190s
  5149  1677    2.77506   31  143    2.78330    2.76912  0.51%   124  195s
  5721  1855     cutoff   36         2.78330    2.77034  0.47%   119  200s
  6202  1925    2.77795   33   83    2.78330    2.77124  0.43%   117  205s
  6860  2031    2.77583   33  121    2.78330    2.77204  0.40%   112  210s
  7344  2094 infeasible   35         2.78330    2.77265  0.38%   109  215s
  7949  2156 infeasible   46         2.78330    2.77343  0.35%   107  220s
  8496  2207    2.77845   42  141    2.78330    2.77408  0.33%   104  225s
  9118  2250    2.78077   19  233    2.78330    2.77463  0.31%   102  230s
  9957  2339    2.78153   25  162    2.78330    2.77512  0.29%  97.8  235s

Cutting planes:
  Learned: 17
  Cover: 78
  Implied bound: 169
  Projected implied bound: 48
  Clique: 15
  MIR: 186
  StrongCG: 11
  Flow cover: 373
  GUB cover: 3
  Zero half: 14
  Network: 17
  RLT: 5
  Relax-and-lift: 50
  BQP: 4
  PSD: 1

Explored 10202 nodes (1028985 simplex iterations) in 274.71 seconds (533.83 work units)
Most recent optimization runtime was 267.05 seconds (517.25 work units)
Thread count was 1 (of 20 available processors)

Solution count 4: 2.7833 2.7837 2.78392 2.784 

Time limit reached
Best objective 2.783296190895e+00, best bound 2.775291984025e+00, gap 0.2876%

User-callback calls 83037, time in user-callback 0.02 sec
