
Gurobi 13.0.2 (win64) logging started Mon Aug 10 11:06:23 2026

Set parameter LogFile to value "E:\codes\ExactEBRP\results\gf_simple_start_qualification_round35\runs\repeat__round32_multi_m_tight_T_V50_M4_seed1562257203__c6_simple_start__repeat1__3600s\external\native_logs\L2_c6_1_next_leaf_target_mip.gurobi.log"
Gurobi Optimizer version 13.0.2 build v13.0.2rc1 (win64 - Windows 10.0 (19045.2))

CPU model: 12th Gen Intel(R) Core(TM) i7-12700KF, instruction set [SSE2|AVX|AVX2]
Thread count: 12 physical cores, 20 logical processors, using up to 1 threads

Non-default parameters:
TimeLimit  3566.9445148
MIPGap  0
MIPGapAbs  0
LogToConsole  0
Threads  1

Optimize a model with 103666 rows, 23587 columns and 720225 nonzeros (Min)
Model fingerprint: 0x6470df91
Model has 51 linear objective coefficients
Variable types: 12058 continuous, 11529 integer (10879 binary)
Coefficient statistics:
  Matrix range     [8e-03, 1e+04]
  Objective range  [8e-03, 1e+00]
  Bounds range     [5e-01, 2e+04]
  RHS range        [5e-01, 7e+04]

Presolve removed 7973 rows and 156 columns
Presolve time: 2.31s
Presolved: 95693 rows, 23431 columns, 645246 nonzeros
Variable types: 11965 continuous, 11466 integer (10848 binary)
Root relaxation presolved: 23255 rows, 118729 columns, 668075 nonzeros


Root simplex log...

Iteration    Objective       Primal Inf.    Dual Inf.      Time
    6367    5.3530497e+00   5.019682e+03   0.000000e+00      5s
    9407    5.2195384e+00   0.000000e+00   0.000000e+00      7s
    9407    5.2195384e+00   0.000000e+00   0.000000e+00      7s
   10007    5.2195388e+00   0.000000e+00   0.000000e+00      8s

Extra simplex iterations from dual to original model: 600

Root relaxation: objective 5.219539e+00, 10007 iterations, 4.97 seconds (14.74 work units)

    Nodes    |    Current Node    |     Objective Bounds      |     Work
 Expl Unexpl |  Obj  Depth IntInf | Incumbent    BestBd   Gap | It/Node Time

     0     0    5.21954    0  506          -    5.21954      -     -    8s
     0     0    5.22939    0  545          -    5.22939      -     -   14s
     0     0    5.23005    0  506          -    5.23005      -     -   17s
     0     0    5.26332    0  538          -    5.26332      -     -   19s
     0     0    5.27356    0  537          -    5.27356      -     -   24s
     0     0    5.28072    0  520          -    5.28072      -     -   27s
     0     0    5.29589    0  633          -    5.29589      -     -   34s
     0     0    5.29762    0  587          -    5.29762      -     -   38s
     0     0    5.30930    0  593          -    5.30930      -     -   44s
     0     0    5.31320    0  663          -    5.31320      -     -   46s
     0     0    5.31628    0  619          -    5.31628      -     -   49s
     0     0    5.31783    0  595          -    5.31783      -     -   51s
     0     0    5.32360    0  648          -    5.32360      -     -   55s
H    0     0                       5.6172020    5.32360  5.23%     -   56s
H    0     0                       5.6166897    5.32360  5.22%     -   56s
H    0     0                       5.5797851    5.32360  4.59%     -   57s
H    0     0                       5.5153023    5.32360  3.48%     -   57s
H    0     0                       5.5151607    5.32360  3.47%     -   57s
H    0     0                       5.5150738    5.32360  3.47%     -   57s
H    0     0                       5.5111431    5.32360  3.40%     -   57s
H    0     0                       5.5110014    5.32360  3.40%     -   57s
H    0     0                       5.5109145    5.32360  3.40%     -   57s
H    0     0                       5.4992380    5.32360  3.19%     -   58s
H    0     0                       5.4943128    5.32360  3.11%     -   58s
H    0     0                       5.4935357    5.32360  3.09%     -   58s
H    0     0                       5.4895487    5.32360  3.02%     -   58s
H    0     0                       5.4894605    5.32360  3.02%     -   58s
H    0     0                       5.4894309    5.32360  3.02%     -   59s
     0     0    5.32482    0  615    5.48943    5.32482  3.00%     -   61s
     0     0    5.32944    0  686    5.48943    5.32944  2.91%     -   66s
H    0     0                       5.4889431    5.32944  2.91%     -   67s
     0     0    5.33038    0  681    5.48894    5.33038  2.89%     -   70s
     0     0    5.33252    0  694    5.48894    5.33252  2.85%     -   76s
     0     0    5.33272    0  689    5.48894    5.33272  2.85%     -   81s
     0     0    5.33447    0  723    5.48894    5.33447  2.81%     -   85s
     0     0    5.33477    0  685    5.48894    5.33477  2.81%     -   89s
     0     0    5.33577    0  744    5.48894    5.33577  2.79%     -   95s
     0     0    5.33600    0  725    5.48894    5.33600  2.79%     -   97s
     0     0    5.33714    0  634    5.48894    5.33714  2.77%     -  101s
     0     0    5.33920    0  697    5.48894    5.33920  2.73%     -  104s
     0     0    5.33920    0  660    5.48894    5.33920  2.73%     -  108s
     0     0    5.33920    0  714    5.48894    5.33920  2.73%     -  111s
     0     0    5.33920    0  747    5.48894    5.33920  2.73%     -  115s
H    0     0                       5.4888584    5.33920  2.73%     -  116s
H    0     0                       5.4888288    5.33920  2.73%     -  116s
     0     0    5.33941    0  745    5.48883    5.33941  2.72%     -  120s
     0     0    5.33985    0  700    5.48883    5.33985  2.71%     -  124s
H    0     0                       5.4858900    5.33985  2.66%     -  127s
H    0     0                       5.4858044    5.33985  2.66%     -  128s
H    0     0                       5.4857923    5.33985  2.66%     -  128s
     0     0    5.33992    0  746    5.48579    5.33992  2.66%     -  131s
     0     0    5.34020    0  750    5.48579    5.34020  2.65%     -  137s
H    0     0                       5.4857010    5.34020  2.65%     -  137s
H    0     0                       5.4856450    5.34020  2.65%     -  137s
     0     0    5.34022    0  746    5.48564    5.34022  2.65%     -  138s
     0     0    5.34052    0  754    5.48564    5.34052  2.65%     -  145s
     0     0    5.34056    0  769    5.48564    5.34056  2.64%     -  147s
     0     0    5.34082    0  756    5.48564    5.34082  2.64%     -  151s
     0     0    5.34087    0  750    5.48564    5.34087  2.64%     -  153s
     0     0    5.34092    0  768    5.48564    5.34092  2.64%     -  155s
     0     0    5.34103    0  820    5.48564    5.34103  2.64%     -  159s
     0     0    5.34126    0  686    5.48564    5.34126  2.63%     -  163s
     0     0    5.34130    0  707    5.48564    5.34130  2.63%     -  166s
     0     0    5.34209    0  760    5.48564    5.34209  2.62%     -  170s
     0     0    5.34209    0  765    5.48564    5.34209  2.62%     -  170s
     0     0    5.34228    0  763    5.48564    5.34228  2.61%     -  175s
     0     0    5.34248    0  723    5.48564    5.34248  2.61%     -  182s
     0     0    5.34254    0  794    5.48564    5.34254  2.61%     -  184s
     0     0    5.34262    0  831    5.48564    5.34262  2.61%     -  188s
     0     0    5.34264    0  811    5.48564    5.34264  2.61%     -  189s
     0     0    5.34275    0  802    5.48564    5.34275  2.60%     -  197s
     0     0    5.36026    0  646    5.48564    5.36026  2.29%     -  206s
     0     0    5.36026    0  646    5.48564    5.36026  2.29%     -  206s
     0     0    5.36026    0  640    5.48564    5.36026  2.29%     -  206s
     0     2    5.36029    0  639    5.48564    5.36029  2.29%     -  214s
     1     3    5.36054    1  543    5.48564    5.36029  2.29%  1004  215s
     3     5    5.36604    2  567    5.48564    5.36029  2.29%  2761  222s
     5     7    5.38863    4  495    5.48564    5.36029  2.29%  2379  226s
     7     9    5.39632    5  504    5.48564    5.36029  2.29%  2660  233s
     8    10    5.40441    5  432    5.48564    5.36029  2.29%  2897  236s
    10     9     cutoff    6         5.48564    5.36029  2.29%  2856  240s
    19    18    5.45349   14  358    5.48564    5.36029  2.29%  1671  245s
H   23    18                       5.4855598    5.36029  2.28%  1442  247s
H   23    18                       5.4855280    5.36029  2.28%  1442  248s
H   23    18                       5.4854255    5.36029  2.28%  1442  248s
    27    22    5.45846   20  303    5.48543    5.36029  2.28%  1267  250s
H   28    21                       5.4853988    5.36029  2.28%  1221  253s
    33    28    5.45986   25  257    5.48540    5.36029  2.28%  1067  258s
H   38    29                       5.4853775    5.36029  2.28%   994  259s
H   38    29                       5.4853508    5.36029  2.28%   994  260s
    43    34    5.46394   32  201    5.48535    5.36029  2.28%   899  266s
    63    49    5.36562    1  569    5.48535    5.36413  2.21%   673  274s
    64    50    5.37357    2  560    5.48535    5.36413  2.21%   708  277s
    66    52    5.45563    3  451    5.48535    5.36413  2.21%   775  283s
    71    57    5.39532    8  439    5.48535    5.36413  2.21%   782  286s
    73    59    5.43224    9  449    5.48535    5.36413  2.21%   847  290s
    76    62    5.45436   11  480    5.48535    5.36413  2.21%   875  296s
    79    65    5.44351   12  454    5.48535    5.36413  2.21%   923  301s
    83    69    5.42382   15  486    5.48535    5.36413  2.21%   950  306s
    87    71     cutoff   18         5.48535    5.36413  2.21%   984  311s
    91    73     cutoff   21         5.48535    5.36413  2.21%   973  315s
    98    80    5.48292   26  450    5.48535    5.36413  2.21%   975  322s
   101    77     cutoff   27         5.48535    5.36413  2.21%  1021  326s
   103    77    5.42260    3  556    5.48535    5.36567  2.18%  1075  334s
   104    78    5.43337    4  497    5.48535    5.36567  2.18%  1077  335s
   105    79    5.47113    5  344    5.48535    5.36567  2.18%  1115  340s
   110    82    5.47351    8  344    5.48535    5.36567  2.18%  1105  346s
   125    97    5.47966   21  262    5.48535    5.36567  2.18%   990  350s
   144   116    5.48257   40  222    5.48535    5.36567  2.18%   871  355s
   150   114    5.43520    3  416    5.48535    5.36604  2.18%   871  360s
   155   117    5.46463    6  440    5.48535    5.36604  2.18%   878  365s
   160   122    5.46778   11  419    5.48535    5.36604  2.18%   856  371s
   166   128    5.47060   17  340    5.48535    5.36604  2.18%   830  375s
   184   146    5.47751   33  268    5.48535    5.36604  2.18%   767  381s
   197   158    5.48167   45  247    5.48535    5.36604  2.18%   728  386s
   206   159    5.36876    3  636    5.48535    5.36604  2.18%   734  393s
   207   160    5.37297    4  681    5.48535    5.36604  2.18%   748  396s
   209   162    5.38670    6  550    5.48535    5.36604  2.18%   767  401s
   211   164    5.38880    8  703    5.48535    5.36604  2.18%   777  407s
   213   166    5.42250    9  478    5.48535    5.36604  2.18%   799  412s
   216   169    5.42757   12  502    5.48535    5.36604  2.18%   820  417s
   218   171    5.43585   13  568    5.48535    5.36604  2.18%   835  421s
   224   177    5.43924   18  568    5.48535    5.36604  2.18%   843  425s
   228   181    5.44169   21  550    5.48535    5.36604  2.18%   854  431s
   233   186    5.44232   24  495    5.48535    5.36604  2.18%   857  436s
   240   189     cutoff   28         5.48535    5.36604  2.18%   862  441s
   242   187     cutoff   28         5.48535    5.36604  2.18%   886  446s
   244   185     cutoff   27         5.48535    5.36604  2.18%   912  452s
   245   186    5.37745    3  831    5.48535    5.36876  2.13%   933  460s
   247   188    5.42207    5  762    5.48535    5.36876  2.13%   973  467s
   249   190    5.44403    6  438    5.48535    5.36876  2.13%   990  472s
   252   189     cutoff    7         5.48535    5.36876  2.13%  1004  476s
   260   195    5.47325   14  335    5.48535    5.36876  2.13%   997  480s
   282   217    5.47703   36  319    5.48535    5.36876  2.13%   942  485s
   313   248    5.48046   67  229    5.48535    5.36876  2.13%   866  490s
   343   266    5.40611    5  605    5.48535    5.37297  2.05%   819  495s
   344   267    5.43830    5  528    5.48535    5.37297  2.05%   834  500s
   349   268     cutoff    9         5.48535    5.37297  2.05%   850  508s
   350   269    5.48343    9  569    5.48535    5.37297  2.05%   862  512s
   352   267     cutoff   10         5.48535    5.37297  2.05%   875  517s
   354   265     cutoff    6         5.48535    5.37297  2.05%   895  524s
   355   266    5.43847    6  507    5.48535    5.37297  2.05%   900  526s
   362   272    5.44371   12  496    5.48535    5.37297  2.05%   898  530s
   368   278    5.46378   17  513    5.48535    5.37297  2.05%   908  535s
   376   286    5.45163   25  411    5.48535    5.37297  2.05%   910  540s
   391   299 infeasible   39         5.48535    5.37297  2.05%   898  545s
   398   294    5.40102    5  599    5.48535    5.37528  2.01%   897  550s
   401   297    5.43832    8  511    5.48535    5.37528  2.01%   917  558s
   402   296     cutoff    8         5.48535    5.37528  2.01%   920  560s
   405   297     cutoff   11         5.48535    5.37528  2.01%   941  567s
   407   297    5.45457    9  569    5.48535    5.37528  2.01%   952  571s
   412   302    5.44563   13  583    5.48535    5.37528  2.01%   958  576s
   416   306    5.45809   16  481    5.48535    5.37528  2.01%   971  581s
   424   314    5.45453   24  374    5.48535    5.37528  2.01%   966  585s
   441   329 infeasible   39         5.48535    5.37528  2.01%   950  590s
   474   358    5.46170   70  310    5.48535    5.37528  2.01%   903  595s
   480   357    5.42687    6  593    5.48535    5.37745  1.97%   905  600s
   485   362    5.44501   11  497    5.48535    5.37745  1.97%   907  606s
   486   361     cutoff    9         5.48535    5.37745  1.97%   923  613s
   489   364    5.48079   14  379    5.48535    5.37745  1.97%   924  615s
   502   373    5.45652   20  453    5.48535    5.37745  1.97%   919  620s
   511   376    5.47715   25  196    5.48535    5.37745  1.97%   909  625s
   528   383    5.41477    4  585    5.48535    5.37759  1.96%   896  632s
   529   384    5.45281    5  446    5.48535    5.37759  1.96%   902  635s
   534   389    5.47381   10  314    5.48535    5.37759  1.96%   912  640s
   564   411    5.38535    4  516    5.48535    5.37795  1.96%   883  646s
   565   412    5.44290    5  526    5.48535    5.37795  1.96%   894  652s
   567   414    5.43497    6  437    5.48535    5.37795  1.96%   899  655s
   570   417    5.43881    7  560    5.48535    5.37795  1.96%   906  661s
   573   416     cutoff    8         5.48535    5.37795  1.96%   910  665s
   582   417     cutoff   10         5.48535    5.37795  1.96%   909  670s
   584   419    5.46189    6  538    5.48535    5.37796  1.96%   919  677s
   586   417     cutoff    7         5.48535    5.37796  1.96%   929  682s
   588   417     cutoff    7         5.48535    5.37796  1.96%   935  685s
   591   418    5.48087    8  501    5.48535    5.37796  1.96%   936  690s
   595   417    5.44498    6  495    5.48535    5.37806  1.96%   940  695s
   597   417     cutoff    8         5.48535    5.37806  1.96%   950  700s
   600   418    5.46620    8  489    5.48535    5.37806  1.96%   960  705s
   603   417     cutoff    9         5.48535    5.37806  1.96%   968  710s
   606   416     cutoff    9         5.48535    5.37806  1.96%   975  716s
   608   416    5.40242    7  493    5.48535    5.38670  1.80%   986  722s
   610   418    5.44505    9  447    5.48535    5.38670  1.80%   990  726s
   612   420    5.44819    8  539    5.48535    5.38670  1.80%   996  731s
   615   421    5.46071   10  494    5.48535    5.38670  1.80%   997  735s
   620   424    5.47684   11  500    5.48535    5.38670  1.80%  1003  743s
   625   429    5.48093   16  203    5.48535    5.38670  1.80%   999  747s
   637   435     cutoff   23         5.48535    5.38670  1.80%   989  750s
   640   434    5.44200    7  438    5.48535    5.38778  1.78%   995  756s
   643   437    5.46837   10  358    5.48535    5.38778  1.78%  1002  762s
   648   441    5.45436   12  640    5.48535    5.38778  1.78%   995  813s
   650   442    5.48102   28  543    5.48535    5.38778  1.78%   992  822s
   651   443    5.47572   21  613    5.48535    5.38778  1.78%   990  831s
   653   446    5.47723   12  640    5.48535    5.38778  1.78%  1013  846s
   655   447    5.46082    8  536    5.48535    5.38778  1.78%  1010  863s
   656   448    5.47834   24  589    5.48535    5.38778  1.78%  1008  877s
   657   449    5.47791   43  615    5.48535    5.38778  1.78%  1007  882s
   658   449    5.38778    8  584    5.48535    5.38778  1.78%  1005  888s
   659   450    5.47731   30  607    5.48535    5.38778  1.78%  1004  906s
   660   451    5.47076   18  646    5.48535    5.38778  1.78%  1002  917s
   661   451    5.44219   11  665    5.48535    5.38778  1.78%  1001  920s
   662   452    5.48313   24  702    5.48535    5.38778  1.78%   999  928s
   663   453    5.47963    7  704    5.48535    5.38860  1.76%   998  949s
   664   453    5.40136    6  801    5.48535    5.38993  1.74%   996  957s
   665   454    5.43627   15  803    5.48535    5.39018  1.74%   995  966s
   666   455    5.47941   28  806    5.48535    5.39022  1.73%   993  973s
   667   455    5.48074   70  600    5.48535    5.40166  1.53%   992  988s
   668   456    5.47472   23  718    5.48535    5.40527  1.46%   990  992s
   669   457    5.46648    9  682    5.48535    5.40582  1.45%   989  997s
   670   457    5.46683   37  755    5.48535    5.40593  1.45%   987 1006s
   671   458    5.46718    9  540    5.48535    5.41425  1.30%   986 1023s
   672   459    5.48031   63  639    5.48535    5.41558  1.27%   984 1027s
   673   459    5.47756   51  570    5.48535    5.41596  1.27%   983 1034s
   674   460    5.47443   20  584    5.48535    5.41603  1.26%   981 1042s
   675   461    5.45453   12  568    5.48535    5.41884  1.21%   980 1067s
   676   461    5.47941   21  616    5.48535    5.41942  1.20%   978 1076s
   677   462    5.45305   31  590    5.48535    5.41951  1.20%   977 1091s
   678   463    5.45712   26  573    5.48535    5.42114  1.17%   975 1104s
   679   463    5.47463   15  577    5.48535    5.42141  1.17%   974 1108s
   680   464    5.47855   24  600    5.48535    5.42144  1.17%   973 1115s
   681   465    5.48104   33  584    5.48535    5.42238  1.15%   971 1133s
   682   465    5.46648    9  570    5.48535    5.42263  1.14%   970 1142s
   683   466    5.44434   16  600    5.48535    5.42269  1.14%   968 1157s
   684   467    5.47386   19  571    5.48535    5.42324  1.13%   967 1172s
   685   467    5.48313   24  659    5.48535    5.42335  1.13%   965 1186s
   686   468    5.43224   10  584    5.48535    5.42415  1.12%   964 1203s
   687   469    5.46662   69  583    5.48535    5.42415  1.12%   963 1219s
   688   469    5.46114   62  583    5.48535    5.42415  1.12%   961 1239s
   689   472    5.42429   26  577    5.48535    5.42415  1.12%  1273 1264s
   690   473    5.43108   26  520    5.48535    5.42429  1.11%  1283 1273s
   691   473    5.42538   27  458    5.48535    5.42429  1.11%  1290 1301s
   692   474    5.43645   27  351    5.48535    5.42538  1.09%  1300 1311s
   693   475    5.43640   28  380    5.48535    5.42538  1.09%  1306 1318s
   694   475    5.42570   28  460    5.48535    5.42570  1.09%  1312 1332s
   696   477    5.44905   29  372    5.48535    5.42575  1.09%  1322 1342s
   697   477    5.42757   30  507    5.48535    5.42575  1.09%  1332 1350s
   698   478    5.44342   30  434    5.48535    5.42757  1.05%  1339 1355s
   699   479    5.42762   31  460    5.48535    5.42757  1.05%  1356 1369s
   700   479    5.44287   31  439    5.48535    5.42762  1.05%  1361 1375s
   702   480    5.46807   32  420    5.48535    5.42766  1.05%  1382 1399s
   703   480    5.42767   33  433    5.48535    5.42766  1.05%  1380 1405s
   704   481    5.43273   33  433    5.48535    5.42767  1.05%  1385 1412s
   705   482    5.42774   34  427    5.48535    5.42774  1.05%  1390 1423s
   706   482    5.44804   34  351    5.48535    5.42774  1.05%  1405 1432s
   707   483    5.42855   35  418    5.48535    5.42775  1.05%  1408 1438s
   708   484    5.44100   35  470    5.48535    5.42855  1.04%  1413 1444s
   709   484    5.42859   36  432    5.48535    5.42859  1.03%  1415 1449s
   710   485    5.43750   36  437    5.48535    5.42859  1.03%  1418 1454s
   711   486    5.42863   37  418    5.48535    5.42859  1.03%  1416 1455s
   713   487    5.42863   38  414    5.48535    5.42863  1.03%  1421 1463s
   714   487    5.44291   38  355    5.48535    5.42863  1.03%  1429 1468s
   715   487    5.42910   39  433    5.48535    5.42863  1.03%  1428 1470s
   717   489    5.42979   40  466    5.48535    5.42913  1.02%  1429 1476s
   718   489    5.43423   40  537    5.48535    5.42979  1.01%  1433 1481s
   719   490    5.43011   41  467    5.48535    5.42979  1.01%  1437 1487s
   720   491    5.43747   41  436    5.48535    5.43012  1.01%  1443 1491s
   721   491    5.43012   42  471    5.48535    5.43012  1.01%  1446 1496s
   722   492    5.44464   42  419    5.48535    5.43012  1.01%  1447 1500s
   725   494    5.43020   44  449    5.48535    5.43020  1.01%  1448 1505s
   727   495    5.43035   45  438    5.48535    5.43020  1.01%  1453 1513s
   728   496    5.44181   45  357    5.48535    5.43035  1.00%  1454 1515s
   729   497    5.43162   46  405    5.48535    5.43035  1.00%  1464 1524s
   730   497    5.43719   46  351    5.48535    5.43057  1.00%  1465 1528s
   731   498    5.43165   47  403    5.48535    5.43057  1.00%  1464 1532s
   732   499    5.46926   47  528    5.48535    5.43057  1.00%  1469 1539s
   733   499    5.43169   48  409    5.48535    5.43057  1.00%  1472 1545s
   735   501    5.43189   49  383    5.48535    5.43057  1.00%  1478 1562s
   736   500    5.45179   49  482    5.48535    5.43057  1.00%  1487 1568s
   737   501    5.43223   50  446    5.48535    5.43057  1.00%  1492 1574s
   738   502    5.43659   50  548    5.48535    5.43057  1.00%  1497 1582s
   739   502    5.43226   51  570    5.48535    5.43057  1.00%  1498 1590s
   742   504    5.43623   52  507    5.48535    5.43057  1.00%  1503 1603s
   743   505    5.43230   53  559    5.48535    5.43057  1.00%  1502 1606s
   744   506    5.44233   53  448    5.48535    5.43057  1.00%  1504 1615s
   746   507    5.44114   54  513    5.48535    5.43057  1.00%  1503 1622s
   747   508    5.43258   55  554    5.48535    5.43057  1.00%  1502 1625s
   748   508    5.43449   55  497    5.48535    5.43057  1.00%  1503 1645s
   750   510    5.43375   56  434    5.48535    5.43057  1.00%  1506 1655s
   752   511    5.45839   57  454    5.48535    5.43057  1.00%  1511 1673s
   753   512    5.43293   58  514    5.48535    5.43057  1.00%  1520 1686s
   754   512    5.44283   58  447    5.48535    5.43057  1.00%  1523 1696s
   755   513    5.43293   59  518    5.48535    5.43057  1.00%  1526 1706s
   756   514    5.44287   59  428    5.48535    5.43057  1.00%  1528 1715s
   758   515    5.44925   60  467    5.48535    5.43057  1.00%  1529 1725s
   760   516    5.44241   61  494    5.48535    5.43057  1.00%  1533 1736s
   761   517    5.43381   62  520    5.48535    5.43057  1.00%  1534 1743s
   762   518    5.43976   62  456    5.48535    5.43057  1.00%  1535 1749s
   763   518    5.43389   63  485    5.48535    5.43057  1.00%  1533 1751s
   764   519    5.44298   63  512    5.48535    5.43057  1.00%  1535 1758s
   765   520    5.43401   64  488    5.48535    5.43057  1.00%  1539 1772s
   766   520    5.44519   64  339    5.48535    5.43057  1.00%  1542 1779s
   767   521    5.43402   65  494    5.48535    5.43057  1.00%  1540 1782s
   768   522    5.44160   65  497    5.48535    5.43057  1.00%  1542 1790s
   770   523    5.44357   66  467    5.48535    5.43057  1.00%  1542 1800s
   772   524    5.43805   67  456    5.48535    5.43057  1.00%  1540 1807s
   773   525    5.43919   68  508    5.48535    5.43057  1.00%  1540 1812s
   774   526    5.43601   68  464    5.48535    5.43057  1.00%  1542 1821s
   776   526    5.44268   69  487    5.48535    5.43057  1.00%  1541 1829s
   777   527    5.43618   70  479    5.48535    5.43057  1.00%  1539 1830s
   778   527    5.44375   70  418    5.48535    5.43057  1.00%  1540 1836s
   780   529    5.45629   71  366    5.48535    5.43057  1.00%  1538 1842s
   781   529    5.43663   72  483    5.48535    5.43057  1.00%  1538 1846s
   782   530    5.45128   72  460    5.48535    5.43057  1.00%  1538 1851s
   785   530    5.43682   74  469    5.48535    5.43057  1.00%  1537 1864s
   786   531    5.43812   74  455    5.48535    5.43057  1.00%  1545 1888s
   787   531    5.43697   75  529    5.48535    5.43057  1.00%  1544 1890s
   789   532    5.43744   76  526    5.48535    5.43057  1.00%  1546 1903s
   790   532    5.43733   76  448    5.48535    5.43057  1.00%  1545 1905s
   792   533    5.45820   77  338    5.48535    5.43057  1.00%  1543 1912s
   795   533    5.43827   79  469    5.48535    5.43057  1.00%  1539 1917s
   796   533    5.44485   79  461    5.48535    5.43057  1.00%  1541 1926s
   797   534    5.43832   80  478    5.48535    5.43057  1.00%  1542 1933s
   798   535    5.45724   80  471    5.48535    5.43057  1.00%  1544 1942s
   799   535    5.43848   81  474    5.48535    5.43057  1.00%  1543 1945s
   800   536    5.44049   81  446    5.48535    5.43057  1.00%  1544 1952s
   802   537    5.44377   82  536    5.48535    5.43057  1.00%  1543 1963s
   803   538    5.43870   83  481    5.48535    5.43057  1.00%  1542 1965s
   804   539    5.45586   83  503    5.48535    5.43057  1.00%  1542 1970s
   806   540    5.44737   84  425    5.48535    5.43057  1.00%  1540 1977s
   807   541    5.43925   85  475    5.48535    5.43057  1.00%  1539 1982s
   808   541    5.45745   85  357    5.48535    5.43057  1.00%  1539 1987s
   809   542    5.43962   86  493    5.48535    5.43057  1.00%  1538 1990s
   810   541     cutoff   86         5.48535    5.43057  1.00%  1541 1997s
   811   541    5.43967   87  494    5.48535    5.43057  1.00%  1540 2001s
   812   542    5.46139   87  436    5.48535    5.43057  1.00%  1541 2006s
   814   543    5.46552   88  303    5.48535    5.43057  1.00%  1538 2011s
   816   545    5.44705   89  471    5.48535    5.43057  1.00%  1536 2016s
   818   546    5.46321   90  441    5.48535    5.43057  1.00%  1536 2026s
   820   545     cutoff   91         5.48535    5.43057  1.00%  1539 2038s
   821   546    5.44012   92  410    5.48535    5.43057  1.00%  1538 2041s
   822   545     cutoff   92         5.48535    5.43057  1.00%  1542 2049s
   823   545    5.44014   93  402    5.48535    5.43057  1.00%  1541 2050s
   825   547    5.44017   94  412    5.48535    5.43057  1.00%  1539 2057s
   827   548    5.44023   95  394    5.48535    5.43057  1.00%  1536 2062s
   828   547     cutoff   95         5.48535    5.43057  1.00%  1538 2065s
   830   548    5.45780   96  419    5.48535    5.43057  1.00%  1536 2072s
   831   549    5.44045   97  395    5.48535    5.43057  1.00%  1534 2075s
   833   549    5.44047   98  409    5.48535    5.43057  1.00%  1532 2080s
   835   550    5.44099   99  414    5.48535    5.43057  1.00%  1531 2088s
   836   550    5.46513   99  305    5.48535    5.43057  1.00%  1530 2090s
   838   549     cutoff  100         5.48535    5.43057  1.00%  1534 2101s
   840   551    5.44342  101  439    5.48535    5.43057  1.00%  1531 2106s
   842   551    5.45343  102  399    5.48535    5.43057  1.00%  1530 2110s
   845   552    5.44135  104  410    5.48535    5.43057  1.00%  1526 2115s
   847   553    5.44136  105  399    5.48535    5.43057  1.00%  1524 2120s
   849   555    5.44136  106  405    5.48535    5.43057  1.00%  1522 2125s
   851   554    5.44137  107  404    5.48535    5.43057  1.00%  1525 2130s
   854   556    5.44862  108  408    5.48535    5.43057  1.00%  1523 2135s
   858   558    5.45451  110  393    5.48535    5.43057  1.00%  1521 2142s
   860   557     cutoff  111         5.48535    5.43057  1.00%  1521 2145s
   863   557    5.44212  113  421    5.48535    5.43057  1.00%  1519 2150s
   866   555     cutoff  114         5.48535    5.43057  1.00%  1522 2155s
   868   556    5.44965  115  365    5.48535    5.43057  1.00%  1522 2160s
   871   557    5.44246  117  412    5.48535    5.43057  1.00%  1520 2165s
   872   556     cutoff  117         5.48535    5.43057  1.00%  1526 2172s
   874   557    5.47286  118  452    5.48535    5.43057  1.00%  1526 2179s
   875   558    5.44917  119  384    5.48535    5.43057  1.00%  1526 2182s
   878   558    5.45792  120  346    5.48535    5.43057  1.00%  1523 2185s
   880   557     cutoff  121         5.48535    5.43057  1.00%  1525 2191s
   881   557    5.45973  122  274    5.48535    5.43057  1.00%  1529 2195s
   883   557    5.46006  123  302    5.48535    5.43057  1.00%  1529 2200s
   888   559    5.46020  126  307    5.48535    5.43057  1.00%  1525 2205s
   892   558    5.46028  128  303    5.48535    5.43057  1.00%  1523 2210s
   897   559 infeasible  130         5.48535    5.43057  1.00%  1520 2215s
   901   559    5.47451  132  283    5.48535    5.43057  1.00%  1521 2220s
   908   558    5.46049  136  303    5.48535    5.43057  1.00%  1515 2225s
   915   556    5.46055  140  285    5.48535    5.43057  1.00%  1507 2230s
   920   554    5.46074  143  266    5.48535    5.43057  1.00%  1503 2235s
   928   553    5.46439  148  252    5.48535    5.43057  1.00%  1495 2240s
   934   549    5.43062   38  417    5.48535    5.43057  1.00%  1491 2249s
   935   550    5.43742   39  474    5.48535    5.43057  1.00%  1494 2255s
   937   551    5.44511   40  597    5.48535    5.43057  1.00%  1496 2262s
   938   551    5.47011   40  260    5.48535    5.43057  1.00%  1500 2277s
   939   552    5.45024   41  497    5.48535    5.43057  1.00%  1500 2280s
   940   552    5.45917   41  617    5.48535    5.43057  1.00%  1502 2288s
   942   554    5.47531   42  510    5.48535    5.43057  1.00%  1501 2299s
   943   554    5.45940   43  615    5.48535    5.43057  1.00%  1500 2302s
   945   554    5.45951   44  610    5.48535    5.43057  1.00%  1500 2305s
   947   553    5.45965   45  597    5.48535    5.43057  1.00%  1501 2310s
   950   555    5.46145   46  558    5.48535    5.43057  1.00%  1499 2315s
   952   556    5.47829   47  555    5.48535    5.43057  1.00%  1499 2320s
   954   558    5.46103   48  532    5.48535    5.43057  1.00%  1500 2326s
   956   557     cutoff   49         5.48535    5.43057  1.00%  1504 2331s
   958   556     cutoff   50         5.48535    5.43057  1.00%  1510 2340s
   961   557    5.46411   52  558    5.48535    5.43057  1.00%  1509 2345s
   963   557    5.46636   53  516    5.48535    5.43057  1.00%  1513 2351s
   965   558    5.46511   54  496    5.48535    5.43057  1.00%  1511 2356s
   968   557     cutoff   55         5.48535    5.43057  1.00%  1513 2361s
   971   558    5.46753   57  502    5.48535    5.43057  1.00%  1510 2365s
   973   558    5.46855   58  477    5.48535    5.43057  1.00%  1511 2370s
   976   559    5.47098   60  478    5.48535    5.43057  1.00%  1509 2376s
   978   559    5.48038   61  417    5.48535    5.43057  1.00%  1509 2380s
   985   556     cutoff   65         5.48535    5.43057  1.00%  1502 2386s
   987   557    5.47710   67  479    5.48535    5.43057  1.00%  1500 2390s
   990   556    5.48046   69  469    5.48535    5.43057  1.00%  1499 2395s
   993   554    5.43428   38  421    5.48535    5.43108  0.99%  1498 2403s
   994   554    5.43966   39  438    5.48535    5.43108  0.99%  1501 2408s
   995   555    5.47094   39  356    5.48535    5.43108  0.99%  1503 2412s
   996   556    5.44901   40  464    5.48535    5.43108  0.99%  1506 2417s
   997   556    5.47145   40  286    5.48535    5.43108  0.99%  1509 2421s
   999   558    5.48198   41  414    5.48535    5.43108  0.99%  1511 2427s
  1000   556     cutoff   42         5.48535    5.43108  0.99%  1514 2431s
  1002   557    5.47140   43  235    5.48535    5.43108  0.99%  1514 2435s
  1010   557    5.47646   47  247    5.48535    5.43108  0.99%  1507 2440s
  1018   560    5.47419   52  219    5.48535    5.43108  0.99%  1499 2445s
  1025   562     cutoff   55         5.48535    5.43108  0.99%  1493 2450s
  1032   563    5.47766   59  183    5.48535    5.43108  0.99%  1485 2455s
  1041   562    5.48003   65   69    5.48535    5.43108  0.99%  1476 2460s
  1049   559    5.43302   27  498    5.48535    5.43109  0.99%  1472 2479s
  1050   560    5.43618   28  558    5.48535    5.43109  0.99%  1484 2501s
  1051   560    5.45356   28  597    5.48535    5.43109  0.99%  1487 2535s
  1052   561    5.44728   29  611    5.48535    5.43109  0.99%  1491 2542s
  1053   562    5.45446   29  483    5.48535    5.43109  0.99%  1495 2549s
  1054   562    5.45462   30  469    5.48535    5.43109  0.99%  1497 2553s
  1055   563    5.47261   30  497    5.48535    5.43109  0.99%  1499 2556s
  1056   564    5.45834   31  533    5.48535    5.43109  0.99%  1501 2560s
  1057   564    5.45461   31  474    5.48535    5.43109  0.99%  1502 2574s
  1058   565    5.46032   32  493    5.48535    5.43109  0.99%  1504 2585s
  1060   564    5.46094   33  467    5.48535    5.43109  0.99%  1506 2592s
  1061   565    5.46091   33  465    5.48535    5.43109  0.99%  1507 2595s
  1062   566    5.46232   34  527    5.48535    5.43109  0.99%  1510 2600s
  1064   565    5.46325   35  525    5.48535    5.43109  0.99%  1513 2606s
  1065   565    5.47063   35  543    5.48535    5.43109  0.99%  1514 2610s
  1067   564     cutoff   36         5.48535    5.43109  0.99%  1517 2616s
  1070   564    5.46338   38  517    5.48535    5.43109  0.99%  1515 2621s
  1072   563    5.46355   39  516    5.48535    5.43109  0.99%  1515 2625s
  1073   563    5.47622   39  665    5.48535    5.43109  0.99%  1518 2630s
  1075   563    5.48070   40  285    5.48535    5.43109  0.99%  1519 2635s
  1079   564    5.47428   42  448    5.48535    5.43109  0.99%  1517 2641s
  1081   565    5.46701   43  458    5.48535    5.43109  0.99%  1516 2645s
  1083   566    5.48117   44  288    5.48535    5.43109  0.99%  1518 2650s
  1085   565     cutoff   45         5.48535    5.43109  0.99%  1519 2655s
  1092   561    5.45203   27  495    5.48535    5.43137  0.98%  1520 2665s
  1094   562    5.47072   28  460    5.48535    5.43137  0.98%  1522 2671s
  1097   562    5.47164   30  447    5.48535    5.43137  0.98%  1523 2677s
  1099   562    5.47305   31  483    5.48535    5.43137  0.98%  1523 2681s
  1101   563    5.47307   32  465    5.48535    5.43137  0.98%  1524 2685s
  1103   562    5.47308   33  483    5.48535    5.43137  0.98%  1525 2690s
  1107   563    5.48210   36  302    5.48535    5.43137  0.98%  1524 2696s
  1110   561 infeasible   38         5.48535    5.43137  0.98%  1523 2701s
  1114   558 infeasible   40         5.48535    5.43137  0.98%  1522 2706s
  1115   559    5.43595   40  390    5.48535    5.43137  0.98%  1525 2769s
  1116   560    5.43893   41  425    5.48535    5.43137  0.98%  1525 2771s
  1118   561    5.44598   42  488    5.48535    5.43137  0.98%  1527 2776s
  1119   561    5.47050   42  369    5.48535    5.43137  0.98%  1530 2780s
  1121   560     cutoff   43         5.48535    5.43137  0.98%  1532 2785s
  1124   560    5.46896   45  254    5.48535    5.43137  0.98%  1534 2791s
  1129   558    5.47431   47  247    5.48535    5.43137  0.98%  1532 2796s
  1134   559    5.47525   51  243    5.48535    5.43137  0.98%  1528 2800s
  1140   558    5.47834   56  199    5.48535    5.43137  0.98%  1522 2805s
  1149   557    5.47949   64  199    5.48535    5.43137  0.98%  1511 2810s
  1157   555    5.48209   70   88    5.48535    5.43137  0.98%  1502 2815s
H 1162   526                       5.4853508    5.43137  0.98%  1496 2850s
  1164   530    5.45145   41  448    5.48535    5.43273  0.96%  1506 2856s
  1165   530    5.44525   42  481    5.48535    5.43273  0.96%  1509 2861s
  1167   532    5.45150   43  551    5.48535    5.43273  0.96%  1511 2865s
  1169   533    5.47093   44  270    5.48535    5.43273  0.96%  1514 2871s
  1170   532     cutoff   44         5.48535    5.43273  0.96%  1519 2876s
  1174   530    5.47382   47  262    5.48535    5.43273  0.96%  1517 2880s
  1184   533    5.47501   54  263    5.48535    5.43273  0.96%  1507 2885s
  1195   537    5.48147   60  156    5.48535    5.43273  0.96%  1497 2890s
  1217   532    5.48459   74  100    5.48535    5.43273  0.96%  1473 2895s
  1221   530    5.43561   34  549    5.48535    5.43292  0.96%  1476 2913s
  1222   530    5.43913   35  555    5.48535    5.43292  0.96%  1480 2925s
  1223   531    5.45445   35  525    5.48535    5.43292  0.96%  1483 2930s
  1224   532    5.45720   36  469    5.48535    5.43292  0.96%  1487 2937s
  1226   531    5.45967   37  436    5.48535    5.43292  0.96%  1488 2941s
  1227   530     cutoff   37         5.48535    5.43292  0.96%  1490 2945s
  1231   528     cutoff   39         5.48535    5.43292  0.96%  1490 2950s
  1236   527    5.47211   41  344    5.48535    5.43292  0.96%  1489 2955s
  1243   524    5.47497   45  377    5.48535    5.43292  0.96%  1483 2960s
  1248   523    5.46020   34  563    5.48535    5.43375  0.94%  1483 2968s
  1249   523    5.46720   35  507    5.48535    5.43375  0.94%  1485 2973s
  1251   525    5.47786   37  482    5.48535    5.43375  0.94%  1486 2978s
  1252   523     cutoff   35         5.48535    5.43375  0.94%  1487 2981s
  1253   523    5.47450   36  649    5.48535    5.43375  0.94%  1489 2985s
  1257   523    5.47497   40  604    5.48535    5.43375  0.94%  1486 2990s
  1262   522     cutoff   45         5.48535    5.43375  0.94%  1483 2996s
  1264   519     cutoff   44         5.48535    5.43375  0.94%  1488 3005s
  1265   520    5.43696   57  464    5.48535    5.43423  0.93%  1490 3016s
  1267   521    5.44699   59  415    5.48535    5.43423  0.93%  1491 3020s
  1268   522    5.44477   58  413    5.48535    5.43423  0.93%  1493 3025s
  1271   524    5.45010   60  434    5.48535    5.43423  0.93%  1494 3032s
  1273   524    5.47162   62  296    5.48535    5.43423  0.93%  1496 3037s
  1274   523     cutoff   61         5.48535    5.43423  0.93%  1498 3041s
  1275   522     cutoff   62         5.48535    5.43423  0.93%  1500 3045s
  1279   522    5.47741   66  322    5.48535    5.43423  0.93%  1497 3050s
  1285   523    5.48038   72  224    5.48535    5.43423  0.93%  1493 3055s
  1293   526    5.48126   80  197    5.48535    5.43423  0.93%  1485 3060s
  1304   521    5.43814   41  513    5.48535    5.43423  0.93%  1478 3078s
  1305   522    5.45389   42  460    5.48535    5.43423  0.93%  1481 3084s
  1306   521    5.46653   43  354    5.48535    5.43423  0.93%  1483 3087s
  1308   522    5.46669   44  347    5.48535    5.43423  0.93%  1483 3090s
  1314   523    5.47883   50  299    5.48535    5.43423  0.93%  1478 3095s
  1322   521    5.48140   56  306    5.48535    5.43423  0.93%  1471 3100s
  1333   516    5.46786   41  304    5.48535    5.43460  0.93%  1463 3106s
  1338   517    5.47578   46  291    5.48535    5.43460  0.93%  1460 3110s
  1343   518    5.48155   51  263    5.48535    5.43460  0.93%  1457 3115s
  1355   518    5.48364   60  244    5.48535    5.43460  0.93%  1446 3120s
  1358   516    5.43747   56  447    5.48535    5.43572  0.90%  1445 3127s
  1359   517    5.44359   57  601    5.48535    5.43572  0.90%  1447 3131s
  1360   517    5.44938   58  614    5.48535    5.43572  0.90%  1449 3136s
  1361   517    5.47610   57  343    5.48535    5.43572  0.90%  1451 3140s
  1365   519    5.47696   61  308    5.48535    5.43572  0.90%  1448 3147s
  1371   516    5.46183   45  364    5.48535    5.43572  0.90%  1447 3152s
  1373   517    5.47066   47  314    5.48535    5.43572  0.90%  1446 3157s
  1376   517    5.47606   50  331    5.48535    5.43572  0.90%  1444 3160s
  1385   517    5.48046   58  268    5.48535    5.43572  0.90%  1436 3165s
  1396   518    5.48210   65  161    5.48535    5.43572  0.90%  1426 3170s
  1408   516    5.48362   76  141    5.48535    5.43572  0.90%  1415 3175s
  1418   513    5.44107   45  502    5.48535    5.43623  0.90%  1408 3180s
  1420   514    5.45084   47  498    5.48535    5.43623  0.90%  1411 3187s
  1422   515    5.47790   49  432    5.48535    5.43623  0.90%  1411 3191s
  1423   515    5.46312   48  580    5.48535    5.43623  0.90%  1412 3195s
  1424   516    5.46612   49  564    5.48535    5.43623  0.90%  1415 3200s
  1426   516    5.46895   50  551    5.48535    5.43623  0.90%  1417 3207s
  1428   518    5.47195   52  496    5.48535    5.43623  0.90%  1415 3210s
  1432   516     cutoff   55         5.48535    5.43623  0.90%  1416 3216s
  1435   514     cutoff   55         5.48535    5.43623  0.90%  1415 3220s
  1436   515    5.47639   53  512    5.48535    5.43623  0.90%  1416 3229s
  1437   514     cutoff   54         5.48535    5.43623  0.90%  1416 3230s
  1439   513    5.43987   53  431    5.48535    5.43624  0.90%  1417 3237s
  1440   514    5.44660   54  542    5.48535    5.43624  0.90%  1418 3240s
  1442   514    5.44906   55  430    5.48535    5.43624  0.90%  1419 3245s
  1443   515    5.45917   56  600    5.48535    5.43624  0.90%  1420 3250s
  1449   516    5.48072   62  274    5.48535    5.43624  0.90%  1417 3257s
  1452   515    5.48219   64  249    5.48535    5.43624  0.90%  1416 3260s
  1462   511    5.48437   71  213    5.48535    5.43624  0.90%  1410 3265s
  1469   509    5.47710   54  263    5.48535    5.43640  0.89%  1407 3270s
  1475   507    5.48381   60  274    5.48535    5.43640  0.89%  1405 3275s
  1483   504    5.43723   29  437    5.48535    5.43645  0.89%  1400 3293s
  1484   505    5.44061   30  718    5.48535    5.43645  0.89%  1405 3301s
  1485   506    5.45391   31  633    5.48535    5.43645  0.89%  1408 3307s
  1488   506    5.46190   33  595    5.48535    5.43645  0.89%  1408 3311s
  1490   507    5.46235   35  580    5.48535    5.43645  0.89%  1410 3316s
  1493   509    5.46655   38  555    5.48535    5.43645  0.89%  1409 3320s
  1494   510    5.47097   39  566    5.48535    5.43645  0.89%  1411 3327s
  1497   510    5.47477   41  567    5.48535    5.43645  0.89%  1410 3330s
  1501   508    5.47566   42  546    5.48535    5.43645  0.89%  1408 3335s
  1503   509    5.47586   44  535    5.48535    5.43645  0.89%  1408 3350s
  1507   510    5.47724   48  272    5.48535    5.43645  0.89%  1406 3360s
  1512   511    5.47825   53  263    5.48535    5.43645  0.89%  1404 3365s
  1517   511    5.47934   58  221    5.48535    5.43645  0.89%  1403 3371s
  1519   511    5.48188   60  453    5.48535    5.43645  0.89%  1403 3375s
  1523   509     cutoff   64         5.48535    5.43645  0.89%  1403 3380s
  1524   510    5.46718   28  430    5.48535    5.43645  0.89%  1407 3389s
  1525   510    5.47236   29  347    5.48535    5.43645  0.89%  1408 3392s
  1526   511    5.46858   29  411    5.48535    5.43645  0.89%  1410 3396s
  1528   510    5.48325   30  317    5.48535    5.43645  0.89%  1410 3400s
  1532   509     cutoff   34         5.48535    5.43645  0.89%  1409 3405s
  1534   508    5.43720   28  361    5.48535    5.43659  0.89%  1414 3424s
  1535   508    5.44040   29  650    5.48535    5.43659  0.89%  1416 3447s
  1536   509    5.44055   30  403    5.48535    5.43659  0.89%  1417 3458s
  1537   509    5.44337   31  315    5.48535    5.43659  0.89%  1419 3462s
  1539   511    5.45592   33  281    5.48535    5.43659  0.89%  1419 3465s
  1541   512    5.46257   35  263    5.48535    5.43659  0.89%  1422 3470s
  1542   512    5.46889   36  293    5.48535    5.43659  0.89%  1423 3477s
  1543   512    5.46890   37  274    5.48535    5.43659  0.89%  1422 3486s
  1547   512    5.47170   40  299    5.48535    5.43659  0.89%  1421 3490s
  1551   514    5.47496   44  498    5.48535    5.43659  0.89%  1423 3497s
  1555   515    5.47680   48  485    5.48535    5.43659  0.89%  1420 3500s
  1561   515    5.47980   52  201    5.48535    5.43659  0.89%  1418 3505s
  1569   513    5.44011   51  574    5.48535    5.43661  0.89%  1416 3519s
  1570   513    5.44750   52  597    5.48535    5.43661  0.89%  1418 3524s
  1571   514    5.45044   53  496    5.48535    5.43661  0.89%  1418 3527s
  1572   513     cutoff   54         5.48535    5.43661  0.89%  1419 3530s
  1574   513    5.47188   55  281    5.48535    5.43661  0.89%  1421 3535s
  1580   514    5.48022   60  328    5.48535    5.43661  0.89%  1419 3540s
  1586   512     cutoff   66         5.48535    5.43661  0.89%  1414 3545s
  1590   512    5.48413   54  289    5.48535    5.43719  0.88%  1414 3551s
  1593   510    5.44986   47  538    5.48535    5.43720  0.88%  1414 3555s
  1596   511    5.47065   50  341    5.48535    5.43720  0.88%  1415 3560s
  1597   511    5.47137   51  271    5.48535    5.43720  0.88%  1415 3566s

Cutting planes:
  Learned: 2
  Gomory: 2
  Cover: 208
  Implied bound: 379
  Projected implied bound: 177
  Clique: 39
  MIR: 755
  Mixing: 7
  StrongCG: 34
  Flow cover: 987
  GUB cover: 21
  Inf proof: 1
  Zero half: 25
  Network: 41
  RLT: 14
  Relax-and-lift: 556
  BQP: 4

Explored 1598 nodes (2430971 simplex iterations) in 3566.98 seconds (9918.47 work units)
Thread count was 1 (of 20 available processors)

Solution count 10: 5.48535 5.48535 5.48538 ... 5.48579

Time limit reached
Best objective 5.485350828691e+00, best bound 5.437203116480e+00, gap 0.8778%

User-callback calls 307438, time in user-callback 0.03 sec
