
Gurobi 13.0.2 (win64) logging started Mon Aug 10 11:06:21 2026

Set parameter LogFile to value "E:\codes\ExactEBRP\results\gf_simple_start_qualification_round35\runs\repeat__round32_multi_m_tight_T_V50_M4_seed1562257203__c6_simple_start__repeat1__3600s\external\native_logs\L3_lp.gurobi.log"
Gurobi Optimizer version 13.0.2 build v13.0.2rc1 (win64 - Windows 10.0 (19045.2))

CPU model: 12th Gen Intel(R) Core(TM) i7-12700KF, instruction set [SSE2|AVX|AVX2]
Thread count: 12 physical cores, 20 logical processors, using up to 1 threads

Non-default parameters:
TimeLimit  3569.1792811
MIPGap  0
MIPGapAbs  0
LogToConsole  0
Threads  1

Optimize a model with 103666 rows, 23587 columns and 717775 nonzeros (Min)
Model fingerprint: 0x2a074619
Model has 51 linear objective coefficients
Coefficient statistics:
  Matrix range     [8e-03, 1e+04]
  Objective range  [8e-03, 1e+00]
  Bounds range     [7e-01, 2e+04]
  RHS range        [7e-01, 7e+04]

Presolve removed 7235 rows and 268 columns
Presolve time: 0.40s
Presolved: 23273 rows, 119641 columns, 543165 nonzeros

Iteration    Objective       Primal Inf.    Dual Inf.      Time
       0      handle free variables                          0s

Extra simplex iterations after uncrush: 12

Extra simplex iterations from dual to original model: 3
    7088    5.4485430e+00   0.000000e+00   0.000000e+00      2s

Solved in 7088 iterations and 1.96 seconds (6.01 work units)
Optimal objective  5.448542961e+00

User-callback calls 7279, time in user-callback 0.00 sec
