
Gurobi 13.0.2 (win64) logging started Fri Jul 24 22:04:52 2026

Set parameter LogFile to value "E:\codes\ExactEBRP\results\gf_nonblocking_gurobi_c6_round31\runs\stage2__moderate_seed5301__c6_candidate__300s\external\native_logs\L0_c6_1_next_leaf_target_mip.gurobi.log"
Gurobi Optimizer version 13.0.2 build v13.0.2rc1 (win64 - Windows 10.0 (19045.2))

CPU model: 12th Gen Intel(R) Core(TM) i7-12700KF, instruction set [SSE2|AVX|AVX2]
Thread count: 12 physical cores, 20 logical processors, using up to 1 threads

Non-default parameters:
TimeLimit  273.0726691
MIPGap  0
MIPGapAbs  0
LogToConsole  0
Threads  1

Optimize a model with 11944 rows, 3386 columns and 67184 nonzeros (Min)
Model fingerprint: 0x1df43ed1
Model has 21 linear objective coefficients
Variable types: 1690 continuous, 1696 integer (1496 binary)
Coefficient statistics:
  Matrix range     [9e-03, 1e+04]
  Objective range  [9e-03, 1e+00]
  Bounds range     [4e-02, 2e+02]
  RHS range        [4e-02, 5e+04]

Presolve removed 1091 rows and 79 columns
Presolve time: 0.21s
Presolved: 10853 rows, 3307 columns, 71910 nonzeros
Variable types: 1640 continuous, 1667 integer (1477 binary)

Root relaxation: objective 6.752300e-02, 4278 iterations, 0.30 seconds (0.83 work units)

    Nodes    |    Current Node    |     Objective Bounds      |     Work
 Expl Unexpl |  Obj  Depth IntInf | Incumbent    BestBd   Gap | It/Node Time

     0     0    0.06752    0  242          -    0.06752      -     -    0s
     0     0    0.08601    0  349          -    0.08601      -     -    1s

Cutting planes:
  Learned: 2
  Cover: 19
  Implied bound: 133
  Clique: 19
  MIR: 288
  StrongCG: 14
  Flow cover: 54
  GUB cover: 1
  Zero half: 4
  Network: 14
  RLT: 6
  Relax-and-lift: 27
  BQP: 22

Explored 1 nodes (9402 simplex iterations) in 1.97 seconds (4.16 work units)
Thread count was 1 (of 20 available processors)

Solution count 0

Solve interrupted
Best objective -, best bound 8.601391045735e-02, gap -

User-callback calls 1022, time in user-callback 0.00 sec
