
Gurobi 13.0.2 (win64) logging started Fri Jul 24 23:22:56 2026

Set parameter LogFile to value "E:\codes\ExactEBRP\results\gf_nonblocking_gurobi_c6_round31\runs\stage3__round31_sealed_high_imbalance_V50_seed802548647__c5_candidate__300s\native.log"
Set parameter Threads to value 1
Set parameter Presolve to value -1
Set parameter Seed to value 0
Set parameter MIPGap to value 0
Set parameter MIPGapAbs to value 0
Warning: unknown variable 'r_max' in bounds section (line 103385)
Warning: unknown variable 'r_min' in bounds section (line 103386)
Read LP format model from file E:\codes\ExactEBRP\results\gf_nonblocking_gurobi_c6_round31\runs\stage3__round31_sealed_high_imbalance_V50_seed802548647__c5_candidate__300s\external\models\L0.lp
Reading time = 0.21 seconds
obj: 93037 rows, 18195 columns, 665284 nonzeros
Set parameter TimeLimit to value 236.5277476
Warning: unknown variable 'r_max' in bounds section (line 103385)
Warning: unknown variable 'r_min' in bounds section (line 103386)
Read LP format model from file E:\codes\ExactEBRP\results\gf_nonblocking_gurobi_c6_round31\runs\stage3__round31_sealed_high_imbalance_V50_seed802548647__c5_candidate__300s\external\models\L1.lp
Reading time = 0.21 seconds
obj: 93037 rows, 18195 columns, 665900 nonzeros
Set parameter TimeLimit to value 230.8692678
Warning: unknown variable 'r_max' in bounds section (line 103385)
Warning: unknown variable 'r_min' in bounds section (line 103386)
Read LP format model from file E:\codes\ExactEBRP\results\gf_nonblocking_gurobi_c6_round31\runs\stage3__round31_sealed_high_imbalance_V50_seed802548647__c5_candidate__300s\external\models\L2.lp
Reading time = 0.21 seconds
obj: 93037 rows, 18195 columns, 665900 nonzeros
Set parameter TimeLimit to value 2.1606257979999998e+02
Warning: unknown variable 'r_max' in bounds section (line 103385)
Warning: unknown variable 'r_min' in bounds section (line 103386)
Read LP format model from file E:\codes\ExactEBRP\results\gf_nonblocking_gurobi_c6_round31\runs\stage3__round31_sealed_high_imbalance_V50_seed802548647__c5_candidate__300s\external\models\L2.0.lp
Reading time = 0.22 seconds
obj: 93037 rows, 18195 columns, 665900 nonzeros
Set parameter TimeLimit to value 2.1241086719999998e+02
Warning: unknown variable 'r_max' in bounds section (line 103385)
Warning: unknown variable 'r_min' in bounds section (line 103386)
Read LP format model from file E:\codes\ExactEBRP\results\gf_nonblocking_gurobi_c6_round31\runs\stage3__round31_sealed_high_imbalance_V50_seed802548647__c5_candidate__300s\external\models\L2.1.lp
Reading time = 0.21 seconds
obj: 93037 rows, 18195 columns, 665900 nonzeros
Set parameter TimeLimit to value 2.0823989210000002e+02
Warning: unknown variable 'r_max' in bounds section (line 103385)
Warning: unknown variable 'r_min' in bounds section (line 103386)
Read LP format model from file E:\codes\ExactEBRP\results\gf_nonblocking_gurobi_c6_round31\runs\stage3__round31_sealed_high_imbalance_V50_seed802548647__c5_candidate__300s\external\models\L3.lp
Reading time = 0.20 seconds
obj: 93037 rows, 18195 columns, 663450 nonzeros
Set parameter TimeLimit to value 204.1038006
Warning: unknown variable 'r_max' in bounds section (line 103385)
Warning: unknown variable 'r_min' in bounds section (line 103386)
Read LP format model from file E:\codes\ExactEBRP\results\gf_nonblocking_gurobi_c6_round31\runs\stage3__round31_sealed_high_imbalance_V50_seed802548647__c5_candidate__300s\external\models\L3.0.lp
Reading time = 0.21 seconds
obj: 93037 rows, 18195 columns, 665900 nonzeros
Set parameter TimeLimit to value 201.2238549
Warning: unknown variable 'r_max' in bounds section (line 103385)
Warning: unknown variable 'r_min' in bounds section (line 103386)
Read LP format model from file E:\codes\ExactEBRP\results\gf_nonblocking_gurobi_c6_round31\runs\stage3__round31_sealed_high_imbalance_V50_seed802548647__c5_candidate__300s\external\models\L3.1.lp
Reading time = 0.20 seconds
obj: 93037 rows, 18195 columns, 663450 nonzeros
Set parameter TimeLimit to value 1.9845349570000002e+02
