
Gurobi 13.0.2 (win64) logging started Sun Aug  9 23:51:12 2026

Set parameter LogFile to value "E:\codes\ExactEBRP\results\gf_simple_start_qualification_round35\runs\matrix1800__round32_multi_m_tight_T_V50_M4_seed1562257203__c6_simple_start__1800s\native.log"
Set parameter Threads to value 1
Set parameter Presolve to value -1
Set parameter Seed to value 0
Set parameter MIPGap to value 0
Set parameter MIPGapAbs to value 0
Warning: unknown variable 'r_max' in bounds section (line 116805)
Warning: unknown variable 'r_min' in bounds section (line 116806)
Read LP format model from file E:\codes\ExactEBRP\results\gf_simple_start_qualification_round35\runs\matrix1800__round32_multi_m_tight_T_V50_M4_seed1562257203__c6_simple_start__1800s\external\models\L0.lp
Reading time = 0.22 seconds
obj: 103665 rows, 23587 columns, 719609 nonzeros
Set parameter TimeLimit to value 1783.8206789
Warning: unknown variable 'r_max' in bounds section (line 116805)
Warning: unknown variable 'r_min' in bounds section (line 116806)
Read LP format model from file E:\codes\ExactEBRP\results\gf_simple_start_qualification_round35\runs\matrix1800__round32_multi_m_tight_T_V50_M4_seed1562257203__c6_simple_start__1800s\external\models\L1.lp
Reading time = 0.22 seconds
obj: 103665 rows, 23587 columns, 720217 nonzeros
Set parameter TimeLimit to value 1779.638
Warning: unknown variable 'r_max' in bounds section (line 116806)
Warning: unknown variable 'r_min' in bounds section (line 116807)
Read LP format model from file E:\codes\ExactEBRP\results\gf_simple_start_qualification_round35\runs\matrix1800__round32_multi_m_tight_T_V50_M4_seed1562257203__c6_simple_start__1800s\external\models\L2.lp
Reading time = 0.22 seconds
obj: 103666 rows, 23587 columns, 720225 nonzeros
Set parameter TimeLimit to value 1772.6464901
Warning: unknown variable 'r_max' in bounds section (line 116806)
Warning: unknown variable 'r_min' in bounds section (line 116807)
Read LP format model from file E:\codes\ExactEBRP\results\gf_simple_start_qualification_round35\runs\matrix1800__round32_multi_m_tight_T_V50_M4_seed1562257203__c6_simple_start__1800s\external\models\L3.lp
Reading time = 0.21 seconds
obj: 103666 rows, 23587 columns, 717775 nonzeros
Set parameter TimeLimit to value 1769.368366
