
Gurobi 13.0.2 (win64) logging started Fri Oct  2 09:41:54 2026

Set parameter LogFile to value "E:\codes\ExactEBRP\results\unified_exact_round99\confirmation01\raw\05_N2_P-GRB\native.log"
Set parameter Threads to value 1
Set parameter Presolve to value -1
Set parameter Seed to value 0
Set parameter MIPGap to value 0
Set parameter MIPGapAbs to value 0
Set parameter TimeLimit to value 1794
Read LP format model from file E:\codes\ExactEBRP\results\unified_exact_round99\confirmation01\raw\05_N2_P-GRB\compact.lp
Reading time = 0.02 seconds
obj: 10630 rows, 4244 columns, 50586 nonzeros
Set parameter TimeLimit to value 1796.6804323
Gurobi Optimizer version 13.0.2 build v13.0.2rc1 (win64 - Windows 10.0 (19045.2))

CPU model: 12th Gen Intel(R) Core(TM) i7-12700KF, instruction set [SSE2|AVX|AVX2]
Thread count: 12 physical cores, 20 logical processors, using up to 1 threads

Non-default parameters:
TimeLimit  1796.6804323
MIPGap  0
MIPGapAbs  0
LogToConsole  0
Threads  1

Optimize a model with 10630 rows, 4244 columns and 50586 nonzeros (Min)
Model fingerprint: 0x11b286ad
Model has 31 linear objective coefficients
Variable types: 795 continuous, 3449 integer (3149 binary)
Coefficient statistics:
  Matrix range     [4e-02, 1e+03]
  Objective range  [4e-02, 1e+00]
  Bounds range     [1e+00, 4e+01]
  RHS range        [1e+00, 7e+03]

Presolve removed 211 rows and 31 columns
Presolve time: 0.12s
Presolved: 10419 rows, 4213 columns, 90850 nonzeros
Variable types: 299 continuous, 3914 integer (3149 binary)
Found heuristic solution: objective 1.4416837

Root relaxation: objective 1.174951e-01, 3857 iterations, 0.16 seconds (0.37 work units)

    Nodes    |    Current Node    |     Objective Bounds      |     Work
 Expl Unexpl |  Obj  Depth IntInf | Incumbent    BestBd   Gap | It/Node Time

     0     0    0.11750    0  291    1.44168    0.11750  91.9%     -    0s
     0     0    0.14038    0  473    1.44168    0.14038  90.3%     -    1s
     0     0    0.14089    0  524    1.44168    0.14089  90.2%     -    1s
     0     0    0.14089    0  584    1.44168    0.14089  90.2%     -    1s
     0     0    0.14089    0  565    1.44168    0.14089  90.2%     -    1s
     0     0    0.14184    0  676    1.44168    0.14184  90.2%     -    2s
     0     0    0.14201    0  690    1.44168    0.14201  90.1%     -    2s
     0     0    0.14283    0  750    1.44168    0.14283  90.1%     -    2s
H    0     0                       1.3661561    0.14295  89.5%     -    2s
H    0     0                       1.3451656    0.14295  89.4%     -    2s
H    0     0                       1.3210189    0.14295  89.2%     -    2s
     0     0    0.14295    0  757    1.32102    0.14295  89.2%     -    2s
     0     0    0.14295    0  753    1.32102    0.14295  89.2%     -    3s
     0     0    0.14295    0  746    1.32102    0.14295  89.2%     -    3s
     0     0    0.14303    0  772    1.32102    0.14303  89.2%     -    3s
H    0     0                       1.1718237    0.14324  87.8%     -    3s
H    0     0                       1.1699297    0.14324  87.8%     -    3s
H    0     0                       1.1678992    0.14324  87.7%     -    3s
H    0     0                       1.1513630    0.14324  87.6%     -    3s
H    0     0                       1.1457551    0.14324  87.5%     -    3s
H    0     0                       1.1217835    0.14324  87.2%     -    3s
H    0     0                       1.1068081    0.14324  87.1%     -    3s
H    0     0                       1.0996478    0.14324  87.0%     -    3s
H    0     0                       1.0923017    0.14324  86.9%     -    3s
H    0     0                       1.0886471    0.14324  86.8%     -    3s
     0     0    0.14324    0  796    1.08865    0.14324  86.8%     -    3s
     0     0    0.14324    0  799    1.08865    0.14324  86.8%     -    4s
H    0     0                       1.0640706    0.14324  86.5%     -    4s
     0     0    0.14324    0  743    1.06407    0.14324  86.5%     -    4s
     0     0    0.14324    0  755    1.06407    0.14324  86.5%     -    4s
     0     0    0.14324    0  756    1.06407    0.14324  86.5%     -    4s
     0     0    0.14341    0  810    1.06407    0.14341  86.5%     -    4s
     0     0    0.14344    0  808    1.06407    0.14344  86.5%     -    4s
     0     0    0.14344    0  795    1.06407    0.14344  86.5%     -    5s
     0     0    0.14360    0  790    1.06407    0.14360  86.5%     -    5s
     0     0    0.14411    0  809    1.06407    0.14411  86.5%     -    5s
     0     0    0.14411    0  810    1.06407    0.14411  86.5%     -    5s
     0     0    0.14423    0  810    1.06407    0.14423  86.4%     -    5s
H    0     0                       0.9505302    0.14423  84.8%     -    5s
     0     0    0.14423    0  794    0.95053    0.14423  84.8%     -    6s
     0     0    0.14442    0  802    0.95053    0.14442  84.8%     -    6s
     0     0    0.14442    0  878    0.95053    0.14442  84.8%     -    6s
     0     0    0.14459    0  848    0.95053    0.14459  84.8%     -    7s
     0     0    0.14459    0  836    0.95053    0.14459  84.8%     -    7s
     0     0    0.14460    0  805    0.95053    0.14460  84.8%     -    7s
H    0     0                       0.9302824    0.14471  84.4%     -    7s
     0     0    0.14471    0  810    0.93028    0.14471  84.4%     -    7s
     0     0    0.14471    0  821    0.93028    0.14471  84.4%     -    7s
     0     0    0.14472    0  821    0.93028    0.14472  84.4%     -    7s
     0     0    0.14472    0  741    0.93028    0.14472  84.4%     -    8s
H    0     0                       0.9033747    0.14472  84.0%     -    8s
H    0     0                       0.8823841    0.14472  83.6%     -    8s
     0     2    0.14472    0  723    0.88238    0.14472  83.6%     -    8s
H    4     4                       0.8520752    0.14603  82.9%   581    9s
H    4     4                       0.8517225    0.14603  82.9%   581    9s
H    4     4                       0.8503219    0.14603  82.8%   581    9s
H    4     4                       0.8416557    0.14603  82.6%   581    9s
H    4     4                       0.8366969    0.14603  82.5%   581    9s
H    4     4                       0.8103861    0.14603  82.0%   581    9s
H    4     4                       0.7673676    0.14603  81.0%   581    9s
H    9     9                       0.7541719    0.14611  80.6%   365    9s
H   12    12                       0.7384905    0.14611  80.2%   359    9s
H   12    12                       0.7379844    0.14611  80.2%   359    9s
H   12    12                       0.7374793    0.14611  80.2%   359    9s
H   12    12                       0.7367216    0.14611  80.2%   359    9s
H   12    12                       0.7151738    0.14611  79.6%   359    9s
H   12    12                       0.7005555    0.14611  79.1%   359    9s
H   12    12                       0.6839127    0.14611  78.6%   359    9s
H   12    12                       0.6787562    0.14611  78.5%   359    9s
H   12    12                       0.6781446    0.14611  78.5%   359    9s
H   12    12                       0.6769916    0.14611  78.4%   359   10s
H   12    12                       0.6574894    0.14611  77.8%   359   10s
H   12    12                       0.6432520    0.14611  77.3%   359   10s
H   12    12                       0.6254958    0.14611  76.6%   359   10s
H   12    12                       0.6108473    0.14611  76.1%   359   10s
H   16    16                       0.5959393    0.14611  75.5%   316   10s
H   16    16                       0.5957671    0.14611  75.5%   316   10s
H   16    16                       0.5859396    0.14611  75.1%   316   10s
H   27    25                       0.5314009    0.14611  72.5%   274   10s
H   27    25                       0.5295863    0.14611  72.4%   274   10s
H   27    25                       0.5295301    0.14611  72.4%   274   10s
H   27    25                       0.5282021    0.14611  72.3%   274   10s
H   27    25                       0.5273527    0.14611  72.3%   274   10s
H   35    33                       0.5267467    0.14611  72.3%   263   11s
H   35    33                       0.5265560    0.14611  72.3%   263   11s
H   35    33                       0.5220758    0.14611  72.0%   263   11s
H   35    33                       0.5210580    0.14611  72.0%   263   11s
H   35    33                       0.5188370    0.14611  71.8%   263   11s
H   35    33                       0.5179765    0.14611  71.8%   263   11s
H   48    44                       0.5141390    0.14611  71.6%   222   11s
H   48    44                       0.5097209    0.14611  71.3%   222   11s
H   48    44                       0.5037826    0.14611  71.0%   222   11s
H   48    44                       0.4990820    0.14611  70.7%   222   11s
H   48    44                       0.4989558    0.14611  70.7%   222   11s
H   48    44                       0.4975434    0.14611  70.6%   222   11s
H   90    81                       0.4969252    0.14611  70.6%   226   12s
H   99    90                       0.4813727    0.14611  69.6%   211   12s
H   99    90                       0.4792051    0.14611  69.5%   211   12s
H   99    90                       0.4780164    0.14611  69.4%   211   12s
H   99    90                       0.4777930    0.14611  69.4%   211   12s
H   99    90                       0.4776980    0.14611  69.4%   211   12s
H  104    95                       0.4773969    0.14611  69.4%   206   12s
H  104    95                       0.4773969    0.14611  69.4%   206   12s
H  104    95                       0.4773924    0.14611  69.4%   206   12s
H  104    95                       0.4772256    0.14611  69.4%   206   12s
H  104    95                       0.4692041    0.14611  68.9%   206   13s
H  104    95                       0.4260811    0.14611  65.7%   206   13s
H  104    95                       0.4259091    0.14611  65.7%   206   13s
H  104    95                       0.4243431    0.14611  65.6%   206   13s
H  105    96                       0.4240797    0.14611  65.5%   205   14s
H  105    96                       0.4240676    0.14611  65.5%   205   14s
H  105    96                       0.4237294    0.14611  65.5%   205   14s
H  105    96                       0.4236889    0.14611  65.5%   205   14s
H  121   112                       0.4183006    0.14611  65.1%   226   14s
H  121   112                       0.4182869    0.14611  65.1%   226   14s
H  121   112                       0.4182575    0.14611  65.1%   226   14s
H  121   112                       0.4181342    0.14611  65.1%   226   14s
   146   139    0.16884  101  321    0.41813    0.14611  65.1%   214   15s
H  154   145                       0.3808376    0.14611  61.6%   212   15s
H  154   145                       0.3776787    0.14611  61.3%   212   15s
H  154   145                       0.3773338    0.14611  61.3%   212   15s
H  154   145                       0.3772018    0.14611  61.3%   212   15s
H  230   211                       0.3758595    0.14611  61.1%   173   18s
H  230   211                       0.3757188    0.14611  61.1%   173   18s
H  232   213                       0.3708356    0.14663  60.5%   199   19s
   271   254    0.17678   41  356    0.37084    0.14663  60.5%   186   20s
   470   428    0.15630   29  357    0.37084    0.14663  60.5%   171   25s
H  537   494                       0.3700941    0.14810  60.0%   156   27s
H  537   494                       0.3679949    0.14810  59.8%   156   27s
   538   495    0.16902    7  741    0.36799    0.14663  60.2%   155   31s
   545   500    0.22415   22  642    0.36799    0.15390  58.2%   153   35s
H  550   477                       0.3643513    0.15435  57.6%   152   39s
   552   478    0.18224   68  693    0.36435    0.15435  57.6%   151   40s
   559   483    0.17061   85  642    0.36435    0.15442  57.6%   150   45s
H  560   460                       0.3641912    0.15451  57.6%   149   46s
H  560   436                       0.3639465    0.15451  57.5%   149   46s
H  560   414                       0.3639428    0.15451  57.5%   149   46s
H  562   394                       0.3377170    0.15451  54.2%   237   47s
H  562   374                       0.3127401    0.15451  50.6%   237   47s
H  563   356                       0.3123209    0.15451  50.5%   237   47s
H  565   339                       0.2868514    0.15451  46.1%   236   49s
H  565   321                       0.2791360    0.15451  44.6%   236   49s
H  565   305                       0.2743606    0.15451  43.7%   236   49s
H  565   290                       0.2739620    0.15451  43.6%   236   49s
H  565   275                       0.2735868    0.15451  43.5%   236   49s
H  565   261                       0.2720083    0.15451  43.2%   236   49s
H  565   247                       0.2719284    0.15451  43.2%   236   49s
H  565   235                       0.2718630    0.15451  43.2%   236   49s
H  565   223                       0.2715222    0.15451  43.1%   236   49s
H  565   211                       0.2715105    0.15451  43.1%   236   49s
H  567   202                       0.2699608    0.15460  42.7%   236   49s
H  567   191                       0.2699300    0.15460  42.7%   236   49s
   568   194    0.15499   16  621    0.26993    0.15499  42.6%   241   50s
H  581   191                       0.2555926    0.15535  39.2%   250   52s
H  581   182                       0.2545017    0.15535  39.0%   250   52s
H  581   173                       0.2544061    0.15535  38.9%   250   52s
H  586   168                       0.2494534    0.15535  37.7%   251   53s
   622   192    0.16180   43  289    0.24945    0.15535  37.7%   247   55s
   725   252    0.17042   94   94    0.24945    0.15535  37.7%   248   60s
H  755   255                       0.2174395    0.15535  28.6%   250   61s
H  755   247                       0.2170886    0.15535  28.4%   250   61s
H  807   240                       0.2156728    0.15535  28.0%   250   63s
   810   244    0.15801   20  539    0.21567    0.15539  28.0%   255   65s
H  811   233                       0.2059240    0.15539  24.5%   254   65s
H  843   248                       0.2058657    0.15539  24.5%   258   68s
H  843   242                       0.2058515    0.15539  24.5%   258   68s
   858   252    0.16480   44  119    0.20585    0.15539  24.5%   265   70s
H  952   330                       0.2028788    0.15539  23.4%   262   73s
   991   359     cutoff  110         0.20288    0.15539  23.4%   266   75s
H 1046   378                       0.2016903    0.15550  22.9%   264   76s
H 1054   382                       0.1985067    0.15550  21.7%   268   77s
H 1054   381                       0.1984794    0.15550  21.7%   268   77s
H 1059   386                       0.1983047    0.15550  21.6%   268   78s
  1067   395    0.19696   31  573    0.19830    0.15550  21.6%   276   80s
H 1180   483                       0.1983021    0.15550  21.6%   269   85s
H 1180   482                       0.1978085    0.15550  21.4%   269   85s
H 1180   482                       0.1977986    0.15550  21.4%   269   85s
H 1180   481                       0.1975287    0.15550  21.3%   269   85s
  1273   539    0.15822   16  714    0.19753    0.15631  20.9%   284   90s
  1295   561    0.16162   27  461    0.19753    0.15631  20.9%   297   95s
  1420   633    0.17386   90   87    0.19753    0.15631  20.9%   295  100s
  1537   690    0.16604   28  640    0.19753    0.15635  20.8%   299  105s
  1563   714    0.16704   41  328    0.19753    0.15635  20.8%   308  110s
  1565   716    0.16838   42  268    0.19753    0.15635  20.8%   308  115s
  1642   773    0.16948   82  116    0.19753    0.15635  20.8%   313  120s
H 1668   775                       0.1968948    0.15635  20.6%   316  121s
H 1669   774                       0.1962543    0.15635  20.3%   317  122s
H 1669   774                       0.1960979    0.15635  20.3%   317  122s
H 1669   774                       0.1958883    0.15635  20.2%   317  122s
H 1670   775                       0.1958578    0.15635  20.2%   317  122s
H 1674   775                       0.1953509    0.15635  20.0%   319  123s
H 1674   773                       0.1951413    0.15635  19.9%   319  123s
H 1674   773                       0.1951022    0.15635  19.9%   319  123s
  1689   787    0.16514   33  566    0.19510    0.15635  19.9%   323  125s
  1789   876    0.17022   83   86    0.19510    0.15635  19.9%   319  130s
  1923   958    0.17194   47   75    0.19510    0.15654  19.8%   316  135s
H 1975   993                       0.1944863    0.15654  19.5%   314  138s
H 1975   985                       0.1919019    0.15654  18.4%   314  140s
H 1975   969                       0.1898560    0.15654  17.6%   314  140s
H 1975   965                       0.1895132    0.15654  17.4%   314  141s
  1993   983    0.17272   82   98    0.18951    0.15654  17.4%   316  145s
  2121  1056    0.16396   38  279    0.18951    0.15656  17.4%   317  150s
  2252  1158    0.17942  102  252    0.18951    0.15656  17.4%   315  155s
  2311  1209    0.16918   60   82    0.18951    0.15656  17.4%   318  160s
  2393  1276    0.16972   31  597    0.18951    0.15659  17.4%   319  165s
  2546  1405    0.16697   23  478    0.18951    0.15708  17.1%   312  170s
  2703  1534     cutoff  133         0.18951    0.15708  17.1%   306  175s
  2842  1640    0.15813   34  361    0.18951    0.15710  17.1%   301  180s
  2910  1699    0.16448   37  361    0.18951    0.15725  17.0%   305  185s
  3059  1824    0.16861   60  198    0.18951    0.15728  17.0%   299  190s
  3231  1951    0.17448   41  216    0.18951    0.15735  17.0%   294  195s
  3392  2088    0.16970   96   94    0.18951    0.15739  16.9%   288  200s
  3516  2194    0.18743  132  220    0.18951    0.15743  16.9%   286  205s
  3641  2283    0.17240   78  102    0.18951    0.15758  16.9%   287  210s
  3788  2393    0.18065  108  100    0.18951    0.15766  16.8%   284  215s
H 3903  2470                       0.1895097    0.15796  16.6%   282  219s
  3904  2473    0.16572   43  192    0.18951    0.15796  16.6%   282  220s
H 3905  2472                       0.1893821    0.15796  16.6%   282  220s
H 3905  2472                       0.1893610    0.15796  16.6%   282  221s
H 3906  2461                       0.1887132    0.15796  16.3%   282  221s
H 3906  2448                       0.1881146    0.15796  16.0%   282  221s
H 3906  2232                       0.1816120    0.15796  13.0%   282  221s
H 3906  2210                       0.1808433    0.15796  12.7%   282  221s
H 3907  2204                       0.1806787    0.15796  12.6%   282  221s
  3970  2269    0.17006  102   79    0.18068    0.15796  12.6%   280  225s
  4078  2339    0.17819   63   96    0.18068    0.15805  12.5%   280  230s
  4175  2398    0.16577   41  305    0.18068    0.15817  12.5%   281  235s
  4259  2462    0.17111   48  503    0.18068    0.15821  12.4%   282  240s
  4372  2535    0.16068   18  841    0.18068    0.15822  12.4%   282  245s
  4450  2613    0.17802   96   92    0.18068    0.15822  12.4%   281  250s
  4567  2707    0.17513   51  313    0.18068    0.15833  12.4%   279  255s
  4705  2805 infeasible   90         0.18068    0.15836  12.4%   277  260s
  4765  2831    0.16993   52   94    0.18068    0.15871  12.2%   280  265s
  4923  2966    0.16658   77  109    0.18068    0.15871  12.2%   277  270s
H 4978  2631                       0.1775564    0.15872  10.6%   277  272s
  5064  2719    0.17227  113  245    0.17756    0.15872  10.6%   275  275s
  5143  2776    0.17420   30  367    0.17756    0.15878  10.6%   276  280s
  5235  2851    0.15995   25  401    0.17756    0.15879  10.6%   277  285s
  5328  2931    0.17034   71  227    0.17756    0.15879  10.6%   279  290s
  5430  2987    0.17160   48  251    0.17756    0.15886  10.5%   282  295s
  5549  3061    0.17527   85   75    0.17756    0.15886  10.5%   280  300s
H 5555  3065                       0.1775307    0.15886  10.5%   280  300s
H 5555  3054                       0.1774171    0.15886  10.5%   280  300s
  5646  3127    0.17171   73  160    0.17742    0.15890  10.4%   279  305s
  5765  3232    0.17338   65  230    0.17742    0.15890  10.4%   278  310s
  5808  3265    0.16648   42  116    0.17742    0.15891  10.4%   281  315s
  5899  3341    0.16496   25  652    0.17742    0.15893  10.4%   282  320s
  5984  3413    0.17493   64  301    0.17742    0.15902  10.4%   282  325s
  6098  3515    0.17660  102   94    0.17742    0.15904  10.4%   281  330s
  6201  3605    0.17471   86  151    0.17742    0.15904  10.4%   281  335s
  6271  3654    0.17157   67  114    0.17742    0.15907  10.3%   282  340s
H 6316  3683                       0.1774126    0.15907  10.3%   282  342s
H 6316  3679                       0.1773644    0.15907  10.3%   282  342s
  6380  3729    0.16197   41  263    0.17736    0.15915  10.3%   282  347s
  6422  3768    0.17498   62  124    0.17736    0.15915  10.3%   283  350s
  6538  3845     cutoff   88         0.17736    0.15920  10.2%   284  355s
  6618  3897    0.16200   28  399    0.17736    0.15922  10.2%   284  360s
  6723  3980    0.16088   27  391    0.17736    0.15927  10.2%   284  365s
  6830  4065    0.16412   28  631    0.17736    0.15927  10.2%   286  370s
  6939  4159     cutoff   82         0.17736    0.15927  10.2%   287  375s
  7059  4256    0.17231  103  100    0.17736    0.15933  10.2%   287  380s
  7192  4353    0.16763   27  304    0.17736    0.15944  10.1%   285  385s
  7369  4493 infeasible  109         0.17736    0.15947  10.1%   284  390s
  7482  4587    0.16750   37  311    0.17736    0.15956  10.0%   283  395s
  7654  4750    0.17442  107  110    0.17736    0.15957  10.0%   281  400s
  7696  4781    0.17044   51  219    0.17736    0.15961  10.0%   284  405s
  7797  4850    0.17053   51   92    0.17736    0.15961  10.0%   284  410s
  7873  4921    0.17169  114   74    0.17736    0.15961  10.0%   283  418s
  7892  4930    0.17269   47  238    0.17736    0.15964  10.0%   284  420s
  7995  5012    0.16764   54  423    0.17736    0.15967  10.0%   283  425s
  8070  5077    0.16725   30  550    0.17736    0.15967  10.0%   283  430s
  8136  5136    0.17006   93   83    0.17736    0.15967  10.0%   282  435s
  8212  5193    0.17498   55  119    0.17736    0.15968  10.0%   283  440s
  8298  5264    0.17717   54  185    0.17736    0.15970  10.0%   284  445s
  8365  5309    0.16324   27  438    0.17736    0.15973  9.94%   285  450s
  8425  5355    0.17209   43  290    0.17736    0.15978  9.92%   286  455s
  8506  5427    0.16913   54   88    0.17736    0.15978  9.92%   286  460s
  8604  5504    0.16667   48   81    0.17736    0.15980  9.90%   286  465s
  8702  5568    0.16349   27  508    0.17736    0.15988  9.86%   287  470s
  8868  5717    0.16288   27  460    0.17736    0.15989  9.85%   285  475s
  8969  5782    0.17716   68  148    0.17736    0.15989  9.85%   285  480s
  9063  5859    0.17570   88   97    0.17736    0.15993  9.83%   284  485s
  9183  5947    0.16750   31  400    0.17736    0.15994  9.82%   284  490s
  9246  5984    0.16427   20  463    0.17736    0.15999  9.80%   286  495s
  9362  6092    0.16554   34  363    0.17736    0.16001  9.79%   285  500s
  9456  6171    0.16740   35  544    0.17736    0.16003  9.77%   286  505s
  9562  6267    0.16765   42  186    0.17736    0.16003  9.77%   285  510s
  9616  6305    0.16801   32  557    0.17736    0.16018  9.69%   285  515s
  9743  6416    0.16705   63  122    0.17736    0.16019  9.68%   285  520s
  9832  6478    0.17069   40  155    0.17736    0.16025  9.65%   286  525s
  9960  6561    0.16644   32  467    0.17736    0.16026  9.65%   286  530s
 10054  6636    0.16434   43  287    0.17736    0.16026  9.64%   287  535s
 10126  6700    0.17704   77  105    0.17736    0.16028  9.63%   287  540s
 10203  6758    0.17222   35  741    0.17736    0.16029  9.63%   287  573s
 10206  6760    0.16651   36  429    0.17736    0.16029  9.63%   287  575s
 10209  6762    0.16667   46  518    0.17736    0.16206  8.63%   287  581s
 10211  6763    0.16476   43  510    0.17736    0.16209  8.61%   287  585s
 10213  6765    0.16209   32  487    0.17736    0.16209  8.61%   287  590s
 10216  6767    0.17527   41  430    0.17736    0.16213  8.59%   287  597s
 10218  6768    0.16649   45  440    0.17736    0.16213  8.59%   287  602s
 10220  6769    0.17272  111  581    0.17736    0.16213  8.59%   287  607s
 10222  6771    0.17145  108  581    0.17736    0.16213  8.59%   287  612s
 10224  6772    0.16886   64  538    0.17736    0.16213  8.59%   287  616s
 10226  6773    0.16652   64  556    0.17736    0.16213  8.59%   287  622s
 10228  6775    0.16686   78  560    0.17736    0.16213  8.59%   287  627s
 10230  6776    0.16869   28  504    0.17736    0.16213  8.59%   287  632s
 10232  6777    0.16617   80  443    0.17736    0.16213  8.59%   287  637s
 10234  6779    0.17712   85  435    0.17736    0.16218  8.56%   287  642s
 10236  6780    0.16827   55  427    0.17736    0.16218  8.56%   286  646s
 10238  6781    0.17509  115  414    0.17736    0.16218  8.56%   286  651s
 10240  6783    0.17086  108  428    0.17736    0.16218  8.56%   286  656s
 10242  6784    0.17513   61  398    0.17736    0.16218  8.56%   286  660s
 10244  6785    0.17509   97  599    0.17736    0.16218  8.56%   286  666s
 10246  6787    0.16627   68  418    0.17736    0.16218  8.56%   286  670s
 10249  6789    0.16540   27  407    0.17736    0.16218  8.56%   286  677s
 10255  6795    0.16305   30  454    0.17736    0.16260  8.32%   295  680s
 10266  6800    0.16553   35  516    0.17736    0.16305  8.07%   297  685s
 10330  6840    0.16554   68   85    0.17736    0.16305  8.07%   297  690s
 10367  6862    0.16554   86   82    0.17736    0.16305  8.07%   296  695s
 10429  6881    0.16369   31  583    0.17736    0.16305  8.07%   297  701s
 10437  6884    0.16480   35  476    0.17736    0.16305  8.07%   298  705s
 10516  6927    0.16625   75   85    0.17736    0.16305  8.07%   297  710s
 10615  6942    0.16356   31  580    0.17736    0.16321  7.98%   296  715s
 10620  6945    0.16481   34  544    0.17736    0.16321  7.98%   298  720s
 10692  6975    0.16650   72   80    0.17736    0.16321  7.98%   298  725s
 10752  6991    0.16463   31  568    0.17736    0.16325  7.96%   298  730s
 10760  6994     cutoff   35         0.17736    0.16325  7.96%   300  735s
 10786  7008    0.16771   48  248    0.17736    0.16325  7.96%   301  740s
 10822  7030    0.16724   67   83    0.17736    0.16325  7.96%   301  752s
 10829  7034    0.16724   70   88    0.17736    0.16325  7.96%   300  755s
 10913  7047    0.17312  111  220    0.17736    0.16325  7.96%   301  760s
 10958  7061    0.16943   53  111    0.17736    0.16325  7.96%   301  765s
 11033  7085    0.16392   32  460    0.17736    0.16374  7.68%   300  770s
 11035  7087    0.16435   33  547    0.17736    0.16374  7.68%   301  775s
 11061  7104    0.16622   46  180    0.17736    0.16374  7.68%   301  780s
 11115  7126    0.16575   73  138    0.17736    0.16374  7.68%   301  785s
 11166  7146    0.16867   31  403    0.17736    0.16434  7.34%   302  790s
 11221  7173     cutoff   59         0.17736    0.16434  7.34%   302  795s
 11303  7198     cutoff  102         0.17736    0.16434  7.34%   302  800s
 11363  7219    0.16579   57  105    0.17736    0.16434  7.34%   301  805s
 11449  7249    0.16825  101  118    0.17736    0.16434  7.34%   301  810s
 11548  7290    0.16765   91  112    0.17736    0.16435  7.34%   299  816s
 11593  7299    0.16449   34  605    0.17736    0.16435  7.34%   299  820s
 11644  7333    0.16612   76  127    0.17736    0.16435  7.34%   299  825s
 11710  7372    0.16639  128   84    0.17736    0.16435  7.34%   298  830s
 11744  7372    0.16516   36  343    0.17736    0.16449  7.26%   299  835s
 11817  7420    0.16605   98   78    0.17736    0.16449  7.26%   298  840s
 11892  7452    0.16688   40  307    0.17736    0.16456  7.22%   297  845s
 11962  7495    0.16831  104  125    0.17736    0.16456  7.22%   297  850s
 12022  7525    0.16803   49  186    0.17736    0.16456  7.22%   296  855s
 12089  7567    0.16933   99  121    0.17736    0.16456  7.22%   295  860s
 12142  7583    0.16591   61   90    0.17736    0.16458  7.21%   295  865s
 12205  7624    0.16591  118   94    0.17736    0.16458  7.21%   295  870s
 12251  7633    0.16799   53  108    0.17736    0.16460  7.19%   295  875s
 12319  7662    0.16555   50  109    0.17736    0.16463  7.18%   294  880s
 12390  7706    0.16583   99   88    0.17736    0.16463  7.18%   293  885s
 12459  7723    0.17166   60   97    0.17736    0.16463  7.18%   293  890s
 12538  7756    0.16517   32  658    0.17736    0.16466  7.16%   293  896s
 12587  7786     cutoff   81         0.17736    0.16466  7.16%   292  900s
 12622  7799    0.16594   55  125    0.17736    0.16468  7.15%   293  905s
 12685  7801    0.16604   87  100    0.17736    0.16468  7.15%   293  910s
 12754  7826    0.16604  121  113    0.17736    0.16468  7.15%   292  915s
 12807  7848    0.16715   77   95    0.17736    0.16469  7.14%   292  920s
 12867  7879    0.16499   34  485    0.17736    0.16469  7.14%   292  925s
 12888  7893    0.16993   55  453    0.17736    0.16469  7.14%   293  932s
 12909  7907    0.17007   76  141    0.17736    0.16469  7.14%   292  935s
 13014  7962    0.16827   54   82    0.17736    0.16476  7.11%   291  940s
 13106  8021    0.16835  114   99    0.17736    0.16476  7.11%   290  945s
 13212  8062    0.16578   80   96    0.17736    0.16481  7.08%   289  950s
 13287  8100    0.16744   80   91    0.17736    0.16481  7.08%   288  955s
 13387  8152    0.16597   65  229    0.17736    0.16481  7.08%   287  960s
 13459  8181    0.16541   43  259    0.17736    0.16481  7.08%   286  965s
 13576  8230     cutoff   98         0.17736    0.16481  7.08%   285  970s
 13603  8246     cutoff   62         0.17736    0.16482  7.07%   285  975s
 13707  8270    0.16744   52  113    0.17736    0.16482  7.07%   285  980s
 13823  8328    0.16561   69   99    0.17736    0.16482  7.07%   284  985s
 13934  8376    0.16565   77  133    0.17736    0.16482  7.07%   283  990s
 14078  8426    0.16727   91  163    0.17736    0.16482  7.07%   281  995s
 14191  8476    0.16573   66  106    0.17736    0.16482  7.07%   280 1000s
 14358  8559    0.16482   47  272    0.17736    0.16482  7.07%   278 1005s
 14480  8612    0.16482   47  237    0.17736    0.16482  7.07%   277 1010s
 14602  8676    0.16565   70  113    0.17736    0.16482  7.07%   276 1015s
 14718  8717    0.16482   46  262    0.17736    0.16482  7.07%   276 1020s
 14822  8761    0.17652   88  148    0.17736    0.16482  7.07%   276 1025s
 14924  8804    0.16502   65  136    0.17736    0.16482  7.07%   275 1030s
 15005  8837    0.16579   58  264    0.17736    0.16482  7.07%   275 1035s
 15123  8899    0.16634   94  331    0.17736    0.16482  7.07%   274 1040s
 15258  8969    0.16686  123   96    0.17736    0.16482  7.07%   273 1045s
 15329  8977    0.16507   53  230    0.17736    0.16482  7.07%   274 1050s
 15453  9037    0.17608   72  144    0.17736    0.16482  7.07%   273 1055s
 15566  9093    0.16560   82  114    0.17736    0.16482  7.07%   272 1060s
 15650  9119     cutoff   71         0.17736    0.16482  7.07%   273 1065s
 15762  9157    0.16519   58  224    0.17736    0.16482  7.07%   272 1070s
 15893  9224    0.16565  104  118    0.17736    0.16482  7.07%   271 1075s
 16031  9278    0.17674   91   93    0.17736    0.16482  7.07%   270 1080s
 16142  9325    0.16563   78   79    0.17736    0.16482  7.07%   270 1085s
 16263  9366     cutoff  111         0.17736    0.16482  7.07%   270 1090s
 16440  9461    0.16695   62  206    0.17736    0.16482  7.07%   268 1095s
 16574  9512    0.16565   79  102    0.17736    0.16482  7.07%   267 1100s
 16706  9566     cutoff   85         0.17736    0.16482  7.07%   267 1105s
 16816  9611    0.16713  103  108    0.17736    0.16482  7.07%   266 1110s
 16955  9665    0.16538   62  405    0.17736    0.16482  7.07%   266 1115s
 17024  9680    0.17266   68  394    0.17736    0.16482  7.07%   266 1120s
 17154  9733    0.16505   58  400    0.17736    0.16482  7.07%   266 1125s
 17260  9777    0.16636   68  249    0.17736    0.16482  7.07%   265 1130s
 17354  9809    0.16598   69  353    0.17736    0.16482  7.07%   265 1135s
 17422  9838    0.16514   57  241    0.17736    0.16482  7.07%   266 1140s
 17468  9861    0.16926   75  173    0.17736    0.16482  7.07%   267 1145s
 17561  9889    0.17263   98  164    0.17736    0.16482  7.07%   267 1150s
 17653  9904     cutoff   92         0.17736    0.16482  7.07%   267 1155s
 17726  9930    0.17628   86  130    0.17736    0.16482  7.07%   267 1160s
 17883  9979    0.16884   96  240    0.17736    0.16482  7.07%   267 1165s
 17972  9995    0.16537   64  403    0.17736    0.16482  7.07%   267 1170s
 18123 10060    0.16654   63  207    0.17736    0.16482  7.07%   266 1175s
 18246 10107    0.16500   61  233    0.17736    0.16482  7.07%   266 1180s
 18388 10169    0.17729  100  281    0.17736    0.16482  7.07%   265 1185s
 18457 10198    0.16565   88  147    0.17736    0.16482  7.07%   266 1190s
 18537 10226    0.16500   63  318    0.17736    0.16482  7.07%   266 1195s
 18635 10268    0.16550   73  332    0.17736    0.16482  7.07%   266 1200s
 18696 10297    0.17277   91  152    0.17736    0.16482  7.07%   266 1205s
 18767 10305    0.16531   67  357    0.17736    0.16482  7.07%   266 1210s
 18894 10359    0.16688   81  214    0.17736    0.16482  7.07%   265 1215s
 18948 10381    0.16990   69  449    0.17736    0.16482  7.07%   265 1220s
 19044 10367     cutoff  107         0.17736    0.16482  7.07%   266 1225s
 19180 10431    0.17511  127  201    0.17736    0.16482  7.07%   266 1230s
 19363 10510    0.16482   47  278    0.17736    0.16482  7.07%   264 1235s
 19503 10579     cutoff  102         0.17736    0.16482  7.07%   264 1240s
 19622 10620    0.16856   73  237    0.17736    0.16482  7.07%   264 1245s
 19690 10653    0.16578   72  426    0.17736    0.16482  7.07%   264 1250s
 19794 10691    0.16641   59  655    0.17736    0.16482  7.07%   264 1255s
 19952 10758     cutoff  122         0.17736    0.16482  7.07%   264 1260s
 20054 10786    0.16666   74  236    0.17736    0.16482  7.07%   264 1265s
 20178 10836    0.16516   56  162    0.17736    0.16482  7.07%   263 1270s
 20309 10874    0.16482   61  299    0.17736    0.16482  7.07%   263 1275s
 20404 10909    0.16892   72  192    0.17736    0.16482  7.07%   263 1280s
 20524 10951    0.17680  116  100    0.17736    0.16482  7.07%   263 1285s
 20652 11003    0.17687  106  265    0.17736    0.16482  7.07%   262 1306s
 20723 11027    0.17284   83  316    0.17736    0.16482  7.07%   262 1310s
 20863 11077    0.16541   76  211    0.17736    0.16482  7.07%   262 1315s
 20969 11123    0.16566   92  245    0.17736    0.16482  7.07%   262 1320s
 21082 11162    0.16534   56  283    0.17736    0.16482  7.07%   262 1325s
 21196 11198    0.16482   46  259    0.17736    0.16482  7.07%   261 1330s
 21307 11252    0.17536   80  362    0.17736    0.16482  7.07%   261 1335s
 21416 11286    0.16534   66  286    0.17736    0.16482  7.07%   261 1340s
 21572 11342 infeasible  113         0.17736    0.16482  7.07%   260 1345s
 21641 11353    0.16537   67  209    0.17736    0.16482  7.07%   261 1350s
 21732 11392    0.16536   61  300    0.17736    0.16482  7.07%   261 1355s
 21861 11443    0.16495   58  208    0.17736    0.16482  7.07%   261 1360s
 22000 11495    0.16495   50  386    0.17736    0.16482  7.07%   260 1365s
 22131 11533    0.16495   53  210    0.17736    0.16482  7.07%   260 1370s
 22236 11575    0.16565   78  467    0.17736    0.16482  7.07%   261 1375s
 22374 11621    0.16804   60  254    0.17736    0.16482  7.07%   260 1380s
 22464 11633    0.16484   60  315    0.17736    0.16482  7.07%   261 1385s
 22579 11676    0.16482   61  235    0.17736    0.16482  7.07%   260 1390s
 22655 11706     cutoff   91         0.17736    0.16482  7.07%   261 1395s
 22791 11751    0.16482   52  262    0.17736    0.16482  7.07%   261 1400s
 22880 11791    0.16877   72  456    0.17736    0.16482  7.07%   260 1405s
 23017 11827    0.16616   56  224    0.17736    0.16482  7.07%   260 1410s
 23148 11881    0.16825   90  152    0.17736    0.16482  7.07%   260 1415s
 23281 11928     cutoff  103         0.17736    0.16482  7.07%   260 1420s
 23373 11952 infeasible   78         0.17736    0.16482  7.07%   260 1425s
 23481 11994    0.16554   85  130    0.17736    0.16482  7.07%   260 1430s
 23567 12022    0.17178   59  336    0.17736    0.16482  7.07%   260 1435s
 23672 12068    0.16840   81  323    0.17736    0.16482  7.07%   260 1440s
 23803 12107    0.17459   65  192    0.17736    0.16482  7.07%   260 1445s
 23932 12165    0.16844   81  620    0.17736    0.16482  7.07%   260 1450s
 24045 12213    0.16757   78  222    0.17736    0.16482  7.07%   259 1455s
 24140 12250    0.16495   58  150    0.17736    0.16482  7.07%   259 1460s
 24223 12286    0.16495   59  138    0.17736    0.16482  7.07%   260 1465s
 24301 12315    0.16482   56  257    0.17736    0.16482  7.07%   260 1470s
 24340 12325    0.16768   62  424    0.17736    0.16482  7.07%   261 1475s
 24441 12373    0.17016   96  197    0.17736    0.16482  7.07%   260 1480s
 24526 12376     cutoff   65         0.17736    0.16482  7.07%   260 1485s
 24605 12399    0.16608   61  759    0.17736    0.16482  7.07%   261 1490s
 24708 12441 infeasible  117         0.17736    0.16482  7.07%   260 1495s
 24837 12502    0.16482   51  246    0.17736    0.16482  7.07%   260 1500s
 24929 12533    0.16511   59  364    0.17736    0.16482  7.07%   260 1505s
 25064 12588    0.16634   64  152    0.17736    0.16482  7.07%   260 1510s
 25183 12642    0.17093   61  414    0.17736    0.16482  7.07%   260 1515s
 25226 12644     cutoff   76         0.17736    0.16482  7.07%   260 1520s
 25288 12670    0.16770   83  677    0.17736    0.16482  7.07%   261 1525s
 25399 12705     cutoff   84         0.17736    0.16482  7.07%   261 1530s
 25505 12740    0.17231  100  278    0.17736    0.16482  7.07%   260 1535s
 25593 12764 infeasible   92         0.17736    0.16482  7.07%   260 1540s
 25689 12789    0.16613   54  358    0.17736    0.16482  7.07%   260 1545s
 25791 12838    0.16521   71  365    0.17736    0.16482  7.07%   260 1550s
 25884 12875     cutoff   76         0.17736    0.16482  7.07%   260 1555s
 25959 12900    0.17377   71  199    0.17736    0.16482  7.07%   261 1560s
 26031 12920    0.16917   86  330    0.17736    0.16482  7.07%   261 1565s
 26109 12937    0.16667   60  710    0.17736    0.16482  7.07%   261 1570s
 26208 12983    0.17602  100  250    0.17736    0.16482  7.07%   261 1575s
 26325 13025     cutoff   87         0.17736    0.16482  7.07%   261 1580s
 26373 13051    0.16881   78  503    0.17736    0.16482  7.07%   262 1585s
 26510 13106    0.16482   52  233    0.17736    0.16482  7.07%   261 1590s
 26578 13132    0.16613   54  382    0.17736    0.16482  7.07%   261 1595s
 26697 13187     cutoff  110         0.17736    0.16482  7.07%   261 1600s
 26791 13198     cutoff   73         0.17736    0.16482  7.07%   262 1605s
 26909 13229     cutoff   81         0.17736    0.16482  7.07%   262 1610s
 26996 13247    0.17628   83  267    0.17736    0.16482  7.07%   262 1615s
 27059 13262    0.16539   70  201    0.17736    0.16482  7.07%   262 1620s
 27197 13319    0.16560   62  400    0.17736    0.16482  7.07%   262 1625s
 27340 13378     cutoff   60         0.17736    0.16482  7.07%   262 1630s
 27449 13420    0.16500   62  336    0.17736    0.16482  7.07%   262 1635s
 27507 13440    0.16714   61  355    0.17736    0.16482  7.07%   262 1640s
 27612 13477     cutoff   73         0.17736    0.16482  7.07%   262 1645s
 27695 13507    0.17133   83  427    0.17736    0.16482  7.07%   262 1650s
 27806 13556    0.16560   80  157    0.17736    0.16482  7.07%   262 1655s
 27924 13595    0.17271   63  244    0.17736    0.16482  7.07%   262 1660s
 28007 13622     cutoff   77         0.17736    0.16482  7.07%   262 1665s
 28165 13665    0.17497  114  173    0.17736    0.16482  7.07%   262 1670s
 28296 13719    0.16518   67  354    0.17736    0.16482  7.07%   262 1675s
 28434 13771    0.17704   57  238    0.17736    0.16482  7.07%   262 1680s
 28500 13782    0.16512   59  231    0.17736    0.16482  7.07%   262 1685s
 28733 13893    0.17666   99  109    0.17736    0.16482  7.07%   261 1690s
 28918 13970    0.17674   96  120    0.17736    0.16482  7.07%   260 1695s
 29045 14016     cutoff  101         0.17736    0.16482  7.07%   260 1700s
 29211 14101    0.16550   67  250    0.17736    0.16482  7.07%   259 1705s
 29377 14175    0.17616   95  172    0.17736    0.16482  7.07%   259 1710s
 29560 14253    0.17606   68  283    0.17736    0.16482  7.07%   258 1715s
 29650 14281    0.16516   58  199    0.17736    0.16482  7.07%   258 1720s
 29700 14314    0.16820   83  307    0.17736    0.16482  7.07%   259 1725s
 29797 14361     cutoff  100         0.17736    0.16482  7.07%   259 1730s
 29924 14395    0.16495   67  153    0.17736    0.16482  7.07%   259 1736s
 29967 14407    0.16732   70  715    0.17736    0.16482  7.07%   259 1740s
 30081 14437     cutoff   72         0.17736    0.16482  7.07%   259 1745s
 30205 14484    0.17317   76  316    0.17736    0.16482  7.07%   259 1750s
 30310 14531    0.16974   81  233    0.17736    0.16482  7.07%   259 1755s
 30370 14549     cutoff   74         0.17736    0.16482  7.07%   259 1760s
 30455 14577    0.16867   75  181    0.17736    0.16482  7.07%   259 1765s
 30558 14606    0.16949   66  454    0.17736    0.16482  7.07%   259 1770s
 30627 14624    0.16503   66  296    0.17736    0.16482  7.07%   259 1775s
 30755 14710    0.16652   66  138    0.17736    0.16482  7.07%   259 1780s
 30865 14786    0.16767   68  282    0.17736    0.16482  7.07%   259 1785s
 30969 14856    0.16482   61  227    0.17736    0.16482  7.07%   259 1790s
 31030 14895    0.17271   64  243    0.17736    0.16482  7.07%   259 1795s

Cutting planes:
  Learned: 36
  Gomory: 59
  Cover: 42
  Implied bound: 151
  Projected implied bound: 45
  Clique: 88
  MIR: 538
  Mixing: 3
  StrongCG: 106
  Flow cover: 948
  GUB cover: 1
  Inf proof: 5
  Zero half: 23
  RLT: 5
  Relax-and-lift: 237
  BQP: 9

Explored 31063 nodes (8088219 simplex iterations) in 1796.69 seconds (3186.07 work units)
Thread count was 1 (of 20 available processors)

Solution count 10: 0.177364 0.177413 0.177417 ... 0.188713

Time limit reached
Best objective 1.773643614431e-01, best bound 1.648215195848e-01, gap 7.0718%

User-callback calls 440233, time in user-callback 0.69 sec
