
Gurobi 13.0.2 (win64) logging started Sat Aug  8 14:50:45 2026

Set parameter LogFile to value "E:\codes\ExactEBRP\results\gf_c6_documentation_hga_round34\runs\v10__round33_v10_high_imbalance_M2_Q30_seed1244253498__c6_hga_light__3600s\external\native_logs\L2.1_terminal_mip.gurobi.log"
Gurobi Optimizer version 13.0.2 build v13.0.2rc1 (win64 - Windows 10.0 (19045.2))

CPU model: 12th Gen Intel(R) Core(TM) i7-12700KF, instruction set [SSE2|AVX|AVX2]
Thread count: 12 physical cores, 20 logical processors, using up to 1 threads

Non-default parameters:
TimeLimit  3581.4464653
MIPGap  0
MIPGapAbs  0
LogToConsole  0
Threads  1

Optimize a model with 4269 rows, 761 columns and 30648 nonzeros (Min)
Model fingerprint: 0x1e91dbe5
Model has 11 linear objective coefficients
Variable types: 375 continuous, 386 integer (316 binary)
Coefficient statistics:
  Matrix range     [1e-02, 1e+05]
  Objective range  [1e-02, 1e+00]
  Bounds range     [6e-01, 8e+02]
  RHS range        [6e-01, 1e+06]

Presolved: 3021 rows, 633 columns, 38091 nonzeros

Continuing optimization...

     0     0    2.32607    0  144          -    2.32607      -     -    0s
     0     0    2.32607    0  136          -    2.32607      -     -    0s
     0     0    2.32743    0  124          -    2.32743      -     -    0s
     0     0    2.33207    0  149          -    2.33207      -     -    0s
     0     0    2.33330    0  146          -    2.33330      -     -    0s
     0     0    2.33330    0  146          -    2.33330      -     -    0s
     0     0    2.33528    0  154          -    2.33528      -     -    0s
     0     0    2.33657    0  155          -    2.33657      -     -    0s
     0     0    2.33657    0  159          -    2.33657      -     -    1s
     0     0    2.33673    0  157          -    2.33673      -     -    1s
     0     0    2.33708    0  148          -    2.33708      -     -    1s
     0     0    2.33746    0  146          -    2.33746      -     -    1s
     0     0    2.33843    0  157          -    2.33843      -     -    1s
     0     0    2.33847    0  157          -    2.33847      -     -    1s
     0     0    2.33898    0  158          -    2.33898      -     -    1s
     0     0    2.33900    0  164          -    2.33900      -     -    1s
     0     0    2.33941    0  161          -    2.33941      -     -    1s
     0     0    2.33942    0  160          -    2.33942      -     -    1s
     0     0    2.33958    0  159          -    2.33958      -     -    1s
     0     0    2.33961    0  167          -    2.33961      -     -    1s
     0     0    2.33964    0  162          -    2.33964      -     -    1s
     0     0    2.33971    0  158          -    2.33971      -     -    1s
     0     0    2.33973    0  157          -    2.33973      -     -    2s
     0     0    2.33982    0  160          -    2.33982      -     -    2s
     0     0    2.33982    0  172          -    2.33982      -     -    2s
     0     0    2.33982    0  179          -    2.33982      -     -    2s
     0     0    2.33982    0  163          -    2.33982      -     -    2s
     0     0    2.33982    0  163          -    2.33982      -     -    2s
     0     0    2.33982    0  161          -    2.33982      -     -    2s
     0     2    2.33982    0  160          -    2.33982      -     -    2s
     1     3    2.34320    1  135          -    2.34163      -   295    2s
*   62     9              14       2.3656372    2.36030  0.23%  74.5    3s

Cutting planes:
  Learned: 7
  Cover: 29
  Implied bound: 51
  Clique: 3
  MIR: 51
  StrongCG: 1
  Flow cover: 21
  GUB cover: 1
  Network: 3
  RLT: 12
  Relax-and-lift: 33
  BQP: 1

Explored 84 nodes (9098 simplex iterations) in 3.33 seconds (4.57 work units)
Most recent optimization runtime was 2.92 seconds (4.00 work units)
Thread count was 1 (of 20 available processors)

Solution count 1: 2.36564 

Optimal solution found (tolerance 0.00e+00)
Best objective 2.365637245710e+00, best bound 2.365637245710e+00, gap 0.0000%

User-callback calls 1493, time in user-callback 0.00 sec
