
Gurobi 13.0.2 (win64) logging started Fri Aug  7 21:19:12 2026

Set parameter LogFile to value "E:\codes\ExactEBRP\results\gf_v10_convergence_round33\runs\stage1__round33_v10_moderate_M2_Q30_seed763364383__c6_frozen__3600s\external\native_logs\L2_lp.gurobi.log"
Gurobi Optimizer version 13.0.2 build v13.0.2rc1 (win64 - Windows 10.0 (19045.2))

CPU model: 12th Gen Intel(R) Core(TM) i7-12700KF, instruction set [SSE2|AVX|AVX2]
Thread count: 12 physical cores, 20 logical processors, using up to 1 threads

Non-default parameters:
TimeLimit  3580.904483
MIPGap  0
MIPGapAbs  0
LogToConsole  0
Threads  1

Optimize a model with 4270 rows, 761 columns and 30630 nonzeros (Min)
Model fingerprint: 0x0203e10c
Model has 11 linear objective coefficients
Coefficient statistics:
  Matrix range     [9e-03, 1e+05]
  Objective range  [9e-03, 1e+00]
  Bounds range     [7e-02, 5e+01]
  RHS range        [7e-02, 1e+06]

Presolve removed 181 rows and 44 columns
Presolve time: 0.01s
Presolved: 4089 rows, 719 columns, 30144 nonzeros

Iteration    Objective       Primal Inf.    Dual Inf.      Time
       0    6.8090551e-02   2.206250e+02   0.000000e+00      0s

Extra simplex iterations after uncrush: 40
     686    8.9009945e-02   0.000000e+00   0.000000e+00      0s

Solved in 686 iterations and 0.04 seconds (0.11 work units)
Optimal objective  8.900994480e-02

User-callback calls 836, time in user-callback 0.00 sec
