
Gurobi 13.0.2 (win64) logging started Fri Aug  7 21:19:29 2026

Set parameter LogFile to value "E:\codes\ExactEBRP\results\gf_v10_convergence_round33\runs\stage1__round33_v10_moderate_M2_Q30_seed763364383__c6_frozen__3600s\external\native_logs\L2_terminal_mip.gurobi.log"
Gurobi Optimizer version 13.0.2 build v13.0.2rc1 (win64 - Windows 10.0 (19045.2))

CPU model: 12th Gen Intel(R) Core(TM) i7-12700KF, instruction set [SSE2|AVX|AVX2]
Thread count: 12 physical cores, 20 logical processors, using up to 1 threads

Non-default parameters:
TimeLimit  3563.9036138
MIPGap  0
MIPGapAbs  0
LogToConsole  0
Threads  1

Optimize a model with 4270 rows, 761 columns and 30630 nonzeros (Min)
Model fingerprint: 0xe4ea00c2
Model has 11 linear objective coefficients
Variable types: 375 continuous, 386 integer (316 binary)
Coefficient statistics:
  Matrix range     [9e-03, 1e+05]
  Objective range  [9e-03, 1e+00]
  Bounds range     [7e-02, 5e+01]
  RHS range        [7e-02, 1e+06]

Presolved: 3575 rows, 714 columns, 36219 nonzeros

Continuing optimization...

     0     0    0.10582    0   81          -    0.10582      -     -    0s
     0     0    0.11541    0  117          -    0.11541      -     -    0s
     0     0    0.11554    0  136          -    0.11554      -     -    0s
     0     0    0.11691    0  134          -    0.11691      -     -    0s
     0     0    0.11735    0  117          -    0.11735      -     -    0s
     0     0    0.11917    0  143          -    0.11917      -     -    0s
     0     0    0.11941    0  137          -    0.11941      -     -    0s
     0     0    0.12352    0  114          -    0.12352      -     -    0s
     0     0    0.12362    0  118          -    0.12362      -     -    0s
     0     0    0.12994    0  133          -    0.12994      -     -    1s
     0     0    0.13016    0  126          -    0.13016      -     -    1s
     0     0    0.13068    0  145          -    0.13068      -     -    1s
     0     0    0.13075    0  150          -    0.13075      -     -    1s
     0     0    0.13077    0  149          -    0.13077      -     -    1s
     0     0    0.13081    0  132          -    0.13081      -     -    1s
     0     0    0.13082    0  134          -    0.13082      -     -    1s
     0     0    0.13082    0  144          -    0.13082      -     -    1s
     0     0    0.13082    0  136          -    0.13082      -     -    1s
     0     0    0.13082    0  137          -    0.13082      -     -    1s
     0     0    0.13084    0  139          -    0.13084      -     -    1s
     0     0    0.13084    0  134          -    0.13084      -     -    2s
     0     0    0.13084    0  125          -    0.13084      -     -    2s
     0     0    0.13087    0  128          -    0.13087      -     -    2s
     0     0    0.13087    0  128          -    0.13087      -     -    2s
     0     0    0.13087    0  126          -    0.13087      -     -    2s
     0     2    0.13087    0  124          -    0.13087      -     -    2s
     1     3    0.13114    1  129          -    0.13087      -   267    2s

Cutting planes:
  Learned: 8
  Cover: 22
  Implied bound: 51
  Clique: 5
  MIR: 111
  StrongCG: 5
  Flow cover: 26
  GUB cover: 1
  Zero half: 1
  Network: 6
  RLT: 3
  Relax-and-lift: 6
  BQP: 1

Explored 421 nodes (28884 simplex iterations) in 4.51 seconds (7.22 work units)
Most recent optimization runtime was 4.35 seconds (6.90 work units)
Thread count was 1 (of 20 available processors)

Solution count 0

Model is infeasible
Best objective -, best bound -, gap -

User-callback calls 2819, time in user-callback 0.00 sec
