
Gurobi 13.0.2 (win64) logging started Fri Aug  7 22:16:54 2026

Set parameter LogFile to value "E:\codes\ExactEBRP\results\gf_v10_convergence_round33\runs\stage3__round33_v10_high_imbalance_M1_Q20_seed2098545008__c6_frozen__repeat1__3600s\native.log"
Set parameter Threads to value 1
Set parameter Presolve to value -1
Set parameter Seed to value 0
Set parameter MIPGap to value 0
Set parameter MIPGapAbs to value 0
Warning: unknown variable 'r_max' in bounds section (line 2908)
Warning: unknown variable 'r_min' in bounds section (line 2909)
Read LP format model from file E:\codes\ExactEBRP\results\gf_v10_convergence_round33\runs\stage3__round33_v10_high_imbalance_M1_Q20_seed2098545008__c6_frozen__repeat1__3600s\external\models\L0.lp
Reading time = 0.01 seconds
obj: 2552 rows, 483 columns, 16924 nonzeros
Set parameter TimeLimit to value 3581.5485735
Warning: unknown variable 'r_max' in bounds section (line 2908)
Warning: unknown variable 'r_min' in bounds section (line 2909)
Read LP format model from file E:\codes\ExactEBRP\results\gf_v10_convergence_round33\runs\stage3__round33_v10_high_imbalance_M1_Q20_seed2098545008__c6_frozen__repeat1__3600s\external\models\L1.lp
Reading time = 0.01 seconds
obj: 2552 rows, 483 columns, 17048 nonzeros
Set parameter TimeLimit to value 3581.504089
Warning: unknown variable 'r_max' in bounds section (line 2908)
Warning: unknown variable 'r_min' in bounds section (line 2909)
Read LP format model from file E:\codes\ExactEBRP\results\gf_v10_convergence_round33\runs\stage3__round33_v10_high_imbalance_M1_Q20_seed2098545008__c6_frozen__repeat1__3600s\external\models\L2.lp
Reading time = 0.01 seconds
obj: 2552 rows, 483 columns, 17048 nonzeros
Set parameter TimeLimit to value 3581.4509645
Warning: unknown variable 'r_max' in bounds section (line 2908)
Warning: unknown variable 'r_min' in bounds section (line 2909)
Read LP format model from file E:\codes\ExactEBRP\results\gf_v10_convergence_round33\runs\stage3__round33_v10_high_imbalance_M1_Q20_seed2098545008__c6_frozen__repeat1__3600s\external\models\L3.lp
Reading time = 0.01 seconds
obj: 2552 rows, 483 columns, 16958 nonzeros
Set parameter TimeLimit to value 3581.3894853
Warning: unknown variable 'r_max' in bounds section (line 2908)
Warning: unknown variable 'r_min' in bounds section (line 2909)
Read LP format model from file E:\codes\ExactEBRP\results\gf_v10_convergence_round33\runs\stage3__round33_v10_high_imbalance_M1_Q20_seed2098545008__c6_frozen__repeat1__3600s\external\models\L2.0.lp
Reading time = 0.00 seconds
obj: 2552 rows, 483 columns, 17048 nonzeros
Set parameter TimeLimit to value 3581.1806486
Warning: unknown variable 'r_max' in bounds section (line 2908)
Warning: unknown variable 'r_min' in bounds section (line 2909)
Read LP format model from file E:\codes\ExactEBRP\results\gf_v10_convergence_round33\runs\stage3__round33_v10_high_imbalance_M1_Q20_seed2098545008__c6_frozen__repeat1__3600s\external\models\L2.1.lp
Reading time = 0.01 seconds
obj: 2552 rows, 483 columns, 17048 nonzeros
Set parameter TimeLimit to value 3581.1223485
Warning: unknown variable 'r_max' in bounds section (line 2908)
Warning: unknown variable 'r_min' in bounds section (line 2909)
Read LP format model from file E:\codes\ExactEBRP\results\gf_v10_convergence_round33\runs\stage3__round33_v10_high_imbalance_M1_Q20_seed2098545008__c6_frozen__repeat1__3600s\external\models\L2.1.0.lp
Reading time = 0.01 seconds
obj: 2552 rows, 483 columns, 17048 nonzeros
Set parameter TimeLimit to value 3581.0631055
Warning: unknown variable 'r_max' in bounds section (line 2908)
Warning: unknown variable 'r_min' in bounds section (line 2909)
Read LP format model from file E:\codes\ExactEBRP\results\gf_v10_convergence_round33\runs\stage3__round33_v10_high_imbalance_M1_Q20_seed2098545008__c6_frozen__repeat1__3600s\external\models\L2.1.1.lp
Reading time = 0.01 seconds
obj: 2552 rows, 483 columns, 17048 nonzeros
Set parameter TimeLimit to value 3580.997948
