
Gurobi 13.0.2 (win64) logging started Mon Aug 24 17:29:21 2026

Set parameter LogFile to value "E:\codes\ExactEBRP\results\gf_k1_amf_formulation_rescue_round48\runs\stage3_300s__round39_small_medium_V12_M3_Q30_slot08_seed1343324363__K1-AMF\native.log"
Set parameter Threads to value 1
Set parameter Presolve to value -1
Set parameter Seed to value 0
Set parameter MIPGap to value 0
Set parameter MIPGapAbs to value 0
Warning: unknown variable 'r_max' in bounds section (line 17323)
Warning: unknown variable 'r_min' in bounds section (line 17324)
Read LP format model from file E:\codes\ExactEBRP\results\gf_k1_amf_formulation_rescue_round48\runs\stage3_300s__round39_small_medium_V12_M3_Q30_slot08_seed1343324363__K1-AMF\external\models\L0.lp
Reading time = 0.04 seconds
obj: 16430 rows, 1406 columns, 167542 nonzeros
Set parameter TimeLimit to value 277.7044159
Warning: unknown variable 'r_max' in bounds section (line 17323)
Warning: unknown variable 'r_min' in bounds section (line 17324)
Read LP format model from file E:\codes\ExactEBRP\results\gf_k1_amf_formulation_rescue_round48\runs\stage3_300s__round39_small_medium_V12_M3_Q30_slot08_seed1343324363__K1-AMF\external\models\L0.0.lp
Reading time = 0.04 seconds
obj: 16430 rows, 1406 columns, 167542 nonzeros
Set parameter TimeLimit to value 277.3229277
Warning: unknown variable 'r_max' in bounds section (line 17327)
Warning: unknown variable 'r_min' in bounds section (line 17328)
Read LP format model from file E:\codes\ExactEBRP\results\gf_k1_amf_formulation_rescue_round48\runs\stage3_300s__round39_small_medium_V12_M3_Q30_slot08_seed1343324363__K1-AMF\external\models\L0.1.lp
Reading time = 0.04 seconds
obj: 16434 rows, 1406 columns, 167714 nonzeros
Set parameter TimeLimit to value 276.9446096
