
Gurobi 13.0.2 (win64) logging started Sun Aug  9 22:14:21 2026

Set parameter LogFile to value "E:\codes\ExactEBRP\results\gf_simple_start_qualification_round35\runs\matrix1800__round32_multi_m_high_imbalance_V50_M2_seed910922492__c6_simple_start__1800s\native.log"
Set parameter Threads to value 1
Set parameter Presolve to value -1
Set parameter Seed to value 0
Set parameter MIPGap to value 0
Set parameter MIPGapAbs to value 0
Warning: unknown variable 'r_max' in bounds section (line 81525)
Warning: unknown variable 'r_min' in bounds section (line 81526)
Read LP format model from file E:\codes\ExactEBRP\results\gf_simple_start_qualification_round35\runs\matrix1800__round32_multi_m_high_imbalance_V50_M2_seed910922492__c6_simple_start__1800s\external\models\L0.lp
Reading time = 0.17 seconds
obj: 73989 rows, 12783 columns, 563111 nonzeros
Set parameter TimeLimit to value 1784.0258667
Warning: unknown variable 'r_max' in bounds section (line 81525)
Warning: unknown variable 'r_min' in bounds section (line 81526)
Read LP format model from file E:\codes\ExactEBRP\results\gf_simple_start_qualification_round35\runs\matrix1800__round32_multi_m_high_imbalance_V50_M2_seed910922492__c6_simple_start__1800s\external\models\L1.lp
Reading time = 0.18 seconds
obj: 73989 rows, 12783 columns, 563715 nonzeros
Set parameter TimeLimit to value 1775.1745133
Warning: unknown variable 'r_max' in bounds section (line 81525)
Warning: unknown variable 'r_min' in bounds section (line 81526)
Read LP format model from file E:\codes\ExactEBRP\results\gf_simple_start_qualification_round35\runs\matrix1800__round32_multi_m_high_imbalance_V50_M2_seed910922492__c6_simple_start__1800s\external\models\L2.lp
Reading time = 0.18 seconds
obj: 73989 rows, 12783 columns, 563715 nonzeros
Set parameter TimeLimit to value 1769.1511115
Warning: unknown variable 'r_max' in bounds section (line 81525)
Warning: unknown variable 'r_min' in bounds section (line 81526)
Read LP format model from file E:\codes\ExactEBRP\results\gf_simple_start_qualification_round35\runs\matrix1800__round32_multi_m_high_imbalance_V50_M2_seed910922492__c6_simple_start__1800s\external\models\L3.lp
Reading time = 0.16 seconds
obj: 73989 rows, 12783 columns, 561265 nonzeros
Set parameter TimeLimit to value 1766.8125094
Warning: unknown variable 'r_max' in bounds section (line 81525)
Warning: unknown variable 'r_min' in bounds section (line 81526)
Read LP format model from file E:\codes\ExactEBRP\results\gf_simple_start_qualification_round35\runs\matrix1800__round32_multi_m_high_imbalance_V50_M2_seed910922492__c6_simple_start__1800s\external\models\L2.0.lp
Reading time = 0.19 seconds
obj: 73989 rows, 12783 columns, 563715 nonzeros
Set parameter TimeLimit to value 1749.5201547
Warning: unknown variable 'r_max' in bounds section (line 81525)
Warning: unknown variable 'r_min' in bounds section (line 81526)
Read LP format model from file E:\codes\ExactEBRP\results\gf_simple_start_qualification_round35\runs\matrix1800__round32_multi_m_high_imbalance_V50_M2_seed910922492__c6_simple_start__1800s\external\models\L2.1.lp
Reading time = 0.17 seconds
obj: 73989 rows, 12783 columns, 563715 nonzeros
Set parameter TimeLimit to value 1746.9727168
Warning: unknown variable 'r_max' in bounds section (line 81525)
Warning: unknown variable 'r_min' in bounds section (line 81526)
Read LP format model from file E:\codes\ExactEBRP\results\gf_simple_start_qualification_round35\runs\matrix1800__round32_multi_m_high_imbalance_V50_M2_seed910922492__c6_simple_start__1800s\external\models\L3.0.lp
Reading time = 0.18 seconds
obj: 73989 rows, 12783 columns, 563715 nonzeros
Set parameter TimeLimit to value 1459.6195686
Warning: unknown variable 'r_max' in bounds section (line 81525)
Warning: unknown variable 'r_min' in bounds section (line 81526)
Read LP format model from file E:\codes\ExactEBRP\results\gf_simple_start_qualification_round35\runs\matrix1800__round32_multi_m_high_imbalance_V50_M2_seed910922492__c6_simple_start__1800s\external\models\L3.1.lp
Reading time = 0.16 seconds
obj: 73989 rows, 12783 columns, 561265 nonzeros
Set parameter TimeLimit to value 1457.3777172
