
Gurobi 13.0.2 (win64) logging started Mon Aug 24 17:50:40 2026

Set parameter LogFile to value "E:\codes\ExactEBRP\results\gf_k1_amf_formulation_rescue_round48\runs\stage3_300s__tight_T_seed3102__K1-AMF\external\native_logs\L0.0_terminal_mip.gurobi.log"
Gurobi Optimizer version 13.0.2 build v13.0.2rc1 (win64 - Windows 10.0 (19045.2))

CPU model: 12th Gen Intel(R) Core(TM) i7-12700KF, instruction set [SSE2|AVX|AVX2]
Thread count: 12 physical cores, 20 logical processors, using up to 1 threads

Non-default parameters:
TimeLimit  250.873531
MIPGap  0
MIPGapAbs  0
LogToConsole  0
Threads  1

Optimize a model with 11903 rows, 3374 columns and 67107 nonzeros (Min)
Model fingerprint: 0xa8adce8c
Model has 21 linear objective coefficients
Variable types: 1684 continuous, 1690 integer (1490 binary)
Coefficient statistics:
  Matrix range     [7e-03, 2e+04]
  Objective range  [7e-03, 1e+00]
  Bounds range     [3e-01, 6e+02]
  RHS range        [3e-01, 5e+04]

Presolved: 10198 rows, 3133 columns, 67794 nonzeros

Continuing optimization...

     0     0    0.44329    0  232          -    0.44329      -     -    0s
     0     0    0.46193    0  250          -    0.46193      -     -    0s
     0     0    0.49871    0  324          -    0.49871      -     -    1s
     0     0    0.50098    0  280          -    0.50098      -     -    2s
     0     0    0.50425    0  270          -    0.50425      -     -    2s
     0     0    0.50503    0  312          -    0.50503      -     -    3s
     0     0    0.50919    0  316          -    0.50919      -     -    4s
     0     0    0.50994    0  334          -    0.50994      -     -    4s
     0     0    0.51192    0  330          -    0.51192      -     -    5s
     0     0    0.51231    0  355          -    0.51231      -     -    5s
     0     0    0.51433    0  375          -    0.51433      -     -    6s
     0     0    0.51475    0  378          -    0.51475      -     -    7s
     0     0    0.51584    0  367          -    0.51584      -     -    7s
     0     0    0.51609    0  357          -    0.51609      -     -    8s
     0     0    0.51713    0  376          -    0.51713      -     -    9s
     0     0    0.51737    0  376          -    0.51737      -     -    9s
     0     0    0.51755    0  383          -    0.51755      -     -   10s
     0     0    0.51776    0  361          -    0.51776      -     -   10s
     0     0    0.51796    0  376          -    0.51796      -     -   11s
     0     0    0.51805    0  355          -    0.51805      -     -   11s
     0     0    0.51819    0  380          -    0.51819      -     -   12s
     0     0    0.51825    0  354          -    0.51825      -     -   12s
     0     0    0.51840    0  354          -    0.51840      -     -   13s
     0     0    0.51844    0  385          -    0.51844      -     -   13s
     0     0    0.51858    0  390          -    0.51858      -     -   14s
     0     0    0.51867    0  402          -    0.51867      -     -   15s
     0     0    0.51871    0  382          -    0.51871      -     -   16s
     0     0    0.51872    0  377          -    0.51872      -     -   16s
     0     0    0.51873    0  363          -    0.51873      -     -   17s
     0     0    0.51873    0  343          -    0.51873      -     -   17s
     0     0    0.51875    0  354          -    0.51875      -     -   17s
     0     0    0.51875    0  352          -    0.51875      -     -   17s
     0     0    0.51875    0  342          -    0.51875      -     -   17s
     0     2    0.51875    0  341          -    0.51875      -     -   19s
     1     3    0.52047    1  323          -    0.51875      -  2441   19s
     3     5    0.52165    3  296          -    0.51875      -  2252   20s
    14    16    0.53939   10  284          -    0.51875      -  1892   25s
    55    57    0.54396   45  239          -    0.51875      -  1044   30s
    96    98    0.54771   83  221          -    0.51875      -   686   35s
   217   218    0.56561  196  204          -    0.51875      -   404   40s
   330   323    0.53372    1  336          -    0.52047      -   300   45s
   342   335    0.55933   10  228          -    0.52047      -   401   50s
   440   431    0.59804   98  224          -    0.52047      -   407   55s
   490   471    0.55298    8  257          -    0.52174      -   421   60s
   527   505    0.56735   29  261          -    0.52174      -   437   65s
   531   508    0.54399   35  357          -    0.52174      -   434   70s
   534   510    0.56255   22  376          -    0.52176      -   431   75s
   538   513    0.58257  281  374          -    0.52269      -   428   81s
   541   515    0.54759   67  388          -    0.52291      -   426   86s
   544   517    0.58161   81  388          -    0.52430      -   423   91s
   547   519    0.56145  170  370          -    0.52465      -   421   95s
   550   521    0.54229   26  344          -    0.52522      -   419  100s
   554   523    0.56543   32  368          -    0.52575      -   416  106s
   557   525    0.56048  143  365          -    0.52586      -   414  110s
   560   527    0.57552   35  379          -    0.52612      -   411  115s
   564   530    0.58299   86  378          -    0.52775      -   408  121s
   567   532    0.58203  278  386          -    0.52791      -   406  126s
   570   534    0.58316  271  401          -    0.52813      -   404  130s
   572   535    0.54396   44  399          -    0.52814      -   403  135s
   575   539    0.53209   16  326          -    0.53159      -   670  140s
   577   541    0.53441   17  336          -    0.53209      -   695  145s
   582   544    0.55455   19  328          -    0.53690      -   732  150s
   586   547    0.54468   21  283          -    0.53690      -   752  155s
   591   550    0.54593   24  236          -    0.53690      -   761  160s
   596   553    0.54843   26  214          -    0.53690      -   770  166s
   598   555    0.54636   27  253          -    0.53690      -   775  170s
   603   556    0.54814   30  243          -    0.53690      -   795  175s
   609   560    0.55036   33  181          -    0.53690      -   808  182s
   630   574    0.56808   43  195          -    0.53690      -   803  185s
   649   583    0.56659   53  186          -    0.53690      -   801  190s
   671   583    0.57655   64  172          -    0.53690      -   800  195s
   699   580    0.56061   18  336          -    0.53691      -   828  200s
   709   587    0.59389   23  281          -    0.53691      -   872  205s
   721   593    0.57312   29  250          -    0.53691      -   885  210s
   753   600    0.60005   45  209          -    0.53691      -   883  215s
   772   599    0.54296   18  329          -    0.54138      -   905  220s
   783   606    0.55044   24  268          -    0.54162      -   942  225s
   790   611    0.55211   27  227          -    0.54162      -   954  230s
   804   620    0.56298   34  208          -    0.54162      -   972  235s
   819   628    0.57921   42  245          -    0.54162      -  1000  240s
   829   631    0.59565   46  204          -    0.54162      -  1008  245s
   847   629    0.55074   23  266          -    0.54162      -  1028  251s

Cutting planes:
  Learned: 9
  Gomory: 1
  Cover: 46
  Implied bound: 87
  Projected implied bound: 2
  Clique: 12
  MIR: 139
  StrongCG: 2
  Flow cover: 225
  GUB cover: 9
  Zero half: 6
  Network: 20
  RLT: 17
  Relax-and-lift: 53
  BQP: 6

Explored 848 nodes (945281 simplex iterations) in 251.39 seconds (531.61 work units)
Most recent optimization runtime was 250.88 seconds (530.43 work units)
Thread count was 1 (of 20 available processors)

Solution count 0

Time limit reached
Best objective -, best bound 5.416172848296e-01, gap -

User-callback calls 58228, time in user-callback 0.01 sec
