
Gurobi 13.0.2 (win64) logging started Mon Aug 24 17:50:38 2026

Set parameter LogFile to value "E:\codes\ExactEBRP\results\gf_k1_amf_formulation_rescue_round48\runs\stage3_300s__tight_T_seed3102__K1-AMF\external\native_logs\L0.1_lp.gurobi.log"
Gurobi Optimizer version 13.0.2 build v13.0.2rc1 (win64 - Windows 10.0 (19045.2))

CPU model: 12th Gen Intel(R) Core(TM) i7-12700KF, instruction set [SSE2|AVX|AVX2]
Thread count: 12 physical cores, 20 logical processors, using up to 1 threads

Non-default parameters:
TimeLimit  2.5237727239999998e+02
MIPGap  0
MIPGapAbs  0
LogToConsole  0
Threads  1

Optimize a model with 11903 rows, 3374 columns and 67347 nonzeros (Min)
Model fingerprint: 0x6296aaf1
Model has 21 linear objective coefficients
Coefficient statistics:
  Matrix range     [7e-03, 2e+04]
  Objective range  [7e-03, 1e+00]
  Bounds range     [3e-01, 3e+02]
  RHS range        [3e-01, 5e+04]

Presolve removed 1354 rows and 108 columns
Presolve time: 0.04s
Presolved: 10549 rows, 3267 columns, 53274 nonzeros

Iteration    Objective       Primal Inf.    Dual Inf.      Time
       0    6.0035222e-01   2.152775e+02   0.000000e+00      0s

Solved in 260 iterations and 0.04 seconds (0.11 work units)
Infeasible model

User-callback calls 403, time in user-callback 0.00 sec
