
Gurobi 13.0.2 (win64) logging started Mon Aug 10 05:53:52 2026

Set parameter LogFile to value "E:\codes\ExactEBRP\results\gf_simple_start_qualification_round35\runs\v50_3600__round32_multi_m_high_imbalance_V50_M4_seed163456187__c6_simple_start__3600s\external\native_logs\L2_c6_1_next_leaf_target_mip.gurobi.log"
Gurobi Optimizer version 13.0.2 build v13.0.2rc1 (win64 - Windows 10.0 (19045.2))

CPU model: 12th Gen Intel(R) Core(TM) i7-12700KF, instruction set [SSE2|AVX|AVX2]
Thread count: 12 physical cores, 20 logical processors, using up to 1 threads

Non-default parameters:
TimeLimit  3557.9999331
MIPGap  0
MIPGapAbs  0
LogToConsole  0
Threads  1

Optimize a model with 103651 rows, 23583 columns and 720119 nonzeros (Min)
Model fingerprint: 0xe6a0ac5f
Model has 51 linear objective coefficients
Variable types: 12056 continuous, 11527 integer (10877 binary)
Coefficient statistics:
  Matrix range     [1e-02, 2e+04]
  Objective range  [1e-02, 1e+00]
  Bounds range     [5e-01, 3e+04]
  RHS range        [5e-01, 1e+05]

Presolve removed 15055 rows and 209 columns
Presolve time: 2.11s
Presolved: 88596 rows, 23374 columns, 613094 nonzeros
Variable types: 11956 continuous, 11418 integer (10828 binary)
Root relaxation presolved: 23230 rows, 111631 columns, 635942 nonzeros


Root simplex log...

Iteration    Objective       Primal Inf.    Dual Inf.      Time
    7161    6.4482807e+32   4.095649e+34   6.448281e+02      5s
   16291    6.7445849e+00   1.075817e+02   0.000000e+00     10s
   17367    6.7242900e+00   0.000000e+00   0.000000e+00     11s
   17367    6.7242900e+00   0.000000e+00   0.000000e+00     11s
   17493    6.7242901e+00   0.000000e+00   0.000000e+00     11s

Extra simplex iterations from dual to original model: 126

Root relaxation: objective 6.724290e+00, 17493 iterations, 8.39 seconds (24.84 work units)

    Nodes    |    Current Node    |     Objective Bounds      |     Work
 Expl Unexpl |  Obj  Depth IntInf | Incumbent    BestBd   Gap | It/Node Time

     0     0    6.72429    0  497          -    6.72429      -     -   11s
     0     0    6.75807    0  453          -    6.75807      -     -   15s
     0     0    6.86942    0  513          -    6.86942      -     -   16s
     0     0    6.87410    0  495          -    6.87410      -     -   18s
     0     0    6.91028    0  478          -    6.91028      -     -   23s

Cutting planes:
  Learned: 13
  Gomory: 1
  Cover: 83
  Implied bound: 267
  Clique: 21
  MIR: 884
  StrongCG: 25
  Flow cover: 383
  GUB cover: 13
  Zero half: 20
  Network: 26
  RLT: 22
  Relax-and-lift: 259
  BQP: 2
  PSD: 3

Explored 1 nodes (25175 simplex iterations) in 23.08 seconds (58.75 work units)
Thread count was 1 (of 20 available processors)

Solution count 0

Solve interrupted
Best objective -, best bound 6.910282154142e+00, gap -

User-callback calls 2591, time in user-callback 0.00 sec
