
Gurobi 13.0.2 (win64) logging started Mon Aug 10 05:54:38 2026

Set parameter LogFile to value "E:\codes\ExactEBRP\results\gf_simple_start_qualification_round35\runs\v50_3600__round32_multi_m_high_imbalance_V50_M4_seed163456187__c6_simple_start__3600s\external\native_logs\L2_terminal_mip.gurobi.log"
Gurobi Optimizer version 13.0.2 build v13.0.2rc1 (win64 - Windows 10.0 (19045.2))

CPU model: 12th Gen Intel(R) Core(TM) i7-12700KF, instruction set [SSE2|AVX|AVX2]
Thread count: 12 physical cores, 20 logical processors, using up to 1 threads

Non-default parameters:
TimeLimit  3512.0238907
MIPGap  0
MIPGapAbs  0
LogToConsole  0
Threads  1

Optimize a model with 103651 rows, 23583 columns and 720119 nonzeros (Min)
Model fingerprint: 0xe6a0ac5f
Model has 51 linear objective coefficients
Variable types: 12056 continuous, 11527 integer (10877 binary)
Coefficient statistics:
  Matrix range     [1e-02, 2e+04]
  Objective range  [1e-02, 1e+00]
  Bounds range     [5e-01, 3e+04]
  RHS range        [5e-01, 1e+05]

Presolved: 88596 rows, 23374 columns, 613094 nonzeros

Continuing optimization...

     0     0    6.91028    0  550          -    6.91028      -     -   33s
     0     0    6.91028    0  541          -    6.91028      -     -   33s
     0     0    6.92083    0  560          -    6.92083      -     -   35s
     0     0    6.94417    0  596          -    6.94417      -     -   40s
     0     0    6.95329    0  532          -    6.95329      -     -   43s
     0     0    6.96332    0  545          -    6.96332      -     -   46s
     0     0    6.96797    0  504          -    6.96797      -     -   47s
     0     0    6.98026    0  557          -    6.98026      -     -   51s
     0     0    6.98174    0  571          -    6.98174      -     -   53s
     0     0    6.98798    0  602          -    6.98798      -     -   56s
     0     0    6.98988    0  571          -    6.98988      -     -   59s
     0     0    6.99421    0  540          -    6.99421      -     -   62s
     0     0    6.99755    0  567          -    6.99755      -     -   64s
     0     0    7.00008    0  574          -    7.00008      -     -   67s
     0     0    7.00045    0  628          -    7.00045      -     -   69s
     0     0    7.00394    0  582          -    7.00394      -     -   72s
     0     0    7.00916    0  510          -    7.00916      -     -   74s
     0     0    7.01164    0  570          -    7.01164      -     -   77s
     0     0    7.01318    0  626          -    7.01318      -     -   79s
     0     0    7.01487    0  527          -    7.01487      -     -   82s
     0     0    7.01545    0  595          -    7.01545      -     -   85s
     0     0    7.01671    0  631          -    7.01671      -     -   89s
H    0     0                       7.2852158    7.01671  3.69%     -  100s
H    0     0                       7.2835350    7.01671  3.66%     -  100s
     0     0    7.01695    0  660    7.28354    7.01695  3.66%     -  107s
     0     0    7.01840    0  631    7.28354    7.01840  3.64%     -  111s
     0     0    7.01870    0  647    7.28354    7.01870  3.64%     -  114s
     0     0    7.01949    0  640    7.28354    7.01949  3.63%     -  117s
     0     0    7.01981    0  678    7.28354    7.01981  3.62%     -  120s
     0     0    7.02133    0  680    7.28354    7.02133  3.60%     -  124s
     0     0    7.02161    0  689    7.28354    7.02161  3.60%     -  126s
     0     0    7.02277    0  755    7.28354    7.02277  3.58%     -  130s
     0     0    7.02284    0  711    7.28354    7.02284  3.58%     -  131s
     0     0    7.02491    0  717    7.28354    7.02491  3.55%     -  134s
H    0     0                       7.2832678    7.02491  3.55%     -  135s
H    0     0                       7.2668664    7.02491  3.33%     -  135s
H    0     0                       7.2652253    7.02491  3.31%     -  135s
H    0     0                       7.2649266    7.02491  3.30%     -  135s
     0     0    7.02501    0  733    7.26493    7.02501  3.30%     -  138s
     0     0    7.02635    0  680    7.26493    7.02635  3.28%     -  140s
     0     0    7.02646    0  706    7.26493    7.02646  3.28%     -  142s
     0     0    7.02794    0  711    7.26493    7.02794  3.26%     -  147s
H    0     0                       7.2645292    7.02794  3.26%     -  147s
     0     0    7.02813    0  736    7.26453    7.02813  3.25%     -  148s
     0     0    7.02991    0  710    7.26453    7.02991  3.23%     -  152s
     0     0    7.03025    0  719    7.26453    7.03025  3.22%     -  156s
     0     0    7.03102    0  779    7.26453    7.03102  3.21%     -  161s
H    0     0                       7.2644401    7.03102  3.21%     -  162s
H    0     0                       7.2644106    7.03102  3.21%     -  162s
     0     0    7.03113    0  792    7.26441    7.03113  3.21%     -  163s
     0     0    7.03184    0  700    7.26441    7.03184  3.20%     -  166s
     0     0    7.03219    0  730    7.26441    7.03219  3.20%     -  168s
     0     0    7.03300    0  708    7.26441    7.03300  3.19%     -  171s
H    0     0                       7.2641302    7.03300  3.18%     -  171s
H    0     0                       7.2615718    7.03300  3.15%     -  171s
H    0     0                       7.2614782    7.03300  3.15%     -  171s
H    0     0                       7.2611549    7.03300  3.14%     -  171s
     0     0    7.03305    0  710    7.26115    7.03305  3.14%     -  172s
     0     0    7.03329    0  711    7.26115    7.03329  3.14%     -  176s
     0     0    7.03331    0  743    7.26115    7.03331  3.14%     -  177s
     0     0    7.03355    0  727    7.26115    7.03355  3.13%     -  182s
     0     0    7.05425    0  578    7.26115    7.05425  2.85%     -  190s
     0     0    7.05425    0  578    7.26115    7.05425  2.85%     -  190s
     0     0    7.05425    0  560    7.26115    7.05425  2.85%     -  190s
     0     2    7.05425    0  556    7.26115    7.05425  2.85%     -  197s
     1     3    7.06232    1  561    7.26115    7.05438  2.85%  4321  200s
H    2     2                       7.2610039    7.05438  2.85%  2161  215s
H    2     2                       7.2609905    7.05438  2.85%  2161  216s
H    2     2                       7.2609885    7.05438  2.85%  2161  217s
H    2     2                       7.2608669    7.05438  2.84%  2161  221s
     2     4    7.11158    1  476    7.26087    7.06232  2.73%  3690  233s
     3     5    7.07891    2  432    7.26087    7.06232  2.73%  3327  235s
     5     7    7.07877    3  438    7.26087    7.06381  2.71%  3153  240s
     8    10    7.09378    4  446    7.26087    7.07892  2.51%  2662  249s
    11    13    7.08608    7  413    7.26087    7.07892  2.51%  2031  253s
    13    15    7.08828    9  426    7.26087    7.07892  2.51%  1875  255s
    15    17    7.08916   11  464    7.26087    7.07892  2.51%  1707  261s
    17    19    7.09012   13  477    7.26087    7.07892  2.51%  1571  266s
    26    25    7.20050   19  434    7.26087    7.07892  2.51%  1298  271s
    41    37    7.18310   29  275    7.26087    7.07892  2.51%   995  275s
   157   151    7.20086  141  241    7.26087    7.07892  2.51%   282  280s
   203   189    7.14114    5  332    7.26087    7.07898  2.50%   252  285s
   212   198    7.16577   12  283    7.26087    7.07898  2.50%   281  290s
   238   214    7.15431    4  382    7.26087    7.07900  2.50%   289  295s
   242   218    7.20893    7  189    7.26087    7.07900  2.50%   320  300s
   254   218    7.09047    4  542    7.26087    7.07922  2.50%   326  309s
   255   219    7.14429    5  363    7.26087    7.07922  2.50%   333  311s
   258   222    7.17095    7  368    7.26087    7.07922  2.50%   350  315s
   266   226 infeasible   14         7.26087    7.07922  2.50%   367  320s
   278   226    7.13060    4  339    7.26087    7.08459  2.43%   380  325s
   289   234    7.19814   14  259    7.26087    7.08459  2.43%   390  330s
   360   294    7.23890   74  173    7.26087    7.08459  2.43%   338  335s
   414   337    7.17639    7  248    7.26087    7.08566  2.41%   312  340s
   418   337    7.23013    8  320    7.26087    7.08566  2.41%   332  345s
   435   342    7.10125    4  441    7.26087    7.08586  2.41%   341  350s
   441   346    7.23635    9  159    7.26087    7.08586  2.41%   353  355s
   453   345    7.19717    8  545    7.26087    7.08586  2.41%   380  361s
   455   345    7.24223    9  203    7.26087    7.08586  2.41%   392  365s
   461   341     cutoff    8         7.26087    7.08586  2.41%   400  370s
   464   342     cutoff    8         7.26087    7.08617  2.41%   415  376s
   466   342    7.16440    8  450    7.26087    7.08617  2.41%   421  384s
   467   343    7.18722    9  555    7.26087    7.08617  2.41%   424  385s
   479   345    7.16500    8  382    7.26087    7.08631  2.40%   439  390s
   484   350    7.18122    9  329    7.26087    7.08631  2.40%   453  396s
   490   352 infeasible   11         7.26087    7.08631  2.40%   470  400s
   497   346    7.16358    8  410    7.26087    7.08684  2.40%   481  405s
   504   351 infeasible   15         7.26087    7.08684  2.40%   488  410s
   513   352    7.25733   13  276    7.26087    7.08828  2.38%   497  415s
   520   350    7.21789   12  362    7.26087    7.08881  2.37%   510  420s
   527   349    7.20427   12  261    7.26087    7.08917  2.36%   517  425s
H  538   345                       7.2603822    7.08917  2.36%   523  433s
H  538   345                       7.2594380    7.08917  2.35%   523  434s
   540   349    7.19501   13  273    7.25944    7.08963  2.34%   528  435s
   552   347    7.10558    5  421    7.25944    7.09378  2.28%   533  441s
   556   351    7.20144    9  338    7.25944    7.09378  2.28%   538  445s
   569   350    7.15543    5  347    7.25944    7.09382  2.28%   542  450s
   572   353    7.19053    8  282    7.25944    7.09382  2.28%   546  455s
H  582   357                       7.2593840    7.09382  2.28%   547  461s
H  582   357                       7.2593722    7.09382  2.28%   547  461s
   595   367    7.23922   26  283    7.25937    7.09382  2.28%   544  465s
   616   376    7.15429    5  413    7.25937    7.09443  2.27%   548  471s
   644   397     cutoff   29         7.25937    7.09443  2.27%   536  475s
   654   405     cutoff   27         7.25937    7.09579  2.25%   541  480s
   673   423    7.15426    5  560    7.25937    7.09579  2.25%   535  524s
   675   424    7.24300   79  492    7.25937    7.09579  2.25%   534  537s
   676   425    7.19341   86  610    7.25937    7.09579  2.25%   533  547s
   677   426    7.24025   87  544    7.25937    7.09579  2.25%   532  552s
   678   426    7.24440   66  577    7.25937    7.09579  2.25%   531  559s
   679   427    7.19341   86  726    7.25937    7.09579  2.25%   531  568s
   680   428    7.19465   80  637    7.25937    7.09579  2.25%   530  581s
   681   428    7.20986   18  655    7.25937    7.09579  2.25%   529  586s
   682   429    7.13049    6  622    7.25937    7.09579  2.25%   528  591s
   684   430    7.22809   12  646    7.25937    7.09579  2.25%   527  602s
   685   431    7.20083   20  759    7.25937    7.09579  2.25%   526  619s
   686   432    7.22848   50  681    7.25937    7.09579  2.25%   525  627s
   687   432    7.19827   39  569    7.25937    7.09863  2.21%   525  634s
   688   433    7.15660   10  518    7.25937    7.10546  2.12%   524  640s
   689   434    7.21153   23  527    7.25937    7.10549  2.12%   523  645s
   690   434    7.13049    6  521    7.25937    7.10797  2.09%   522  658s
   691   435    7.18665   61  527    7.25937    7.10814  2.08%   521  669s
   692   436    7.24020   46  528    7.25937    7.11069  2.05%   521  682s
   693   436    7.23800   63  555    7.25937    7.11236  2.03%   520  690s
   694   437    7.24619  105  560    7.25937    7.11268  2.02%   519  697s
   695   438    7.19055   30  558    7.25937    7.11276  2.02%   518  707s
   696   438    7.24101   30  554    7.25937    7.11349  2.01%   518  721s
   697   439    7.16578   13  555    7.25937    7.11357  2.01%   517  732s
   698   440    7.18602   41  618    7.25937    7.11427  2.00%   516  748s
   699   440    7.19373  120  590    7.25937    7.11443  2.00%   516  756s
   700   441    7.21037   11  586    7.25937    7.11492  1.99%   515  771s
   701   442    7.24948   90  595    7.25937    7.11507  1.99%   514  777s
   702   442    7.20072   21  610    7.25937    7.11553  1.98%   513  793s
   703   443    7.21179   19  614    7.25937    7.11561  1.98%   513  799s
   704   444    7.19946  121  597    7.25937    7.11592  1.98%   512  817s
   705   444    7.11592    5  605    7.25937    7.11592  1.98%   511  824s
   706   445    7.19208    9  602    7.25937    7.11628  1.97%   510  833s
   707   446    7.20199  142  602    7.25937    7.11628  1.97%   510  847s
   708   446    7.22562   40  602    7.25937    7.11630  1.97%   509  857s
   709   449    7.11658   12  560    7.25937    7.11630  1.97%   821  871s
   710   450    7.13229   12  395    7.25937    7.11658  1.97%   825  876s
   711   450    7.11932   13  552    7.25937    7.11658  1.97%   842  890s
H  712   426                       7.2591526    7.11658  1.96%   841  900s
H  712   404                       7.2589387    7.11658  1.96%   841  900s
H  713   384                       7.2588879    7.11932  1.92%   852  902s
   714   386    7.15717   14  369    7.25889    7.11932  1.92%   866  911s
   715   387    7.15775   15  366    7.25889    7.11932  1.92%   867  915s
   716   388    7.16893   15  361    7.25889    7.11932  1.92%   876  921s
H  717   367                       7.2588761    7.11932  1.92%   875  927s
H  718   349                       7.2588515    7.11932  1.92%   884  932s
   719   352    7.16923   17  369    7.25885    7.11932  1.92%   892  937s
   720   352    7.18380   17  362    7.25885    7.11932  1.92%   900  946s
   722   353    7.18314   18  349    7.25885    7.11932  1.92%   907  956s
   724   354    7.19349   19  354    7.25885    7.11932  1.92%   916  962s
   725   355    7.18623   20  404    7.25885    7.11932  1.92%   922  967s
   726   355    7.18807   20  370    7.25885    7.11932  1.92%   927  993s
   727   356    7.18629   21  404    7.25885    7.11932  1.92%   938 1000s
   729   357    7.23441   22  379    7.25885    7.11932  1.92%   948 1008s
   730   358    7.18835   22  392    7.25885    7.11932  1.92%   953 1011s
   732   359    7.18858   23  351    7.25885    7.11932  1.92%   953 1016s
   734   357 infeasible   24         7.25885    7.11932  1.92%   963 1021s
   736   354 infeasible   24         7.25885    7.11932  1.92%   974 1026s
   740   353     cutoff   24         7.25885    7.11932  1.92%   976 1031s
   743   351    7.12106   14  417    7.25885    7.11932  1.92%   982 1046s
   744   351    7.14138   15  409    7.25885    7.11932  1.92%   994 1052s
   745   352    7.13361   15  508    7.25885    7.11932  1.92%  1002 1060s
   747   353    7.16860   16  537    7.25885    7.11932  1.92%  1009 1068s
   748   354    7.16987   17  517    7.25885    7.11932  1.92%  1009 1070s
   749   355    7.19093   17  537    7.25885    7.11932  1.92%  1015 1075s
   751   353 infeasible   18         7.25885    7.11932  1.92%  1023 1082s
   752   354    7.19259   19  404    7.25885    7.11932  1.92%  1024 1086s
   756   351    7.24078   22  233    7.25885    7.11932  1.92%  1024 1090s
   758   351    7.12142   14  470    7.25885    7.12142  1.89%  1030 1115s
   759   351    7.12779   15  516    7.25885    7.12148  1.89%  1049 1126s
   760   352    7.13108   15  482    7.25885    7.12564  1.84%  1057 1137s
   761   353    7.13575   16  458    7.25885    7.12564  1.84%  1061 1141s
   763   354    7.13001   17  460    7.25885    7.12564  1.84%  1065 1147s
   764   355    7.14842   17  638    7.25885    7.12564  1.84%  1070 1153s
   765   355    7.13046   18  448    7.25885    7.12564  1.84%  1071 1155s
   766   356    7.13103   18  510    7.25885    7.12564  1.84%  1076 1161s
   767   357    7.14221   19  545    7.25885    7.12564  1.84%  1084 1166s
   769   358    7.13486   20  416    7.25885    7.12564  1.84%  1089 1173s
   771   357    7.13956   21  442    7.25885    7.12564  1.84%  1090 1176s
   772   358    7.19812   21  541    7.25885    7.12564  1.84%  1095 1182s
   774   359    7.15005   22  441    7.25885    7.12564  1.84%  1098 1187s
   776   361    7.16376   23  550    7.25885    7.12564  1.84%  1101 1193s
   778   362    7.16250   24  471    7.25885    7.12564  1.84%  1101 1196s
   780   361 infeasible   25         7.25885    7.12564  1.84%  1102 1200s
   784   360 infeasible   27         7.25885    7.12564  1.84%  1103 1205s
   790   357    7.15061   15  373    7.25885    7.12564  1.84%  1103 1213s
   791   358    7.18465   16  406    7.25885    7.12564  1.84%  1104 1215s
   795   360    7.18324   18  401    7.25885    7.12564  1.84%  1108 1221s
   798   362    7.17682   19  398    7.25885    7.12564  1.84%  1107 1225s
   801   364    7.18361   21  374    7.25885    7.12564  1.84%  1111 1230s
   805   365    7.18750   23  379    7.25885    7.12564  1.84%  1114 1235s
   808   365    7.18897   24  376    7.25885    7.12564  1.84%  1116 1240s
   811   366    7.18910   26  346    7.25885    7.12564  1.84%  1122 1246s
   814   368    7.21375   28  365    7.25885    7.12564  1.84%  1124 1251s
   816   369    7.20209   29  335    7.25885    7.12564  1.84%  1126 1255s
   820   372    7.20262   31  332    7.25885    7.12564  1.84%  1127 1260s
   824   374    7.23343   33  337    7.25885    7.12564  1.84%  1132 1267s
   828   374    7.23520   35  351    7.25885    7.12564  1.84%  1130 1270s
   835   377    7.23713   38  302    7.25885    7.12564  1.84%  1129 1276s
   842   378    7.25149   42  314    7.25885    7.12564  1.84%  1123 1280s
   853   372    7.14039   15  329    7.25885    7.13103  1.76%  1121 1289s
   854   373    7.15290   16  426    7.25885    7.13103  1.76%  1123 1291s
   855   373    7.15591   16  497    7.25885    7.13103  1.76%  1125 1295s
   857   375    7.16433   17  334    7.25885    7.13103  1.76%  1128 1300s
   859   374     cutoff   18         7.25885    7.13103  1.76%  1134 1305s
   861   375    7.23247   19  358    7.25885    7.13103  1.76%  1138 1310s
H  862   356                       7.2579916    7.13103  1.75%  1136 1311s
H  862   339                       7.2575142    7.13103  1.74%  1136 1311s
H  862   323                       7.2575072    7.13103  1.74%  1136 1311s
H  864   306                       7.2573811    7.13103  1.74%  1134 1313s
H  864   292                       7.2573727    7.13103  1.74%  1134 1313s
H  864   278                       7.2573091    7.13103  1.74%  1134 1313s
H  864   265                       7.2567451    7.13103  1.73%  1134 1313s
H  864   253                       7.2567279    7.13103  1.73%  1134 1313s
   865   256    7.18397   22  385    7.25673    7.13103  1.73%  1136 1315s
   868   258    7.22286   23  341    7.25673    7.13103  1.73%  1135 1320s
   870   259    7.19822   24  384    7.25673    7.13103  1.73%  1138 1325s
   874   261    7.19268   27  396    7.25673    7.13103  1.73%  1136 1331s
   877   260    7.20495   29  296    7.25673    7.13103  1.73%  1137 1335s
   881   263    7.21666   32  381    7.25673    7.13103  1.73%  1135 1340s
   886   264    7.22439   34  324    7.25673    7.13103  1.73%  1132 1345s
   891   265    7.22536   37  383    7.25673    7.13103  1.73%  1128 1350s
   898   265 infeasible   41         7.25673    7.13103  1.73%  1121 1355s
   905   263    7.23808   47  281    7.25673    7.13103  1.73%  1113 1360s
   921   260    7.24439   61  175    7.25673    7.13103  1.73%  1096 1365s
   936   254    7.13343   19  521    7.25673    7.13103  1.73%  1086 1380s
   937   255    7.14319   20  549    7.25673    7.13103  1.73%  1092 1388s
   938   256    7.15097   20  464    7.25673    7.13103  1.73%  1094 1391s
   939   256    7.18602   21  483    7.25673    7.13103  1.73%  1097 1396s
   940   257    7.20324   21  435    7.25673    7.13103  1.73%  1102 1400s
   944   260    7.21149   23  461    7.25673    7.13103  1.73%  1102 1405s
   951   257    7.21571   27  318    7.25673    7.13103  1.73%  1097 1410s
   957   256    7.22933   30  367    7.25673    7.13103  1.73%  1094 1415s
   963   259    7.23381   33  264    7.25673    7.13103  1.73%  1092 1420s
   971   257    7.25107   39  220    7.25673    7.13103  1.73%  1086 1425s
   975   255    7.14893   19  489    7.25673    7.13108  1.73%  1089 1432s
   976   255    7.20639   20  406    7.25673    7.13108  1.73%  1091 1435s
   978   256    7.21433   21  464    7.25673    7.13108  1.73%  1093 1440s
   983   255    7.20491   25  480    7.25673    7.13108  1.73%  1088 1445s
   986   254    7.14600   16  382    7.25673    7.13108  1.73%  1099 1462s
   988   255    7.15703   17  383    7.25673    7.13108  1.73%  1105 1468s
   991   254    7.16323   19  368    7.25673    7.13108  1.73%  1105 1471s
   993   252    7.16628   20  353    7.25673    7.13108  1.73%  1108 1475s
   998   253     cutoff   23         7.25673    7.13108  1.73%  1110 1480s
  1006   250    7.25270   27  212    7.25673    7.13108  1.73%  1105 1485s
  1008   249    7.14525   16  332    7.25673    7.13229  1.71%  1109 1490s
  1010   250    7.15860   18  349    7.25673    7.13229  1.71%  1113 1495s
  1014   252    7.19282   20  425    7.25673    7.13229  1.71%  1115 1501s
  1020   249    7.24657   24  215    7.25673    7.13229  1.71%  1114 1505s
  1026   247    7.14520   13  400    7.25673    7.13229  1.71%  1120 1514s
  1027   248    7.15761   14  390    7.25673    7.13229  1.71%  1121 1516s
  1033   249    7.19630   20  314    7.25673    7.13229  1.71%  1117 1520s
  1043   246    7.13473   13  391    7.25673    7.13473  1.68%  1113 1531s
  1045   247    7.17016   15  357    7.25673    7.13475  1.68%  1114 1535s
  1049   250    7.20704   16  423    7.25673    7.13475  1.68%  1116 1541s
  1053   249    7.20489   21  329    7.25673    7.13475  1.68%  1116 1545s
  1062   252    7.21074   30  219    7.25673    7.13475  1.68%  1109 1550s
H 1063   239                       7.2567118    7.13475  1.68%  1108 1552s
H 1063   228                       7.2564521    7.13475  1.68%  1108 1552s
  1068   233    7.21455   35  239    7.25645    7.13475  1.68%  1104 1555s
H 1081   220                       7.2563751    7.13475  1.68%  1092 1565s
H 1083   211                       7.2563666    7.13575  1.66%  1098 1570s
  1086   215    7.15041   17  441    7.25637    7.13575  1.66%  1104 1578s
  1087   216    7.17378   19  460    7.25637    7.13575  1.66%  1105 1580s
  1092   218    7.19640   22  460    7.25637    7.13575  1.66%  1105 1585s
  1098   216    7.21296   25  424    7.25637    7.13575  1.66%  1104 1590s
H 1099   205                       7.2562938    7.13575  1.66%  1103 1591s
H 1099   196                       7.2561343    7.13575  1.66%  1103 1592s
H 1101   188                       7.2561311    7.13575  1.66%  1102 1594s
  1101   189    7.20441   26  330    7.25613    7.13575  1.66%  1102 1595s
  1106   188    7.20614   31  257    7.25613    7.13575  1.66%  1100 1600s
  1112   191    7.21752   35  266    7.25613    7.13575  1.66%  1099 1605s
  1117   192    7.21468   37  274    7.25613    7.13575  1.66%  1097 1610s
  1123   192    7.21883   43  232    7.25613    7.13575  1.66%  1095 1616s
  1127   193    7.22121   47  205    7.25613    7.13575  1.66%  1091 1621s
  1131   193    7.22291   50  289    7.25613    7.13575  1.66%  1090 1625s
  1137   192    7.22495   55  251    7.25613    7.13575  1.66%  1085 1630s
  1145   191    7.24196   62  212    7.25613    7.13575  1.66%  1080 1635s
  1150   188    7.14430   17  473    7.25613    7.13575  1.66%  1079 1653s
  1151   189    7.15906   18  465    7.25613    7.13575  1.66%  1080 1656s
  1153   190    7.17136   19  482    7.25613    7.13575  1.66%  1083 1660s
  1157   193    7.20456   23  439    7.25613    7.13575  1.66%  1085 1667s
  1161   193    7.20957   25  383    7.25613    7.13575  1.66%  1085 1671s
  1164   194    7.21456   28  384    7.25613    7.13575  1.66%  1087 1675s
  1168   197    7.21609   31  386    7.25613    7.13575  1.66%  1086 1680s
  1169   198    7.22014   32  271    7.25613    7.13575  1.66%  1088 1685s
  1171   199    7.22016   33  262    7.25613    7.13575  1.66%  1087 1693s
  1172   199    7.22016   34  261    7.25613    7.13575  1.66%  1086 1696s
H 1173   198                       7.2560307    7.13575  1.66%  1085 1698s
H 1173   198                       7.2558957    7.13575  1.66%  1085 1698s
H 1173   198                       7.2558560    7.13575  1.66%  1085 1699s
  1174   200    7.22016   36  260    7.25586    7.13575  1.66%  1084 1701s
  1178   202    7.22572   38  241    7.25586    7.13575  1.66%  1083 1705s
  1181   204    7.22689   41  199    7.25586    7.13575  1.66%  1083 1710s
  1184   207    7.22693   44  197    7.25586    7.13575  1.66%  1081 1715s
  1186   209    7.22718   46  187    7.25586    7.13575  1.66%  1079 1722s
  1188   211    7.22771   48  168    7.25586    7.13575  1.66%  1078 1725s
  1192   212    7.22872   52  185    7.25586    7.13575  1.66%  1074 1731s
  1195   212    7.22873   55  181    7.25586    7.13575  1.66%  1072 1735s
  1199   213    7.23097   58  175    7.25586    7.13575  1.66%  1070 1740s
  1204   214    7.23211   63  165    7.25586    7.13575  1.66%  1067 1745s
  1210   217    7.23700   69  119    7.25586    7.13575  1.66%  1064 1750s
  1221   220    7.24024   78  127    7.25586    7.13575  1.66%  1057 1755s
  1232   220    7.22496   17  511    7.25586    7.13947  1.60%  1053 1762s
  1235   221    7.25249   20  411    7.25586    7.13947  1.60%  1052 1765s
  1241   221    7.17343   17  604    7.25586    7.13947  1.60%  1054 1778s
  1242   222    7.19106   18  483    7.25586    7.13947  1.60%  1057 1783s
  1243   223    7.20613   19  386    7.25586    7.13947  1.60%  1057 1785s
  1246   224    7.25129   22  344    7.25586    7.13947  1.60%  1059 1790s
  1251   223    7.14247   17  571    7.25586    7.14031  1.59%  1062 1801s
H 1252   222                       7.2558309    7.14031  1.59%  1061 1805s
  1254   226    7.17383   20  400    7.25583    7.14031  1.59%  1067 1810s
  1259   231    7.19335   22  371    7.25583    7.14031  1.59%  1067 1817s
  1263   235    7.20268   26  421    7.25583    7.14031  1.59%  1069 1822s
  1266   236     cutoff   28         7.25583    7.14031  1.59%  1068 1825s
  1273   239    7.20676   33  196    7.25583    7.14031  1.59%  1065 1830s
  1286   241    7.24326   44  167    7.25583    7.14031  1.59%  1056 1835s
  1292   244    7.24500   50  125    7.25583    7.14031  1.59%  1051 1840s
  1306   249    7.24750   63  127    7.25583    7.14031  1.59%  1040 1845s
  1314   250    7.16081   15  574    7.25583    7.14138  1.58%  1041 1852s
  1315   251    7.18800   16  553    7.25583    7.14138  1.58%  1042 1855s
  1319   254    7.24063   20  384    7.25583    7.14138  1.58%  1043 1862s
  1325   254    7.17318   16  402    7.25583    7.14141  1.58%  1045 1872s
  1328   255    7.17933   18  424    7.25583    7.14141  1.58%  1044 1875s
  1331   258    7.21366   21  397    7.25583    7.14141  1.58%  1047 1882s
  1334   260    7.21964   24  374    7.25583    7.14141  1.58%  1048 1885s
  1343   266    7.23987   33  233    7.25583    7.14141  1.58%  1043 1890s
  1354   274    7.24473   44  156    7.25583    7.14141  1.58%  1036 1895s
  1365   277    7.14878   16  521    7.25583    7.14237  1.56%  1032 1909s
  1366   278    7.18992   17  396    7.25583    7.14237  1.56%  1033 1912s
  1367   279    7.16676   17  466    7.25583    7.14237  1.56%  1035 1917s
  1369   279 infeasible   18         7.25583    7.14237  1.56%  1037 1920s
  1372   280    7.21457   20  364    7.25583    7.14237  1.56%  1035 1928s
  1378   279    7.22554   23  370    7.25583    7.14237  1.56%  1033 1930s
  1382   275     cutoff   18         7.25583    7.14251  1.56%  1036 1937s
  1384   275    7.20292   21  541    7.25583    7.14319  1.55%  1038 1942s
  1386   277    7.21651   23  493    7.25583    7.14319  1.55%  1038 1945s
  1394   279    7.23213   30  283    7.25583    7.14319  1.55%  1035 1952s
  1397   279    7.23336   33  221    7.25583    7.14319  1.55%  1034 1955s
  1402   279    7.18030   21  549    7.25583    7.14430  1.54%  1034 1962s
  1404   279 infeasible   23         7.25583    7.14430  1.54%  1036 1966s
  1407   279    7.25089   25  122    7.25583    7.14430  1.54%  1036 1980s
  1410   280    7.18158   19  463    7.25583    7.14520  1.52%  1040 1989s
  1411   281    7.20366   20  476    7.25583    7.14520  1.52%  1040 1990s
  1415   281    7.19476   21  341    7.25583    7.14520  1.52%  1041 1995s
  1420   282    7.20054   25  334    7.25583    7.14520  1.52%  1041 2000s
  1425   283    7.21773   30  392    7.25583    7.14520  1.52%  1041 2005s
  1431   285    7.22207   36  194    7.25583    7.14520  1.52%  1038 2010s
  1440   292    7.24220   45  204    7.25583    7.14520  1.52%  1034 2015s
  1451   295    7.16392   14  346    7.25583    7.14525  1.52%  1029 2022s
  1453   295    7.16634   15  317    7.25583    7.14525  1.52%  1030 2025s
  1458   296    7.20608   17  330    7.25583    7.14525  1.52%  1032 2030s
  1463   298    7.23615   18  158    7.25583    7.14525  1.52%  1031 2035s
  1473   294    7.16442   17  478    7.25583    7.14564  1.52%  1032 2043s
  1474   295    7.17494   18  381    7.25583    7.14564  1.52%  1033 2045s
  1481   296    7.24955   21  223    7.25583    7.14564  1.52%  1033 2050s
  1483   296    7.16640   16  544    7.25583    7.14842  1.48%  1038 2058s
  1484   297    7.16729   17  444    7.25583    7.14842  1.48%  1038 2060s
  1488   297 infeasible   20         7.25583    7.14842  1.48%  1039 2065s
  1493   296    7.15915   18  610    7.25583    7.14846  1.48%  1039 2077s
  1494   297    7.19022   19  547    7.25583    7.14846  1.48%  1041 2081s
  1499   297     cutoff   23         7.25583    7.14846  1.48%  1040 2085s
  1501   297    7.23775   23  418    7.25583    7.14846  1.48%  1040 2093s
  1503   297    7.24633   25  400    7.25583    7.14846  1.48%  1039 2095s
  1505   296    7.18581   18  759    7.25583    7.15005  1.46%  1045 2108s
  1507   297    7.18582   20  726    7.25583    7.15005  1.46%  1044 2110s
  1509   299    7.23786   22  650    7.25583    7.15005  1.46%  1046 2116s
  1514   297    7.22083   22  683    7.25583    7.15005  1.46%  1046 2121s
  1515   296     cutoff   23         7.25583    7.15005  1.46%  1046 2128s
  1516   297    7.21061   21  513    7.25583    7.15005  1.46%  1047 2130s
  1520   296    7.19899   23  548    7.25583    7.15005  1.46%  1049 2137s
  1521   297    7.21264   24  451    7.25583    7.15005  1.46%  1051 2140s
  1527   295    7.19080   19  388    7.25583    7.15049  1.45%  1050 2146s
  1532   293     cutoff   21         7.25583    7.15049  1.45%  1050 2150s
  1536   297    7.18587   21  534    7.25583    7.15049  1.45%  1050 2156s
  1541   301    7.20795   26  323    7.25583    7.15049  1.45%  1049 2160s
  1545   304    7.21934   27  279    7.25583    7.15049  1.45%  1049 2167s
  1549   308    7.22959   31  405    7.25583    7.15049  1.45%  1048 2170s
  1553   307    7.24817   33  222    7.25583    7.15049  1.45%  1046 2175s
  1557   307    7.19882   18  456    7.25583    7.15503  1.39%  1047 2184s
  1558   308    7.21250   19  434    7.25583    7.15503  1.39%  1050 2187s
  1561   309    7.23716   22  439    7.25583    7.15503  1.39%  1049 2190s
  1566   308     cutoff   27         7.25583    7.15503  1.39%  1049 2197s
  1567   307 infeasible   19         7.25583    7.15591  1.38%  1049 2200s
  1569   309    7.22626   18  461    7.25583    7.15591  1.38%  1052 2205s
  1574   308    7.16822   17  475    7.25583    7.15619  1.37%  1054 2212s
  1575   309    7.18189   18  547    7.25583    7.15619  1.37%  1055 2215s
  1582   314    7.22106   24  439    7.25583    7.15619  1.37%  1054 2220s
  1592   315    7.24555   31  317    7.25583    7.15619  1.37%  1049 2225s
  1603   316    7.16582   18  379    7.25583    7.15655  1.37%  1045 2236s
  1605   318    7.19124   19  407    7.25583    7.15655  1.37%  1046 2240s
  1612   316    7.25518   18  327    7.25583    7.15664  1.37%  1047 2247s
  1615   315    7.21257   18  431    7.25583    7.15832  1.34%  1050 2252s
  1618   314     cutoff   20         7.25583    7.15832  1.34%  1050 2255s
  1623   315    7.23509   16  256    7.25583    7.15915  1.33%  1051 2261s
  1631   316    7.20161   19  573    7.25583    7.16042  1.31%  1051 2268s
  1632   316    7.23224   20  291    7.25583    7.16042  1.31%  1051 2270s
  1637   316    7.19613   16  442    7.25583    7.16082  1.31%  1051 2275s
  1645   315    7.18949   16  555    7.25583    7.16166  1.30%  1052 2291s
  1649   316    7.22263   20  332    7.25583    7.16166  1.30%  1051 2298s
  1653   317    7.24938   24  250    7.25583    7.16166  1.30%  1050 2300s
  1657   316    7.16838   18  328    7.25583    7.16214  1.29%  1049 2306s
  1660   314    7.24305   18  427    7.25583    7.16250  1.29%  1053 2314s
  1661   313     cutoff   19         7.25583    7.16250  1.29%  1053 2315s
  1663   313    7.17916   25  548    7.25583    7.16376  1.27%  1056 2321s
  1666   316    7.19782   28  576    7.25583    7.16376  1.27%  1055 2327s
  1669   319    7.20072   31  508    7.25583    7.16376  1.27%  1054 2330s
  1671   320    7.22862   33  392    7.25583    7.16376  1.27%  1060 2336s
  1676   322    7.25431   38  216    7.25583    7.16376  1.27%  1060 2340s
  1679   322    7.16883   24  603    7.25583    7.16396  1.27%  1061 2349s
  1680   323    7.18188   25  462    7.25583    7.16396  1.27%  1063 2352s
  1681   324    7.18737   26  437    7.25583    7.16396  1.27%  1063 2355s
  1685   322    7.25100   27  470    7.25583    7.16396  1.27%  1063 2360s
  1687   322    7.21647   24  549    7.25583    7.16437  1.26%  1064 2365s
  1690   323    7.23809   26  485    7.25583    7.16437  1.26%  1066 2371s
  1696   320    7.18846   19  375    7.25583    7.16470  1.26%  1064 2375s
  1700   324    7.21903   23  348    7.25583    7.16470  1.26%  1066 2380s
  1709   318     cutoff   20         7.25583    7.16470  1.26%  1066 2385s
  1711   320    7.18703   19  435    7.25583    7.16560  1.24%  1068 2391s
  1717   324    7.20183   24  348    7.25583    7.16560  1.24%  1068 2401s
  1726   326    7.22639   29  268    7.25583    7.16560  1.24%  1064 2406s
  1730   325    7.20254   15  418    7.25583    7.16667  1.23%  1064 2410s
  1734   325    7.22750   18  357    7.25583    7.16667  1.23%  1064 2416s
  1737   328    7.23592   20  347    7.25583    7.16667  1.23%  1064 2420s
  1744   332    7.24028   26  382    7.25583    7.16667  1.23%  1061 2425s
  1748   332    7.24487   30  207    7.25583    7.16667  1.23%  1060 2430s
  1753   329    7.22793   18  453    7.25583    7.16676  1.23%  1063 2438s
  1755   331    7.22938   20  405    7.25583    7.16676  1.23%  1063 2440s
  1757   331    7.24079   22  230    7.25583    7.16676  1.23%  1063 2445s
  1763   330    7.20820   18  544    7.25583    7.16835  1.21%  1066 2464s
  1764   331    7.22257   19  505    7.25583    7.16835  1.21%  1066 2466s
  1766   329 infeasible   20         7.25583    7.16835  1.21%  1070 2470s
  1770   330    7.20878   22  548    7.25583    7.16835  1.21%  1069 2475s
  1772   332    7.24206   24  418    7.25583    7.16835  1.21%  1073 2480s
  1776   332    7.25354   25  445    7.25583    7.16835  1.21%  1074 2485s
  1779   331    7.22754   17  388    7.25583    7.16838  1.21%  1075 2491s
  1782   330    7.18242   17  371    7.25583    7.16883  1.20%  1080 2501s
  1784   329     cutoff   19         7.25583    7.16883  1.20%  1082 2505s
  1787   328    7.18400   16  324    7.25583    7.16893  1.20%  1084 2510s
  1790   330    7.20812   19  331    7.25583    7.16893  1.20%  1084 2515s
  1799   328    7.18262   20  468    7.25583    7.17253  1.15%  1082 2522s
  1801   328    7.18263   22  467    7.25583    7.17253  1.15%  1080 2526s
  1804   330    7.24112   24  402    7.25583    7.17253  1.15%  1080 2530s
  1808   334    7.21899   27  310    7.25583    7.17253  1.15%  1081 2535s
  1817   336    7.24660   33  236    7.25583    7.17253  1.15%  1080 2540s
  1826   334 infeasible   20         7.25583    7.17343  1.14%  1080 2546s
  1827   334    7.23475   18  676    7.25583    7.17372  1.13%  1085 2558s
  1828   335    7.23475   19  661    7.25583    7.17372  1.13%  1085 2560s
  1831   332     cutoff   17         7.25583    7.17378  1.13%  1087 2565s
  1833   332    7.20230   21  539    7.25583    7.17457  1.12%  1090 2574s
  1834   332    7.23438   22  593    7.25583    7.17457  1.12%  1093 2579s
  1835   333    7.24567   23  395    7.25583    7.17457  1.12%  1094 2582s
  1839   333 infeasible   26         7.25583    7.17457  1.12%  1093 2585s
  1843   330     cutoff   19         7.25583    7.17573  1.10%  1096 2593s
  1844   329     cutoff   19         7.25583    7.17649  1.09%  1097 2595s
  1846   329    7.18674   20  376    7.25583    7.17691  1.09%  1101 2604s
  1847   328     cutoff   21         7.25583    7.17691  1.09%  1104 2607s
  1849   328    7.22550   20  392    7.25583    7.17767  1.08%  1108 2616s
  1852   327    7.21651   19  347    7.25583    7.17951  1.05%  1109 2620s
  1865   326    7.19269   26  492    7.25583    7.18006  1.04%  1105 2625s
  1866   327    7.19282   27  472    7.25583    7.18006  1.04%  1104 2630s
  1872   327    7.21717   30  438    7.25583    7.18006  1.04%  1104 2635s
  1877   331    7.21902   32  464    7.25583    7.18006  1.04%  1103 2640s
  1882   328 infeasible   34         7.25583    7.18006  1.04%  1106 2645s
  1884   327    7.24026   22  426    7.25583    7.18104  1.03%  1108 2652s
  1887   325 infeasible   22         7.25583    7.18191  1.02%  1107 2655s
  1890   326     cutoff   21         7.25583    7.18298  1.00%  1110 2660s
  1896   332    7.23819   26  306    7.25583    7.18298  1.00%  1108 2666s
  1904   334    7.25016   33  247    7.25583    7.18298  1.00%  1105 2670s
  1912   334    7.25254   21  420    7.25583    7.18314  1.00%  1104 2677s
  1918   333    7.20011   19  419    7.25583    7.18324  1.00%  1104 2682s
  1921   333 infeasible   22         7.25583    7.18324  1.00%  1105 2685s
  1923   332    7.21932   19  493    7.25583    7.18325  1.00%  1106 2693s
  1925   330 infeasible   19         7.25583    7.18345  1.00%  1110 2700s
  1926   330    7.19734   21  378    7.25583    7.18350  1.00%  1113 2706s
  1931   334    7.21407   26  392    7.25583    7.18350  1.00%  1112 2721s
  1937   336    7.22158   32  392    7.25583    7.18350  1.00%  1109 2725s
  1945   339    7.24029   39  349    7.25583    7.18350  1.00%  1107 2730s
  1955   338 infeasible   21         7.25583    7.18368  0.99%  1107 2740s
  1957   337    7.20609   18  389    7.25583    7.18380  0.99%  1111 2748s
  1958   338    7.21475   19  391    7.25583    7.18380  0.99%  1112 2784s
  1959   338    7.21761   20  381    7.25583    7.18380  0.99%  1111 2786s
  1961   339    7.25052   22  292    7.25583    7.18380  0.99%  1114 2791s
  1964   338    7.20417   18  347    7.25583    7.18407  0.99%  1117 2797s
  1968   337    7.19996   17  292    7.25583    7.18465  0.98%  1117 2800s
  1979   341    7.25376   23  240    7.25583    7.18465  0.98%  1115 2805s
  1988   341    7.20428   17  439    7.25583    7.18465  0.98%  1115 2814s
  1989   340     cutoff   18         7.25583    7.18465  0.98%  1116 2816s
  1991   340    7.19857   17  391    7.25583    7.18587  0.96%  1117 2822s
  1993   342    7.22429   19  327    7.25583    7.18587  0.96%  1119 2827s
  1996   342    7.22435   21  355    7.25583    7.18587  0.96%  1118 2837s
  1997   343    7.23355   22  372    7.25583    7.18587  0.96%  1118 2841s
  1999   342     cutoff   24         7.25583    7.18587  0.96%  1120 2845s
  2004   344    7.24807   25  388    7.25583    7.18587  0.96%  1119 2850s
  2013   343    7.19091   23  477    7.25583    7.18627  0.96%  1117 2857s
  2016   345    7.22025   26  297    7.25583    7.18627  0.96%  1116 2860s
  2023   346    7.23224   23  418    7.25583    7.18634  0.96%  1116 2867s
  2026   344    7.19767   22  443    7.25583    7.18663  0.95%  1116 2871s
  2033   343    7.20247   21  286    7.25583    7.18797  0.94%  1116 2877s
  2039   342    7.23857   18  421    7.25583    7.18800  0.93%  1116 2883s
  2044   340     cutoff   21         7.25583    7.18800  0.93%  1115 2885s
  2045   341    7.19237   17  609    7.25583    7.18822  0.93%  1116 2892s
  2049   339 infeasible   18         7.25583    7.18822  0.93%  1115 2895s
  2053   339    7.21123   26  491    7.25583    7.18897  0.92%  1115 2900s
  2056   341    7.23208   28  450    7.25583    7.18897  0.92%  1118 2907s
  2060   340    7.24070   28  542    7.25583    7.18897  0.92%  1118 2910s
  2070   341    7.24634   33  304    7.25583    7.18897  0.92%  1114 2916s
  2077   340     cutoff   37         7.25583    7.18897  0.92%  1114 2920s
  2080   341    7.21582   26  442    7.25583    7.18985  0.91%  1116 2926s
  2084   344    7.23956   30  333    7.25583    7.18985  0.91%  1116 2930s
  2090   342    7.20981   20  227    7.25583    7.18986  0.91%  1116 2935s
  2095   337 infeasible   18         7.25583    7.19093  0.89%  1117 2941s
  2099   333 infeasible   20         7.25583    7.19268  0.87%  1118 2945s
  2102   333    7.21407   30  399    7.25583    7.19268  0.87%  1118 2951s
  2103   333    7.22375   31  393    7.25583    7.19268  0.87%  1118 2955s
  2111   336    7.23714   36  227    7.25583    7.19268  0.87%  1116 2960s
  2123   337     cutoff   44         7.25583    7.19268  0.87%  1112 2965s
  2126   334     cutoff   21         7.25583    7.19286  0.87%  1114 2970s
  2133   334     cutoff   32         7.25583    7.19286  0.87%  1113 2975s
  2138   336    7.25102   35  251    7.25583    7.19286  0.87%  1113 2980s
  2144   335    7.22913   29  371    7.25583    7.19303  0.87%  1113 2985s
  2150   339    7.23906   35  188    7.25583    7.19303  0.87%  1110 2990s
  2157   342    7.24236   41  192    7.25583    7.19303  0.87%  1107 2995s
  2168   343    7.19886   24  460    7.25583    7.19349  0.86%  1104 3002s
  2172   347    7.24005   28  428    7.25583    7.19349  0.86%  1105 3005s
  2177   342 infeasible   20         7.25583    7.19351  0.86%  1106 3011s
  2179   342    7.22293   20  504    7.25583    7.19530  0.83%  1110 3019s
  2180   342    7.25534   21  357    7.25583    7.19530  0.83%  1112 3022s
  2184   340     cutoff   23         7.25583    7.19552  0.83%  1111 3026s
  2189   338    7.21317   25  429    7.25583    7.19613  0.82%  1111 3031s
  2197   333    7.21285   22  349    7.25583    7.19709  0.81%  1109 3035s
  2203   329     cutoff   27         7.25583    7.19796  0.80%  1110 3040s
  2205   327     cutoff   22         7.25583    7.19812  0.80%  1111 3045s
  2207   327    7.21655   25  445    7.25583    7.19826  0.79%  1114 3051s
  2209   329    7.23151   27  244    7.25583    7.19826  0.79%  1115 3057s
  2211   329    7.23317   29  300    7.25583    7.19826  0.79%  1114 3060s
  2219   331    7.23796   37  185    7.25583    7.19826  0.79%  1111 3065s
  2236   339    7.24392   52  146    7.25583    7.19826  0.79%  1104 3070s
  2251   337    7.20897   19  483    7.25583    7.19884  0.79%  1099 3077s
  2255   338     cutoff   23         7.25583    7.19884  0.79%  1100 3080s
  2259   335 infeasible   19         7.25583    7.19895  0.78%  1101 3086s
  2262   333    7.25311   20  327    7.25583    7.19935  0.78%  1102 3091s
  2266   331    7.25455   20  474    7.25583    7.19955  0.78%  1104 3099s
  2268   331    7.21159   21  411    7.25583    7.19991  0.77%  1104 3103s
  2269   332    7.21368   22  481    7.25583    7.19991  0.77%  1104 3105s
  2278   339    7.23718   31  206    7.25583    7.19991  0.77%  1103 3110s
  2293   342 infeasible   46         7.25583    7.19991  0.77%  1097 3115s
  2297   343    7.24573   33  527    7.25583    7.20025  0.77%  1097 3120s
  2304   342    7.23944   20  446    7.25583    7.20072  0.76%  1096 3125s
  2314   342    7.21276   32  473    7.25583    7.20100  0.76%  1093 3131s
  2318   344    7.21924   35  197    7.25583    7.20100  0.76%  1093 3135s
  2328   341 infeasible   22         7.25583    7.20123  0.75%  1093 3142s
  2329   342    7.23333   24  477    7.25583    7.20157  0.75%  1094 3145s
  2334   342    7.24867   27  350    7.25583    7.20157  0.75%  1095 3151s
  2338   342    7.24970   21  450    7.25583    7.20161  0.75%  1095 3156s
  2344   341    7.22647   20  504    7.25583    7.20178  0.74%  1095 3162s
  2347   339    7.22228   26  235    7.25583    7.20210  0.74%  1096 3166s
  2352   343    7.23179   31  312    7.25583    7.20210  0.74%  1096 3170s
  2361   348    7.24018   40  132    7.25583    7.20210  0.74%  1094 3176s
  2373   350    7.21909   19  448    7.25583    7.20211  0.74%  1092 3182s
  2377   348    7.22289   26  308    7.25583    7.20214  0.74%  1092 3191s
  2379   349    7.22290   28  311    7.25583    7.20214  0.74%  1091 3195s
  2388   349    7.25080   30  188    7.25583    7.20214  0.74%  1091 3200s
  2394   351    7.24478   25  333    7.25583    7.20230  0.74%  1090 3205s
  2403   351     cutoff   32         7.25583    7.20230  0.74%  1087 3210s
  2408   352    7.22254   23  550    7.25583    7.20236  0.74%  1088 3215s
  2412   353    7.23813   24  458    7.25583    7.20236  0.74%  1088 3220s
  2417   351    7.21463   29  481    7.25583    7.20260  0.73%  1087 3226s
  2422   353    7.22767   34  199    7.25583    7.20260  0.73%  1085 3231s
  2426   356    7.23258   38  144    7.25583    7.20260  0.73%  1084 3236s
  2430   358    7.24071   42  208    7.25583    7.20260  0.73%  1084 3241s
  2451   360    7.21916   18  265    7.25583    7.20262  0.73%  1076 3245s
  2463   363    7.25387   28  183    7.25583    7.20262  0.73%  1073 3250s
  2471   367    7.23343   28  263    7.25583    7.20282  0.73%  1073 3255s
  2476   367    7.23703   33  181    7.25583    7.20282  0.73%  1073 3263s
  2482   373    7.24425   39  134    7.25583    7.20282  0.73%  1071 3265s
  2496   374    7.23959   33  284    7.25583    7.20282  0.73%  1068 3271s
  2501   372    7.21922   32  274    7.25583    7.20322  0.73%  1068 3275s
  2507   372    7.24985   24  499    7.25583    7.20322  0.73%  1068 3281s
  2511   371    7.24749   25  459    7.25583    7.20324  0.72%  1068 3286s
  2515   371    7.21076   22  551    7.25583    7.20333  0.72%  1069 3291s
  2518   374    7.24203   25  350    7.25583    7.20333  0.72%  1071 3296s
  2523   372    7.24361   25  402    7.25583    7.20333  0.72%  1071 3300s
  2528   376    7.24726   30  374    7.25583    7.20333  0.72%  1071 3305s
  2533   375     cutoff   34         7.25583    7.20333  0.72%  1073 3310s
  2537   374    7.22424   28  344    7.25583    7.20336  0.72%  1075 3316s
  2539   373    7.22585   28  383    7.25583    7.20342  0.72%  1076 3321s
  2546   375    7.24797   35  210    7.25583    7.20342  0.72%  1073 3325s
  2553   374    7.21919   26  336    7.25583    7.20350  0.72%  1075 3331s
  2556   377    7.22550   29  356    7.25583    7.20350  0.72%  1075 3335s
  2558   379    7.24259   31  254    7.25583    7.20350  0.72%  1076 3340s
  2567   377    7.23004   29  294    7.25583    7.20431  0.71%  1075 3346s
  2570   377    7.23132   32  188    7.25583    7.20431  0.71%  1074 3355s
  2586   377    7.22646   27  271    7.25583    7.20462  0.71%  1071 3362s
  2591   377    7.25071   32  282    7.25583    7.20462  0.71%  1070 3365s
  2605   373 infeasible   20         7.25583    7.20574  0.69%  1066 3370s
  2616   374    7.25077   37  218    7.25583    7.20639  0.68%  1064 3375s
  2621   373    7.21856   26  204    7.25583    7.20669  0.68%  1065 3380s
  2626   376    7.22900   31  190    7.25583    7.20669  0.68%  1064 3385s
  2635   380    7.23654   38  229    7.25583    7.20669  0.68%  1063 3390s
  2644   384    7.24136   44  147    7.25583    7.20669  0.68%  1061 3396s
  2667   396    7.24891   63  130    7.25583    7.20669  0.68%  1053 3400s
  2685   391    7.21947   33  278    7.25583    7.20783  0.66%  1049 3406s
  2689   393    7.25564   37  248    7.25583    7.20783  0.66%  1049 3410s
  2697   387    7.25174   22  411    7.25583    7.20833  0.65%  1048 3415s
  2701   384 infeasible   27         7.25583    7.20877  0.65%  1049 3420s
  2706   382    7.25096   24  434    7.25583    7.20957  0.64%  1050 3425s
  2715   383    7.22891   32  368    7.25583    7.20962  0.64%  1048 3430s
  2724   385    7.24890   40  224    7.25583    7.20962  0.64%  1046 3435s
  2739   384     cutoff   27         7.25583    7.20964  0.64%  1045 3441s
  2740   384    7.23705   23  455    7.25583    7.20975  0.64%  1046 3445s
  2743   381 infeasible   31         7.25583    7.21011  0.63%  1048 3451s
  2747   383    7.24605   35  289    7.25583    7.21013  0.63%  1047 3455s
  2766   388    7.23202   32  458    7.25583    7.21023  0.63%  1042 3460s
  2771   389    7.23009   26  371    7.25583    7.21042  0.63%  1043 3465s
  2779   395    7.24511   34  316    7.25583    7.21042  0.63%  1041 3470s
  2785   396    7.24768   40  376    7.25583    7.21042  0.63%  1041 3475s
  2796   396    7.22061   24  495    7.25583    7.21076  0.62%  1040 3482s
  2799   397    7.22235   27  350    7.25583    7.21076  0.62%  1040 3488s
  2801   399    7.22422   29  442    7.25583    7.21076  0.62%  1040 3490s
  2808   404    7.23572   36  343    7.25583    7.21076  0.62%  1039 3495s
  2817   407    7.24163   45  312    7.25583    7.21076  0.62%  1036 3500s
  2841   408 infeasible   23         7.25583    7.21076  0.62%  1030 3505s
  2845   409    7.21976   21  451    7.25583    7.21139  0.61%  1030 3510s
  2850   414    7.23199   26  224    7.25583    7.21139  0.61%  1030 3515s
  2868   421    7.22488   24  361    7.25583    7.21159  0.61%  1025 3520s
  2873   425    7.23262   29  428    7.25583    7.21159  0.61%  1025 3525s
  2875   426    7.23271   31  389    7.25583    7.21159  0.61%  1025 3531s
  2877   428    7.23338   33  345    7.25583    7.21159  0.61%  1027 3535s

Cutting planes:
  Learned: 11
  Gomory: 2
  Cover: 195
  Implied bound: 468
  Projected implied bound: 145
  Clique: 46
  MIR: 810
  StrongCG: 25
  Flow cover: 1011
  GUB cover: 17
  Zero half: 10
  Network: 57
  RLT: 9
  Relax-and-lift: 304
  BQP: 2
  PSD: 1

Explored 2878 nodes (3125485 simplex iterations) in 3535.12 seconds (9606.64 work units)
Most recent optimization runtime was 3512.04 seconds (9547.89 work units)
Thread count was 1 (of 20 available processors)

Solution count 10: 7.25583 7.25586 7.2559 ... 7.25645

Time limit reached
Best objective 7.255830940546e+00, best bound 7.211586559243e+00, gap 0.6098%

User-callback calls 367671, time in user-callback 0.04 sec
