
Gurobi 13.0.2 (win64) logging started Mon Aug 10 00:23:18 2026

Set parameter LogFile to value "E:\codes\ExactEBRP\results\gf_simple_start_qualification_round35\runs\v50_3600__high_imbalance_seed6202__c6_simple_start__3600s\external\native_logs\L2_terminal_mip.gurobi.log"
Gurobi Optimizer version 13.0.2 build v13.0.2rc1 (win64 - Windows 10.0 (19045.2))

CPU model: 12th Gen Intel(R) Core(TM) i7-12700KF, instruction set [SSE2|AVX|AVX2]
Thread count: 12 physical cores, 20 logical processors, using up to 1 threads

Non-default parameters:
TimeLimit  3522.2129356
MIPGap  0
MIPGapAbs  0
LogToConsole  0
Threads  1

Optimize a model with 93009 rows, 18187 columns and 665803 nonzeros (Min)
Model fingerprint: 0x3adedec8
Model has 51 linear objective coefficients
Variable types: 9458 continuous, 8729 integer (8229 binary)
Coefficient statistics:
  Matrix range     [1e-02, 2e+04]
  Objective range  [1e-02, 1e+00]
  Bounds range     [5e-01, 5e+04]
  RHS range        [5e-01, 2e+05]

Presolved: 76506 rows, 18026 columns, 525650 nonzeros

Continuing optimization...

     0     0    7.78506    0  443          -    7.78506      -     -   23s
     0     0    7.78506    0  433          -    7.78506      -     -   23s
     0     0    7.78750    0  400          -    7.78750      -     -   25s
     0     0    7.93117    0  283          -    7.93117      -     -   27s
     0     0    8.28104    0  278          -    8.28104      -     -   29s
     0     0    8.39633    0  250          -    8.39633      -     -   30s
     0     0    8.46224    0  292          -    8.46224      -     -   32s
     0     0    8.48809    0  328          -    8.48809      -     -   32s
     0     0    8.51947    0  293          -    8.51947      -     -   33s
     0     0    8.52677    0  292          -    8.52677      -     -   33s
     0     0    8.52967    0  276          -    8.52967      -     -   33s
     0     0    8.53248    0  289          -    8.53248      -     -   33s
     0     0    8.53257    0  301          -    8.53257      -     -   33s
     0     0    8.56294    0  292          -    8.56294      -     -   34s
H    0     0                      10.2157850    8.56329  16.2%     -   36s
H    0     0                      10.2154868    8.56329  16.2%     -   36s
     0     0    8.56386    0  324   10.21549    8.56386  16.2%     -   36s
     0     0    8.56448    0  308   10.21549    8.56448  16.2%     -   36s
     0     0    8.56462    0  322   10.21549    8.56462  16.2%     -   36s
     0     0    8.57411    0  311   10.21549    8.57411  16.1%     -   38s
H    0     0                       9.9503733    8.57417  13.8%     -   40s
H    0     0                       9.8266534    8.57417  12.7%     -   40s
H    0     0                       9.7396477    8.57417  12.0%     -   43s
H    0     0                       9.7360719    8.57417  11.9%     -   43s
H    0     0                       9.7355862    8.57417  11.9%     -   44s
     0     0    8.57666    0  309    9.73559    8.57666  11.9%     -   44s
     0     0    8.57679    0  321    9.73559    8.57679  11.9%     -   44s
     0     0    8.59795    0  443    9.73559    8.59795  11.7%     -   46s
     0     0    8.60282    0  372    9.73559    8.60282  11.6%     -   47s
     0     0    8.60371    0  408    9.73559    8.60371  11.6%     -   47s
     0     0    8.60375    0  416    9.73559    8.60375  11.6%     -   47s
     0     0    8.64229    0  446    9.73559    8.64229  11.2%     -   49s
     0     0    8.64477    0  370    9.73559    8.64477  11.2%     -   49s
     0     0    8.64520    0  413    9.73559    8.64520  11.2%     -   49s
     0     0    8.64535    0  423    9.73559    8.64535  11.2%     -   50s
     0     0    8.64994    0  393    9.73559    8.64994  11.2%     -   51s
     0     0    8.65075    0  414    9.73559    8.65075  11.1%     -   52s
     0     0    8.65078    0  415    9.73559    8.65078  11.1%     -   52s
     0     0    8.65725    0  489    9.73559    8.65725  11.1%     -   53s
     0     0    8.65789    0  545    9.73559    8.65789  11.1%     -   54s
     0     0    8.65822    0  444    9.73559    8.65822  11.1%     -   54s
     0     0    8.65833    0  445    9.73559    8.65833  11.1%     -   54s
     0     0    8.66057    0  436    9.73559    8.66057  11.0%     -   55s
H    0     0                       9.7352079    8.66067  11.0%     -   57s
H    0     0                       9.7349860    8.66067  11.0%     -   57s
     0     0    8.66070    0  412    9.73499    8.66070  11.0%     -   58s
     0     0    8.66200    0  445    9.73499    8.66200  11.0%     -   60s
     0     0    8.66240    0  445    9.73499    8.66240  11.0%     -   60s
     0     0    8.66241    0  446    9.73499    8.66241  11.0%     -   60s
     0     0    8.66380    0  524    9.73499    8.66380  11.0%     -   62s
     0     0    8.66574    0  390    9.73499    8.66574  11.0%     -   63s
     0     0    8.66574    0  386    9.73499    8.66574  11.0%     -   63s
     0     2    8.66638    0  383    9.73499    8.66638  11.0%     -   70s
     1     3    8.69799    1  384    9.73499    8.67083  10.9%   534   71s
     4     6    8.78447    2  303    9.73499    8.78185  9.79%   851   75s
    21    21    9.35972   13  360    9.73499    8.78185  9.79%   532   80s
    50    42    9.44604   33  306    9.73499    8.78185  9.79%   366   85s
    94    85    9.23722   69  362    9.73499    8.78185  9.79%   236   90s
   166   153    9.51114  130  344    9.73499    8.78185  9.79%   165   95s
   196   177    8.98360   20  285    9.73499    8.78200  9.79%   169  100s
   220   198    9.29100   38  212    9.73499    8.78200  9.79%   171  105s
   278   236    9.16355    4  417    9.73499    8.83526  9.24%   161  110s
   299   255    9.36450   18  367    9.73499    8.83526  9.24%   170  115s
   321   276    9.41530   35  299    9.73499    8.83526  9.24%   175  120s
   339   284     cutoff   47         9.73499    8.83526  9.24%   197  125s
   369   312    9.64597   73  329    9.73499    8.83526  9.24%   201  130s
   392   323    8.84017    3  353    9.73499    8.83598  9.23%   201  135s
   403   334    9.64272   11  392    9.73499    8.83598  9.23%   212  140s
   419   346    9.71946   22  360    9.73499    8.83598  9.23%   220  145s
   448   365    8.98548    3  342    9.73499    8.84017  9.19%   221  150s
   466   381    9.51487   19  415    9.73499    8.84017  9.19%   226  155s
   492   393    9.04727    6  428    9.73499    8.85131  9.08%   232  160s
   505   406    9.36831   17  391    9.73499    8.85131  9.08%   238  165s
   527   428    9.46376   35  389    9.73499    8.85131  9.08%   240  170s
   568   467    9.54680   75  382    9.73499    8.85131  9.08%   239  175s
   574   472    9.50289   60  386    9.73499    8.85131  9.08%   241  205s
   576   473    9.11345    8  338    9.73499    8.85131  9.08%   240  212s
   577   474    9.25443    8  420    9.73499    8.85131  9.08%   240  220s
   579   475    9.39503    8  451    9.73499    8.85131  9.08%   239  225s
   581   477    9.36159  117  378    9.73499    8.85131  9.08%   238  230s
   582   477    9.37093   12  402    9.73499    8.85131  9.08%   238  235s
   585   479    9.32624  113  573    9.73499    8.85131  9.08%   236  245s
   589   482    9.12491    9  335    9.73499    8.85131  9.08%   235  251s
   590   483    9.59861   30  327    9.73499    8.85131  9.08%   234  255s
   592   484    9.44604   34  376    9.73499    8.85131  9.08%   234  262s
   595   486    9.49463   59  377    9.73499    8.85131  9.08%   233  265s
   597   487    9.22959   60  378    9.73499    8.85131  9.08%   232  275s
   599   489    9.51762   69  441    9.73499    8.85131  9.08%   231  280s
   600   489    9.14435   10  434    9.73499    8.85131  9.08%   231  286s
   602   491    9.47137   50  476    9.73499    8.85131  9.08%   230  291s
   603   491    9.09567   26  417    9.73499    8.85131  9.08%   229  296s
   605   493    9.33953   50  484    9.73499    8.85131  9.08%   229  305s
   607   494    8.96779   15  453    9.73499    8.85640  9.03%   228  317s
   608   495    9.42381   77  480    9.73499    8.85723  9.02%   228  320s
   609   495    9.38639   24  513    9.73499    8.86186  8.97%   227  325s
   610   496    9.64198   63  507    9.73499    8.86186  8.97%   227  334s
   611   497    9.32139   10  507    9.73499    8.86187  8.97%   226  340s
H  611   471                       9.7338439    8.86187  8.96%   359  341s
   612   473    8.86429   15  418    9.73384    8.86251  8.95%   361  351s
H  613   448                       9.7329771    8.86251  8.94%   360  353s
H  613   425                       9.7329684    8.86251  8.94%   360  353s
H  613   403                       9.7318389    8.86251  8.93%   360  353s
H  613   382                       9.7313445    8.86251  8.93%   360  353s
H  614   364                       9.7307933    8.86432  8.90%   362  356s
H  614   345                       9.7307102    8.86432  8.90%   362  357s
   615   347    8.87041   16  420    9.73071    8.87041  8.84%   369  362s
H  616   328                       9.7306877    8.87041  8.84%   368  366s
H  618   312                       9.7303965    8.87041  8.84%   376  371s
   619   315    9.39147   18  426    9.73040    8.87041  8.84%   388  375s
   621   316    9.29622   19  416    9.73040    8.87041  8.84%   391  380s
   624   318    9.69706   21  489    9.73040    8.87041  8.84%   401  390s
   625   319    9.46790   21  466    9.73040    8.87041  8.84%   401  395s
   628   321    9.55321   23  430    9.73040    8.87041  8.84%   403  400s
   631   323    9.55336   24  459    9.73040    8.87041  8.84%   406  406s
   634   324    9.62054   26  371    9.73040    8.87041  8.84%   407  410s
   638   325     cutoff   28         9.73040    8.87041  8.84%   409  415s
   640   324    9.63198   29  365    9.73040    8.87041  8.84%   415  420s
   643   325    9.64412   31  384    9.73040    8.87041  8.84%   421  425s
   647   324    9.64446   32  386    9.73040    8.87041  8.84%   428  434s
   648   322     cutoff   32         9.73040    8.87041  8.84%   429  435s
   651   320    8.95365   17  289    9.73040    8.87047  8.84%   441  443s
   652   321    9.08734   18  341    9.73040    8.87047  8.84%   446  446s
   654   322    9.11489   19  275    9.73040    8.87047  8.84%   450  451s
   655   323    9.28030   19  394    9.73040    8.87047  8.84%   454  455s
   658   325    9.15877   21  223    9.73040    8.87047  8.84%   454  462s
   660   326    9.19539   22  329    9.73040    8.87047  8.84%   459  467s
   661   327    9.30410   22  380    9.73040    8.87047  8.84%   461  470s
   664   327    9.49017   24  395    9.73040    8.87047  8.84%   471  476s
   666   326    9.61650   25  407    9.73040    8.87047  8.84%   476  483s
   667   327    9.49178   25  390    9.73040    8.87047  8.84%   479  485s
   670   329    9.61320   27  371    9.73040    8.87047  8.84%   483  492s
   673   331    9.51317   28  389    9.73040    8.87047  8.84%   485  496s
   676   333    9.53042   30  348    9.73040    8.87047  8.84%   487  500s
   680   334    9.53452   32  364    9.73040    8.87047  8.84%   492  507s
   684   333    9.54813   34  407    9.73040    8.87047  8.84%   494  510s
   688   336    9.55960   36  422    9.73040    8.87047  8.84%   505  525s
   690   337    9.56027   37  447    9.73040    8.87047  8.84%   512  531s
   694   336    9.56794   39  373    9.73040    8.87047  8.84%   521  537s
   697   335    9.62699   40  343    9.73040    8.87047  8.84%   525  541s
   702   334 infeasible   43         9.73040    8.87047  8.84%   529  545s
   705   334    9.63052   45  287    9.73040    8.87047  8.84%   531  550s
   712   332    9.63311   49  320    9.73040    8.87047  8.84%   532  555s
   717   330    8.94989   17  422    9.73040    8.87930  8.75%   535  565s
   719   332    9.20783   18  276    9.73040    8.87930  8.75%   541  570s
   724   335    9.45106   21  349    9.73040    8.87930  8.75%   549  575s
   729   335    9.52154   23  403    9.73040    8.87930  8.75%   556  581s
   735   333    9.65878   28  274    9.73040    8.87930  8.75%   561  585s
   744   331    9.67036   36  273    9.73040    8.87930  8.75%   557  590s
   754   330    9.68587   44  300    9.73040    8.87930  8.75%   555  595s
   761   328     cutoff   48         9.73040    8.87930  8.75%   562  601s
   770   327    9.71278   53  236    9.73040    8.87930  8.75%   563  605s
   783   325    9.72177   59  186    9.73040    8.87930  8.75%   565  610s
   790   323    8.88519   16  409    9.73040    8.88262  8.71%   564  615s
   792   324    9.20906   17  355    9.73040    8.88262  8.71%   571  620s
   794   326    9.35703   18  358    9.73040    8.88262  8.71%   575  625s
   798   327    9.59837   20  394    9.73040    8.88262  8.71%   579  631s
   801   326    9.68338   22  266    9.73040    8.88262  8.71%   582  635s
   804   324    9.19482   16  361    9.73040    9.03771  7.12%   590  640s
   808   326    9.46763   18  323    9.73040    9.03771  7.12%   594  646s
   811   328    9.58830   20  356    9.73040    9.03771  7.12%   596  650s
   816   327    9.57491   23  317    9.73040    9.03771  7.12%   600  655s
   827   328     cutoff   30         9.73040    9.03771  7.12%   599  660s
   834   327    9.63612   36  372    9.73040    9.03771  7.12%   600  665s
   839   327     cutoff   38         9.73040    9.03771  7.12%   609  671s
   842   329    9.67121   40  404    9.73040    9.03771  7.12%   615  675s
   845   330    9.69485   42  332    9.73040    9.03771  7.12%   620  680s
   852   326    9.15846   18  305    9.73040    9.04137  7.08%   626  686s
   855   326    9.30805   20  402    9.73040    9.04137  7.08%   633  690s
   859   329    9.47492   22  386    9.73040    9.04137  7.08%   637  696s
   864   328    9.56972   24  336    9.73040    9.04137  7.08%   639  700s
   872   333    9.61013   28  394    9.73040    9.04137  7.08%   638  706s
   877   334    9.62075   32  360    9.73040    9.04137  7.08%   641  711s
   880   332     cutoff   33         9.73040    9.04137  7.08%   649  716s
   883   332    9.65683   35  383    9.73040    9.04137  7.08%   666  723s
   884   331     cutoff   35         9.73040    9.04137  7.08%   673  725s
   888   329     cutoff   37         9.73040    9.04137  7.08%   686  733s
   889   330    9.66169   38  366    9.73040    9.04137  7.08%   699  737s
   891   329    9.66754   39  386    9.73040    9.04137  7.08%   705  740s
   894   329    9.67017   40  356    9.73040    9.04137  7.08%   715  746s
   898   328    9.67026   43  355    9.73040    9.04137  7.08%   720  750s
   903   327    9.67114   48  361    9.73040    9.04137  7.08%   722  755s
   908   327    9.67228   51  371    9.73040    9.04137  7.08%   729  761s
   911   327    9.67229   53  371    9.73040    9.04137  7.08%   732  765s
   913   327    9.67362   54  319    9.73040    9.04137  7.08%   738  775s
   916   328    9.67362   56  316    9.73040    9.04137  7.08%   738  782s
   918   327     cutoff   57         9.73040    9.04137  7.08%   740  785s
   923   325    9.67563   61  263    9.73040    9.04137  7.08%   739  792s
   925   326    9.67565   63  255    9.73040    9.04137  7.08%   738  795s
   935   326     cutoff   68         9.73040    9.04137  7.08%   735  800s
   946   326    9.68977   75  228    9.73040    9.04137  7.08%   730  805s
   957   327    9.69902   81  282    9.73040    9.04137  7.08%   728  810s
   971   327    9.70293   89  225    9.73040    9.04137  7.08%   723  815s
   981   322     cutoff   19         9.73040    9.07850  6.70%   722  820s
   985   321     cutoff   21         9.73040    9.07850  6.70%   725  825s
   990   318    9.40584   19  416    9.73040    9.07871  6.70%   731  831s
   993   316     cutoff   21         9.73040    9.07871  6.70%   734  836s
   996   316     cutoff   22         9.73040    9.07871  6.70%   736  840s
   999   314     cutoff   24         9.73040    9.07871  6.70%   740  846s
  1001   314    9.18406   19  370    9.73040    9.08734  6.61%   743  850s
  1003   315    9.50504   21  401    9.73040    9.08734  6.61%   746  855s
  1007   316    9.65299   25  385    9.73040    9.08734  6.61%   749  860s
  1017   315    9.67918   35  227    9.73040    9.08734  6.61%   745  865s
  1026   316     cutoff   41         9.73040    9.08734  6.61%   744  870s
  1041   325    9.71693   54  171    9.73040    9.08734  6.61%   737  875s
  1047   321    9.46296   20  452    9.73040    9.08752  6.61%   740  880s
  1051   321     cutoff   22         9.73040    9.08752  6.61%   743  886s
  1054   319    9.27111   19  513    9.73040    9.12469  6.22%   747  890s
  1058   320     cutoff   23         9.73040    9.12469  6.22%   749  895s
  1062   322    9.63655   23  272    9.73040    9.12469  6.22%   751  901s
  1066   321    9.65407   25  404    9.73040    9.12469  6.22%   758  906s
  1070   316     cutoff   24         9.73040    9.12469  6.22%   761  910s
  1073   316     cutoff   22         9.73040    9.12489  6.22%   764  916s
  1079   315    9.58403   28  340    9.73040    9.12489  6.22%   763  920s
  1085   313     cutoff   34         9.73040    9.12489  6.22%   765  925s
  1092   314    9.67236   40  321    9.73040    9.12489  6.22%   766  930s
  1098   317    9.68447   46  303    9.73040    9.12489  6.22%   767  935s
  1107   315    9.68598   55  290    9.73040    9.12489  6.22%   764  940s
  1115   317    9.69373   63  279    9.73040    9.12489  6.22%   765  945s
  1121   320    9.70031   69  222    9.73040    9.12489  6.22%   770  950s
  1129   323    9.70873   77  194    9.73040    9.12489  6.22%   772  955s
  1142   327    9.70982   90  202    9.73040    9.12489  6.22%   766  960s
  1149   324    9.52783   22  424    9.73040    9.18412  5.61%   766  965s
  1154   324    9.66552   25  430    9.73040    9.18412  5.61%   767  970s
  1159   321     cutoff   26         9.73040    9.18412  5.61%   772  975s
  1162   321    9.34495   21  454    9.73040    9.19252  5.53%   773  980s
  1166   323    9.57267   24  353    9.73040    9.19252  5.53%   775  985s
  1171   321    9.60942   28  373    9.73040    9.19252  5.53%   777  990s
  1179   319    9.62521   36  293    9.73040    9.19252  5.53%   774  995s
  1187   317    9.63692   44  299    9.73040    9.19252  5.53%   771 1000s
  1199   318    9.67417   56  275    9.73040    9.19252  5.53%   768 1005s
  1211   315    9.67617   68  263    9.73040    9.19252  5.53%   761 1010s
  1223   320    9.71134   76  252    9.73040    9.19252  5.53%   760 1015s
  1229   316    9.51450   21  416    9.73040    9.20167  5.43%   760 1020s
  1233   312     cutoff   22         9.73040    9.20167  5.43%   765 1025s
  1236   310     cutoff   22         9.73040    9.20218  5.43%   772 1032s
  1238   312    9.65494   21  363    9.73040    9.21026  5.35%   775 1037s
  1242   310    9.64888   22  288    9.73040    9.21026  5.35%   777 1041s
  1247   308    9.30124   19  336    9.73040    9.21028  5.35%   778 1045s
  1251   306     cutoff   22         9.73040    9.21028  5.35%   781 1050s
  1257   304    9.53889   18  328    9.73040    9.24846  4.95%   783 1057s
  1260   304    9.63859   20  361    9.73040    9.24846  4.95%   783 1060s
  1265   301     cutoff   22         9.73040    9.24846  4.95%   786 1066s
  1268   300    9.41717   18  426    9.73040    9.24848  4.95%   788 1070s
  1273   300    9.58525   23  355    9.73040    9.24848  4.95%   787 1075s
  1281   299    9.64277   31  362    9.73040    9.24848  4.95%   785 1080s
  1290   299    9.67111   40  349    9.73040    9.24848  4.95%   783 1085s
  1299   296    9.67454   49  347    9.73040    9.24848  4.95%   780 1090s
  1311   292    9.68204   61  308    9.73040    9.24848  4.95%   774 1095s
  1321   293    9.30998   18  321    9.73040    9.26751  4.76%   771 1100s
  1324   293    9.50963   20  422    9.73040    9.26751  4.76%   776 1106s
  1326   293    9.65877   22  355    9.73040    9.26751  4.76%   778 1110s
  1333   294    9.67946   29  318    9.73040    9.26751  4.76%   776 1115s
  1343   297    9.69625   39  281    9.73040    9.26751  4.76%   773 1120s
  1354   297    9.70608   46  271    9.73040    9.26751  4.76%   771 1125s
  1365   296    9.72639   54  293    9.73040    9.26751  4.76%   769 1130s
  1368   296    9.66722   22  351    9.73040    9.28030  4.63%   773 1136s
  1372   293    9.42267   20  398    9.73040    9.28057  4.62%   776 1140s
  1375   292     cutoff   23         9.73040    9.28057  4.62%   779 1145s
  1380   293    9.52479   24  346    9.73040    9.28057  4.62%   779 1150s
  1385   289     cutoff   24         9.73040    9.28057  4.62%   781 1155s
  1388   289    9.54025   21  479    9.73040    9.28248  4.60%   784 1160s
  1392   287     cutoff   24         9.73040    9.28248  4.60%   786 1165s
  1396   286    9.61039   20  443    9.73040    9.28666  4.56%   788 1172s
  1399   285    9.62930   21  437    9.73040    9.28666  4.56%   788 1175s
  1403   284    9.51511   21  411    9.73040    9.28666  4.56%   790 1180s
  1408   280     cutoff   24         9.73040    9.28666  4.56%   792 1185s
  1411   279    9.64293   24  295    9.73040    9.30680  4.35%   794 1190s
  1419   279    9.72073   31  210    9.73040    9.30680  4.35%   795 1195s
  1429   277    9.49922   21  582    9.73040    9.30741  4.35%   794 1200s
  1434   274    9.66356   22  448    9.73040    9.30741  4.35%   794 1205s
  1439   271    9.46723   19  408    9.73040    9.32629  4.15%   797 1211s
  1443   271    9.66980   23  303    9.73040    9.32629  4.15%   799 1215s
  1453   271    9.71023   33  246    9.73040    9.32629  4.15%   797 1222s
  1459   271    9.71638   38  216    9.73040    9.32629  4.15%   796 1225s
  1468   265     cutoff   20         9.73040    9.34344  3.98%   800 1231s
  1472   264    9.47675   22  388    9.73040    9.35703  3.84%   803 1236s
  1474   265    9.54736   24  387    9.73040    9.35703  3.84%   803 1243s
  1476   266    9.58808   26  297    9.73040    9.35703  3.84%   803 1245s
  1485   271    9.62402   35  325    9.73040    9.35703  3.84%   800 1250s
  1486   270     cutoff   36         9.73040    9.35703  3.84%   822 1269s
  1487   271    9.62575   36  340    9.73040    9.35703  3.84%   822 1275s
  1494   272    9.64863   42  328    9.73040    9.35703  3.84%   821 1280s
  1502   275    9.69935   50  294    9.73040    9.35703  3.84%   820 1285s
  1510   278    9.70435   58  290    9.73040    9.35703  3.84%   820 1290s
  1517   281    9.70940   65  237    9.73040    9.35703  3.84%   822 1295s
  1532   283    9.72756   79  225    9.73040    9.35703  3.84%   817 1300s
  1542   281     cutoff   21         9.73040    9.35703  3.84%   815 1305s
  1544   281    9.38820   19  497    9.73040    9.36811  3.72%   817 1311s
  1546   283    9.53566   21  367    9.73040    9.36811  3.72%   818 1315s
  1552   282    9.65525   21  436    9.73040    9.36812  3.72%   819 1322s
  1555   281     cutoff   23         9.73040    9.36812  3.72%   820 1325s
  1556   281    9.40502   21  375    9.73040    9.37140  3.69%   821 1330s
  1559   282     cutoff   23         9.73040    9.37140  3.69%   824 1336s
  1562   281     cutoff   25         9.73040    9.37140  3.69%   827 1340s
  1566   281    9.52892   21  370    9.73040    9.39006  3.50%   830 1346s
  1570   279     cutoff   22         9.73040    9.39006  3.50%   831 1350s
  1572   279    9.46564   20  363    9.73040    9.39154  3.48%   834 1355s
  1576   278    9.40360   19  384    9.73040    9.39212  3.48%   836 1362s
  1579   279    9.71815   21  519    9.73040    9.39212  3.48%   837 1365s
  1583   277 infeasible   21         9.73040    9.39212  3.48%   839 1370s
  1589   277    9.61792   20  366    9.73040    9.39280  3.47%   840 1375s
  1592   274     cutoff   22         9.73040    9.39583  3.44%   843 1380s
  1595   275    9.70327   20  415    9.73040    9.39697  3.43%   845 1385s
  1599   275    9.62677   23  379    9.73040    9.39734  3.42%   849 1391s
  1602   276    9.67965   25  281    9.73040    9.39734  3.42%   852 1395s
  1611   275     cutoff   22         9.73040    9.41130  3.28%   853 1400s
  1616   272     cutoff   22         9.73040    9.41765  3.21%   854 1405s
  1618   274    9.57533   21  411    9.73040    9.41797  3.21%   855 1411s
  1623   274    9.59412   22  457    9.73040    9.41797  3.21%   857 1417s
  1626   276    9.66525   25  301    9.73040    9.41797  3.21%   857 1420s
  1631   273    9.72060   23  314    9.73040    9.42677  3.12%   860 1425s
  1635   274    9.55998   22  360    9.73040    9.43739  3.01%   861 1430s
  1639   275    9.60524   25  355    9.73040    9.43739  3.01%   861 1437s
  1642   274     cutoff   27         9.73040    9.43739  3.01%   862 1440s
  1648   275    9.60647   30  381    9.73040    9.43739  3.01%   861 1445s
  1658   278    9.62584   40  348    9.73040    9.43739  3.01%   857 1450s
  1670   285    9.63448   50  411    9.73040    9.43739  3.01%   855 1456s
  1673   286     cutoff   53         9.73040    9.43739  3.01%   858 1460s
  1674   287    9.65020   53  387    9.73040    9.43739  3.01%   859 1475s
  1677   290    9.65278   56  368    9.73040    9.43739  3.01%   863 1482s
  1682   295    9.65420   61  387    9.73040    9.43739  3.01%   863 1485s
  1685   297    9.66589   64  316    9.73040    9.43739  3.01%   867 1491s
  1689   301    9.66601   68  311    9.73040    9.43739  3.01%   868 1495s
  1695   305    9.66946   74  320    9.73040    9.43739  3.01%   869 1500s
  1703   310    9.67200   82  307    9.73040    9.43739  3.01%   868 1505s
  1712   316    9.67225   90  308    9.73040    9.43739  3.01%   867 1510s
  1724   325    9.67653  102  261    9.73040    9.43739  3.01%   864 1515s
  1739   333    9.68706  117  223    9.73040    9.43739  3.01%   858 1520s
  1747   331    9.66393   23  357    9.73040    9.44103  2.97%   858 1525s
  1758   331    9.57457   23  419    9.73040    9.45469  2.83%   854 1530s
  1765   328    9.58859   21  491    9.73040    9.46437  2.73%   855 1536s
  1770   327     cutoff   23         9.73040    9.46437  2.73%   858 1541s
  1772   327    9.66540   21  488    9.73040    9.46521  2.73%   860 1546s
  1776   325     cutoff   22         9.73040    9.46521  2.73%   860 1550s
  1779   324    9.57832   21  325    9.73040    9.47675  2.61%   864 1556s
  1789   330    9.63446   29  349    9.73040    9.47675  2.61%   862 1561s
  1792   333    9.70018   32  344    9.73040    9.47675  2.61%   864 1565s
  1803   333    9.67308   24  401    9.73040    9.48002  2.57%   862 1570s
  1806   333    9.71498   22  381    9.73040    9.48626  2.51%   864 1575s
  1812   333    9.69664   24  324    9.73040    9.49174  2.45%   866 1580s
  1815   332    9.50464   21  455    9.73040    9.49194  2.45%   866 1585s
  1820   330     cutoff   24         9.73040    9.49194  2.45%   867 1590s
  1823   330    9.63560   22  322    9.73040    9.49511  2.42%   869 1595s
  1829   329     cutoff   24         9.73040    9.50986  2.27%   870 1600s
  1834   327     cutoff   23         9.73040    9.51403  2.22%   872 1605s
  1837   324     cutoff   24         9.73040    9.52155  2.15%   875 1610s
  1843   325    9.68589   25  285    9.73040    9.52458  2.12%   877 1615s
  1849   325    9.61266   29  348    9.73040    9.53425  2.02%   878 1620s
  1853   323    9.62564   32  367    9.73040    9.53431  2.02%   882 1626s
  1857   322     cutoff   35         9.73040    9.53431  2.02%   883 1630s
  1862   323    9.64890   26  404    9.73040    9.55321  1.82%   884 1635s
  1870   324    9.70488   33  262    9.73040    9.55321  1.82%   883 1640s
  1877   323    9.71010   24  402    9.73040    9.55321  1.82%   884 1645s
  1881   321     cutoff   26         9.73040    9.55851  1.77%   885 1650s
  1885   323    9.71017   25  364    9.73040    9.55948  1.76%   887 1655s
  1889   321    9.69680   21  408    9.73040    9.56114  1.74%   890 1661s
  1895   320     cutoff   23         9.73040    9.56114  1.74%   892 1665s
  1900   320    9.66839   24  431    9.73040    9.56318  1.72%   893 1670s
  1904   316    9.70557   23  347    9.73040    9.56342  1.72%   895 1675s
  1906   315    9.67710   23  336    9.73040    9.56718  1.68%   897 1680s
  1913   315     cutoff   28         9.73040    9.56934  1.66%   896 1685s
  1924   314    9.68035   37  325    9.73040    9.56959  1.65%   893 1691s
  1929   310     cutoff   24         9.73040    9.57590  1.59%   894 1695s
  1935   312    9.62742   29  314    9.73040    9.58045  1.54%   895 1700s
  1941   316    9.64244   34  347    9.73040    9.58045  1.54%   894 1705s
  1951   326    9.67683   44  387    9.73040    9.58045  1.54%   891 1710s
  1965   328     cutoff   34         9.73040    9.58808  1.46%   891 1717s
  1968   325     cutoff   29         9.73040    9.59241  1.42%   893 1720s
  1973   326    9.61403   27  329    9.73040    9.59294  1.41%   893 1725s
  1984   328    9.62421   38  272    9.73040    9.59294  1.41%   889 1730s
  1994   328    9.62809   47  285    9.73040    9.59294  1.41%   886 1735s
  1999   328    9.65785   50  317    9.73040    9.59294  1.41%   887 1740s
  2005   330    9.67438   55  295    9.73040    9.59294  1.41%   887 1745s
  2015   337    9.68144   65  294    9.73040    9.59294  1.41%   885 1750s
  2023   345    9.68453   73  261    9.73040    9.59294  1.41%   884 1755s
  2032   344    9.60218   30  343    9.73040    9.59332  1.41%   884 1761s
  2035   346    9.65253   33  458    9.73040    9.59332  1.41%   885 1765s
  2042   347    9.64136   35  346    9.73040    9.59332  1.41%   885 1771s
  2050   352    9.65843   42  334    9.73040    9.59332  1.41%   883 1775s
  2064   354     cutoff   54         9.73040    9.59332  1.41%   880 1780s
  2073   358    9.64540   33  317    9.73040    9.59379  1.40%   880 1785s
  2080   363    9.65895   40  358    9.73040    9.59379  1.40%   880 1790s
  2088   370    9.68856   48  315    9.73040    9.59379  1.40%   880 1795s
  2093   372    9.70453   53  313    9.73040    9.59379  1.40%   882 1800s
  2105   382    9.70579   65  262    9.73040    9.59379  1.40%   880 1805s
  2120   390    9.72916   80  125    9.73040    9.59379  1.40%   877 1810s
  2133   390    9.63582   26  432    9.73040    9.59412  1.40%   876 1815s
  2140   395    9.68703   33  380    9.73040    9.59412  1.40%   875 1820s
  2152   395    9.72399   22  371    9.73040    9.59560  1.39%   875 1827s
  2155   392     cutoff   25         9.73040    9.59564  1.38%   877 1830s
  2158   391     cutoff   23         9.73040    9.59619  1.38%   879 1835s
  2166   391    9.62973   31  336    9.73040    9.59837  1.36%   877 1840s
  2175   396    9.65556   40  319    9.73040    9.59837  1.36%   875 1845s
  2184   402    9.67636   48  345    9.73040    9.59837  1.36%   874 1850s
  2189   407    9.69739   53  309    9.73040    9.59837  1.36%   877 1855s
  2195   411    9.71017   58  266    9.73040    9.59837  1.36%   878 1860s
  2201   413    9.71064   61  244    9.73040    9.59837  1.36%   880 1865s
  2209   414    9.60845   21  398    9.73040    9.59939  1.35%   882 1872s
  2212   413    9.64023   30  353    9.73040    9.60100  1.33%   884 1875s
H 2213   412                       9.7302931    9.60100  1.33%   884 1877s
H 2213   412                       9.7299576    9.60100  1.33%   884 1877s
H 2213   412                       9.7298775    9.60100  1.32%   884 1877s
  2216   415    9.68434   34  377    9.72988    9.60100  1.32%   883 1880s
  2230   416    9.63716   31  336    9.72988    9.60211  1.31%   880 1885s
  2241   421    9.70382   40  316    9.72988    9.60234  1.31%   878 1890s
H 2249   416                       9.7295715    9.60243  1.31%   879 1894s
  2250   418    9.67836   28  315    9.72957    9.60243  1.31%   879 1895s
  2262   418     cutoff   35         9.72957    9.60243  1.31%   878 1900s
  2272   418    9.65034   31  396    9.72957    9.60293  1.30%   876 1905s
  2277   421    9.69115   33  322    9.72957    9.60293  1.30%   880 1912s
  2280   422    9.68691   36  371    9.72957    9.60293  1.30%   880 1915s
  2291   420     cutoff   42         9.72957    9.60293  1.30%   878 1920s
  2301   421    9.70954   32  270    9.72957    9.60296  1.30%   877 1925s
  2307   418    9.63895   31  384    9.72957    9.60782  1.25%   879 1931s
  2312   422    9.66697   36  353    9.72957    9.60782  1.25%   878 1935s
  2327   432    9.68791   50  333    9.72957    9.60782  1.25%   875 1940s
  2342   442 infeasible   64         9.72957    9.60782  1.25%   872 1945s
  2357   447    9.64136   26  317    9.72957    9.60782  1.25%   869 1950s
  2373   448     cutoff   30         9.72957    9.60942  1.23%   866 1955s
  2383   451    9.65984   36  363    9.72957    9.60942  1.23%   865 1960s
H 2390   452                       9.7295262    9.60942  1.23%   865 1980s
  2390   454    9.69923   42  332    9.72953    9.60942  1.23%   867 1994s
  2391   453     cutoff   43         9.72953    9.60942  1.23%   867 1995s
  2396   454    9.70376   46  302    9.72953    9.60942  1.23%   869 2000s
  2403   460    9.70820   53  294    9.72953    9.60942  1.23%   870 2005s
  2415   471    9.71565   65  273    9.72953    9.60942  1.23%   868 2010s
  2427   472    9.63974   33  388    9.72953    9.60947  1.23%   867 2015s
  2438   473    9.68312   44  427    9.72953    9.60947  1.23%   864 2020s
  2452   474    9.67052   31  449    9.72953    9.61258  1.20%   862 2025s
  2457   471     cutoff   27         9.72953    9.61527  1.17%   864 2030s
  2460   470    9.64523   28  339    9.72953    9.61572  1.17%   866 2035s
  2467   473    9.69653   34  258    9.72953    9.61572  1.17%   866 2041s
  2475   480    9.70712   42  242    9.72953    9.61572  1.17%   865 2045s
  2485   480     cutoff   29         9.72953    9.61579  1.17%   866 2052s
  2488   479    9.63827   29  388    9.72953    9.61768  1.15%   867 2055s
  2498   489    9.67939   39  331    9.72953    9.61768  1.15%   865 2060s
  2508   491    9.70746   23  256    9.72953    9.61892  1.14%   865 2065s
  2516   491    9.62084   29  328    9.72953    9.61985  1.13%   863 2070s
  2522   495    9.67337   34  329    9.72953    9.61985  1.13%   864 2075s
  2534   503    9.68716   44  348    9.72953    9.61985  1.13%   863 2080s
  2540   509    9.69224   50  307    9.72953    9.61985  1.13%   862 2085s
  2554   521    9.69569   63  297    9.72953    9.61985  1.13%   859 2090s
  2570   530    9.71584   77  301    9.72953    9.61985  1.13%   856 2095s
  2582   533    9.71028   22  419    9.72953    9.62239  1.10%   854 2100s
  2587   530    9.67329   30  354    9.72953    9.62419  1.08%   856 2105s
  2598   528    9.66514   33  372    9.72953    9.62535  1.07%   854 2110s
  2602   524     cutoff   32         9.72953    9.62584  1.07%   856 2115s
  2607   529    9.66714   46  376    9.72953    9.62677  1.06%   857 2120s
  2613   532    9.67297   52  391    9.72953    9.62677  1.06%   857 2125s
  2622   536    9.67533   60  388    9.72953    9.62677  1.06%   856 2130s
  2633   540    9.70992   67  275    9.72953    9.62677  1.06%   855 2135s
  2639   536    9.63512   28  389    9.72953    9.62736  1.05%   857 2140s
  2644   531     cutoff   28         9.72953    9.62808  1.04%   860 2145s
  2648   531    9.66080   49  323    9.72953    9.62894  1.03%   861 2150s
  2656   534     cutoff   56         9.72953    9.62894  1.03%   861 2155s
  2668   542    9.69674   65  293    9.72953    9.62894  1.03%   858 2160s
  2686   551     cutoff   78         9.72953    9.62894  1.03%   854 2165s
  2698   551    9.65142   32  297    9.72953    9.62903  1.03%   853 2170s
  2707   551    9.66469   39  328    9.72953    9.62903  1.03%   853 2175s
  2713   553    9.67198   44  346    9.72953    9.62903  1.03%   854 2180s
  2719   556    9.72561   50  158    9.72953    9.62903  1.03%   856 2185s
  2736   556 infeasible   36         9.72953    9.62976  1.03%   854 2190s
  2743   551     cutoff   26         9.72953    9.63044  1.02%   855 2196s
  2748   548    9.66815   28  414    9.72953    9.63114  1.01%   856 2200s
  2757   552    9.72318   33  301    9.72953    9.63114  1.01%   855 2205s
  2767   550    9.66128   31  359    9.72953    9.63153  1.01%   855 2210s
  2776   551    9.67177   27  334    9.72953    9.63244  1.00%   856 2216s
  2779   551    9.68667   29  326    9.72953    9.63244  1.00%   858 2220s
  2788   552    9.66818   38  301    9.72953    9.63251  1.00%   859 2226s
  2795   547     cutoff   36         9.72953    9.63440  0.98%   860 2230s
  2801   548    9.65059   44  382    9.72953    9.63443  0.98%   861 2235s
  2810   551    9.66875   49  368    9.72953    9.63443  0.98%   861 2240s
  2820   550     cutoff   56         9.72953    9.63443  0.98%   859 2245s
  2827   546    9.70952   52  329    9.72953    9.63655  0.96%   860 2250s
  2831   543     cutoff   26         9.72953    9.63690  0.95%   863 2256s
  2835   539     cutoff   30         9.72953    9.63795  0.94%   864 2260s
  2839   539    9.67466   29  432    9.72953    9.63827  0.94%   865 2265s
  2847   538     cutoff   30         9.72953    9.63964  0.92%   864 2270s
  2853   544    9.67214   35  321    9.72953    9.63991  0.92%   864 2275s
  2861   545     cutoff   39         9.72953    9.63991  0.92%   866 2280s
  2869   542     cutoff   32         9.72953    9.64106  0.91%   866 2285s
  2875   541    9.67984   38  282    9.72953    9.64143  0.91%   866 2291s
  2885   546    9.72220   47  285    9.72953    9.64143  0.91%   866 2295s
  2895   546    9.65527   32  299    9.72953    9.64235  0.90%   865 2300s
  2903   552    9.67528   39  263    9.72953    9.64235  0.90%   866 2305s
  2910   556    9.70988   46  321    9.72953    9.64235  0.90%   867 2310s
  2917   560    9.71614   52  248    9.72953    9.64235  0.90%   868 2316s
  2924   564    9.71954   59  215    9.72953    9.64235  0.90%   867 2320s
  2930   567    9.72048   65  210    9.72953    9.64235  0.90%   867 2325s
H 2936   563                       9.7295194    9.64246  0.89%   867 2332s
H 2936   563                       9.7294863    9.64246  0.89%   867 2332s
  2941   570    9.67342   40  285    9.72949    9.64521  0.87%   869 2335s
  2953   580    9.70291   51  268    9.72949    9.64521  0.87%   868 2340s
  2966   586    9.67673   39  292    9.72949    9.64523  0.87%   866 2345s
  2978   590    9.67816   31  342    9.72949    9.64524  0.87%   866 2350s
  2985   590    9.71309   36  357    9.72949    9.64524  0.87%   867 2355s
  2992   597    9.71746   43  274    9.72949    9.64524  0.87%   867 2360s
  3002   593 infeasible   32         9.72949    9.64549  0.86%   867 2365s
  3007   588     cutoff   50         9.72949    9.64648  0.85%   869 2370s
  3013   591    9.67172   36  348    9.72949    9.64682  0.85%   870 2375s
  3023   601    9.69528   46  294    9.72949    9.64682  0.85%   870 2380s
  3038   613    9.72214   59  251    9.72949    9.64682  0.85%   869 2385s
  3062   611    9.67970   39  327    9.72949    9.64829  0.83%   865 2390s
  3067   606     cutoff   40         9.72949    9.64863  0.83%   867 2395s
  3070   603     cutoff   44         9.72949    9.64946  0.82%   869 2400s
  3075   606    9.70188   34  325    9.72949    9.65020  0.81%   869 2407s
  3077   607    9.70904   36  352    9.72949    9.65020  0.81%   872 2410s
  3086   609    9.71292   56  345    9.72949    9.65042  0.81%   872 2415s
  3094   608    9.66200   45  386    9.72949    9.65075  0.81%   873 2421s
  3100   613    9.66808   51  349    9.72949    9.65075  0.81%   872 2425s
  3106   619    9.68135   57  305    9.72949    9.65075  0.81%   874 2430s
  3118   627     cutoff   69         9.72949    9.65075  0.81%   873 2435s
  3127   626    9.67045   55  361    9.72949    9.65114  0.81%   874 2440s
  3132   629    9.67753   59  367    9.72949    9.65114  0.81%   876 2445s
  3137   633    9.72151   64  273    9.72949    9.65114  0.81%   878 2450s
  3149   640    9.68590   73  288    9.72949    9.65114  0.81%   879 2455s
  3161   648    9.69055   85  283    9.72949    9.65114  0.81%   877 2460s
  3182   664    9.69476  105  298    9.72949    9.65114  0.81%   873 2465s
  3195   670    9.70276  115  299    9.72949    9.65114  0.81%   871 2470s
  3207   665     cutoff   24         9.72949    9.65227  0.79%   871 2476s
  3210   664    9.66410   45  352    9.72949    9.65243  0.79%   873 2480s
  3220   672    9.68952   54  301    9.72949    9.65243  0.79%   874 2487s
  3229   681    9.69225   63  265    9.72949    9.65243  0.79%   873 2490s
  3245   691    9.69638   76  236    9.72949    9.65243  0.79%   870 2495s
  3261   691     cutoff   42         9.72949    9.65258  0.79%   869 2500s
  3265   693    9.69766   58  322    9.72949    9.65261  0.79%   871 2505s
  3273   689     cutoff   35         9.72949    9.65278  0.79%   872 2510s
  3278   694    9.68067   62  319    9.72949    9.65298  0.79%   874 2515s
  3285   699     cutoff   69         9.72949    9.65298  0.79%   875 2520s
  3297   709    9.69073   80  280    9.72949    9.65298  0.79%   875 2525s
  3306   707     cutoff   30         9.72949    9.65302  0.79%   876 2530s
  3311   708    9.66857   48  305    9.72949    9.65347  0.78%   879 2536s
  3317   713    9.67673   54  307    9.72949    9.65347  0.78%   879 2540s
  3355   729     cutoff   42         9.72949    9.65408  0.77%   871 2545s
  3362   729 infeasible   63         9.72949    9.65412  0.77%   873 2550s
  3367   732    9.68146   35  302    9.72949    9.65420  0.77%   873 2555s
  3372   736    9.69333   40  300    9.72949    9.65420  0.77%   875 2560s
  3383   745    9.71253   51  222    9.72949    9.65420  0.77%   875 2565s
  3406   758    9.71918   74  223    9.72949    9.65420  0.77%   870 2570s
  3428   765    9.66861   62  349    9.72949    9.65424  0.77%   867 2576s
  3432   769    9.68117   66  321    9.72949    9.65424  0.77%   868 2581s
  3437   773    9.68549   71  282    9.72949    9.65424  0.77%   871 2586s
  3442   776    9.68508   72  287    9.72949    9.65424  0.77%   872 2590s
  3454   786    9.68858   82  240    9.72949    9.65424  0.77%   872 2595s
  3468   796    9.69263   95  313    9.72949    9.65424  0.77%   871 2600s
  3480   808    9.69440  105  331    9.72949    9.65424  0.77%   869 2605s
  3501   817    9.69429  123  273    9.72949    9.65424  0.77%   864 2610s
  3525   831    9.69627  142  205    9.72949    9.65424  0.77%   860 2615s
  3550   842    9.69947  166  206    9.72949    9.65424  0.77%   854 2620s
  3577   854    9.69987  193  194    9.72949    9.65424  0.77%   849 2625s
  3599   868    9.70023  215  191    9.72949    9.65424  0.77%   844 2630s
  3625   885    9.70058  241  189    9.72949    9.65424  0.77%   838 2635s
  3647   897    9.70302  263  183    9.72949    9.65424  0.77%   834 2640s
  3655   893 infeasible   35         9.72949    9.65519  0.76%   834 2645s
  3659   897    9.69375   35  330    9.72949    9.65536  0.76%   836 2650s
  3669   905    9.69790   45  321    9.72949    9.65536  0.76%   836 2655s
  3676   912    9.71352   52  210    9.72949    9.65536  0.76%   837 2660s
  3689   913     cutoff   43         9.72949    9.65556  0.76%   836 2665s
  3692   911    9.70030   31  265    9.72949    9.65621  0.75%   838 2670s
  3698   915     cutoff   37         9.72949    9.65621  0.75%   840 2675s
  3705   917    9.72775   41  294    9.72949    9.65621  0.75%   841 2680s
  3713   916    9.71173   46  313    9.72949    9.65644  0.75%   842 2685s
  3719   914     cutoff   50         9.72949    9.65644  0.75%   844 2690s
  3727   915    9.72791   37  236    9.72949    9.65694  0.75%   845 2695s
  3738   911    9.69783   64  246    9.72949    9.65763  0.74%   846 2700s
  3753   913    9.70326   52  260    9.72949    9.65776  0.74%   845 2705s
  3766   909    9.72501   30  372    9.72949    9.65843  0.73%   846 2711s
  3771   910    9.70847   25  313    9.72949    9.65897  0.72%   847 2715s
  3783   910    9.67829   29  405    9.72949    9.65912  0.72%   846 2720s
  3798   918     cutoff   42         9.72949    9.65912  0.72%   846 2725s
  3802   917    9.65934   55  360    9.72949    9.65934  0.72%   847 2730s
  3806   919    9.66865   58  390    9.72949    9.65943  0.72%   849 2735s
  3812   924    9.67511   64  381    9.72949    9.65943  0.72%   850 2740s
  3825   937    9.68231   77  246    9.72949    9.65943  0.72%   849 2745s
  3843   951    9.71718   95  262    9.72949    9.65943  0.72%   847 2750s
  3849   947     cutoff   39         9.72949    9.65993  0.71%   849 2755s
  3855   948    9.71971   41  281    9.72949    9.66057  0.71%   851 2760s
  3870   950    9.70628   34  272    9.72949    9.66146  0.70%   850 2765s
  3886   952 infeasible   34         9.72949    9.66158  0.70%   850 2770s
  3889   951    9.71609   33  286    9.72949    9.66200  0.69%   851 2775s
  3897   952    9.69345   49  281    9.72949    9.66209  0.69%   852 2780s
  3903   950    9.71721   52  178    9.72949    9.66235  0.69%   853 2785s
  3927   963    9.72028   76  202    9.72949    9.66235  0.69%   849 2790s
  3952   980    9.72732  101  106    9.72949    9.66235  0.69%   844 2795s
  3970   975    9.69268   46  328    9.72949    9.66478  0.67%   843 2801s
  3976   971    9.71897   39  317    9.72949    9.66502  0.66%   844 2806s
  3982   967     cutoff   47         9.72949    9.66577  0.65%   845 2810s
  3997   965     cutoff   45         9.72949    9.66598  0.65%   845 2815s
  4002   960     cutoff   45         9.72949    9.66614  0.65%   847 2821s
  4005   963    9.71882   49  283    9.72949    9.66615  0.65%   849 2825s
  4014   971    9.72030   58  266    9.72949    9.66615  0.65%   848 2830s
  4027   972     cutoff   39         9.72949    9.66641  0.65%   847 2835s
  4034   967     cutoff   37         9.72949    9.66700  0.64%   849 2840s
  4037   966    9.67348   50  316    9.72949    9.66716  0.64%   851 2846s
  4041   968    9.71084   52  219    9.72949    9.66716  0.64%   852 2850s
  4053   976    9.71573   58  184    9.72949    9.66716  0.64%   853 2855s
  4073   979     cutoff   68         9.72949    9.66716  0.64%   852 2860s
  4096   991    9.72550   81  110    9.72949    9.66716  0.64%   849 2865s
  4111   986    9.71379   40  391    9.72949    9.66762  0.64%   849 2871s
  4117   985    9.69052   35  358    9.72949    9.66787  0.63%   849 2876s
  4126   990     cutoff   44         9.72949    9.66787  0.63%   849 2880s
  4139   999    9.70143   55  302    9.72949    9.66787  0.63%   848 2885s
  4157  1004    9.70704   73  291    9.72949    9.66787  0.63%   844 2890s
  4179  1004    9.71888   47  342    9.72949    9.66796  0.63%   842 2895s
  4188   999     cutoff   52         9.72949    9.66827  0.63%   844 2903s
  4189  1000    9.67600   58  370    9.72949    9.66828  0.63%   844 2907s
  4195  1000     cutoff   63         9.72949    9.66828  0.63%   845 2910s
  4207  1009    9.68072   72  329    9.72949    9.66828  0.63%   845 2915s
  4227  1022    9.70489   87  296    9.72949    9.66828  0.63%   843 2920s
  4241  1026    9.70558   44  302    9.72949    9.66845  0.63%   843 2925s
  4254  1027    9.69732   49  281    9.72949    9.66861  0.63%   843 2930s
  4262  1025    9.72258   50  263    9.72949    9.66864  0.63%   844 2935s
  4271  1022     cutoff   60         9.72949    9.66873  0.62%   846 2940s
  4282  1025    9.69436   41  271    9.72949    9.66906  0.62%   846 2945s
  4303  1030     cutoff   73         9.72949    9.66907  0.62%   845 2951s
  4306  1027     cutoff   32         9.72949    9.66916  0.62%   846 2955s
  4315  1034    9.70126   47  270    9.72949    9.66946  0.62%   847 2960s
  4329  1030     cutoff   76         9.72949    9.66947  0.62%   848 2965s
  4336  1027     cutoff   31         9.72949    9.66975  0.61%   849 2971s
  4341  1022     cutoff   36         9.72949    9.66992  0.61%   851 2976s
  4343  1022     cutoff   54         9.72949    9.67003  0.61%   852 2980s
  4350  1023    9.71646   54  241    9.72949    9.67009  0.61%   854 2985s
  4358  1025    9.71979   56  202    9.72949    9.67009  0.61%   853 2992s
  4366  1032    9.72196   64  183    9.72949    9.67009  0.61%   853 2995s
  4392  1040     cutoff   32         9.72949    9.67020  0.61%   849 3000s
  4400  1040    9.68136   57  300    9.72949    9.67054  0.61%   850 3005s
  4419  1046    9.67582   33  372    9.72949    9.67083  0.60%   849 3011s
  4424  1051    9.69502   38  379    9.72949    9.67083  0.60%   849 3015s
  4430  1057    9.71402   44  257    9.72949    9.67083  0.60%   850 3020s
  4441  1058     cutoff   46         9.72949    9.67083  0.60%   850 3025s
  4444  1056    9.69332   40  310    9.72949    9.67117  0.60%   852 3030s
  4452  1063    9.72670   48  278    9.72949    9.67117  0.60%   853 3035s
  4468  1063    9.68241   42  377    9.72949    9.67121  0.60%   852 3040s
  4473  1064    9.70047   45  334    9.72949    9.67121  0.60%   855 3046s
  4480  1064 infeasible   50         9.72949    9.67121  0.60%   855 3050s
  4506  1068    9.68908   41  290    9.72949    9.67127  0.60%   853 3055s
  4516  1077    9.70864   51  249    9.72949    9.67127  0.60%   853 3060s
  4527  1079     cutoff   51         9.72949    9.67129  0.60%   853 3065s
  4538  1082    9.69270   61  306    9.72949    9.67129  0.60%   852 3070s
  4549  1092    9.72494   72  230    9.72949    9.67129  0.60%   852 3075s
  4574  1091     cutoff   37         9.72949    9.67180  0.59%   850 3081s
  4576  1089     cutoff   83         9.72949    9.67208  0.59%   852 3085s
  4582  1085    9.67843   40  394    9.72949    9.67221  0.59%   854 3092s
  4584  1085     cutoff   42         9.72949    9.67221  0.59%   855 3095s
  4586  1087    9.70095   42  257    9.72949    9.67221  0.59%   857 3100s
  4589  1086    9.70448   44  237    9.72949    9.67221  0.59%   859 3105s
  4601  1091    9.70860   51  219    9.72949    9.67221  0.59%   858 3110s
  4631  1093    9.68342   40  342    9.72949    9.67222  0.59%   855 3116s
  4636  1088     cutoff   93         9.72949    9.67226  0.59%   857 3121s
  4640  1084     cutoff   96         9.72949    9.67229  0.59%   858 3125s
  4643  1085    9.69195   56  372    9.72949    9.67229  0.59%   859 3130s
  4648  1089    9.70019   61  259    9.72949    9.67229  0.59%   859 3135s
  4662  1103    9.70445   75  211    9.72949    9.67229  0.59%   858 3140s
  4674  1114    9.70986   87  218    9.72949    9.67229  0.59%   857 3145s
  4695  1125    9.71176  108  227    9.72949    9.67229  0.59%   854 3150s
  4709  1132    9.71569  122  217    9.72949    9.67229  0.59%   853 3155s
  4723  1142    9.71921  136  201    9.72949    9.67229  0.59%   851 3160s
  4739  1150    9.72228  152  208    9.72949    9.67229  0.59%   850 3165s
  4745  1155    9.72238  158  202    9.72949    9.67229  0.59%   849 3183s
  4751  1161    9.72244  164  198    9.72949    9.67229  0.59%   848 3185s
  4772  1177    9.72402  185  190    9.72949    9.67229  0.59%   846 3190s
  4794  1183     cutoff   54         9.72949    9.67237  0.59%   843 3196s
  4799  1188    9.69877   46  238    9.72949    9.67266  0.58%   844 3200s
  4807  1192    9.70676   54  307    9.72949    9.67266  0.58%   844 3205s
  4819  1200    9.71465   66  190    9.72949    9.67266  0.58%   844 3210s
  4844  1206     cutoff   39         9.72949    9.67289  0.58%   841 3215s
  4851  1207     cutoff   58         9.72949    9.67294  0.58%   843 3220s
  4870  1208     cutoff   54         9.72949    9.67299  0.58%   842 3225s
  4875  1205    9.69186   39  334    9.72949    9.67362  0.57%   844 3230s
  4885  1213    9.72403   49  283    9.72949    9.67362  0.57%   844 3235s
  4902  1216     cutoff   42         9.72949    9.67363  0.57%   843 3241s
  4906  1214     cutoff   57         9.72949    9.67373  0.57%   843 3245s
  4910  1214    9.70134   36  339    9.72949    9.67384  0.57%   845 3250s
  4936  1226    9.67750   63  321    9.72949    9.67392  0.57%   843 3258s
  4937  1225     cutoff   64         9.72949    9.67392  0.57%   844 3260s
  4941  1223    9.67987   42  320    9.72949    9.67437  0.57%   847 3268s
  4942  1222     cutoff   43         9.72949    9.67437  0.57%   847 3270s
  4954  1230    9.70460   51  271    9.72949    9.67437  0.57%   847 3275s
  4968  1244    9.70665   65  225    9.72949    9.67437  0.57%   846 3280s
  4982  1254    9.71140   79  229    9.72949    9.67437  0.57%   846 3285s
  4990  1261    9.71255   87  203    9.72949    9.67437  0.57%   845 3290s
  5021  1282    9.71471  113  207    9.72949    9.67437  0.57%   841 3295s
  5040  1284     cutoff   30         9.72949    9.67446  0.57%   841 3300s
  5046  1278     cutoff   54         9.72949    9.67481  0.56%   842 3305s
  5051  1273     cutoff   65         9.72949    9.67515  0.56%   844 3310s
  5066  1283    9.71858   52  181    9.72949    9.67517  0.56%   843 3315s
  5089  1289    9.68272   40  314    9.72949    9.67530  0.56%   841 3320s
  5101  1294    9.72121   47  232    9.72949    9.67530  0.56%   841 3345s
  5112  1291    9.68888   48  318    9.72949    9.67552  0.55%   842 3350s
  5118  1291    9.71626   54  299    9.72949    9.67552  0.55%   842 3355s
  5134  1288     cutoff   58         9.72949    9.67581  0.55%   842 3361s
  5144  1291     cutoff   73         9.72949    9.67584  0.55%   842 3365s
  5196  1319    9.69063   32  380    9.72949    9.67594  0.55%   836 3372s
  5201  1315    9.70374   31  233    9.72949    9.67618  0.55%   836 3376s
  5214  1313     cutoff   53         9.72949    9.67633  0.55%   836 3381s
  5217  1310     cutoff   58         9.72949    9.67643  0.55%   838 3386s
  5220  1307     cutoff   31         9.72949    9.67652  0.54%   839 3390s
  5224  1303     cutoff   60         9.72949    9.67669  0.54%   841 3396s
  5228  1299     cutoff   61         9.72949    9.67684  0.54%   843 3400s
  5230  1299    9.70657   34  247    9.72949    9.67685  0.54%   844 3405s
  5238  1304    9.71533   41  211    9.72949    9.67685  0.54%   844 3410s
  5248  1312    9.71739   51  200    9.72949    9.67685  0.54%   843 3415s
  5270  1318    9.70626   32  242    9.72949    9.67702  0.54%   842 3421s
  5283  1321    9.70279   75  235    9.72949    9.67720  0.54%   841 3425s
  5315  1345    9.71159  106  222    9.72949    9.67720  0.54%   837 3430s
  5337  1348    9.72182  114  214    9.72949    9.67720  0.54%   836 3435s
  5345  1341    9.71846   57  244    9.72949    9.67765  0.53%   838 3442s
  5355  1347    9.71938   66  199    9.72949    9.67765  0.53%   837 3445s
  5387  1366    9.72330   95  186    9.72949    9.67765  0.53%   834 3450s
  5408  1371     cutoff   66         9.72949    9.67780  0.53%   832 3455s
  5414  1365     cutoff   67         9.72949    9.67838  0.53%   833 3460s
  5419  1360     cutoff   67         9.72949    9.67855  0.52%   835 3465s
  5421  1360    9.71830   62  304    9.72949    9.67869  0.52%   836 3470s
  5447  1368    9.72819   78  113    9.72949    9.67869  0.52%   834 3475s
  5467  1363    9.68599   55  295    9.72949    9.67918  0.52%   833 3480s
  5479  1371    9.71075   65  259    9.72949    9.67918  0.52%   832 3485s
  5497  1385    9.71987   82  246    9.72949    9.67918  0.52%   832 3490s
  5519  1404    9.72124  103  221    9.72949    9.67918  0.52%   829 3495s
  5550  1424     cutoff   37         9.72949    9.67921  0.52%   827 3500s
  5555  1425    9.68938   57  306    9.72949    9.67922  0.52%   827 3505s
  5566  1423     cutoff   68         9.72949    9.67924  0.52%   828 3511s
  5569  1425    9.70411   44  242    9.72949    9.67927  0.52%   830 3515s
  5616  1453     cutoff   71         9.72949    9.67933  0.52%   825 3521s
  5621  1448     cutoff   41         9.72949    9.67964  0.51%   826 3526s
  5626  1449    9.71220   29  191    9.72949    9.67971  0.51%   827 3530s
  5640  1445 infeasible  109         9.72949    9.67994  0.51%   826 3535s

Cutting planes:
  Learned: 15
  Gomory: 8
  Cover: 197
  Implied bound: 451
  Projected implied bound: 127
  Clique: 28
  MIR: 880
  Mixing: 3
  StrongCG: 31
  Flow cover: 1336
  GUB cover: 13
  Zero half: 28
  Network: 56
  RLT: 15
  Relax-and-lift: 137
  BQP: 1
  PSD: 1

Explored 5642 nodes (4720589 simplex iterations) in 3537.56 seconds (8645.62 work units)
Most recent optimization runtime was 3522.22 seconds (8610.02 work units)
Thread count was 1 (of 20 available processors)

Solution count 10: 9.72949 9.72952 9.72953 ... 9.73071

Time limit reached
Best objective 9.729486272279e+00, best bound 9.680083598562e+00, gap 0.5078%

User-callback calls 333965, time in user-callback 0.06 sec
