
Gurobi 13.0.2 (win64) logging started Sun Aug  9 18:12:15 2026

Set parameter LogFile to value "E:\codes\ExactEBRP\results\gf_simple_start_qualification_round35\runs\matrix1800__round31_sealed_high_imbalance_V50_seed802548647__c6_simple_start__1800s\native.log"
Set parameter Threads to value 1
Set parameter Presolve to value -1
Set parameter Seed to value 0
Set parameter MIPGap to value 0
Set parameter MIPGapAbs to value 0
Warning: unknown variable 'r_max' in bounds section (line 103385)
Warning: unknown variable 'r_min' in bounds section (line 103386)
Read LP format model from file E:\codes\ExactEBRP\results\gf_simple_start_qualification_round35\runs\matrix1800__round31_sealed_high_imbalance_V50_seed802548647__c6_simple_start__1800s\external\models\L0.lp
Reading time = 0.21 seconds
obj: 93037 rows, 18195 columns, 665284 nonzeros
Set parameter TimeLimit to value 1783.8840046
Warning: unknown variable 'r_max' in bounds section (line 103385)
Warning: unknown variable 'r_min' in bounds section (line 103386)
Read LP format model from file E:\codes\ExactEBRP\results\gf_simple_start_qualification_round35\runs\matrix1800__round31_sealed_high_imbalance_V50_seed802548647__c6_simple_start__1800s\external\models\L1.lp
Reading time = 0.21 seconds
obj: 93037 rows, 18195 columns, 665900 nonzeros
Set parameter TimeLimit to value 1778.1864302
Warning: unknown variable 'r_max' in bounds section (line 103385)
Warning: unknown variable 'r_min' in bounds section (line 103386)
Read LP format model from file E:\codes\ExactEBRP\results\gf_simple_start_qualification_round35\runs\matrix1800__round31_sealed_high_imbalance_V50_seed802548647__c6_simple_start__1800s\external\models\L2.lp
Reading time = 0.21 seconds
obj: 93037 rows, 18195 columns, 665900 nonzeros
Set parameter TimeLimit to value 1763.3088897
Warning: unknown variable 'r_max' in bounds section (line 103385)
Warning: unknown variable 'r_min' in bounds section (line 103386)
Read LP format model from file E:\codes\ExactEBRP\results\gf_simple_start_qualification_round35\runs\matrix1800__round31_sealed_high_imbalance_V50_seed802548647__c6_simple_start__1800s\external\models\L3.lp
Reading time = 0.20 seconds
obj: 93037 rows, 18195 columns, 663450 nonzeros
Set parameter TimeLimit to value 1759.7619685
Warning: unknown variable 'r_max' in bounds section (line 103385)
Warning: unknown variable 'r_min' in bounds section (line 103386)
Read LP format model from file E:\codes\ExactEBRP\results\gf_simple_start_qualification_round35\runs\matrix1800__round31_sealed_high_imbalance_V50_seed802548647__c6_simple_start__1800s\external\models\L2.0.lp
Reading time = 0.22 seconds
obj: 93037 rows, 18195 columns, 665900 nonzeros
Set parameter TimeLimit to value 1740.3074639
Warning: unknown variable 'r_max' in bounds section (line 103385)
Warning: unknown variable 'r_min' in bounds section (line 103386)
Read LP format model from file E:\codes\ExactEBRP\results\gf_simple_start_qualification_round35\runs\matrix1800__round31_sealed_high_imbalance_V50_seed802548647__c6_simple_start__1800s\external\models\L2.1.lp
Reading time = 0.21 seconds
obj: 93037 rows, 18195 columns, 665900 nonzeros
Set parameter TimeLimit to value 1736.0786356
Warning: unknown variable 'r_max' in bounds section (line 103385)
Warning: unknown variable 'r_min' in bounds section (line 103386)
Read LP format model from file E:\codes\ExactEBRP\results\gf_simple_start_qualification_round35\runs\matrix1800__round31_sealed_high_imbalance_V50_seed802548647__c6_simple_start__1800s\external\models\L3.0.lp
Reading time = 0.21 seconds
obj: 93037 rows, 18195 columns, 665900 nonzeros
Set parameter TimeLimit to value 279.6912748
Warning: unknown variable 'r_max' in bounds section (line 103385)
Warning: unknown variable 'r_min' in bounds section (line 103386)
Read LP format model from file E:\codes\ExactEBRP\results\gf_simple_start_qualification_round35\runs\matrix1800__round31_sealed_high_imbalance_V50_seed802548647__c6_simple_start__1800s\external\models\L3.1.lp
Reading time = 0.21 seconds
obj: 93037 rows, 18195 columns, 663450 nonzeros
Set parameter TimeLimit to value 2.7674433019999992e+02
