
Gurobi 13.0.2 (win64) logging started Fri Aug  7 22:08:57 2026

Set parameter LogFile to value "E:\codes\ExactEBRP\results\gf_v10_convergence_round33\runs\stage1__round33_v10_high_imbalance_M3_Q30_seed1765289896__c6_frozen__3600s\external\native_logs\L0_lp.gurobi.log"
Gurobi Optimizer version 13.0.2 build v13.0.2rc1 (win64 - Windows 10.0 (19045.2))

CPU model: 12th Gen Intel(R) Core(TM) i7-12700KF, instruction set [SSE2|AVX|AVX2]
Thread count: 12 physical cores, 20 logical processors, using up to 1 threads

Non-default parameters:
TimeLimit  3582.7912062
MIPGap  0
MIPGapAbs  0
LogToConsole  0
Threads  1

Optimize a model with 5993 rows, 1041 columns and 44136 nonzeros (Min)
Model fingerprint: 0x3851613f
Model has 11 linear objective coefficients
Coefficient statistics:
  Matrix range     [2e-02, 1e+05]
  Objective range  [2e-02, 1e+00]
  Bounds range     [2e-01, 2e+02]
  RHS range        [2e-01, 1e+06]

Presolve removed 1143 rows and 73 columns
Presolve time: 0.02s
Presolved: 4850 rows, 968 columns, 35210 nonzeros

Iteration    Objective       Primal Inf.    Dual Inf.      Time
       0    3.3534966e-01   2.129372e+02   0.000000e+00      0s

Solved in 161 iterations and 0.03 seconds (0.07 work units)
Infeasible model

User-callback calls 297, time in user-callback 0.00 sec
