
Gurobi 13.0.2 (win64) logging started Fri Jul 24 21:42:12 2026

Set parameter LogFile to value "E:\codes\ExactEBRP\results\gf_nonblocking_gurobi_c6_round31\runs\stage2__high_imbalance_seed5202__p_grb__300s\native.log"
Set parameter Threads to value 1
Set parameter Presolve to value -1
Set parameter Seed to value 0
Set parameter MIPGap to value 0
Set parameter MIPGapAbs to value 0
Set parameter TimeLimit to value 300
Read LP format model from file E:\codes\ExactEBRP\results\gf_nonblocking_gurobi_c6_round31\runs\stage2__high_imbalance_seed5202__p_grb__300s\canonical.lp
Reading time = 0.01 seconds
obj: 5072 rows, 2117 columns, 23361 nonzeros
Set parameter TimeLimit to value 294.9406068
Gurobi Optimizer version 13.0.2 build v13.0.2rc1 (win64 - Windows 10.0 (19045.2))

CPU model: 12th Gen Intel(R) Core(TM) i7-12700KF, instruction set [SSE2|AVX|AVX2]
Thread count: 12 physical cores, 20 logical processors, using up to 1 threads

Non-default parameters:
TimeLimit  294.9406068
MIPGap  0
MIPGapAbs  0
LogToConsole  0
Threads  1

Optimize a model with 5072 rows, 2117 columns and 23361 nonzeros (Min)
Model fingerprint: 0xb3a6de99
Model has 21 linear objective coefficients
Variable types: 424 continuous, 1693 integer (1493 binary)
Coefficient statistics:
  Matrix range     [2e-02, 6e+02]
  Objective range  [2e-02, 1e+00]
  Bounds range     [1e+00, 5e+01]
  RHS range        [1e+00, 4e+03]

Presolve removed 158 rows and 36 columns
Presolve time: 0.07s
Presolved: 4914 rows, 2081 columns, 39686 nonzeros
Variable types: 204 continuous, 1877 integer (1501 binary)
Found heuristic solution: objective 3.2635070

Root relaxation: objective 7.725809e-01, 1277 iterations, 0.04 seconds (0.10 work units)

    Nodes    |    Current Node    |     Objective Bounds      |     Work
 Expl Unexpl |  Obj  Depth IntInf | Incumbent    BestBd   Gap | It/Node Time

     0     0    0.77258    0  317    3.26351    0.77258  76.3%     -    0s
     0     0    0.86812    0  441    3.26351    0.86812  73.4%     -    0s
H    0     0                       1.8490800    0.86812  53.1%     -    0s
H    0     0                       1.8454966    0.86812  53.0%     -    0s
H    0     0                       1.8448279    0.86812  52.9%     -    0s
     0     0    0.87172    0  437    1.84483    0.87172  52.7%     -    0s
     0     0    0.88314    0  515    1.84483    0.88314  52.1%     -    0s
H    0     0                       1.8343437    0.88314  51.9%     -    0s
     0     0    0.88598    0  491    1.83434    0.88598  51.7%     -    0s
     0     0    0.88955    0  544    1.83434    0.88955  51.5%     -    0s
H    0     0                       1.5639625    0.88955  43.1%     -    0s
     0     0    0.88993    0  547    1.56396    0.88993  43.1%     -    0s
     0     0    0.89136    0  547    1.56396    0.89136  43.0%     -    1s
H    0     0                       1.5036357    0.89136  40.7%     -    1s
H    0     0                       1.5023152    0.89136  40.7%     -    1s
H    0     0                       1.5018751    0.89136  40.7%     -    1s
H    0     0                       1.3953260    0.89136  36.1%     -    1s
     0     0    0.89182    0  549    1.39533    0.89182  36.1%     -    1s
     0     0    0.89240    0  562    1.39533    0.89240  36.0%     -    1s
     0     0    0.89261    0  563    1.39533    0.89261  36.0%     -    1s
     0     0    0.89291    0  559    1.39533    0.89291  36.0%     -    1s
     0     0    0.89291    0  553    1.39533    0.89291  36.0%     -    1s
     0     0    0.89291    0  546    1.39533    0.89291  36.0%     -    1s
H    0     0                       1.3946476    0.89291  36.0%     -    1s
H    0     0                       1.3911678    0.89291  35.8%     -    1s
H    0     0                       1.3898897    0.89291  35.8%     -    1s
H    0     0                       1.3735245    0.89291  35.0%     -    1s
H    0     0                       1.3657926    0.89291  34.6%     -    1s
H    0     0                       1.3648411    0.89291  34.6%     -    1s
H    0     0                       1.3252781    0.89291  32.6%     -    1s
H    0     0                       1.3252020    0.89291  32.6%     -    1s
H    0     0                       1.3248742    0.89291  32.6%     -    1s
H    0     0                       1.3245458    0.89291  32.6%     -    1s
     0     2    0.89291    0  545    1.32455    0.89291  32.6%     -    1s
H    7     7                       1.3011650    0.89624  31.1%   324    2s
H    7     7                       1.2687386    0.89624  29.4%   324    2s
H    7     7                       1.2682245    0.89624  29.3%   324    2s
H   11    11                       1.2535905    0.89624  28.5%   385    2s
   190   171    0.91380    6  496    1.25359    0.89797  28.4%   104    5s
H  191   170                       1.2462679    0.89797  27.9%   104    5s
H  191   170                       1.2393216    0.89797  27.5%   104    5s
   550   492    0.97235   16  555    1.23932    0.90235  27.2%  74.5   10s
H  558   471                       1.2382291    0.90477  26.9%  73.5   13s
   563   474    0.94900    4  589    1.23823    0.90483  26.9%  72.8   15s
   620   510    0.97069   38  411    1.23823    0.90688  26.8%   110   20s
H  683   509                       1.2342677    0.90688  26.5%   109   22s
H  683   487                       1.2274648    0.90688  26.1%   109   22s
   737   525    1.04197   40  389    1.22746    0.90688  26.1%   116   25s
H  809   531                       1.2245945    0.90688  25.9%   119   27s
H  855   509                       1.2241377    0.90688  25.9%   115   28s
H  855   490                       1.2197427    0.90688  25.7%   115   28s
H  855   471                       1.2195247    0.90688  25.6%   115   28s
H  855   453                       1.2129418    0.90688  25.2%   115   28s
H  855   437                       1.2127737    0.90688  25.2%   115   28s
H  855   421                       1.2125007    0.90688  25.2%   115   28s
H  855   405                       1.2094003    0.90688  25.0%   115   28s
H  855   391                       1.2090250    0.90688  25.0%   115   28s
   924   435    0.99361   47  356    1.20902    0.90915  24.8%   121   30s
  1099   511    0.95433   28  408    1.20902    0.91085  24.7%   132   35s
  1369   641    0.97599   39  408    1.20902    0.91111  24.6%   134   40s
  1617   815    0.93950   29  455    1.20902    0.91312  24.5%   138   45s
H 1736   913                       1.2089710    0.91312  24.5%   139   48s
  1798   959    0.96832   33  413    1.20897    0.91326  24.5%   139   50s
  2071  1185    0.97669   33  407    1.20897    0.91370  24.4%   134   55s
  2440  1496    0.91578   17  516    1.20897    0.91514  24.3%   125   60s
H 2581  1611                       1.2011212    0.91564  23.8%   125   63s
H 2581  1606                       1.1920579    0.91564  23.2%   125   64s
H 2582  1607                       1.1920381    0.91564  23.2%   126   64s
H 2582  1607                       1.1920108    0.91564  23.2%   126   64s
  2607  1632    1.00196   51  349    1.19201    0.91564  23.2%   126   65s
  2921  1869    0.97467   26  448    1.19201    0.91584  23.2%   122   70s
  3180  2066    0.92156   22  464    1.19201    0.91634  23.1%   120   75s
  3487  2294    1.07849   74  286    1.19201    0.91699  23.1%   118   80s
  3745  2465    1.00568   45  372    1.19201    0.91779  23.0%   118   85s
  3941  2615    1.01211   40  379    1.19201    0.91784  23.0%   118   90s
  4114  2753    0.92283   20  518    1.19201    0.91834  23.0%   118   95s
  4404  2945    0.94118   29  440    1.19201    0.91891  22.9%   117  100s
  4672  3137    1.03243   47  345    1.19201    0.91921  22.9%   117  105s
  4932  3331    0.97144   21  426    1.19201    0.91969  22.8%   117  110s
  5273  3606    1.04197   42  413    1.19201    0.92005  22.8%   115  115s
  5655  3883    0.92176   18  555    1.19201    0.92060  22.8%   114  120s
  5907  4065    1.03297   40  372    1.19201    0.92088  22.7%   113  125s
  6161  4235 infeasible   22         1.19201    0.92120  22.7%   113  130s
  6563  4540    0.93133   24  443    1.19201    0.92154  22.7%   112  135s
  6941  4820    1.00702   39  448    1.19201    0.92203  22.6%   111  140s
  7397  5125    0.92462   25  465    1.19201    0.92247  22.6%   109  145s
  7747  5389    1.11492   56  343    1.19201    0.92264  22.6%   108  150s
  8014  5579    1.03606   42  410    1.19201    0.92292  22.6%   109  155s
  8375  5877    1.03971   63  307    1.19201    0.92343  22.5%   109  160s
  8721  6135    1.01585   42  373    1.19201    0.92412  22.5%   108  165s
  8933  6294    0.94909   28  439    1.19201    0.92430  22.5%   109  170s
  9375  6627     cutoff   41         1.19201    0.92456  22.4%   107  175s
  9855  6996    0.93027   22  478    1.19201    0.92506  22.4%   106  180s
 10203  7262    1.00503   37  546    1.19201    0.92522  22.4%   105  202s
 10209  7266    1.00394   35  549    1.19201    0.92522  22.4%   105  205s
 10214  7269    0.93736   27  571    1.19201    0.92522  22.4%   105  210s
 10220  7273    0.96887   27  578    1.19201    0.92522  22.4%   105  215s
 10226  7277    1.00387   35  589    1.19201    0.92522  22.4%   105  220s
 10232  7281    1.17280   53  598    1.19201    0.92522  22.4%   105  225s
 10237  7285    1.11949   75  602    1.19201    0.92522  22.4%   105  230s
 10243  7289    1.03187   41  617    1.19201    0.92522  22.4%   105  235s
 10249  7293    0.96083   29  611    1.19201    0.92522  22.4%   105  240s
 10255  7297    1.05352   46  597    1.19201    0.92522  22.4%   105  245s
 10261  7301    1.00605   45  604    1.19201    0.92522  22.4%   105  250s
 10268  7305    0.99920   40  603    1.19201    0.92522  22.4%   105  255s
 10272  7308    1.14681   94  608    1.19201    0.92522  22.4%   105  262s
 10276  7311    0.98221   55  608    1.19201    0.92522  22.4%   105  265s
 10284  7316    1.01095   46  615    1.19201    0.92522  22.4%   105  270s
 10381  7368    1.06757   69  285    1.19201    0.92522  22.4%   107  275s
 10456  7409    1.01868   61  364    1.19201    0.92522  22.4%   108  280s
 10633  7470    0.92555   29  533    1.19201    0.92522  22.4%   108  285s
 10727  7515    0.96495   28  556    1.19201    0.92522  22.4%   109  290s

Cutting planes:
  Learned: 16
  Gomory: 70
  Cover: 22
  Implied bound: 41
  Projected implied bound: 47
  Clique: 35
  MIR: 197
  StrongCG: 1
  Flow cover: 419
  GUB cover: 4
  Zero half: 21
  RLT: 6
  Relax-and-lift: 28
  BQP: 32

Explored 10819 nodes (1198290 simplex iterations) in 294.94 seconds (572.46 work units)
Thread count was 1 (of 20 available processors)

Solution count 10: 1.19201 1.19204 1.19206 ... 1.21294

Time limit reached
Best objective 1.192010805953e+00, best bound 9.252150909251e-01, gap 22.3820%

User-callback calls 109967, time in user-callback 0.04 sec
