
Gurobi 13.0.2 (win64) logging started Sat Aug  8 13:40:46 2026

Set parameter LogFile to value "E:\codes\ExactEBRP\results\gf_c6_documentation_hga_round34\stage0_runs\fingerprint__round33_v10_high_imbalance_M2_Q30_seed1244253498\native.log"
Set parameter Threads to value 1
Set parameter Presolve to value -1
Set parameter Seed to value 0
Set parameter MIPGap to value 0
Set parameter MIPGapAbs to value 0
Set parameter TimeLimit to value 0.001
Read LP format model from file E:\codes\ExactEBRP\results\gf_c6_documentation_hga_round34\stage0_runs\fingerprint__round33_v10_high_imbalance_M2_Q30_seed1244253498\canonical.lp
Reading time = 0.00 seconds
obj: 1137 rows, 538 columns, 4655 nonzeros
Set parameter TimeLimit to value 4.9748848
Gurobi Optimizer version 13.0.2 build v13.0.2rc1 (win64 - Windows 10.0 (19045.2))

CPU model: 12th Gen Intel(R) Core(TM) i7-12700KF, instruction set [SSE2|AVX|AVX2]
Thread count: 12 physical cores, 20 logical processors, using up to 1 threads

Non-default parameters:
TimeLimit  4.9748848
MIPGap  0
MIPGapAbs  0
LogToConsole  0
Threads  1

Optimize a model with 1137 rows, 538 columns and 4655 nonzeros (Min)
Model fingerprint: 0x8930cd11
Model has 11 linear objective coefficients
Variable types: 152 continuous, 386 integer (316 binary)
Coefficient statistics:
  Matrix range     [2e-02, 6e+02]
  Objective range  [1e-02, 1e+00]
  Bounds range     [1e+00, 5e+01]
  RHS range        [1e+00, 4e+03]

Presolve removed 96 rows and 37 columns
Presolve time: 0.02s
Presolved: 1041 rows, 501 columns, 5389 nonzeros
Variable types: 88 continuous, 413 integer (310 binary)
Found heuristic solution: objective 4.7273349

Root relaxation: objective 1.605556e+00, 344 iterations, 0.00 seconds (0.01 work units)

    Nodes    |    Current Node    |     Objective Bounds      |     Work
 Expl Unexpl |  Obj  Depth IntInf | Incumbent    BestBd   Gap | It/Node Time

     0     0    1.60556    0  129    4.72733    1.60556  66.0%     -    0s
H    0     0                       4.6348216    1.60556  65.4%     -    0s
     0     0    1.77962    0  178    4.63482    1.77962  61.6%     -    0s
H    0     0                       4.6011188    1.78094  61.3%     -    0s
H    0     0                       3.5288882    1.78094  49.5%     -    0s
H    0     0                       3.5078257    1.78094  49.2%     -    0s
     0     0    1.78278    0  177    3.50783    1.78278  49.2%     -    0s
     0     0    1.81325    0  177    3.50783    1.81325  48.3%     -    0s
     0     0    1.81443    0  171    3.50783    1.81443  48.3%     -    0s
     0     0    1.81517    0  176    3.50783    1.81517  48.3%     -    0s
     0     0    1.81519    0  177    3.50783    1.81519  48.3%     -    0s
     0     0    1.81671    0  189    3.50783    1.81671  48.2%     -    0s
H    0     0                       3.1437296    1.81671  42.2%     -    0s
H    0     0                       2.9391463    1.81671  38.2%     -    0s
     0     0    1.82153    0  165    2.93915    1.82153  38.0%     -    0s
     0     0    1.82242    0  177    2.93915    1.82242  38.0%     -    0s
     0     0    1.82266    0  178    2.93915    1.82266  38.0%     -    0s
     0     0    1.82266    0  178    2.93915    1.82266  38.0%     -    0s
     0     0    1.82395    0  190    2.93915    1.82395  37.9%     -    0s
H    0     0                       2.8451858    1.82402  35.9%     -    0s
     0     0    1.82406    0  196    2.84519    1.82406  35.9%     -    0s
     0     0    1.82411    0  195    2.84519    1.82411  35.9%     -    0s
     0     0    1.82411    0  195    2.84519    1.82411  35.9%     -    0s
     0     0    1.82411    0  192    2.84519    1.82411  35.9%     -    0s
H    0     0                       2.7585957    1.82422  33.9%     -    0s
H    0     0                       2.7562345    1.82422  33.8%     -    0s
H    0     0                       2.7544309    1.82422  33.8%     -    0s
H    0     0                       2.7526489    1.82422  33.7%     -    0s
     0     2    1.82422    0  192    2.75265    1.82422  33.7%     -    0s
H   11    10                       2.4483403    1.84189  24.8%  62.1    0s
H   11    10                       2.4465451    1.84189  24.7%  62.1    0s
H   58    46                       2.4164477    1.88028  22.2%  32.2    0s
H   58    46                       2.4145993    1.88028  22.1%  32.2    0s
H   58    46                       2.4127451    1.88028  22.1%  32.2    0s
H   87    74                       2.3773311    1.88028  20.9%  28.3    0s
H  120    91                       2.3771808    1.89024  20.5%  30.4    0s
H  120    91                       2.3765595    1.89024  20.5%  30.4    0s
H  120    91                       2.3730159    1.89024  20.3%  30.4    0s
H  120    91                       2.3722155    1.89024  20.3%  30.4    0s
H 1128   289                       2.3718250    2.17520  8.29%  27.2    2s
H 1146   269                       2.3716191    2.17520  8.28%  28.1    2s
H 1146   255                       2.3710647    2.17520  8.26%  28.1    2s
H 1599   252                       2.3708590    2.24655  5.24%  28.8    3s
* 2049   326              42       2.3692641    2.27021  4.18%  27.0    4s
H 2110   334                       2.3660451    2.27221  3.97%  26.7    4s
H 2170   341                       2.3657116    2.27444  3.86%  26.7    4s
H 2170   341                       2.3656372    2.27444  3.86%  26.7    4s

Cutting planes:
  Learned: 8
  Gomory: 37
  Cover: 44
  Implied bound: 72
  Projected implied bound: 4
  Clique: 14
  MIR: 67
  StrongCG: 3
  Flow cover: 86
  GUB cover: 1
  Inf proof: 1
  Zero half: 7
  RLT: 12
  Relax-and-lift: 9
  BQP: 4

Explored 2433 nodes (64853 simplex iterations) in 4.97 seconds (7.42 work units)
Thread count was 1 (of 20 available processors)

Solution count 10: 2.36564 2.36571 2.36605 ... 2.37302

Time limit reached
Best objective 2.365637245710e+00, best bound 2.280043791037e+00, gap 3.6182%

User-callback calls 7370, time in user-callback 0.00 sec
