verified G4 raw 1 / 30 runner_lp_g_g4_remaining_raw_archives/01_N12_ENS-C.tar.gz files 239 raw_bytes 1020928 archive_bytes 166522
verified G4 raw 2 / 30 runner_lp_g_g4_remaining_raw_archives/02_N12_LP-G.tar.gz files 320 raw_bytes 1600835 archive_bytes 251540
verified G4 raw 3 / 30 runner_lp_g_g4_remaining_raw_archives/03_D4_LP-G.tar.gz files 4509 raw_bytes 3848951 archive_bytes 651096
verified G4 raw 4 / 30 runner_lp_g_g4_remaining_raw_archives/04_D4_ENS-C.tar.gz files 4506 raw_bytes 3834413 archive_bytes 648889
verified G4 raw 5 / 30 runner_lp_g_g4_remaining_raw_archives/05_E7_ENS-C.tar.gz files 151 raw_bytes 1223762 archive_bytes 208083
verified G4 raw 6 / 30 runner_lp_g_g4_remaining_raw_archives/06_E7_LP-G.tar.gz files 197 raw_bytes 1308122 archive_bytes 222225
verified G4 raw 7 / 30 runner_lp_g_g4_remaining_raw_archives/07_C6_LP-G.part01-of-02.tar.gz files 13 raw_bytes 32731047 archive_bytes 3641683
verified G4 raw 8 / 30 runner_lp_g_g4_remaining_raw_archives/07_C6_LP-G.part02-of-02.tar.gz files 278 raw_bytes 19144808 archive_bytes 2604038
verified G4 raw 9 / 30 runner_lp_g_g4_remaining_raw_archives/08_C6_ENS-C.tar.gz files 254 raw_bytes 28431599 archive_bytes 3797164
verified G4 raw 10 / 30 runner_lp_g_g4_remaining_raw_archives/09_C8_ENS-C.tar.gz files 290 raw_bytes 13024852 archive_bytes 2031316
verified G4 raw 11 / 30 runner_lp_g_g4_remaining_raw_archives/10_C8_LP-G.tar.gz files 313 raw_bytes 21374258 archive_bytes 3307801
verified G4 raw 12 / 30 runner_lp_g_g4_remaining_raw_archives/11_F1_LP-G.tar.gz files 386 raw_bytes 1407246 archive_bytes 244276
verified G4 raw 13 / 30 runner_lp_g_g4_remaining_raw_archives/12_F1_ENS-C.tar.gz files 385 raw_bytes 1401720 archive_bytes 242296
verified G4 raw 14 / 30 runner_lp_g_g4_remaining_raw_archives/13_C20_ENS-C.tar.gz files 25945 raw_bytes 22283024 archive_bytes 3615941
verified G4 raw 15 / 30 runner_lp_g_g4_remaining_raw_archives/14_C20_LP-G.tar.gz files 27957 raw_bytes 18406872 archive_bytes 3062150
verified G4 raw 16 / 30 runner_lp_g_g4_remaining_raw_archives/15_B50_LP-G.part01-of-03.tar.gz files 13 raw_bytes 33896843 archive_bytes 3133354
verified G4 raw 17 / 30 runner_lp_g_g4_remaining_raw_archives/15_B50_LP-G.part02-of-03.tar.gz files 3 raw_bytes 33532775 archive_bytes 3046874
verified G4 raw 18 / 30 runner_lp_g_g4_remaining_raw_archives/15_B50_LP-G.part03-of-03.tar.gz files 5733 raw_bytes 37221497 archive_bytes 3707011
verified G4 raw 19 / 30 runner_lp_g_g4_remaining_raw_archives/16_B50_ENS-C.part01-of-02.tar.gz files 13 raw_bytes 34271698 archive_bytes 3170473
verified G4 raw 20 / 30 runner_lp_g_g4_remaining_raw_archives/16_B50_ENS-C.part02-of-02.tar.gz files 8379 raw_bytes 27175120 archive_bytes 2900806
verified G4 raw 21 / 30 runner_lp_g_g4_remaining_raw_archives/17_S50_ENS-C.part01-of-07.tar.gz files 11 raw_bytes 19944618 archive_bytes 2964191
verified G4 raw 22 / 30 runner_lp_g_g4_remaining_raw_archives/17_S50_ENS-C.part02-of-07.tar.gz files 1 raw_bytes 19913279 archive_bytes 2953126
verified G4 raw 23 / 30 runner_lp_g_g4_remaining_raw_archives/17_S50_ENS-C.part03-of-07.tar.gz files 1 raw_bytes 19871630 archive_bytes 2950890
verified G4 raw 24 / 30 runner_lp_g_g4_remaining_raw_archives/17_S50_ENS-C.part04-of-07.tar.gz files 1 raw_bytes 19911051 archive_bytes 2953090
verified G4 raw 25 / 30 runner_lp_g_g4_remaining_raw_archives/17_S50_ENS-C.part05-of-07.tar.gz files 1 raw_bytes 19869411 archive_bytes 2950837
verified G4 raw 26 / 30 runner_lp_g_g4_remaining_raw_archives/17_S50_ENS-C.part06-of-07.tar.gz files 1 raw_bytes 19909948 archive_bytes 2952970
verified G4 raw 27 / 30 runner_lp_g_g4_remaining_raw_archives/17_S50_ENS-C.part07-of-07.tar.gz files 294 raw_bytes 21977475 archive_bytes 3264778
verified G4 raw 28 / 30 runner_lp_g_g4_remaining_raw_archives/18_S50_LP-G.part01-of-03.tar.gz files 11 raw_bytes 19945990 archive_bytes 2965070
verified G4 raw 29 / 30 runner_lp_g_g4_remaining_raw_archives/18_S50_LP-G.part02-of-03.tar.gz files 1 raw_bytes 19911054 archive_bytes 2953122
verified G4 raw 30 / 30 runner_lp_g_g4_remaining_raw_archives/18_S50_LP-G.part03-of-03.tar.gz files 267 raw_bytes 21948180 archive_bytes 3259332
complete G4 raw 80473 files 30 archives
