DONE 1/82 case__V12_M2__p_grb__7200s strict=True time=171.9440839
DONE 2/82 case__V12_M2__c6_hga_full__7200s strict=True time=122.9935881
DONE 3/82 case__round32_multi_m_high_imbalance_V20_M2_seed1052706459__p_grb__7200s strict=True time=325.919994
DONE 4/82 case__round32_multi_m_high_imbalance_V20_M2_seed1052706459__c6_hga_full__7200s strict=True time=10.7210591
DONE 5/82 case__round33_v10_high_imbalance_M3_Q30_seed1765289896__p_grb__7200s strict=True time=2529.931394
DONE 6/82 case__round33_v10_high_imbalance_M3_Q30_seed1765289896__c6_hga_full__7200s strict=True time=76.8109051
DONE 7/82 v10__round33_v10_high_imbalance_M1_Q20_seed2098545008__c6_hga_full__3600s strict=True time=4.7731287
DONE 8/82 v10__round33_v10_high_imbalance_M1_Q20_seed2098545008__c6_hga_light__3600s strict=True time=3.11523
DONE 9/82 v10__round33_v10_high_imbalance_M1_Q20_seed2098545008__c6_simple_start__3600s strict=True time=1.1628175
DONE 10/82 v10__round33_v10_moderate_M1_Q20_seed256070676__c6_hga_full__3600s strict=True time=5.3300114
DONE 11/82 v10__round33_v10_moderate_M1_Q20_seed256070676__c6_hga_light__3600s strict=True time=3.768054
DONE 12/82 v10__round33_v10_moderate_M1_Q20_seed256070676__c6_simple_start__3600s strict=True time=1.3766448
DONE 13/82 v10__round33_v10_tight_T_M1_Q20_seed1215342007__c6_hga_full__3600s strict=True time=1.9080006
DONE 14/82 v10__round33_v10_tight_T_M1_Q20_seed1215342007__c6_hga_light__3600s strict=True time=1.3287237
DONE 15/82 v10__round33_v10_tight_T_M1_Q20_seed1215342007__c6_simple_start__3600s strict=True time=0.7766515
DONE 16/82 v10__round33_v10_high_imbalance_M1_Q30_seed289447508__c6_hga_full__3600s strict=True time=2.7041335
DONE 17/82 v10__round33_v10_high_imbalance_M1_Q30_seed289447508__c6_hga_light__3600s strict=True time=1.8284238
DONE 18/82 v10__round33_v10_high_imbalance_M1_Q30_seed289447508__c6_simple_start__3600s strict=True time=0.972689
DONE 19/82 v10__round33_v10_moderate_M1_Q30_seed82526096__c6_hga_full__3600s strict=True time=4.0207908
DONE 20/82 v10__round33_v10_moderate_M1_Q30_seed82526096__c6_hga_light__3600s strict=True time=2.4999656
DONE 21/82 v10__round33_v10_moderate_M1_Q30_seed82526096__c6_simple_start__3600s strict=True time=0.831509
DONE 22/82 v10__round33_v10_tight_T_M1_Q30_seed1122319721__c6_hga_full__3600s strict=True time=1.6092102
DONE 23/82 v10__round33_v10_tight_T_M1_Q30_seed1122319721__c6_hga_light__3600s strict=True time=1.1157555
DONE 24/82 v10__round33_v10_tight_T_M1_Q30_seed1122319721__c6_simple_start__3600s strict=True time=0.5975321
DONE 25/82 v10__round33_v10_high_imbalance_M2_Q20_seed1719879984__c6_hga_full__3600s strict=True time=28.9698687
DONE 26/82 v10__round33_v10_high_imbalance_M2_Q20_seed1719879984__c6_hga_light__3600s strict=True time=27.9235262
DONE 27/82 v10__round33_v10_high_imbalance_M2_Q20_seed1719879984__c6_simple_start__3600s strict=True time=24.2502667
DONE 28/82 v10__round33_v10_moderate_M2_Q20_seed1118884127__c6_hga_full__3600s strict=True time=4.4627278
DONE 29/82 v10__round33_v10_moderate_M2_Q20_seed1118884127__c6_hga_light__3600s strict=True time=3.5752786
DONE 30/82 v10__round33_v10_moderate_M2_Q20_seed1118884127__c6_simple_start__3600s strict=True time=1.6227122
DONE 31/82 v10__round33_v10_tight_T_M2_Q20_seed2085634706__c6_hga_full__3600s strict=True time=33.0622025
DONE 32/82 v10__round33_v10_tight_T_M2_Q20_seed2085634706__c6_hga_light__3600s strict=True time=32.6157267
DONE 33/82 v10__round33_v10_tight_T_M2_Q20_seed2085634706__c6_simple_start__3600s strict=True time=23.4449991
DONE 34/82 v10__round33_v10_high_imbalance_M2_Q30_seed1244253498__c6_hga_full__3600s strict=True time=11.9068785
DONE 35/82 v10__round33_v10_high_imbalance_M2_Q30_seed1244253498__c6_hga_light__3600s strict=True time=10.4450339
DONE 36/82 v10__round33_v10_high_imbalance_M2_Q30_seed1244253498__c6_simple_start__3600s strict=True time=8.2370793
DONE 37/82 v10__round33_v10_moderate_M2_Q30_seed763364383__c6_hga_full__3600s strict=True time=25.7402124
DONE 38/82 v10__round33_v10_moderate_M2_Q30_seed763364383__c6_hga_light__3600s strict=True time=24.562081
DONE 39/82 v10__round33_v10_moderate_M2_Q30_seed763364383__c6_simple_start__3600s strict=True time=21.8910395
DONE 40/82 v10__round33_v10_tight_T_M2_Q30_seed1783646009__c6_hga_full__3600s strict=True time=10.021754
DONE 41/82 v10__round33_v10_tight_T_M2_Q30_seed1783646009__c6_hga_light__3600s strict=True time=9.4862888
DONE 42/82 v10__round33_v10_tight_T_M2_Q30_seed1783646009__c6_simple_start__3600s strict=True time=4.7911083
DONE 43/82 v10__round33_v10_high_imbalance_M3_Q20_seed434104496__c6_hga_full__3600s strict=True time=65.2278543
DONE 44/82 v10__round33_v10_high_imbalance_M3_Q20_seed434104496__c6_hga_light__3600s strict=True time=63.6768796
DONE 45/82 v10__round33_v10_high_imbalance_M3_Q20_seed434104496__c6_simple_start__3600s strict=True time=25.3304621
DONE 46/82 v10__round33_v10_moderate_M3_Q20_seed935682861__c6_hga_full__3600s strict=True time=2.0396568
DONE 47/82 v10__round33_v10_moderate_M3_Q20_seed935682861__c6_hga_light__3600s strict=True time=1.1992269
DONE 48/82 v10__round33_v10_moderate_M3_Q20_seed935682861__c6_simple_start__3600s strict=True time=0.2603735
DONE 49/82 v10__round33_v10_tight_T_M3_Q20_seed284843780__c6_hga_full__3600s strict=True time=12.0335952
DONE 50/82 v10__round33_v10_tight_T_M3_Q20_seed284843780__c6_hga_light__3600s strict=True time=11.1531657
DONE 51/82 v10__round33_v10_tight_T_M3_Q20_seed284843780__c6_simple_start__3600s strict=True time=7.1768632
DONE 52/82 v10__round33_v10_high_imbalance_M3_Q30_seed1765289896__c6_hga_full__3600s strict=True time=76.993928
DONE 53/82 v10__round33_v10_high_imbalance_M3_Q30_seed1765289896__c6_hga_light__3600s strict=True time=75.7678393
DONE 54/82 v10__round33_v10_high_imbalance_M3_Q30_seed1765289896__c6_simple_start__3600s strict=True time=30.4332527
DONE 55/82 v10__round33_v10_moderate_M3_Q30_seed2031960658__c6_hga_full__3600s strict=True time=16.4374092
DONE 56/82 v10__round33_v10_moderate_M3_Q30_seed2031960658__c6_hga_light__3600s strict=True time=15.6965507
DONE 57/82 v10__round33_v10_moderate_M3_Q30_seed2031960658__c6_simple_start__3600s strict=True time=6.1257782
DONE 58/82 v10__round33_v10_tight_T_M3_Q30_seed1796239044__c6_hga_full__3600s strict=True time=4.1423553
DONE 59/82 v10__round33_v10_tight_T_M3_Q30_seed1796239044__c6_hga_light__3600s strict=True time=3.6611362
DONE 60/82 v10__round33_v10_tight_T_M3_Q30_seed1796239044__c6_simple_start__3600s strict=True time=2.6989586
DONE 61/82 transfer__V12_M1__c6_hga_full__3600s strict=True time=29.6489416
DONE 62/82 transfer__V12_M1__c6_hga_light__3600s strict=True time=27.1133681
DONE 63/82 transfer__V12_M1__c6_simple_start__3600s strict=True time=21.8626973
DONE 64/82 transfer__V12_M2__c6_hga_full__3600s strict=True time=123.0043187
DONE 65/82 transfer__V12_M2__c6_hga_light__3600s strict=True time=120.1396815
DONE 66/82 transfer__V12_M2__c6_simple_start__3600s strict=True time=82.5231633
DONE 67/82 transfer__round32_multi_m_high_imbalance_V20_M2_seed1052706459__c6_hga_full__3600s strict=True time=10.715325
DONE 68/82 transfer__round32_multi_m_high_imbalance_V20_M2_seed1052706459__c6_hga_light__3600s strict=True time=8.5934435
DONE 69/82 transfer__round32_multi_m_high_imbalance_V20_M2_seed1052706459__c6_simple_start__3600s strict=True time=3.8259944
DONE 70/82 transfer__tight_T_seed4101__c6_hga_full__3600s strict=True time=498.063436
DONE 71/82 transfer__tight_T_seed4101__c6_hga_light__3600s strict=True time=493.8337182
DONE 72/82 transfer__tight_T_seed4101__c6_simple_start__3600s strict=True time=332.6677621
DONE 73/82 repeat__round33_v10_high_imbalance_M1_Q20_seed2098545008__c6_hga_full__repeat1__3600s strict=True time=4.7377298
DONE 74/82 repeat__round33_v10_high_imbalance_M1_Q20_seed2098545008__c6_hga_light__repeat1__3600s strict=True time=3.0971914
DONE 75/82 repeat__round33_v10_moderate_M2_Q20_seed1118884127__c6_hga_full__repeat1__3600s strict=True time=4.4930516
DONE 76/82 repeat__round33_v10_moderate_M2_Q20_seed1118884127__c6_hga_light__repeat1__3600s strict=True time=3.5557763
DONE 77/82 repeat__round33_v10_high_imbalance_M3_Q30_seed1765289896__c6_hga_full__repeat1__3600s strict=True time=76.9012308
DONE 78/82 repeat__round33_v10_high_imbalance_M3_Q30_seed1765289896__c6_hga_light__repeat1__3600s strict=True time=76.1229481
DONE 79/82 repeat__V12_M2__c6_hga_full__repeat1__3600s strict=True time=122.8686009
DONE 80/82 repeat__V12_M2__c6_hga_light__repeat1__3600s strict=True time=119.8635599
DONE 81/82 repeat__round32_multi_m_high_imbalance_V20_M2_seed1052706459__c6_hga_full__repeat1__3600s strict=True time=10.8413601
DONE 82/82 repeat__round32_multi_m_high_imbalance_V20_M2_seed1052706459__c6_hga_light__repeat1__3600s strict=True time=8.6023141
{
  "selected_rows": 82,
  "completed_rows": 82,
  "strict_rows": 82
}
