
Gurobi 13.0.2 (win64) logging started Mon Aug 10 01:22:01 2026

Set parameter LogFile to value "E:\codes\ExactEBRP\results\gf_simple_start_qualification_round35\runs\v50_3600__moderate_seed6301__c6_simple_start__3600s\native.log"
Set parameter Threads to value 1
Set parameter Presolve to value -1
Set parameter Seed to value 0
Set parameter MIPGap to value 0
Set parameter MIPGapAbs to value 0
Warning: unknown variable 'r_max' in bounds section (line 103369)
Warning: unknown variable 'r_min' in bounds section (line 103370)
Read LP format model from file E:\codes\ExactEBRP\results\gf_simple_start_qualification_round35\runs\v50_3600__moderate_seed6301__c6_simple_start__3600s\external\models\L0.lp
Reading time = 0.21 seconds
obj: 93025 rows, 18191 columns, 665186 nonzeros
Set parameter TimeLimit to value 3583.8858767
Warning: unknown variable 'r_max' in bounds section (line 103369)
Warning: unknown variable 'r_min' in bounds section (line 103370)
Read LP format model from file E:\codes\ExactEBRP\results\gf_simple_start_qualification_round35\runs\v50_3600__moderate_seed6301__c6_simple_start__3600s\external\models\L1.lp
Reading time = 0.21 seconds
obj: 93025 rows, 18191 columns, 665798 nonzeros
Set parameter TimeLimit to value 3579.6472361
Warning: unknown variable 'r_max' in bounds section (line 103370)
Warning: unknown variable 'r_min' in bounds section (line 103371)
Read LP format model from file E:\codes\ExactEBRP\results\gf_simple_start_qualification_round35\runs\v50_3600__moderate_seed6301__c6_simple_start__3600s\external\models\L2.lp
Reading time = 0.20 seconds
obj: 93026 rows, 18191 columns, 665804 nonzeros
Set parameter TimeLimit to value 3528.0052718
Warning: unknown variable 'r_max' in bounds section (line 103369)
Warning: unknown variable 'r_min' in bounds section (line 103370)
Read LP format model from file E:\codes\ExactEBRP\results\gf_simple_start_qualification_round35\runs\v50_3600__moderate_seed6301__c6_simple_start__3600s\external\models\L0.0.lp
Reading time = 0.21 seconds
obj: 93025 rows, 18191 columns, 665186 nonzeros
Set parameter TimeLimit to value 3523.8157343
Warning: unknown variable 'r_max' in bounds section (line 103369)
Warning: unknown variable 'r_min' in bounds section (line 103370)
Read LP format model from file E:\codes\ExactEBRP\results\gf_simple_start_qualification_round35\runs\v50_3600__moderate_seed6301__c6_simple_start__3600s\external\models\L0.1.lp
Reading time = 0.20 seconds
obj: 93025 rows, 18191 columns, 665798 nonzeros
Set parameter TimeLimit to value 3518.8165663
Warning: unknown variable 'r_max' in bounds section (line 103369)
Warning: unknown variable 'r_min' in bounds section (line 103370)
Read LP format model from file E:\codes\ExactEBRP\results\gf_simple_start_qualification_round35\runs\v50_3600__moderate_seed6301__c6_simple_start__3600s\external\models\L0.1.0.lp
Reading time = 0.21 seconds
obj: 93025 rows, 18191 columns, 665798 nonzeros
Set parameter TimeLimit to value 3468.5154214
Warning: unknown variable 'r_max' in bounds section (line 103369)
Warning: unknown variable 'r_min' in bounds section (line 103370)
Read LP format model from file E:\codes\ExactEBRP\results\gf_simple_start_qualification_round35\runs\v50_3600__moderate_seed6301__c6_simple_start__3600s\external\models\L0.1.1.lp
Reading time = 0.21 seconds
obj: 93025 rows, 18191 columns, 665798 nonzeros
Set parameter TimeLimit to value 3462.001014
Warning: unknown variable 'r_max' in bounds section (line 103369)
Warning: unknown variable 'r_min' in bounds section (line 103370)
Read LP format model from file E:\codes\ExactEBRP\results\gf_simple_start_qualification_round35\runs\v50_3600__moderate_seed6301__c6_simple_start__3600s\external\models\L1.0.lp
Reading time = 0.21 seconds
obj: 93025 rows, 18191 columns, 665798 nonzeros
Set parameter TimeLimit to value 3429.1658017
Warning: unknown variable 'r_max' in bounds section (line 103369)
Warning: unknown variable 'r_min' in bounds section (line 103370)
Read LP format model from file E:\codes\ExactEBRP\results\gf_simple_start_qualification_round35\runs\v50_3600__moderate_seed6301__c6_simple_start__3600s\external\models\L1.1.lp
Reading time = 0.21 seconds
obj: 93025 rows, 18191 columns, 665798 nonzeros
Set parameter TimeLimit to value 3425.2432163
