
Gurobi 13.0.2 (win64) logging started Thu Oct  1 23:50:28 2026

Set parameter LogFile to value "E:\codes\ExactEBRP\results\unified_exact_round99\factorial01\raw\18_R98-C2_Q-I\external\native_logs\L0.1_lp.gurobi.log"
Gurobi Optimizer version 13.0.2 build v13.0.2rc1 (win64 - Windows 10.0 (19045.2))

CPU model: 12th Gen Intel(R) Core(TM) i7-12700KF, instruction set [SSE2|AVX|AVX2]
Thread count: 12 physical cores, 20 logical processors, using up to 1 threads

Non-default parameters:
TimeLimit  1785.2212424
MIPGap  0
MIPGapAbs  0
LogToConsole  0
Threads  1

Optimize a model with 30961 rows, 8781 columns and 194918 nonzeros (Min)
Model fingerprint: 0x6c65fdc7
Model has 31 linear objective coefficients
Coefficient statistics:
  Matrix range     [4e-02, 2e+04]
  Objective range  [4e-02, 1e+00]
  Bounds range     [2e-01, 1e+03]
  RHS range        [4e-01, 7e+04]

Presolve removed 6254 rows and 62 columns
Presolve time: 0.10s
Presolved: 24707 rows, 8720 columns, 163453 nonzeros

Iteration    Objective       Primal Inf.    Dual Inf.      Time
       0    1.9581045e-01   1.661935e+03   0.000000e+00      0s
    5707    3.1701618e-01   0.000000e+00   0.000000e+00      1s

Solved in 5707 iterations and 0.56 seconds (1.69 work units)
Optimal objective  3.170161844e-01

User-callback calls 5840, time in user-callback 0.00 sec
