
Gurobi 13.0.2 (win64) logging started Thu Oct  1 23:50:34 2026

Set parameter LogFile to value "E:\codes\ExactEBRP\results\unified_exact_round99\factorial01\raw\18_R98-C2_Q-I\external\native_logs\L0_terminal_mip.gurobi.log"
Set parameter TimeLimit to value 1.7790771831999998e+03
Gurobi Optimizer version 13.0.2 build v13.0.2rc1 (win64 - Windows 10.0 (19045.2))

CPU model: 12th Gen Intel(R) Core(TM) i7-12700KF, instruction set [SSE2|AVX|AVX2]
Thread count: 12 physical cores, 20 logical processors, using up to 1 threads

Non-default parameters:
TimeLimit  1.7790771831999998e+03
MIPGap  0
MIPGapAbs  0
LogToConsole  0
Threads  1

Optimize a model with 30961 rows, 8781 columns and 193792 nonzeros (Min)
Model fingerprint: 0x8bda00e9
Model has 31 linear objective coefficients
Variable types: 4505 continuous, 4276 integer (3976 binary)
Coefficient statistics:
  Matrix range     [4e-02, 2e+04]
  Objective range  [4e-02, 1e+00]
  Bounds range     [4e-01, 1e+03]
  RHS range        [4e-01, 7e+04]

Loaded user MIP start with objective 0.391621
Loaded MIP start from previous solve with objective 0.391621

Presolve removed 7438 rows and 32 columns
Presolve time: 0.51s
Presolved: 23523 rows, 8749 columns, 211059 nonzeros
Variable types: 4038 continuous, 4711 integer (3976 binary)

Root relaxation: objective 1.612386e-01, 11852 iterations, 1.34 seconds (3.45 work units)

    Nodes    |    Current Node    |     Objective Bounds      |     Work
 Expl Unexpl |  Obj  Depth IntInf | Incumbent    BestBd   Gap | It/Node Time

     0     0    0.16124    0  354    0.39162    0.16124  58.8%     -    2s
     0     0    0.17527    0  501    0.39162    0.17527  55.2%     -    4s
     0     0    0.18874    0  366    0.39162    0.18874  51.8%     -    5s
     0     0    0.18877    0  376    0.39162    0.18877  51.8%     -    6s
     0     0    0.18877    0  355    0.39162    0.18877  51.8%     -    6s
     0     0    0.18878    0  431    0.39162    0.18878  51.8%     -    8s
     0     0    0.18878    0  386    0.39162    0.18878  51.8%     -    8s
     0     0    0.18878    0  430    0.39162    0.18878  51.8%     -   10s
     0     0    0.18878    0  420    0.39162    0.18878  51.8%     -   10s
     0     0    0.18878    0  402    0.39162    0.18878  51.8%     -   12s
     0     0    0.18878    0  402    0.39162    0.18878  51.8%     -   12s
     0     0    0.18878    0  401    0.39162    0.18878  51.8%     -   12s
     0     2    0.18878    0  401    0.39162    0.18878  51.8%     -   13s
H    2     2                       0.3633863    0.18878  48.0%   340   14s
H    2     2                       0.3633321    0.18878  48.0%   340   15s
H    4     4                       0.3436809    0.18878  45.1%  1760   16s
H    4     4                       0.3398240    0.18878  44.4%  1760   16s
H    4     4                       0.3305473    0.18878  42.9%  1760   16s
H    4     4                       0.3301606    0.18878  42.8%  1760   16s
H    4     4                       0.3293143    0.18878  42.7%  1760   16s
H   12    12                       0.3249607    0.18878  41.9%  1089   19s
H   12    12                       0.3248911    0.18878  41.9%  1089   19s
H   12    12                       0.3229723    0.18878  41.5%  1089   19s
H   12    12                       0.3220710    0.18878  41.4%  1089   19s
H   12    12                       0.3214347    0.18878  41.3%  1089   19s
H   12    12                       0.3182406    0.18878  40.7%  1089   20s
H   12    12                       0.3179087    0.18878  40.6%  1089   20s
H   12    12                       0.3148111    0.18878  40.0%  1089   21s
H   12    12                       0.3146942    0.18878  40.0%  1089   21s
H   12    12                       0.3146801    0.18878  40.0%  1089   21s
H   12    12                       0.2973876    0.18878  36.5%  1089   22s
H   12    12                       0.2658127    0.18878  29.0%  1089   23s
    12    14    0.18905    8  312    0.26581    0.18878  29.0%  1095   26s
H   16    16                       0.2627239    0.18878  28.1%  1281   28s
H   16    16                       0.2587406    0.18878  27.0%  1281   28s
H   16    16                       0.2580266    0.18878  26.8%  1281   28s
H   16    16                       0.2577886    0.18878  26.8%  1281   28s
H   16    16                       0.2577403    0.18878  26.8%  1281   28s
H   21    21                       0.2569540    0.18878  26.5%  1049   28s
H   21    21                       0.2569129    0.18878  26.5%  1049   28s
H   21    21                       0.2568643    0.18878  26.5%  1049   28s
    27    29    0.19003   17  185    0.25686    0.18878  26.5%  1061   30s
H   29    29                       0.2528157    0.18878  25.3%  1031   30s
H   36    36                       0.2466381    0.18878  23.5%  1009   33s
H   36    36                       0.2446906    0.18878  22.8%  1009   33s
H   36    36                       0.2443312    0.18878  22.7%  1009   33s
H   36    36                       0.2442414    0.18878  22.7%  1009   33s
    42    44    0.19025   29  270    0.24424    0.18878  22.7%   951   35s
   105   105    0.19229   75  210    0.24424    0.18878  22.7%   807   40s
   174   171    0.19343  130  128    0.24424    0.18878  22.7%   695   45s
   213   195    0.18931    1  329    0.24424    0.18893  22.6%   652   51s
   228   210    0.19123   12  303    0.24424    0.18893  22.6%   720   55s
   319   295    0.19267   79  120    0.24424    0.18893  22.6%   639   60s
   400   351    0.19229   20  321    0.24424    0.18893  22.6%   625   65s
   502   437    0.18894    3  351    0.24424    0.18893  22.6%   613   71s
   515   450    0.19099   14  305    0.24424    0.18893  22.6%   655   75s
   552   486    0.19246   27  401    0.24424    0.18893  22.6%   675   86s
   555   488    0.19282   23  435    0.24424    0.18895  22.6%   671   91s
   557   489    0.19267   71  489    0.24424    0.18895  22.6%   669   96s
   559   491    0.19432   75  481    0.24424    0.18895  22.6%   666  101s
   561   492    0.19231   19  479    0.24424    0.18895  22.6%   664  105s
   564   494    0.19099   10  522    0.24424    0.18895  22.6%   660  112s
   565   495    0.19243  100  588    0.24424    0.18895  22.6%   659  119s
   566   495    0.19268  101  511    0.24424    0.18895  22.6%   658  121s
   568   497    0.20462  141  457    0.24424    0.18895  22.6%   656  125s
   570   498    0.19219   27  564    0.24424    0.18895  22.6%   654  131s
   572   499    0.19376   61  484    0.24424    0.18895  22.6%   651  135s
   573   500    0.18904    6  412    0.24424    0.18895  22.6%   650  140s
   574   501    0.20906   89  388    0.24424    0.18895  22.6%   649  145s
   575   501    0.19219   38  388    0.24424    0.18895  22.6%   648  152s
H  576   476                       0.2442116    0.18895  22.6%   845  154s
   576   478    0.18915   12  401    0.24421    0.18895  22.6%   852  156s
   579   480    0.18965   13  389    0.24421    0.18915  22.5%   860  162s
   580   481    0.19048   14  227    0.24421    0.18915  22.5%   865  166s
   583   483    0.19121   15  234    0.24421    0.18915  22.5%   870  171s
   585   484    0.19127   16  201    0.24421    0.18915  22.5%   869  175s
   605   495    0.19268   26  185    0.24421    0.18915  22.5%   855  181s
   615   502    0.21748   31  215    0.24421    0.18915  22.5%   857  186s
   629   510    0.19278   38  192    0.24421    0.18915  22.5%   860  190s
   645   519    0.19299   46  156    0.24421    0.18915  22.5%   865  195s
   665   530    0.19299   57  129    0.24421    0.18915  22.5%   855  200s
H  680   514                       0.2441037    0.18915  22.5%   854  203s
H  680   491                       0.2441005    0.18915  22.5%   854  203s
H  681   470                       0.2440877    0.18915  22.5%   852  204s
   684   474    0.19442   66  294    0.24409    0.18915  22.5%   856  205s
   697   481    0.19331   74  210    0.24409    0.18915  22.5%   856  210s
   715   488    0.22207   84  206    0.24409    0.18915  22.5%   843  215s
H  735   463                       0.2439746    0.18915  22.5%   823  223s
H  735   442                       0.2345581    0.18915  19.4%   823  227s
H  735   423                       0.2345380    0.18915  19.4%   823  228s
   735   425    0.18948   13  428    0.23454    0.18915  19.4%   834  234s
   736   426    0.18982   14  591    0.23454    0.18915  19.4%   841  237s
   738   427    0.18982   15  503    0.23454    0.18915  19.4%   857  247s
   741   429    0.19166   16  423    0.23454    0.18915  19.4%   876  251s
   746   432    0.19017   19  559    0.23454    0.18915  19.4%   899  257s
   750   435    0.19018   21  387    0.23454    0.18915  19.4%   915  260s
   755   438    0.19163   23  307    0.23454    0.18915  19.4%   924  265s
   764   443    0.19365   28  234    0.23454    0.18915  19.4%   936  270s
   780   454    0.19369   36  299    0.23454    0.18915  19.4%   935  275s
   795   460    0.19831   43  192    0.23454    0.18915  19.4%   941  285s
   810   469    0.19369   51  260    0.23454    0.18915  19.4%   942  290s
   826   479    0.19505   59  196    0.23454    0.18915  19.4%   953  295s
   847   492    0.19536   70  128    0.23454    0.18915  19.4%   957  300s
   889   504    0.19558   95  174    0.23454    0.18915  19.4%   932  305s
   919   511    0.19803  110  284    0.23454    0.18915  19.4%   928  310s
   950   518    0.20732  126  234    0.23454    0.18915  19.4%   924  315s
   994   534    0.23081  149  225    0.23454    0.18915  19.4%   904  320s
  1026   538    0.18946   13  528    0.23454    0.18946  19.2%   894  326s
  1030   541    0.18947   15  450    0.23454    0.18947  19.2%   913  330s
  1044   550    0.18977   22  301    0.23454    0.18947  19.2%   926  335s
  1071   567    0.20171   36  216    0.23454    0.18947  19.2%   931  340s
  1109   582    0.19367   57  148    0.23454    0.18947  19.2%   928  345s
  1139   599    0.19367   72  105    0.23454    0.18947  19.2%   933  350s
  1167   611    0.19367   86  161    0.23454    0.18947  19.2%   939  355s
  1190   624    0.19367   98  104    0.23454    0.18947  19.2%   947  360s
  1221   640     cutoff  113         0.23454    0.18947  19.2%   949  365s
  1289   657    0.18957   16  436    0.23454    0.18947  19.2%   926  373s
  1292   659    0.18963   18  387    0.23454    0.18947  19.2%   934  375s
  1300   665    0.19031   22  393    0.23454    0.18947  19.2%   954  380s
  1314   674    0.19033   29  317    0.23454    0.18947  19.2%   961  385s
  1338   690    0.19150   41  280    0.23454    0.18947  19.2%   968  390s
  1364   707    0.19247   54  202    0.23454    0.18947  19.2%   967  395s
  1393   727    0.19418   68  265    0.23454    0.18947  19.2%   970  400s
  1425   743    0.19320   85  150    0.23454    0.18947  19.2%   969  405s
  1460   758     cutoff  102         0.23454    0.18947  19.2%   965  410s
  1496   763    0.19010   15  366    0.23454    0.18947  19.2%   958  415s
  1513   775    0.19424   24  137    0.23454    0.18947  19.2%   966  420s
  1534   789    0.19432   34  194    0.23454    0.18947  19.2%   977  425s
  1552   801    0.19487   43  234    0.23454    0.18947  19.2%   989  430s
  1581   817    0.19555   58  309    0.23454    0.18947  19.2%   988  435s
  1625   830    0.21900   81  255    0.23454    0.18947  19.2%   973  440s
  1683   868    0.18992   15  449    0.23454    0.18949  19.2%   951  445s
  1686   871    0.19047   17  441    0.23454    0.18949  19.2%   963  450s
  1695   880    0.19083   21  369    0.23454    0.18949  19.2%   977  455s
  1705   890    0.19179   26  305    0.23454    0.18949  19.2%   989  460s
  1737   922    0.19404   42   74    0.23454    0.18949  19.2%   987  465s
  1782   956    0.19427   65  107    0.23454    0.18949  19.2%   978  470s
  1809   979    0.20537   78  286    0.23454    0.18949  19.2%   981  475s
  1836   996    0.19427   92  123    0.23454    0.18949  19.2%   985  480s
  1871  1018     cutoff  109         0.23454    0.18949  19.2%   986  485s
  1901  1021    0.19427  125  149    0.23454    0.18949  19.2%   989  490s
  1931  1033    0.18961   16  393    0.23454    0.18957  19.2%   992  497s
  1934  1036    0.18977   18  375    0.23454    0.18957  19.2%  1001  500s
  1952  1054    0.19231   27  232    0.23454    0.18957  19.2%  1001  505s
  1972  1074    0.19335   37  218    0.23454    0.18957  19.2%  1009  510s
  1975  1077    0.19364   38  296    0.23454    0.18957  19.2%  1009  523s
  1983  1085    0.19335   42  222    0.23454    0.18957  19.2%  1010  525s
  2012  1114    0.19440   57  119    0.23454    0.18957  19.2%  1009  530s
  2039  1141    0.19440   70  132    0.23454    0.18957  19.2%  1010  535s
  2065  1165    0.19440   83  106    0.23454    0.18957  19.2%  1011  540s
  2103  1200    0.19584  102  135    0.23454    0.18957  19.2%  1003  545s
  2153  1236    0.19998  128  198    0.23454    0.18957  19.2%   989  550s
  2216  1278    0.20117  160  257    0.23454    0.18957  19.2%   968  555s
  2252  1280    0.18966   19  410    0.23454    0.18957  19.2%   963  560s
  2256  1284    0.18966   21  471    0.23454    0.18957  19.2%   971  565s
  2262  1290    0.19026   24  419    0.23454    0.18957  19.2%   982  570s
  2268  1296    0.19081   27  355    0.23454    0.18957  19.2%   993  575s
  2276  1304    0.19134   31  293    0.23454    0.18957  19.2%  1003  580s
  2291  1319    0.19151   38  221    0.23454    0.18957  19.2%  1007  585s
  2299  1327    0.19153   42  272    0.23454    0.18957  19.2%  1015  590s
  2314  1341    0.19211   50  154    0.23454    0.18957  19.2%  1019  595s
  2335  1362    0.19283   60  167    0.23454    0.18957  19.2%  1022  600s
  2361  1378     cutoff   74         0.23454    0.18957  19.2%  1022  605s
  2388  1392    0.19303   88  125    0.23454    0.18957  19.2%  1022  610s
  2437  1425     cutoff  112         0.23454    0.18957  19.2%  1012  615s
  2503  1471    0.18966   18  460    0.23454    0.18959  19.2%   996  623s
  2504  1472    0.19040   19  437    0.23454    0.18959  19.2%  1001  625s
  2512  1480    0.19041   25  366    0.23454    0.18959  19.2%  1007  630s
  2526  1494    0.19131   35  314    0.23454    0.18959  19.2%  1009  635s
  2540  1508    0.19256   47  342    0.23454    0.18959  19.2%  1010  640s
  2562  1530    0.19303   59  276    0.23454    0.18959  19.2%  1008  645s
  2581  1549    0.19480   77  234    0.23454    0.18959  19.2%  1005  650s
  2597  1565    0.19442   90  159    0.23454    0.18959  19.2%  1005  655s
  2615  1583    0.19452  104  151    0.23454    0.18959  19.2%  1007  660s
  2635  1603    0.19452  121  173    0.23454    0.18959  19.2%  1005  665s
  2659  1616    0.19892  141  447    0.23454    0.18959  19.2%  1004  670s
  2683  1620    0.18960   15  509    0.23454    0.18959  19.2%  1005  677s
  2684  1621    0.18961   16  502    0.23454    0.18959  19.2%  1009  684s
  2685  1622    0.18961   17  517    0.23454    0.18959  19.2%  1011  685s
  2689  1626    0.18961   20  524    0.23454    0.18959  19.2%  1017  690s
H 2693  1600                       0.2318585    0.18959  18.2%  1022  696s
H 2693  1556                       0.2291864    0.18959  17.3%  1022  700s
  2693  1558    0.18979   23  446    0.22919    0.18959  17.3%  1025  712s
  2697  1562    0.18979   27  409    0.22919    0.18959  17.3%  1026  715s
  2703  1568    0.19011   31  412    0.22919    0.18959  17.3%  1034  720s
  2718  1583    0.19253   44  273    0.22919    0.18959  17.3%  1034  725s
  2739  1604    0.19263   61  204    0.22919    0.18959  17.3%  1032  730s
  2757  1622    0.19420   76  267    0.22919    0.18959  17.3%  1032  735s
  2786  1651    0.19600  100  149    0.22919    0.18959  17.3%  1029  740s
  2821  1683    0.19663  130  212    0.22919    0.18959  17.3%  1023  745s
  2867  1716    0.20101  165  197    0.22919    0.18959  17.3%  1012  750s
  2895  1728    0.18961   15  562    0.22919    0.18960  17.3%  1012  757s
  2900  1733    0.19068   20  381    0.22919    0.18960  17.3%  1014  760s
  2910  1743    0.19378   30  387    0.22919    0.18960  17.3%  1018  766s
  2921  1754    0.19355   39  368    0.22919    0.18960  17.3%  1021  770s
  2930  1763    0.19452   45  324    0.22919    0.18960  17.3%  1024  775s
  2943  1776    0.19573   54  249    0.22919    0.18960  17.3%  1028  780s
H 2958  1789                       0.2291864    0.18960  17.3%  1028  818s
H 2958  1789                       0.2291864    0.18960  17.3%  1028  827s
  2960  1793    0.19632   68  180    0.22919    0.18960  17.3%  1027  831s
  2981  1814    0.19752   82  276    0.22919    0.18960  17.3%  1026  835s
  3017  1845 infeasible  104         0.22919    0.18960  17.3%  1022  840s
  3073  1868    0.18961   16  518    0.22919    0.18961  17.3%  1013  848s
  3074  1869    0.19003   17  477    0.22919    0.18961  17.3%  1016  850s
  3085  1880    0.19148   27  368    0.22919    0.18961  17.3%  1018  855s
  3096  1891    0.19180   32  377    0.22919    0.18961  17.3%  1021  860s
  3107  1902    0.19318   42  281    0.22919    0.18961  17.3%  1022  865s
  3135  1930    0.19611   57  147    0.22919    0.18961  17.3%  1020  870s
  3160  1950    0.19639   75  257    0.22919    0.18961  17.3%  1020  875s
  3194  1969    0.18962   17  560    0.22919    0.18961  17.3%  1021  883s
  3195  1970    0.19003   18  466    0.22919    0.18961  17.3%  1024  885s
  3207  1982    0.19118   30  321    0.22919    0.18961  17.3%  1026  890s
  3216  1991    0.19260   39  327    0.22919    0.18961  17.3%  1030  895s
  3218  1993    0.19366   40  332    0.22919    0.18961  17.3%  1031  903s
  3223  1998    0.19377   44  363    0.22919    0.18961  17.3%  1032  905s
  3258  2033    0.19601   64  155    0.22919    0.18961  17.3%  1028  910s
  3280  2055    0.19712   80  266    0.22919    0.18961  17.3%  1030  915s
  3307  2082    0.19737   98  159    0.22919    0.18961  17.3%  1028  920s
  3340  2113     cutoff  119         0.22919    0.18961  17.3%  1026  925s
  3384  2146     cutoff  149         0.22919    0.18961  17.3%  1019  930s
  3394  2146    0.19003   20  434    0.22919    0.18961  17.3%  1023  935s
  3410  2162    0.19176   29  305    0.22919    0.18961  17.3%  1024  940s
  3426  2178    0.19339   41  231    0.22919    0.18961  17.3%  1026  945s
  3455  2206    0.19479   65  162    0.22919    0.18961  17.3%  1022  950s
  3482  2233    0.19505   85  166    0.22919    0.18961  17.3%  1021  955s
  3522  2253    0.19014   19  472    0.22919    0.18961  17.3%  1021  964s
  3523  2254    0.19027   20  441    0.22919    0.18961  17.3%  1023  966s
  3532  2263    0.19094   27  311    0.22919    0.18961  17.3%  1025  970s
  3553  2284    0.19286   47  231    0.22919    0.18961  17.3%  1023  975s
  3579  2310    0.19380   63  191    0.22919    0.18961  17.3%  1022  980s
  3604  2335    0.19548   82  133    0.22919    0.18961  17.3%  1020  985s
  3640  2354    0.18965   21  451    0.22919    0.18961  17.3%  1017  990s
  3649  2363    0.19111   30  392    0.22919    0.18961  17.3%  1019  995s
  3666  2380    0.19427   42  172    0.22919    0.18961  17.3%  1021 1000s
  3736  2448    0.19576  101   86    0.22919    0.18961  17.3%  1007 1005s
  3781  2491    0.20872  128  125    0.22919    0.18961  17.3%  1001 1010s
  3818  2502    0.19194   23  337    0.22919    0.18961  17.3%   998 1015s
  3824  2508    0.19307   29  362    0.22919    0.18961  17.3%  1001 1020s
  3848  2528    0.19523   52  268    0.22919    0.18961  17.3%  1000 1025s
H 3859  2483                       0.2257894    0.18961  16.0%   998 1026s
  3882  2499    0.18969   21  470    0.22579    0.18961  16.0%   999 1033s
  3883  2500    0.18970   22  462    0.22579    0.18961  16.0%  1001 1035s
  3891  2508    0.19155   30  478    0.22579    0.18961  16.0%  1005 1040s
  3904  2521    0.19359   43  347    0.22579    0.18961  16.0%  1007 1045s
  3939  2556    0.19951   78  147    0.22579    0.18961  16.0%  1001 1050s
  3968  2569    0.18971   21  502    0.22579    0.18961  16.0%   999 1055s
  3973  2574    0.19058   24  449    0.22579    0.18961  16.0%  1004 1060s
  3981  2582    0.19088   28  443    0.22579    0.18961  16.0%  1008 1065s
  3986  2587    0.19297   30  387    0.22579    0.18961  16.0%  1013 1070s
  3997  2598    0.19274   36  393    0.22579    0.18961  16.0%  1018 1075s
  4010  2611    0.19411   42  343    0.22579    0.18961  16.0%  1020 1080s
  4023  2624    0.19545   49  283    0.22579    0.18961  16.0%  1024 1085s
  4040  2641    0.20023   57  450    0.22579    0.18961  16.0%  1028 1090s
  4060  2661    0.21251   67  370    0.22579    0.18961  16.0%  1030 1095s
  4083  2684    0.19764   79  279    0.22579    0.18961  16.0%  1033 1100s
  4106  2697     cutoff   90         0.22579    0.18961  16.0%  1036 1105s
  4161  2736    0.21188  118  271    0.22579    0.18961  16.0%  1029 1110s
  4181  2740    0.18966   16  564    0.22579    0.18961  16.0%  1029 1116s
  4185  2744    0.19099   20  349    0.22579    0.18961  16.0%  1033 1120s
  4195  2754    0.19106   30  367    0.22579    0.18961  16.0%  1034 1125s
  4206  2765    0.19342   41  276    0.22579    0.18961  16.0%  1036 1130s
  4213  2770    0.19568   48  225    0.22579    0.18961  16.0%  1038 1135s
  4230  2786    0.19704   65  229    0.22579    0.18961  16.0%  1038 1140s
  4237  2787    0.19017   17  563    0.22579    0.18962  16.0%  1041 1146s
  4239  2789    0.19029   19  446    0.22579    0.18962  16.0%  1044 1150s
  4245  2795    0.19272   25  344    0.22579    0.18962  16.0%  1046 1155s
  4264  2814    0.19385   44  298    0.22579    0.18962  16.0%  1046 1160s
  4282  2832    0.19568   62  331    0.22579    0.18962  16.0%  1047 1165s
  4293  2843    0.19768   73  210    0.22579    0.18962  16.0%  1048 1170s
  4315  2865    0.19987   95  163    0.22579    0.18962  16.0%  1046 1175s
  4353  2892    0.19017   17  553    0.22579    0.18962  16.0%  1044 1187s
  4354  2893    0.19031   18  411    0.22579    0.18962  16.0%  1046 1221s
  4358  2897    0.19031   22  398    0.22579    0.18962  16.0%  1048 1228s
  4362  2901    0.19092   24  364    0.22579    0.18962  16.0%  1049 1230s
  4372  2911    0.19114   31  283    0.22579    0.18962  16.0%  1051 1235s
  4397  2935    0.19227   49  203    0.22579    0.18962  16.0%  1050 1240s
  4431  2969    0.19454   80  221    0.22579    0.18962  16.0%  1047 1245s
  4463  2999     cutoff   97         0.22579    0.18962  16.0%  1047 1250s
  4503  3030    0.20383  121   94    0.22579    0.18962  16.0%  1044 1255s
  4538  3044    0.19024   19  409    0.22579    0.18962  16.0%  1043 1260s
  4542  3048    0.19032   23  391    0.22579    0.18962  16.0%  1048 1265s
  4548  3054    0.19039   29  383    0.22579    0.18962  16.0%  1051 1270s
  4561  3067    0.20104   42  301    0.22579    0.18962  16.0%  1052 1275s
  4593  3099    0.20776   74  214    0.22579    0.18962  16.0%  1049 1280s
  4621  3125    0.22028  102  246    0.22579    0.18962  16.0%  1047 1285s
  4645  3124    0.18979   20  464    0.22579    0.18962  16.0%  1048 1290s
  4651  3130    0.19126   26  443    0.22579    0.18962  16.0%  1051 1295s
  4657  3136    0.19210   32  458    0.22579    0.18962  16.0%  1054 1300s
  4663  3142    0.19417   38  392    0.22579    0.18962  16.0%  1057 1306s
  4676  3155    0.19633   51  261    0.22579    0.18962  16.0%  1057 1310s
  4727  3206    0.19967  102   97    0.22579    0.18962  16.0%  1050 1315s
  4761  3230    0.19017   20  475    0.22579    0.18963  16.0%  1048 1320s
  4769  3238    0.19107   28  380    0.22579    0.18963  16.0%  1051 1325s
  4791  3259    0.19975   50  365    0.22579    0.18963  16.0%  1052 1330s
  4805  3265    0.19040   19  388    0.22579    0.18963  16.0%  1054 1335s
  4812  3272    0.19083   22  369    0.22579    0.18963  16.0%  1057 1340s
  4818  3278    0.19083   26  399    0.22579    0.18963  16.0%  1062 1345s
  4823  3283    0.19082   26  345    0.22579    0.18963  16.0%  1066 1350s
  4831  3291    0.19098   29  416    0.22579    0.18963  16.0%  1069 1355s
  4850  3310    0.19131   36  366    0.22579    0.18963  16.0%  1070 1360s
  4869  3329    0.19212   42  286    0.22579    0.18963  16.0%  1070 1365s
  4910  3353    0.20661   62  254    0.22579    0.18963  16.0%  1065 1370s
  4941  3363    0.18983   18  481    0.22579    0.18963  16.0%  1064 1376s
  4947  3369    0.19129   24  308    0.22579    0.18963  16.0%  1066 1380s
  4955  3377    0.19248   32  338    0.22579    0.18963  16.0%  1065 1394s
  4959  3381    0.19313   36  192    0.22579    0.18963  16.0%  1065 1395s
  5006  3428    0.20089   83   99    0.22579    0.18963  16.0%  1058 1400s
  5060  3453    0.18983   21  455    0.22579    0.18963  16.0%  1052 1405s
  5066  3459    0.19040   27  429    0.22579    0.18963  16.0%  1054 1410s
  5079  3472    0.19080   40  355    0.22579    0.18963  16.0%  1055 1415s
  5092  3485    0.19275   53  326    0.22579    0.18963  16.0%  1058 1420s
  5102  3494    0.19394   43  401    0.22579    0.18963  16.0%  1059 1435s
  5105  3496    0.22119  113  364    0.22579    0.18963  16.0%  1059 1443s
  5106  3497    0.19660   58  502    0.22579    0.18963  16.0%  1059 1445s
  5108  3498    0.19527   50  497    0.22579    0.18963  16.0%  1058 1450s
  5111  3500    0.19479   72  460    0.22579    0.18963  16.0%  1058 1457s
  5113  3501    0.19425   46  478    0.22579    0.18963  16.0%  1057 1462s
  5115  3503    0.19395   43  500    0.22579    0.18963  16.0%  1057 1468s
  5116  3503    0.19171   37  496    0.22579    0.18963  16.0%  1057 1470s
  5118  3505    0.19247   56  529    0.22579    0.18963  16.0%  1056 1475s
  5120  3506    0.19361   83  563    0.22579    0.18963  16.0%  1056 1480s
  5122  3507    0.19427   71  528    0.22579    0.18963  16.0%  1055 1486s
  5124  3509    0.19235   37  499    0.22579    0.18963  16.0%  1055 1492s
  5126  3512    0.18963   25  498    0.22579    0.18963  16.0%  1076 1495s
  5129  3514    0.18963   26  542    0.22579    0.18963  16.0%  1079 1500s
  5133  3517    0.19017   28  374    0.22579    0.18963  16.0%  1082 1505s
  5142  3523    0.19054   33  442    0.22579    0.18963  16.0%  1088 1514s
  5144  3524    0.19026   34  353    0.22579    0.18963  16.0%  1088 1515s
  5159  3534    0.19172   41  139    0.22579    0.18963  16.0%  1090 1520s
  5174  3543    0.19190   49  154    0.22579    0.18963  16.0%  1093 1525s
  5179  3546    0.19226   51  157    0.22579    0.18963  16.0%  1093 1530s
  5198  3559    0.19442   61  198    0.22579    0.18963  16.0%  1094 1535s
  5216  3571    0.19301   70  151    0.22579    0.18963  16.0%  1095 1540s
  5237  3585    0.19318   80  127    0.22579    0.18963  16.0%  1096 1545s
  5258  3589    0.21776   91  313    0.22579    0.18963  16.0%  1098 1550s
  5284  3592    0.19318  104  144    0.22579    0.18963  16.0%  1097 1555s
  5306  3587    0.18963   27  450    0.22579    0.18963  16.0%  1099 1563s
  5307  3588    0.18963   28  455    0.22579    0.18963  16.0%  1100 1565s
  5312  3591    0.18963   30  463    0.22579    0.18963  16.0%  1104 1570s
  5317  3594    0.19013   33  455    0.22579    0.18963  16.0%  1107 1575s
  5326  3600    0.19106   37  345    0.22579    0.18963  16.0%  1110 1581s
  5335  3606    0.19105   42  301    0.22579    0.18963  16.0%  1111 1585s
  5339  3609    0.19121   44  297    0.22579    0.18963  16.0%  1112 1602s
  5344  3612    0.19339   46  305    0.22579    0.18963  16.0%  1113 1605s
  5362  3624    0.19189   55  259    0.22579    0.18963  16.0%  1114 1610s
  5388  3640     cutoff   68         0.22579    0.18963  16.0%  1113 1615s
  5404  3650    0.19346   76  191    0.22579    0.18963  16.0%  1114 1620s
  5432  3669    0.19348   90  246    0.22579    0.18963  16.0%  1114 1625s
  5448  3680    0.19387   98  322    0.22579    0.18963  16.0%  1116 1630s
  5465  3691    0.19348  107  151    0.22579    0.18963  16.0%  1116 1635s
  5491  3706    0.19348  120  155    0.22579    0.18963  16.0%  1116 1640s
  5511  3719    0.19348  130  153    0.22579    0.18963  16.0%  1116 1645s
  5543  3716    0.19348  146  165    0.22579    0.18963  16.0%  1115 1650s
  5568  3727    0.19389  158  157    0.22579    0.18963  16.0%  1115 1655s
  5606  3746    0.19456  177  248    0.22579    0.18963  16.0%  1111 1660s
  5658  3756    0.22063  203  136    0.22579    0.18963  16.0%  1104 1665s
  5684  3751    0.18993   27  480    0.22579    0.18963  16.0%  1102 1671s
  5686  3752    0.18994   28  504    0.22579    0.18963  16.0%  1106 1676s
  5689  3754    0.19002   30  448    0.22579    0.18963  16.0%  1111 1681s
  5691  3756    0.19063   31  442    0.22579    0.18963  16.0%  1114 1685s
  5695  3758    0.19089   33  412    0.22579    0.18963  16.0%  1118 1690s
  5700  3762    0.19055   35  307    0.22579    0.18963  16.0%  1121 1695s
  5710  3768    0.19185   40  409    0.22579    0.18963  16.0%  1124 1700s
  5719  3774    0.19171   45  252    0.22579    0.18963  16.0%  1125 1706s
  5724  3778    0.19179   47  339    0.22579    0.18963  16.0%  1128 1710s
  5734  3784    0.19278   52  251    0.22579    0.18963  16.0%  1131 1715s
  5746  3791    0.19259   59  158    0.22579    0.18963  16.0%  1133 1720s
  5763  3803    0.19334   67  230    0.22579    0.18963  16.0%  1135 1725s
  5776  3811    0.19338   74  174    0.22579    0.18963  16.0%  1136 1730s
  5784  3816    0.19338   78  186    0.22579    0.18963  16.0%  1138 1735s
  5801  3827    0.20233   86  231    0.22579    0.18963  16.0%  1140 1740s
  5827  3834    0.20769   99  225    0.22579    0.18963  16.0%  1138 1745s
  5840  3829    0.19040   27  434    0.22579    0.18963  16.0%  1139 1750s
  5845  3832    0.19048   29  401    0.22579    0.18963  16.0%  1143 1755s
  5854  3838    0.19107   34  366    0.22579    0.18963  16.0%  1146 1760s
  5865  3846    0.19391   39  424    0.22579    0.18963  16.0%  1149 1766s
  5876  3853    0.19173   45  223    0.22579    0.18963  16.0%  1151 1770s
  5895  3866    0.19367   54  106    0.22579    0.18963  16.0%  1151 1775s

Cutting planes:
  Learned: 3
  Gomory: 4
  Cover: 40
  Implied bound: 125
  Projected implied bound: 46
  Clique: 13
  MIR: 183
  Mixing: 1
  StrongCG: 17
  Flow cover: 225
  GUB cover: 2
  Zero half: 4
  Network: 33
  RLT: 4
  Relax-and-lift: 18
  BQP: 12

Explored 5921 nodes (6845255 simplex iterations) in 1779.08 seconds (3948.74 work units)
Thread count was 1 (of 20 available processors)

Solution count 10: 0.225789 0.229186 0.231859 ... 0.244212

Time limit reached
Best objective 2.257894149863e-01, best bound 1.896304569320e-01, gap 16.0145%

User-callback calls 270345, time in user-callback 0.21 sec
