
Gurobi 13.0.2 (win64) logging started Sun Aug  9 22:50:15 2026

Set parameter LogFile to value "E:\codes\ExactEBRP\results\gf_simple_start_qualification_round35\runs\matrix1800__round32_multi_m_moderate_V50_M2_seed254020866__c6_simple_start__1800s\external\native_logs\L0_c6_1_next_leaf_target_mip.gurobi.log"
Gurobi Optimizer version 13.0.2 build v13.0.2rc1 (win64 - Windows 10.0 (19045.2))

CPU model: 12th Gen Intel(R) Core(TM) i7-12700KF, instruction set [SSE2|AVX|AVX2]
Thread count: 12 physical cores, 20 logical processors, using up to 1 threads

Non-default parameters:
TimeLimit  1775.8502722
MIPGap  0
MIPGapAbs  0
LogToConsole  0
Threads  1

Optimize a model with 74031 rows, 12795 columns and 563155 nonzeros (Min)
Model fingerprint: 0x8dfee82d
Model has 51 linear objective coefficients
Variable types: 6862 continuous, 5933 integer (5583 binary)
Coefficient statistics:
  Matrix range     [7e-03, 2e+04]
  Objective range  [7e-03, 1e+00]
  Bounds range     [2e-01, 3e+03]
  RHS range        [2e-01, 5e+04]

Presolve removed 5209 rows and 115 columns
Presolve time: 1.31s
Presolved: 68822 rows, 12680 columns, 506412 nonzeros
Variable types: 6755 continuous, 5925 integer (5572 binary)
Root relaxation presolved: 12584 rows, 81222 columns, 518628 nonzeros


Extra simplex iterations from dual to original model: 2

Root relaxation: objective 6.308976e-01, 7658 iterations, 2.13 seconds (6.40 work units)

    Nodes    |    Current Node    |     Objective Bounds      |     Work
 Expl Unexpl |  Obj  Depth IntInf | Incumbent    BestBd   Gap | It/Node Time

     0     0    0.63090    0  486          -    0.63090      -     -    4s
     0     0    0.74413    0  503          -    0.74413      -     -   10s
     0     0    0.77969    0  260          -    0.77969      -     -   10s

Cutting planes:
  Learned: 7
  Gomory: 1
  Cover: 90
  Implied bound: 34
  Clique: 6
  MIR: 828
  StrongCG: 35
  Flow cover: 402
  Zero half: 18
  Network: 22
  RLT: 8
  Relax-and-lift: 37
  BQP: 35

Explored 1 nodes (11334 simplex iterations) in 10.62 seconds (22.50 work units)
Thread count was 1 (of 20 available processors)

Solution count 0

Solve interrupted
Best objective -, best bound 7.796903480746e-01, gap -

User-callback calls 2868, time in user-callback 0.00 sec
