
Gurobi 13.0.2 (win64) logging started Sun Aug  9 22:51:25 2026

Set parameter LogFile to value "E:\codes\ExactEBRP\results\gf_simple_start_qualification_round35\runs\matrix1800__round32_multi_m_moderate_V50_M2_seed254020866__c6_simple_start__1800s\external\native_logs\L1_terminal_mip.gurobi.log"
Gurobi Optimizer version 13.0.2 build v13.0.2rc1 (win64 - Windows 10.0 (19045.2))

CPU model: 12th Gen Intel(R) Core(TM) i7-12700KF, instruction set [SSE2|AVX|AVX2]
Thread count: 12 physical cores, 20 logical processors, using up to 1 threads

Non-default parameters:
TimeLimit  1706.2000835
MIPGap  0
MIPGapAbs  0
LogToConsole  0
Threads  1

Optimize a model with 74031 rows, 12795 columns and 563771 nonzeros (Min)
Model fingerprint: 0xb1443697
Model has 51 linear objective coefficients
Variable types: 6862 continuous, 5933 integer (5583 binary)
Coefficient statistics:
  Matrix range     [7e-03, 2e+04]
  Objective range  [7e-03, 1e+00]
  Bounds range     [2e-01, 2e+03]
  RHS range        [2e-01, 5e+04]

Presolved: 68988 rows, 12680 columns, 500274 nonzeros

Continuing optimization...

     0     0    0.78085    0  575          -    0.78085      -     -   37s
     0     0    0.78085    0  551          -    0.78085      -     -   37s
     0     0    0.78108    0  552          -    0.78108      -     -   38s
     0     0    0.78286    0  560          -    0.78286      -     -   43s
H    0     0                       0.9617597    0.78286  18.6%     -   44s
H    0     0                       0.9447273    0.78286  17.1%     -   44s
H    0     0                       0.9218372    0.78286  15.1%     -   44s
H    0     0                       0.9023605    0.78286  13.2%     -   45s
H    0     0                       0.8915505    0.78286  12.2%     -   45s
H    0     0                       0.8896316    0.78286  12.0%     -   45s
H    0     0                       0.8839996    0.78286  11.4%     -   45s
H    0     0                       0.8836247    0.78286  11.4%     -   45s
H    0     0                       0.8826420    0.78286  11.3%     -   45s
H    0     0                       0.8804180    0.78286  11.1%     -   45s
H    0     0                       0.8786189    0.78286  10.9%     -   45s
H    0     0                       0.8783671    0.78286  10.9%     -   45s
     0     0    0.78336    0  550    0.87837    0.78336  10.8%     -   47s
     0     0    0.78459    0  548    0.87837    0.78459  10.7%     -   52s
     0     0    0.78513    0  573    0.87837    0.78513  10.6%     -   55s
     0     0    0.78597    0  579    0.87837    0.78597  10.5%     -   61s
     0     0    0.78610    0  564    0.87837    0.78610  10.5%     -   63s
     0     0    0.78667    0  605    0.87837    0.78667  10.4%     -   69s
H    0     0                       0.8769455    0.78667  10.3%     -   69s
     0     0    0.78704    0  612    0.87695    0.78704  10.3%     -   72s
     0     0    0.78780    0  554    0.87695    0.78780  10.2%     -   76s
     0     0    0.78791    0  573    0.87695    0.78791  10.2%     -   79s
     0     0    0.78834    0  627    0.87695    0.78834  10.1%     -   83s
     0     0    0.78839    0  580    0.87695    0.78839  10.1%     -   86s
     0     0    0.78925    0  592    0.87695    0.78925  10.0%     -   94s
H    0     0                       0.8743067    0.78925  9.73%     -   94s
     0     0    0.78941    0  600    0.87431    0.78941  9.71%     -   96s
     0     0    0.79047    0  617    0.87431    0.79047  9.59%     -  102s
H    0     0                       0.8735170    0.79047  9.51%     -  103s
H    0     0                       0.8696211    0.79047  9.10%     -  103s
H    0     0                       0.8663943    0.79047  8.76%     -  103s
     0     0    0.79060    0  607    0.86639    0.79060  8.75%     -  103s
     0     0    0.79078    0  576    0.86639    0.79078  8.73%     -  107s
     0     0    0.79082    0  629    0.86639    0.79082  8.72%     -  110s
     0     0    0.79096    0  611    0.86639    0.79096  8.71%     -  118s
     0     0    0.79100    0  594    0.86639    0.79100  8.70%     -  121s
     0     0    0.79125    0  629    0.86639    0.79125  8.67%     -  129s
     0     0    0.79131    0  634    0.86639    0.79131  8.67%     -  137s
     0     0    0.79146    0  641    0.86639    0.79146  8.65%     -  144s
     0     0    0.79149    0  655    0.86639    0.79149  8.65%     -  146s
     0     0    0.79160    0  654    0.86639    0.79160  8.63%     -  152s
H    0     0                       0.8660477    0.79160  8.60%     -  154s
     0     0    0.79162    0  635    0.86605    0.79162  8.59%     -  159s
     0     0    0.79174    0  623    0.86605    0.79174  8.58%     -  167s
     0     0    0.79177    0  669    0.86605    0.79177  8.58%     -  172s
     0     0    0.79185    0  680    0.86605    0.79185  8.57%     -  178s
     0     0    0.79186    0  648    0.86605    0.79186  8.57%     -  185s
     0     0    0.79203    0  615    0.86605    0.79203  8.55%     -  189s
     0     0    0.79209    0  667    0.86605    0.79209  8.54%     -  194s
     0     0    0.79248    0  616    0.86605    0.79248  8.49%     -  202s
     0     0    0.79251    0  621    0.86605    0.79251  8.49%     -  208s
     0     0    0.79279    0  650    0.86605    0.79279  8.46%     -  217s
     0     0    0.79290    0  649    0.86605    0.79290  8.45%     -  218s
     0     0    0.79306    0  629    0.86605    0.79306  8.43%     -  222s
     0     0    0.79312    0  627    0.86605    0.79312  8.42%     -  222s
     0     0    0.79322    0  614    0.86605    0.79322  8.41%     -  229s
     0     0    0.79324    0  630    0.86605    0.79324  8.41%     -  230s
     0     0    0.79329    0  640    0.86605    0.79329  8.40%     -  238s
     0     0    0.79329    0  609    0.86605    0.79329  8.40%     -  242s
     0     0    0.79344    0  656    0.86605    0.79344  8.38%     -  249s
     0     0    0.79348    0  657    0.86605    0.79348  8.38%     -  252s
     0     0    0.79364    0  668    0.86605    0.79364  8.36%     -  261s
     0     0    0.79369    0  698    0.86605    0.79369  8.35%     -  263s
     0     0    0.79393    0  658    0.86605    0.79393  8.33%     -  271s
     0     0    0.79416    0  673    0.86605    0.79416  8.30%     -  279s
     0     0    0.79468    0  665    0.86605    0.79468  8.24%     -  286s
     0     0    0.79485    0  723    0.86605    0.79485  8.22%     -  289s
     0     0    0.79524    0  652    0.86605    0.79524  8.18%     -  298s
H    0     0                       0.8623155    0.79524  7.78%     -  298s
     0     0    0.79533    0  704    0.86232    0.79533  7.77%     -  303s
     0     0    0.79594    0  656    0.86232    0.79594  7.70%     -  312s
     0     0    0.79599    0  719    0.86232    0.79599  7.69%     -  316s
     0     0    0.79617    0  686    0.86232    0.79617  7.67%     -  322s
H    0     0                       0.8598358    0.79617  7.40%     -  322s
H    0     0                       0.8583175    0.79617  7.24%     -  322s
H    0     0                       0.8575640    0.79617  7.16%     -  322s
     0     0    0.79619    0  689    0.85756    0.79619  7.16%     -  322s
     0     0    0.79659    0  682    0.85756    0.79659  7.11%     -  329s
     0     0    0.79672    0  656    0.85756    0.79672  7.10%     -  333s
     0     0    0.79719    0  723    0.85756    0.79719  7.04%     -  340s
H    0     0                       0.8573415    0.79719  7.02%     -  340s
     0     0    0.79729    0  687    0.85734    0.79729  7.00%     -  346s
     0     0    0.79735    0  720    0.85734    0.79735  7.00%     -  352s
     0     0    0.79736    0  722    0.85734    0.79736  7.00%     -  353s
     0     0    0.79744    0  714    0.85734    0.79744  6.99%     -  358s
     0     0    0.79746    0  727    0.85734    0.79746  6.99%     -  359s
     0     0    0.79750    0  719    0.85734    0.79750  6.98%     -  363s
     0     0    0.79750    0  719    0.85734    0.79750  6.98%     -  364s
     0     0    0.79750    0  719    0.85734    0.79750  6.98%     -  364s
     0     0    0.79750    0  680    0.85734    0.79750  6.98%     -  365s
     0     2    0.79750    0  676    0.85734    0.79750  6.98%     -  374s
     1     3    0.79918    1  630    0.85734    0.79755  6.97%  3734  376s
H    2     2                       0.8571528    0.79755  6.95%  1867  380s
H    2     2                       0.8570794    0.79755  6.95%  1867  381s
     4     6    0.79942    2  612    0.85708    0.79942  6.73%  4285  387s
     6     8    0.80009    3  607    0.85708    0.80009  6.65%  3943  392s
     8    10    0.80049    4  591    0.85708    0.80049  6.60%  3770  399s
     9    11    0.80072    5  620    0.85708    0.80072  6.58%  3422  400s
    10    11    0.81333    6  491    0.85708    0.80077  6.57%  4248  410s
    11    12    0.80108    6  628    0.85708    0.80094  6.55%  5369  416s
    14    15    0.80469    8  598    0.85708    0.80094  6.55%  5091  422s
    16    17    0.80255   10  594    0.85708    0.80094  6.55%  4640  426s
    25    26    0.80356   19  560    0.85708    0.80094  6.55%  3236  430s
    36    37    0.80395   30  557    0.85708    0.80094  6.55%  2423  435s
    48    49    0.80513   42  547    0.85708    0.80094  6.55%  2014  441s
    50    51    0.80553   43  560    0.85708    0.80094  6.55%  2171  446s
    53    54    0.81893   45  440    0.85708    0.80094  6.55%  2184  451s
    60    61    0.81053   52  537    0.85708    0.80094  6.55%  2077  456s
    68    69    0.81201   60  524    0.85708    0.80094  6.55%  1936  460s
    72    73    0.81642   62  471    0.85708    0.80094  6.55%  1943  466s
    75    76    0.81233   65  511    0.85708    0.80094  6.55%  2013  471s
    81    82    0.81351   71  517    0.85708    0.80094  6.55%  1943  475s
    94    95    0.81450   84  549    0.85708    0.80094  6.55%  1768  481s
   105   106    0.81482   95  522    0.85708    0.80094  6.55%  1636  485s
   119   120    0.81555  109  509    0.85708    0.80094  6.55%  1508  490s
   134   135    0.81671  123  479    0.85708    0.80094  6.55%  1394  495s
   146   147    0.81759  135  463    0.85708    0.80094  6.55%  1324  500s
   156   157    0.81811  145  475    0.85708    0.80094  6.55%  1286  505s
   175   176    0.81874  164  482    0.85708    0.80094  6.55%  1184  510s
   188   189    0.81941  177  430    0.85708    0.80094  6.55%  1132  515s
   201   202    0.82192  189  397    0.85708    0.80094  6.55%  1089  520s
H  206   203                       0.8496084    0.80094  5.73%  1068  521s
   223   222    0.82279  210  446    0.84961    0.80094  5.73%  1010  525s
   242   241    0.82442  229  436    0.84961    0.80094  5.73%   959  530s
   258   257    0.82802  244  402    0.84961    0.80094  5.73%   924  535s
   270   269    0.82850  256  411    0.84961    0.80094  5.73%   908  540s
   284   283    0.82885  270  421    0.84961    0.80094  5.73%   882  545s
   303   302    0.82901  289  428    0.84961    0.80094  5.73%   852  550s
   328   327    0.82920  314  422    0.84961    0.80094  5.73%   807  555s
   359   358    0.82981  345  420    0.84961    0.80094  5.73%   757  560s
   412   411    0.83130  397  372    0.84961    0.80094  5.73%   672  565s
   429   428    0.83198  412  354    0.84961    0.80094  5.73%   661  570s
   470   469    0.83295  452  345    0.84961    0.80094  5.73%   614  575s
   528   527    0.83443  510  345    0.84961    0.80094  5.73%   556  580s
   579   578    0.84197  560  324    0.84961    0.80094  5.73%   515  585s
   588   576    0.83295  453  680    0.84961    0.80109  5.71%   515  610s
   590   577    0.83608  551  436    0.84961    0.80109  5.71%   514  616s
   591   578    0.82619  198  606    0.84961    0.80109  5.71%   513  623s
   592   579    0.83359  487  613    0.84961    0.80109  5.71%   512  629s
   593   579    0.83034  361  665    0.84961    0.80109  5.71%   511  639s
   594   580    0.83660  554  650    0.84961    0.80309  5.48%   510  646s
   595   581    0.83821  410  683    0.84961    0.80422  5.34%   509  655s
   596   581    0.83035  365  689    0.84961    0.80454  5.31%   508  660s
   597   582    0.81473   91  709    0.84961    0.80553  5.19%   508  670s
   598   583    0.82276  207  702    0.84961    0.80571  5.17%   507  678s
   599   583    0.82873  266  703    0.84961    0.80622  5.11%   506  687s
   600   584    0.83568  550  696    0.84961    0.80625  5.10%   505  695s
H  600   554                       0.8493047    0.80652  5.04%   505  706s
   602   555    0.83588  557  719    0.84930    0.80654  5.03%   503  717s
   603   556    0.80816   52  710    0.84930    0.80658  5.03%   502  726s
   604   557    0.83551  539  736    0.84930    0.80659  5.03%   502  730s
   605   557    0.83089  368  674    0.84930    0.80670  5.02%   501  740s
   607   559    0.80689   16  688    0.84930    0.80689  4.99%   499  754s
   608   559    0.81765  132  736    0.84930    0.80690  4.99%   498  763s
   609   560    0.82920  314  670    0.84930    0.80696  4.99%   498  772s
   610   561    0.81666  120  724    0.84930    0.80699  4.98%   497  781s
   611   561    0.83359  487  678    0.84930    0.80702  4.98%   496  786s
   612   562    0.82287  208  665    0.84930    0.80703  4.98%   495  791s
   613   563    0.82307  221  662    0.84930    0.80708  4.97%   494  799s
   614   563    0.81758  121  675    0.84930    0.80708  4.97%   493  803s
   615   564    0.82890  276  650    0.84930    0.80714  4.96%   493  808s
   616   565    0.81819  153  659    0.84930    0.80714  4.96%   492  813s
   617   565    0.81813  146  658    0.84930    0.80714  4.96%   491  821s
   618   566    0.81297   67  654    0.84930    0.80714  4.96%   490  828s
   619   567    0.83260  427  654    0.84930    0.80714  4.96%   489  842s
   620   569    0.80855   10  499    0.84930    0.80714  4.96%   711  849s
   621   570    0.80803   10  580    0.84930    0.80803  4.86%   720  860s
   623   571    0.82578   11  623    0.84930    0.80855  4.80%   739  871s
   625   573    0.81235   12  461    0.84930    0.80855  4.80%   753  876s
   627   574    0.81791   13  518    0.84930    0.80855  4.80%   771  884s
   628   575    0.81333   14  395    0.84930    0.80855  4.80%   773  886s
   629   573     cutoff   14         0.84930    0.80855  4.80%   781  890s
   632   575    0.81353   16  417    0.84930    0.80855  4.80%   786  895s
   634   577    0.81356   17  397    0.84930    0.80855  4.80%   796  900s
   637   579    0.81413   18  414    0.84930    0.80855  4.80%   800  906s
   639   580    0.81667   19  374    0.84930    0.80855  4.80%   803  910s
   642   582    0.81675   21  393    0.84930    0.80855  4.80%   808  916s
   645   584    0.84067   22  383    0.84930    0.80855  4.80%   814  921s
   648   586    0.81692   24  358    0.84930    0.80855  4.80%   814  925s
   651   586    0.82292   25  344    0.84930    0.80855  4.80%   819  930s
   654   586    0.81704   27  365    0.84930    0.80855  4.80%   826  935s
   658   585    0.81734   29  373    0.84930    0.80855  4.80%   836  942s
   661   585     cutoff   30         0.84930    0.80855  4.80%   839  945s
   665   585    0.81873   32  377    0.84930    0.80855  4.80%   841  952s
   668   587    0.81746   34  355    0.84930    0.80855  4.80%   840  955s
   673   589    0.83078   36  319    0.84930    0.80855  4.80%   843  961s
   676   591    0.81786   38  318    0.84930    0.80855  4.80%   843  965s
   680   593    0.81796   40  236    0.84930    0.80855  4.80%   845  970s
   685   597    0.82141   42  253    0.84930    0.80855  4.80%   845  975s
   689   599    0.83419   44  289    0.84930    0.80855  4.80%   847  980s
   692   601    0.81850   46  240    0.84930    0.80855  4.80%   851  985s
   698   603    0.82157   49  249    0.84930    0.80855  4.80%   849  990s
   703   607    0.83678   51  268    0.84930    0.80855  4.80%   851  996s
   707   607    0.82405   53  246    0.84930    0.80855  4.80%   854 1002s
   711   608     cutoff   55         0.84930    0.80855  4.80%   853 1005s
   716   608    0.82200   58  229    0.84930    0.80855  4.80%   853 1010s
   721   612    0.82586   60  236    0.84930    0.80855  4.80%   854 1016s
   727   612     cutoff   63         0.84930    0.80855  4.80%   853 1020s
   732   613    0.82204   66  248    0.84930    0.80855  4.80%   851 1025s
   737   615    0.84193   68  296    0.84930    0.80855  4.80%   852 1030s
   743   616    0.83905   71  215    0.84930    0.80855  4.80%   853 1036s
   748   617    0.82208   74  229    0.84930    0.80855  4.80%   852 1040s
   753   617    0.82830   76  209    0.84930    0.80855  4.80%   849 1045s
   757   618    0.82938   78  250    0.84930    0.80855  4.80%   848 1050s
   763   620    0.84191   81  250    0.84930    0.80855  4.80%   847 1055s
   769   621    0.82925   84  219    0.84930    0.80855  4.80%   845 1060s
   771   621    0.82816   85  188    0.84930    0.80855  4.80%   845 1066s
   776   623    0.82226   88  232    0.84930    0.80855  4.80%   842 1070s
   781   625    0.84442   90  236    0.84930    0.80855  4.80%   845 1076s
   786   627    0.84185   93  251    0.84930    0.80855  4.80%   844 1081s
   791   626     cutoff   96         0.84930    0.80855  4.80%   843 1085s
   797   626     cutoff   99         0.84930    0.80855  4.80%   842 1090s
   805   629    0.82366  103  237    0.84930    0.80855  4.80%   839 1095s
   811   627     cutoff  106         0.84930    0.80855  4.80%   837 1100s
   817   625     cutoff  109         0.84930    0.80855  4.80%   838 1105s
   823   626     cutoff  112         0.84930    0.80855  4.80%   837 1110s
   830   628    0.82371  116  218    0.84930    0.80855  4.80%   833 1115s
   837   631    0.83100  119  218    0.84930    0.80855  4.80%   831 1120s
   842   634    0.82404  122  194    0.84930    0.80855  4.80%   829 1125s
   847   638    0.82977  124  242    0.84930    0.80855  4.80%   828 1130s
   852   641    0.82406  127  207    0.84930    0.80855  4.80%   826 1135s
   859   646    0.83813  130  171    0.84930    0.80855  4.80%   822 1140s
   867   647    0.82409  135  209    0.84930    0.80855  4.80%   818 1145s
   878   645    0.83660  141  197    0.84930    0.80855  4.80%   813 1150s
   884   648    0.83045  144  177    0.84930    0.80855  4.80%   810 1155s
   892   652    0.83655  148  202    0.84930    0.80855  4.80%   806 1160s
   895   651    0.82512  150  185    0.84930    0.80855  4.80%   804 1168s
   900   651    0.82516  153  169    0.84930    0.80855  4.80%   801 1170s
   909   653    0.82531  158  206    0.84930    0.80855  4.80%   796 1175s
   917   653    0.82534  162  182    0.84930    0.80855  4.80%   792 1180s
   924   655    0.82949  165  195    0.84930    0.80855  4.80%   788 1185s
   930   657    0.84645  168  150    0.84930    0.80855  4.80%   785 1190s
   937   657    0.82552  172  184    0.84930    0.80855  4.80%   782 1195s
   944   659    0.82599  176  232    0.84930    0.80855  4.80%   780 1200s
   953   659    0.83241  180  213    0.84930    0.80855  4.80%   776 1205s
   965   659    0.82605  187  208    0.84930    0.80855  4.80%   769 1210s
   972   660    0.83525  190  206    0.84930    0.80855  4.80%   765 1215s
   982   664    0.82750  195  170    0.84930    0.80855  4.80%   760 1220s
   991   668    0.82627  200  193    0.84930    0.80855  4.80%   754 1225s
  1002   665 infeasible  205         0.84930    0.80855  4.80%   751 1230s
  1009   668    0.82650  209  175    0.84930    0.80855  4.80%   748 1235s
  1020   671     cutoff  214         0.84930    0.80855  4.80%   743 1240s
  1028   675    0.83156  218  269    0.84930    0.80855  4.80%   741 1245s
  1036   677    0.84468  222  168    0.84930    0.80855  4.80%   739 1250s
  1046   675    0.82888  228  151    0.84930    0.80855  4.80%   735 1255s
  1057   674    0.82914  234  144    0.84930    0.80855  4.80%   731 1260s
  1063   675    0.83312  238  150    0.84930    0.80855  4.80%   728 1265s
  1072   675    0.83940  243  174    0.84930    0.80855  4.80%   725 1270s
  1078   678    0.84047  246  146    0.84930    0.80855  4.80%   723 1275s
  1090   677    0.84108  252  150    0.84930    0.80855  4.80%   717 1280s
  1104   672    0.84330  257  129    0.84930    0.80855  4.80%   711 1285s
  1113   669    0.81164   11  471    0.84930    0.80855  4.80%   710 1297s
  1114   670    0.83060   12  483    0.84930    0.80855  4.80%   714 1300s
  1116   671    0.81659   13  455    0.84930    0.80855  4.80%   721 1307s
  1118   672    0.81506   14  487    0.84930    0.80855  4.80%   722 1310s
  1120   674    0.81560   15  507    0.84930    0.80855  4.80%   726 1315s
H 1121   642                       0.8492233    0.80855  4.79%   726 1320s
  1121   644    0.81568   15  482    0.84922    0.80855  4.79%   729 1327s
  1123   646    0.82368   16  427    0.84922    0.80855  4.79%   732 1331s
  1124   646    0.82077   17  531    0.84922    0.80855  4.79%   736 1335s
  1127   648    0.81997   18  451    0.84922    0.80855  4.79%   737 1340s
  1130   650    0.82326   20  497    0.84922    0.80855  4.79%   739 1345s
  1133   650     cutoff   21         0.84922    0.80855  4.79%   743 1351s
  1135   652    0.81899   22  447    0.84922    0.80855  4.79%   745 1356s
  1137   652    0.82341   23  353    0.84922    0.80855  4.79%   747 1361s
  1140   652    0.82224   26  410    0.84922    0.80855  4.79%   747 1366s
  1143   653    0.82009   28  379    0.84922    0.80855  4.79%   747 1371s
  1145   653    0.82019   29  377    0.84922    0.80855  4.79%   749 1375s
  1148   653    0.82312   30  339    0.84922    0.80855  4.79%   749 1380s
  1155   653    0.82198   34  414    0.84922    0.80855  4.79%   749 1386s
  1160   650    0.83154   38  436    0.84922    0.80855  4.79%   749 1390s
  1164   649    0.83473   42  355    0.84922    0.80855  4.79%   749 1395s
  1170   652    0.84375   46  357    0.84922    0.80855  4.79%   751 1401s
  1177   651     cutoff   49         0.84922    0.80855  4.79%   749 1405s
  1182   649     cutoff   52         0.84922    0.80855  4.79%   750 1410s
  1184   648    0.80918   11  535    0.84922    0.80918  4.72%   753 1419s
  1185   649    0.81213   12  545    0.84922    0.80919  4.71%   756 1423s
  1186   650    0.82543   12  534    0.84922    0.81105  4.50%   759 1426s
  1188   651    0.81996   13  484    0.84922    0.81105  4.50%   762 1430s
  1190   652    0.81390   14  592    0.84922    0.81105  4.50%   767 1435s
  1192   654    0.82436   15  527    0.84922    0.81105  4.50%   772 1441s
  1194   655    0.81631   16  519    0.84922    0.81105  4.50%   778 1446s
  1197   655    0.81665   18  522    0.84922    0.81105  4.50%   780 1450s
  1200   657    0.82222   19  419    0.84922    0.81105  4.50%   784 1456s
  1203   658    0.81732   21  483    0.84922    0.81105  4.50%   787 1460s
  1206   659    0.82099   23  478    0.84922    0.81105  4.50%   792 1466s
  1208   660    0.82107   24  454    0.84922    0.81105  4.50%   796 1471s
  1211   662    0.82987   25  480    0.84922    0.81105  4.50%   801 1476s
  1212   663    0.82368   26  470    0.84922    0.81105  4.50%   805 1481s
  1216   662    0.82370   28  479    0.84922    0.81105  4.50%   806 1485s
  1219   662     cutoff   30         0.84922    0.81105  4.50%   811 1491s
  1223   662    0.82625   33  421    0.84922    0.81105  4.50%   811 1495s
  1228   664    0.82737   35  393    0.84922    0.81105  4.50%   812 1500s
  1233   660     cutoff   37         0.84922    0.81105  4.50%   815 1506s
  1235   659    0.81170   13  557    0.84922    0.81105  4.50%   819 1517s
  1236   660    0.81633   14  444    0.84922    0.81105  4.50%   822 1520s
  1237   661    0.82758   14  532    0.84922    0.81105  4.50%   828 1525s
  1240   663    0.81680   16  453    0.84922    0.81105  4.50%   831 1530s
  1242   664    0.81702   17  460    0.84922    0.81105  4.50%   834 1535s
  1245   666    0.82093   18  483    0.84922    0.81105  4.50%   839 1542s
  1247   667    0.82922   19  468    0.84922    0.81105  4.50%   841 1545s
  1251   670    0.81993   21  466    0.84922    0.81105  4.50%   842 1550s
  1255   671     cutoff   23         0.84922    0.81105  4.50%   844 1555s
  1258   671    0.82256   25  436    0.84922    0.81105  4.50%   847 1560s
  1262   671    0.82287   27  402    0.84922    0.81105  4.50%   850 1565s
  1266   674    0.82300   29  403    0.84922    0.81105  4.50%   849 1571s
  1271   676    0.82840   31  388    0.84922    0.81105  4.50%   850 1575s
  1277   679    0.83348   34  350    0.84922    0.81105  4.50%   848 1580s
  1283   681    0.83811   37  423    0.84922    0.81105  4.50%   847 1585s
  1291   683     cutoff   41         0.84922    0.81105  4.50%   846 1590s
  1296   685    0.83888   44  337    0.84922    0.81105  4.50%   846 1595s
  1300   688    0.83906   46  319    0.84922    0.81105  4.50%   845 1600s
  1306   690    0.83930   49  301    0.84922    0.81105  4.50%   845 1607s
  1308   691    0.83935   50  308    0.84922    0.81105  4.50%   845 1610s
  1316   696    0.83961   54  300    0.84922    0.81105  4.50%   844 1615s
  1324   701    0.83994   58  247    0.84922    0.81105  4.50%   843 1620s
  1331   703    0.84311   61  218    0.84922    0.81105  4.50%   843 1625s
  1341   703 infeasible   66         0.84922    0.81105  4.50%   841 1630s
  1353   704    0.84188   72  209    0.84922    0.81105  4.50%   838 1635s
  1363   704    0.84647   77  189    0.84922    0.81105  4.50%   836 1640s
  1381   706    0.84812   87  206    0.84922    0.81105  4.50%   828 1645s
  1396   710    0.84207   96  150    0.84922    0.81105  4.50%   823 1650s
  1417   714    0.84558  106  158    0.84922    0.81105  4.50%   814 1655s
  1425   710    0.81430   13  448    0.84922    0.81368  4.18%   815 1668s
  1426   711    0.81801   14  479    0.84922    0.81368  4.18%   819 1673s
  1427   711    0.83107   14  476    0.84922    0.81368  4.18%   822 1677s
  1429   713    0.82076   15  475    0.84922    0.81368  4.18%   824 1681s
  1431   712     cutoff   16         0.84922    0.81368  4.18%   831 1689s
  1432   713    0.82266   17  441    0.84922    0.81368  4.18%   832 1692s
  1433   713    0.82065   17  440    0.84922    0.81368  4.18%   834 1696s
  1436   715    0.82362   19  454    0.84922    0.81368  4.18%   838 1702s
  1438   717    0.82337   20  430    0.84922    0.81368  4.18%   839 1706s
  1441   719    0.83415   21  423    0.84922    0.81368  4.18%   840 1710s
  1446   722    0.82493   24  399    0.84922    0.81368  4.18%   841 1715s
  1449   723    0.84669   25  325    0.84922    0.81368  4.18%   843 1720s
  1453   724     cutoff   27         0.84922    0.81368  4.18%   844 1725s
  1456   726    0.82604   29  399    0.84922    0.81368  4.18%   845 1730s
  1460   728    0.82710   31  392    0.84922    0.81368  4.18%   846 1735s

Cutting planes:
  Learned: 13
  Gomory: 4
  Cover: 126
  Implied bound: 263
  Projected implied bound: 35
  Clique: 15
  MIR: 528
  StrongCG: 18
  Flow cover: 768
  GUB cover: 3
  Zero half: 8
  Network: 49
  RLT: 4
  Relax-and-lift: 116
  BQP: 3

Explored 1462 nodes (1532429 simplex iterations) in 1737.94 seconds (4845.36 work units)
Most recent optimization runtime was 1706.23 seconds (4779.50 work units)
Thread count was 1 (of 20 available processors)

Solution count 10: 0.849223 0.849305 0.849608 ... 0.862316

Time limit reached
Best objective 8.492232750000e-01, best bound 8.136845897747e-01, gap 4.1848%

User-callback calls 233485, time in user-callback 0.02 sec
