
Gurobi 13.0.2 (win64) logging started Sun Aug  9 17:13:25 2026

Set parameter LogFile to value "E:\codes\ExactEBRP\results\gf_simple_start_qualification_round35\runs\matrix1800__moderate_seed6301__c6_simple_start__1800s\external\native_logs\L0.1.1_lp.gurobi.log"
Gurobi Optimizer version 13.0.2 build v13.0.2rc1 (win64 - Windows 10.0 (19045.2))

CPU model: 12th Gen Intel(R) Core(TM) i7-12700KF, instruction set [SSE2|AVX|AVX2]
Thread count: 12 physical cores, 20 logical processors, using up to 1 threads

Non-default parameters:
TimeLimit  1.6633645870999999e+03
MIPGap  0
MIPGapAbs  0
LogToConsole  0
Threads  1

Optimize a model with 93025 rows, 18191 columns and 665798 nonzeros (Min)
Model fingerprint: 0x531c35ed
Model has 51 linear objective coefficients
Coefficient statistics:
  Matrix range     [7e-03, 2e+04]
  Objective range  [7e-03, 1e+00]
  Bounds range     [2e-01, 9e+03]
  RHS range        [2e-01, 5e+04]

Presolve removed 4715 rows and 255 columns
Presolve time: 0.40s
Presolved: 17934 rows, 106290 columns, 663607 nonzeros

Iteration    Objective       Primal Inf.    Dual Inf.      Time
       0      handle free variables                          0s

Extra simplex iterations after uncrush: 3

Extra simplex iterations from dual to original model: 1
   12054    4.6100899e-01   0.000000e+00   0.000000e+00      4s

Solved in 12054 iterations and 4.18 seconds (14.02 work units)
Optimal objective  4.610089860e-01

User-callback calls 12229, time in user-callback 0.00 sec
