
Gurobi 13.0.2 (win64) logging started Sun Aug  9 17:12:19 2026

Set parameter LogFile to value "E:\codes\ExactEBRP\results\gf_simple_start_qualification_round35\runs\matrix1800__moderate_seed6301__c6_simple_start__1800s\external\native_logs\L2_lp.gurobi.log"
Gurobi Optimizer version 13.0.2 build v13.0.2rc1 (win64 - Windows 10.0 (19045.2))

CPU model: 12th Gen Intel(R) Core(TM) i7-12700KF, instruction set [SSE2|AVX|AVX2]
Thread count: 12 physical cores, 20 logical processors, using up to 1 threads

Non-default parameters:
TimeLimit  1728.6184933
MIPGap  0
MIPGapAbs  0
LogToConsole  0
Threads  1

Optimize a model with 93026 rows, 18191 columns and 665804 nonzeros (Min)
Model fingerprint: 0x89d19351
Model has 51 linear objective coefficients
Coefficient statistics:
  Matrix range     [7e-03, 2e+04]
  Objective range  [7e-03, 1e+00]
  Bounds range     [5e-01, 7e+03]
  RHS range        [5e-01, 5e+04]

Presolve removed 6802 rows and 227 columns
Presolve time: 0.36s
Presolved: 17936 rows, 104200 columns, 558044 nonzeros

Iteration    Objective       Primal Inf.    Dual Inf.      Time
       0      handle free variables                          0s

Extra simplex iterations after uncrush: 3

Extra simplex iterations from dual to original model: 3
    9213    7.5717467e-01   0.000000e+00   0.000000e+00      3s

Solved in 9213 iterations and 2.75 seconds (8.85 work units)
Optimal objective  7.571746690e-01

User-callback calls 9383, time in user-callback 0.00 sec
