
Gurobi 13.0.2 (win64) logging started Fri Aug  7 22:14:59 2026

Set parameter LogFile to value "E:\codes\ExactEBRP\results\gf_v10_convergence_round33\runs\stage2__V12_M2__c6_frozen__3600s\external\native_logs\L2.0.1_c6_1_next_leaf_target_mip.gurobi.log"
Gurobi Optimizer version 13.0.2 build v13.0.2rc1 (win64 - Windows 10.0 (19045.2))

CPU model: 12th Gen Intel(R) Core(TM) i7-12700KF, instruction set [SSE2|AVX|AVX2]
Thread count: 12 physical cores, 20 logical processors, using up to 1 threads

Non-default parameters:
TimeLimit  3572.3794332
MIPGap  0
MIPGapAbs  0
LogToConsole  0
Threads  1

Optimize a model with 11351 rows, 1034 columns and 113600 nonzeros (Min)
Model fingerprint: 0xc96cd939
Model has 13 linear objective coefficients
Variable types: 516 continuous, 518 integer (434 binary)
Coefficient statistics:
  Matrix range     [5e-05, 1e+05]
  Objective range  [5e-05, 1e+00]
  Bounds range     [4e-01, 3e+02]
  RHS range        [2e-01, 1e+06]

Presolve removed 1193 rows and 33 columns
Presolve time: 0.28s
Presolved: 10158 rows, 1001 columns, 134089 nonzeros
Variable types: 487 continuous, 514 integer (430 binary)
Root relaxation presolved: 10119 rows, 978 columns, 134002 nonzeros


Root relaxation: objective 6.308131e-01, 1608 iterations, 0.19 seconds (0.58 work units)

    Nodes    |    Current Node    |     Objective Bounds      |     Work
 Expl Unexpl |  Obj  Depth IntInf | Incumbent    BestBd   Gap | It/Node Time

     0     0    0.63081    0  156          -    0.63081      -     -    0s
     0     0    0.65233    0  156          -    0.65233      -     -    1s
     0     0    0.65361    0  160          -    0.65361      -     -    1s
     0     0    0.65850    0  168          -    0.65850      -     -    1s
     0     0    0.65906    0  168          -    0.65906      -     -    1s
     0     0    0.66055    0  176          -    0.66055      -     -    2s

Cutting planes:
  Learned: 7
  Cover: 26
  Implied bound: 76
  Clique: 4
  MIR: 104
  StrongCG: 3
  Flow cover: 33
  GUB cover: 2
  Zero half: 1
  Network: 6
  RLT: 16
  Relax-and-lift: 28
  BQP: 20

Explored 1 nodes (3676 simplex iterations) in 2.08 seconds (3.35 work units)
Thread count was 1 (of 20 available processors)

Solution count 0

Solve interrupted
Best objective -, best bound 6.605481943190e-01, gap -

User-callback calls 1313, time in user-callback 0.00 sec
