
Gurobi 13.0.2 (win64) logging started Sun Aug  9 16:41:37 2026

Set parameter LogFile to value "E:\codes\ExactEBRP\results\gf_simple_start_qualification_round35\runs\matrix1800__high_imbalance_seed6202__c6_simple_start__1800s\native.log"
Set parameter Threads to value 1
Set parameter Presolve to value -1
Set parameter Seed to value 0
Set parameter MIPGap to value 0
Set parameter MIPGapAbs to value 0
Warning: unknown variable 'r_max' in bounds section (line 103349)
Warning: unknown variable 'r_min' in bounds section (line 103350)
Read LP format model from file E:\codes\ExactEBRP\results\gf_simple_start_qualification_round35\runs\matrix1800__high_imbalance_seed6202__c6_simple_start__1800s\external\models\L0.lp
Reading time = 0.21 seconds
obj: 93009 rows, 18187 columns, 665195 nonzeros
Set parameter TimeLimit to value 1783.8786713
Warning: unknown variable 'r_max' in bounds section (line 103349)
Warning: unknown variable 'r_min' in bounds section (line 103350)
Read LP format model from file E:\codes\ExactEBRP\results\gf_simple_start_qualification_round35\runs\matrix1800__high_imbalance_seed6202__c6_simple_start__1800s\external\models\L1.lp
Reading time = 0.21 seconds
obj: 93009 rows, 18187 columns, 665803 nonzeros
Set parameter TimeLimit to value 1778.6495756
Warning: unknown variable 'r_max' in bounds section (line 103349)
Warning: unknown variable 'r_min' in bounds section (line 103350)
Read LP format model from file E:\codes\ExactEBRP\results\gf_simple_start_qualification_round35\runs\matrix1800__high_imbalance_seed6202__c6_simple_start__1800s\external\models\L2.lp
Reading time = 0.20 seconds
obj: 93009 rows, 18187 columns, 665803 nonzeros
Set parameter TimeLimit to value 1761.6837435
Warning: unknown variable 'r_max' in bounds section (line 103349)
Warning: unknown variable 'r_min' in bounds section (line 103350)
Read LP format model from file E:\codes\ExactEBRP\results\gf_simple_start_qualification_round35\runs\matrix1800__high_imbalance_seed6202__c6_simple_start__1800s\external\models\L3.lp
Reading time = 0.20 seconds
obj: 93009 rows, 18187 columns, 663353 nonzeros
Set parameter TimeLimit to value 1758.5381595
Warning: unknown variable 'r_max' in bounds section (line 103349)
Warning: unknown variable 'r_min' in bounds section (line 103350)
Read LP format model from file E:\codes\ExactEBRP\results\gf_simple_start_qualification_round35\runs\matrix1800__high_imbalance_seed6202__c6_simple_start__1800s\external\models\L2.0.lp
Reading time = 0.22 seconds
obj: 93009 rows, 18187 columns, 665803 nonzeros
Set parameter TimeLimit to value 1729.684119
Warning: unknown variable 'r_max' in bounds section (line 103349)
Warning: unknown variable 'r_min' in bounds section (line 103350)
Read LP format model from file E:\codes\ExactEBRP\results\gf_simple_start_qualification_round35\runs\matrix1800__high_imbalance_seed6202__c6_simple_start__1800s\external\models\L2.1.lp
Reading time = 0.21 seconds
obj: 93009 rows, 18187 columns, 665803 nonzeros
Set parameter TimeLimit to value 1725.1235788
