
Gurobi 13.0.2 (win64) logging started Fri Aug  7 22:16:54 2026

Set parameter LogFile to value "E:\codes\ExactEBRP\results\gf_v10_convergence_round33\runs\stage3__round33_v10_high_imbalance_M1_Q20_seed2098545008__c6_frozen__repeat1__3600s\external\native_logs\L2.1.1_lp.gurobi.log"
Gurobi Optimizer version 13.0.2 build v13.0.2rc1 (win64 - Windows 10.0 (19045.2))

CPU model: 12th Gen Intel(R) Core(TM) i7-12700KF, instruction set [SSE2|AVX|AVX2]
Thread count: 12 physical cores, 20 logical processors, using up to 1 threads

Non-default parameters:
TimeLimit  3580.997948
MIPGap  0
MIPGapAbs  0
LogToConsole  0
Threads  1

Optimize a model with 2552 rows, 483 columns and 17048 nonzeros (Min)
Model fingerprint: 0x6d89cd5a
Model has 11 linear objective coefficients
Coefficient statistics:
  Matrix range     [1e-02, 1e+05]
  Objective range  [1e-02, 1e+00]
  Bounds range     [6e-01, 8e+02]
  RHS range        [6e-01, 1e+06]

Presolve removed 510 rows and 31 columns
Presolve time: 0.01s
Presolved: 2042 rows, 453 columns, 13854 nonzeros

Iteration    Objective       Primal Inf.    Dual Inf.      Time
       0    8.2170079e-01   1.688277e+02   0.000000e+00      0s
     270    2.1820947e+00   0.000000e+00   0.000000e+00      0s

Solved in 270 iterations and 0.01 seconds (0.04 work units)
Optimal objective  2.182094687e+00

User-callback calls 413, time in user-callback 0.00 sec
