
Gurobi 13.0.2 (win64) logging started Sat Jul 25 01:49:39 2026

Set parameter LogFile to value "E:\codes\ExactEBRP\results\gf_nonblocking_gurobi_c6_round31\runs\stage4__tight_T_seed3101__p_grb_hga__300s\native.log"
Set parameter Threads to value 1
Set parameter Presolve to value -1
Set parameter Seed to value 0
Set parameter MIPGap to value 0
Set parameter MIPGapAbs to value 0
Set parameter TimeLimit to value 300
Read LP format model from file E:\codes\ExactEBRP\results\gf_nonblocking_gurobi_c6_round31\runs\stage4__tight_T_seed3101__p_grb_hga__300s\canonical.lp
Reading time = 0.01 seconds
obj: 5078 rows, 2121 columns, 23379 nonzeros
Set parameter TimeLimit to value 279.5347923
Gurobi Optimizer version 13.0.2 build v13.0.2rc1 (win64 - Windows 10.0 (19045.2))

CPU model: 12th Gen Intel(R) Core(TM) i7-12700KF, instruction set [SSE2|AVX|AVX2]
Thread count: 12 physical cores, 20 logical processors, using up to 1 threads

Non-default parameters:
TimeLimit  279.5347923
MIPGap  0
MIPGapAbs  0
LogToConsole  0
Threads  1

Optimize a model with 5078 rows, 2121 columns and 23379 nonzeros (Min)
Model fingerprint: 0xbaa229fb
Model has 21 linear objective coefficients
Variable types: 426 continuous, 1695 integer (1495 binary)
Coefficient statistics:
  Matrix range     [3e-02, 6e+02]
  Objective range  [7e-03, 1e+00]
  Bounds range     [1e+00, 5e+01]
  RHS range        [1e+00, 4e+03]

Loaded user MIP start with objective 0.107253

Presolve removed 154 rows and 30 columns
Presolve time: 0.06s
Presolved: 4924 rows, 2091 columns, 42575 nonzeros
Variable types: 199 continuous, 1892 integer (1489 binary)

Root relaxation: objective 5.913121e-04, 1324 iterations, 0.07 seconds (0.18 work units)

    Nodes    |    Current Node    |     Objective Bounds      |     Work
 Expl Unexpl |  Obj  Depth IntInf | Incumbent    BestBd   Gap | It/Node Time

     0     0    0.00059    0  231    0.10725    0.00059  99.4%     -    0s
     0     0    0.00082    0  231    0.10725    0.00082  99.2%     -    0s
     0     0    0.00082    0  231    0.10725    0.00082  99.2%     -    0s
     0     0    0.00658    0  470    0.10725    0.00658  93.9%     -    0s
     0     0    0.00673    0  468    0.10725    0.00673  93.7%     -    0s
     0     0    0.00754    0  447    0.10725    0.00754  93.0%     -    0s
     0     0    0.01284    0  452    0.10725    0.01284  88.0%     -    0s
     0     0    0.01319    0  412    0.10725    0.01319  87.7%     -    0s
     0     0    0.01455    0  440    0.10725    0.01455  86.4%     -    0s
     0     0    0.01621    0  491    0.10725    0.01621  84.9%     -    0s
     0     0    0.01702    0  452    0.10725    0.01702  84.1%     -    0s
     0     0    0.01732    0  479    0.10725    0.01732  83.8%     -    1s
     0     0    0.01733    0  510    0.10725    0.01733  83.8%     -    1s
     0     0    0.01736    0  505    0.10725    0.01736  83.8%     -    1s
     0     0    0.01737    0  461    0.10725    0.01737  83.8%     -    1s
     0     0    0.01739    0  518    0.10725    0.01739  83.8%     -    1s
     0     0    0.01748    0  496    0.10725    0.01748  83.7%     -    1s
     0     0    0.01752    0  514    0.10725    0.01752  83.7%     -    1s
     0     0    0.01752    0  488    0.10725    0.01752  83.7%     -    1s
     0     0    0.01753    0  488    0.10725    0.01753  83.7%     -    1s
     0     0    0.01754    0  455    0.10725    0.01754  83.6%     -    1s
     0     0    0.01754    0  486    0.10725    0.01754  83.6%     -    1s
     0     0    0.01754    0  494    0.10725    0.01754  83.6%     -    1s
     0     0    0.01754    0  497    0.10725    0.01754  83.6%     -    1s
     0     0    0.01754    0  496    0.10725    0.01754  83.6%     -    2s
     0     0    0.01754    0  433    0.10725    0.01754  83.6%     -    2s
     0     2    0.01757    0  433    0.10725    0.01757  83.6%     -    2s
   178   144    0.01781    3  502    0.10725    0.01757  83.6%   121    5s
   495   411    0.01759    5  460    0.10725    0.01758  83.6%   109   10s
   577   486    0.01831    6  481    0.10725    0.01828  83.0%   102   15s
   597   499    0.08072   99  545    0.10725    0.01842  82.8%  98.1   20s
   622   518    0.07722   80  491    0.10725    0.01851  82.7%   159   25s
   639   529    0.04602   54  495    0.10725    0.01859  82.7%   154   30s
   667   550    0.01982   33  255    0.10725    0.01883  82.4%   196   35s
   808   607    0.01894   25  394    0.10725    0.01883  82.4%   200   40s
   881   638     cutoff   36         0.10725    0.01883  82.4%   212   45s
   984   677    0.02450   34  174    0.10725    0.01883  82.4%   216   50s
H 1039   683                       0.1072527    0.01883  82.4%   220   53s
  1072   705    0.06038   78  216    0.10725    0.01883  82.4%   220   55s
  1211   766    0.09241   50  273    0.10725    0.01883  82.4%   223   60s
  1372   817     cutoff   92         0.10725    0.01883  82.4%   222   65s
  1577   875    0.06399   76  184    0.10725    0.01901  82.3%   213   70s
  1727   913    0.03838   49  351    0.10725    0.01906  82.2%   214   75s
  1898   990    0.02086   28  344    0.10725    0.01913  82.2%   211   80s
  1975  1040    0.05774   83  158    0.10725    0.01913  82.2%   207   85s
  2073  1085    0.06233   48  361    0.10725    0.01918  82.1%   209   92s
  2152  1124    0.06232   64  185    0.10725    0.01922  82.1%   207   95s
  2278  1221    0.02963   43  241    0.10725    0.01924  82.1%   206  100s
  2429  1329    0.05857   50  244    0.10725    0.01929  82.0%   205  105s
  2626  1468    0.03447   56  353    0.10725    0.01930  82.0%   202  110s
  2809  1602    0.10385   44  215    0.10725    0.01936  81.9%   199  115s
  3028  1745    0.02277   30  457    0.10725    0.01943  81.9%   195  120s
  3205  1879    0.02116   32  328    0.10725    0.01944  81.9%   196  125s
  3390  1997    0.05848   32  432    0.10725    0.01962  81.7%   199  130s
  3651  2181    0.05590   44  336    0.10725    0.01971  81.6%   198  135s
  3993  2441    0.02097   33  342    0.10725    0.01981  81.5%   192  140s
  4172  2552    0.03896   39  374    0.10725    0.01984  81.5%   194  145s
  4394  2688    0.03973   42  347    0.10725    0.01990  81.4%   194  150s
  4643  2841    0.02981   33  282    0.10725    0.01993  81.4%   195  155s
  4914  3034    0.03784   42  261    0.10725    0.02000  81.4%   195  160s
  5159  3171    0.03723   49  295    0.10725    0.02002  81.3%   194  165s
  5442  3355    0.06295   39  283    0.10725    0.02014  81.2%   193  170s
  5603  3443    0.02079   35  273    0.10725    0.02023  81.1%   195  175s
  5902  3618 infeasible   29         0.10725    0.02034  81.0%   193  180s
  6085  3705    0.02263   30  485    0.10725    0.02037  81.0%   195  185s
  6387  3907    0.06733   34  435    0.10725    0.02040  81.0%   193  190s
  6611  4024    0.08550   31  419    0.10725    0.02046  80.9%   195  195s
  6845  4163    0.02841   31  450    0.10725    0.02051  80.9%   195  200s
  7072  4319    0.05614   45  292    0.10725    0.02054  80.8%   195  205s
  7313  4472     cutoff   36         0.10725    0.02058  80.8%   194  210s
  7448  4545    0.04614   50  353    0.10725    0.02062  80.8%   196  215s
  7610  4637    0.05605   50  196    0.10725    0.02066  80.7%   197  220s
  7829  4786    0.03579   54  167    0.10725    0.02070  80.7%   197  225s
  8087  4975    0.07588   56  194    0.10725    0.02077  80.6%   197  230s
  8314  5117    0.02257   34  234    0.10725    0.02082  80.6%   197  235s
  8568  5258    0.10020   35  312    0.10725    0.02085  80.6%   197  240s
  8807  5415    0.05283   47  329    0.10725    0.02090  80.5%   196  245s
  8886  5441    0.09711   42  261    0.10725    0.02093  80.5%   197  250s
  9087  5542 infeasible   38         0.10725    0.02099  80.4%   197  255s
  9291  5675    0.06942   56  140    0.10725    0.02103  80.4%   198  260s
  9497  5795    0.07857   65  317    0.10725    0.02107  80.4%   197  265s
  9718  5942    0.04062   44  311    0.10725    0.02108  80.3%   197  270s
  9927  6056    0.02604   44  195    0.10725    0.02112  80.3%   197  275s

Cutting planes:
  Learned: 45
  Gomory: 4
  Cover: 73
  Implied bound: 234
  Projected implied bound: 158
  Clique: 78
  MIR: 383
  Mixing: 2
  StrongCG: 56
  Flow cover: 722
  GUB cover: 5
  Inf proof: 1
  Zero half: 46
  RLT: 15
  Relax-and-lift: 79
  BQP: 21

Explored 10061 nodes (2007489 simplex iterations) in 279.54 seconds (503.18 work units)
Thread count was 1 (of 20 available processors)

Solution count 1: 0.107253 

Time limit reached
Best objective 1.072527333143e-01, best bound 2.116775725050e-02, gap 80.2637%

User-callback calls 87038, time in user-callback 0.03 sec
