
Gurobi 13.0.2 (win64) logging started Fri Oct  2 05:18:51 2026

Set parameter LogFile to value "E:\codes\ExactEBRP\results\unified_exact_round99\linked01\raw\12_R98-C2_M-BL\external\native_logs\L0_lp.gurobi.log"
Gurobi Optimizer version 13.0.2 build v13.0.2rc1 (win64 - Windows 10.0 (19045.2))

CPU model: 12th Gen Intel(R) Core(TM) i7-12700KF, instruction set [SSE2|AVX|AVX2]
Thread count: 12 physical cores, 20 logical processors, using up to 1 threads

Non-default parameters:
TimeLimit  1791.6477866
MIPGap  0
MIPGapAbs  0
LogToConsole  0
Threads  1

Optimize a model with 31171 rows, 8871 columns and 194782 nonzeros (Min)
Model fingerprint: 0x20e60ae5
Model has 31 linear objective coefficients
Coefficient statistics:
  Matrix range     [4e-02, 2e+04]
  Objective range  [4e-02, 1e+00]
  Bounds range     [4e-01, 1e+03]
  RHS range        [4e-01, 7e+04]

Presolve removed 7353 rows and 64 columns
Presolve time: 0.09s
Presolved: 23818 rows, 8808 columns, 161742 nonzeros

Iteration    Objective       Primal Inf.    Dual Inf.      Time
       0    0.0000000e+00   7.858788e+02   0.000000e+00      0s
    7217    1.6123605e-01   0.000000e+00   0.000000e+00      1s

Solved in 7217 iterations and 0.89 seconds (2.53 work units)
Optimal objective  1.612360505e-01

User-callback calls 7350, time in user-callback 0.00 sec
