
Gurobi 13.0.2 (win64) logging started Fri Oct  2 05:19:04 2026

Set parameter LogFile to value "E:\codes\ExactEBRP\results\unified_exact_round99\linked01\raw\12_R98-C2_M-BL\external\native_logs\L0_terminal_mip.gurobi.log"
Set parameter TimeLimit to value 1778.2650885
Gurobi Optimizer version 13.0.2 build v13.0.2rc1 (win64 - Windows 10.0 (19045.2))

CPU model: 12th Gen Intel(R) Core(TM) i7-12700KF, instruction set [SSE2|AVX|AVX2]
Thread count: 12 physical cores, 20 logical processors, using up to 1 threads

Non-default parameters:
TimeLimit  1778.2650885
MIPGap  0
MIPGapAbs  0
LogToConsole  0
Threads  1

Optimize a model with 31171 rows, 8871 columns and 194782 nonzeros (Min)
Model fingerprint: 0xa04533fb
Model has 31 linear objective coefficients
Variable types: 4685 continuous, 4186 integer (4066 binary)
Coefficient statistics:
  Matrix range     [4e-02, 2e+04]
  Objective range  [4e-02, 1e+00]
  Bounds range     [4e-01, 1e+03]
  RHS range        [4e-01, 7e+04]

Loaded user MIP start with objective 0.391621
Loaded MIP start from previous solve with objective 0.391621

Presolve removed 7547 rows and 32 columns
Presolve time: 0.32s
Presolved: 23624 rows, 8839 columns, 230418 nonzeros
Variable types: 4218 continuous, 4621 integer (4066 binary)

Root relaxation: objective 1.612392e-01, 10006 iterations, 1.21 seconds (3.29 work units)

    Nodes    |    Current Node    |     Objective Bounds      |     Work
 Expl Unexpl |  Obj  Depth IntInf | Incumbent    BestBd   Gap | It/Node Time

     0     0    0.16124    0  360    0.39162    0.16124  58.8%     -    2s
     0     0    0.17319    0  515    0.39162    0.17319  55.8%     -    6s
     0     0    0.17319    0  515    0.39162    0.17319  55.8%     -    6s
     0     0    0.18874    0  332    0.39162    0.18874  51.8%     -    6s
     0     0    0.18877    0  387    0.39162    0.18877  51.8%     -    8s
     0     0    0.18877    0  371    0.39162    0.18877  51.8%     -    8s
     0     0    0.18877    0  408    0.39162    0.18877  51.8%     -   10s
     0     0    0.18877    0  372    0.39162    0.18877  51.8%     -   10s
     0     0    0.18877    0  426    0.39162    0.18877  51.8%     -   12s
     0     0    0.18877    0  352    0.39162    0.18877  51.8%     -   12s
     0     0    0.18877    0  395    0.39162    0.18877  51.8%     -   14s
     0     0    0.18877    0  394    0.39162    0.18877  51.8%     -   14s
     0     0    0.18877    0  387    0.39162    0.18877  51.8%     -   14s
     0     2    0.18877    0  387    0.39162    0.18877  51.8%     -   16s
H    2     2                       0.3251441    0.18877  41.9%   280   18s
    11    13    0.18877    9  313    0.32514    0.18877  41.9%   877   20s
    23    25    0.19109   17  280    0.32514    0.18877  41.9%  1023   25s
H   24    24                       0.3249386    0.18877  41.9%   981   26s
H   39    39                       0.3249146    0.18877  41.9%   914   29s
H   39    39                       0.3248849    0.18877  41.9%   914   29s
    39    41    0.18978   26  250    0.32488    0.18877  41.9%   941   31s
    63    65    0.18999   42  234    0.32488    0.18877  41.9%   921   35s
   112   114    0.19083   81  117    0.32488    0.18877  41.9%   777   40s
   163   165    0.19083  129  137    0.32488    0.18877  41.9%   692   45s
   214   216    0.19089  178  149    0.32488    0.18877  41.9%   628   50s
   246   246    0.19114  202  208    0.32488    0.18877  41.9%   670   55s
   254   254    0.19520  207  246    0.32488    0.18877  41.9%   693   64s
   257   257    0.19095  209  150    0.32488    0.18877  41.9%   691   66s
   275   275    0.19714  221  300    0.32488    0.18877  41.9%   706   70s
   334   322    0.19286    6  336    0.32488    0.18877  41.9%   635   75s
   371   359    0.19887   39  272    0.32488    0.18877  41.9%   651   80s
H  383   332                       0.2941502    0.18877  35.8%   638   83s
   405   356    0.24839   66  259    0.29415    0.18877  35.8%   643   85s
   436   387    0.19771   89  194    0.29415    0.18877  35.8%   677   90s
   471   420     cutoff  117         0.29415    0.18877  35.8%   688   95s
   518   459    0.19771  155  151    0.29415    0.18877  35.8%   673  101s
   528   466    0.18999   39  387    0.29415    0.18877  35.8%   671  109s
   530   467    0.19091   91  436    0.29415    0.18877  35.8%   669  117s
   531   468    0.19095  219  356    0.29415    0.18877  35.8%   668  122s
   533   469    0.19517   24  346    0.29415    0.18881  35.8%   665  129s
   534   470    0.28358  226  366    0.29415    0.18881  35.8%   664  130s
   537   472    0.19771   49  417    0.29415    0.18883  35.8%   660  138s
   539   473    0.19083  154  493    0.29415    0.18883  35.8%   658  144s
   540   474    0.19083  132  426    0.29415    0.18883  35.8%   656  145s
   542   475    0.19771  159  433    0.29415    0.18885  35.8%   654  151s
   544   477    0.19083  131  409    0.29415    0.18885  35.8%   652  155s
   547   479    0.19089  190  447    0.29415    0.18885  35.8%   648  161s
   549   480    0.19089  176  365    0.29415    0.18885  35.8%   646  172s
   550   481    0.19771  127  477    0.29415    0.18885  35.8%   645  175s
   552   482    0.19771   90  463    0.29415    0.18885  35.8%   642  181s
H  552   457                       0.2913032    0.18885  35.2%   642  185s
   554   458    0.19517   24  505    0.29130    0.18885  35.2%   640  190s
   556   460    0.19771   78  479    0.29130    0.18885  35.2%   638  196s
   558   461    0.19771   50  456    0.29130    0.18885  35.2%   635  201s
   559   462    0.19007   34  550    0.29130    0.18885  35.2%   634  205s
   561   463    0.25264   96  542    0.29130    0.18885  35.2%   632  211s
   563   464    0.19771  122  471    0.29130    0.18885  35.2%   630  221s
   567   467    0.19452  214  419    0.29130    0.18885  35.2%   625  226s
   569   468    0.18903   15  516    0.29130    0.18885  35.2%   623  230s
   574   473    0.19089  171  421    0.29130    0.18885  35.2%  1030  239s
   575   474    0.19083   56  322    0.29130    0.18885  35.2%  1028  244s
   576   475    0.19089  178  408    0.29130    0.18885  35.2%  1026  246s
   578   476    0.19771   68  446    0.29130    0.18885  35.2%  1022  252s
   579   477    0.19144   10  451    0.29130    0.18886  35.2%  1021  255s
   581   478    0.19302   11  468    0.29130    0.18886  35.2%  1017  260s
   584   480    0.19771   97  415    0.29130    0.18886  35.2%  1012  266s
H  584   455                       0.2864628    0.18886  34.1%  1012  271s
H  584   432                       0.2864094    0.18886  34.1%  1012  271s
H  586   411                       0.2792875    0.18886  32.4%  1008  278s
   588   413    0.19320   13  469    0.27929    0.18886  32.4%  1005  280s
   590   414    0.19771  101  465    0.27929    0.18886  32.4%  1002  285s
   592   415    0.19083   74  530    0.27929    0.18886  32.4%   998  291s
   594   417    0.19089  204  478    0.27929    0.18886  32.4%   995  297s
   595   417    0.19771  160  478    0.27929    0.18886  32.4%   993  300s
H  596   397                       0.2757457    0.18886  31.5%  1192  307s
   597   400    0.18950   20  513    0.27575    0.18926  31.4%  1255  313s
   598   400    0.18961   21  411    0.27575    0.18926  31.4%  1255  318s
   600   402    0.19011   22  317    0.27575    0.18945  31.3%  1262  322s
   601   402    0.19010   22  324    0.27575    0.18950  31.3%  1262  325s
   603   404    0.19076   23  213    0.27575    0.18950  31.3%  1273  330s
   605   405    0.19123   24  312    0.27575    0.18950  31.3%  1290  336s
   606   406    0.19124   25  219    0.27575    0.18950  31.3%  1289  340s
   607   406    0.19135   25  251    0.27575    0.18950  31.3%  1287  359s
   608   407    0.19133   26  213    0.27575    0.18950  31.3%  1286  361s
   609   408    0.19187   26  350    0.27575    0.18950  31.3%  1295  368s
   610   408    0.19133   27  254    0.27575    0.18950  31.3%  1308  373s
   611   409    0.19133   27  242    0.27575    0.18950  31.3%  1322  375s
   623   417    0.19180   33  321    0.27575    0.18950  31.3%  1309  380s
   635   425    0.19491   39  299    0.27575    0.18950  31.3%  1323  387s
   642   430    0.19277   43  123    0.27575    0.18950  31.3%  1336  390s
   657   440    0.19344   50  116    0.27575    0.18950  31.3%  1346  395s
   666   446    0.19351   55  141    0.27575    0.18950  31.3%  1358  400s
   676   452    0.19351   60  112    0.27575    0.18950  31.3%  1368  405s
   685   458    0.19351   64  175    0.27575    0.18950  31.3%  1376  410s
   692   463    0.19351   68  137    0.27575    0.18950  31.3%  1384  415s
   705   472    0.19351   74  186    0.27575    0.18950  31.3%  1403  420s
   720   482    0.19351   82  138    0.27575    0.18950  31.3%  1400  425s
   735   491    0.26226   89  277    0.27575    0.18950  31.3%  1411  430s
   736   491    0.19351   90  161    0.27575    0.18950  31.3%  1410  435s
   749   500    0.19374   96  190    0.27575    0.18950  31.3%  1414  440s
   761   507    0.26006  102  465    0.27575    0.18950  31.3%  1405  445s
   771   514    0.26029  107  212    0.27575    0.18950  31.3%  1407  450s
   784   517    0.20233  115  347    0.27575    0.18950  31.3%  1396  455s
   810   527    0.20953  133  350    0.27575    0.18950  31.3%  1362  460s
   838   525 infeasible  148         0.27575    0.18950  31.3%  1331  465s
   841   527    0.19000   22  381    0.27575    0.18951  31.3%  1340  479s
   842   528    0.18999   23  449    0.27575    0.18951  31.3%  1343  480s
   846   531    0.19000   25  332    0.27575    0.18951  31.3%  1345  485s
   852   535    0.19060   28  295    0.27575    0.18951  31.3%  1347  491s
   869   546    0.19124   36  210    0.27575    0.18951  31.3%  1338  495s
   896   564    0.19189   50  257    0.27575    0.18951  31.3%  1315  500s
   929   585    0.20278   66   76    0.27575    0.18951  31.3%  1279  505s
   963   597    0.19405   86   82    0.27575    0.18951  31.3%  1247  510s
   993   616    0.25694  101  193    0.27575    0.18951  31.3%  1225  515s
  1014   628    0.19438  111  104    0.27575    0.18951  31.3%  1215  520s
  1035   638    0.26750  122  205    0.27575    0.18951  31.3%  1205  525s
  1081   651    0.19016   21  368    0.27575    0.18961  31.2%  1170  535s
  1085   654    0.19021   23  416    0.27575    0.18961  31.2%  1184  540s
H 1091   613                       0.2629965    0.18961  27.9%  1190  559s
H 1091   579                       0.2569608    0.18961  26.2%  1190  561s
H 1091   554                       0.2561568    0.18961  26.0%  1190  561s
H 1091   511                       0.2450430    0.18961  22.6%  1190  562s
H 1091   493                       0.2437886    0.18961  22.2%  1190  562s
  1091   495    0.19090   26  367    0.24379    0.18961  22.2%  1196  573s
  1094   497    0.19110   28  324    0.24379    0.18961  22.2%  1200  575s
  1100   501    0.19152   31  364    0.24379    0.18961  22.2%  1212  580s
  1107   504    0.19160   34  287    0.24379    0.18961  22.2%  1224  585s
  1118   511    0.19230   40  143    0.24379    0.18961  22.2%  1226  590s
  1133   518    0.19241   47  206    0.24379    0.18961  22.2%  1228  595s
  1148   528    0.19251   55  140    0.24379    0.18961  22.2%  1227  600s
  1169   537     cutoff   65         0.24379    0.18961  22.2%  1222  605s
  1197   551    0.19309   79  150    0.24379    0.18961  22.2%  1210  610s
  1221   567    0.21948   91  192    0.24379    0.18961  22.2%  1198  615s
  1240   569    0.19368  101  259    0.24379    0.18961  22.2%  1197  620s
  1265   571    0.22439  113  314    0.24379    0.18961  22.2%  1188  625s
  1297   565    0.18986   22  409    0.24379    0.18962  22.2%  1170  631s
  1301   568    0.18998   24  401    0.24379    0.18962  22.2%  1176  635s
  1305   571    0.19059   26  445    0.24379    0.18962  22.2%  1189  640s
  1318   579    0.19224   33  263    0.24379    0.18962  22.2%  1192  645s
  1343   596    0.19790   45  213    0.24379    0.18962  22.2%  1185  650s
  1372   615    0.19381   60   84    0.24379    0.18962  22.2%  1175  655s
  1397   632    0.22418   72  376    0.24379    0.18962  22.2%  1173  661s
  1411   640    0.19510   79  127    0.24379    0.18962  22.2%  1174  665s
  1435   652    0.19533   91  163    0.24379    0.18962  22.2%  1170  670s
  1452   662    0.19539  100  237    0.24379    0.18962  22.2%  1166  675s
  1476   672    0.21519  112  265    0.24379    0.18962  22.2%  1159  680s
  1498   678    0.24015  123  265    0.24379    0.18962  22.2%  1155  685s
  1528   677    0.20211  144  367    0.24379    0.18962  22.2%  1140  690s
  1564   701    0.24249  165  268    0.24379    0.18962  22.2%  1123  695s
  1600   714    0.23412  186  333    0.24379    0.18962  22.2%  1107  700s
  1608   713    0.19030   22  425    0.24379    0.18998  22.1%  1108  705s
  1611   716    0.19035   24  490    0.24379    0.18998  22.1%  1120  711s
  1614   719    0.19069   25  468    0.24379    0.18998  22.1%  1128  715s
  1620   725    0.19227   28  294    0.24379    0.18998  22.1%  1134  720s
  1633   738    0.19266   35  240    0.24379    0.18998  22.1%  1134  725s
  1654   759    0.19862   45  106    0.24379    0.18998  22.1%  1129  730s
  1678   781     cutoff   57         0.24379    0.18998  22.1%  1126  735s
  1698   791    0.20300   67  184    0.24379    0.18998  22.1%  1128  740s
  1717   808    0.19464   77  355    0.24379    0.18998  22.1%  1125  745s
  1759   822    0.22652  104  158    0.24379    0.18998  22.1%  1105  750s
  1779   823    0.18999   25  480    0.24379    0.18998  22.1%  1098  755s
  1783   827    0.19097   27  434    0.24379    0.18998  22.1%  1109  761s
  1787   831    0.19203   29  306    0.24379    0.18998  22.1%  1118  765s
  1797   840    0.19283   34  200    0.24379    0.18998  22.1%  1121  770s
  1815   858    0.20078   43  347    0.24379    0.18998  22.1%  1121  775s
  1831   871    0.19347   51  110    0.24379    0.18998  22.1%  1123  780s
  1851   885    0.22358   61  208    0.24379    0.18998  22.1%  1124  785s
  1868   899    0.19355   70  232    0.24379    0.18998  22.1%  1122  790s
  1886   917    0.19426   79  120    0.24379    0.18998  22.1%  1120  795s
  1906   924    0.19373   89  123    0.24379    0.18998  22.1%  1119  800s
  1930   946    0.19994  101  113    0.24379    0.18998  22.1%  1116  805s
  1963   966    0.19964  119  112    0.24379    0.18998  22.1%  1108  810s
H 1975   971                       0.2437886    0.18998  22.1%  1105  814s
  1976   974    0.22907  126  231    0.24379    0.18998  22.1%  1105  815s
  2016   991    0.21019  148  160    0.24379    0.18998  22.1%  1092  820s
  2038   994    0.19005   25  453    0.24379    0.18998  22.1%  1087  826s
  2040   996    0.19006   26  501    0.24379    0.18998  22.1%  1094  830s
  2042   998    0.19041   27  432    0.24379    0.18998  22.1%  1102  835s
  2046  1002    0.19099   29  353    0.24379    0.18998  22.1%  1109  840s
  2057  1013    0.19270   35  282    0.24379    0.18998  22.1%  1111  845s
  2070  1026    0.19345   41   94    0.24379    0.18998  22.1%  1114  850s
  2085  1041    0.19356   49  153    0.24379    0.18998  22.1%  1115  855s
  2105  1061    0.19389   59  111    0.24379    0.18998  22.1%  1112  860s
  2126  1082    0.19389   69  132    0.24379    0.18998  22.1%  1108  865s
  2151  1103    0.19421   82  115    0.24379    0.18998  22.1%  1103  870s
  2170  1117 infeasible   91         0.24379    0.18998  22.1%  1101  875s
  2192  1129    0.19421  103  112    0.24379    0.18998  22.1%  1098  880s
  2211  1128     cutoff  112         0.24379    0.18998  22.1%  1097  885s
  2233  1145    0.24020  123  295    0.24379    0.18998  22.1%  1093  890s
  2267  1145    0.19006   24  493    0.24379    0.18998  22.1%  1086  900s
  2269  1147    0.19043   25  598    0.24379    0.18998  22.1%  1095  906s
  2270  1148    0.19143   26  508    0.24379    0.18998  22.1%  1105  912s
  2271  1149    0.19119   26  475    0.24379    0.18998  22.1%  1109  915s
  2276  1154    0.19194   29  343    0.24379    0.18998  22.1%  1115  920s
  2288  1166    0.19367   35  216    0.24379    0.18998  22.1%  1115  925s
  2300  1177    0.19367   41  203    0.24379    0.18998  22.1%  1118  930s
  2307  1184    0.19367   44  234    0.24379    0.18998  22.1%  1124  935s
  2315  1192    0.21366   48  294    0.24379    0.18998  22.1%  1126  940s
  2325  1202    0.20884   53  329    0.24379    0.18998  22.1%  1129  945s
  2337  1214    0.19966   59  293    0.24379    0.18998  22.1%  1130  950s
  2351  1228    0.19378   66  294    0.24379    0.18998  22.1%  1131  955s
  2360  1237    0.19433   71  151    0.24379    0.18998  22.1%  1133  960s
  2365  1242    0.19520   73  234    0.24379    0.18998  22.1%  1137  965s
  2375  1252    0.20093   78  320    0.24379    0.18998  22.1%  1140  970s
  2383  1260    0.19518   82  377    0.24379    0.18998  22.1%  1144  975s
  2391  1268    0.19474   86  381    0.24379    0.18998  22.1%  1147  980s
  2401  1278    0.19498   91  289    0.24379    0.18998  22.1%  1149  985s
  2413  1290    0.19513   97  364    0.24379    0.18998  22.1%  1149  990s
  2432  1309    0.19612  107  295    0.24379    0.18998  22.1%  1146  995s
  2461  1331    0.21035  121  434    0.24379    0.18998  22.1%  1137 1000s
  2484  1343    0.20013  134  441    0.24379    0.18998  22.1%  1131 1005s
  2511  1357     cutoff  148         0.24379    0.18998  22.1%  1124 1010s
  2545  1374    0.21336  169  319    0.24379    0.18998  22.1%  1113 1015s
  2581  1376    0.19009   24  485    0.24379    0.18999  22.1%  1102 1022s
  2583  1378    0.19080   26  416    0.24379    0.18999  22.1%  1105 1025s
  2586  1381    0.19120   28  386    0.24379    0.18999  22.1%  1111 1030s
  2592  1387    0.19173   33  374    0.24379    0.18999  22.1%  1116 1035s
H 2593  1367                       0.2417846    0.18999  21.4%  1116 1038s
  2593  1369    0.19231   34  304    0.24178    0.18999  21.4%  1117 1045s
  2610  1386    0.19403   46  143    0.24178    0.18999  21.4%  1114 1050s
  2635  1411    0.19403   65  110    0.24178    0.18999  21.4%  1108 1055s
  2656  1432    0.19403   80  140    0.24178    0.18999  21.4%  1105 1060s
  2688  1464    0.19403  111  136    0.24178    0.18999  21.4%  1096 1065s
H 2716  1467                       0.2402386    0.18999  20.9%  1089 1069s
  2717  1470    0.19525  137  302    0.24024    0.18999  20.9%  1089 1070s
  2772  1524    0.19840  187  347    0.24024    0.18999  20.9%  1068 1075s
H 2806  1515                       0.2359934    0.18999  19.5%  1056 1077s
  2831  1534    0.20998  236  121    0.23599    0.18999  19.5%  1048 1080s
  2853  1537    0.19001   24  453    0.23599    0.18999  19.5%  1045 1086s
  2856  1540    0.19065   27  358    0.23599    0.18999  19.5%  1049 1090s
  2863  1547    0.19094   33  335    0.23599    0.18999  19.5%  1053 1095s
  2873  1557    0.19351   39  230    0.23599    0.18999  19.5%  1056 1100s
  2891  1575    0.19415   54  139    0.23599    0.18999  19.5%  1054 1105s
  2914  1598    0.19452   72  161    0.23599    0.18999  19.5%  1049 1110s
  2935  1619    0.19567   90  175    0.23599    0.18999  19.5%  1045 1115s
  2958  1642    0.19908  111  286    0.23599    0.18999  19.5%  1039 1153s
  2978  1662    0.20106  129  317    0.23599    0.18999  19.5%  1032 1155s
  3039  1707     cutoff  176         0.23599    0.18999  19.5%  1014 1160s
  3048  1709    0.19054   25  405    0.23599    0.19000  19.5%  1016 1165s
  3050  1711    0.19095   27  311    0.23599    0.19000  19.5%  1021 1170s
  3057  1718    0.19198   33  302    0.23599    0.19000  19.5%  1026 1175s
  3062  1723    0.19280   34  261    0.23599    0.19000  19.5%  1030 1180s
  3085  1745    0.19422   50  139    0.23599    0.19000  19.5%  1028 1185s
  3105  1763    0.19441   64  125    0.23599    0.19000  19.5%  1026 1190s
  3127  1783    0.19441   82  126    0.23599    0.19000  19.5%  1024 1195s
  3140  1796    0.20787   88  456    0.23599    0.19000  19.5%  1025 1200s
  3172  1819    0.23041  105  322    0.23599    0.19000  19.5%  1019 1205s
  3207  1838    0.19055   27  402    0.23599    0.19000  19.5%  1012 1210s
  3213  1844    0.19055   32  393    0.23599    0.19000  19.5%  1016 1215s
  3219  1850    0.19064   35  404    0.23599    0.19000  19.5%  1020 1220s
  3228  1859    0.19133   43  355    0.23599    0.19000  19.5%  1022 1225s
  3244  1875    0.19263   56  340    0.23599    0.19000  19.5%  1021 1230s
  3275  1906    0.19891   77  254    0.23599    0.19000  19.5%  1015 1235s
  3340  1962    0.19945  136  344    0.23599    0.19000  19.5%   997 1240s
  3375  1984    0.19006   23  468    0.23599    0.19000  19.5%   991 1247s
  3377  1986    0.19055   25  437    0.23599    0.19000  19.5%   994 1250s
  3386  1995    0.19208   33  386    0.23599    0.19000  19.5%   996 1255s
  3398  2007    0.19210   40  187    0.23599    0.19000  19.5%   997 1260s
  3422  2031    0.19262   60  212    0.23599    0.19000  19.5%   994 1265s
  3442  2051    0.19346   73  199    0.23599    0.19000  19.5%   992 1270s
  3481  2090    0.19472  104  216    0.23599    0.19000  19.5%   985 1275s
  3555  2157    0.20751  167  115    0.23599    0.19000  19.5%   966 1280s
  3574  2160    0.19006   23  575    0.23599    0.19000  19.5%   965 1286s
  3577  2163    0.19055   26  377    0.23599    0.19000  19.5%   968 1290s
  3582  2168    0.19055   31  374    0.23599    0.19000  19.5%   972 1295s
  3587  2173    0.19060   34  370    0.23599    0.19000  19.5%   976 1300s
  3593  2179    0.19193   39  319    0.23599    0.19000  19.5%   981 1305s
  3605  2191    0.19305   44  197    0.23599    0.19000  19.5%   981 1310s
  3630  2216    0.19287   66  148    0.23599    0.19000  19.5%   978 1315s
  3652  2238    0.19287   86  136    0.23599    0.19000  19.5%   976 1320s
  3685  2271    0.19296  117  137    0.23599    0.19000  19.5%   971 1325s
  3736  2313    0.21522  158  206    0.23599    0.19000  19.5%   961 1330s
  3776  2327    0.19006   26  444    0.23599    0.19000  19.5%   956 1336s
  3779  2330    0.19022   28  361    0.23599    0.19000  19.5%   959 1340s
  3787  2338    0.19052   34  305    0.23599    0.19000  19.5%   962 1345s
  3795  2346    0.19092   39  381    0.23599    0.19000  19.5%   965 1350s
H 3801  2139                       0.2197490    0.19000  13.5%   967 1353s
  3807  2147    0.19280   44  206    0.21975    0.19000  13.5%   967 1355s
  3831  2171    0.19400   59  104    0.21975    0.19000  13.5%   965 1360s
  3886  2220    0.19914  108   93    0.21975    0.19000  13.5%   956 1365s
  3921  2236    0.19006   26  427    0.21975    0.19001  13.5%   951 1371s
  3925  2240    0.19097   30  333    0.21975    0.19001  13.5%   954 1375s
  3933  2248    0.19179   36  334    0.21975    0.19001  13.5%   956 1380s
  3941  2256    0.19145   40  334    0.21975    0.19001  13.5%   959 1451s
H 3942  2242                       0.2191668    0.19001  13.3%   959 1465s
  3942  2244    0.19145   41  288    0.21917    0.19001  13.3%   959 1475s
  3969  2271    0.19426   64  100    0.21917    0.19001  13.3%   958 1480s
  4005  2307    0.19426   97  120    0.21917    0.19001  13.3%   953 1485s
  4095  2390    0.21120  178  164    0.21917    0.19001  13.3%   933 1490s
  4110  2393    0.19025   26  463    0.21917    0.19005  13.3%   934 1496s
  4116  2399    0.19060   32  399    0.21917    0.19005  13.3%   936 1500s
  4125  2408    0.19071   41  424    0.21917    0.19005  13.3%   938 1505s
  4129  2412    0.19232   45  392    0.21917    0.19005  13.3%   943 1510s
  4152  2435    0.19506   68  208    0.21917    0.19005  13.3%   940 1515s
  4186  2465     cutoff  101         0.21917    0.19005  13.3%   935 1520s
  4225  2485    0.19025   25  473    0.21917    0.19005  13.3%   931 1528s
  4227  2487    0.19025   27  396    0.21917    0.19005  13.3%   933 1530s
  4234  2494    0.19048   34  351    0.21917    0.19005  13.3%   935 1535s
  4242  2502    0.19100   42  379    0.21917    0.19005  13.3%   939 1540s
  4259  2519    0.19396   59  352    0.21917    0.19005  13.3%   940 1545s
  4282  2542    0.19613   82  171    0.21917    0.19005  13.3%   939 1550s
  4319  2569    0.19025   26  455    0.21917    0.19006  13.3%   935 1556s
  4322  2572    0.19025   28  364    0.21917    0.19006  13.3%   938 1560s
  4327  2577    0.19025   30  417    0.21917    0.19006  13.3%   942 1565s
  4337  2587    0.19141   35  415    0.21917    0.19006  13.3%   946 1570s
  4352  2602    0.19265   43  292    0.21917    0.19006  13.3%   947 1575s
  4372  2620    0.19318   53  308    0.21917    0.19006  13.3%   947 1580s
  4401  2643    0.21213   67  266    0.21917    0.19006  13.3%   945 1585s
  4412  2646    0.19009   26  439    0.21917    0.19006  13.3%   947 1591s
  4417  2651    0.19097   31  351    0.21917    0.19006  13.3%   948 1595s
  4424  2658    0.19097   38  305    0.21917    0.19006  13.3%   950 1600s
  4430  2664    0.19179   44  326    0.21917    0.19006  13.3%   953 1605s
  4445  2679    0.19354   59  124    0.21917    0.19006  13.3%   954 1610s
  4477  2708 infeasible   91         0.21917    0.19006  13.3%   950 1615s
  4485  2711    0.19097   28  371    0.21917    0.19006  13.3%   954 1621s
  4490  2716    0.19097   33  361    0.21917    0.19006  13.3%   956 1626s
  4495  2721    0.19097   38  331    0.21917    0.19006  13.3%   959 1630s
  4512  2738    0.19417   55  158    0.21917    0.19006  13.3%   958 1635s
  4541  2767    0.19417   84  158    0.21917    0.19006  13.3%   956 1640s
  4588  2814    0.19781  131  200    0.21917    0.19006  13.3%   949 1645s
  4639  2844    0.19025   26  401    0.21917    0.19006  13.3%   943 1650s
  4647  2852    0.19122   33  320    0.21917    0.19006  13.3%   945 1655s
  4656  2861    0.19243   40  240    0.21917    0.19006  13.3%   946 1660s
  4677  2882    0.19305   55  200    0.21917    0.19006  13.3%   946 1665s
  4701  2905    0.19550   75  219    0.21917    0.19006  13.3%   944 1670s
  4775  2961     cutoff  126         0.21917    0.19006  13.3%   931 1675s
  4811  2981    0.19009   27  434    0.21917    0.19006  13.3%   926 1680s
  4818  2988    0.19097   34  360    0.21917    0.19006  13.3%   929 1685s
  4823  2993    0.19199   39  349    0.21917    0.19006  13.3%   932 1690s
  4836  3006    0.19343   52  229    0.21917    0.19006  13.3%   932 1695s
  4848  3018    0.19703   64  267    0.21917    0.19006  13.3%   933 1700s
  4892  3047    0.21123  103  387    0.21917    0.19006  13.3%   927 1705s
  4902  3047    0.19058   28  423    0.21917    0.19006  13.3%   928 1710s
  4912  3057    0.19158   38  359    0.21917    0.19006  13.3%   929 1715s
  4917  3062    0.19208   43  356    0.21917    0.19006  13.3%   932 1720s
  4942  3082    0.20243   68  401    0.21917    0.19006  13.3%   930 1725s
  4957  3090    0.19025   26  395    0.21917    0.19006  13.3%   929 1730s
  4964  3097    0.19061   33  347    0.21917    0.19006  13.3%   931 1735s
  4969  3102    0.19061   38  347    0.21917    0.19006  13.3%   934 1740s
  4978  3111    0.19435   47  386    0.21917    0.19006  13.3%   937 1745s
  4999  3129    0.19783   67  242    0.21917    0.19006  13.3%   936 1750s
  5025  3146    0.19009   24  439    0.21917    0.19006  13.3%   934 1755s
  5027  3148    0.19058   26  388    0.21917    0.19006  13.3%   936 1774s
  5029  3150    0.19009   25  407    0.21917    0.19006  13.3%   937 1775s

Cutting planes:
  Learned: 3
  Gomory: 4
  Cover: 70
  Implied bound: 419
  Projected implied bound: 189
  Clique: 21
  MIR: 660
  Mixing: 3
  StrongCG: 101
  Flow cover: 657
  GUB cover: 5
  Zero half: 15
  Network: 38
  RLT: 13
  Relax-and-lift: 289
  BQP: 11
  PSD: 3

Explored 5033 nodes (4761050 simplex iterations) in 1778.27 seconds (3992.47 work units)
Thread count was 1 (of 20 available processors)

Solution count 10: 0.219167 0.219749 0.235993 ... 0.262996

Time limit reached
Best objective 2.191668153445e-01, best bound 1.900613580800e-01, gap 13.2800%

User-callback calls 258014, time in user-callback 0.15 sec
