
Gurobi 13.0.2 (win64) logging started Sat Aug  8 15:06:32 2026

Set parameter LogFile to value "E:\codes\ExactEBRP\results\gf_c6_documentation_hga_round34\runs\transfer__round32_multi_m_high_imbalance_V20_M2_seed1052706459__c6_hga_full__3600s\native.log"
Set parameter Threads to value 1
Set parameter Presolve to value -1
Set parameter Seed to value 0
Set parameter MIPGap to value 0
Set parameter MIPGapAbs to value 0
Warning: unknown variable 'r_max' in bounds section (line 10259)
Warning: unknown variable 'r_min' in bounds section (line 10260)
Read LP format model from file E:\codes\ExactEBRP\results\gf_c6_documentation_hga_round34\runs\transfer__round32_multi_m_high_imbalance_V20_M2_seed1052706459__c6_hga_full__3600s\external\models\L0.lp
Reading time = 0.02 seconds
obj: 8734 rows, 2422 columns, 50406 nonzeros
Set parameter TimeLimit to value 3577.9931847
Warning: unknown variable 'r_max' in bounds section (line 10259)
Warning: unknown variable 'r_min' in bounds section (line 10260)
Read LP format model from file E:\codes\ExactEBRP\results\gf_c6_documentation_hga_round34\runs\transfer__round32_multi_m_high_imbalance_V20_M2_seed1052706459__c6_hga_full__3600s\external\models\L1.lp
Reading time = 0.02 seconds
obj: 8734 rows, 2422 columns, 50654 nonzeros
Set parameter TimeLimit to value 3577.8804612
Warning: unknown variable 'r_max' in bounds section (line 10259)
Warning: unknown variable 'r_min' in bounds section (line 10260)
Read LP format model from file E:\codes\ExactEBRP\results\gf_c6_documentation_hga_round34\runs\transfer__round32_multi_m_high_imbalance_V20_M2_seed1052706459__c6_hga_full__3600s\external\models\L2.lp
Reading time = 0.02 seconds
obj: 8734 rows, 2422 columns, 50654 nonzeros
Set parameter TimeLimit to value 3577.7265982
Warning: unknown variable 'r_max' in bounds section (line 10259)
Warning: unknown variable 'r_min' in bounds section (line 10260)
Read LP format model from file E:\codes\ExactEBRP\results\gf_c6_documentation_hga_round34\runs\transfer__round32_multi_m_high_imbalance_V20_M2_seed1052706459__c6_hga_full__3600s\external\models\L3.lp
Reading time = 0.02 seconds
obj: 8734 rows, 2422 columns, 50274 nonzeros
Set parameter TimeLimit to value 3577.4333696
Warning: unknown variable 'r_max' in bounds section (line 10259)
Warning: unknown variable 'r_min' in bounds section (line 10260)
Read LP format model from file E:\codes\ExactEBRP\results\gf_c6_documentation_hga_round34\runs\transfer__round32_multi_m_high_imbalance_V20_M2_seed1052706459__c6_hga_full__3600s\external\models\L2.0.lp
Reading time = 0.02 seconds
obj: 8734 rows, 2422 columns, 50654 nonzeros
Set parameter TimeLimit to value 3576.6154912
Warning: unknown variable 'r_max' in bounds section (line 10259)
Warning: unknown variable 'r_min' in bounds section (line 10260)
Read LP format model from file E:\codes\ExactEBRP\results\gf_c6_documentation_hga_round34\runs\transfer__round32_multi_m_high_imbalance_V20_M2_seed1052706459__c6_hga_full__3600s\external\models\L2.1.lp
Reading time = 0.02 seconds
obj: 8734 rows, 2422 columns, 50654 nonzeros
Set parameter TimeLimit to value 3576.457138
Warning: unknown variable 'r_max' in bounds section (line 10259)
Warning: unknown variable 'r_min' in bounds section (line 10260)
Read LP format model from file E:\codes\ExactEBRP\results\gf_c6_documentation_hga_round34\runs\transfer__round32_multi_m_high_imbalance_V20_M2_seed1052706459__c6_hga_full__3600s\external\models\L3.0.lp
Reading time = 0.02 seconds
obj: 8734 rows, 2422 columns, 50654 nonzeros
Set parameter TimeLimit to value 3575.6036617
Warning: unknown variable 'r_max' in bounds section (line 10259)
Warning: unknown variable 'r_min' in bounds section (line 10260)
Read LP format model from file E:\codes\ExactEBRP\results\gf_c6_documentation_hga_round34\runs\transfer__round32_multi_m_high_imbalance_V20_M2_seed1052706459__c6_hga_full__3600s\external\models\L3.1.lp
Reading time = 0.01 seconds
obj: 8734 rows, 2422 columns, 50274 nonzeros
Set parameter TimeLimit to value 3575.3966724
Warning: unknown variable 'r_max' in bounds section (line 10259)
Warning: unknown variable 'r_min' in bounds section (line 10260)
Read LP format model from file E:\codes\ExactEBRP\results\gf_c6_documentation_hga_round34\runs\transfer__round32_multi_m_high_imbalance_V20_M2_seed1052706459__c6_hga_full__3600s\external\models\L3.0.0.lp
Reading time = 0.02 seconds
obj: 8734 rows, 2422 columns, 50654 nonzeros
Set parameter TimeLimit to value 3575.2009852
Warning: unknown variable 'r_max' in bounds section (line 10259)
Warning: unknown variable 'r_min' in bounds section (line 10260)
Read LP format model from file E:\codes\ExactEBRP\results\gf_c6_documentation_hga_round34\runs\transfer__round32_multi_m_high_imbalance_V20_M2_seed1052706459__c6_hga_full__3600s\external\models\L3.0.1.lp
Reading time = 0.02 seconds
obj: 8734 rows, 2422 columns, 50654 nonzeros
Set parameter TimeLimit to value 3574.9744133
Warning: unknown variable 'r_max' in bounds section (line 10259)
Warning: unknown variable 'r_min' in bounds section (line 10260)
Read LP format model from file E:\codes\ExactEBRP\results\gf_c6_documentation_hga_round34\runs\transfer__round32_multi_m_high_imbalance_V20_M2_seed1052706459__c6_hga_full__3600s\external\models\L3.0.0.0.lp
Reading time = 0.02 seconds
obj: 8734 rows, 2422 columns, 50654 nonzeros
Set parameter TimeLimit to value 3574.7384988
Warning: unknown variable 'r_max' in bounds section (line 10259)
Warning: unknown variable 'r_min' in bounds section (line 10260)
Read LP format model from file E:\codes\ExactEBRP\results\gf_c6_documentation_hga_round34\runs\transfer__round32_multi_m_high_imbalance_V20_M2_seed1052706459__c6_hga_full__3600s\external\models\L3.0.0.1.lp
Reading time = 0.02 seconds
obj: 8734 rows, 2422 columns, 50654 nonzeros
Set parameter TimeLimit to value 3574.5076159
