
Gurobi 13.0.2 (win64) logging started Sun Aug  9 23:51:30 2026

Set parameter LogFile to value "E:\codes\ExactEBRP\results\gf_simple_start_qualification_round35\runs\matrix1800__round32_multi_m_tight_T_V50_M4_seed1562257203__c6_simple_start__1800s\external\native_logs\L2_c6_1_next_leaf_target_mip.gurobi.log"
Gurobi Optimizer version 13.0.2 build v13.0.2rc1 (win64 - Windows 10.0 (19045.2))

CPU model: 12th Gen Intel(R) Core(TM) i7-12700KF, instruction set [SSE2|AVX|AVX2]
Thread count: 12 physical cores, 20 logical processors, using up to 1 threads

Non-default parameters:
TimeLimit  1767.122405
MIPGap  0
MIPGapAbs  0
LogToConsole  0
Threads  1

Optimize a model with 103666 rows, 23587 columns and 720225 nonzeros (Min)
Model fingerprint: 0x6470df91
Model has 51 linear objective coefficients
Variable types: 12058 continuous, 11529 integer (10879 binary)
Coefficient statistics:
  Matrix range     [8e-03, 1e+04]
  Objective range  [8e-03, 1e+00]
  Bounds range     [5e-01, 2e+04]
  RHS range        [5e-01, 7e+04]

Presolve removed 7973 rows and 156 columns
Presolve time: 2.16s
Presolved: 95693 rows, 23431 columns, 645246 nonzeros
Variable types: 11965 continuous, 11466 integer (10848 binary)
Root relaxation presolved: 23255 rows, 118729 columns, 668075 nonzeros


Root simplex log...

Iteration    Objective       Primal Inf.    Dual Inf.      Time
    6787    5.3164007e+00   6.218427e+03   0.000000e+00      5s
    9407    5.2195384e+00   0.000000e+00   0.000000e+00      7s
    9407    5.2195384e+00   0.000000e+00   0.000000e+00      7s
   10007    5.2195388e+00   0.000000e+00   0.000000e+00      7s

Extra simplex iterations from dual to original model: 600

Root relaxation: objective 5.219539e+00, 10007 iterations, 4.78 seconds (14.74 work units)

    Nodes    |    Current Node    |     Objective Bounds      |     Work
 Expl Unexpl |  Obj  Depth IntInf | Incumbent    BestBd   Gap | It/Node Time

     0     0    5.21954    0  506          -    5.21954      -     -    7s
     0     0    5.22939    0  545          -    5.22939      -     -   13s
     0     0    5.23005    0  506          -    5.23005      -     -   16s
     0     0    5.26332    0  538          -    5.26332      -     -   18s
     0     0    5.27356    0  537          -    5.27356      -     -   24s
     0     0    5.28072    0  520          -    5.28072      -     -   26s
     0     0    5.29589    0  633          -    5.29589      -     -   33s
     0     0    5.29762    0  587          -    5.29762      -     -   37s
     0     0    5.30930    0  593          -    5.30930      -     -   43s
     0     0    5.31320    0  663          -    5.31320      -     -   45s
     0     0    5.31628    0  619          -    5.31628      -     -   48s
     0     0    5.31783    0  595          -    5.31783      -     -   51s
     0     0    5.32360    0  648          -    5.32360      -     -   54s
H    0     0                       5.6172020    5.32360  5.23%     -   56s
H    0     0                       5.6166897    5.32360  5.22%     -   56s
H    0     0                       5.5797851    5.32360  4.59%     -   56s
H    0     0                       5.5153023    5.32360  3.48%     -   56s
H    0     0                       5.5151607    5.32360  3.47%     -   56s
H    0     0                       5.5150738    5.32360  3.47%     -   56s
H    0     0                       5.5111431    5.32360  3.40%     -   57s
H    0     0                       5.5110014    5.32360  3.40%     -   57s
H    0     0                       5.5109145    5.32360  3.40%     -   57s
H    0     0                       5.4992380    5.32360  3.19%     -   57s
H    0     0                       5.4943128    5.32360  3.11%     -   57s
H    0     0                       5.4935357    5.32360  3.09%     -   57s
H    0     0                       5.4895487    5.32360  3.02%     -   57s
H    0     0                       5.4894605    5.32360  3.02%     -   58s
H    0     0                       5.4894309    5.32360  3.02%     -   58s
     0     0    5.32482    0  615    5.48943    5.32482  3.00%     -   61s
     0     0    5.32944    0  686    5.48943    5.32944  2.91%     -   65s
H    0     0                       5.4889431    5.32944  2.91%     -   66s
     0     0    5.33038    0  681    5.48894    5.33038  2.89%     -   69s
     0     0    5.33252    0  694    5.48894    5.33252  2.85%     -   75s
     0     0    5.33272    0  689    5.48894    5.33272  2.85%     -   80s
     0     0    5.33447    0  723    5.48894    5.33447  2.81%     -   84s
     0     0    5.33477    0  685    5.48894    5.33477  2.81%     -   88s
     0     0    5.33577    0  744    5.48894    5.33577  2.79%     -   94s
     0     0    5.33600    0  725    5.48894    5.33600  2.79%     -   96s
     0     0    5.33714    0  634    5.48894    5.33714  2.77%     -  100s
     0     0    5.33920    0  697    5.48894    5.33920  2.73%     -  102s
     0     0    5.33920    0  660    5.48894    5.33920  2.73%     -  107s
     0     0    5.33920    0  714    5.48894    5.33920  2.73%     -  110s
     0     0    5.33920    0  747    5.48894    5.33920  2.73%     -  114s
H    0     0                       5.4888584    5.33920  2.73%     -  115s
H    0     0                       5.4888288    5.33920  2.73%     -  115s
     0     0    5.33941    0  745    5.48883    5.33941  2.72%     -  118s
     0     0    5.33985    0  700    5.48883    5.33985  2.71%     -  123s
H    0     0                       5.4858900    5.33985  2.66%     -  126s
H    0     0                       5.4858044    5.33985  2.66%     -  127s
H    0     0                       5.4857923    5.33985  2.66%     -  127s
     0     0    5.33992    0  746    5.48579    5.33992  2.66%     -  130s
     0     0    5.34020    0  750    5.48579    5.34020  2.65%     -  135s
H    0     0                       5.4857010    5.34020  2.65%     -  136s
H    0     0                       5.4856450    5.34020  2.65%     -  136s
     0     0    5.34022    0  746    5.48564    5.34022  2.65%     -  136s
     0     0    5.34052    0  754    5.48564    5.34052  2.65%     -  143s
     0     0    5.34056    0  769    5.48564    5.34056  2.64%     -  146s
     0     0    5.34082    0  756    5.48564    5.34082  2.64%     -  149s
     0     0    5.34087    0  750    5.48564    5.34087  2.64%     -  151s
     0     0    5.34092    0  768    5.48564    5.34092  2.64%     -  153s
     0     0    5.34103    0  820    5.48564    5.34103  2.64%     -  158s
     0     0    5.34126    0  686    5.48564    5.34126  2.63%     -  161s
     0     0    5.34130    0  707    5.48564    5.34130  2.63%     -  164s
     0     0    5.34209    0  760    5.48564    5.34209  2.62%     -  168s
     0     0    5.34209    0  765    5.48564    5.34209  2.62%     -  168s
     0     0    5.34228    0  763    5.48564    5.34228  2.61%     -  173s
     0     0    5.34248    0  723    5.48564    5.34248  2.61%     -  180s
     0     0    5.34254    0  794    5.48564    5.34254  2.61%     -  182s
     0     0    5.34262    0  831    5.48564    5.34262  2.61%     -  187s
     0     0    5.34264    0  811    5.48564    5.34264  2.61%     -  188s
     0     0    5.34275    0  802    5.48564    5.34275  2.60%     -  195s
     0     0    5.36026    0  646    5.48564    5.36026  2.29%     -  204s
     0     0    5.36026    0  646    5.48564    5.36026  2.29%     -  204s
     0     0    5.36026    0  640    5.48564    5.36026  2.29%     -  204s
     0     2    5.36029    0  639    5.48564    5.36029  2.29%     -  212s
     2     4    5.36359    2  631    5.48564    5.36029  2.29%  2924  217s
     3     5    5.36604    2  567    5.48564    5.36029  2.29%  2761  220s
     6     8    5.37558    4  679    5.48564    5.36029  2.29%  2330  227s
     7     9    5.39632    5  504    5.48564    5.36029  2.29%  2660  231s
     9    10    5.44671    6  427    5.48564    5.36029  2.29%  2885  236s
    11    10    5.44784    7  366    5.48564    5.36029  2.29%  2660  240s
H   23    18                       5.4855598    5.36029  2.28%  1442  245s
H   23    18                       5.4855280    5.36029  2.28%  1442  246s
H   23    18                       5.4854255    5.36029  2.28%  1442  246s
H   28    21                       5.4853988    5.36029  2.28%  1221  251s
    33    28    5.45986   25  257    5.48540    5.36029  2.28%  1067  255s
H   38    29                       5.4853775    5.36029  2.28%   994  257s
H   38    29                       5.4853508    5.36029  2.28%   994  258s
    38    31    5.46351   29  205    5.48535    5.36029  2.28%  1003  260s
    46    37    5.46632   34  259    5.48535    5.36029  2.28%   860  265s
    63    49    5.36562    1  569    5.48535    5.36413  2.21%   673  272s
    64    50    5.37357    2  560    5.48535    5.36413  2.21%   708  275s
    66    52    5.45563    3  451    5.48535    5.36413  2.21%   775  280s
    72    58    5.43325    8  467    5.48535    5.36413  2.21%   826  286s
    74    60    5.39535    9  449    5.48535    5.36413  2.21%   838  290s
    77    63    5.39709   11  478    5.48535    5.36413  2.21%   883  295s
    81    67    5.41738   14  475    5.48535    5.36413  2.21%   920  300s
    84    70    5.42388   16  481    5.48535    5.36413  2.21%   946  305s
    89    73    5.44635   20  597    5.48535    5.36413  2.21%   978  310s
    95    77    5.47436   23  567    5.48535    5.36413  2.21%   970  316s
   100    78     cutoff   27         5.48535    5.36413  2.21%  1004  321s
   103    77    5.42260    3  556    5.48535    5.36567  2.18%  1075  331s
   105    79    5.47113    5  344    5.48535    5.36567  2.18%  1115  337s
   107    79     cutoff    6         5.48535    5.36567  2.18%  1123  340s
   115    87    5.47712   12  324    5.48535    5.36567  2.18%  1070  346s
   141   113    5.48088   37  212    5.48535    5.36567  2.18%   883  351s
   149   113    5.40346    2  418    5.48535    5.36604  2.18%   870  356s
   154   116    5.45859    5  440    5.48535    5.36604  2.18%   871  361s
   156   118    5.46611    7  437    5.48535    5.36604  2.18%   873  366s
   166   128    5.47060   17  340    5.48535    5.36604  2.18%   830  372s
   177   139    5.47700   26  336    5.48535    5.36604  2.18%   791  375s
   189   150    5.48092   37  269    5.48535    5.36604  2.18%   756  381s
   206   159    5.36876    3  636    5.48535    5.36604  2.18%   734  391s
   208   161    5.37513    5  676    5.48535    5.36604  2.18%   757  396s
   211   164    5.38880    8  703    5.48535    5.36604  2.18%   777  404s
   212   165    5.41011    9  578    5.48535    5.36604  2.18%   790  407s
   214   167    5.41394   10  580    5.48535    5.36604  2.18%   805  410s
   217   170    5.42714   12  627    5.48535    5.36604  2.18%   831  416s
   221   174    5.43987   16  550    5.48535    5.36604  2.18%   836  420s
   225   178    5.45632   18  562    5.48535    5.36604  2.18%   849  425s
   231   184    5.44230   23  505    5.48535    5.36604  2.18%   858  431s
   238   189    5.44749   27  503    5.48535    5.36604  2.18%   851  435s
   241   188     cutoff   28         5.48535    5.36604  2.18%   877  440s
   243   186     cutoff   28         5.48535    5.36604  2.18%   899  446s
   245   186    5.37745    3  831    5.48535    5.36876  2.13%   933  457s
   246   187    5.38654    4  594    5.48535    5.36876  2.13%   956  460s
   248   189    5.42373    5  500    5.48535    5.36876  2.13%   978  466s
   250   191    5.46679    7  343    5.48535    5.36876  2.13%  1002  471s
   255   192    5.47225   10  383    5.48535    5.36876  2.13%  1004  475s
   277   212    5.47689   31  371    5.48535    5.36876  2.13%   956  480s
   299   234    5.47807   53  246    5.48535    5.36876  2.13%   897  485s
   342   265    5.39220    4  576    5.48535    5.37297  2.05%   817  491s
   344   267    5.43830    5  528    5.48535    5.37297  2.05%   834  497s
   346   269    5.44763    7  641    5.48535    5.37297  2.05%   840  500s
   349   268     cutoff    9         5.48535    5.37297  2.05%   850  505s
   352   267     cutoff   10         5.48535    5.37297  2.05%   875  514s
   354   265     cutoff    6         5.48535    5.37297  2.05%   895  521s
   359   269    5.44350    9  545    5.48535    5.37297  2.05%   901  525s
   368   278    5.46378   17  513    5.48535    5.37297  2.05%   908  532s
   374   284    5.45120   23  415    5.48535    5.37297  2.05%   906  535s
   385   295    5.45522   34  348    5.48535    5.37297  2.05%   903  540s
   398   294    5.40102    5  599    5.48535    5.37528  2.01%   897  547s
   400   296    5.41709    7  609    5.48535    5.37528  2.01%   903  550s
   401   297    5.43832    8  511    5.48535    5.37528  2.01%   917  555s
   405   297     cutoff   11         5.48535    5.37528  2.01%   941  563s
   407   297    5.45457    9  569    5.48535    5.37528  2.01%   952  568s
   411   301    5.44526   13  498    5.48535    5.37528  2.01%   952  570s
   415   305    5.45305   16  442    5.48535    5.37528  2.01%   962  575s
   419   309    5.45325   19  422    5.48535    5.37528  2.01%   970  580s
   433   323    5.45649   32  365    5.48535    5.37528  2.01%   960  585s
   461   345 infeasible   57         5.48535    5.37528  2.01%   922  590s
   480   357    5.42687    6  593    5.48535    5.37745  1.97%   905  597s
   484   361    5.43489   10  646    5.48535    5.37745  1.97%   905  600s
   486   361     cutoff    9         5.48535    5.37745  1.97%   923  610s
   499   370    5.45706   19  463    5.48535    5.37745  1.97%   916  615s
   511   376    5.47715   25  196    5.48535    5.37745  1.97%   909  621s
   528   383    5.41477    4  585    5.48535    5.37759  1.96%   896  629s
   529   384    5.45281    5  446    5.48535    5.37759  1.96%   902  632s
   532   387    5.46718    8  430    5.48535    5.37759  1.96%   907  635s
   549   404    5.48313   23  196    5.48535    5.37759  1.96%   898  640s
   565   412    5.44290    5  526    5.48535    5.37795  1.96%   894  648s
   566   413    5.41122    5  433    5.48535    5.37795  1.96%   897  650s
   569   416    5.47880    6  473    5.48535    5.37795  1.96%   904  656s
   573   416     cutoff    8         5.48535    5.37795  1.96%   910  662s
   577   420    5.45507   10  497    5.48535    5.37795  1.96%   910  665s
   583   418    5.44444    5  515    5.48535    5.37796  1.96%   912  671s
   585   418     cutoff    7         5.48535    5.37796  1.96%   922  676s
   587   418    5.45874    6  496    5.48535    5.37796  1.96%   930  680s
   591   418    5.48087    8  501    5.48535    5.37796  1.96%   936  687s
   595   417    5.44498    6  495    5.48535    5.37806  1.96%   940  692s
   597   417     cutoff    8         5.48535    5.37806  1.96%   950  697s
   598   416     cutoff    8         5.48535    5.37806  1.96%   956  700s
   601   419    5.48095    9  579    5.48535    5.37806  1.96%   968  705s
   605   417    5.47032    8  426    5.48535    5.37806  1.96%   971  710s
   608   416    5.40242    7  493    5.48535    5.38670  1.80%   986  719s
   609   417    5.41779    8  425    5.48535    5.38670  1.80%   988  721s
   611   419    5.44159    9  473    5.48535    5.38670  1.80%   992  725s
   614   420    5.46420    9  440    5.48535    5.38670  1.80%   996  730s
   619   423    5.47424   11  350    5.48535    5.38670  1.80%   998  735s
   620   424    5.47684   11  500    5.48535    5.38670  1.80%  1003  740s
   626   430    5.47888   15  267    5.48535    5.38670  1.80%  1001  745s
   640   434    5.44200    7  438    5.48535    5.38778  1.78%   995  753s
   642   436    5.46374    9  346    5.48535    5.38778  1.78%  1002  756s
   648   441    5.45436   12  640    5.48535    5.38778  1.78%   995  810s
   650   442    5.48102   28  543    5.48535    5.38778  1.78%   992  818s
   651   443    5.47572   21  613    5.48535    5.38778  1.78%   990  828s
   653   446    5.47723   12  640    5.48535    5.38778  1.78%  1013  842s
   655   447    5.46082    8  536    5.48535    5.38778  1.78%  1010  859s
   656   448    5.47834   24  589    5.48535    5.38778  1.78%  1008  873s
   657   449    5.47791   43  615    5.48535    5.38778  1.78%  1007  879s
   658   449    5.38778    8  584    5.48535    5.38778  1.78%  1005  884s
   659   450    5.47731   30  607    5.48535    5.38778  1.78%  1004  902s
   660   451    5.47076   18  646    5.48535    5.38778  1.78%  1002  913s
   661   451    5.44219   11  665    5.48535    5.38778  1.78%  1001  916s
   662   452    5.48313   24  702    5.48535    5.38778  1.78%   999  924s
   663   453    5.47963    7  704    5.48535    5.38860  1.76%   998  945s
   664   453    5.40136    6  801    5.48535    5.38993  1.74%   996  953s
   665   454    5.43627   15  803    5.48535    5.39018  1.74%   995  962s
   666   455    5.47941   28  806    5.48535    5.39022  1.73%   993  969s
   667   455    5.48074   70  600    5.48535    5.40166  1.53%   992  983s
   668   456    5.47472   23  718    5.48535    5.40527  1.46%   990  988s
   669   457    5.46648    9  682    5.48535    5.40582  1.45%   989  993s
   670   457    5.46683   37  755    5.48535    5.40593  1.45%   987 1002s
   671   458    5.46718    9  540    5.48535    5.41425  1.30%   986 1019s
   672   459    5.48031   63  639    5.48535    5.41558  1.27%   984 1023s
   673   459    5.47756   51  570    5.48535    5.41596  1.27%   983 1029s
   674   460    5.47443   20  584    5.48535    5.41603  1.26%   981 1038s
   675   461    5.45453   12  568    5.48535    5.41884  1.21%   980 1062s
   676   461    5.47941   21  616    5.48535    5.41942  1.20%   978 1072s
   677   462    5.45305   31  590    5.48535    5.41951  1.20%   977 1087s
   678   463    5.45712   26  573    5.48535    5.42114  1.17%   975 1099s
   679   463    5.47463   15  577    5.48535    5.42141  1.17%   974 1104s
   680   464    5.47855   24  600    5.48535    5.42144  1.17%   973 1111s
   681   465    5.48104   33  584    5.48535    5.42238  1.15%   971 1129s
   682   465    5.46648    9  570    5.48535    5.42263  1.14%   970 1138s
   683   466    5.44434   16  600    5.48535    5.42269  1.14%   968 1153s
   684   467    5.47386   19  571    5.48535    5.42324  1.13%   967 1168s
   685   467    5.48313   24  659    5.48535    5.42335  1.13%   965 1182s
   686   468    5.43224   10  584    5.48535    5.42415  1.12%   964 1198s
   687   469    5.46662   69  583    5.48535    5.42415  1.12%   963 1214s
   688   469    5.46114   62  583    5.48535    5.42415  1.12%   961 1234s
   689   472    5.42429   26  577    5.48535    5.42415  1.12%  1273 1259s
   690   473    5.43108   26  520    5.48535    5.42429  1.11%  1283 1268s
   691   473    5.42538   27  458    5.48535    5.42429  1.11%  1290 1297s
   692   474    5.43645   27  351    5.48535    5.42538  1.09%  1300 1306s
   693   475    5.43640   28  380    5.48535    5.42538  1.09%  1306 1313s
   694   475    5.42570   28  460    5.48535    5.42570  1.09%  1312 1327s
   696   477    5.44905   29  372    5.48535    5.42575  1.09%  1322 1337s
   697   477    5.42757   30  507    5.48535    5.42575  1.09%  1332 1345s
   699   479    5.42762   31  460    5.48535    5.42757  1.05%  1356 1363s
   700   479    5.44287   31  439    5.48535    5.42762  1.05%  1361 1370s
   702   480    5.46807   32  420    5.48535    5.42766  1.05%  1382 1393s
   703   480    5.42767   33  433    5.48535    5.42766  1.05%  1380 1399s
   704   481    5.43273   33  433    5.48535    5.42767  1.05%  1385 1407s
   705   482    5.42774   34  427    5.48535    5.42774  1.05%  1390 1418s
   706   482    5.44804   34  351    5.48535    5.42774  1.05%  1405 1426s
   707   483    5.42855   35  418    5.48535    5.42775  1.05%  1408 1432s
   708   484    5.44100   35  470    5.48535    5.42855  1.04%  1413 1438s
   709   484    5.42859   36  432    5.48535    5.42859  1.03%  1415 1443s
   710   485    5.43750   36  437    5.48535    5.42859  1.03%  1418 1447s
   712   486    5.43057   37  418    5.48535    5.42863  1.03%  1417 1452s
   713   487    5.42863   38  414    5.48535    5.42863  1.03%  1421 1457s
   714   487    5.44291   38  355    5.48535    5.42863  1.03%  1429 1462s
   716   488    5.43137   39  436    5.48535    5.42913  1.02%  1430 1467s
   718   489    5.43423   40  537    5.48535    5.42979  1.01%  1433 1475s
   719   490    5.43011   41  467    5.48535    5.42979  1.01%  1437 1481s
   720   491    5.43747   41  436    5.48535    5.43012  1.01%  1443 1485s
   721   491    5.43012   42  471    5.48535    5.43012  1.01%  1446 1490s
   723   493    5.43020   43  453    5.48535    5.43012  1.01%  1446 1495s
   726   495    5.43572   44  433    5.48535    5.43020  1.01%  1449 1501s
   727   495    5.43035   45  438    5.48535    5.43020  1.01%  1453 1507s
   729   497    5.43162   46  405    5.48535    5.43035  1.00%  1464 1518s
   730   497    5.43719   46  351    5.48535    5.43057  1.00%  1465 1521s
   731   498    5.43165   47  403    5.48535    5.43057  1.00%  1464 1525s
   732   499    5.46926   47  528    5.48535    5.43057  1.00%  1469 1532s
   733   499    5.43169   48  409    5.48535    5.43057  1.00%  1472 1539s
   734   500    5.44699   48  327    5.48535    5.43057  1.00%  1472 1542s
   735   501    5.43189   49  383    5.48535    5.43057  1.00%  1478 1556s
   736   500    5.45179   49  482    5.48535    5.43057  1.00%  1487 1562s
   737   501    5.43223   50  446    5.48535    5.43057  1.00%  1492 1567s
   738   502    5.43659   50  548    5.48535    5.43057  1.00%  1497 1576s
   739   502    5.43226   51  570    5.48535    5.43057  1.00%  1498 1584s
   740   503    5.45279   51  376    5.48535    5.43057  1.00%  1498 1587s
   742   504    5.43623   52  507    5.48535    5.43057  1.00%  1503 1597s
   743   505    5.43230   53  559    5.48535    5.43057  1.00%  1502 1600s
   744   506    5.44233   53  448    5.48535    5.43057  1.00%  1504 1608s
   746   507    5.44114   54  513    5.48535    5.43057  1.00%  1503 1615s
   748   508    5.43449   55  497    5.48535    5.43057  1.00%  1503 1638s
   749   509    5.43264   56  578    5.48535    5.43057  1.00%  1501 1640s
   750   510    5.43375   56  434    5.48535    5.43057  1.00%  1506 1648s
   751   510    5.43269   57  566    5.48535    5.43057  1.00%  1505 1650s
   752   511    5.45839   57  454    5.48535    5.43057  1.00%  1511 1666s
   753   512    5.43293   58  514    5.48535    5.43057  1.00%  1520 1680s
   754   512    5.44283   58  447    5.48535    5.43057  1.00%  1523 1689s
   755   513    5.43293   59  518    5.48535    5.43057  1.00%  1526 1699s
   756   514    5.44287   59  428    5.48535    5.43057  1.00%  1528 1707s
   757   514    5.43328   60  477    5.48535    5.43057  1.00%  1528 1711s
   758   515    5.44925   60  467    5.48535    5.43057  1.00%  1529 1718s
   759   516    5.43347   61  529    5.48535    5.43057  1.00%  1527 1720s
   760   516    5.44241   61  494    5.48535    5.43057  1.00%  1533 1729s
   761   517    5.43381   62  520    5.48535    5.43057  1.00%  1534 1735s
   762   518    5.43976   62  456    5.48535    5.43057  1.00%  1535 1742s
   764   519    5.44298   63  512    5.48535    5.43057  1.00%  1535 1751s
   765   520    5.43401   64  488    5.48535    5.43057  1.00%  1539 1765s

Cutting planes:
  Learned: 1
  Cover: 163
  Implied bound: 239
  Projected implied bound: 51
  Clique: 35
  MIR: 413
  Mixing: 4
  StrongCG: 13
  Flow cover: 485
  GUB cover: 16
  Inf proof: 1
  Zero half: 10
  Network: 26
  RLT: 8
  Relax-and-lift: 476
  BQP: 4

Explored 766 nodes (1348385 simplex iterations) in 1767.14 seconds (5052.80 work units)
Thread count was 1 (of 20 available processors)

Solution count 10: 5.48535 5.48538 5.4854 ... 5.4858

Time limit reached
Best objective 5.485350829691e+00, best bound 5.430565728240e+00, gap 0.9988%

User-callback calls 153498, time in user-callback 0.01 sec
