
Gurobi 13.0.2 (win64) logging started Sat Jul 25 05:58:54 2026

Set parameter LogFile to value "E:\codes\ExactEBRP\results\gf_nonblocking_gurobi_c6_round31\runs\stage6__tight_T_seed3101__c5_candidate__1200s\native.log"
Set parameter Threads to value 1
Set parameter Presolve to value -1
Set parameter Seed to value 0
Set parameter MIPGap to value 0
Set parameter MIPGapAbs to value 0
Warning: unknown variable 'r_max' in bounds section (line 13986)
Warning: unknown variable 'r_min' in bounds section (line 13987)
Read LP format model from file E:\codes\ExactEBRP\results\gf_nonblocking_gurobi_c6_round31\runs\stage6__tight_T_seed3101__c5_candidate__1200s\external\models\L0.lp
Reading time = 0.03 seconds
obj: 11939 rows, 3384 columns, 67170 nonzeros
Set parameter TimeLimit to value 1179.8343175
Warning: unknown variable 'r_max' in bounds section (line 13986)
Warning: unknown variable 'r_min' in bounds section (line 13987)
Read LP format model from file E:\codes\ExactEBRP\results\gf_nonblocking_gurobi_c6_round31\runs\stage6__tight_T_seed3101__c5_candidate__1200s\external\models\L0.0.lp
Reading time = 0.02 seconds
obj: 11939 rows, 3384 columns, 67170 nonzeros
Set parameter TimeLimit to value 1179.388176
Warning: unknown variable 'r_max' in bounds section (line 13986)
Warning: unknown variable 'r_min' in bounds section (line 13987)
Read LP format model from file E:\codes\ExactEBRP\results\gf_nonblocking_gurobi_c6_round31\runs\stage6__tight_T_seed3101__c5_candidate__1200s\external\models\L0.1.lp
Reading time = 0.02 seconds
obj: 11939 rows, 3384 columns, 67420 nonzeros
Set parameter TimeLimit to value 1178.9755262
Warning: unknown variable 'r_max' in bounds section (line 13986)
Warning: unknown variable 'r_min' in bounds section (line 13987)
Read LP format model from file E:\codes\ExactEBRP\results\gf_nonblocking_gurobi_c6_round31\runs\stage6__tight_T_seed3101__c5_candidate__1200s\external\models\L0.0.0.lp
Reading time = 0.02 seconds
obj: 11939 rows, 3384 columns, 67170 nonzeros
Set parameter TimeLimit to value 1178.0397178
Warning: unknown variable 'r_max' in bounds section (line 13986)
Warning: unknown variable 'r_min' in bounds section (line 13987)
Read LP format model from file E:\codes\ExactEBRP\results\gf_nonblocking_gurobi_c6_round31\runs\stage6__tight_T_seed3101__c5_candidate__1200s\external\models\L0.0.1.lp
Reading time = 0.02 seconds
obj: 11939 rows, 3384 columns, 67420 nonzeros
Set parameter TimeLimit to value 1177.6485021
Warning: unknown variable 'r_max' in bounds section (line 13986)
Warning: unknown variable 'r_min' in bounds section (line 13987)
Read LP format model from file E:\codes\ExactEBRP\results\gf_nonblocking_gurobi_c6_round31\runs\stage6__tight_T_seed3101__c5_candidate__1200s\external\models\L0.1.0.lp
Reading time = 0.02 seconds
obj: 11939 rows, 3384 columns, 67420 nonzeros
Set parameter TimeLimit to value 1176.6128671
Warning: unknown variable 'r_max' in bounds section (line 13986)
Warning: unknown variable 'r_min' in bounds section (line 13987)
Read LP format model from file E:\codes\ExactEBRP\results\gf_nonblocking_gurobi_c6_round31\runs\stage6__tight_T_seed3101__c5_candidate__1200s\external\models\L0.1.1.lp
Reading time = 0.02 seconds
obj: 11939 rows, 3384 columns, 67420 nonzeros
Set parameter TimeLimit to value 1176.2144783
Warning: unknown variable 'r_max' in bounds section (line 13986)
Warning: unknown variable 'r_min' in bounds section (line 13987)
Read LP format model from file E:\codes\ExactEBRP\results\gf_nonblocking_gurobi_c6_round31\runs\stage6__tight_T_seed3101__c5_candidate__1200s\external\models\L1.lp
Reading time = 0.02 seconds
obj: 11939 rows, 3384 columns, 67420 nonzeros
Set parameter TimeLimit to value 1174.1736624
Warning: unknown variable 'r_max' in bounds section (line 13986)
Warning: unknown variable 'r_min' in bounds section (line 13987)
Read LP format model from file E:\codes\ExactEBRP\results\gf_nonblocking_gurobi_c6_round31\runs\stage6__tight_T_seed3101__c5_candidate__1200s\external\models\L1.0.lp
Reading time = 0.02 seconds
obj: 11939 rows, 3384 columns, 67420 nonzeros
Set parameter TimeLimit to value 1173.7334744
Warning: unknown variable 'r_max' in bounds section (line 13986)
Warning: unknown variable 'r_min' in bounds section (line 13987)
Read LP format model from file E:\codes\ExactEBRP\results\gf_nonblocking_gurobi_c6_round31\runs\stage6__tight_T_seed3101__c5_candidate__1200s\external\models\L1.1.lp
Reading time = 0.02 seconds
obj: 11939 rows, 3384 columns, 67420 nonzeros
Set parameter TimeLimit to value 1173.3321014
Warning: unknown variable 'r_max' in bounds section (line 13987)
Warning: unknown variable 'r_min' in bounds section (line 13988)
Read LP format model from file E:\codes\ExactEBRP\results\gf_nonblocking_gurobi_c6_round31\runs\stage6__tight_T_seed3101__c5_candidate__1200s\external\models\L2.lp
Reading time = 0.03 seconds
obj: 11940 rows, 3384 columns, 67426 nonzeros
Set parameter TimeLimit to value 335.6401684
Warning: unknown variable 'r_max' in bounds section (line 13987)
Warning: unknown variable 'r_min' in bounds section (line 13988)
Read LP format model from file E:\codes\ExactEBRP\results\gf_nonblocking_gurobi_c6_round31\runs\stage6__tight_T_seed3101__c5_candidate__1200s\external\models\L2.0.lp
Reading time = 0.02 seconds
obj: 11940 rows, 3384 columns, 67426 nonzeros
Set parameter TimeLimit to value 3.3521161010000003e+02
Warning: unknown variable 'r_max' in bounds section (line 13987)
Warning: unknown variable 'r_min' in bounds section (line 13988)
Read LP format model from file E:\codes\ExactEBRP\results\gf_nonblocking_gurobi_c6_round31\runs\stage6__tight_T_seed3101__c5_candidate__1200s\external\models\L2.1.lp
Reading time = 0.02 seconds
obj: 11940 rows, 3384 columns, 67426 nonzeros
Set parameter TimeLimit to value 334.823358
