
Gurobi 13.0.2 (win64) logging started Sat Jul 25 00:12:03 2026

Set parameter LogFile to value "E:\codes\ExactEBRP\results\gf_nonblocking_gurobi_c6_round31\runs\stage3__round31_sealed_tight_T_V20_seed2113109204__c6_candidate__300s\external\native_logs\L2_c6_1_next_leaf_target_mip.gurobi.log"
Gurobi Optimizer version 13.0.2 build v13.0.2rc1 (win64 - Windows 10.0 (19045.2))

CPU model: 12th Gen Intel(R) Core(TM) i7-12700KF, instruction set [SSE2|AVX|AVX2]
Thread count: 12 physical cores, 20 logical processors, using up to 1 threads

Non-default parameters:
TimeLimit  241.5464597
MIPGap  0
MIPGapAbs  0
LogToConsole  0
Threads  1

Optimize a model with 11902 rows, 3374 columns and 67353 nonzeros (Min)
Model fingerprint: 0xdbf9cf45
Model has 21 linear objective coefficients
Variable types: 1684 continuous, 1690 integer (1490 binary)
Coefficient statistics:
  Matrix range     [8e-03, 1e+04]
  Objective range  [8e-03, 1e+00]
  Bounds range     [2e-01, 2e+02]
  RHS range        [2e-01, 5e+04]

Presolve removed 1891 rows and 242 columns
Presolve time: 0.21s
Presolved: 10011 rows, 3132 columns, 68921 nonzeros
Variable types: 1550 continuous, 1582 integer (1392 binary)

Root relaxation: objective 3.230302e-01, 3546 iterations, 0.22 seconds (0.62 work units)

    Nodes    |    Current Node    |     Objective Bounds      |     Work
 Expl Unexpl |  Obj  Depth IntInf | Incumbent    BestBd   Gap | It/Node Time

     0     0    0.32303    0  191          -    0.32303      -     -    0s
     0     0    0.32419    0  205          -    0.32419      -     -    0s
     0     0    0.32622    0  258          -    0.32622      -     -    1s
     0     0    0.32636    0  223          -    0.32636      -     -    1s
     0     0    0.32765    0  246          -    0.32765      -     -    2s
     0     0    0.32779    0  251          -    0.32779      -     -    2s
     0     0    0.32867    0  241          -    0.32867      -     -    3s
     0     0    0.32878    0  273          -    0.32878      -     -    3s
     0     0    0.32924    0  264          -    0.32924      -     -    4s
     0     0    0.32935    0  287          -    0.32935      -     -    4s
     0     0    0.32959    0  231          -    0.32959      -     -    4s
     0     0    0.32963    0  237          -    0.32963      -     -    4s
     0     0    0.32977    0  279          -    0.32977      -     -    5s

Cutting planes:
  Learned: 13
  Gomory: 7
  Cover: 38
  Implied bound: 101
  Clique: 24
  MIR: 266
  StrongCG: 5
  Flow cover: 85
  GUB cover: 3
  Zero half: 3
  Network: 30
  RLT: 21
  Relax-and-lift: 123
  BQP: 5
  PSD: 1

Explored 1 nodes (31852 simplex iterations) in 5.53 seconds (12.68 work units)
Thread count was 1 (of 20 available processors)

Solution count 0

Solve interrupted
Best objective -, best bound 3.297695666332e-01, gap -

User-callback calls 1506, time in user-callback 0.00 sec
