
Gurobi 13.0.2 (win64) logging started Sat Jul 25 00:12:31 2026

Set parameter LogFile to value "E:\codes\ExactEBRP\results\gf_nonblocking_gurobi_c6_round31\runs\stage3__round31_sealed_tight_T_V20_seed2113109204__c6_candidate__300s\external\native_logs\L2_terminal_mip.gurobi.log"
Gurobi Optimizer version 13.0.2 build v13.0.2rc1 (win64 - Windows 10.0 (19045.2))

CPU model: 12th Gen Intel(R) Core(TM) i7-12700KF, instruction set [SSE2|AVX|AVX2]
Thread count: 12 physical cores, 20 logical processors, using up to 1 threads

Non-default parameters:
TimeLimit  2.1359619120000002e+02
MIPGap  0
MIPGapAbs  0
LogToConsole  0
Threads  1

Optimize a model with 11902 rows, 3374 columns and 67353 nonzeros (Min)
Model fingerprint: 0xdbf9cf45
Model has 21 linear objective coefficients
Variable types: 1684 continuous, 1690 integer (1490 binary)
Coefficient statistics:
  Matrix range     [8e-03, 1e+04]
  Objective range  [8e-03, 1e+00]
  Bounds range     [2e-01, 2e+02]
  RHS range        [2e-01, 5e+04]

Presolved: 10011 rows, 3132 columns, 68921 nonzeros

Continuing optimization...

     0     0    0.32978    0  266          -    0.32978      -     -    5s
     0     0    0.32978    0  264          -    0.32978      -     -    5s
     0     0    0.32980    0  279          -    0.32980      -     -    6s
     0     0    0.33003    0  273          -    0.33003      -     -    6s
     0     0    0.33006    0  281          -    0.33006      -     -    7s
     0     0    0.33017    0  247          -    0.33017      -     -    8s
     0     0    0.33020    0  257          -    0.33020      -     -    8s
     0     0    0.33024    0  268          -    0.33024      -     -    8s
     0     0    0.33025    0  259          -    0.33025      -     -    8s
     0     0    0.33035    0  226          -    0.33035      -     -    9s
     0     0    0.33036    0  256          -    0.33036      -     -    9s
     0     0    0.33037    0  232          -    0.33037      -     -    9s
     0     0    0.33037    0  261          -    0.33037      -     -    9s
     0     0    0.33041    0  251          -    0.33041      -     -   10s
     0     0    0.33044    0  273          -    0.33044      -     -   10s
     0     0    0.33057    0  238          -    0.33057      -     -   11s
     0     0    0.33058    0  210          -    0.33058      -     -   11s
     0     0    0.33058    0  237          -    0.33058      -     -   11s
     0     0    0.33058    0  222          -    0.33058      -     -   11s
     0     0    0.33059    0  258          -    0.33059      -     -   12s
     0     0    0.33059    0  255          -    0.33059      -     -   12s
     0     0    0.33059    0  242          -    0.33059      -     -   12s
     0     2    0.33059    0  242          -    0.33059      -     -   13s
     1     3    0.33067    1  234          -    0.33059      -  1230   13s
     4     6    0.34388    2  183          -    0.34287      -  2542   23s
    26    26    0.36580   21  213          -    0.34388      -   768   25s
    79    73    0.35988   17  192          -    0.34388      -   339   31s
   235   175    0.35094   11  224          -    0.34398      -   297   35s
   476   371    0.35845   11  245          -    0.34423      -   271   40s
   603   459    0.38335   45  242          -    0.34692      -   295   45s
   613   466    0.37971   26  266          -    0.34692      -   290   50s
   621   471    0.35490   14  241          -    0.34692      -   348   58s
   636   475    0.38467   21  179          -    0.34692      -   356   60s
   658   475    0.36323   13  247          -    0.34692      -   355   65s
   681   488    0.37240   25  166          -    0.34692      -   357   70s
   752   506    0.37690   14  241          -    0.34692      -   349   75s
   852   555    0.39636   63   97          -    0.34692      -   331   80s
   925   563    0.37513   26  177          -    0.35570      -   337   85s
   988   590    0.39916   57  151          -    0.35570      -   331   91s
  1061   605    0.39882   45  176          -    0.35890      -   330   95s
  1215   654    0.38332   18  178          -    0.36240      -   310  100s
  1274   683    0.36472   17  188          -    0.36242      -   299  106s
  1404   730    0.39976   60  108          -    0.36326      -   285  110s
  1560   776    0.37631   23  164          -    0.36493      -   279  115s
  1756   858    0.38884   24  181          -    0.36556      -   264  120s
  1915   918    0.39049   21  172          -    0.36720      -   257  125s
  2102  1022    0.38201   26  168          -    0.36745      -   248  130s
  2303  1151    0.39198   54  153          -    0.36818      -   242  135s
  2573  1356 infeasible   41               -    0.36899      -   232  140s
  2801  1511    0.38732   50  123          -    0.37136      -   225  145s
  3043  1683    0.38140   23  175          -    0.37215      -   218  150s
  3058  1698    0.39820   32  141          -    0.37215      -   219  158s
  3091  1721    0.38637   37  147          -    0.37227      -   218  160s
  3273  1825    0.39537   22  210          -    0.37262      -   214  165s
  3432  1928    0.38173   24  179          -    0.37308      -   213  170s
  3643  2064    0.37652   26  185          -    0.37332      -   211  175s
  3881  2244    0.39725   46  149          -    0.37348      -   206  180s
  4114  2401    0.38829   29  176          -    0.37360      -   204  185s
  4359  2569    0.39557   37  157          -    0.37393      -   199  190s
  4538  2672    0.38559   35  146          -    0.37434      -   199  195s
  4759  2841    0.37991   24  180          -    0.37453      -   196  200s
  4925  2952    0.40056   38  153          -    0.37459      -   196  205s
  5192  3112 infeasible   53               -    0.37478      -   193  210s
  5609  3427    0.38967   49  129          -    0.37494      -   187  215s

Cutting planes:
  Learned: 15
  Gomory: 3
  Cover: 25
  Implied bound: 35
  Clique: 19
  MIR: 116
  StrongCG: 1
  Flow cover: 29
  GUB cover: 1
  Network: 19
  RLT: 8
  Relax-and-lift: 45
  BQP: 2
  PSD: 1

Explored 5929 nodes (1157226 simplex iterations) in 219.13 seconds (415.73 work units)
Most recent optimization runtime was 213.60 seconds (403.05 work units)
Thread count was 1 (of 20 available processors)

Solution count 0

Time limit reached
Best objective -, best bound 3.751952999548e-01, gap -

User-callback calls 69290, time in user-callback 0.02 sec
