
Gurobi 13.0.2 (win64) logging started Fri Jul 24 21:47:23 2026

Set parameter LogFile to value "E:\codes\ExactEBRP\results\gf_nonblocking_gurobi_c6_round31\runs\stage2__high_imbalance_seed5202__c6_candidate__300s\external\native_logs\L1_c6_1_next_leaf_target_mip.gurobi.log"
Gurobi Optimizer version 13.0.2 build v13.0.2rc1 (win64 - Windows 10.0 (19045.2))

CPU model: 12th Gen Intel(R) Core(TM) i7-12700KF, instruction set [SSE2|AVX|AVX2]
Thread count: 12 physical cores, 20 logical processors, using up to 1 threads

Non-default parameters:
TimeLimit  280.0070364
MIPGap  0
MIPGapAbs  0
LogToConsole  0
Threads  1

Optimize a model with 11923 rows, 3380 columns and 67410 nonzeros (Min)
Model fingerprint: 0xa17eb4c8
Model has 21 linear objective coefficients
Variable types: 1687 continuous, 1693 integer (1493 binary)
Coefficient statistics:
  Matrix range     [2e-02, 2e+04]
  Objective range  [2e-02, 1e+00]
  Bounds range     [2e-01, 8e+02]
  RHS range        [2e-01, 5e+04]

Presolve removed 1841 rows and 64 columns
Presolve time: 0.19s
Presolved: 10082 rows, 3316 columns, 73888 nonzeros
Variable types: 1641 continuous, 1675 integer (1496 binary)

Root relaxation: objective 9.458399e-01, 4577 iterations, 0.26 seconds (0.70 work units)

    Nodes    |    Current Node    |     Objective Bounds      |     Work
 Expl Unexpl |  Obj  Depth IntInf | Incumbent    BestBd   Gap | It/Node Time

     0     0    0.94584    0  294          -    0.94584      -     -    0s
     0     0    0.97418    0  295          -    0.97418      -     -    0s
     0     0    1.01214    0  309          -    1.01214      -     -    1s
     0     0    1.01362    0  304          -    1.01362      -     -    1s
     0     0    1.01925    0  375          -    1.01925      -     -    2s
     0     0    1.02004    0  359          -    1.02004      -     -    2s
     0     0    1.02442    0  341          -    1.02442      -     -    2s
     0     0    1.02504    0  356          -    1.02504      -     -    3s
     0     0    1.02791    0  377          -    1.02791      -     -    3s
     0     0    1.02871    0  387          -    1.02871      -     -    4s
     0     0    1.02999    0  376          -    1.02999      -     -    4s
     0     0    1.03028    0  384          -    1.03028      -     -    5s
     0     0    1.03115    0  380          -    1.03115      -     -    5s
     0     0    1.03183    0  339          -    1.03183      -     -    5s
     0     0    1.03320    0  404          -    1.03320      -     -    6s
     0     0    1.03360    0  343          -    1.03360      -     -    6s
     0     0    1.03411    0  376          -    1.03411      -     -    6s
     0     0    1.03420    0  365          -    1.03420      -     -    7s
     0     0    1.03460    0  383          -    1.03460      -     -    7s
     0     0    1.03480    0  390          -    1.03480      -     -    8s
     0     0    1.03538    0  359          -    1.03538      -     -    8s
     0     0    1.03550    0  326          -    1.03550      -     -    8s
     0     0    1.03605    0  362          -    1.03605      -     -    9s
     0     0    1.03636    0  368          -    1.03636      -     -    9s
     0     0    1.03659    0  318          -    1.03659      -     -   10s
     0     0    1.03673    0  341          -    1.03673      -     -   12s
     0     0    1.03688    0  355          -    1.03688      -     -   13s
     0     0    1.03691    0  367          -    1.03691      -     -   13s
     0     0    1.03692    0  333          -    1.03692      -     -   13s
     0     0    1.03695    0  327          -    1.03695      -     -   13s
     0     0    1.03700    0  357          -    1.03700      -     -   14s
     0     0    1.03700    0  354          -    1.03700      -     -   14s
     0     0    1.03700    0  352          -    1.03700      -     -   14s
     0     2    1.03701    0  349          -    1.03701      -     -   15s
    19    21    1.07653   12  273          -    1.03766      -  1605   21s
    24    26    1.07787   15  261          -    1.03766      -  1359   31s
    94    90 infeasible   73               -    1.03766      -   508   35s
   107   101    1.08686    8  315          -    1.04635      -   665   43s
   128   120    1.10580   20  260          -    1.04635      -   708   45s
   268   239    1.07674    7  259          -    1.04974      -   542   50s
   505   452    1.10908   11  246          -    1.04974      -   390   55s
   550   491    1.11175   82  349          -    1.04974      -   383   60s
   554   494    1.08273   26  326          -    1.04974      -   381   65s
   558   496    1.09138   18  378          -    1.04974      -   378   70s
   562   499    1.12737  138  389          -    1.04974      -   375   76s
   565   501    1.11262  111  405          -    1.04974      -   373   80s
   568   503    1.13736   37  361          -    1.04974      -   371   86s
   571   507    1.04974   12  358          -    1.04974      -   469   92s
   575   510    1.05393   14  354          -    1.04974      -   484   95s
   582   514    1.07042   17  330          -    1.04974      -   527  100s
   586   517    1.08600   19  253          -    1.04974      -   546  105s
   590   520    1.09022   21  254          -    1.04974      -   557  110s
   611   532    1.10212   32  225          -    1.04974      -   568  115s
   634   547    1.12077   43  214          -    1.04974      -   566  120s
   659   564    1.10868   56  225          -    1.04974      -   560  125s
   688   583    1.14670   70  211          -    1.04974      -   559  130s
   711   592    1.11802   82  176          -    1.04974      -   556  135s
   724   595    1.12850   88  179          -    1.04974      -   552  140s
   744   597    1.05609   15  317          -    1.04974      -   561  145s
   747   599    1.06477   16  326          -    1.04974      -   571  150s
   757   606    1.08298   21  260          -    1.04974      -   589  155s
   779   615    1.15424   32  240          -    1.04974      -   595  160s
   800   615    1.08948   17  297          -    1.04974      -   609  165s
   815   623    1.09601   25  292          -    1.04974      -   626  170s
   837   637    1.11018   36  261          -    1.04974      -   629  175s
   861   643    1.12555   48  265          -    1.04974      -   631  180s
   862   644    1.14920   48  237          -    1.04974      -   631  186s
   866   647    1.14220   50  247          -    1.04974      -   632  190s
   905   667    1.12897   70  222          -    1.04974      -   626  195s
   950   679    1.14779   92  218          -    1.04974      -   614  200s
  1004   673 infeasible  119               -    1.04974      -   599  205s
  1019   673    1.10065   15  278          -    1.04974      -   616  210s
  1030   680    1.10230   21  236          -    1.04974      -   644  215s
  1076   709    1.13215   44  150          -    1.04974      -   632  220s
  1152   727    1.06514   13  278          -    1.04974      -   608  225s
  1156   730    1.06945   15  270          -    1.04974      -   618  230s
  1171   738    1.11109   23  189          -    1.04974      -   641  235s
  1226   749    1.05773   15  314          -    1.04974      -   631  240s
  1241   759    1.08688   22  290          -    1.04974      -   653  245s
  1275   781    1.11740   39  159          -    1.04974      -   653  250s
  1358   826    1.14066   81  176          -    1.04974      -   625  255s
  1377   824    1.05538   15  307          -    1.05476      -   624  263s
  1382   828    1.07683   17  301          -    1.05622      -   632  265s
  1397   838    1.09386   25  266          -    1.05622      -   649  270s
  1433   857    1.12931   43  214          -    1.05622      -   647  275s

Cutting planes:
  Learned: 17
  Cover: 51
  Implied bound: 61
  Projected implied bound: 12
  Clique: 16
  MIR: 107
  StrongCG: 3
  Flow cover: 193
  Network: 19
  RLT: 2
  Relax-and-lift: 11
  BQP: 2

Explored 1495 nodes (1005639 simplex iterations) in 280.01 seconds (571.64 work units)
Thread count was 1 (of 20 available processors)

Solution count 0

Time limit reached
Best objective -, best bound 1.056218727158e+00, gap -

User-callback calls 67239, time in user-callback 0.00 sec
