
Gurobi 13.0.2 (win64) logging started Fri Oct  2 09:10:09 2026

Set parameter LogFile to value "E:\codes\ExactEBRP\results\unified_exact_round99\confirmation01\raw\02_N1_M-B\external\native_logs\L0_terminal_mip.gurobi.log"
Set parameter TimeLimit to value 894.7785777
Gurobi Optimizer version 13.0.2 build v13.0.2rc1 (win64 - Windows 10.0 (19045.2))

CPU model: 12th Gen Intel(R) Core(TM) i7-12700KF, instruction set [SSE2|AVX|AVX2]
Thread count: 12 physical cores, 20 logical processors, using up to 1 threads

Non-default parameters:
TimeLimit  894.7785777
MIPGap  0
MIPGapAbs  0
LogToConsole  0
Threads  1

Optimize a model with 9420 rows, 3600 columns and 54136 nonzeros (Min)
Model fingerprint: 0xff89f3b5
Model has 21 linear objective coefficients
Variable types: 1917 continuous, 1683 integer (1623 binary)
Coefficient statistics:
  Matrix range     [4e-02, 2e+04]
  Objective range  [4e-02, 1e+00]
  Bounds range     [4e-01, 3e+02]
  RHS range        [4e-01, 5e+04]

Loaded user MIP start with objective 0.397337

Presolve removed 1589 rows and 22 columns
Presolve time: 0.08s
Presolved: 7831 rows, 3578 columns, 49560 nonzeros
Variable types: 1705 continuous, 1873 integer (1623 binary)

Root relaxation: objective 8.710543e-02, 3158 iterations, 0.10 seconds (0.25 work units)

    Nodes    |    Current Node    |     Objective Bounds      |     Work
 Expl Unexpl |  Obj  Depth IntInf | Incumbent    BestBd   Gap | It/Node Time

     0     0    0.08711    0  252    0.39734    0.08711  78.1%     -    0s
     0     0    0.20156    0  327    0.39734    0.20156  49.3%     -    0s
     0     0    0.24570    0  290    0.39734    0.24570  38.2%     -    0s
     0     0    0.26786    0  380    0.39734    0.26786  32.6%     -    1s
     0     0    0.26985    0  368    0.39734    0.26985  32.1%     -    1s
     0     0    0.27433    0  381    0.39734    0.27433  31.0%     -    1s
     0     0    0.27447    0  380    0.39734    0.27447  30.9%     -    1s
     0     0    0.27658    0  386    0.39734    0.27658  30.4%     -    2s
     0     0    0.27733    0  395    0.39734    0.27733  30.2%     -    2s
     0     0    0.30118    0  359    0.39734    0.30118  24.2%     -    2s
     0     0    0.30129    0  364    0.39734    0.30129  24.2%     -    2s
     0     0    0.30198    0  344    0.39734    0.30198  24.0%     -    2s
H    0     0                       0.3954508    0.30204  23.6%     -    2s
H    0     0                       0.3946898    0.30204  23.5%     -    2s
     0     0    0.30204    0  354    0.39469    0.30204  23.5%     -    2s
     0     0    0.30417    0  353    0.39469    0.30417  22.9%     -    3s
H    0     0                       0.3874517    0.30420  21.5%     -    3s
     0     0    0.30426    0  358    0.38745    0.30426  21.5%     -    3s
     0     0    0.30524    0  349    0.38745    0.30524  21.2%     -    3s
     0     0    0.30533    0  348    0.38745    0.30533  21.2%     -    3s
     0     0    0.30669    0  334    0.38745    0.30669  20.8%     -    3s
     0     0    0.30675    0  336    0.38745    0.30675  20.8%     -    3s
     0     0    0.30691    0  350    0.38745    0.30691  20.8%     -    3s
     0     0    0.30693    0  353    0.38745    0.30693  20.8%     -    3s
     0     0    0.30699    0  352    0.38745    0.30699  20.8%     -    4s
     0     0    0.30703    0  352    0.38745    0.30703  20.8%     -    4s
     0     0    0.30703    0  352    0.38745    0.30703  20.8%     -    4s
     0     0    0.30703    0  349    0.38745    0.30703  20.8%     -    4s
     0     2    0.30711    0  349    0.38745    0.30711  20.7%     -    4s
H    4     4                       0.3838061    0.30747  19.9%   194    4s
H    4     4                       0.3803156    0.30747  19.2%   194    4s
H    4     4                       0.3795515    0.30747  19.0%   194    4s
    11    13    0.32147    6  274    0.37955    0.31050  18.2%   378    5s
*  341   243             131       0.3742020    0.31558  15.7%   104    9s
H  344   242                       0.3741005    0.31644  15.4%   104    9s
   374   267    0.36877   26  214    0.37410    0.31644  15.4%   108   10s
H  467   313                       0.3723824    0.31878  14.4%   112   11s
H  629   396                       0.3708379    0.31962  13.8%   110   14s
   631   397    0.35321   51  390    0.37084    0.31962  13.8%   110   15s
   641   404    0.34465   10  377    0.37084    0.31962  13.8%   108   20s
H  646   386                       0.3706546    0.31962  13.8%   108   23s
   660   397    0.35283   21  271    0.37065    0.31962  13.8%   123   25s
   823   412    0.36557   31  196    0.37065    0.31962  13.8%   120   30s
H  833   384                       0.3673037    0.31962  13.0%   119   30s
H  833   365                       0.3670406    0.31962  12.9%   119   30s
*  856   341              53       0.3644839    0.31962  12.3%   116   30s
H  888   311                       0.3627811    0.33138  8.66%   121   32s
H  888   294                       0.3619928    0.33138  8.46%   121   32s
   960   281    0.35275   39  186    0.36199    0.33469  7.54%   121   35s
H 1009   245                       0.3608708    0.33549  7.03%   120   36s
H 1009   230                       0.3608584    0.33549  7.03%   120   36s
H 1009   216                       0.3606834    0.33549  6.99%   120   36s
  1162   163    0.35348   27  320    0.36068    0.34512  4.32%   120   40s

Cutting planes:
  Learned: 12
  Gomory: 2
  Cover: 37
  Implied bound: 58
  Projected implied bound: 18
  Clique: 13
  MIR: 216
  StrongCG: 2
  Flow cover: 266
  GUB cover: 17
  Zero half: 1
  Network: 19
  RLT: 4
  Relax-and-lift: 30

Explored 1644 nodes (178497 simplex iterations) in 44.85 seconds (77.59 work units)
Thread count was 1 (of 20 available processors)

Solution count 10: 0.360683 0.360858 0.360871 ... 0.370838

Optimal solution found (tolerance 0.00e+00)
Best objective 3.606834248705e-01, best bound 3.606834248705e-01, gap 0.0000%

User-callback calls 14132, time in user-callback 0.14 sec
