
Gurobi 13.0.2 (win64) logging started Sat Jul 25 03:23:17 2026

Set parameter LogFile to value "E:\codes\ExactEBRP\results\gf_nonblocking_gurobi_c6_round31\runs\stage5__round31_sealed_high_imbalance_V50_seed802548647__c6_candidate__rep1__300s\external\native_logs\L2.0_lp.gurobi.log"
Gurobi Optimizer version 13.0.2 build v13.0.2rc1 (win64 - Windows 10.0 (19045.2))

CPU model: 12th Gen Intel(R) Core(TM) i7-12700KF, instruction set [SSE2|AVX|AVX2]
Thread count: 12 physical cores, 20 logical processors, using up to 1 threads

Non-default parameters:
TimeLimit  185.4942811
MIPGap  0
MIPGapAbs  0
LogToConsole  0
Threads  1

Optimize a model with 93037 rows, 18195 columns and 665900 nonzeros (Min)
Model fingerprint: 0x92f79620
Model has 51 linear objective coefficients
Coefficient statistics:
  Matrix range     [1e-02, 2e+04]
  Objective range  [1e-02, 1e+00]
  Bounds range     [5e-01, 3e+04]
  RHS range        [5e-01, 1e+05]

Presolve removed 12685 rows and 251 columns
Presolve time: 0.34s
Presolved: 17934 rows, 98301 columns, 463680 nonzeros

Iteration    Objective       Primal Inf.    Dual Inf.      Time
       0      handle free variables                          0s

Extra simplex iterations after uncrush: 9
    8747    8.1177910e+00   0.000000e+00   0.000000e+00      3s

Solved in 8747 iterations and 2.82 seconds (8.89 work units)
Optimal objective  8.117791020e+00

User-callback calls 8911, time in user-callback 0.00 sec
