
Gurobi 13.0.2 (win64) logging started Sat Jul 25 03:23:25 2026

Set parameter LogFile to value "E:\codes\ExactEBRP\results\gf_nonblocking_gurobi_c6_round31\runs\stage5__round31_sealed_high_imbalance_V50_seed802548647__c6_candidate__rep1__300s\external\native_logs\L2_terminal_mip.gurobi.log"
Gurobi Optimizer version 13.0.2 build v13.0.2rc1 (win64 - Windows 10.0 (19045.2))

CPU model: 12th Gen Intel(R) Core(TM) i7-12700KF, instruction set [SSE2|AVX|AVX2]
Thread count: 12 physical cores, 20 logical processors, using up to 1 threads

Non-default parameters:
TimeLimit  178.2306362
MIPGap  0
MIPGapAbs  0
LogToConsole  0
Threads  1

Optimize a model with 93037 rows, 18195 columns and 665900 nonzeros (Min)
Model fingerprint: 0xabf7b2fe
Model has 51 linear objective coefficients
Variable types: 9462 continuous, 8733 integer (8233 binary)
Coefficient statistics:
  Matrix range     [1e-02, 2e+04]
  Objective range  [1e-02, 1e+00]
  Bounds range     [5e-01, 3e+04]
  RHS range        [5e-01, 1e+05]

Presolved: 79491 rows, 18067 columns, 529902 nonzeros

Continuing optimization...

     0     0    8.42664    0  408          -    8.42664      -     -   20s
     0     0    8.42664    0  390          -    8.42664      -     -   21s
     0     0    8.43188    0  392          -    8.43188      -     -   22s
     0     0    8.47025    0  424          -    8.47025      -     -   25s
     0     0    8.47510    0  333          -    8.47510      -     -   25s
     0     0    8.49821    0  431          -    8.49821      -     -   28s
     0     0    8.50551    0  410          -    8.50551      -     -   29s
     0     0    8.51988    0  376          -    8.51988      -     -   30s
     0     0    8.52307    0  433          -    8.52307      -     -   31s
     0     0    8.53417    0  318          -    8.53417      -     -   33s
     0     0    8.53482    0  392          -    8.53482      -     -   34s
     0     0    8.53874    0  457          -    8.53874      -     -   36s
     0     0    8.53956    0  442          -    8.53956      -     -   37s
     0     0    8.54181    0  447          -    8.54181      -     -   39s
     0     0    8.54227    0  404          -    8.54227      -     -   39s
     0     0    8.54505    0  479          -    8.54505      -     -   41s
     0     0    8.54545    0  522          -    8.54545      -     -   42s
     0     0    8.54958    0  514          -    8.54958      -     -   44s
     0     0    8.55007    0  562          -    8.55007      -     -   45s
     0     0    8.55226    0  502          -    8.55226      -     -   47s
     0     0    8.55269    0  512          -    8.55269      -     -   49s
     0     0    8.55691    0  516          -    8.55691      -     -   51s
H    0     0                       8.7934709    8.55691  2.69%     -   64s
H    0     0                       8.7897786    8.55691  2.65%     -   64s
     0     0    8.55780    0  527    8.78978    8.55780  2.64%     -   66s
     0     0    8.55999    0  556    8.78978    8.55999  2.61%     -   68s
H    0     0                       8.7788421    8.55999  2.49%     -   68s
     0     0    8.56033    0  509    8.77884    8.56033  2.49%     -   69s
     0     0    8.56226    0  569    8.77884    8.56226  2.47%     -   72s
     0     0    8.56263    0  578    8.77884    8.56263  2.46%     -   73s
     0     0    8.56361    0  540    8.77884    8.56361  2.45%     -   75s
H    0     0                       8.7777293    8.56361  2.44%     -   75s
H    0     0                       8.7776666    8.56361  2.44%     -   75s
H    0     0                       8.7775357    8.56361  2.44%     -   75s
H    0     0                       8.7773943    8.56361  2.44%     -   75s
H    0     0                       8.7773752    8.56361  2.44%     -   75s
H    0     0                       8.7773230    8.56361  2.43%     -   75s
H    0     0                       8.7771425    8.56361  2.43%     -   75s
H    0     0                       8.7767989    8.56361  2.43%     -   75s
H    0     0                       8.7766218    8.56361  2.43%     -   75s
     0     0    8.56369    0  588    8.77662    8.56369  2.43%     -   77s
     0     0    8.56643    0  536    8.77662    8.56643  2.39%     -   79s
     0     0    8.56690    0  606    8.77662    8.56690  2.39%     -   80s
     0     0    8.56839    0  507    8.77662    8.56839  2.37%     -   82s
H    0     0                       8.7766087    8.56839  2.37%     -   83s
     0     0    8.56905    0  594    8.77661    8.56905  2.36%     -   84s
     0     0    8.57194    0  536    8.77661    8.57194  2.33%     -   87s
     0     0    8.57217    0  560    8.77661    8.57217  2.33%     -   88s
     0     0    8.57291    0  493    8.77661    8.57291  2.32%     -   89s
H    0     0                       8.7764727    8.57291  2.32%     -   90s
H    0     0                       8.7760972    8.57291  2.32%     -   92s
H    0     0                       8.7760395    8.57291  2.31%     -   92s
H    0     0                       8.7759789    8.57291  2.31%     -   92s
H    0     0                       8.7759184    8.57291  2.31%     -   92s
     0     0    8.57298    0  552    8.77592    8.57298  2.31%     -   93s
     0     0    8.57350    0  518    8.77592    8.57350  2.31%     -   95s
     0     0    8.57363    0  491    8.77592    8.57363  2.31%     -   95s
     0     0    8.57376    0  504    8.77592    8.57376  2.30%     -   97s
     0     0    8.57610    0  476    8.77592    8.57610  2.28%     -   99s
     0     0    8.57610    0  476    8.77592    8.57610  2.28%     -   99s
     0     0    8.57610    0  473    8.77592    8.57610  2.28%     -   99s
     0     2    8.57610    0  466    8.77592    8.57610  2.28%     -  106s
     1     3    8.57613    1  472    8.77592    8.57610  2.28%   278  106s
     3     5    8.62171    2  349    8.77592    8.57610  2.28%  1311  110s
H    8     7                       8.7752468    8.57610  2.27%  1082  116s
H    8     7                       8.7744702    8.57610  2.26%  1082  116s
H    8     7                       8.7741982    8.57610  2.26%  1082  116s
H   13    10                       8.7740621    8.57610  2.26%   906  117s
H   19    16                       8.7739533    8.57610  2.25%   663  118s
H   41    38                       8.7738097    8.57610  2.25%   337  121s
H   64    58                       8.7736886    8.57610  2.25%   297  125s
    79    73    8.69679   71  321    8.77369    8.57610  2.25%   273  131s
H   89    81                       8.7736708    8.57610  2.25%   249  132s
   112   104    8.73916  103  304    8.77367    8.57610  2.25%   213  135s
   127   108    8.75318  113  332    8.77367    8.57610  2.25%   219  140s
   138   111    8.66349    3  331    8.77367    8.62432  1.70%   247  145s
   151   118    8.72324   11  296    8.77367    8.62432  1.70%   287  150s
   168   127 infeasible   14         8.77367    8.62615  1.68%   308  155s
   194   147    8.68442   25  298    8.77367    8.64292  1.49%   313  160s
   258   199    8.67863    6  478    8.77367    8.64293  1.49%   262  165s
   276   215    8.69393   20  498    8.77367    8.64293  1.49%   272  170s
   303   232    8.66697    3  444    8.77367    8.64324  1.49%   276  175s
   337   256    8.64759    4  549    8.77367    8.64759  1.44%   271  180s
   381   281    8.67001    5  416    8.77367    8.65293  1.38%   262  186s
   395   290    8.72787   14  342    8.77367    8.65293  1.38%   273  190s

Cutting planes:
  Learned: 17
  Cover: 137
  Implied bound: 533
  Clique: 49
  MIR: 1258
  StrongCG: 21
  Flow cover: 709
  GUB cover: 8
  Zero half: 5
  Network: 52
  RLT: 10
  Relax-and-lift: 264
  BQP: 1

Explored 402 nodes (186189 simplex iterations) in 192.55 seconds (484.92 work units)
Most recent optimization runtime was 178.24 seconds (450.70 work units)
Thread count was 1 (of 20 available processors)

Solution count 10: 8.77367 8.77369 8.77381 ... 8.77598

Time limit reached
Best objective 8.773670824236e+00, best bound 8.652931349400e+00, gap 1.3762%

User-callback calls 24611, time in user-callback 0.01 sec
