
Gurobi 13.0.2 (win64) logging started Fri Jul 24 23:37:06 2026

Set parameter LogFile to value "E:\codes\ExactEBRP\results\gf_nonblocking_gurobi_c6_round31\runs\stage3__round31_sealed_moderate_V20_seed311185674__c5_candidate__300s\external\native_logs\L2.0.1.1.1.1.1_lp.gurobi.log"
Gurobi Optimizer version 13.0.2 build v13.0.2rc1 (win64 - Windows 10.0 (19045.2))

CPU model: 12th Gen Intel(R) Core(TM) i7-12700KF, instruction set [SSE2|AVX|AVX2]
Thread count: 12 physical cores, 20 logical processors, using up to 1 threads

Non-default parameters:
TimeLimit  273.2198626
MIPGap  0
MIPGapAbs  0
LogToConsole  0
Threads  1

Optimize a model with 11916 rows, 3376 columns and 67356 nonzeros (Min)
Model fingerprint: 0x4f2801ce
Model has 21 linear objective coefficients
Coefficient statistics:
  Matrix range     [1e-02, 1e+04]
  Objective range  [1e-02, 1e+00]
  Bounds range     [5e-02, 9e+01]
  RHS range        [5e-02, 5e+04]

Presolve removed 1238 rows and 113 columns
Presolve time: 0.04s
Presolved: 10678 rows, 3285 columns, 59976 nonzeros

Iteration    Objective       Primal Inf.    Dual Inf.      Time
       0    4.7670583e-02   4.008149e+02   0.000000e+00      0s
    2550    6.1423329e-02   0.000000e+00   0.000000e+00      0s

Solved in 2550 iterations and 0.15 seconds (0.44 work units)
Optimal objective  6.142332914e-02

User-callback calls 2695, time in user-callback 0.00 sec
