
Gurobi 13.0.2 (win64) logging started Fri Jul 24 23:37:02 2026

Set parameter LogFile to value "E:\codes\ExactEBRP\results\gf_nonblocking_gurobi_c6_round31\runs\stage3__round31_sealed_moderate_V20_seed311185674__c5_candidate__300s\external\native_logs\L2.1_lp.gurobi.log"
Gurobi Optimizer version 13.0.2 build v13.0.2rc1 (win64 - Windows 10.0 (19045.2))

CPU model: 12th Gen Intel(R) Core(TM) i7-12700KF, instruction set [SSE2|AVX|AVX2]
Thread count: 12 physical cores, 20 logical processors, using up to 1 threads

Non-default parameters:
TimeLimit  277.0787804
MIPGap  0
MIPGapAbs  0
LogToConsole  0
Threads  1

Optimize a model with 11916 rows, 3376 columns and 67356 nonzeros (Min)
Model fingerprint: 0x85a09f41
Model has 21 linear objective coefficients
Coefficient statistics:
  Matrix range     [1e-02, 1e+04]
  Objective range  [1e-02, 1e+00]
  Bounds range     [5e-02, 9e+01]
  RHS range        [5e-02, 5e+04]

Presolve removed 1277 rows and 113 columns
Presolve time: 0.04s
Presolved: 10639 rows, 3271 columns, 59595 nonzeros

Iteration    Objective       Primal Inf.    Dual Inf.      Time
       0    4.7970398e-02   4.185511e+02   0.000000e+00      0s
    2503    6.1525834e-02   0.000000e+00   0.000000e+00      0s

Solved in 2503 iterations and 0.14 seconds (0.44 work units)
Optimal objective  6.152583374e-02

User-callback calls 2649, time in user-callback 0.00 sec
