
Gurobi 13.0.2 (win64) logging started Fri Jul 24 23:37:03 2026

Set parameter LogFile to value "E:\codes\ExactEBRP\results\gf_nonblocking_gurobi_c6_round31\runs\stage3__round31_sealed_moderate_V20_seed311185674__c5_candidate__300s\external\native_logs\L3.1_lp.gurobi.log"
Gurobi Optimizer version 13.0.2 build v13.0.2rc1 (win64 - Windows 10.0 (19045.2))

CPU model: 12th Gen Intel(R) Core(TM) i7-12700KF, instruction set [SSE2|AVX|AVX2]
Thread count: 12 physical cores, 20 logical processors, using up to 1 threads

Non-default parameters:
TimeLimit  2.7565118640000003e+02
MIPGap  0
MIPGapAbs  0
LogToConsole  0
Threads  1

Optimize a model with 11922 rows, 3376 columns and 67392 nonzeros (Min)
Model fingerprint: 0xa2c8f4b6
Model has 21 linear objective coefficients
Coefficient statistics:
  Matrix range     [1e-02, 1e+04]
  Objective range  [1e-02, 1e+00]
  Bounds range     [7e-02, 5e+01]
  RHS range        [6e-02, 5e+04]

Presolve removed 1685 rows and 121 columns
Presolve time: 0.03s
Presolved: 10237 rows, 3259 columns, 52362 nonzeros

Iteration    Objective       Primal Inf.    Dual Inf.      Time
       0    6.7158557e-02   2.238821e+02   0.000000e+00      0s

Solved in 1693 iterations and 0.18 seconds (0.47 work units)
Infeasible model

User-callback calls 2021, time in user-callback 0.00 sec
