
Gurobi 13.0.2 (win64) logging started Sun Aug  9 19:10:17 2026

Set parameter LogFile to value "E:\codes\ExactEBRP\results\gf_simple_start_qualification_round35\runs\matrix1800__round31_sealed_moderate_V50_seed1112848618__c6_simple_start__1800s\external\native_logs\L1_terminal_mip.gurobi.log"
Gurobi Optimizer version 13.0.2 build v13.0.2rc1 (win64 - Windows 10.0 (19045.2))

CPU model: 12th Gen Intel(R) Core(TM) i7-12700KF, instruction set [SSE2|AVX|AVX2]
Thread count: 12 physical cores, 20 logical processors, using up to 1 threads

Non-default parameters:
TimeLimit  1669.0691631
MIPGap  0
MIPGapAbs  0
LogToConsole  0
Threads  1

Optimize a model with 93003 rows, 18185 columns and 665732 nonzeros (Min)
Model fingerprint: 0x589f3937
Model has 51 linear objective coefficients
Variable types: 9457 continuous, 8728 integer (8228 binary)
Coefficient statistics:
  Matrix range     [7e-03, 2e+04]
  Objective range  [7e-03, 1e+00]
  Bounds range     [2e-01, 2e+03]
  RHS range        [2e-01, 5e+04]

Presolved: 86516 rows, 18078 columns, 623403 nonzeros

Continuing optimization...

     0     0    0.52113    0  574          -    0.52113      -     -   37s
     0     0    0.52113    0  560          -    0.52113      -     -   38s
     0     0    0.52284    0  573          -    0.52284      -     -   41s
     0     0    0.52625    0  635          -    0.52625      -     -   54s
     0     0    0.52875    0  651          -    0.52875      -     -   58s
     0     0    0.53403    0  635          -    0.53403      -     -   74s
     0     0    0.53521    0  645          -    0.53521      -     -   82s
     0     0    0.53771    0  671          -    0.53771      -     -   97s
     0     0    0.53847    0  671          -    0.53847      -     -  105s
     0     0    0.54087    0  696          -    0.54087      -     -  117s
H    0     0                       0.7539230    0.54087  28.3%     -  123s
     0     0    0.54231    0  699    0.75392    0.54231  28.1%     -  135s
     0     0    0.54417    0  725    0.75392    0.54417  27.8%     -  151s
H    0     0                       0.7432446    0.54417  26.8%     -  152s
H    0     0                       0.7425024    0.54417  26.7%     -  152s
H    0     0                       0.7384476    0.54417  26.3%     -  152s
H    0     0                       0.7337987    0.54417  25.8%     -  152s
     0     0    0.54460    0  735    0.73380    0.54460  25.8%     -  161s
     0     0    0.54517    0  743    0.73380    0.54517  25.7%     -  174s
H    0     0                       0.7306346    0.54517  25.4%     -  175s
H    0     0                       0.7282112    0.54517  25.1%     -  175s
H    0     0                       0.7261303    0.54517  24.9%     -  175s
H    0     0                       0.7201954    0.54517  24.3%     -  175s
H    0     0                       0.7187849    0.54517  24.2%     -  176s
H    0     0                       0.7143872    0.54517  23.7%     -  176s
     0     0    0.54539    0  781    0.71439    0.54539  23.7%     -  189s
     0     0    0.54624    0  822    0.71439    0.54624  23.5%     -  205s
H    0     0                       0.7109404    0.54624  23.2%     -  205s
H    0     0                       0.7107524    0.54624  23.1%     -  205s
H    0     0                       0.7106766    0.54624  23.1%     -  205s
     0     0    0.54658    0  834    0.71068    0.54658  23.1%     -  221s
     0     0    0.54777    0  846    0.71068    0.54777  22.9%     -  243s
H    0     0                       0.7106482    0.54777  22.9%     -  244s
     0     0    0.54807    0  869    0.71065    0.54807  22.9%     -  253s
     0     0    0.54941    0  859    0.71065    0.54941  22.7%     -  274s
H    0     0                       0.7106386    0.54941  22.7%     -  275s
     0     0    0.54950    0  858    0.71064    0.54950  22.7%     -  291s
     0     0    0.55053    0  851    0.71064    0.55053  22.5%     -  312s
     0     0    0.55065    0  834    0.71064    0.55065  22.5%     -  328s
     0     0    0.55125    0  861    0.71064    0.55125  22.4%     -  344s
     0     0    0.55148    0  859    0.71064    0.55148  22.4%     -  362s
     0     0    0.55221    0  859    0.71064    0.55221  22.3%     -  375s
H    0     0                       0.7040093    0.55221  21.6%     -  381s
H    0     0                       0.6970493    0.55221  20.8%     -  384s
     0     0    0.55240    0  901    0.69705    0.55240  20.8%     -  408s
     0     0    0.55268    0  919    0.69705    0.55268  20.7%     -  428s
H    0     0                       0.6968039    0.55268  20.7%     -  428s
H    0     0                       0.6926396    0.55268  20.2%     -  428s
     0     0    0.55268    0  932    0.69264    0.55268  20.2%     -  430s
     0     0    0.55291    0  936    0.69264    0.55291  20.2%     -  448s
     0     0    0.55295    0  937    0.69264    0.55295  20.2%     -  464s
     0     0    0.55310    0  889    0.69264    0.55310  20.1%     -  473s
     0     0    0.55325    0  941    0.69264    0.55325  20.1%     -  490s
     0     0    0.55366    0  893    0.69264    0.55366  20.1%     -  510s
     0     0    0.55379    0  937    0.69264    0.55379  20.0%     -  525s
     0     0    0.55411    0  914    0.69264    0.55411  20.0%     -  533s
H    0     0                       0.6770618    0.55411  18.2%     -  533s
H    0     0                       0.6767848    0.55411  18.1%     -  533s
H    0     0                       0.6764704    0.55411  18.1%     -  533s
H    0     0                       0.6764332    0.55411  18.1%     -  533s
H    0     0                       0.6764284    0.55411  18.1%     -  533s
     0     0    0.55421    0  939    0.67643    0.55421  18.1%     -  547s
     0     0    0.55507    0  826    0.67643    0.55507  17.9%     -  572s
     0     0    0.55533    0  810    0.67643    0.55533  17.9%     -  601s
     0     0    0.55607    0  812    0.67643    0.55607  17.8%     -  616s
     0     0    0.55631    0  811    0.67643    0.55631  17.8%     -  619s
     0     0    0.55676    0  789    0.67643    0.55676  17.7%     -  639s
     0     0    0.55693    0  824    0.67643    0.55693  17.7%     -  654s
     0     0    0.55722    0  825    0.67643    0.55722  17.6%     -  671s
H    0     0                       0.6764061    0.55722  17.6%     -  671s
     0     0    0.55730    0  805    0.67641    0.55730  17.6%     -  684s
     0     0    0.55736    0  844    0.67641    0.55736  17.6%     -  698s
     0     0    0.55746    0  875    0.67641    0.55746  17.6%     -  741s
     0     0    0.55767    0  793    0.67641    0.55767  17.6%     -  759s
     0     0    0.55772    0  874    0.67641    0.55772  17.5%     -  767s
     0     0    0.55787    0  866    0.67641    0.55787  17.5%     -  773s
     0     0    0.55795    0  878    0.67641    0.55795  17.5%     -  776s
     0     0    0.55813    0  860    0.67641    0.55813  17.5%     -  785s
     0     0    0.55832    0  840    0.67641    0.55832  17.5%     -  798s
     0     0    0.55832    0  901    0.67641    0.55832  17.5%     -  804s
     0     0    0.55833    0  923    0.67641    0.55833  17.5%     -  818s
     0     0    0.55840    0  925    0.67641    0.55840  17.4%     -  828s
     0     0    0.55842    0  882    0.67641    0.55842  17.4%     -  829s
     0     0    0.55862    0  890    0.67641    0.55862  17.4%     -  834s
     0     0    0.55864    0  888    0.67641    0.55864  17.4%     -  836s
     0     0    0.55867    0  907    0.67641    0.55867  17.4%     -  842s
     0     0    0.55870    0  902    0.67641    0.55870  17.4%     -  849s
     0     0    0.55893    0  882    0.67641    0.55893  17.4%     -  856s
     0     0    0.55898    0  882    0.67641    0.55898  17.4%     -  863s
     0     0    0.55898    0  902    0.67641    0.55898  17.4%     -  887s
     0     0    0.55903    0  925    0.67641    0.55903  17.4%     -  899s
     0     0    0.55906    0  926    0.67641    0.55906  17.3%     -  904s
     0     0    0.55906    0  926    0.67641    0.55906  17.3%     -  907s
     0     0    0.55906    0  863    0.67641    0.55906  17.3%     -  907s
     0     2    0.55906    0  863    0.67641    0.55906  17.3%     -  957s
     1     3    0.56039    1  819    0.67641    0.55906  17.3% 22903  977s
H    2     2                       0.6716081    0.55906  16.8% 11452  990s
     2     4    0.55972    1  755    0.67161    0.55972  16.7% 16008  998s
H    4     4                       0.6706477    0.55972  16.5%  8146  998s
H    4     4                       0.6705330    0.55972  16.5%  8146  998s
H    4     4                       0.6702694    0.55972  16.5%  8146 1000s
H    8     8                       0.6693031    0.55972  16.4%  4264 1003s
H    8     8                       0.6656350    0.55972  15.9%  4264 1007s
H    8     8                       0.6643979    0.55972  15.8%  4264 1007s
H    8     8                       0.6640660    0.55972  15.7%  4264 1009s
H    8     8                       0.6639628    0.55972  15.7%  4264 1013s
H    8     8                       0.6639052    0.55972  15.7%  4264 1014s
     8    10    0.55976    7  776    0.66391    0.55972  15.7%  4349 1018s
    11    13    0.55979   10  810    0.66391    0.55972  15.7%  3376 1020s
    12    14    0.55993   11  731    0.66391    0.55972  15.7%  4501 1035s
    13    15    0.56117   12  698    0.66391    0.55972  15.7%  5017 1050s
    14    16    0.56314   12  784    0.66391    0.55972  15.7%  5424 1073s
    15    17    0.56119   13  752    0.66391    0.55972  15.7%  7867 1096s
H   16    16                       0.6638486    0.55972  15.7%  7376 1110s
    17    19    0.56146   14  762    0.66385    0.55972  15.7%  7746 1117s
    18    20    0.57156   14  684    0.66385    0.55972  15.7%  7598 1122s
    21    23    0.56176   17  755    0.66385    0.55972  15.7%  6752 1127s
    22    23    0.57597   17  641    0.66385    0.55972  15.7%  6733 1133s
H   23    22                       0.6636869    0.55972  15.7%  6441 1145s
    24    25    0.56196   19  745    0.66369    0.55972  15.7%  7015 1155s
H   25    24                       0.6636641    0.55972  15.7%  6735 1180s
H   25    24                       0.6636641    0.55972  15.7%  6735 1182s
H   25    24                       0.6636641    0.55972  15.7%  6735 1182s
    25    26    0.56202   20  760    0.66366    0.55972  15.7%  6913 1186s
H   27    26                       0.6636576    0.55972  15.7%  6467 1194s
    28    29    0.56254   23  705    0.66366    0.55972  15.7%  6790 1210s
    29    30    0.56474   24  627    0.66366    0.55972  15.7%  6760 1216s
    30    31    0.56728   24  637    0.66366    0.55972  15.7%  7055 1224s
    31    32    0.56482   25  626    0.66366    0.55972  15.7%  6856 1225s
    34    35    0.56521   28  617    0.66366    0.55972  15.7%  6455 1231s
    36    37    0.56665   30  615    0.66366    0.55972  15.7%  6244 1236s
    37    38    0.56642   30  600    0.66366    0.55972  15.7%  6208 1241s
H   38    37                       0.6636373    0.55972  15.7%  6045 1246s
H   38    37                       0.6635592    0.55972  15.6%  6045 1246s
    39    39    0.57658   31  624    0.66356    0.55972  15.6%  6156 1250s
    40    40    0.57157   32  601    0.66356    0.55972  15.6%  6140 1255s
    41    41    0.57859   32  590    0.66356    0.55972  15.6%  6690 1269s
    42    42    0.57163   33  656    0.66356    0.55972  15.6%  6676 1274s
    43    43    0.57203   34  671    0.66356    0.55972  15.6%  6656 1279s
    44    44    0.57213   35  663    0.66356    0.55972  15.6%  6610 1284s
    45    45    0.58313   35  565    0.66356    0.55972  15.6%  6697 1292s
    46    46    0.57218   36  651    0.66356    0.55972  15.6%  6696 1310s
    47    47    0.57225   37  656    0.66356    0.55972  15.6%  6712 1317s
    48    48    0.57229   38  662    0.66356    0.55972  15.6%  6676 1321s
    49    49    0.57235   39  650    0.66356    0.55972  15.6%  6719 1329s
    50    50    0.57238   40  649    0.66356    0.55972  15.6%  6714 1334s
    51    51    0.57249   41  656    0.66356    0.55972  15.6%  6643 1336s
    53    53    0.57275   43  648    0.66356    0.55972  15.6%  6478 1340s
    55    55    0.58450   44  595    0.66356    0.55972  15.6%  6419 1348s
    56    56    0.57296   45  673    0.66356    0.55972  15.6%  6698 1359s
    58    58    0.57300   47  642    0.66356    0.55972  15.6%  6485 1360s
    59    59    0.57303   48  689    0.66356    0.55972  15.6%  6454 1373s
    60    60    0.57349   49  671    0.66356    0.55972  15.6%  6455 1379s
    61    61    0.58374   49  582    0.66356    0.55972  15.6%  6414 1383s
    63    63    0.57378   51  618    0.66356    0.55972  15.6%  6310 1388s
    64    64    0.59111   51  543    0.66356    0.55972  15.6%  6334 1395s
    68    68    0.57399   55  646    0.66356    0.55972  15.6%  6045 1400s
    69    69    0.57420   56  631    0.66356    0.55972  15.6%  6077 1406s
    70    70    0.57432   57  633    0.66356    0.55972  15.6%  6037 1412s
    72    72    0.57444   59  632    0.66356    0.55972  15.6%  6000 1419s
    73    73    0.57447   60  634    0.66356    0.55972  15.6%  5931 1420s
    74    74    0.57457   61  629    0.66356    0.55972  15.6%  5963 1428s
    75    75    0.57458   62  673    0.66356    0.55972  15.6%  5912 1430s
    76    76    0.57464   63  674    0.66356    0.55972  15.6%  5952 1437s
    78    78    0.57472   65  647    0.66356    0.55972  15.6%  5858 1441s
    79    79    0.57478   66  660    0.66356    0.55972  15.6%  5865 1446s
    80    80    0.57598   66  681    0.66356    0.55972  15.6%  5866 1462s
    81    81    0.57478   67  661    0.66356    0.55972  15.6%  5838 1482s
    83    83    0.57484   69  645    0.66356    0.55972  15.6%  5741 1485s
    84    84    0.57487   70  659    0.66356    0.55972  15.6%  5744 1490s
    85    85    0.57490   71  664    0.66356    0.55972  15.6%  5795 1500s
    88    88    0.57499   74  657    0.66356    0.55972  15.6%  5695 1507s
    91    91    0.57515   77  677    0.66356    0.55972  15.6%  5600 1514s
    92    92    0.57521   78  675    0.66356    0.55972  15.6%  5626 1520s
    94    94    0.57520   80  664    0.66356    0.55972  15.6%  5563 1525s
    96    96    0.57529   82  690    0.66356    0.55972  15.6%  5510 1531s
    98    98    0.57536   84  682    0.66356    0.55972  15.6%  5437 1535s
   100   100    0.57538   86  686    0.66356    0.55972  15.6%  5377 1540s
   103   103    0.57535   89  693    0.66356    0.55972  15.6%  5287 1547s
   108   108    0.57549   94  647    0.66356    0.55972  15.6%  5090 1552s
   110   110    0.57555   96  659    0.66356    0.55972  15.6%  5088 1561s
   113   113    0.57559   99  662    0.66356    0.55972  15.6%  5032 1570s
   115   115    0.57567  101  629    0.66356    0.55972  15.6%  5007 1577s
   116   116    0.57686  101  656    0.66356    0.55972  15.6%  5170 1590s
   118   118    0.57581  103  623    0.66356    0.55972  15.6%  5161 1599s
   119   119    0.57576  104  624    0.66356    0.55972  15.6%  5165 1604s
   120   120    0.57580  105  619    0.66356    0.55972  15.6%  5130 1605s
   126   126    0.57585  111  635    0.66356    0.55972  15.6%  4933 1610s
   127   127    0.57587  112  640    0.66356    0.55972  15.6%  4939 1615s
   129   129    0.57589  114  632    0.66356    0.55972  15.6%  4921 1622s
H  131   129                       0.6618394    0.55972  15.4%  4851 1640s
   131   131    0.57591  116  653    0.66184    0.55972  15.4%  4921 1645s
   134   134    0.57591  119  649    0.66184    0.55972  15.4%  4844 1650s
   137   137    0.57600  122  650    0.66184    0.55972  15.4%  4774 1655s
   139   139    0.57623  124  664    0.66184    0.55972  15.4%  4750 1661s
   140   140    0.57626  125  648    0.66184    0.55972  15.4%  4770 1670s
   142   142    0.57638  127  666    0.66184    0.55972  15.4%  4742 1675s
   144   144    0.57643  129  685    0.66184    0.55972  15.4%  4754 1687s
   145   145    0.57649  130  680    0.66184    0.55972  15.4%  4741 1690s

Cutting planes:
  Learned: 20
  Gomory: 3
  Cover: 123
  Implied bound: 243
  Clique: 27
  MIR: 875
  StrongCG: 8
  Flow cover: 327
  GUB cover: 2
  Zero half: 5
  Network: 73
  RLT: 3
  Relax-and-lift: 175

Explored 147 nodes (1468639 simplex iterations) in 1698.82 seconds (5443.53 work units)
Most recent optimization runtime was 1669.09 seconds (5365.82 work units)
Thread count was 1 (of 20 available processors)

Solution count 10: 0.661839 0.663559 0.663637 ... 0.664066

Time limit reached
Best objective 6.618393814171e-01, best bound 5.597167608620e-01, gap 15.4301%

User-callback calls 143540, time in user-callback 0.01 sec
