
Gurobi 13.0.2 (win64) logging started Sun Aug  9 16:41:44 2026

Set parameter LogFile to value "E:\codes\ExactEBRP\results\gf_simple_start_qualification_round35\runs\matrix1800__high_imbalance_seed6202__c6_simple_start__1800s\external\native_logs\L1_lp.gurobi.log"
Gurobi Optimizer version 13.0.2 build v13.0.2rc1 (win64 - Windows 10.0 (19045.2))

CPU model: 12th Gen Intel(R) Core(TM) i7-12700KF, instruction set [SSE2|AVX|AVX2]
Thread count: 12 physical cores, 20 logical processors, using up to 1 threads

Non-default parameters:
TimeLimit  1778.6495756
MIPGap  0
MIPGapAbs  0
LogToConsole  0
Threads  1

Optimize a model with 93009 rows, 18187 columns and 665803 nonzeros (Min)
Model fingerprint: 0x2eb4eceb
Model has 51 linear objective coefficients
Coefficient statistics:
  Matrix range     [1e-02, 2e+04]
  Objective range  [1e-02, 1e+00]
  Bounds range     [2e-01, 5e+04]
  RHS range        [2e-01, 2e+05]

Presolve removed 15225 rows and 267 columns
Presolve time: 0.34s
Presolved: 17920 rows, 95721 columns, 462877 nonzeros

Iteration    Objective       Primal Inf.    Dual Inf.      Time
       0      handle free variables                          0s
   11559    1.2239653e+00   0.000000e+00   2.104940e+08      5s
   17789    3.0655629e+00   0.000000e+00   6.229152e+06     10s
   24489    8.4054935e+00   0.000000e+00   9.212925e+07     15s
Warning: very big Kappa = 1.48926e+13, try parameter NumericFocus

Solved in 25307 iterations and 15.62 seconds (46.70 work units)
Infeasible model

User-callback calls 25509, time in user-callback 0.00 sec
