
Gurobi 13.0.2 (win64) logging started Sun Aug  9 16:42:40 2026

Set parameter LogFile to value "E:\codes\ExactEBRP\results\gf_simple_start_qualification_round35\runs\matrix1800__high_imbalance_seed6202__c6_simple_start__1800s\external\native_logs\L2_terminal_mip.gurobi.log"
Gurobi Optimizer version 13.0.2 build v13.0.2rc1 (win64 - Windows 10.0 (19045.2))

CPU model: 12th Gen Intel(R) Core(TM) i7-12700KF, instruction set [SSE2|AVX|AVX2]
Thread count: 12 physical cores, 20 logical processors, using up to 1 threads

Non-default parameters:
TimeLimit  1722.6896712
MIPGap  0
MIPGapAbs  0
LogToConsole  0
Threads  1

Optimize a model with 93009 rows, 18187 columns and 665803 nonzeros (Min)
Model fingerprint: 0x3adedec8
Model has 51 linear objective coefficients
Variable types: 9458 continuous, 8729 integer (8229 binary)
Coefficient statistics:
  Matrix range     [1e-02, 2e+04]
  Objective range  [1e-02, 1e+00]
  Bounds range     [5e-01, 5e+04]
  RHS range        [5e-01, 2e+05]

Presolved: 76506 rows, 18026 columns, 525650 nonzeros

Continuing optimization...

     0     0    7.78506    0  443          -    7.78506      -     -   23s
     0     0    7.78506    0  433          -    7.78506      -     -   23s
     0     0    7.78750    0  400          -    7.78750      -     -   25s
     0     0    7.93117    0  283          -    7.93117      -     -   27s
     0     0    8.28104    0  278          -    8.28104      -     -   29s
     0     0    8.39633    0  250          -    8.39633      -     -   30s
     0     0    8.46224    0  292          -    8.46224      -     -   32s
     0     0    8.48809    0  328          -    8.48809      -     -   32s
     0     0    8.51947    0  293          -    8.51947      -     -   33s
     0     0    8.52677    0  292          -    8.52677      -     -   33s
     0     0    8.52967    0  276          -    8.52967      -     -   33s
     0     0    8.53248    0  289          -    8.53248      -     -   33s
     0     0    8.53257    0  301          -    8.53257      -     -   33s
     0     0    8.56294    0  292          -    8.56294      -     -   34s
H    0     0                      10.2157850    8.56329  16.2%     -   36s
H    0     0                      10.2154868    8.56329  16.2%     -   36s
     0     0    8.56386    0  324   10.21549    8.56386  16.2%     -   36s
     0     0    8.56448    0  308   10.21549    8.56448  16.2%     -   36s
     0     0    8.56462    0  322   10.21549    8.56462  16.2%     -   36s
     0     0    8.57411    0  311   10.21549    8.57411  16.1%     -   38s
H    0     0                       9.9503733    8.57417  13.8%     -   40s
H    0     0                       9.8266534    8.57417  12.7%     -   40s
H    0     0                       9.7396477    8.57417  12.0%     -   43s
H    0     0                       9.7360719    8.57417  11.9%     -   43s
H    0     0                       9.7355862    8.57417  11.9%     -   44s
     0     0    8.57666    0  309    9.73559    8.57666  11.9%     -   44s
     0     0    8.57679    0  321    9.73559    8.57679  11.9%     -   44s
     0     0    8.59795    0  443    9.73559    8.59795  11.7%     -   46s
     0     0    8.60282    0  372    9.73559    8.60282  11.6%     -   47s
     0     0    8.60371    0  408    9.73559    8.60371  11.6%     -   47s
     0     0    8.60375    0  416    9.73559    8.60375  11.6%     -   47s
     0     0    8.64229    0  446    9.73559    8.64229  11.2%     -   49s
     0     0    8.64477    0  370    9.73559    8.64477  11.2%     -   49s
     0     0    8.64520    0  413    9.73559    8.64520  11.2%     -   49s
     0     0    8.64535    0  423    9.73559    8.64535  11.2%     -   50s
     0     0    8.64994    0  393    9.73559    8.64994  11.2%     -   51s
     0     0    8.65075    0  414    9.73559    8.65075  11.1%     -   52s
     0     0    8.65078    0  415    9.73559    8.65078  11.1%     -   52s
     0     0    8.65725    0  489    9.73559    8.65725  11.1%     -   53s
     0     0    8.65789    0  545    9.73559    8.65789  11.1%     -   54s
     0     0    8.65822    0  444    9.73559    8.65822  11.1%     -   54s
     0     0    8.65833    0  445    9.73559    8.65833  11.1%     -   54s
     0     0    8.66057    0  436    9.73559    8.66057  11.0%     -   55s
H    0     0                       9.7352079    8.66067  11.0%     -   57s
H    0     0                       9.7349860    8.66067  11.0%     -   57s
     0     0    8.66070    0  412    9.73499    8.66070  11.0%     -   58s
     0     0    8.66200    0  445    9.73499    8.66200  11.0%     -   60s
     0     0    8.66240    0  445    9.73499    8.66240  11.0%     -   60s
     0     0    8.66241    0  446    9.73499    8.66241  11.0%     -   60s
     0     0    8.66380    0  524    9.73499    8.66380  11.0%     -   61s
     0     0    8.66574    0  390    9.73499    8.66574  11.0%     -   63s
     0     0    8.66574    0  386    9.73499    8.66574  11.0%     -   63s
     0     2    8.66638    0  383    9.73499    8.66638  11.0%     -   70s
     1     3    8.69799    1  384    9.73499    8.67083  10.9%   534   70s
     4     6    8.78447    2  303    9.73499    8.78185  9.79%   851   75s
    21    21    9.35972   13  360    9.73499    8.78185  9.79%   532   80s
    50    42    9.44604   33  306    9.73499    8.78185  9.79%   366   85s
    94    85    9.23722   69  362    9.73499    8.78185  9.79%   236   90s
   167   154    9.61110  131  355    9.73499    8.78185  9.79%   166   95s
   199   180    8.98955   23  272    9.73499    8.78200  9.79%   167  100s
   223   201    9.30609   40  220    9.73499    8.78200  9.79%   170  105s
   278   236    9.16355    4  417    9.73499    8.83526  9.24%   161  110s
   300   256    9.37077   19  299    9.73499    8.83526  9.24%   170  116s
   324   279    9.42428   38  319    9.73499    8.83526  9.24%   179  120s
   339   284     cutoff   47         9.73499    8.83526  9.24%   197  125s
   370   311     cutoff   73         9.73499    8.83526  9.24%   203  130s
   392   323    8.84017    3  353    9.73499    8.83598  9.23%   201  135s
   404   335    9.55996   12  366    9.73499    8.83598  9.23%   213  140s
   420   347    9.63538   23  444    9.73499    8.83598  9.23%   220  145s
   449   366    9.01177    4  292    9.73499    8.84017  9.19%   221  150s
   467   382    9.56515   19  369    9.73499    8.84017  9.19%   228  155s
   493   394    9.11342    7  502    9.73499    8.85131  9.08%   233  160s
   505   406    9.36831   17  391    9.73499    8.85131  9.08%   238  165s
   530   431    9.46467   38  395    9.73499    8.85131  9.08%   240  170s
   570   469    9.54692   77  373    9.73499    8.85131  9.08%   240  175s
   574   472    9.50289   60  386    9.73499    8.85131  9.08%   241  204s
   576   473    9.11345    8  338    9.73499    8.85131  9.08%   240  211s
   577   474    9.25443    8  420    9.73499    8.85131  9.08%   240  220s
   579   475    9.39503    8  451    9.73499    8.85131  9.08%   239  225s
   581   477    9.36159  117  378    9.73499    8.85131  9.08%   238  230s
   582   477    9.37093   12  402    9.73499    8.85131  9.08%   238  235s
   585   479    9.32624  113  573    9.73499    8.85131  9.08%   236  245s
   589   482    9.12491    9  335    9.73499    8.85131  9.08%   235  250s
   590   483    9.59861   30  327    9.73499    8.85131  9.08%   234  255s
   592   484    9.44604   34  376    9.73499    8.85131  9.08%   234  261s
   595   486    9.49463   59  377    9.73499    8.85131  9.08%   233  265s
   597   487    9.22959   60  378    9.73499    8.85131  9.08%   232  275s
   600   489    9.14435   10  434    9.73499    8.85131  9.08%   231  286s
   602   491    9.47137   50  476    9.73499    8.85131  9.08%   230  291s
   603   491    9.09567   26  417    9.73499    8.85131  9.08%   229  295s
   605   493    9.33953   50  484    9.73499    8.85131  9.08%   229  304s
   606   493    9.25282   56  490    9.73499    8.85131  9.08%   228  308s
   607   494    8.96779   15  453    9.73499    8.85640  9.03%   228  316s
   609   495    9.38639   24  513    9.73499    8.86186  8.97%   227  325s
   610   496    9.64198   63  507    9.73499    8.86186  8.97%   227  333s
   611   497    9.32139   10  507    9.73499    8.86187  8.97%   226  339s
H  611   471                       9.7338439    8.86187  8.96%   359  340s
   612   473    8.86429   15  418    9.73384    8.86251  8.95%   361  350s
H  613   448                       9.7329771    8.86251  8.94%   360  352s
H  613   425                       9.7329684    8.86251  8.94%   360  352s
H  613   403                       9.7318389    8.86251  8.93%   360  352s
H  613   382                       9.7313445    8.86251  8.93%   360  353s
H  614   364                       9.7307933    8.86432  8.90%   362  356s
H  614   345                       9.7307102    8.86432  8.90%   362  356s
   615   347    8.87041   16  420    9.73071    8.87041  8.84%   369  362s
H  616   328                       9.7306877    8.87041  8.84%   368  365s
H  618   312                       9.7303965    8.87041  8.84%   376  370s
   620   316    9.38928   19  388    9.73040    8.87041  8.84%   390  378s
   622   317    9.45339   20  442    9.73040    8.87041  8.84%   393  382s
   624   318    9.69706   21  489    9.73040    8.87041  8.84%   401  389s
   625   319    9.46790   21  466    9.73040    8.87041  8.84%   401  394s
   626   320    9.56342   22  417    9.73040    8.87041  8.84%   402  396s
   629   322    9.55021   23  429    9.73040    8.87041  8.84%   403  400s
   631   323    9.55336   24  459    9.73040    8.87041  8.84%   406  405s
   635   325    9.62404   27  388    9.73040    8.87041  8.84%   407  412s
   638   325     cutoff   28         9.73040    8.87041  8.84%   409  415s
   640   324    9.63198   29  365    9.73040    8.87041  8.84%   415  420s
   643   325    9.64412   31  384    9.73040    8.87041  8.84%   421  425s
   647   324    9.64446   32  386    9.73040    8.87041  8.84%   428  434s
   649   321     cutoff   33         9.73040    8.87041  8.84%   434  435s
   651   320    8.95365   17  289    9.73040    8.87047  8.84%   441  442s
   652   321    9.08734   18  341    9.73040    8.87047  8.84%   446  445s
   654   322    9.11489   19  275    9.73040    8.87047  8.84%   450  451s
   655   323    9.28030   19  394    9.73040    8.87047  8.84%   454  455s
   658   325    9.15877   21  223    9.73040    8.87047  8.84%   454  461s
   660   326    9.19539   22  329    9.73040    8.87047  8.84%   459  467s
   662   328    9.29453   23  359    9.73040    8.87047  8.84%   462  471s
   664   327    9.49017   24  395    9.73040    8.87047  8.84%   471  476s
   666   326    9.61650   25  407    9.73040    8.87047  8.84%   476  482s
   667   327    9.49178   25  390    9.73040    8.87047  8.84%   479  485s
   670   329    9.61320   27  371    9.73040    8.87047  8.84%   483  491s
   673   331    9.51317   28  389    9.73040    8.87047  8.84%   485  496s
   677   332     cutoff   30         9.73040    8.87047  8.84%   488  500s
   680   334    9.53452   32  364    9.73040    8.87047  8.84%   492  506s
   684   333    9.54813   34  407    9.73040    8.87047  8.84%   494  510s
   688   336    9.55960   36  422    9.73040    8.87047  8.84%   505  524s
   689   337    9.56932   36  415    9.73040    8.87047  8.84%   508  527s
   690   337    9.56027   37  447    9.73040    8.87047  8.84%   512  530s
   694   336    9.56794   39  373    9.73040    8.87047  8.84%   521  536s
   697   335    9.62699   40  343    9.73040    8.87047  8.84%   525  540s
   702   334 infeasible   43         9.73040    8.87047  8.84%   529  545s
   706   334    9.71733   45  296    9.73040    8.87047  8.84%   532  550s
   713   332    9.63489   49  309    9.73040    8.87047  8.84%   533  555s
   717   330    8.94989   17  422    9.73040    8.87930  8.75%   535  564s
   718   331    9.07850   18  507    9.73040    8.87930  8.75%   538  567s
   720   332    9.26632   19  289    9.73040    8.87930  8.75%   541  570s
   725   336    9.41725   21  438    9.73040    8.87930  8.75%   553  576s
   729   335    9.52154   23  403    9.73040    8.87930  8.75%   556  580s
   736   333    9.65877   29  274    9.73040    8.87930  8.75%   560  585s
   746   331    9.67038   38  260    9.73040    8.87930  8.75%   555  590s
   755   329     cutoff   44         9.73040    8.87930  8.75%   558  595s
   761   328     cutoff   48         9.73040    8.87930  8.75%   562  600s
   773   329    9.71298   55  222    9.73040    8.87930  8.75%   563  605s
   787   325    9.72382   61  193    9.73040    8.87930  8.75%   563  610s
   791   324    8.95574   17  492    9.73040    8.88262  8.71%   567  616s
   793   325    9.18206   18  382    9.73040    8.88262  8.71%   572  621s
   795   326    9.19097   19  352    9.73040    8.88262  8.71%   575  625s
   799   328    9.58874   21  309    9.73040    8.88262  8.71%   580  630s
   802   325     cutoff   22         9.73040    8.88262  8.71%   585  635s
   805   325    9.24846   17  310    9.73040    9.03771  7.12%   591  640s
   809   327    9.48156   19  345    9.73040    9.03771  7.12%   595  646s
   812   329    9.53399   21  373    9.73040    9.03771  7.12%   597  650s
   821   330    9.59332   26  320    9.73040    9.03771  7.12%   599  655s
   829   327    9.61336   32  323    9.73040    9.03771  7.12%   598  660s
   836   329    9.65329   37  347    9.73040    9.03771  7.12%   602  665s
   840   327    9.66860   39  402    9.73040    9.03771  7.12%   611  670s
   843   328    9.67259   40  376    9.73040    9.03771  7.12%   617  675s
   847   328    9.69490   43  338    9.73040    9.03771  7.12%   622  680s
   853   327    9.17858   19  267    9.73040    9.04137  7.08%   626  685s
   857   328    9.39697   21  325    9.73040    9.04137  7.08%   634  691s
   860   330    9.56282   22  371    9.73040    9.04137  7.08%   638  695s
   867   330    9.58503   26  357    9.73040    9.04137  7.08%   638  700s
   873   332    9.61022   29  344    9.73040    9.04137  7.08%   641  705s
   878   333     cutoff   32         9.73040    9.04137  7.08%   645  711s
   881   333    9.62854   34  344    9.73040    9.04137  7.08%   651  715s
   883   332    9.65683   35  383    9.73040    9.04137  7.08%   666  721s
   886   330     cutoff   36         9.73040    9.04137  7.08%   677  726s
   888   329     cutoff   37         9.73040    9.04137  7.08%   686  731s
   889   330    9.66169   38  366    9.73040    9.04137  7.08%   699  735s
   893   329     cutoff   40         9.73040    9.04137  7.08%   713  743s
   895   329    9.67024   41  361    9.73040    9.04137  7.08%   719  746s
   901   327    9.67029   46  345    9.73040    9.04137  7.08%   718  750s
   904   327    9.67127   49  372    9.73040    9.04137  7.08%   725  755s
   909   327    9.67229   52  368    9.73040    9.04137  7.08%   728  760s
   913   327    9.67362   54  319    9.73040    9.04137  7.08%   738  774s
   914   328    9.67684   54  330    9.73040    9.04137  7.08%   739  775s
   916   328    9.67362   56  316    9.73040    9.04137  7.08%   738  780s
   921   325    9.67563   59  277    9.73040    9.04137  7.08%   741  785s
   923   325    9.67563   61  263    9.73040    9.04137  7.08%   739  790s
   928   324    9.67581   64  296    9.73040    9.04137  7.08%   736  795s
   939   326    9.68806   71  243    9.73040    9.04137  7.08%   733  800s
   949   325    9.69734   77  280    9.73040    9.04137  7.08%   730  805s
   961   327     cutoff   83         9.73040    9.04137  7.08%   727  810s
   976   324    9.72561   93  182    9.73040    9.04137  7.08%   721  815s
   982   323    9.56314   20  398    9.73040    9.07850  6.70%   722  820s
   987   320     cutoff   22         9.73040    9.07850  6.70%   729  826s
   991   319    9.47298   20  363    9.73040    9.07871  6.70%   731  831s
   994   317    9.54277   21  414    9.73040    9.07871  6.70%   735  836s
   997   317    9.65935   23  445    9.73040    9.07871  6.70%   736  841s
  1000   313     cutoff   24         9.73040    9.07871  6.70%   742  846s
  1002   314    9.26751   20  426    9.73040    9.08734  6.61%   745  852s
  1004   315    9.59845   22  401    9.73040    9.08734  6.61%   748  855s
  1010   316    9.66057   28  338    9.73040    9.08734  6.61%   748  860s
  1021   317    9.69417   39  225    9.73040    9.08734  6.61%   743  865s
  1032   320    9.70931   48  204    9.73040    9.08734  6.61%   741  870s
  1046   321    9.28596   19  500    9.73040    9.08752  6.61%   739  876s
  1048   322    9.53418   20  414    9.73040    9.08752  6.61%   741  880s
  1052   320     cutoff   23         9.73040    9.08752  6.61%   744  885s
  1055   320    9.28040   20  487    9.73040    9.12469  6.22%   747  890s
  1060   321    9.39595   22  438    9.73040    9.12469  6.22%   749  896s
  1064   322     cutoff   24         9.73040    9.12469  6.22%   753  900s
  1067   320     cutoff   26         9.73040    9.12469  6.22%   759  905s
  1071   316    9.15531   21  292    9.73040    9.12489  6.22%   761  910s
  1075   315    9.52977   24  365    9.73040    9.12489  6.22%   764  915s
  1081   314    9.63119   30  318    9.73040    9.12489  6.22%   764  920s
  1089   313    9.66381   37  289    9.73040    9.12489  6.22%   763  925s
  1094   316    9.67406   42  347    9.73040    9.12489  6.22%   767  930s
  1102   316    9.68483   50  293    9.73040    9.12489  6.22%   766  935s
  1110   316    9.69270   58  290    9.73040    9.12489  6.22%   765  940s
  1117   318    9.69817   65  299    9.73040    9.12489  6.22%   768  945s
  1124   321    9.70779   72  200    9.73040    9.12489  6.22%   771  950s
  1133   324    9.70890   81  195    9.73040    9.12489  6.22%   771  955s
  1148   324    9.39057   21  428    9.73040    9.18412  5.61%   766  962s
  1151   324     cutoff   24         9.73040    9.18412  5.61%   767  965s
  1157   324    9.70958   25  363    9.73040    9.18412  5.61%   769  971s
  1161   320    9.19216   20  481    9.73040    9.19216  5.53%   772  976s
  1164   322    9.49284   23  354    9.73040    9.19252  5.53%   774  980s
  1168   322    9.60938   26  382    9.73040    9.19252  5.53%   776  985s
  1174   321    9.61451   31  338    9.73040    9.19252  5.53%   775  990s
  1182   318    9.62536   39  302    9.73040    9.19252  5.53%   772  995s
  1193   318    9.65644   50  297    9.73040    9.19252  5.53%   770 1000s
  1203   316    9.67492   60  295    9.73040    9.19252  5.53%   765 1005s
  1215   317    9.68164   70  283    9.73040    9.19252  5.53%   761 1010s
  1226   318    9.71179   77  252    9.73040    9.19252  5.53%   760 1015s
  1231   315     cutoff   23         9.73040    9.20167  5.43%   763 1021s
  1234   312    9.71033   20  411    9.73040    9.20218  5.43%   767 1026s
  1236   310     cutoff   22         9.73040    9.20218  5.43%   772 1030s
  1238   312    9.65494   21  363    9.73040    9.21026  5.35%   775 1035s
  1245   306     cutoff   22         9.73040    9.21026  5.35%   776 1040s
  1249   309    9.60519   21  368    9.73040    9.21028  5.35%   778 1045s
  1252   307    9.54286   21  349    9.73040    9.21028  5.35%   782 1050s
  1257   304    9.53889   18  328    9.73040    9.24846  4.95%   783 1055s
  1263   302     cutoff   21         9.73040    9.24846  4.95%   784 1061s
  1267   299     cutoff   24         9.73040    9.24846  4.95%   786 1065s
  1270   301    9.56468   20  416    9.73040    9.24848  4.95%   789 1071s
  1276   300    9.62978   26  315    9.73040    9.24848  4.95%   787 1075s
  1285   300    9.64752   35  383    9.73040    9.24848  4.95%   784 1080s
  1293   298    9.67258   43  365    9.73040    9.24848  4.95%   782 1085s
  1304   295    9.67563   54  353    9.73040    9.24848  4.95%   777 1090s
  1315   295    9.70584   65  297    9.73040    9.24848  4.95%   773 1095s
  1322   292     cutoff   19         9.73040    9.26751  4.76%   774 1101s
  1325   293    9.59382   21  474    9.73040    9.26751  4.76%   777 1106s
  1328   295    9.67653   24  371    9.73040    9.26751  4.76%   778 1110s
  1336   295    9.68427   32  376    9.73040    9.26751  4.76%   776 1115s
  1346   299    9.71058   42  211    9.73040    9.26751  4.76%   773 1120s
  1358   300    9.71481   50  260    9.73040    9.26751  4.76%   770 1125s
  1367   296    9.49838   21  434    9.73040    9.28030  4.63%   772 1132s
  1370   294 infeasible   22         9.73040    9.28030  4.63%   775 1136s
  1373   293    9.63675   21  459    9.73040    9.28057  4.62%   778 1142s
  1376   291     cutoff   23         9.73040    9.28057  4.62%   780 1145s
  1381   292     cutoff   25         9.73040    9.28057  4.62%   780 1150s
  1387   288    9.44019   20  473    9.73040    9.28248  4.60%   783 1156s
  1390   290    9.64478   23  424    9.73040    9.28248  4.60%   784 1161s
  1394   285 infeasible   22         9.73040    9.28248  4.60%   786 1165s
  1396   286    9.61039   20  443    9.73040    9.28666  4.56%   788 1170s
  1401   282     cutoff   22         9.73040    9.28666  4.56%   789 1176s
  1404   282     cutoff   22         9.73040    9.28666  4.56%   791 1180s
  1409   279     cutoff   20         9.73040    9.30457  4.38%   793 1185s
  1413   279    9.67442   26  279    9.73040    9.30680  4.35%   795 1190s
  1422   280    9.72491   34  211    9.73040    9.30680  4.35%   794 1195s
  1430   277    9.67560   22  476    9.73040    9.30741  4.35%   795 1201s
  1437   271     cutoff   20         9.73040    9.31097  4.31%   794 1205s
  1440   271    9.51213   20  383    9.73040    9.32629  4.15%   798 1210s
  1445   271    9.69867   25  239    9.73040    9.32629  4.15%   799 1215s
  1453   271    9.71023   33  246    9.73040    9.32629  4.15%   797 1220s
  1463   271    9.71281   40  239    9.73040    9.32629  4.15%   795 1225s
  1469   266    9.68123   22  404    9.73040    9.34520  3.96%   802 1231s
  1473   264    9.53081   23  375    9.73040    9.35703  3.84%   804 1236s
  1474   265    9.54736   24  387    9.73040    9.35703  3.84%   803 1241s
  1480   269    9.60081   30  278    9.73040    9.35703  3.84%   802 1245s
  1486   270     cutoff   36         9.73040    9.35703  3.84%   822 1267s
  1487   271    9.62575   36  340    9.73040    9.35703  3.84%   822 1273s
  1490   272    9.63427   39  352    9.73040    9.35703  3.84%   821 1275s
  1497   274    9.67648   45  309    9.73040    9.35703  3.84%   820 1280s
  1506   277    9.70052   54  346    9.73040    9.35703  3.84%   820 1285s
  1512   278    9.70443   60  276    9.73040    9.35703  3.84%   820 1290s
  1521   282    9.71903   69  222    9.73040    9.35703  3.84%   821 1295s
  1539   282    9.40674   19  390    9.73040    9.35703  3.84%   815 1300s
  1543   280     cutoff   20         9.73040    9.35703  3.84%   816 1305s
  1544   281    9.38820   19  497    9.73040    9.36811  3.72%   817 1310s
  1548   283    9.68106   23  417    9.73040    9.36811  3.72%   818 1315s
  1552   282    9.65525   21  436    9.73040    9.36812  3.72%   819 1320s
  1556   281    9.40502   21  375    9.73040    9.37140  3.69%   821 1328s
  1557   282    9.43554   22  323    9.73040    9.37140  3.69%   822 1330s
  1560   283    9.66418   24  383    9.73040    9.37140  3.69%   824 1335s
  1564   279     cutoff   22         9.73040    9.38849  3.51%   828 1340s
  1567   282    9.67179   22  447    9.73040    9.39006  3.50%   830 1346s
  1571   278     cutoff   21         9.73040    9.39006  3.50%   834 1351s
  1574   278     cutoff   22         9.73040    9.39154  3.48%   835 1355s
  1576   278    9.40360   19  384    9.73040    9.39212  3.48%   836 1360s
  1581   277     cutoff   22         9.73040    9.39212  3.48%   838 1365s
  1586   278    9.68736   22  425    9.73040    9.39212  3.48%   839 1370s
  1591   275     cutoff   21         9.73040    9.39280  3.47%   840 1375s
  1593   275    9.69963   19  424    9.73040    9.39697  3.43%   845 1381s
  1597   273     cutoff   21         9.73040    9.39697  3.43%   846 1385s
  1600   276    9.62753   24  363    9.73040    9.39734  3.42%   849 1390s
  1605   278    9.71270   28  225    9.73040    9.39734  3.42%   852 1395s
  1612   276    9.66152   20  444    9.73040    9.41717  3.22%   854 1401s
  1617   273    9.42673   20  378    9.73040    9.41797  3.21%   854 1407s
  1619   274    9.72082   22  322    9.73040    9.41797  3.21%   857 1412s
  1623   274    9.59412   22  457    9.73040    9.41797  3.21%   857 1415s
  1630   273    9.66970   22  405    9.73040    9.42677  3.12%   859 1422s
  1634   273    9.54496   21  389    9.73040    9.43739  3.01%   861 1427s
  1638   274    9.60522   24  368    9.73040    9.43739  3.01%   861 1431s
  1639   275    9.60524   25  355    9.73040    9.43739  3.01%   861 1435s
  1643   274    9.60645   26  361    9.73040    9.43739  3.01%   862 1440s
  1651   277    9.61567   33  330    9.73040    9.43739  3.01%   860 1445s
  1662   280    9.62736   43  343    9.73040    9.43739  3.01%   857 1450s
  1671   286    9.64622   51  368    9.73040    9.43739  3.01%   856 1455s
  1674   287    9.65020   53  387    9.73040    9.43739  3.01%   859 1474s
  1675   288    9.65086   54  394    9.73040    9.43739  3.01%   859 1475s
  1677   290    9.65278   56  368    9.73040    9.43739  3.01%   863 1480s
  1683   295    9.65748   62  366    9.73040    9.43739  3.01%   865 1486s
  1685   297    9.66589   64  316    9.73040    9.43739  3.01%   867 1490s
  1692   303    9.66852   71  297    9.73040    9.43739  3.01%   869 1495s
  1697   306    9.66963   76  323    9.73040    9.43739  3.01%   869 1500s
  1705   310     cutoff   84         9.73040    9.43739  3.01%   869 1505s
  1717   321    9.67227   95  302    9.73040    9.43739  3.01%   865 1510s
  1727   328    9.67842  105  218    9.73040    9.43739  3.01%   863 1515s
  1744   330    9.45354   20  380    9.73040    9.44103  2.97%   858 1520s
  1749   331    9.67877   25  340    9.73040    9.44103  2.97%   858 1525s
  1760   331    9.58369   24  317    9.73040    9.45469  2.83%   855 1530s
  1767   330    9.63531   23  401    9.73040    9.46437  2.73%   856 1536s
  1771   326     cutoff   22         9.73040    9.46437  2.73%   858 1540s
  1773   328    9.68943   22  441    9.73040    9.46521  2.73%   860 1545s
  1778   323     cutoff   20         9.73040    9.47627  2.61%   862 1551s
  1783   326    9.60484   24  315    9.73040    9.47675  2.61%   863 1555s
  1790   331    9.64223   30  274    9.73040    9.47675  2.61%   862 1560s
  1799   335    9.72528   38  309    9.73040    9.47675  2.61%   862 1565s
  1805   333    9.61892   21  440    9.73040    9.48626  2.51%   863 1571s
  1809   334     cutoff   25         9.73040    9.48626  2.51%   865 1575s
  1815   332    9.50464   21  455    9.73040    9.49194  2.45%   866 1582s
  1817   331    9.65017   22  315    9.73040    9.49194  2.45%   867 1585s
  1821   331    9.56147   21  440    9.73040    9.49511  2.42%   868 1590s
  1826   329     cutoff   24         9.73040    9.49511  2.42%   869 1595s
  1832   327    9.59160   21  380    9.73040    9.51403  2.22%   871 1601s
  1836   325     cutoff   29         9.73040    9.52154  2.15%   874 1606s
  1839   326    9.71367   25  259    9.73040    9.52458  2.12%   876 1610s
  1847   325     cutoff   29         9.73040    9.52458  2.12%   877 1615s
  1851   324    9.69500   30  311    9.73040    9.53425  2.02%   881 1622s
  1855   324    9.62798   34  360    9.73040    9.53431  2.02%   881 1625s
  1859   322    9.63251   23  376    9.73040    9.55321  1.82%   884 1630s
  1865   322    9.66670   28  407    9.73040    9.55321  1.82%   883 1635s
  1875   324     cutoff   35         9.73040    9.55321  1.82%   883 1640s
  1879   322    9.68345   24  401    9.73040    9.55851  1.77%   884 1645s
  1882   322    9.69790   22  349    9.73040    9.55948  1.76%   887 1651s
  1888   321     cutoff   26         9.73040    9.55948  1.76%   889 1656s
  1890   322    9.72234   22  288    9.73040    9.56114  1.74%   891 1660s
  1897   320    9.62453   23  456    9.73040    9.56318  1.72%   892 1665s
  1902   318     cutoff   25         9.73040    9.56318  1.72%   893 1670s
  1905   315     cutoff   22         9.73040    9.56681  1.68%   896 1675s
  1908   315    9.69709   23  379    9.73040    9.56934  1.66%   897 1680s
  1917   315    9.70623   30  334    9.73040    9.56934  1.66%   895 1685s
  1926   313    9.69032   37  315    9.73040    9.57048  1.64%   894 1690s
  1931   309     cutoff   28         9.73040    9.57801  1.57%   895 1695s
  1937   314    9.63766   31  330    9.73040    9.58045  1.54%   895 1700s
  1946   321    9.65163   39  360    9.73040    9.58045  1.54%   893 1705s
  1959   331    9.70633   51  377    9.73040    9.58045  1.54%   889 1710s
  1966   327     cutoff   27         9.73040    9.58862  1.46%   891 1715s
  1970   324    9.61215   24  360    9.73040    9.59294  1.41%   894 1720s
  1976   327    9.62417   30  262    9.73040    9.59294  1.41%   892 1725s
  1988   327    9.62809   41  296    9.73040    9.59294  1.41%   888 1730s
  1997   329    9.65645   49  348    9.73040    9.59294  1.41%   887 1736s

Cutting planes:
  Learned: 13
  Gomory: 4
  Cover: 140
  Implied bound: 298
  Projected implied bound: 105
  Clique: 25
  MIR: 726
  Mixing: 2
  StrongCG: 23
  Flow cover: 1101
  GUB cover: 12
  Zero half: 26
  Network: 53
  RLT: 15
  Relax-and-lift: 130
  BQP: 1
  PSD: 1

Explored 2000 nodes (1827921 simplex iterations) in 1737.99 seconds (4335.86 work units)
Most recent optimization runtime was 1722.71 seconds (4300.26 work units)
Thread count was 1 (of 20 available processors)

Solution count 10: 9.7304 9.73069 9.73071 ... 9.73499

Time limit reached
Best objective 9.730396463006e+00, best bound 9.592935937068e+00, gap 1.4127%

User-callback calls 162450, time in user-callback 0.02 sec
