
Gurobi 13.0.2 (win64) logging started Fri Jul 24 23:13:39 2026

Set parameter LogFile to value "E:\codes\ExactEBRP\results\gf_nonblocking_gurobi_c6_round31\runs\stage3__round31_sealed_high_imbalance_V20_seed1968399862__c5_candidate__300s\external\native_logs\L2.0.0_lp.gurobi.log"
Gurobi Optimizer version 13.0.2 build v13.0.2rc1 (win64 - Windows 10.0 (19045.2))

CPU model: 12th Gen Intel(R) Core(TM) i7-12700KF, instruction set [SSE2|AVX|AVX2]
Thread count: 12 physical cores, 20 logical processors, using up to 1 threads

Non-default parameters:
TimeLimit  278.4923283
MIPGap  0
MIPGapAbs  0
LogToConsole  0
Threads  1

Optimize a model with 11909 rows, 3376 columns and 67372 nonzeros (Min)
Model fingerprint: 0x1e5f9ae8
Model has 21 linear objective coefficients
Coefficient statistics:
  Matrix range     [1e-02, 2e+04]
  Objective range  [1e-02, 1e+00]
  Bounds range     [5e-01, 2e+03]
  RHS range        [5e-01, 5e+04]

Presolve removed 2150 rows and 103 columns
Presolve time: 0.03s
Presolved: 9759 rows, 3274 columns, 49888 nonzeros

Iteration    Objective       Primal Inf.    Dual Inf.      Time
       0    1.5408302e+00   5.678558e+02   0.000000e+00      0s
    4021    1.9158172e+00   0.000000e+00   0.000000e+00      0s

Solved in 4021 iterations and 0.31 seconds (0.83 work units)
Optimal objective  1.915817152e+00

User-callback calls 4167, time in user-callback 0.00 sec
