
Gurobi 13.0.2 (win64) logging started Fri Jul 24 23:13:40 2026

Set parameter LogFile to value "E:\codes\ExactEBRP\results\gf_nonblocking_gurobi_c6_round31\runs\stage3__round31_sealed_high_imbalance_V20_seed1968399862__c5_candidate__300s\external\native_logs\L2.0_terminal_mip.gurobi.log"
Gurobi Optimizer version 13.0.2 build v13.0.2rc1 (win64 - Windows 10.0 (19045.2))

CPU model: 12th Gen Intel(R) Core(TM) i7-12700KF, instruction set [SSE2|AVX|AVX2]
Thread count: 12 physical cores, 20 logical processors, using up to 1 threads

Non-default parameters:
TimeLimit  277.7614285
MIPGap  0
MIPGapAbs  0
LogToConsole  0
Threads  1

Optimize a model with 11909 rows, 3376 columns and 67372 nonzeros (Min)
Model fingerprint: 0xb5eb94a6
Model has 21 linear objective coefficients
Variable types: 1685 continuous, 1691 integer (1491 binary)
Coefficient statistics:
  Matrix range     [1e-02, 2e+04]
  Objective range  [1e-02, 1e+00]
  Bounds range     [5e-01, 2e+03]
  RHS range        [5e-01, 5e+04]

Presolve removed 2634 rows and 129 columns
Presolve time: 0.22s
Presolved: 9275 rows, 3247 columns, 59468 nonzeros
Variable types: 1615 continuous, 1632 integer (1447 binary)

Root relaxation: objective 1.921471e+00, 4150 iterations, 0.25 seconds (0.67 work units)

    Nodes    |    Current Node    |     Objective Bounds      |     Work
 Expl Unexpl |  Obj  Depth IntInf | Incumbent    BestBd   Gap | It/Node Time

     0     0    1.92147    0  289          -    1.92147      -     -    0s
     0     0    1.96082    0  263          -    1.96082      -     -    0s
     0     0    2.00141    0  292          -    2.00141      -     -    1s
     0     0    2.00326    0  267          -    2.00326      -     -    1s
     0     0    2.01290    0  297          -    2.01290      -     -    1s
     0     0    2.01360    0  268          -    2.01360      -     -    1s
     0     0    2.01878    0  282          -    2.01878      -     -    2s
     0     0    2.01980    0  288          -    2.01980      -     -    2s
     0     0    2.02260    0  287          -    2.02260      -     -    3s
     0     0    2.02291    0  311          -    2.02291      -     -    3s
     0     0    2.02330    0  314          -    2.02330      -     -    3s
     0     0    2.02354    0  310          -    2.02354      -     -    3s
     0     0    2.02417    0  337          -    2.02417      -     -    4s
     0     0    2.02425    0  330          -    2.02425      -     -    4s
     0     0    2.02451    0  322          -    2.02451      -     -    5s
     0     0    2.02465    0  318          -    2.02465      -     -    5s
     0     0    2.02496    0  323          -    2.02496      -     -    5s
     0     0    2.02502    0  305          -    2.02502      -     -    6s
     0     0    2.02521    0  301          -    2.02521      -     -    6s
     0     0    2.02533    0  309          -    2.02533      -     -    7s
     0     0    2.02552    0  337          -    2.02552      -     -    7s
     0     0    2.02555    0  356          -    2.02555      -     -    7s
     0     0    2.02571    0  329          -    2.02571      -     -    8s
     0     0    2.02574    0  328          -    2.02574      -     -    8s
     0     0    2.02586    0  351          -    2.02586      -     -    8s
     0     0    2.02589    0  371          -    2.02589      -     -    8s
     0     0    2.02600    0  366          -    2.02600      -     -    9s
     0     0    2.02602    0  361          -    2.02602      -     -    9s
     0     0    2.02654    0  375          -    2.02654      -     -   10s
     0     0    2.02655    0  388          -    2.02655      -     -   10s
     0     0    2.02754    0  362          -    2.02754      -     -   11s
     0     0    2.02759    0  344          -    2.02759      -     -   11s
     0     0    2.02788    0  330          -    2.02788      -     -   11s
     0     0    2.02789    0  359          -    2.02789      -     -   11s
     0     0    2.02797    0  361          -    2.02797      -     -   12s
     0     0    2.02802    0  329          -    2.02802      -     -   12s
     0     0    2.02816    0  338          -    2.02816      -     -   12s
H    0     0                       2.0874708    2.02816  2.84%     -   14s
     0     0    2.02833    0  361    2.08747    2.02833  2.83%     -   14s
     0     0    2.02846    0  330    2.08747    2.02846  2.83%     -   15s
     0     0    2.02846    0  331    2.08747    2.02846  2.83%     -   15s
     0     0    2.02851    0  320    2.08747    2.02851  2.82%     -   15s
     0     0    2.02858    0  377    2.08747    2.02858  2.82%     -   15s
     0     0    2.02879    0  366    2.08747    2.02879  2.81%     -   16s
     0     0    2.02885    0  337    2.08747    2.02885  2.81%     -   16s
     0     0    2.02944    0  348    2.08747    2.02944  2.78%     -   16s
     0     0    2.02944    0  348    2.08747    2.02944  2.78%     -   16s
     0     0    2.02944    0  346    2.08747    2.02944  2.78%     -   16s
     0     0    2.02965    0  357    2.08747    2.02965  2.77%     -   17s
     0     0    2.03002    0  355    2.08747    2.03002  2.75%     -   17s
     0     0    2.03019    0  377    2.08747    2.03019  2.74%     -   17s
     0     0    2.03036    0  367    2.08747    2.03036  2.74%     -   18s
     0     0    2.03042    0  360    2.08747    2.03042  2.73%     -   18s
     0     0    2.03084    0  386    2.08747    2.03084  2.71%     -   19s
     0     0    2.03088    0  379    2.08747    2.03088  2.71%     -   19s
     0     0    2.03125    0  331    2.08747    2.03125  2.69%     -   19s
     0     0    2.03139    0  374    2.08747    2.03139  2.69%     -   20s
     0     0    2.03147    0  372    2.08747    2.03147  2.68%     -   20s
     0     0    2.03161    0  339    2.08747    2.03161  2.68%     -   20s
     0     0    2.03193    0  297    2.08747    2.03193  2.66%     -   21s
     0     0    2.03198    0  331    2.08747    2.03198  2.66%     -   21s
     0     0    2.03234    0  327    2.08747    2.03234  2.64%     -   21s
     0     0    2.03237    0  340    2.08747    2.03237  2.64%     -   22s
     0     0    2.03241    0  342    2.08747    2.03241  2.64%     -   22s
     0     0    2.03243    0  364    2.08747    2.03243  2.64%     -   22s
     0     0    2.03247    0  338    2.08747    2.03247  2.64%     -   22s
     0     0    2.03247    0  336    2.08747    2.03247  2.64%     -   23s
     0     0    2.03247    0  327    2.08747    2.03247  2.64%     -   23s
     0     2    2.03247    0  327    2.08747    2.03247  2.64%     -   24s
H    2     2                       2.0874708    2.03247  2.64%   797   24s
     2     4    2.03247    1  325    2.08747    2.03247  2.63%  1552   26s
    77    59    2.08645   41   39    2.08747    2.04080  2.24%   328   30s
H  348   138                       2.0874708    2.06810  0.93%   253   34s
   349   141    2.07370    7  183    2.08747    2.06848  0.91%   256   35s
   939   243    2.08353    8  168    2.08747    2.07891  0.41%   174   40s
  2229   133    2.08739   42   19    2.08747    2.08686  0.03%   100   45s

Cutting planes:
  Learned: 18
  Cover: 120
  Implied bound: 350
  Clique: 18
  MIR: 433
  StrongCG: 18
  Flow cover: 206
  Zero half: 1
  Mod-K: 1
  Network: 41
  RLT: 24
  Relax-and-lift: 140
  BQP: 13
  PSD: 2

Explored 2743 nodes (325081 simplex iterations) in 46.49 seconds (88.00 work units)
Thread count was 1 (of 20 available processors)

Solution count 1: 2.08747 

Optimal solution found (tolerance 0.00e+00)
Best objective 2.087470776370e+00, best bound 2.087470776370e+00, gap 0.0000%

User-callback calls 16768, time in user-callback 0.01 sec
