
Gurobi 13.0.2 (win64) logging started Sun Aug  9 15:05:51 2026

Set parameter LogFile to value "E:\codes\ExactEBRP\results\gf_simple_start_qualification_round35\runs\matrix1800__high_imbalance_seed5203__c6_simple_start__1800s\external\native_logs\L1.1.1.1_lp.gurobi.log"
Gurobi Optimizer version 13.0.2 build v13.0.2rc1 (win64 - Windows 10.0 (19045.2))

CPU model: 12th Gen Intel(R) Core(TM) i7-12700KF, instruction set [SSE2|AVX|AVX2]
Thread count: 12 physical cores, 20 logical processors, using up to 1 threads

Non-default parameters:
TimeLimit  1689.5166897
MIPGap  0
MIPGapAbs  0
LogToConsole  0
Threads  1

Optimize a model with 11922 rows, 3380 columns and 67404 nonzeros (Min)
Model fingerprint: 0xe17b3ae5
Model has 21 linear objective coefficients
Coefficient statistics:
  Matrix range     [2e-02, 2e+04]
  Objective range  [2e-02, 1e+00]
  Bounds range     [4e-01, 4e+03]
  RHS range        [4e-01, 5e+04]

Presolve removed 1501 rows and 105 columns
Presolve time: 0.03s
Presolved: 10421 rows, 3276 columns, 55642 nonzeros

Iteration    Objective       Primal Inf.    Dual Inf.      Time
       0    8.2061670e-01   6.511709e+02   0.000000e+00      0s
    3296    2.3065022e+00   0.000000e+00   0.000000e+00      0s

Solved in 3296 iterations and 0.22 seconds (0.64 work units)
Optimal objective  2.306502150e+00

User-callback calls 3440, time in user-callback 0.00 sec
