
Gurobi 13.0.2 (win64) logging started Sun Aug  9 15:05:56 2026

Set parameter LogFile to value "E:\codes\ExactEBRP\results\gf_simple_start_qualification_round35\runs\matrix1800__high_imbalance_seed5203__c6_simple_start__1800s\external\native_logs\L1.1.1.1.1.1.0.1.0_terminal_mip.gurobi.log"
Gurobi Optimizer version 13.0.2 build v13.0.2rc1 (win64 - Windows 10.0 (19045.2))

CPU model: 12th Gen Intel(R) Core(TM) i7-12700KF, instruction set [SSE2|AVX|AVX2]
Thread count: 12 physical cores, 20 logical processors, using up to 1 threads

Non-default parameters:
TimeLimit  1684.5737231
MIPGap  0
MIPGapAbs  0
LogToConsole  0
Threads  1

Optimize a model with 11922 rows, 3380 columns and 67404 nonzeros (Min)
Model fingerprint: 0x6bfe3822
Model has 21 linear objective coefficients
Variable types: 1687 continuous, 1693 integer (1493 binary)
Coefficient statistics:
  Matrix range     [2e-02, 2e+04]
  Objective range  [2e-02, 1e+00]
  Bounds range     [5e-01, 4e+03]
  RHS range        [5e-01, 5e+04]

Presolve removed 1881 rows and 75 columns
Presolve time: 0.18s
Presolved: 10041 rows, 3305 columns, 74622 nonzeros
Variable types: 1639 continuous, 1666 integer (1484 binary)
Warning: very big Kappa = 1.15299e+14, try parameter NumericFocus

Root relaxation: infeasible, 7424 iterations, 0.38 seconds (0.98 work units)

    Nodes    |    Current Node    |     Objective Bounds      |     Work
 Expl Unexpl |  Obj  Depth IntInf | Incumbent    BestBd   Gap | It/Node Time

     0     0 infeasible    0               - infeasible      -     -    0s

Explored 1 nodes (7424 simplex iterations) in 0.60 seconds (1.38 work units)
Thread count was 1 (of 20 available processors)

Solution count 0

Model is infeasible
Best objective -, best bound -, gap -

User-callback calls 763, time in user-callback 0.00 sec
