
Gurobi 13.0.2 (win64) logging started Fri Oct  2 08:55:08 2026

Set parameter LogFile to value "E:\codes\ExactEBRP\results\unified_exact_round99\confirmation01\raw\01_N1_P-GRB\native.log"
Set parameter Threads to value 1
Set parameter Presolve to value -1
Set parameter Seed to value 0
Set parameter MIPGap to value 0
Set parameter MIPGapAbs to value 0
Set parameter TimeLimit to value 894
Read LP format model from file E:\codes\ExactEBRP\results\unified_exact_round99\confirmation01\raw\01_N1_P-GRB\compact.lp
Reading time = 0.01 seconds
obj: 3683 rows, 1587 columns, 16472 nonzeros
Set parameter TimeLimit to value 896.8841206
Gurobi Optimizer version 13.0.2 build v13.0.2rc1 (win64 - Windows 10.0 (19045.2))

CPU model: 12th Gen Intel(R) Core(TM) i7-12700KF, instruction set [SSE2|AVX|AVX2]
Thread count: 12 physical cores, 20 logical processors, using up to 1 threads

Non-default parameters:
TimeLimit  896.8841206
MIPGap  0
MIPGapAbs  0
LogToConsole  0
Threads  1

Optimize a model with 3683 rows, 1587 columns and 16472 nonzeros (Min)
Model fingerprint: 0x0f59e4f6
Model has 21 linear objective coefficients
Variable types: 409 continuous, 1178 integer (1038 binary)
Coefficient statistics:
  Matrix range     [4e-02, 2e+03]
  Objective range  [4e-02, 1e+00]
  Bounds range     [1e+00, 4e+01]
  RHS range        [1e+00, 5e+03]

Presolve removed 100 rows and 20 columns
Presolve time: 0.04s
Presolved: 3583 rows, 1567 columns, 23639 nonzeros
Variable types: 179 continuous, 1388 integer (1038 binary)
Found heuristic solution: objective 0.7283752

Root relaxation: objective 6.523624e-02, 1131 iterations, 0.03 seconds (0.07 work units)

    Nodes    |    Current Node    |     Objective Bounds      |     Work
 Expl Unexpl |  Obj  Depth IntInf | Incumbent    BestBd   Gap | It/Node Time

     0     0    0.06524    0  195    0.72838    0.06524  91.0%     -    0s
H    0     0                       0.7157103    0.06524  90.9%     -    0s
H    0     0                       0.6736538    0.06524  90.3%     -    0s
     0     0    0.15419    0  433    0.67365    0.15419  77.1%     -    0s
H    0     0                       0.6720935    0.15709  76.6%     -    0s
     0     0    0.16588    0  408    0.67209    0.16588  75.3%     -    0s
     0     0    0.17925    0  450    0.67209    0.17925  73.3%     -    0s
     0     0    0.18090    0  463    0.67209    0.18090  73.1%     -    0s
     0     0    0.18621    0  420    0.67209    0.18621  72.3%     -    0s
H    0     0                       0.6692405    0.18622  72.2%     -    0s
     0     0    0.18677    0  429    0.66924    0.18677  72.1%     -    0s
     0     0    0.18800    0  417    0.66924    0.18800  71.9%     -    0s
H    0     0                       0.6642161    0.18800  71.7%     -    0s
     0     0    0.18836    0  417    0.66422    0.18836  71.6%     -    0s
     0     0    0.18836    0  441    0.66422    0.18836  71.6%     -    0s
     0     0    0.18846    0  446    0.66422    0.18846  71.6%     -    0s
     0     0    0.18846    0  447    0.66422    0.18846  71.6%     -    0s
H    0     0                       0.6625367    0.18852  71.5%     -    0s
H    0     0                       0.6602896    0.18852  71.4%     -    0s
H    0     0                       0.6584768    0.18852  71.4%     -    0s
H    0     0                       0.6267163    0.18852  69.9%     -    0s
     0     0    0.18852    0  453    0.62672    0.18852  69.9%     -    0s
     0     0    0.18855    0  468    0.62672    0.18855  69.9%     -    0s
     0     0    0.18855    0  468    0.62672    0.18855  69.9%     -    0s
     0     0    0.18855    0  434    0.62672    0.18855  69.9%     -    0s
H    0     0                       0.6120745    0.18858  69.2%     -    0s
     0     2    0.18858    0  434    0.61207    0.18858  69.2%     -    0s
H   12    10                       0.5819688    0.18862  67.6%   120    1s
H   61    54                       0.5684862    0.18942  66.7%  52.0    1s
H   91    84                       0.5577038    0.18942  66.0%  50.9    1s
H  127   120                       0.5559059    0.18942  65.9%  45.1    1s
H  129   122                       0.5557106    0.18942  65.9%  44.8    2s
H  181   172                       0.5490974    0.18942  65.5%  41.8    2s
H  203   194                       0.5488662    0.18942  65.5%  38.1    2s
H  265   242                       0.5468203    0.19035  65.2%  40.6    2s
H  280   246                       0.5414077    0.19052  64.8%  42.1    2s
H  326   292                       0.5394185    0.19052  64.7%  46.3    3s
H  415   361                       0.5355118    0.19084  64.4%  44.0    3s
H  415   361                       0.5338467    0.19084  64.3%  44.0    3s
   555   490    0.41069   79  438    0.53385    0.19133  64.2%  42.5    5s
H  562   470                       0.5316057    0.19570  63.2%  42.0    6s
H  562   446                       0.5251598    0.19570  62.7%  42.0    6s
H  562   423                       0.5236424    0.19570  62.6%  42.0    6s
H  578   412                       0.5147873    0.19725  61.7%  40.9    8s
H  578   391                       0.5082598    0.19725  61.2%  40.9    8s
H  589   378                       0.4887695    0.19725  59.6%  55.5    9s
H  589   358                       0.4884274    0.19725  59.6%  55.5    9s
H  589   340                       0.4877433    0.19725  59.6%  55.5    9s
   601   350    0.22079   18  420    0.48774    0.19725  59.6%  58.3   10s
H  614   339                       0.4849453    0.19725  59.3%  59.3   10s
   851   450    0.35706   83  185    0.48495    0.19725  59.3%  73.3   15s
H 1074   548                       0.4780041    0.19952  58.3%  73.7   17s
H 1074   532                       0.4777194    0.19952  58.2%  73.7   17s
H 1074   517                       0.4681011    0.19952  57.4%  73.7   17s
H 1105   513                       0.4677786    0.19952  57.3%  72.3   17s
H 1105   499                       0.4644315    0.19952  57.0%  72.3   17s
H 1105   487                       0.4642463    0.19952  57.0%  72.3   17s
H 1105   474                       0.4629586    0.19952  56.9%  72.3   17s
  1370   653    0.27623   42  316    0.46296    0.20014  56.8%  75.9   20s
  2151  1294    0.22164   23  344    0.46296    0.20543  55.6%  73.7   25s
H 2712  1758                       0.4610079    0.20735  55.0%  74.0   29s
H 2712  1756                       0.4555869    0.20735  54.5%  74.0   29s
H 2716  1755                       0.4455945    0.20735  53.5%  74.1   29s
H 2754  1783                       0.4438613    0.20735  53.3%  73.9   29s
H 2754  1783                       0.4437913    0.20735  53.3%  73.9   29s
H 2754  1779                       0.4388615    0.20735  52.8%  73.9   29s
H 2809  1818                       0.4326810    0.20754  52.0%  73.6   29s
H 2809  1815                       0.4304339    0.20754  51.8%  73.6   29s
H 2809  1797                       0.4237790    0.20754  51.0%  73.6   29s
H 2829  1816                       0.4230573    0.20754  50.9%  73.6   29s
H 2829  1815                       0.4230025    0.20754  50.9%  73.6   29s
  2839  1819    0.22117   22  400    0.42300    0.20774  50.9%  73.8   30s
H 2843  1819                       0.4217958    0.20774  50.7%  73.9   30s
H 2843  1819                       0.4216985    0.20774  50.7%  73.9   30s
H 2843  1819                       0.4216921    0.20774  50.7%  73.9   30s
H 2843  1819                       0.4215418    0.20774  50.7%  73.9   30s
H 2859  1835                       0.4215178    0.20774  50.7%  74.2   30s
H 2996  1912                       0.4195743    0.20777  50.5%  74.0   31s
H 2996  1912                       0.4195168    0.20777  50.5%  74.0   31s
H 2996  1910                       0.4179478    0.20777  50.3%  74.0   31s
H 2997  1908                       0.4178344    0.20777  50.3%  74.2   31s
  3483  2279    0.27778   26  327    0.41783    0.21050  49.6%  74.7   35s
* 3712  2453              83       0.4165293    0.21064  49.4%  74.3   36s
  4264  2863    0.29883   38  350    0.41653    0.21201  49.1%  74.9   40s
  5095  3493    0.31539   34  328    0.41653    0.21391  48.6%  74.9   45s
  5827  4027    0.25570   30  401    0.41653    0.21515  48.3%  76.2   50s
* 6181  4289              72       0.4139832    0.21588  47.9%  75.8   52s
  6644  4628    0.27976   26  326    0.41398    0.21642  47.7%  75.9   55s
  7450  5211    0.32159   53  165    0.41398    0.21711  47.6%  76.1   60s
H 7820  5446                       0.4135103    0.21760  47.4%  76.0   62s
H 7820  5415                       0.4054667    0.21760  46.3%  76.0   62s
H 8028  5514                       0.4017533    0.21792  45.8%  76.0   64s
H 8028  5379                       0.3922967    0.21792  44.5%  76.0   64s
H 8028  5377                       0.3920613    0.21792  44.4%  76.0   64s
  8028  5379    0.22050   20  382    0.39206    0.21792  44.4%  76.0   65s
H 8080  5382                       0.3885947    0.21792  43.9%  76.0   66s
H 8082  5384                       0.3885918    0.21792  43.9%  76.0   66s
H 8082  5384                       0.3885751    0.21792  43.9%  76.0   66s
H 8082  5384                       0.3885653    0.21792  43.9%  76.0   66s
  8500  5680    0.29828   45  284    0.38857    0.21852  43.8%  76.2   70s
  9261  6221    0.25193   24  416    0.38857    0.21949  43.5%  75.9   75s
H 9997  6629                       0.3825975    0.22019  42.4%  75.7   79s
H 9997  6586                       0.3804059    0.22019  42.1%  75.7   79s
H 9997  6408                       0.3733661    0.22019  41.0%  75.7   79s
 10031  6430    0.23422   20  416    0.37337    0.22021  41.0%  75.7   80s
 10203  6547    0.24177   25  434    0.37337    0.22052  40.9%  76.0   89s
 10208  6550    0.24721   37  479    0.37337    0.22052  40.9%  76.0   90s
 10218  6557    0.34524   61  489    0.37337    0.22052  40.9%  75.9   95s
 10228  6564    0.33125   55  486    0.37337    0.22052  40.9%  75.8  100s
 10236  6569    0.31559   59  503    0.37337    0.22052  40.9%  75.8  105s
 10246  6576    0.26309   30  517    0.37337    0.22052  40.9%  75.7  110s
 10257  6583    0.26616   38  510    0.37337    0.22052  40.9%  75.6  115s
 10346  6626    0.24935   37  337    0.37337    0.22052  40.9%  76.9  120s
H10437  6338                       0.3732155    0.22052  40.9%  77.4  121s
 10584  6371    0.23920   40  335    0.37322    0.22052  40.9%  78.0  125s
 10795  6454    0.23950   36  353    0.37322    0.22052  40.9%  79.1  130s
 11056  6574    0.27268   57  359    0.37322    0.22052  40.9%  79.6  135s
 11355  6696    0.36130   63  265    0.37322    0.22052  40.9%  79.7  140s
 11691  6795    0.22902   35  366    0.37322    0.22052  40.9%  80.2  145s
 12060  6906    0.23878   36  336    0.37322    0.22181  40.6%  80.7  150s
 12511  7033    0.23536   33  403    0.37322    0.22421  39.9%  81.1  155s
 12980  7177    0.31372   50  325    0.37322    0.22502  39.7%  81.4  160s
 13440  7279    0.25036   41  379    0.37322    0.22675  39.2%  81.7  165s
 14096  7499    0.26144   39  347    0.37322    0.22778  39.0%  81.5  170s
 14710  7705    0.27328   39  393    0.37322    0.22875  38.7%  81.9  175s
 15330  7879    0.24548   36  421    0.37322    0.23016  38.3%  82.3  180s
 15913  8070    0.33984   63  324    0.37322    0.23125  38.0%  82.8  185s
 16333  8205    0.25852   50  377    0.37322    0.23233  37.7%  83.3  190s
 16882  8417    0.30567   45  323    0.37322    0.23340  37.5%  83.7  195s
 17391  8535    0.35545   49  274    0.37322    0.23405  37.3%  84.2  200s
 18081  8720    0.27260   40  361    0.37322    0.23491  37.1%  84.2  205s
 18849  8942    0.24367   34  400    0.37322    0.23600  36.8%  84.0  210s
 19525  9065    0.36566   44  341    0.37322    0.23696  36.5%  84.1  215s
 20280  9283    0.26764   39  424    0.37322    0.23762  36.3%  83.9  220s
 20905  9432    0.32608   35  368    0.37322    0.23825  36.2%  84.0  225s
 21443  9557    0.37008   58  324    0.37322    0.23869  36.0%  84.4  230s
 22040  9709    0.27962   40  378    0.37322    0.23956  35.8%  84.6  235s
 22618  9839    0.35305   43  329    0.37322    0.23996  35.7%  84.9  240s
 23063  9948    0.25345   37  366    0.37322    0.24039  35.6%  84.9  245s
 23713 10085    0.27866   38  365    0.37322    0.24094  35.4%  85.1  250s
 24187 10195    0.32433   65  358    0.37322    0.24148  35.3%  85.1  255s
 24856 10306    0.27886   51  323    0.37322    0.24226  35.1%  85.3  260s
 25562 10493    0.27062   50  331    0.37322    0.24282  34.9%  85.2  265s
 26197 10627    0.29957   47  238    0.37322    0.24332  34.8%  85.3  270s
 26828 10740    0.36585   64  252    0.37322    0.24402  34.6%  85.3  275s
 27640 10887    0.25629   38  400    0.37322    0.24495  34.4%  85.0  280s
 28263 11016    0.32921   56  327    0.37322    0.24536  34.3%  85.2  285s
 28894 11167    0.27969   44  355    0.37322    0.24588  34.1%  85.5  290s
 29486 11426    0.31782   65  372    0.37322    0.24624  34.0%  85.8  295s
 30111 11773    0.25951   40  392    0.37322    0.24667  33.9%  86.0  300s
 30659 12027    0.29741   43  353    0.37322    0.24727  33.7%  86.4  305s
 31236 12324    0.26477   36  377    0.37322    0.24756  33.7%  86.7  310s
 31816 12623    0.25211   30  341    0.37322    0.24796  33.6%  86.8  315s
 32354 12883    0.27510   46  387    0.37322    0.24830  33.5%  87.0  320s
 32973 13167    0.37204   39  328    0.37322    0.24870  33.4%  87.2  325s
 33687 13509    0.34529   42  327    0.37322    0.24918  33.2%  87.1  330s
 34350 13834    0.31096   42  365    0.37322    0.24958  33.1%  87.1  335s
 35021 14144    0.32847   54  330    0.37322    0.24991  33.0%  87.2  340s
 35684 14505    0.34359   49  345    0.37322    0.25037  32.9%  87.2  345s
 36401 14859    0.37309   48  388    0.37322    0.25095  32.8%  87.1  350s
 37025 15142    0.33467   40  369    0.37322    0.25138  32.6%  87.1  355s
 37749 15475    0.36384   57  318    0.37322    0.25172  32.6%  87.0  360s
 38270 15701    0.28924   43  347    0.37322    0.25202  32.5%  87.1  365s
 38942 16048    0.31076   47  298    0.37322    0.25260  32.3%  87.1  370s
 39583 16386    0.29935   65  381    0.37322    0.25309  32.2%  87.1  375s
 40171 16676    0.28157   49  363    0.37322    0.25340  32.1%  87.3  380s
 40796 16958    0.37010   50  358    0.37322    0.25382  32.0%  87.4  385s
 41568 17363    0.26412   44  390    0.37322    0.25417  31.9%  87.1  390s
 42166 17681    0.29102   39  360    0.37322    0.25436  31.8%  87.0  395s
 42849 18019    0.30059   45  392    0.37322    0.25463  31.8%  86.9  400s
 43518 18377    0.28561   41  396    0.37322    0.25506  31.7%  86.8  405s
 44192 18692    0.34320   41  321    0.37322    0.25543  31.6%  86.9  410s
 44847 19027    0.29427   43  388    0.37322    0.25578  31.5%  86.8  415s
 45490 19380    0.36763   67  277    0.37322    0.25615  31.4%  86.9  420s
 46196 19759    0.28504   47  366    0.37322    0.25647  31.3%  86.8  425s
 46862 20109    0.30355   61  334    0.37322    0.25678  31.2%  86.8  430s
 47530 20413    0.28521   37  446    0.37322    0.25711  31.1%  86.8  435s
 48036 20624    0.29130   40  388    0.37322    0.25729  31.1%  86.9  440s
 48745 20929    0.31580   51  385    0.37322    0.25765  31.0%  86.9  445s
 49375 21213     cutoff   58         0.37322    0.25780  30.9%  87.0  450s
 50007 21501     cutoff   49         0.37322    0.25806  30.9%  87.2  455s
 50603 21808    0.28666   33  360    0.37322    0.25824  30.8%  87.3  460s
 51201 22117    0.29025   48  289    0.37322    0.25852  30.7%  87.4  465s
 51833 22416    0.37240   49  319    0.37322    0.25867  30.7%  87.5  470s
 52548 22731    0.28571   31  411    0.37322    0.25893  30.6%  87.5  475s
 53075 22938    0.32492   57  308    0.37322    0.25914  30.6%  87.5  480s
 53717 23206    0.28401   34  379    0.37322    0.25940  30.5%  87.7  485s
 54340 23501    0.35006   54  322    0.37322    0.25970  30.4%  87.8  490s
 54963 23747    0.26427   46  370    0.37322    0.25997  30.3%  87.9  495s
 55562 24039    0.32602   43  338    0.37322    0.26009  30.3%  88.0  500s
 56219 24340    0.32584   48  335    0.37322    0.26032  30.2%  88.1  505s
 56852 24590    0.28387   39  363    0.37322    0.26060  30.2%  88.1  510s
 57463 24889    0.36421   48  385    0.37322    0.26080  30.1%  88.2  515s
 58071 25180     cutoff   41         0.37322    0.26099  30.1%  88.3  520s
 58645 25455    0.35095   68  328    0.37322    0.26119  30.0%  88.3  525s
 59307 25740     cutoff   54         0.37322    0.26144  29.9%  88.4  530s
 59934 26064     cutoff   45         0.37322    0.26165  29.9%  88.4  535s
 60594 26341    0.28146   40  381    0.37322    0.26186  29.8%  88.4  540s
 61301 26678    0.27432   40  335    0.37322    0.26207  29.8%  88.4  545s
 61923 26976    0.31473   42  318    0.37322    0.26234  29.7%  88.3  550s
 62594 27338    0.36354   39  331    0.37322    0.26256  29.6%  88.3  555s
 62944 27458    0.34772   54  294    0.37322    0.26265  29.6%  88.3  561s
 63350 27632    0.36369   45  348    0.37322    0.26280  29.6%  88.4  565s
 64011 27943    0.28459   37  422    0.37322    0.26311  29.5%  88.4  570s
 64640 28199    0.28233   45  393    0.37322    0.26326  29.5%  88.5  575s
 65247 28491    0.27837   51  283    0.37322    0.26345  29.4%  88.4  580s
 65936 28796    0.35909   68  286    0.37322    0.26362  29.4%  88.4  585s
 66569 29075    0.30245   42  378    0.37322    0.26384  29.3%  88.5  590s
 67161 29329    0.28308   39  352    0.37322    0.26408  29.2%  88.6  595s
 67867 29620    0.28927   42  295    0.37322    0.26422  29.2%  88.6  600s
 68521 29905    0.32515   40  364    0.37322    0.26441  29.2%  88.6  605s
 69177 30227    0.31869   47  381    0.37322    0.26457  29.1%  88.5  610s
 69796 30521    0.34434   46  353    0.37322    0.26476  29.1%  88.5  615s
 70438 30808    0.27764   32  401    0.37322    0.26502  29.0%  88.6  620s
 71079 31098    0.27410   43  356    0.37322    0.26517  28.9%  88.6  625s
 71688 31404     cutoff   73         0.37322    0.26529  28.9%  88.7  630s
 72314 31698    0.37167   65  232    0.37322    0.26551  28.9%  88.7  635s
 73036 32027    0.27582   39  375    0.37322    0.26584  28.8%  88.6  640s
 73664 32284    0.28079   40  370    0.37322    0.26602  28.7%  88.7  645s
 74298 32510     cutoff   50         0.37322    0.26620  28.7%  88.7  650s
 74984 32822    0.27776   44  349    0.37322    0.26642  28.6%  88.7  655s
 75613 33149    0.36662   52  320    0.37322    0.26653  28.6%  88.7  660s
 76210 33450    0.35609   67  241    0.37322    0.26675  28.5%  88.8  665s
 76805 33693    0.30329   41  358    0.37322    0.26691  28.5%  88.9  670s
 77447 33970    0.29988   50  369    0.37322    0.26706  28.4%  88.9  675s
 78135 34289    0.28549   42  379    0.37322    0.26724  28.4%  88.9  680s
 78762 34535    0.30356   43  351    0.37322    0.26734  28.4%  88.9  685s
 79442 34819    0.36414   58  317    0.37322    0.26749  28.3%  88.9  690s
 80128 35078    0.37028   54  263    0.37322    0.26767  28.3%  88.9  695s
 80818 35366     cutoff   46         0.37322    0.26780  28.2%  88.9  700s
 81479 35699    0.31426   49  324    0.37322    0.26793  28.2%  88.8  705s
 82140 36010    0.29189   45  408    0.37322    0.26809  28.2%  88.8  710s
 82767 36368    0.30460   49  331    0.37322    0.26825  28.1%  88.8  715s
 83413 36620    0.30543   47  276    0.37322    0.26844  28.1%  88.9  720s
 84161 36902    0.29569   50  340    0.37322    0.26870  28.0%  88.8  725s
 84828 37162    0.28560   43  346    0.37322    0.26888  28.0%  88.8  730s
 85430 37414    0.28934   43  404    0.37322    0.26903  27.9%  88.8  735s
 86103 37717    0.27267   40  396    0.37322    0.26919  27.9%  88.8  740s
 86780 38001    0.32288   47  401    0.37322    0.26936  27.8%  88.9  745s
 87482 38292    0.31156   43  351    0.37322    0.26955  27.8%  88.9  750s
 88134 38600    0.27293   44  393    0.37322    0.26972  27.7%  88.9  755s
 88774 38887    0.28718   42  333    0.37322    0.26991  27.7%  88.9  760s
 89502 39183    0.32355   40  369    0.37322    0.27006  27.6%  88.9  765s
 90141 39449    0.32761   41  406    0.37322    0.27019  27.6%  88.9  770s
 90803 39734    0.33183   44  305    0.37322    0.27028  27.6%  88.9  775s
 91345 39915    0.29880   43  359    0.37322    0.27039  27.6%  89.0  780s
 92013 40218    0.33644   51  351    0.37322    0.27048  27.5%  89.0  785s
 92670 40490    0.36384   36  257    0.37322    0.27059  27.5%  89.0  790s
 93273 40760    0.35413   51  399    0.37322    0.27071  27.5%  89.1  795s
 93896 41021    0.31503   48  381    0.37322    0.27086  27.4%  89.1  800s
 94551 41302    0.33103   43  333    0.37322    0.27101  27.4%  89.2  805s
 95172 41603    0.29233   45  379    0.37322    0.27113  27.4%  89.2  810s
 95819 41923    0.28872   46  375    0.37322    0.27127  27.3%  89.2  815s
 96423 42182    0.28639   35  385    0.37322    0.27140  27.3%  89.3  820s
 97062 42480    0.29004   43  422    0.37322    0.27158  27.2%  89.3  825s
 97731 42742    0.30459   47  406    0.37322    0.27171  27.2%  89.3  830s
 98366 43057    0.28978   47  391    0.37322    0.27177  27.2%  89.3  835s
 99000 43305    0.36108   47  355    0.37322    0.27190  27.1%  89.3  840s
 99578 43530    0.34236   52  339    0.37322    0.27208  27.1%  89.4  845s
 100243 43787    0.32021   46  419    0.37322    0.27222  27.1%  89.4  850s
 100819 44053    0.37126   48  320    0.37322    0.27236  27.0%  89.5  855s
 101581 44381    0.29715   43  394    0.37322    0.27254  27.0%  89.4  860s
 102180 44626    0.31062   51  387    0.37322    0.27272  26.9%  89.5  865s
 102847 44926    0.34603   53  303    0.37322    0.27287  26.9%  89.5  870s
 103506 45169    0.35834   60  342    0.37322    0.27297  26.9%  89.4  875s
 104054 45353    0.28551   39  377    0.37322    0.27313  26.8%  89.6  880s
 104631 45589    0.36330   52  296    0.37322    0.27327  26.8%  89.6  885s
 105283 45895    0.31149   58  388    0.37322    0.27336  26.8%  89.6  890s
 105948 46169    0.28835   43  436    0.37322    0.27352  26.7%  89.6  895s

Cutting planes:
  Learned: 89
  Gomory: 4
  Cover: 233
  Implied bound: 272
  Projected implied bound: 85
  Clique: 38
  MIR: 749
  Mixing: 1
  StrongCG: 81
  Flow cover: 1252
  GUB cover: 4
  Inf proof: 59
  Zero half: 71
  RLT: 26
  Relax-and-lift: 55
  BQP: 33

Explored 106208 nodes (9523924 simplex iterations) in 896.89 seconds (1610.43 work units)
Thread count was 1 (of 20 available processors)

Solution count 10: 0.373216 0.373366 0.380406 ... 0.401753

Time limit reached
Best objective 3.732155304625e-01, best bound 2.735767905098e-01, gap 26.6974%

User-callback calls 412964, time in user-callback 3.35 sec
