
Gurobi 13.0.2 (win64) logging started Sat Jul 25 03:26:38 2026

Set parameter LogFile to value "E:\codes\ExactEBRP\results\gf_nonblocking_gurobi_c6_round31\runs\stage5__V12_M2__c6_candidate__rep2__300s\external\native_logs\L2.1_terminal_mip.gurobi.log"
Gurobi Optimizer version 13.0.2 build v13.0.2rc1 (win64 - Windows 10.0 (19045.2))

CPU model: 12th Gen Intel(R) Core(TM) i7-12700KF, instruction set [SSE2|AVX|AVX2]
Thread count: 12 physical cores, 20 logical processors, using up to 1 threads

Non-default parameters:
TimeLimit  279.595581
MIPGap  0
MIPGapAbs  0
LogToConsole  0
Threads  1

Optimize a model with 11351 rows, 1034 columns and 113600 nonzeros (Min)
Model fingerprint: 0xe2641f98
Model has 13 linear objective coefficients
Variable types: 516 continuous, 518 integer (434 binary)
Coefficient statistics:
  Matrix range     [5e-05, 1e+05]
  Objective range  [5e-05, 1e+00]
  Bounds range     [4e-01, 3e+02]
  RHS range        [2e-01, 1e+06]

Presolved: 10164 rows, 1004 columns, 134190 nonzeros

Continuing optimization...

     0     0    0.66035    0  136          -    0.66035      -     -    0s
     0     0    0.66750    0  154          -    0.66750      -     -    1s
     0     0    0.66775    0  185          -    0.66775      -     -    1s
     0     0    0.66896    0  149          -    0.66896      -     -    1s
     0     0    0.66909    0  171          -    0.66909      -     -    1s
     0     0    0.67051    0  156          -    0.67051      -     -    2s
     0     0    0.67106    0  156          -    0.67106      -     -    2s
     0     0    0.67209    0  166          -    0.67209      -     -    2s
     0     0    0.67261    0  165          -    0.67261      -     -    2s
     0     0    0.67299    0  160          -    0.67299      -     -    3s
     0     0    0.67320    0  170          -    0.67320      -     -    3s
     0     0    0.67365    0  188          -    0.67365      -     -    3s
     0     0    0.67368    0  169          -    0.67368      -     -    3s
     0     0    0.67391    0  175          -    0.67391      -     -    4s
     0     0    0.67404    0  178          -    0.67404      -     -    4s
     0     0    0.67443    0  189          -    0.67443      -     -    4s
     0     0    0.67454    0  182          -    0.67454      -     -    4s
     0     0    0.67461    0  173          -    0.67461      -     -    5s
     0     0    0.67467    0  181          -    0.67467      -     -    5s
     0     0    0.67468    0  190          -    0.67468      -     -    5s
     0     0    0.67468    0  191          -    0.67468      -     -    5s
     0     0    0.67475    0  191          -    0.67475      -     -    6s
     0     0    0.67478    0  195          -    0.67478      -     -    6s
     0     0    0.67479    0  190          -    0.67479      -     -    6s
     0     0    0.67479    0  191          -    0.67479      -     -    6s
     0     0    0.67479    0  196          -    0.67479      -     -    7s
     0     0    0.67479    0  196          -    0.67479      -     -    7s
     0     0    0.67480    0  188          -    0.67480      -     -    7s
     0     0    0.67480    0  198          -    0.67480      -     -    7s
     0     0    0.67480    0  195          -    0.67480      -     -    7s
     0     0    0.67480    0  194          -    0.67480      -     -    7s
     0     0    0.67480    0  190          -    0.67480      -     -    7s
     0     2    0.67480    0  190          -    0.67480      -     -    9s
     1     3    0.67482    1  178          -    0.67482      -  28.0    9s
    12    14    0.69548    9  134          -    0.67490      -   292   10s
   203   157    0.69700    6  166          -    0.68434      -   129   15s
   292   206    0.70575   13   95          -    0.68614      -   135   20s
   617   331    0.71822   18  104          -    0.69235      -   121   25s
   781   395    0.71008   48  126          -    0.69506      -   112   30s
   789   401    0.70190   10  185          -    0.69506      -   110   36s
   793   403    0.70203   17  194          -    0.69506      -   110   40s
   797   406    0.70562   74  181          -    0.69506      -   109   45s
   812   414    0.69902   20  115          -    0.69506      -   131   50s
   852   410    0.70431   16  141          -    0.69506      -   133   55s
   876   411    0.69506   15  143          -    0.69506      -   136   61s
   907   411    0.69952   17  133          -    0.69506      -   141   65s
   954   412    0.70268   29   99          -    0.69506      -   144   70s
  1059   412    0.71164   30  101          -    0.69644      -   147   75s
  1152   414    0.70852   30   68          -    0.69927      -   151   80s
  1346   395 infeasible   23               -    0.70217      -   143   85s
  1532   346 infeasible   22               -    0.70656      -   142   90s
H 1578   299                       0.7185041    0.70804  1.46%   141   91s
  1935     7 infeasible   21         0.71850    0.71836  0.02%   132   95s

Cutting planes:
  Learned: 12
  Cover: 27
  Implied bound: 36
  Projected implied bound: 1
  Clique: 8
  MIR: 66
  StrongCG: 5
  Flow cover: 111
  GUB cover: 8
  Zero half: 1
  Network: 5
  RLT: 2
  Relax-and-lift: 13
  BQP: 1

Explored 1937 nodes (265321 simplex iterations) in 95.01 seconds (183.76 work units)
Most recent optimization runtime was 94.51 seconds (182.72 work units)
Thread count was 1 (of 20 available processors)

Solution count 1: 0.718504 

Optimal solution found (tolerance 0.00e+00)
Best objective 7.185040707550e-01, best bound 7.185040707550e-01, gap 0.0000%

User-callback calls 35724, time in user-callback 0.00 sec
