
Gurobi 13.0.2 (win64) logging started Mon Aug 24 17:29:22 2026

Set parameter LogFile to value "E:\codes\ExactEBRP\results\gf_k1_amf_formulation_rescue_round48\runs\stage3_300s__round39_small_medium_V12_M3_Q30_slot08_seed1343324363__K1-AMF\external\native_logs\L0.1_lp.gurobi.log"
Gurobi Optimizer version 13.0.2 build v13.0.2rc1 (win64 - Windows 10.0 (19045.2))

CPU model: 12th Gen Intel(R) Core(TM) i7-12700KF, instruction set [SSE2|AVX|AVX2]
Thread count: 12 physical cores, 20 logical processors, using up to 1 threads

Non-default parameters:
TimeLimit  276.9446096
MIPGap  0
MIPGapAbs  0
LogToConsole  0
Threads  1

Optimize a model with 16434 rows, 1406 columns and 167714 nonzeros (Min)
Model fingerprint: 0xa2881c3a
Model has 13 linear objective coefficients
Coefficient statistics:
  Matrix range     [2e-02, 1e+05]
  Objective range  [2e-02, 1e+00]
  Bounds range     [2e-02, 5e+01]
  RHS range        [2e-02, 1e+06]

Presolve removed 295 rows and 62 columns
Presolve time: 0.07s
Presolved: 1342 rows, 17426 columns, 168141 nonzeros

Iteration    Objective       Primal Inf.    Dual Inf.      Time
       0      handle free variables                          0s
     831    3.7649504e-02   0.000000e+00   0.000000e+00      0s

Solved in 831 iterations and 0.12 seconds (0.37 work units)
Optimal objective  3.764950371e-02

User-callback calls 982, time in user-callback 0.00 sec
