
Gurobi 13.0.2 (win64) logging started Mon Aug 24 17:29:23 2026

Set parameter LogFile to value "E:\codes\ExactEBRP\results\gf_k1_amf_formulation_rescue_round48\runs\stage3_300s__round39_small_medium_V12_M3_Q30_slot08_seed1343324363__K1-AMF\external\native_logs\L0_c6_1_child_disjunction_target_mip.gurobi.log"
Gurobi Optimizer version 13.0.2 build v13.0.2rc1 (win64 - Windows 10.0 (19045.2))

CPU model: 12th Gen Intel(R) Core(TM) i7-12700KF, instruction set [SSE2|AVX|AVX2]
Thread count: 12 physical cores, 20 logical processors, using up to 1 threads

Non-default parameters:
TimeLimit  276.704796
MIPGap  0
MIPGapAbs  0
LogToConsole  0
Threads  1

Optimize a model with 16430 rows, 1406 columns and 167542 nonzeros (Min)
Model fingerprint: 0x4380e65f
Model has 13 linear objective coefficients
Variable types: 678 continuous, 728 integer (608 binary)
Coefficient statistics:
  Matrix range     [2e-02, 1e+05]
  Objective range  [2e-02, 1e+00]
  Bounds range     [5e-02, 7e+01]
  RHS range        [5e-02, 1e+06]

Presolve removed 1438 rows and 74 columns
Presolve time: 0.67s
Presolved: 14992 rows, 1332 columns, 188409 nonzeros
Variable types: 571 continuous, 761 integer (583 binary)
Root relaxation presolved: 14950 rows, 1304 columns, 188325 nonzeros


Root relaxation: objective 3.178028e-02, 998 iterations, 0.16 seconds (0.44 work units)

    Nodes    |    Current Node    |     Objective Bounds      |     Work
 Expl Unexpl |  Obj  Depth IntInf | Incumbent    BestBd   Gap | It/Node Time

     0     0    0.03178    0  137          -    0.03178      -     -    0s

Explored 1 nodes (998 simplex iterations) in 0.89 seconds (1.79 work units)
Thread count was 1 (of 20 available processors)

Solution count 0

Solve interrupted
Best objective -, best bound 3.178027606636e-02, gap -

User-callback calls 987, time in user-callback 0.00 sec
