
Gurobi 13.0.2 (win64) logging started Mon Aug 24 17:29:23 2026

Set parameter LogFile to value "E:\codes\ExactEBRP\results\gf_k1_amf_formulation_rescue_round48\runs\stage3_300s__round39_small_medium_V12_M3_Q30_slot08_seed1343324363__K1-AMF\external\native_logs\L0_terminal_mip.gurobi.log"
Gurobi Optimizer version 13.0.2 build v13.0.2rc1 (win64 - Windows 10.0 (19045.2))

CPU model: 12th Gen Intel(R) Core(TM) i7-12700KF, instruction set [SSE2|AVX|AVX2]
Thread count: 12 physical cores, 20 logical processors, using up to 1 threads

Non-default parameters:
TimeLimit  275.7306577
MIPGap  0
MIPGapAbs  0
LogToConsole  0
Threads  1

Optimize a model with 16430 rows, 1406 columns and 167542 nonzeros (Min)
Model fingerprint: 0x4380e65f
Model has 13 linear objective coefficients
Variable types: 678 continuous, 728 integer (608 binary)
Coefficient statistics:
  Matrix range     [2e-02, 1e+05]
  Objective range  [2e-02, 1e+00]
  Bounds range     [5e-02, 7e+01]
  RHS range        [5e-02, 1e+06]

Presolved: 14992 rows, 1332 columns, 188409 nonzeros

Continuing optimization...

     0     0    0.03178    0  137          -    0.03178      -     -    1s
     0     0    0.03178    0  135          -    0.03178      -     -    1s
     0     0    0.03217    0  218          -    0.03217      -     -    1s
     0     0    0.03218    0  185          -    0.03218      -     -    1s
     0     0    0.03232    0  223          -    0.03232      -     -    2s
     0     0    0.03243    0  198          -    0.03243      -     -    2s
     0     0    0.03266    0  191          -    0.03266      -     -    2s
     0     0    0.03272    0  214          -    0.03272      -     -    2s
     0     0    0.03272    0  207          -    0.03272      -     -    2s
     0     0    0.03284    0  207          -    0.03284      -     -    3s
     0     0    0.03285    0  237          -    0.03285      -     -    3s
     0     0    0.03287    0  245          -    0.03287      -     -    4s
     0     0    0.03287    0  234          -    0.03287      -     -    4s
     0     0    0.03290    0  219          -    0.03290      -     -    4s
     0     0    0.03291    0  222          -    0.03291      -     -    4s
     0     0    0.03292    0  236          -    0.03292      -     -    4s
     0     0    0.03293    0  221          -    0.03293      -     -    5s
     0     0    0.03296    0  220          -    0.03296      -     -    5s
     0     0    0.03296    0  221          -    0.03296      -     -    5s
     0     0    0.03296    0  211          -    0.03296      -     -    5s
     0     0    0.03296    0  218          -    0.03296      -     -    6s
     0     0    0.03296    0  213          -    0.03296      -     -    6s
     0     0    0.03297    0  223          -    0.03297      -     -    6s
     0     0    0.03297    0  223          -    0.03297      -     -    6s
     0     0    0.03297    0  221          -    0.03297      -     -    6s
     0     0    0.03297    0  223          -    0.03297      -     -    6s
     0     0    0.03297    0  246          -    0.03297      -     -    7s
     0     0    0.03297    0  222          -    0.03297      -     -    7s
     0     0    0.03298    0  243          -    0.03298      -     -    8s
     0     0    0.03298    0  242          -    0.03298      -     -    8s
     0     0    0.03299    0  225          -    0.03299      -     -    8s
     0     0    0.03300    0  239          -    0.03300      -     -    8s
     0     0    0.03302    0  243          -    0.03302      -     -    9s
     0     0    0.03307    0  218          -    0.03307      -     -    9s
     0     0    0.03307    0  221          -    0.03307      -     -    9s
     0     0    0.03307    0  219          -    0.03307      -     -   10s
     0     0    0.03307    0  207          -    0.03307      -     -   10s
     0     0    0.03307    0  249          -    0.03307      -     -   10s
     0     0    0.03307    0  225          -    0.03307      -     -   10s
     0     0    0.03307    0  221          -    0.03307      -     -   11s
     0     0    0.03307    0  212          -    0.03307      -     -   11s
     0     0    0.03307    0  227          -    0.03307      -     -   11s
     0     0    0.03307    0  225          -    0.03307      -     -   12s
     0     0    0.03307    0  225          -    0.03307      -     -   12s
     0     0    0.03307    0  224          -    0.03307      -     -   12s
     0     0    0.03307    0  220          -    0.03307      -     -   12s
     0     2    0.03307    0  220          -    0.03307      -     -   14s
     1     3    0.03307    1  216          -    0.03307      -  99.0   14s
     7     9    0.03423    6  174          -    0.03308      -  90.7   15s
   249   167    0.04341    7  156          -    0.03481      -   105   20s
H  308   204                       0.0494687    0.03482  29.6%   104   23s
   482   315    0.03917   10  134    0.04947    0.03565  27.9%   113   25s
   663   422    0.04940   22  132    0.04947    0.03716  24.9%   111   30s
   678   434    0.03719   16  148    0.04947    0.03716  24.9%   131   35s
   781   469    0.03716   17  152    0.04947    0.03716  24.9%   131   40s
   885   499    0.03926   23  140    0.04947    0.03716  24.9%   133   45s
   991   522    0.04201   30   45    0.04947    0.03716  24.9%   135   50s
  1114   536    0.03837   20  141    0.04947    0.03725  24.7%   130   55s
  1253   579    0.04220   37   57    0.04947    0.03773  23.7%   129   60s
* 1402   506              41       0.0472927    0.03775  20.2%   124   63s
H 1415   476                       0.0470340    0.03776  19.7%   123   63s
H 1431   422                       0.0453086    0.03779  16.6%   123   63s
  1515   417    0.04480   29  106    0.04531    0.03798  16.2%   119   65s
  1701   416 infeasible   38         0.04531    0.03818  15.7%   117   70s
  1850   413    0.03911   27  138    0.04531    0.03852  15.0%   117   75s
  1975   432    0.03912   31  123    0.04531    0.03858  14.9%   116   81s
  2114   444     cutoff   33         0.04531    0.03889  14.2%   115   85s
  2350   495    0.04107   30   75    0.04531    0.03924  13.4%   115   90s
  2605   523 infeasible   33         0.04531    0.03958  12.7%   113   95s
  2782   560    0.04033   30  102    0.04531    0.03970  12.4%   114  100s
  2949   563    0.04372   28   35    0.04531    0.03987  12.0%   115  105s
  3126   579    0.03994   25  131    0.04531    0.03994  11.8%   114  110s
  3283   592    0.04006   26  120    0.04531    0.03999  11.7%   115  115s
  3436   605 infeasible   40         0.04531    0.04008  11.5%   115  120s
  3633   621    0.04421   35   94    0.04531    0.04021  11.3%   115  125s
  3773   634    0.04147   34   91    0.04531    0.04034  11.0%   115  130s
  3981   638    0.04071   31   97    0.04531    0.04045  10.7%   116  135s
  4131   624    0.04206   30   51    0.04531    0.04060  10.4%   117  140s
  4246   650     cutoff   34         0.04531    0.04067  10.2%   118  145s
  4436   651    0.04084   34  102    0.04531    0.04084  9.87%   118  150s
  4595   644 infeasible   28         0.04531    0.04096  9.59%   119  155s
  4741   639     cutoff   29         0.04531    0.04098  9.56%   121  160s
  4866   630    0.04106   34  104    0.04531    0.04106  9.39%   122  165s
  5014   636    0.04145   32  122    0.04531    0.04108  9.34%   123  170s
  5170   616 infeasible   31         0.04531    0.04115  9.19%   124  175s
H 5239   602                       0.0452824    0.04117  9.07%   125  177s
H 5239   602                       0.0452721    0.04117  9.05%   125  177s
H 5239   592                       0.0450542    0.04117  8.61%   125  177s
  5327   593    0.04390   34  105    0.04505    0.04121  8.53%   126  180s
H 5468   584                       0.0450016    0.04131  8.21%   127  185s
  5611   589     cutoff   33         0.04500    0.04142  7.97%   127  190s
  5769   593    0.04163   29  103    0.04500    0.04144  7.91%   127  195s
  5885   607    0.04447   35   72    0.04500    0.04148  7.82%   127  200s
  6005   610    0.04212   32  106    0.04500    0.04157  7.63%   128  205s
  6153   606    0.04206   32  138    0.04500    0.04163  7.50%   129  210s
  6356   605    0.04418   29  120    0.04500    0.04174  7.25%   129  216s
  6482   597    0.04201   33  131    0.04500    0.04178  7.15%   129  220s
  6676   587    0.04184   32  125    0.04500    0.04184  7.02%   129  225s
  6832   594    0.04223   35   89    0.04500    0.04189  6.92%   129  230s
  6992   593    0.04192   34  100    0.04500    0.04192  6.85%   130  235s
  7120   576    0.04255   32  111    0.04500    0.04194  6.81%   131  240s
  7303   571    0.04199   32  127    0.04500    0.04199  6.69%   131  245s
  7445   561    0.04206   33   71    0.04500    0.04206  6.53%   133  250s
  7583   537 infeasible   35         0.04500    0.04215  6.33%   133  255s
  7745   527    0.04220   32  110    0.04500    0.04220  6.24%   134  260s
  7872   525    0.04259   31   51    0.04500    0.04221  6.20%   135  265s
  8003   531    0.04293   36   67    0.04500    0.04223  6.15%   136  270s
  8094   528    0.04226   32  132    0.04500    0.04225  6.12%   137  275s

Cutting planes:
  Gomory: 2
  Lift-and-project: 6
  Cover: 1
  Implied bound: 21
  MIR: 43
  StrongCG: 2
  Zero half: 2
  Relax-and-lift: 6
  BQP: 2

Explored 8115 nodes (1146156 simplex iterations) in 276.63 seconds (607.10 work units)
Most recent optimization runtime was 275.73 seconds (605.31 work units)
Thread count was 1 (of 20 available processors)

Solution count 8: 0.0450016 0.0450542 0.0452721 ... 0.0494687

Time limit reached
Best objective 4.500155005563e-02, best bound 4.224579640184e-02, gap 6.1237%

User-callback calls 103955, time in user-callback 0.03 sec
