
Gurobi 13.0.2 (win64) logging started Sat Aug  8 14:47:08 2026

Set parameter LogFile to value "E:\codes\ExactEBRP\results\gf_c6_documentation_hga_round34\runs\v10__round33_v10_tight_T_M1_Q20_seed1215342007__c6_hga_full__3600s\external\native_logs\L1.1.1.0_terminal_mip.gurobi.log"
Gurobi Optimizer version 13.0.2 build v13.0.2rc1 (win64 - Windows 10.0 (19045.2))

CPU model: 12th Gen Intel(R) Core(TM) i7-12700KF, instruction set [SSE2|AVX|AVX2]
Thread count: 12 physical cores, 20 logical processors, using up to 1 threads

Non-default parameters:
TimeLimit  3583.1183884
MIPGap  0
MIPGapAbs  0
LogToConsole  0
Threads  1

Optimize a model with 2552 rows, 483 columns and 17051 nonzeros (Min)
Model fingerprint: 0xa7db9978
Model has 11 linear objective coefficients
Variable types: 256 continuous, 227 integer (187 binary)
Coefficient statistics:
  Matrix range     [8e-03, 1e+05]
  Objective range  [8e-03, 1e+00]
  Bounds range     [4e-01, 9e+01]
  RHS range        [4e-01, 1e+06]

Presolve removed 2432 rows and 419 columns
Presolve time: 0.01s
Presolved: 120 rows, 64 columns, 486 nonzeros
Variable types: 44 continuous, 20 integer (13 binary)
Found heuristic solution: objective 0.9281962

Root relaxation: objective 9.281913e-01, 79 iterations, 0.00 seconds (0.00 work units)

    Nodes    |    Current Node    |     Objective Bounds      |     Work
 Expl Unexpl |  Obj  Depth IntInf | Incumbent    BestBd   Gap | It/Node Time

     0     0 infeasible    0         0.92820    0.92820  0.00%     -    0s

Explored 1 nodes (79 simplex iterations) in 0.01 seconds (0.01 work units)
Thread count was 1 (of 20 available processors)

Solution count 1: 0.928196 

Optimal solution found (tolerance 0.00e+00)
Best objective 9.281961668454e-01, best bound 9.281961668454e-01, gap 0.0000%

User-callback calls 957, time in user-callback 0.00 sec
