
Gurobi 13.0.2 (win64) logging started Fri Jul 24 19:44:39 2026

Set parameter LogFile to value "E:\codes\ExactEBRP\results\gf_nonblocking_gurobi_c6_round31\runs\stage1__moderate_seed3302__c6_candidate__300s\external\native_logs\L0_terminal_mip.gurobi.log"
Gurobi Optimizer version 13.0.2 build v13.0.2rc1 (win64 - Windows 10.0 (19045.2))

CPU model: 12th Gen Intel(R) Core(TM) i7-12700KF, instruction set [SSE2|AVX|AVX2]
Thread count: 12 physical cores, 20 logical processors, using up to 1 threads

Non-default parameters:
TimeLimit  264.7482062
MIPGap  0
MIPGapAbs  0
LogToConsole  0
Threads  1

Optimize a model with 11903 rows, 3374 columns and 67088 nonzeros (Min)
Model fingerprint: 0xb07a224c
Model has 21 linear objective coefficients
Variable types: 1684 continuous, 1690 integer (1490 binary)
Coefficient statistics:
  Matrix range     [7e-03, 1e+04]
  Objective range  [7e-03, 1e+00]
  Bounds range     [5e-02, 3e+02]
  RHS range        [5e-02, 5e+04]

Presolved: 10785 rows, 3311 columns, 70601 nonzeros

Continuing optimization...

     0     0    0.14826    0  357          -    0.14826      -     -    5s
     0     0    0.14826    0  352          -    0.14826      -     -    5s
     0     0    0.14915    0  355          -    0.14915      -     -    5s
     0     0    0.15158    0  364          -    0.15158      -     -    6s
     0     0    0.15224    0  378          -    0.15224      -     -    7s
     0     0    0.15394    0  340          -    0.15394      -     -    8s
     0     0    0.15429    0  352          -    0.15429      -     -    8s
     0     0    0.15471    0  362          -    0.15471      -     -    9s
     0     0    0.15474    0  353          -    0.15474      -     -    9s
     0     0    0.15477    0  350          -    0.15477      -     -   10s
     0     0    0.15478    0  370          -    0.15478      -     -   10s
     0     0    0.15485    0  382          -    0.15485      -     -   11s
     0     0    0.15487    0  384          -    0.15487      -     -   12s
     0     0    0.15507    0  329          -    0.15507      -     -   13s
     0     0    0.15507    0  337          -    0.15507      -     -   13s
     0     0    0.15536    0  325          -    0.15536      -     -   14s
     0     0    0.15540    0  354          -    0.15540      -     -   14s
     0     0    0.15553    0  368          -    0.15553      -     -   15s
     0     0    0.15554    0  334          -    0.15554      -     -   15s
     0     0    0.15557    0  317          -    0.15557      -     -   16s
     0     0    0.15559    0  281          -    0.15559      -     -   16s
     0     0    0.15561    0  292          -    0.15561      -     -   17s
     0     0    0.15561    0  354          -    0.15561      -     -   17s
     0     0    0.15563    0  325          -    0.15563      -     -   18s
     0     0    0.15563    0  322          -    0.15563      -     -   18s
     0     0    0.15563    0  316          -    0.15563      -     -   18s
     0     2    0.15563    0  310          -    0.15563      -     -   19s
     1     3    0.15563    1  325          -    0.15563      -  1541   20s
    17    19    0.15566   15  311          -    0.15563      -   779   49s
    22    24    0.15571   20  344          -    0.15563      -   797   50s
    54    56    0.15609   52  296          -    0.15563      -   446   56s
    63    65    0.15637   61  315          -    0.15563      -   412   60s
   104   106    0.15810  100  275          -    0.15563      -   317   70s
   360   344    0.16121   13  242          -    0.15563      -   202   75s
   533   498    0.15672    9  316          -    0.15563      -   214   80s
   536   500    0.16909   18  372          -    0.15563      -   213   85s
   539   502    0.17185  166  378          -    0.15615      -   212   91s
   542   504    0.18268  220  346          -    0.15780      -   210   96s
   544   505    0.17294  188  411          -    0.15839      -   210  100s
   547   507    0.18604  302  365          -    0.15966      -   209  105s
   550   509    0.17259  112  386          -    0.16059      -   207  111s
   552   511    0.17206  192  436          -    0.16070      -   207  115s
   554   512    0.17897  215  428          -    0.16089      -   206  120s
   557   514    0.18821  314  424          -    0.16108      -   205  125s
   559   515    0.17240  185  407          -    0.16127      -   204  130s
   562   517    0.17240   54  413          -    0.16141      -   203  135s
   567   521    0.17207   76  431          -    0.16200      -   201  140s
   573   525    0.16209   14  413          -    0.16209      -   199  145s
   582   531    0.17172   43  416          -    0.16214      -   196  150s
   591   538    0.18806  311  306          -    0.16214      -   413  155s
   593   540    0.17207   76  378          -    0.16214      -   411  160s
   596   542    0.17961  240  396          -    0.16214      -   409  166s
   598   543    0.17058  152  375          -    0.16269      -   408  170s
   601   545    0.17223   72  415          -    0.16319      -   406  175s
   604   547    0.16354   11  435          -    0.16354      -   404  181s
   606   548    0.18853  326  429          -    0.16367      -   402  185s
   609   550    0.18541  300  423          -    0.16375      -   400  191s
   611   552    0.17246  100  457          -    0.16384      -   399  196s
   613   553    0.17235   99  430          -    0.16384      -   398  200s
   615   554    0.18306  284  440          -    0.16391      -   396  205s
   621   558    0.17099   51  428          -    0.16394      -   393  210s
   627   562    0.18666  304  436          -    0.16394      -   389  215s
   637   570    0.16396   16  316          -    0.16396      -   564  220s
   640   572    0.17135   92  362          -    0.16396      -   561  225s
   643   574    0.17343   46  386          -    0.16396      -   559  230s
   646   576    0.16396   13  436          -    0.16396      -   556  237s
   648   577    0.17897  215  403          -    0.16441      -   554  241s
   650   579    0.17259  112  428          -    0.16467      -   553  245s
   653   581    0.17148  111  415          -    0.16475      -   550  250s
   657   583    0.18821  314  419          -    0.16479      -   547  256s
   660   585    0.16490   39  417          -    0.16490      -   544  261s
   662   587    0.17240   54  429          -    0.16496      -   543  265s

Cutting planes:
  Learned: 14
  Cover: 21
  Implied bound: 75
  Projected implied bound: 22
  Clique: 13
  MIR: 114
  Mixing: 1
  StrongCG: 3
  Flow cover: 197
  GUB cover: 2
  Zero half: 1
  Network: 17
  RLT: 8
  Relax-and-lift: 16
  BQP: 7

Explored 666 nodes (495224 simplex iterations) in 268.89 seconds (442.10 work units)
Most recent optimization runtime was 264.76 seconds (433.53 work units)
Thread count was 1 (of 20 available processors)

Solution count 0

Time limit reached
Best objective -, best bound 1.649758055860e-01, gap -

User-callback calls 77251, time in user-callback 0.00 sec
