
Gurobi 13.0.2 (win64) logging started Wed Sep 30 12:52:33 2026

Set parameter LogFile to value "E:\codes\ExactEBRP\results\unified_exact_round97\development02\raw\11_F2_FEEDBACK\external\native_logs\L0.1_lp.gurobi.log"
Gurobi Optimizer version 13.0.2 build v13.0.2rc1 (win64 - Windows 10.0 (19045.2))

CPU model: 12th Gen Intel(R) Core(TM) i7-12700KF, instruction set [SSE2|AVX|AVX2]
Thread count: 12 physical cores, 20 logical processors, using up to 1 threads

Non-default parameters:
TimeLimit  895.1195207
MIPGap  0
MIPGapAbs  0
LogToConsole  0
Threads  1

Optimize a model with 9269 rows, 3488 columns and 53546 nonzeros (Min)
Model fingerprint: 0xc4217215
Model has 21 linear objective coefficients
Coefficient statistics:
  Matrix range     [4e-02, 2e+04]
  Objective range  [4e-02, 1e+00]
  Bounds range     [4e-01, 4e+02]
  RHS range        [9e-01, 5e+04]

Presolve removed 1090 rows and 62 columns
Presolve time: 0.04s
Presolved: 8179 rows, 3427 columns, 40757 nonzeros

Iteration    Objective       Primal Inf.    Dual Inf.      Time
       0    4.4267415e-01   2.107605e+02   0.000000e+00      0s

Extra simplex iterations after uncrush: 2
    1967    8.4839249e-01   0.000000e+00   0.000000e+00      0s

Solved in 1967 iterations and 0.12 seconds (0.29 work units)
Optimal objective  8.483924928e-01

User-callback calls 2114, time in user-callback 0.00 sec
