
Gurobi 13.0.2 (win64) logging started Wed Sep 30 12:52:33 2026

Set parameter LogFile to value "E:\codes\ExactEBRP\results\unified_exact_round97\development02\raw\11_F2_FEEDBACK\external\native_logs\L0_terminal_mip.gurobi.log"
Set parameter TimeLimit to value 8.9454304959999990e+02
Gurobi Optimizer version 13.0.2 build v13.0.2rc1 (win64 - Windows 10.0 (19045.2))

CPU model: 12th Gen Intel(R) Core(TM) i7-12700KF, instruction set [SSE2|AVX|AVX2]
Thread count: 12 physical cores, 20 logical processors, using up to 1 threads

Non-default parameters:
TimeLimit  8.9454304959999990e+02
MIPGap  0
MIPGapAbs  0
LogToConsole  0
Threads  1

Optimize a model with 9269 rows, 3488 columns and 52879 nonzeros (Min)
Model fingerprint: 0x212805e9
Model has 21 linear objective coefficients
Variable types: 1781 continuous, 1707 integer (1567 binary)
Coefficient statistics:
  Matrix range     [4e-02, 2e+04]
  Objective range  [4e-02, 1e+00]
  Bounds range     [9e-01, 4e+02]
  RHS range        [9e-01, 5e+04]

Loaded user MIP start with objective 0.885348
MIP start from previous solve did not produce a new incumbent solution

Presolve removed 1654 rows and 22 columns
Presolve time: 0.16s
Presolved: 7615 rows, 3466 columns, 56116 nonzeros
Variable types: 1569 continuous, 1897 integer (1567 binary)

Root relaxation: objective 5.642000e-01, 2930 iterations, 0.10 seconds (0.24 work units)

    Nodes    |    Current Node    |     Objective Bounds      |     Work
 Expl Unexpl |  Obj  Depth IntInf | Incumbent    BestBd   Gap | It/Node Time

     0     0    0.56420    0  325    0.88535    0.56420  36.3%     -    0s
     0     0    0.60718    0  328    0.88535    0.60718  31.4%     -    0s
     0     0    0.70809    0  393    0.88535    0.70809  20.0%     -    0s
     0     0    0.71473    0  411    0.88535    0.71473  19.3%     -    0s
     0     0    0.76269    0  428    0.88535    0.76269  13.9%     -    1s
     0     0    0.76272    0  404    0.88535    0.76272  13.9%     -    1s
     0     0    0.76595    0  444    0.88535    0.76595  13.5%     -    1s
     0     0    0.76621    0  441    0.88535    0.76621  13.5%     -    1s
     0     0    0.76748    0  419    0.88535    0.76748  13.3%     -    2s
     0     0    0.76775    0  426    0.88535    0.76775  13.3%     -    2s
     0     0    0.76805    0  429    0.88535    0.76805  13.2%     -    2s
     0     0    0.76828    0  443    0.88535    0.76828  13.2%     -    2s
     0     0    0.76836    0  437    0.88535    0.76836  13.2%     -    2s
     0     0    0.76839    0  433    0.88535    0.76839  13.2%     -    2s
     0     0    0.76859    0  421    0.88535    0.76859  13.2%     -    3s
     0     0    0.76859    0  420    0.88535    0.76859  13.2%     -    3s
     0     0    0.76859    0  420    0.88535    0.76859  13.2%     -    3s
     0     2    0.76859    0  420    0.88535    0.76859  13.2%     -    3s
    22    24    0.78010   18  382    0.88535    0.77301  12.7%   407    5s
   246   229    0.79985    7  355    0.88535    0.77413  12.6%   161   10s
   541   495    0.87793  113  355    0.88535    0.77551  12.4%   123   16s
   548   500    0.82133   69  447    0.88535    0.77551  12.4%   121   20s
   558   507    0.77608    5  445    0.88535    0.77551  12.4%   119   25s
   566   514    0.77818   14  381    0.88535    0.77554  12.4%   161   30s
H  616   509                       0.8818725    0.77554  12.1%   168   34s
H  616   484                       0.8804799    0.77554  11.9%   168   34s
H  616   486                       0.8800735    0.77554  11.9%   168   34s
   622   487    0.83207   44  316    0.88007    0.77554  11.9%   167   35s
   771   490    0.77554   15  441    0.88007    0.77554  11.9%   164   40s
   867   521    0.86256   27  289    0.88007    0.77554  11.9%   177   45s
H  920   485                       0.8714713    0.77554  11.0%   169   45s
H  920   485                       0.8699781    0.77554  10.9%   169   45s
  1010   494    0.79876   18  397    0.86998    0.78064  10.3%   178   50s
  1217   541    0.85273   25  290    0.86998    0.78568  9.69%   175   55s
H 1269   524                       0.8667829    0.78656  9.26%   180   58s
H 1269   525                       0.8659435    0.78656  9.17%   180   58s
  1318   542    0.82202   23  352    0.86594    0.78748  9.06%   181   60s
  1543   578     cutoff   39         0.86594    0.79014  8.75%   173   65s
  1683   596    0.82428   24  339    0.86594    0.79488  8.21%   177   70s
  1881   657    0.81573   19  298    0.86594    0.79716  7.94%   175   75s
  2069   736    0.83648   25  328    0.86594    0.79791  7.86%   175   80s
  2264   797    0.83139   21  359    0.86594    0.80060  7.55%   177   85s
  2453   867    0.86091   26  303    0.86594    0.80199  7.39%   178   90s
  2625   927    0.81342   21  350    0.86594    0.80311  7.26%   179   95s
  2813   987    0.85255   28  294    0.86594    0.80451  7.09%   179  100s
  2969  1049    0.83812   25  357    0.86594    0.80512  7.02%   179  105s
  3204  1133    0.84619   23  333    0.86594    0.80576  6.95%   178  110s
  3367  1203    0.84146   29  357    0.86594    0.80729  6.77%   179  115s
  3581  1269    0.86332   35  237    0.86594    0.80863  6.62%   179  120s
  3831  1347    0.85991   37   84    0.86594    0.81012  6.45%   178  125s
  4025  1407     cutoff   23         0.86594    0.81091  6.36%   179  130s
  4266  1468    0.85879   28  307    0.86594    0.81176  6.26%   178  135s
  4471  1526    0.85529   19  354    0.86594    0.81319  6.09%   178  140s
  4715  1581    0.86340   24  348    0.86594    0.81364  6.04%   176  145s
  4924  1658    0.84506   32  264    0.86594    0.81446  5.94%   175  151s
  5081  1708    0.82877   27  354    0.86594    0.81467  5.92%   175  155s
  5293  1751     cutoff   28         0.86594    0.81537  5.84%   175  160s
  5409  1789    0.83364   18  301    0.86594    0.81578  5.79%   175  167s
  5551  1816    0.86565   20  390    0.86594    0.81592  5.78%   174  170s
  5782  1874    0.86519   27  204    0.86594    0.81664  5.69%   174  175s
  6090  1937    0.86027   26  332    0.86594    0.81735  5.61%   173  180s
  6357  2002     cutoff   26         0.86594    0.81815  5.52%   172  185s
  6626  2057    0.84517   27  267    0.86594    0.81903  5.42%   171  190s
  6890  2128    0.85520   37  278    0.86594    0.81981  5.33%   170  197s
  7023  2161    0.84425   28  331    0.86594    0.82007  5.30%   170  200s
  7247  2189     cutoff   29         0.86594    0.82090  5.20%   170  205s
  7465  2255    0.84936   34  212    0.86594    0.82137  5.15%   169  210s
  7721  2301    0.83523   19  311    0.86594    0.82210  5.06%   169  215s
  7979  2354     cutoff   36         0.86594    0.82257  5.01%   169  220s
  8276  2411    0.84832   22  349    0.86594    0.82336  4.92%   168  225s
  8524  2432    0.84657   25  355    0.86594    0.82423  4.82%   169  230s
  8849  2483    0.86495   32  242    0.86594    0.82490  4.74%   168  235s
  9107  2507    0.85905   26  350    0.86594    0.82552  4.67%   168  240s
  9351  2549 infeasible   22         0.86594    0.82619  4.59%   168  245s
  9527  2562    0.84157   23  369    0.86594    0.82643  4.56%   168  250s
  9799  2586 infeasible   27         0.86594    0.82701  4.50%   168  255s
 10095  2636     cutoff   23         0.86594    0.82759  4.43%   167  260s
 10202  2656     cutoff   32         0.86594    0.82770  4.42%   167  282s
 10352  2686    0.85120   27  279    0.86594    0.82801  4.38%   167  285s
 10670  2714     cutoff   27         0.86594    0.82879  4.29%   166  290s
 11026  2744    0.86245   31  332    0.86594    0.82953  4.21%   166  295s
 11319  2758    0.84801   26  248    0.86594    0.83023  4.12%   166  300s
 11685  2820    0.84337   22  285    0.86594    0.83082  4.06%   165  305s
 11805  2829    0.84862   31  235    0.86594    0.83117  4.02%   165  311s
 11977  2828    0.85078   30  287    0.86594    0.83153  3.97%   165  315s
 12285  2857    0.85492   27  239    0.86594    0.83214  3.90%   165  320s
 12587  2873    0.85326   33  264    0.86594    0.83277  3.83%   165  325s
 12888  2890    0.83987   21  333    0.86594    0.83334  3.76%   164  330s
 13179  2893    0.86097   33  254    0.86594    0.83381  3.71%   164  335s
 13463  2875    0.85049   25  321    0.86594    0.83438  3.65%   164  340s
 13629  2881    0.84909   29  313    0.86594    0.83468  3.61%   164  345s
 13884  2884    0.86506   32  245    0.86594    0.83514  3.56%   164  350s
 14217  2892    0.86132   28  295    0.86594    0.83576  3.49%   163  355s
 14541  2860 infeasible   27         0.86594    0.83635  3.42%   163  360s
 14894  2882    0.84728   35  271    0.86594    0.83685  3.36%   162  365s
 15174  2846    0.85965   25  271    0.86594    0.83751  3.28%   163  370s
 15504  2869    0.86397   41  158    0.86594    0.83799  3.23%   162  375s
 15783  2849 infeasible   27         0.86594    0.83849  3.17%   162  380s
 16127  2846    0.86074   35  286    0.86594    0.83904  3.11%   161  385s
 16497  2857     cutoff   26         0.86594    0.83941  3.06%   161  390s
 16857  2859 infeasible   31         0.86594    0.83984  3.01%   160  395s
 17199  2834    0.86429   24  397    0.86594    0.84037  2.95%   159  400s
 17565  2837    0.86262   27  342    0.86594    0.84096  2.88%   159  405s
 17936  2807    0.86416   35  271    0.86594    0.84159  2.81%   158  410s
 18289  2749     cutoff   28         0.86594    0.84216  2.75%   158  415s
 18667  2715     cutoff   35         0.86594    0.84278  2.68%   157  420s
 18950  2654     cutoff   26         0.86594    0.84346  2.60%   158  425s
 19276  2599    0.85504   27  310    0.86594    0.84404  2.53%   158  430s
 19607  2547    0.85429   19  313    0.86594    0.84456  2.47%   158  435s
 19928  2515    0.86340   28  247    0.86594    0.84524  2.39%   158  440s
 20245  2449     cutoff   23         0.86594    0.84582  2.32%   158  445s
 20564  2388    0.85158   30  296    0.86594    0.84635  2.26%   157  450s
 20897  2328    0.85261   35  166    0.86594    0.84691  2.20%   157  455s
 21181  2289    0.86340   26  327    0.86594    0.84735  2.15%   157  460s
 21538  2209     cutoff   26         0.86594    0.84801  2.07%   157  465s
 21635  2187    0.86483   30  326    0.86594    0.84816  2.05%   157  475s
 22001  2098    0.86037   22  256    0.86594    0.84894  1.96%   156  480s
 22450  2043     cutoff   30         0.86594    0.84954  1.89%   155  485s
 22791  1962    0.85692   31  212    0.86594    0.85002  1.84%   155  490s
 23125  1859     cutoff   32         0.86594    0.85060  1.77%   155  495s
 23518  1779    0.85261   32  302    0.86594    0.85124  1.70%   155  500s
 23830  1672    0.86203   26  344    0.86594    0.85192  1.62%   155  506s
 24111  1594 infeasible   25         0.86594    0.85246  1.56%   154  510s
 24520  1441     cutoff   33         0.86594    0.85338  1.45%   154  515s
 25000  1290    0.86532   30  312    0.86594    0.85419  1.36%   153  520s
 25410  1136 infeasible   29         0.86594    0.85500  1.26%   152  525s
 25953   932     cutoff   28         0.86594    0.85618  1.13%   150  530s
 26495   682     cutoff   31         0.86594    0.85773  0.95%   149  535s
 27113   421     cutoff   27         0.86594    0.85961  0.73%   147  540s

Cutting planes:
  Learned: 43
  Gomory: 4
  Cover: 107
  Implied bound: 150
  Projected implied bound: 68
  Clique: 28
  MIR: 300
  StrongCG: 21
  Flow cover: 601
  GUB cover: 31
  Inf proof: 8
  Zero half: 7
  Mod-K: 1
  Network: 27
  RLT: 12
  Relax-and-lift: 74
  BQP: 4

Explored 27715 nodes (4042453 simplex iterations) in 544.55 seconds (1050.17 work units)
Thread count was 1 (of 20 available processors)

Solution count 8: 0.865944 0.866783 0.869978 ... 0.885348

Optimal solution found (tolerance 0.00e+00)
Best objective 8.659435203230e-01, best bound 8.659435203230e-01, gap 0.0000%

User-callback calls 153999, time in user-callback 3.95 sec
