
Gurobi 13.0.2 (win64) logging started Sat Jul 25 09:20:05 2026

Set parameter LogFile to value "E:\codes\ExactEBRP\results\gf_nonblocking_gurobi_c6_round31\runs\stage6__moderate_seed6301__c6_candidate__1200s\external\native_logs\L1_terminal_mip.gurobi.log"
Gurobi Optimizer version 13.0.2 build v13.0.2rc1 (win64 - Windows 10.0 (19045.2))

CPU model: 12th Gen Intel(R) Core(TM) i7-12700KF, instruction set [SSE2|AVX|AVX2]
Thread count: 12 physical cores, 20 logical processors, using up to 1 threads

Non-default parameters:
TimeLimit  1060.9141344
MIPGap  0
MIPGapAbs  0
LogToConsole  0
Threads  1

Optimize a model with 93026 rows, 18191 columns and 665804 nonzeros (Min)
Model fingerprint: 0xc1127ab6
Model has 51 linear objective coefficients
Variable types: 9460 continuous, 8731 integer (8231 binary)
Coefficient statistics:
  Matrix range     [7e-03, 2e+04]
  Objective range  [7e-03, 1e+00]
  Bounds range     [2e-01, 5e+03]
  RHS range        [2e-01, 5e+04]

Presolved: 87340 rows, 18048 columns, 690745 nonzeros

Continuing optimization...

     0     0    0.49242    0  536          -    0.49242      -     -   31s
     0     0    0.49242    0  536          -    0.49242      -     -   31s
     0     0    0.49242    0  524          -    0.49242      -     -   32s
     0     0    0.49456    0  557          -    0.49456      -     -   34s
     0     0    0.50481    0  591          -    0.50481      -     -   46s
     0     0    0.50481    0  591          -    0.50481      -     -   46s
     0     0    0.50877    0  605          -    0.50877      -     -   51s
     0     0    0.51435    0  619          -    0.51435      -     -   64s
     0     0    0.51503    0  648          -    0.51503      -     -   74s
     0     0    0.51817    0  641          -    0.51817      -     -   88s
     0     0    0.51871    0  628          -    0.51871      -     -   97s
     0     0    0.52139    0  640          -    0.52139      -     -  113s
     0     0    0.52241    0  666          -    0.52241      -     -  126s
     0     0    0.52411    0  663          -    0.52411      -     -  141s
     0     0    0.52434    0  716          -    0.52434      -     -  155s
     0     0    0.52512    0  703          -    0.52512      -     -  175s
     0     0    0.52518    0  718          -    0.52518      -     -  187s
     0     0    0.52566    0  748          -    0.52566      -     -  199s
     0     0    0.52577    0  791          -    0.52577      -     -  211s
     0     0    0.52620    0  754          -    0.52620      -     -  232s
     0     0    0.52634    0  673          -    0.52634      -     -  243s
     0     0    0.52675    0  783          -    0.52675      -     -  261s
     0     0    0.52683    0  800          -    0.52683      -     -  272s
     0     0    0.52735    0  770          -    0.52735      -     -  290s
     0     0    0.52750    0  773          -    0.52750      -     -  311s
     0     0    0.52761    0  820          -    0.52761      -     -  331s
     0     0    0.52768    0  830          -    0.52768      -     -  353s
     0     0    0.52824    0  704          -    0.52824      -     -  372s
     0     0    0.52837    0  839          -    0.52837      -     -  387s
     0     0    0.52845    0  860          -    0.52845      -     -  407s
     0     0    0.52846    0  837          -    0.52846      -     -  410s
     0     0    0.52863    0  799          -    0.52863      -     -  418s
     0     0    0.52867    0  813          -    0.52867      -     -  424s
     0     0    0.52872    0  866          -    0.52872      -     -  432s
     0     0    0.52873    0  865          -    0.52873      -     -  434s
     0     0    0.52883    0  861          -    0.52883      -     -  448s
     0     0    0.52888    0  863          -    0.52888      -     -  450s
     0     0    0.52908    0  828          -    0.52908      -     -  457s
     0     0    0.52912    0  848          -    0.52912      -     -  469s
     0     0    0.52935    0  848          -    0.52935      -     -  481s
     0     0    0.52941    0  842          -    0.52941      -     -  484s
     0     0    0.52951    0  861          -    0.52951      -     -  494s
     0     0    0.52955    0  865          -    0.52955      -     -  512s
     0     0    0.52967    0  837          -    0.52967      -     -  520s
     0     0    0.52970    0  841          -    0.52970      -     -  523s
     0     0    0.52981    0  820          -    0.52981      -     -  530s
     0     0    0.52987    0  840          -    0.52987      -     -  532s
     0     0    0.52998    0  820          -    0.52998      -     -  552s
     0     0    0.52998    0  828          -    0.52998      -     -  572s
     0     0    0.53001    0  891          -    0.53001      -     -  581s
     0     0    0.53002    0  868          -    0.53002      -     -  629s
     0     0    0.53010    0  916          -    0.53010      -     -  653s
     0     0    0.53010    0  909          -    0.53010      -     -  654s
     0     0    0.53010    0  879          -    0.53010      -     -  654s
     0     2    0.53011    0  876          -    0.53011      -     -  688s
     1     3    0.53575    1  687          -    0.53011      - 17784  703s
     2     4    0.53459    1  819          -    0.53459      - 19879  751s
     4     6    0.53487    3  804          -    0.53459      - 16094  774s
     5     7    0.53587    4  744          -    0.53459      - 16520  790s
H    6     6                       0.6074634    0.53459  12.0% 13767  805s
H    6     6                       0.6070012    0.53459  11.9% 13767  806s
H    8     8                       0.6063268    0.53459  11.8% 12388  811s
H    8     8                       0.6055831    0.53459  11.7% 12388  811s
H    8     8                       0.6052173    0.53459  11.7% 12388  811s
H    8     8                       0.6048179    0.53459  11.6% 12388  811s
     9    11    0.53748    6  655    0.60482    0.53459  11.6% 14764  828s
H   10    10                       0.6044990    0.53459  11.6% 13288  833s
H   10    10                       0.6042611    0.53459  11.5% 13288  833s
H   10    10                       0.6038275    0.53459  11.5% 13288  833s
H   10    10                       0.6036517    0.53459  11.4% 13288  833s
H   10    10                       0.6032981    0.53459  11.4% 13288  833s
    11    13    0.53645    8  741    0.60330    0.53459  11.4% 12849  839s
    12    14    0.53654    9  697    0.60330    0.53459  11.4% 12048  843s
    13    15    0.53658   10  693    0.60330    0.53459  11.4% 11412  847s
    14    16    0.53670   11  742    0.60330    0.53459  11.4% 10941  852s
    15    17    0.53679   12  735    0.60330    0.53459  11.4% 10729  861s
    16    18    0.53686   13  741    0.60330    0.53459  11.4% 11031  874s
    17    19    0.53691   14  757    0.60330    0.53459  11.4% 10555  877s
    18    20    0.53702   15  746    0.60330    0.53459  11.4% 10160  884s
    19    21    0.53704   16  731    0.60330    0.53459  11.4%  9730  886s
    20    22    0.53719   17  758    0.60330    0.53459  11.4% 10120  901s
H   22    22                       0.6031641    0.53459  11.4%  9260  907s
    24    26    0.53738   21  716    0.60316    0.53459  11.4%  8769  911s
    26    28    0.53795   23  736    0.60316    0.53459  11.4%  8756  929s
    27    29    0.53835   24  674    0.60316    0.53459  11.4%  8623  937s
    28    30    0.54379   24  684    0.60316    0.53459  11.4%  9727  962s
    30    32    0.54148   26  679    0.60316    0.53459  11.4%  9475  976s
    31    31 infeasible   26         0.60316    0.53459  11.4%  9193  992s
    32    32    0.54152   27  672    0.60316    0.53459  11.4%  9181 1013s
    33    33    0.54156   28  650    0.60316    0.53459  11.4%  9042 1017s
    35    35    0.54168   30  648    0.60316    0.53459  11.4%  8678 1022s
    36    36    0.54172   31  637    0.60316    0.53459  11.4%  8559 1029s
    37    37    0.54184   32  641    0.60316    0.53459  11.4%  8371 1030s
    38    38    0.54191   33  633    0.60316    0.53459  11.4%  8161 1038s
    41    41    0.54194   36  621    0.60316    0.53459  11.4%  7758 1046s
    42    42    0.54207   37  627    0.60316    0.53459  11.4%  7694 1051s
    43    43    0.54209   38  626    0.60316    0.53459  11.4%  7607 1055s
    44    44    0.54211   39  605    0.60316    0.53459  11.4%  7604 1062s
    46    46    0.54218   41  624    0.60316    0.53459  11.4%  7484 1072s
    48    48    0.54260   43  596    0.60316    0.53459  11.4%  7346 1080s

Cutting planes:
  Learned: 13
  Cover: 129
  Implied bound: 232
  Clique: 25
  MIR: 740
  StrongCG: 15
  Flow cover: 244
  GUB cover: 4
  Zero half: 4
  Network: 61
  RLT: 5
  Relax-and-lift: 264

Explored 49 nodes (890584 simplex iterations) in 1083.75 seconds (3414.63 work units)
Most recent optimization runtime was 1060.94 seconds (3356.07 work units)
Thread count was 1 (of 20 available processors)

Solution count 10: 0.603164 0.603298 0.603652 ... 0.607001

Time limit reached
Best objective 6.031640941593e-01, best bound 5.345915879853e-01, gap 11.3688%

User-callback calls 95855, time in user-callback 0.01 sec
