
Gurobi 13.0.2 (win64) logging started Wed Sep 30 12:52:31 2026

Set parameter LogFile to value "E:\codes\ExactEBRP\results\unified_exact_round97\development02\raw\11_F2_FEEDBACK\native.log"
Set parameter Threads to value 1
Set parameter Presolve to value -1
Set parameter Seed to value 0
Set parameter MIPGap to value 0
Set parameter MIPGapAbs to value 0
Warning: unknown variable 'r_max' in bounds section (line 10566)
Warning: unknown variable 'r_min' in bounds section (line 10567)
Read LP format model from file E:\codes\ExactEBRP\results\unified_exact_round97\development02\raw\11_F2_FEEDBACK\external\models\L0.lp
Reading time = 0.02 seconds
obj: 9269 rows, 3488 columns, 52879 nonzeros
Set parameter TimeLimit to value 896.3699134
Warning: unknown variable 'r_max' in bounds section (line 10566)
Warning: unknown variable 'r_min' in bounds section (line 10567)
Read LP format model from file E:\codes\ExactEBRP\results\unified_exact_round97\development02\raw\11_F2_FEEDBACK\external\models\L0.0.lp
Reading time = 0.02 seconds
obj: 9269 rows, 3488 columns, 52879 nonzeros
Set parameter TimeLimit to value 895.7480246
Warning: unknown variable 'r_max' in bounds section (line 10566)
Warning: unknown variable 'r_min' in bounds section (line 10567)
Read LP format model from file E:\codes\ExactEBRP\results\unified_exact_round97\development02\raw\11_F2_FEEDBACK\external\models\L0.1.lp
Reading time = 0.02 seconds
obj: 9269 rows, 3488 columns, 53546 nonzeros
Set parameter TimeLimit to value 895.1195207
