
Gurobi 13.0.2 (win64) logging started Sat Jul 25 01:19:53 2026

Set parameter LogFile to value "E:\codes\ExactEBRP\results\gf_nonblocking_gurobi_c6_round31\runs\stage4__moderate_seed3302__p_grb__300s\native.log"
Set parameter Threads to value 1
Set parameter Presolve to value -1
Set parameter Seed to value 0
Set parameter MIPGap to value 0
Set parameter MIPGapAbs to value 0
Set parameter TimeLimit to value 300
Read LP format model from file E:\codes\ExactEBRP\results\gf_nonblocking_gurobi_c6_round31\runs\stage4__moderate_seed3302__p_grb__300s\canonical.lp
Reading time = 0.01 seconds
obj: 5063 rows, 2111 columns, 23340 nonzeros
Set parameter TimeLimit to value 294.9402031
Gurobi Optimizer version 13.0.2 build v13.0.2rc1 (win64 - Windows 10.0 (19045.2))

CPU model: 12th Gen Intel(R) Core(TM) i7-12700KF, instruction set [SSE2|AVX|AVX2]
Thread count: 12 physical cores, 20 logical processors, using up to 1 threads

Non-default parameters:
TimeLimit  294.9402031
MIPGap  0
MIPGapAbs  0
LogToConsole  0
Threads  1

Optimize a model with 5063 rows, 2111 columns and 23340 nonzeros (Min)
Model fingerprint: 0xec1216f2
Model has 21 linear objective coefficients
Variable types: 421 continuous, 1690 integer (1490 binary)
Coefficient statistics:
  Matrix range     [3e-02, 6e+02]
  Objective range  [7e-03, 1e+00]
  Bounds range     [1e+00, 5e+01]
  RHS range        [1e+00, 4e+03]

Presolve removed 147 rows and 24 columns
Presolve time: 0.05s
Presolved: 4916 rows, 2087 columns, 40385 nonzeros
Variable types: 191 continuous, 1896 integer (1490 binary)
Found heuristic solution: objective 1.3552773

Root relaxation: objective 9.570934e-02, 2184 iterations, 0.08 seconds (0.19 work units)

    Nodes    |    Current Node    |     Objective Bounds      |     Work
 Expl Unexpl |  Obj  Depth IntInf | Incumbent    BestBd   Gap | It/Node Time

     0     0    0.09571    0  267    1.35528    0.09571  92.9%     -    0s
H    0     0                       1.3521599    0.09571  92.9%     -    0s
     0     0    0.11755    0  402    1.35216    0.11755  91.3%     -    0s
H    0     0                       1.2965727    0.11755  90.9%     -    0s
H    0     0                       1.1704491    0.11755  90.0%     -    0s
H    0     0                       1.1551627    0.11755  89.8%     -    0s
     0     0    0.11831    0  409    1.15516    0.11831  89.8%     -    0s
     0     0    0.11975    0  443    1.15516    0.11975  89.6%     -    0s
H    0     0                       1.1534258    0.11975  89.6%     -    0s
     0     0    0.11993    0  415    1.15343    0.11993  89.6%     -    0s
     0     0    0.12015    0  496    1.15343    0.12015  89.6%     -    0s
     0     0    0.12018    0  495    1.15343    0.12018  89.6%     -    1s
     0     0    0.12025    0  529    1.15343    0.12025  89.6%     -    1s
     0     0    0.12026    0  534    1.15343    0.12026  89.6%     -    1s
     0     0    0.12032    0  551    1.15343    0.12032  89.6%     -    1s
     0     0    0.12033    0  537    1.15343    0.12033  89.6%     -    1s
     0     0    0.12041    0  562    1.15343    0.12041  89.6%     -    1s
H    0     0                       1.1529389    0.12041  89.6%     -    1s
H    0     0                       1.1307878    0.12041  89.4%     -    1s
H    0     0                       1.1275524    0.12041  89.3%     -    1s
H    0     0                       1.1257324    0.12041  89.3%     -    1s
H    0     0                       1.0973126    0.12041  89.0%     -    1s
H    0     0                       1.0946599    0.12041  89.0%     -    1s
     0     0    0.12042    0  559    1.09466    0.12042  89.0%     -    1s
     0     0    0.12044    0  548    1.09466    0.12044  89.0%     -    2s
     0     0    0.12044    0  546    1.09466    0.12044  89.0%     -    2s
     0     0    0.12045    0  546    1.09466    0.12045  89.0%     -    2s
     0     0    0.12046    0  504    1.09466    0.12046  89.0%     -    2s
     0     0    0.12046    0  554    1.09466    0.12046  89.0%     -    2s
     0     0    0.12046    0  553    1.09466    0.12046  89.0%     -    2s
     0     0    0.12046    0  512    1.09466    0.12046  89.0%     -    2s
H    0     0                       1.0945359    0.12046  89.0%     -    2s
H    0     0                       1.0907727    0.12046  89.0%     -    2s
     0     2    0.12046    0  511    1.09077    0.12046  89.0%     -    2s
H    2     2                       1.0532727    0.12046  88.6%  1000    3s
H    2     2                       1.0524651    0.12046  88.6%  1000    3s
H    2     2                       1.0505821    0.12046  88.5%  1000    3s
H    2     2                       1.0097252    0.12046  88.1%  1000    3s
H    2     2                       1.0081100    0.12046  88.1%  1000    3s
H    2     2                       1.0078328    0.12046  88.0%  1000    3s
H    2     2                       1.0070174    0.12046  88.0%  1000    3s
H    2     2                       0.8119759    0.12046  85.2%  1000    3s
H    2     2                       0.7081495    0.12046  83.0%  1000    3s
H    7     7                       0.5981623    0.12121  79.7%   568    3s
H    7     7                       0.5981579    0.12121  79.7%   568    3s
H    9     9                       0.5978274    0.12123  79.7%   648    3s
H    9     9                       0.5677601    0.12123  78.6%   648    3s
H    9     9                       0.5667173    0.12123  78.6%   648    3s
H    9     9                       0.5654475    0.12123  78.6%   648    3s
H   11    11                       0.5620587    0.12123  78.4%   674    4s
H   14    14                       0.5412000    0.12123  77.6%   743    4s
H   14    14                       0.5394301    0.12123  77.5%   743    4s
H   14    14                       0.5371122    0.12123  77.4%   743    4s
H   14    14                       0.5355227    0.12123  77.4%   743    4s
H   17    17                       0.5352609    0.12123  77.4%   739    4s
H   22    22                       0.5348600    0.12123  77.3%   648    4s
H   22    22                       0.5176435    0.12123  76.6%   648    4s
H   22    22                       0.5168359    0.12123  76.5%   648    4s
H   22    22                       0.5147939    0.12123  76.5%   648    4s
H   24    24                       0.5147734    0.12123  76.4%   619    4s
H   24    24                       0.5147206    0.12123  76.4%   619    4s
H   24    24                       0.5132408    0.12123  76.4%   619    4s
H   24    24                       0.5128802    0.12123  76.4%   619    4s
H   24    24                       0.5096872    0.12123  76.2%   619    4s
H   24    24                       0.5073386    0.12123  76.1%   619    4s
H   24    24                       0.5042366    0.12123  76.0%   619    4s
    25    27    0.12564   14  427    0.50424    0.12123  76.0%   615    5s
H   30    30                       0.5041579    0.12123  76.0%   560    5s
H   58    54                       0.5027656    0.12123  75.9%   409    5s
H   71    60                       0.5013252    0.12148  75.8%   434    6s
H   71    60                       0.4995328    0.12148  75.7%   434    6s
H   72    60                       0.4565039    0.12148  73.4%   444    6s
H   72    60                       0.4539190    0.12148  73.2%   444    6s
H   72    60                       0.4480616    0.12148  72.9%   444    6s
H   72    60                       0.4456849    0.12148  72.7%   444    6s
H   73    61                       0.4144926    0.12148  70.7%   453    7s
H   75    63                       0.4122311    0.12148  70.5%   458    7s
H   80    68                       0.4106438    0.12148  70.4%   454    7s
H   82    70                       0.3529411    0.12148  65.6%   460    7s
H   82    70                       0.3528892    0.12148  65.6%   460    7s
H   82    70                       0.3528447    0.12148  65.6%   460    7s
H   85    73                       0.3501451    0.12148  65.3%   465    7s
H   85    73                       0.3501108    0.12148  65.3%   465    7s
H   85    73                       0.3501035    0.12148  65.3%   465    7s
H   85    73                       0.3501024    0.12148  65.3%   465    7s
H   86    74                       0.3500689    0.12148  65.3%   479    7s
H   91    79                       0.3480822    0.12148  65.1%   466    7s
H  111    99                       0.3464670    0.12148  64.9%   416    8s
H  111    99                       0.3450742    0.12148  64.8%   416    8s
H  182   151                       0.3422483    0.12148  64.5%   307    9s
H  182   151                       0.3422477    0.12148  64.5%   307    9s
H  182   151                       0.3420967    0.12148  64.5%   307    9s
H  182   151                       0.3419996    0.12148  64.5%   307    9s
   183   152    0.12264    3  515    0.34200    0.12160  64.4%   318   10s
H  184   151                       0.3415069    0.12160  64.4%   316   10s
H  184   151                       0.3405752    0.12160  64.3%   316   10s
H  184   151                       0.3399334    0.12160  64.2%   316   10s
H  184   151                       0.3390702    0.12160  64.1%   316   10s
H  184   151                       0.3384560    0.12160  64.1%   316   10s
   346   301    0.14766   31  335    0.33846    0.12264  63.8%   274   15s
H  517   454                       0.3356221    0.12264  63.5%   207   18s
H  517   454                       0.3350052    0.12264  63.4%   207   18s
   557   483    0.13749   71  512    0.33501    0.12289  63.3%   208   20s
   568   490    0.13822   51  542    0.33501    0.12541  62.6%   204   25s
H  577   470                       0.3305004    0.12545  62.0%   241   30s
H  577   447                       0.3224950    0.12545  61.1%   241   30s
H  578   425                       0.3050789    0.12545  58.9%   242   30s
H  580   404                       0.2972871    0.12612  57.6%   247   31s
H  582   386                       0.2917111    0.12634  56.7%   253   31s
H  582   367                       0.2911085    0.12634  56.6%   253   31s
H  582   348                       0.2908888    0.12634  56.6%   253   31s
H  589   335                       0.2694661    0.12638  53.1%   269   32s
H  589   318                       0.2692602    0.12638  53.1%   269   32s
H  589   302                       0.2691632    0.12638  53.0%   269   32s
H  589   287                       0.2691502    0.12638  53.0%   269   32s
H  596   278                       0.2674670    0.12638  52.7%   274   33s
H  596   264                       0.2652070    0.12638  52.3%   274   33s
H  600   254                       0.2645967    0.12638  52.2%   274   33s
H  600   242                       0.2643430    0.12638  52.2%   274   33s
H  603   232                       0.2620654    0.12638  51.8%   273   33s
   613   240    0.14602   28  326    0.26207    0.12638  51.8%   273   35s
   715   301    0.18290   79  165    0.26207    0.12638  51.8%   257   40s
   791   308    0.13999   20  457    0.26207    0.12639  51.8%   266   45s
   849   347    0.16484   49  187    0.26207    0.12639  51.8%   280   50s
   985   412    0.18397  117  187    0.26207    0.12639  51.8%   276   55s
H  987   401                       0.2608204    0.12639  51.5%   276   55s
H  987   391                       0.2604844    0.12639  51.5%   276   55s
  1054   424    0.12978   18  486    0.26048    0.12748  51.1%   289   60s
  1125   464    0.14806   54  298    0.26048    0.12748  51.1%   301   65s
  1236   536    0.13053   18  479    0.26048    0.12748  51.1%   303   70s
  1343   639    0.16246   71  245    0.26048    0.12748  51.1%   301   75s
  1440   720    0.13688   31  397    0.26048    0.12835  50.7%   304   80s
  1553   805    0.13950   21  386    0.26048    0.12836  50.7%   302   85s
H 1561   809                       0.2594511    0.12836  50.5%   302   85s
H 1580   828                       0.2592797    0.12836  50.5%   301   86s
H 1580   827                       0.2590650    0.12836  50.5%   301   86s
H 1592   834                       0.2570301    0.12836  50.1%   301   87s
  1642   884    0.16864   66  231    0.25703    0.12836  50.1%   301   90s
H 1707   921                       0.2566504    0.12836  50.0%   293   91s
H 1707   921                       0.2566215    0.12836  50.0%   293   91s
H 1708   922                       0.2566082    0.12854  49.9%   294   91s
  1742   958    0.13416   34  410    0.25661    0.12854  49.9%   302   95s
H 1811  1017                       0.2493296    0.12854  48.4%   303   99s
H 1812  1014                       0.2463009    0.12854  47.8%   303   99s
H 1812  1010                       0.2427756    0.12854  47.1%   303   99s
H 1812  1010                       0.2426716    0.12854  47.0%   303   99s
H 1812  1010                       0.2406654    0.12854  46.6%   303   99s
H 1814  1012                       0.2406480    0.12854  46.6%   303   99s
  1823  1023    0.14902   74  206    0.24065    0.12854  46.6%   302  100s
H 1885  1048                       0.2396669    0.12856  46.4%   298  102s
  1916  1081    0.15672   35  386    0.23967    0.12856  46.4%   305  105s
  1983  1148    0.16807   68  192    0.23967    0.12856  46.4%   300  110s
H 1985  1148                       0.2396056    0.12856  46.3%   300  110s
H 2008  1158                       0.2392820    0.12897  46.1%   299  111s
  2017  1169    0.13088   24  478    0.23928    0.12897  46.1%   301  115s
  2151  1284    0.12903   19  494    0.23928    0.12897  46.1%   292  120s
  2268  1385    0.13049   25  447    0.23928    0.12898  46.1%   286  125s
  2399  1499    0.13729   47  356    0.23928    0.12903  46.1%   281  130s
  2524  1593    0.14052   44  353    0.23928    0.12904  46.1%   279  135s
  2660  1697    0.12934   17  539    0.23928    0.12906  46.1%   274  140s
  2790  1801    0.13183   29  421    0.23928    0.12906  46.1%   270  145s
  2952  1944    0.13724   40  384    0.23928    0.12906  46.1%   264  150s
H 2958  1947                       0.2384625    0.12906  45.9%   263  151s
  2958  1949    0.14673   46  359    0.23846    0.12906  45.9%   264  155s
  3073  2051    0.20161   81  237    0.23846    0.12907  45.9%   259  160s
  3169  2132    0.17377   54  259    0.23846    0.12907  45.9%   261  165s
  3307  2252    0.16247   94  216    0.23846    0.12908  45.9%   258  170s
H 3326  2255                       0.2343115    0.12908  44.9%   257  170s
H 3326  2255                       0.2340799    0.12908  44.9%   257  170s
  3456  2358    0.13480   41  389    0.23408    0.12910  44.8%   254  175s
H 3465  2365                       0.2335824    0.12910  44.7%   254  175s
H 3465  2360                       0.2314088    0.12910  44.2%   254  175s
H 3465  2357                       0.2289080    0.12910  43.6%   254  175s
H 3465  2357                       0.2287534    0.12910  43.6%   254  175s
  3591  2455     cutoff   56         0.22875    0.12910  43.6%   253  180s
  3748  2581    0.13163   19  503    0.22875    0.12911  43.6%   249  185s
  3794  2625    0.14044   37  412    0.22875    0.12911  43.6%   251  190s
  3935  2733    0.13524   20  451    0.22875    0.12911  43.6%   249  195s
  4065  2832    0.19663   53  283    0.22875    0.12911  43.6%   248  200s
  4213  2942    0.14908   27  367    0.22875    0.12912  43.6%   246  205s
  4397  3094    0.13534   22  445    0.22875    0.12914  43.5%   241  210s
  4536  3214    0.18938   71  217    0.22875    0.12915  43.5%   241  215s
  4616  3267    0.13351   25  410    0.22875    0.12916  43.5%   243  220s
H 4681  3295                       0.2231513    0.12917  42.1%   245  224s
  4719  3335    0.15842   66  220    0.22315    0.12917  42.1%   244  225s
H 4738  3338                       0.2231204    0.12917  42.1%   243  225s
H 4738  3338                       0.2231037    0.12917  42.1%   243  225s
  4863  3442    0.19531   44  358    0.22310    0.12918  42.1%   242  230s
  4991  3543    0.13384   33  426    0.22310    0.12920  42.1%   240  235s
H 5087  3594                       0.2205732    0.12921  41.4%   238  238s
  5087  3596    0.20818   80  181    0.22057    0.12921  41.4%   238  242s
  5159  3652    0.14226   45  342    0.22057    0.12922  41.4%   237  245s
  5346  3804    0.20637   66  259    0.22057    0.12923  41.4%   235  250s
  5440  3872    0.15596   48  349    0.22057    0.12923  41.4%   238  255s
H 5490  3905                       0.2202894    0.12924  41.3%   237  256s
  5678  4065    0.16270   92  167    0.22029    0.12924  41.3%   232  260s
  5820  4172    0.16081   47  287    0.22029    0.12925  41.3%   231  265s
  6031  4341    0.13779   24  377    0.22029    0.12926  41.3%   228  270s
  6288  4536    0.21982   51  303    0.22029    0.12927  41.3%   224  275s
  6418  4640     cutoff   40         0.22029    0.12928  41.3%   225  280s
  6567  4768    0.16242   92  194    0.22029    0.12928  41.3%   225  285s
H 6713  4855                       0.2199530    0.12929  41.2%   224  289s
  6724  4868    0.14230   41  370    0.21995    0.12929  41.2%   224  290s

Cutting planes:
  Learned: 45
  Cover: 33
  Implied bound: 176
  Projected implied bound: 148
  Clique: 71
  MIR: 804
  StrongCG: 92
  Flow cover: 716
  GUB cover: 2
  Zero half: 36
  RLT: 7
  Relax-and-lift: 51
  BQP: 13
  PSD: 2

Explored 6843 nodes (1551673 simplex iterations) in 294.94 seconds (555.85 work units)
Thread count was 1 (of 20 available processors)

Solution count 10: 0.219953 0.220289 0.220573 ... 0.233582

Time limit reached
Best objective 2.199530220890e-01, best bound 1.293089151726e-01, gap 41.2107%

User-callback calls 92352, time in user-callback 0.02 sec
