
Gurobi 13.0.2 (win64) logging started Fri Jul 24 23:41:55 2026

Set parameter LogFile to value "E:\codes\ExactEBRP\results\gf_nonblocking_gurobi_c6_round31\runs\stage3__round31_sealed_moderate_V20_seed311185674__c6_candidate__300s\native.log"
Set parameter Threads to value 1
Set parameter Presolve to value -1
Set parameter Seed to value 0
Set parameter MIPGap to value 0
Set parameter MIPGapAbs to value 0
Warning: unknown variable 'r_max' in bounds section (line 13953)
Warning: unknown variable 'r_min' in bounds section (line 13954)
Read LP format model from file E:\codes\ExactEBRP\results\gf_nonblocking_gurobi_c6_round31\runs\stage3__round31_sealed_moderate_V20_seed311185674__c6_candidate__300s\external\models\L0.lp
Reading time = 0.02 seconds
obj: 11914 rows, 3376 columns, 67102 nonzeros
Set parameter TimeLimit to value 278.5192131
Warning: unknown variable 'r_max' in bounds section (line 13953)
Warning: unknown variable 'r_min' in bounds section (line 13954)
Read LP format model from file E:\codes\ExactEBRP\results\gf_nonblocking_gurobi_c6_round31\runs\stage3__round31_sealed_moderate_V20_seed311185674__c6_candidate__300s\external\models\L1.lp
Reading time = 0.02 seconds
obj: 11914 rows, 3376 columns, 67344 nonzeros
Set parameter TimeLimit to value 278.2425871
Warning: unknown variable 'r_max' in bounds section (line 13955)
Warning: unknown variable 'r_min' in bounds section (line 13956)
Read LP format model from file E:\codes\ExactEBRP\results\gf_nonblocking_gurobi_c6_round31\runs\stage3__round31_sealed_moderate_V20_seed311185674__c6_candidate__300s\external\models\L2.lp
Reading time = 0.02 seconds
obj: 11916 rows, 3376 columns, 67356 nonzeros
Set parameter TimeLimit to value 277.9704961
Warning: unknown variable 'r_max' in bounds section (line 13959)
Warning: unknown variable 'r_min' in bounds section (line 13960)
Read LP format model from file E:\codes\ExactEBRP\results\gf_nonblocking_gurobi_c6_round31\runs\stage3__round31_sealed_moderate_V20_seed311185674__c6_candidate__300s\external\models\L3.lp
Reading time = 0.02 seconds
obj: 11920 rows, 3376 columns, 67380 nonzeros
Set parameter TimeLimit to value 277.1393117
Warning: unknown variable 'r_max' in bounds section (line 13955)
Warning: unknown variable 'r_min' in bounds section (line 13956)
Read LP format model from file E:\codes\ExactEBRP\results\gf_nonblocking_gurobi_c6_round31\runs\stage3__round31_sealed_moderate_V20_seed311185674__c6_candidate__300s\external\models\L2.0.lp
Reading time = 0.02 seconds
obj: 11916 rows, 3376 columns, 67356 nonzeros
Set parameter TimeLimit to value 276.861317
Warning: unknown variable 'r_max' in bounds section (line 13955)
Warning: unknown variable 'r_min' in bounds section (line 13956)
Read LP format model from file E:\codes\ExactEBRP\results\gf_nonblocking_gurobi_c6_round31\runs\stage3__round31_sealed_moderate_V20_seed311185674__c6_candidate__300s\external\models\L2.1.lp
Reading time = 0.02 seconds
obj: 11916 rows, 3376 columns, 67356 nonzeros
Set parameter TimeLimit to value 276.5688709
