
Gurobi 13.0.2 (win64) logging started Sat Jul 25 09:03:34 2026

Set parameter LogFile to value "E:\codes\ExactEBRP\results\gf_nonblocking_gurobi_c6_round31\runs\stage6__moderate_seed6301__c5_candidate__1200s\external\native_logs\L1.1.1_lp.gurobi.log"
Gurobi Optimizer version 13.0.2 build v13.0.2rc1 (win64 - Windows 10.0 (19045.2))

CPU model: 12th Gen Intel(R) Core(TM) i7-12700KF, instruction set [SSE2|AVX|AVX2]
Thread count: 12 physical cores, 20 logical processors, using up to 1 threads

Non-default parameters:
TimeLimit  856.8669232
MIPGap  0
MIPGapAbs  0
LogToConsole  0
Threads  1

Optimize a model with 93027 rows, 18191 columns and 665810 nonzeros (Min)
Model fingerprint: 0x08ee5804
Model has 51 linear objective coefficients
Coefficient statistics:
  Matrix range     [7e-03, 2e+04]
  Objective range  [7e-03, 1e+00]
  Bounds range     [3e-01, 4e+03]
  RHS range        [3e-01, 5e+04]

Presolve removed 4909 rows and 255 columns
Presolve time: 0.39s
Presolved: 17932 rows, 106077 columns, 654331 nonzeros

Iteration    Objective       Primal Inf.    Dual Inf.      Time
       0      handle free variables                          0s

Extra simplex iterations after uncrush: 3

Extra simplex iterations from dual to original model: 4
   10689    5.3296873e-01   0.000000e+00   0.000000e+00      3s

Solved in 10689 iterations and 3.20 seconds (10.86 work units)
Optimal objective  5.329687304e-01

User-callback calls 10863, time in user-callback 0.00 sec
