
Gurobi 13.0.2 (win64) logging started Sat Jul 25 00:01:20 2026

Set parameter LogFile to value "E:\codes\ExactEBRP\results\gf_nonblocking_gurobi_c6_round31\runs\stage3__round31_sealed_tight_T_V20_seed2113109204__p_grb__300s\native.log"
Set parameter Threads to value 1
Set parameter Presolve to value -1
Set parameter Seed to value 0
Set parameter MIPGap to value 0
Set parameter MIPGapAbs to value 0
Set parameter TimeLimit to value 300
Read LP format model from file E:\codes\ExactEBRP\results\gf_nonblocking_gurobi_c6_round31\runs\stage3__round31_sealed_tight_T_V20_seed2113109204__p_grb__300s\canonical.lp
Reading time = 0.01 seconds
obj: 5063 rows, 2111 columns, 23334 nonzeros
Set parameter TimeLimit to value 294.944535
Gurobi Optimizer version 13.0.2 build v13.0.2rc1 (win64 - Windows 10.0 (19045.2))

CPU model: 12th Gen Intel(R) Core(TM) i7-12700KF, instruction set [SSE2|AVX|AVX2]
Thread count: 12 physical cores, 20 logical processors, using up to 1 threads

Non-default parameters:
TimeLimit  294.944535
MIPGap  0
MIPGapAbs  0
LogToConsole  0
Threads  1

Optimize a model with 5063 rows, 2111 columns and 23334 nonzeros (Min)
Model fingerprint: 0x7d9351ce
Model has 21 linear objective coefficients
Variable types: 421 continuous, 1690 integer (1490 binary)
Coefficient statistics:
  Matrix range     [3e-02, 6e+02]
  Objective range  [8e-03, 1e+00]
  Bounds range     [1e+00, 5e+01]
  RHS range        [1e+00, 4e+03]

Presolve removed 156 rows and 32 columns
Presolve time: 0.07s
Presolved: 4907 rows, 2079 columns, 41222 nonzeros
Variable types: 190 continuous, 1889 integer (1486 binary)
Found heuristic solution: objective 2.8486865

Root relaxation: objective 7.292649e-02, 2639 iterations, 0.12 seconds (0.29 work units)

    Nodes    |    Current Node    |     Objective Bounds      |     Work
 Expl Unexpl |  Obj  Depth IntInf | Incumbent    BestBd   Gap | It/Node Time

     0     0    0.07293    0  334    2.84869    0.07293  97.4%     -    0s
     0     0    0.07327    0  363    2.84869    0.07327  97.4%     -    0s
     0     0    0.09528    0  472    2.84869    0.09528  96.7%     -    0s
     0     0    0.10322    0  434    2.84869    0.10322  96.4%     -    0s
     0     0    0.10618    0  478    2.84869    0.10618  96.3%     -    0s
H    0     0                       2.8064753    0.10632  96.2%     -    0s
H    0     0                       2.8053717    0.10632  96.2%     -    0s
H    0     0                       2.7889795    0.10632  96.2%     -    0s
     0     0    0.10632    0  470    2.78898    0.10632  96.2%     -    0s
     0     0    0.10644    0  546    2.78898    0.10644  96.2%     -    0s
     0     0    0.10648    0  539    2.78898    0.10648  96.2%     -    0s
     0     0    0.10699    0  550    2.78898    0.10699  96.2%     -    1s
H    0     0                       2.7739610    0.10699  96.1%     -    1s
     0     0    0.10699    0  532    2.77396    0.10699  96.1%     -    1s
     0     0    0.10714    0  559    2.77396    0.10714  96.1%     -    1s
     0     0    0.10715    0  565    2.77396    0.10715  96.1%     -    1s
     0     0    0.10722    0  587    2.77396    0.10722  96.1%     -    1s
     0     0    0.10722    0  603    2.77396    0.10722  96.1%     -    1s
     0     0    0.10732    0  581    2.77396    0.10732  96.1%     -    1s
H    0     0                       2.0476552    0.10732  94.8%     -    1s
     0     0    0.10733    0  580    2.04766    0.10733  94.8%     -    1s
     0     0    0.10735    0  607    2.04766    0.10735  94.8%     -    2s
H    0     0                       2.0339614    0.10735  94.7%     -    2s
H    0     0                       2.0317394    0.10735  94.7%     -    2s
H    0     0                       2.0178664    0.10735  94.7%     -    2s
H    0     0                       2.0175169    0.10735  94.7%     -    2s
H    0     0                       2.0010539    0.10735  94.6%     -    2s
H    0     0                       1.9984191    0.10735  94.6%     -    2s
H    0     0                       1.9980815    0.10735  94.6%     -    2s
     0     0    0.10735    0  578    1.99808    0.10735  94.6%     -    2s
     0     0    0.10737    0  576    1.99808    0.10737  94.6%     -    2s
     0     0    0.10737    0  607    1.99808    0.10737  94.6%     -    2s
     0     0    0.10739    0  593    1.99808    0.10739  94.6%     -    2s
     0     0    0.10739    0  593    1.99808    0.10739  94.6%     -    2s
     0     0    0.10739    0  555    1.99808    0.10739  94.6%     -    2s
H    0     0                       1.9737314    0.10741  94.6%     -    2s
H    0     0                       1.9735604    0.10741  94.6%     -    2s
H    0     0                       1.9693498    0.10741  94.5%     -    2s
H    0     0                       1.9651334    0.10741  94.5%     -    2s
H    0     0                       1.9643657    0.10741  94.5%     -    2s
H    0     0                       1.9643633    0.10741  94.5%     -    2s
H    0     0                       1.9641093    0.10741  94.5%     -    2s
H    0     0                       1.9640775    0.10741  94.5%     -    3s
H    0     0                       1.8997760    0.10741  94.3%     -    3s
H    0     0                       1.8983703    0.10741  94.3%     -    3s
H    0     0                       1.8979725    0.10741  94.3%     -    3s
H    0     0                       1.8962893    0.10741  94.3%     -    3s
H    0     0                       1.8947665    0.10741  94.3%     -    3s
H    0     0                       1.8935099    0.10741  94.3%     -    3s
H    0     0                       1.8924730    0.10741  94.3%     -    3s
H    0     0                       1.8841070    0.10741  94.3%     -    3s
H    0     0                       1.8834972    0.10741  94.3%     -    3s
     0     2    0.10741    0  542    1.88350    0.10741  94.3%     -    3s
H    2     2                       1.2738660    0.10848  91.5%   373    3s
H    2     2                       1.2724753    0.10848  91.5%   373    3s
H    7     7                       1.2705673    0.11019  91.3%   256    3s
H    7     7                       1.2680922    0.11019  91.3%   256    3s
H    7     7                       1.2679015    0.11019  91.3%   256    3s
H    7     7                       1.2619542    0.11019  91.3%   256    3s
H    7     7                       1.2615878    0.11019  91.3%   256    3s
H    7     7                       1.2606171    0.11019  91.3%   256    3s
H    7     7                       1.2603475    0.11019  91.3%   256    3s
H    9     9                       1.2580866    0.11019  91.2%   295    3s
H    9     9                       1.2579041    0.11019  91.2%   295    3s
H    9     9                       1.2566731    0.11019  91.2%   295    3s
H    9     9                       1.2482571    0.11019  91.2%   295    3s
H   11    11                       1.2357212    0.11019  91.1%   336    3s
H   11    11                       1.2348587    0.11019  91.1%   336    3s
H   11    11                       1.2336316    0.11019  91.1%   336    3s
H   11    11                       1.2335331    0.11019  91.1%   336    3s
H   11    11                       1.2247122    0.11019  91.0%   336    3s
H   11    11                       1.2244903    0.11019  91.0%   336    3s
H   14    14                       1.2232468    0.11019  91.0%   328    4s
H   14    14                       1.2229810    0.11019  91.0%   328    4s
H   14    14                       1.2229797    0.11019  91.0%   328    4s
H   14    14                       1.2229743    0.11019  91.0%   328    4s
H   18    18                       1.2219604    0.11019  91.0%   349    4s
H   18    18                       1.2212535    0.11019  91.0%   349    4s
H   18    18                       1.2208338    0.11019  91.0%   349    4s
H   18    18                       1.2202396    0.11019  91.0%   349    4s
H   18    18                       1.2196254    0.11019  91.0%   349    4s
H   18    18                       1.2192099    0.11019  91.0%   349    4s
H   18    18                       1.2181582    0.11019  91.0%   349    4s
H   18    18                       1.2169022    0.11019  90.9%   349    4s
H   21    21                       1.2165044    0.11019  90.9%   343    4s
H   21    21                       1.2117492    0.11019  90.9%   343    4s
H   21    21                       1.2116761    0.11019  90.9%   343    4s
H   21    21                       1.2112144    0.11019  90.9%   343    4s
H   21    21                       1.2111409    0.11019  90.9%   343    4s
H   25    25                       1.1946025    0.11019  90.8%   345    4s
H   25    25                       1.0989048    0.11019  90.0%   345    4s
H   25    25                       1.0982698    0.11019  90.0%   345    4s
H   25    25                       1.0976743    0.11019  90.0%   345    4s
    49    51    0.75862   31  386    1.09767    0.11019  90.0%   295    5s
H   53    49                       0.9469731    0.11019  88.4%   291    5s
H   53    49                       0.9179745    0.11019  88.0%   291    5s
H   53    49                       0.9178494    0.11019  88.0%   291    5s
H   53    49                       0.9175300    0.11019  88.0%   291    5s
H   53    49                       0.9172094    0.11019  88.0%   291    5s
H   53    49                       0.9171316    0.11019  88.0%   291    5s
H   55    51                       0.9170765    0.11019  88.0%   293    5s
H   82    74                       0.9170001    0.11019  88.0%   213    5s
H   82    74                       0.9169312    0.11019  88.0%   213    5s
H  126   117                       0.9167187    0.11019  88.0%   148    5s
H  249   212                       0.8918218    0.11197  87.4%   136    7s
H  251   214                       0.8892083    0.11197  87.4%   135    7s
H  251   197                       0.8610750    0.11197  87.0%   135    7s
H  251   197                       0.8588048    0.11197  87.0%   135    7s
H  251   197                       0.8557844    0.11197  86.9%   135    7s
H  251   197                       0.8551713    0.11197  86.9%   135    7s
H  252   198                       0.8544021    0.11197  86.9%   136    7s
H  252   198                       0.8521354    0.11197  86.9%   136    7s
H  252   189                       0.8438841    0.11197  86.7%   136    7s
H  252   189                       0.8425819    0.11197  86.7%   136    7s
H  252   188                       0.8414973    0.11197  86.7%   136    7s
H  252   150                       0.7989214    0.11197  86.0%   136    7s
H  252   146                       0.7916257    0.11197  85.9%   136    8s
H  252   145                       0.7887494    0.11197  85.8%   136    8s
H  257   150                       0.7867139    0.11197  85.8%   135    8s
H  262   152                       0.7830952    0.11197  85.7%   137    8s
H  269   154                       0.7817833    0.11197  85.7%   136    8s
H  304   188                       0.7815696    0.11197  85.7%   128    8s
H  304   188                       0.7807972    0.11197  85.7%   128    8s
H  313   197                       0.7807226    0.11197  85.7%   127    8s
H  346   208                       0.6952245    0.11197  83.9%   121    9s
H  346   208                       0.6939876    0.11197  83.9%   121    9s
H  346   208                       0.6937738    0.11197  83.9%   121    9s
H  346   208                       0.6929382    0.11197  83.8%   121    9s
H  346   208                       0.6927469    0.11197  83.8%   121    9s
H  346   208                       0.6924790    0.11197  83.8%   121    9s
H  346   208                       0.6916355    0.11197  83.8%   121    9s
H  346   208                       0.6914706    0.11197  83.8%   121    9s
H  346   208                       0.6911968    0.11197  83.8%   121    9s
H  346   208                       0.6911170    0.11197  83.8%   121    9s
H  346   208                       0.6908432    0.11197  83.8%   121    9s
H  376   224                       0.6903641    0.11197  83.8%   128   10s
H  376   224                       0.6893502    0.11197  83.8%   128   10s
H  376   224                       0.6891974    0.11197  83.8%   128   10s
H  376   224                       0.6890445    0.11197  83.7%   128   10s
H  377   225                       0.6858233    0.11197  83.7%   130   10s
H  377   225                       0.6857468    0.11197  83.7%   130   10s
H  377   224                       0.6818045    0.11197  83.6%   130   10s
H  377   224                       0.6817631    0.11197  83.6%   130   10s
H  377   224                       0.6809585    0.11197  83.6%   130   10s
H  377   224                       0.6809272    0.11197  83.6%   130   10s
H  377   224                       0.6808823    0.11197  83.6%   130   10s
H  377   224                       0.6806375    0.11197  83.5%   130   10s
H  382   229                       0.6802101    0.11197  83.5%   132   10s
H  382   229                       0.6801768    0.11197  83.5%   132   10s
H  393   240                       0.6793251    0.11197  83.5%   133   10s
H  394   241                       0.6792365    0.11197  83.5%   132   11s
H  394   241                       0.6786877    0.11197  83.5%   132   11s
H  394   241                       0.6770075    0.11197  83.5%   132   11s
H  396   243                       0.6769189    0.11197  83.5%   135   11s
H  396   243                       0.6768575    0.11197  83.5%   135   11s
H  396   243                       0.6760296    0.11197  83.4%   135   11s
H  396   243                       0.6759045    0.11197  83.4%   135   11s
H  396   243                       0.6757742    0.11197  83.4%   135   11s
H  396   243                       0.6756963    0.11197  83.4%   135   11s
H  414   256                       0.6752378    0.11197  83.4%   134   11s
H  429   256                       0.6191814    0.11197  81.9%   133   12s
H  429   255                       0.6079250    0.11197  81.6%   133   12s
H  429   255                       0.6074459    0.11197  81.6%   133   12s
H  429   255                       0.6069388    0.11197  81.6%   133   12s
H  429   255                       0.6041263    0.11197  81.5%   133   12s
H  429   254                       0.5922725    0.11197  81.1%   133   12s
H  429   254                       0.5920269    0.11197  81.1%   133   12s
H  429   254                       0.5898828    0.11197  81.0%   133   12s
H  429   254                       0.5896875    0.11197  81.0%   133   12s
H  429   254                       0.5851985    0.11197  80.9%   133   12s
   574   374    0.12223   29  555    0.58520    0.11215  80.8%   130   16s
   585   381    0.13721   44  600    0.58520    0.11921  79.6%   128   20s
   596   389    0.12362   22  566    0.58520    0.11994  79.5%   126   25s
H  600   371                       0.5849848    0.11994  79.5%   173   27s
H  601   353                       0.5848342    0.11994  79.5%   173   28s
H  601   335                       0.5847565    0.11994  79.5%   173   28s
H  601   318                       0.5136567    0.11994  76.7%   173   28s
H  601   302                       0.5135876    0.11994  76.6%   173   28s
H  601   286                       0.5132381    0.11994  76.6%   173   28s
H  601   272                       0.5128194    0.11994  76.6%   173   28s
H  602   259                       0.5115699    0.11994  76.6%   174   28s
H  602   246                       0.5021356    0.11994  76.1%   174   28s
H  602   233                       0.5019745    0.11994  76.1%   174   28s
H  602   221                       0.5012372    0.11994  76.1%   174   28s
H  606   212                       0.5010811    0.11994  76.1%   177   29s
H  607   202                       0.5003061    0.11994  76.0%   178   29s
H  611   195                       0.5001785    0.11994  76.0%   179   30s
H  612   185                       0.4996018    0.11994  76.0%   181   30s
H  613   177                       0.4995227    0.11994  76.0%   180   30s
H  614   169                       0.4991160    0.11994  76.0%   181   30s
H  614   161                       0.4990143    0.11994  76.0%   181   30s
   676   192    0.33162   53  411    0.49901    0.11994  76.0%   181   35s
H  685   178                       0.4988092    0.11994  76.0%   180   35s
H  702   182                       0.4968591    0.11994  75.9%   186   36s
H  702   175                       0.4963591    0.11994  75.8%   186   37s
H  702   168                       0.4952745    0.11994  75.8%   186   37s
H  703   163                       0.4941737    0.11994  75.7%   186   37s
H  703   156                       0.4940355    0.11994  75.7%   186   37s
H  703   151                       0.4938973    0.11994  75.7%   186   37s
H  706   147                       0.4932673    0.11994  75.7%   187   37s
H  712   146                       0.4924413    0.11994  75.6%   187   37s
   764   179    0.29949   56  380    0.49244    0.11994  75.6%   185   40s
H  783   184                       0.4820083    0.11994  75.1%   182   40s
H  783   179                       0.4816836    0.11994  75.1%   182   40s
H  784   176                       0.4812490    0.11994  75.1%   182   40s
H  784   171                       0.4807163    0.11994  75.1%   182   40s
H  784   167                       0.4738236    0.11994  74.7%   182   40s
H  784   164                       0.4731955    0.11994  74.7%   182   40s
H  785   162                       0.4731471    0.11994  74.7%   182   40s
H  785   162                       0.4730465    0.11994  74.6%   182   40s
H  785   162                       0.4728181    0.11994  74.6%   182   40s
H  792   169                       0.4726773    0.11994  74.6%   181   40s
H  893   226                       0.4726171    0.11994  74.6%   174   43s
H  893   224                       0.4669810    0.11994  74.3%   174   43s
H  893   224                       0.4665358    0.11994  74.3%   174   43s
H  893   224                       0.4663809    0.11994  74.3%   174   43s
H  895   226                       0.4645347    0.11994  74.2%   174   43s
H  895   226                       0.4643619    0.11994  74.2%   174   43s
H  895   226                       0.4636038    0.11994  74.1%   174   44s
H  898   229                       0.4635978    0.11994  74.1%   175   44s
H  899   230                       0.4634583    0.11994  74.1%   176   44s
H  905   236                       0.4632683    0.11994  74.1%   177   45s
H  939   270                       0.4630700    0.11994  74.1%   182   47s
H 1006   318                       0.4630076    0.11994  74.1%   181   50s
H 1006   318                       0.4623333    0.11994  74.1%   181   50s
H 1007   319                       0.4623290    0.11994  74.1%   183   50s
H 1008   320                       0.4596312    0.11994  73.9%   183   50s
H 1008   320                       0.4583163    0.11994  73.8%   183   50s
H 1008   320                       0.4583084    0.11994  73.8%   183   50s
H 1008   320                       0.4566469    0.11994  73.7%   183   50s
H 1008   320                       0.4543837    0.11994  73.6%   183   50s
H 1008   320                       0.4537452    0.11994  73.6%   183   50s
H 1010   322                       0.4537397    0.11994  73.6%   185   51s
H 1027   339                       0.4535725    0.11994  73.6%   189   52s
H 1115   413                       0.4494887    0.11994  73.3%   184   55s
H 1115   413                       0.4493880    0.11994  73.3%   184   55s
H 1115   413                       0.4488457    0.11994  73.3%   184   55s
H 1116   414                       0.4427309    0.12140  72.6%   185   56s
H 1116   414                       0.4425906    0.12140  72.6%   185   56s
H 1116   414                       0.4422815    0.12140  72.6%   185   56s
H 1116   414                       0.4388032    0.12140  72.3%   185   56s
H 1116   414                       0.4377215    0.12140  72.3%   185   56s
H 1116   414                       0.4371840    0.12140  72.2%   185   56s
H 1116   413                       0.4305957    0.12140  71.8%   185   56s
H 1116   413                       0.4295140    0.12140  71.7%   185   56s
H 1116   413                       0.4284934    0.12140  71.7%   185   56s
H 1118   415                       0.4282400    0.12140  71.7%   186   56s
H 1118   415                       0.4274557    0.12140  71.6%   186   56s
H 1118   415                       0.4272911    0.12140  71.6%   186   56s
H 1118   415                       0.4262411    0.12140  71.5%   186   56s
H 1118   415                       0.4257800    0.12140  71.5%   186   56s
H 1118   415                       0.4253606    0.12140  71.5%   186   56s
H 1123   416                       0.4243331    0.12140  71.4%   186   56s
H 1123   416                       0.4230004    0.12140  71.3%   186   56s
H 1126   419                       0.4228418    0.12140  71.3%   186   56s
H 1137   430                       0.4221299    0.12140  71.2%   188   57s
  1209   490    0.19817   27  436    0.42213    0.12140  71.2%   187   60s
  1380   600    0.14440   25  478    0.42213    0.12154  71.2%   177   65s
H 1389   607                       0.4217999    0.12154  71.2%   178   65s
H 1389   607                       0.4203553    0.12154  71.1%   178   65s
H 1389   607                       0.4201755    0.12154  71.1%   178   65s
H 1390   608                       0.4200208    0.12154  71.1%   178   66s
  1491   686    0.13414   32  454    0.42002    0.12154  71.1%   179   70s
H 1628   796                       0.4194981    0.12159  71.0%   174   74s
H 1628   796                       0.4185316    0.12159  70.9%   174   74s
H 1628   796                       0.4185238    0.12159  70.9%   174   74s
H 1629   797                       0.4180236    0.12159  70.9%   174   74s
  1636   806    0.15853   66  358    0.41802    0.12159  70.9%   174   75s
H 1654   822                       0.4176618    0.12159  70.9%   172   75s
  1860   974    0.14854   27  461    0.41766    0.12211  70.8%   164   80s
  2108  1190    0.19637   52  380    0.41766    0.12219  70.7%   158   85s
  2246  1299    0.12781   27  510    0.41766    0.12246  70.7%   157   90s
  2474  1488    0.12441   21  542    0.41766    0.12359  70.4%   155   95s
  2762  1732    0.30291   45  394    0.41766    0.12404  70.3%   151  100s
  3197  2074    0.17682   56  397    0.41766    0.12441  70.2%   140  105s
  3516  2308    0.14836   38  442    0.41766    0.12494  70.1%   139  110s
  3941  2659    0.16319   49  423    0.41766    0.12531  70.0%   132  119s
  3965  2683    0.19132   73  363    0.41766    0.12531  70.0%   132  120s
  4317  2956    0.39144   52  304    0.41766    0.12568  69.9%   130  125s
  4790  3331    0.14588   36  417    0.41766    0.12587  69.9%   125  130s
  5249  3693    0.14108   23  536    0.41766    0.12605  69.8%   120  135s
  5721  4065    0.25274   90  326    0.41766    0.12628  69.8%   117  140s
  6075  4333    0.12704   26  478    0.41766    0.12640  69.7%   117  145s
  6502  4656    0.33379   42  401    0.41766    0.12654  69.7%   115  150s
  6951  5005    0.17036   40  420    0.41766    0.12680  69.6%   114  155s
  7360  5328    0.29403   54  338    0.41766    0.12685  69.6%   113  160s
  7767  5629 infeasible   58         0.41766    0.12699  69.6%   113  165s
  8288  6036    0.30067   60  384    0.41766    0.12717  69.6%   110  170s
H 8483  6192                       0.4175477    0.12723  69.5%   110  173s
  8508  6219    0.31402   44  398    0.41755    0.12723  69.5%   111  175s
  8907  6543    0.28154  100  235    0.41755    0.12732  69.5%   110  180s
  9351  6898    0.37384   40  362    0.41755    0.12740  69.5%   108  185s
  9744  7202    0.35633  117  223    0.41755    0.12753  69.5%   107  190s
 10016  7423    0.30357   60  355    0.41755    0.12765  69.4%   107  195s
 10203  7551    0.13297   35  555    0.41755    0.12771  69.4%   108  218s
 10208  7554    0.38938   48  578    0.41755    0.12771  69.4%   108  220s
 10213  7558    0.12859   26  591    0.41755    0.12771  69.4%   108  225s
 10218  7561    0.16582   55  590    0.41755    0.12771  69.4%   108  230s
 10223  7564    0.26818   91  622    0.41755    0.12771  69.4%   108  235s
 10228  7568    0.15358   43  597    0.41755    0.12771  69.4%   108  240s
H10231  7191                       0.4170053    0.12771  69.4%   108  245s
H10235  6832                       0.4140969    0.12771  69.2%   108  249s
H10235  6490                       0.4140721    0.12771  69.2%   108  249s
 10237  6492    0.21957   26  655    0.41407    0.12771  69.2%   108  250s
 10241  6494    0.27676   79  640    0.41407    0.12771  69.2%   108  255s
H10241  6169                       0.4136994    0.12771  69.1%   108  256s
H10241  5860                       0.4136972    0.12771  69.1%   108  256s
H10243  5568                       0.4125145    0.12771  69.0%   108  258s
H10245  5290                       0.4122772    0.12771  69.0%   107  260s
H10245  5025                       0.4121974    0.12771  69.0%   107  260s
H10245  4773                       0.4121010    0.12771  69.0%   107  260s
H10245  4533                       0.4119187    0.12771  69.0%   107  260s
H10245  4306                       0.4111916    0.12771  68.9%   107  260s
H10245  4090                       0.4110938    0.12771  68.9%   107  260s
H10247  3885                       0.4104132    0.12771  68.9%   107  262s
H10249  3692                       0.4096248    0.12771  68.8%   107  263s
H10249  3507                       0.4093016    0.12771  68.8%   107  263s
H10249  3331                       0.4092374    0.12771  68.8%   107  263s
H10249  3164                       0.4090236    0.12771  68.8%   107  263s
H10249  3005                       0.4089614    0.12771  68.8%   107  263s
H10249  2854                       0.4089611    0.12771  68.8%   107  263s
 10252  2856    0.22521   74  645    0.40896    0.12771  68.8%   107  265s
H10253  2712                       0.4084626    0.12771  68.7%   107  267s
H10253  2575                       0.4082219    0.12771  68.7%   107  267s
H10253  2446                       0.4081118    0.12771  68.7%   107  267s
H10253  2323                       0.4080969    0.12771  68.7%   107  267s
 10257  2326    0.17876   40  632    0.40810    0.12771  68.7%   107  270s
 10261  2329    0.16242   36  637    0.40810    0.12771  68.7%   107  275s
H10263  2212                       0.4080784    0.12771  68.7%   107  278s
 10266  2214    0.22299   75  646    0.40808    0.12771  68.7%   107  280s
 10271  2217    0.15643   40  650    0.40808    0.12771  68.7%   107  285s
 10277  2221    0.17317   77  654    0.40808    0.12771  68.7%   107  290s

Cutting planes:
  Learned: 17
  Gomory: 8
  Cover: 10
  Implied bound: 33
  Projected implied bound: 14
  Clique: 25
  MIR: 132
  StrongCG: 6
  Flow cover: 209
  Zero half: 5
  RLT: 6
  Relax-and-lift: 12
  BQP: 19

Explored 10287 nodes (1210672 simplex iterations) in 294.95 seconds (549.27 work units)
Thread count was 1 (of 20 available processors)

Solution count 10: 0.408078 0.408097 0.408112 ... 0.409625

Time limit reached
Best objective 4.080783695702e-01, best bound 1.277111399125e-01, gap 68.7043%

User-callback calls 113774, time in user-callback 0.03 sec
