
Gurobi 13.0.2 (win64) logging started Fri Aug  7 21:26:37 2026

Set parameter LogFile to value "E:\codes\ExactEBRP\results\gf_v10_convergence_round33\runs\stage1__round33_v10_tight_T_M3_Q20_seed284843780__c6_frozen__3600s\external\native_logs\L1_lp.gurobi.log"
Gurobi Optimizer version 13.0.2 build v13.0.2rc1 (win64 - Windows 10.0 (19045.2))

CPU model: 12th Gen Intel(R) Core(TM) i7-12700KF, instruction set [SSE2|AVX|AVX2]
Thread count: 12 physical cores, 20 logical processors, using up to 1 threads

Non-default parameters:
TimeLimit  3582.763462
MIPGap  0
MIPGapAbs  0
LogToConsole  0
Threads  1

Optimize a model with 6000 rows, 1043 columns and 44295 nonzeros (Min)
Model fingerprint: 0x7c0681b6
Model has 11 linear objective coefficients
Coefficient statistics:
  Matrix range     [1e-02, 1e+05]
  Objective range  [1e-02, 1e+00]
  Bounds range     [2e-01, 4e+02]
  RHS range        [2e-01, 1e+06]

Presolve removed 358 rows and 67 columns
Presolve time: 0.02s
Presolved: 5642 rows, 977 columns, 42343 nonzeros

Iteration    Objective       Primal Inf.    Dual Inf.      Time
       0    1.0402454e+00   1.164669e+02   0.000000e+00      0s

Extra simplex iterations after uncrush: 18
    1652    1.0793191e+00   0.000000e+00   0.000000e+00      0s

Solved in 1652 iterations and 0.10 seconds (0.32 work units)
Optimal objective  1.079319070e+00

User-callback calls 1815, time in user-callback 0.00 sec
