
Gurobi 13.0.2 (win64) logging started Sat Jul 25 02:01:52 2026

Set parameter LogFile to value "E:\codes\ExactEBRP\results\gf_nonblocking_gurobi_c6_round31\runs\stage4__tight_T_seed3101__c6_candidate__300s\external\native_logs\L1_terminal_mip.gurobi.log"
Gurobi Optimizer version 13.0.2 build v13.0.2rc1 (win64 - Windows 10.0 (19045.2))

CPU model: 12th Gen Intel(R) Core(TM) i7-12700KF, instruction set [SSE2|AVX|AVX2]
Thread count: 12 physical cores, 20 logical processors, using up to 1 threads

Non-default parameters:
TimeLimit  137.0133292
MIPGap  0
MIPGapAbs  0
LogToConsole  0
Threads  1

Optimize a model with 11939 rows, 3384 columns and 67420 nonzeros (Min)
Model fingerprint: 0x1f1358a7
Model has 21 linear objective coefficients
Variable types: 1689 continuous, 1695 integer (1495 binary)
Coefficient statistics:
  Matrix range     [7e-03, 2e+04]
  Objective range  [7e-03, 1e+00]
  Bounds range     [3e-02, 3e+02]
  RHS range        [3e-02, 5e+04]

Presolved: 10274 rows, 3252 columns, 70680 nonzeros

Continuing optimization...

   607   550    0.05528   26  242          -    0.05371      -   508  140s
   612   553    0.05412   29  252          -    0.05382      -   516  145s
   622   560    0.05438   34  268          -    0.05382      -   529  150s
   625   560    0.06137   35  203          -    0.05382      -   532  158s
   627   561    0.05795   36  218          -    0.05382      -   533  160s
   655   580    0.06164   50  179          -    0.05382      -   545  165s
   689   601    0.06495   67  195          -    0.05382      -   547  170s
   724   598    0.06322   85  149          -    0.05382      -   543  175s
   763   596    0.07473  104  150          -    0.05382      -   534  180s
   803   594    0.07479   33  184          -    0.05382      -   533  185s
   825   602 infeasible   44               -    0.05382      -   533  190s
   870   598    0.07395   33  212          -    0.05419      -   533  195s
   886   605    0.07152   41  142          -    0.05419      -   531  202s
   898   609    0.07272   47  130          -    0.05419      -   529  205s
   957   605    0.06881   35  214          -    0.05421      -   520  210s
  1003   603    0.05694   30  250          -    0.05468      -   521  215s
  1038   614    0.05866   32  215          -    0.05473      -   524  220s
  1079   618    0.06544   33  191          -    0.05510      -   527  225s
  1122   620    0.05783   34  187          -    0.05510      -   525  230s
  1175   626    0.07652   40  110          -    0.05528      -   520  235s
  1200   630    0.06180   38  173          -    0.05546      -   521  240s
  1237   636    0.06816   34  163          -    0.05569      -   525  245s
  1267   646    0.06678   43  168          -    0.05569      -   529  250s
  1300   654    0.06998   38  213          -    0.05580      -   533  260s
  1341   653    0.06861   32  208          -    0.05591      -   534  265s
  1390   656 infeasible   40               -    0.05598      -   529  270s
  1454   648 infeasible   44               -    0.05601      -   526  275s

Cutting planes:
  Learned: 13
  Gomory: 4
  Cover: 32
  Implied bound: 81
  Projected implied bound: 13
  Clique: 11
  MIR: 112
  StrongCG: 5
  Flow cover: 271
  GUB cover: 2
  Zero half: 24
  Network: 33
  RLT: 4
  Relax-and-lift: 27

Explored 1466 nodes (816043 simplex iterations) in 276.22 seconds (528.53 work units)
Most recent optimization runtime was 137.01 seconds (272.18 work units)
Thread count was 1 (of 20 available processors)

Solution count 0

Time limit reached
Best objective -, best bound 5.602005368619e-02, gap -

User-callback calls 27064, time in user-callback 0.01 sec
