
Gurobi 13.0.2 (win64) logging started Fri Aug  7 21:01:37 2026

Set parameter LogFile to value "E:\codes\ExactEBRP\results\gf_v10_convergence_round33\stage0_runs\certificate_promotion__round33_v10_moderate_M2_Q30_seed763364383__p_grb\native.log"
Set parameter Threads to value 1
Set parameter Presolve to value -1
Set parameter Seed to value 0
Set parameter MIPGap to value 0
Set parameter MIPGapAbs to value 0
Set parameter TimeLimit to value 3600
Read LP format model from file E:\codes\ExactEBRP\results\gf_v10_convergence_round33\stage0_runs\certificate_promotion__round33_v10_moderate_M2_Q30_seed763364383__p_grb\canonical.lp
Reading time = 0.00 seconds
obj: 1137 rows, 538 columns, 4653 nonzeros
Set parameter TimeLimit to value 3584.9737816
Gurobi Optimizer version 13.0.2 build v13.0.2rc1 (win64 - Windows 10.0 (19045.2))

CPU model: 12th Gen Intel(R) Core(TM) i7-12700KF, instruction set [SSE2|AVX|AVX2]
Thread count: 12 physical cores, 20 logical processors, using up to 1 threads

Non-default parameters:
TimeLimit  3584.9737816
MIPGap  0
MIPGapAbs  0
LogToConsole  0
Threads  1

Optimize a model with 1137 rows, 538 columns and 4653 nonzeros (Min)
Model fingerprint: 0xa27e2d1c
Model has 11 linear objective coefficients
Variable types: 152 continuous, 386 integer (316 binary)
Coefficient statistics:
  Matrix range     [3e-02, 6e+02]
  Objective range  [9e-03, 1e+00]
  Bounds range     [1e+00, 5e+01]
  RHS range        [1e+00, 4e+03]

Presolve removed 54 rows and 14 columns
Presolve time: 0.01s
Presolved: 1083 rows, 524 columns, 5522 nonzeros
Variable types: 87 continuous, 437 integer (314 binary)
Found heuristic solution: objective 0.8688929

Root relaxation: objective 3.299242e-02, 458 iterations, 0.01 seconds (0.01 work units)

    Nodes    |    Current Node    |     Objective Bounds      |     Work
 Expl Unexpl |  Obj  Depth IntInf | Incumbent    BestBd   Gap | It/Node Time

     0     0    0.03299    0  145    0.86889    0.03299  96.2%     -    0s
     0     0    0.05054    0  159    0.86889    0.05054  94.2%     -    0s
H    0     0                       0.8066048    0.05064  93.7%     -    0s
     0     0    0.05324    0  158    0.80660    0.05324  93.4%     -    0s
     0     0    0.05561    0  156    0.80660    0.05561  93.1%     -    0s
H    0     0                       0.7980900    0.05594  93.0%     -    0s
     0     0    0.05594    0  161    0.79809    0.05594  93.0%     -    0s
     0     0    0.05594    0  178    0.79809    0.05594  93.0%     -    0s
H    0     0                       0.7847767    0.05594  92.9%     -    0s
H    0     0                       0.7817263    0.05594  92.8%     -    0s
     0     0    0.05594    0  182    0.78173    0.05594  92.8%     -    0s
     0     0    0.05594    0  174    0.78173    0.05594  92.8%     -    0s
H    0     0                       0.7315701    0.05594  92.4%     -    0s
     0     0    0.05594    0  190    0.73157    0.05594  92.4%     -    0s
     0     0    0.05594    0  186    0.73157    0.05594  92.4%     -    0s
H    0     0                       0.7089691    0.05594  92.1%     -    0s
H    0     0                       0.6997196    0.05594  92.0%     -    0s
     0     0    0.05594    0  183    0.69972    0.05594  92.0%     -    0s
     0     0    0.05611    0  192    0.69972    0.05611  92.0%     -    0s
H    0     0                       0.6931496    0.05611  91.9%     -    0s
     0     0    0.05614    0  184    0.69315    0.05614  91.9%     -    0s
     0     0    0.05614    0  188    0.69315    0.05614  91.9%     -    0s
     0     0    0.05614    0  189    0.69315    0.05614  91.9%     -    0s
     0     0    0.05614    0  193    0.69315    0.05614  91.9%     -    0s
     0     0    0.05614    0  192    0.69315    0.05614  91.9%     -    0s
     0     0    0.05614    0  181    0.69315    0.05614  91.9%     -    0s
     0     2    0.05638    0  177    0.69315    0.05638  91.9%     -    0s
H   29    29                       0.6897807    0.05695  91.7%  18.7    0s
H   29    29                       0.6853496    0.05695  91.7%  18.7    0s
H   29    29                       0.6850883    0.05695  91.7%  18.7    0s
H   78    68                       0.2813385    0.05695  79.8%  22.0    0s
H   78    68                       0.2755194    0.05695  79.3%  22.0    0s
H  148   126                       0.2466302    0.05743  76.7%  23.0    0s
H  148   126                       0.2306877    0.05743  75.1%  23.0    0s
H  148   126                       0.2207869    0.05743  74.0%  23.0    0s
H  148   126                       0.2185580    0.05743  73.7%  23.0    0s
H  148   124                       0.1998159    0.05743  71.3%  23.0    0s
H  148   124                       0.1926604    0.05743  70.2%  23.0    0s
H  148   124                       0.1882293    0.05743  69.5%  23.0    0s
H  148   123                       0.1807870    0.05743  68.2%  23.0    0s
H  403   300                       0.1805391    0.05816  67.8%  23.0    0s
H  403   300                       0.1804455    0.05816  67.8%  23.0    0s
*  455   336              41       0.1713145    0.05816  66.0%  21.7    0s
*  457   315              42       0.1580786    0.05816  63.2%  21.6    0s
H  509   361                       0.1579948    0.05829  63.1%  22.6    0s
H  509   360                       0.1577994    0.05829  63.1%  22.6    0s
H  509   360                       0.1577761    0.05829  63.1%  22.6    0s
H  537   372                       0.1553209    0.05829  62.5%  22.5    0s
H  616   411                       0.1525756    0.06516  57.3%  21.4    1s
H  618   392                       0.1519989    0.06540  57.0%  21.4    1s
H  622   374                       0.1519490    0.06715  55.8%  21.2    1s
H  622   355                       0.1508386    0.06715  55.5%  21.2    1s
H  624   339                       0.1452657    0.06746  53.6%  21.2    2s
H  628   323                       0.1450698    0.06829  52.9%  21.0    2s
H  630   308                       0.1445262    0.06916  52.1%  21.0    2s
H  634   294                       0.1442710    0.07038  51.2%  20.8    2s
H  636   281                       0.1436230    0.07099  50.6%  20.8    2s
H  636   266                       0.1418922    0.07099  50.0%  20.8    2s
H  636   252                       0.1413246    0.07099  49.8%  20.8    2s
H  636   239                       0.1409286    0.07099  49.6%  20.8    2s
H  636   226                       0.1403633    0.07099  49.4%  20.8    2s
H  636   214                       0.1401929    0.07099  49.4%  20.8    2s
   694   255    0.11860   26  208    0.14019    0.07432  47.0%  38.8    5s
H  698   243                       0.1400499    0.07572  45.9%  45.3    5s
H  717   244                       0.1396919    0.07572  45.8%  45.7    5s
H  718   233                       0.1393996    0.07572  45.7%  45.8    5s
H  718   222                       0.1393398    0.07572  45.7%  45.8    5s
H  718   211                       0.1392826    0.07572  45.6%  45.8    5s
* 1209   338              84       0.1389573    0.08197  41.0%  45.2    7s
H 1214   327                       0.1384287    0.08198  40.8%  45.3    7s
H 1273   365                       0.1377258    0.08203  40.4%  44.4    7s
H 1274   366                       0.1377170    0.08203  40.4%  44.5    7s
H 1274   366                       0.1377117    0.08203  40.4%  44.5    7s
H 1274   364                       0.1372798    0.08203  40.2%  44.5    7s
H 1420   432                       0.1372783    0.08279  39.7%  44.4    7s
H 1420   430                       0.1369589    0.08279  39.6%  44.4    7s
  2343   842    0.09054   46  185    0.13696    0.08606  37.2%  45.1   10s
H 2698   989                       0.1369516    0.08673  36.7%  45.6   10s
H 2698   988                       0.1368508    0.08673  36.6%  45.6   10s
H 2698   980                       0.1361811    0.08673  36.3%  45.6   10s
  4993  1950    0.09463   53  124    0.13618    0.09002  33.9%  42.6   15s
* 7444  2765              76       0.1358531    0.09357  31.1%  41.6   19s
* 7594  2815              79       0.1358152    0.09398  30.8%  41.5   19s
  8008  2951    0.12337   51  127    0.13582    0.09450  30.4%  41.1   20s
H 8476  3061                       0.1350747    0.09524  29.5%  41.0   20s
H 9249  3267                       0.1350747    0.09604  28.9%  40.8   22s
 10203  3577    0.11825   64  181    0.13507    0.09679  28.3%  40.1   28s
 10215  3585    0.10767   47  222    0.13507    0.09679  28.3%  40.1   30s
 10248  3607    0.12222   53  232    0.13507    0.09679  28.3%  39.9   35s
 10285  3632    0.11671   50  238    0.13507    0.09679  28.3%  39.8   40s
 11222  3789    0.10359   58  133    0.13507    0.09679  28.3%  42.0   45s
 13273  3810    0.12499   62  114    0.13507    0.10809  20.0%  41.8   50s
 16597  3730    0.12743   57  129    0.13507    0.11562  14.4%  40.2   55s
 19787  3496     cutoff   79         0.13507    0.11876  12.1%  39.2   60s
 22723  3687    0.13366   72   78    0.13507    0.12061  10.7%  38.0   65s
 26293  4302    0.12697   71  114    0.13507    0.12204  9.65%  36.8   70s
 30172  4880     cutoff   71         0.13507    0.12323  8.77%  35.5   75s
 34168  5283    0.13305   75   90    0.13507    0.12411  8.12%  34.3   80s
 38089  5689 infeasible   75         0.13507    0.12491  7.52%  33.4   85s
 42185  6129 infeasible   97         0.13507    0.12564  6.98%  32.4   90s
 46140  6461    0.13497   68  113    0.13507    0.12619  6.58%  31.7   95s
 49955  6579     cutoff   80         0.13507    0.12675  6.17%  31.0  100s
 54299  6712    0.13094   81   52    0.13507    0.12732  5.74%  30.3  105s
 58224  6735    0.12863   81   74    0.13507    0.12790  5.31%  29.9  110s
 62344  6680     cutoff   81         0.13507    0.12835  4.98%  29.3  115s
 66444  6487     cutoff   70         0.13507    0.12880  4.65%  28.8  120s
 70309  6244     cutoff   68         0.13507    0.12925  4.31%  28.4  125s
 74317  5852    0.13346   76   38    0.13507    0.12979  3.91%  28.1  130s
 78569  5399    0.13211   82   62    0.13507    0.13029  3.54%  27.7  135s
 82700  4734    0.13401   72   50    0.13507    0.13083  3.14%  27.4  140s
 86793  3883     cutoff   72         0.13507    0.13146  2.68%  27.0  145s
 90792  2827    0.13424   81   19    0.13507    0.13215  2.16%  26.7  150s
 94811  1188     cutoff   80         0.13507    0.13336  1.27%  26.5  155s

Cutting planes:
  Learned: 19
  Gomory: 4
  Cover: 117
  Implied bound: 61
  Projected implied bound: 30
  Clique: 19
  MIR: 745
  StrongCG: 86
  Flow cover: 657
  GUB cover: 5
  Inf proof: 13
  Zero half: 40
  Mod-K: 2
  RLT: 21
  Relax-and-lift: 39
  BQP: 6
  PSD: 1

Explored 96742 nodes (2548050 simplex iterations) in 157.23 seconds (241.28 work units)
Thread count was 1 (of 20 available processors)

Solution count 10: 0.135075 0.135075 0.135815 ... 0.13728

Optimal solution found (tolerance 0.00e+00)
Best objective 1.350746965602e-01, best bound 1.350746965602e-01, gap 0.0000%

User-callback calls 253851, time in user-callback 0.11 sec
