
Gurobi 13.0.2 (win64) logging started Fri Oct  2 22:40:06 2026

Set parameter LogFile to value "E:\codes\ExactEBRP\results\unified_exact_round100\development01\raw\05_R98-C1_M-B\external\native_logs\L0_terminal_mip.gurobi.log"
Set parameter TimeLimit to value 594.4873863
Gurobi Optimizer version 13.0.2 build v13.0.2rc1 (win64 - Windows 10.0 (19045.2))

CPU model: 12th Gen Intel(R) Core(TM) i7-12700KF, instruction set [SSE2|AVX|AVX2]
Thread count: 12 physical cores, 20 logical processors, using up to 1 threads

Non-default parameters:
TimeLimit  594.4873863
MIPGap  0
MIPGapAbs  0
LogToConsole  0
Threads  1

Optimize a model with 9138 rows, 3318 columns and 53024 nonzeros (Min)
Model fingerprint: 0xd8f16a10
Model has 21 linear objective coefficients
Variable types: 1776 continuous, 1542 integer (1482 binary)
Coefficient statistics:
  Matrix range     [4e-02, 1e+04]
  Objective range  [5e-02, 1e+00]
  Bounds range     [4e-01, 4e+02]
  RHS range        [4e-01, 4e+04]

Loaded user MIP start with objective 0.377846

Presolve removed 1938 rows and 22 columns
Presolve time: 0.09s
Presolved: 7200 rows, 3296 columns, 42711 nonzeros
Variable types: 1564 continuous, 1732 integer (1482 binary)

Root relaxation: objective 8.764071e-02, 3486 iterations, 0.13 seconds (0.29 work units)

    Nodes    |    Current Node    |     Objective Bounds      |     Work
 Expl Unexpl |  Obj  Depth IntInf | Incumbent    BestBd   Gap | It/Node Time

     0     0    0.08764    0  179    0.37785    0.08764  76.8%     -    0s
     0     0    0.13216    0  317    0.37785    0.13216  65.0%     -    0s
     0     0    0.16513    0  334    0.37785    0.16513  56.3%     -    0s
     0     0    0.17887    0  425    0.37785    0.17887  52.7%     -    1s
     0     0    0.20366    0  366    0.37785    0.20366  46.1%     -    1s
     0     0    0.21577    0  361    0.37785    0.21577  42.9%     -    1s
     0     0    0.21758    0  416    0.37785    0.21758  42.4%     -    1s
     0     0    0.22899    0  394    0.37785    0.22899  39.4%     -    1s
     0     0    0.22975    0  387    0.37785    0.22975  39.2%     -    2s
     0     0    0.23163    0  382    0.37785    0.23163  38.7%     -    2s
     0     0    0.23212    0  391    0.37785    0.23212  38.6%     -    2s
     0     0    0.23212    0  391    0.37785    0.23212  38.6%     -    2s
     0     0    0.23212    0  391    0.37785    0.23212  38.6%     -    2s
     0     0    0.23212    0  391    0.37785    0.23212  38.6%     -    2s
     0     0    0.23212    0  391    0.37785    0.23212  38.6%     -    2s
     0     0    0.23212    0  391    0.37785    0.23212  38.6%     -    2s
     0     0    0.23212    0  391    0.37785    0.23212  38.6%     -    2s
     0     0    0.23411    0  395    0.37785    0.23411  38.0%     -    2s
     0     0    0.23579    0  410    0.37785    0.23579  37.6%     -    2s
     0     0    0.24071    0  428    0.37785    0.24071  36.3%     -    2s
     0     0    0.24156    0  438    0.37785    0.24156  36.1%     -    2s
     0     0    0.24919    0  396    0.37785    0.24919  34.1%     -    3s
     0     0    0.25194    0  409    0.37785    0.25194  33.3%     -    3s
     0     0    0.25510    0  395    0.37785    0.25510  32.5%     -    3s
     0     0    0.25594    0  426    0.37785    0.25594  32.3%     -    3s
     0     0    0.26096    0  428    0.37785    0.26096  30.9%     -    3s
     0     0    0.26136    0  429    0.37785    0.26136  30.8%     -    3s
     0     0    0.26269    0  407    0.37785    0.26269  30.5%     -    4s
     0     0    0.26525    0  410    0.37785    0.26525  29.8%     -    4s
     0     0    0.26585    0  419    0.37785    0.26585  29.6%     -    4s
     0     0    0.26593    0  419    0.37785    0.26593  29.6%     -    4s
     0     0    0.26606    0  431    0.37785    0.26606  29.6%     -    4s
     0     0    0.26619    0  431    0.37785    0.26619  29.5%     -    5s
     0     0    0.26625    0  432    0.37785    0.26625  29.5%     -    5s
     0     0    0.26625    0  432    0.37785    0.26625  29.5%     -    5s
     0     0    0.26625    0  423    0.37785    0.26625  29.5%     -    5s
H    0     0                       0.3686123    0.26625  27.8%     -    5s
     0     2    0.26625    0  416    0.36861    0.26625  27.8%     -    5s
H    2     2                       0.3676427    0.26625  27.6%   277    5s
H    2     2                       0.3665153    0.26625  27.4%   277    5s
H   21    21                       0.3600776    0.26944  25.2%   320    6s
H   21    21                       0.3600029    0.26944  25.2%   320    6s
H  228   193                       0.3599437    0.27052  24.8%   144    9s
   240   207    0.35947   20  222    0.35994    0.27052  24.8%   145   10s
H  254   204                       0.3589364    0.27076  24.6%   149   10s
   588   414    0.34077   25  203    0.35894    0.28820  19.7%   160   15s
H  631   439                       0.3587412    0.28932  19.4%   158   15s
   644   448    0.34462   29  403    0.35874    0.28932  19.4%   155   20s
   662   462    0.29994   21  331    0.35874    0.28932  19.4%   179   25s
   774   476     cutoff   24         0.35874    0.28932  19.4%   183   30s
   927   494    0.35529   46  168    0.35874    0.28932  19.4%   176   35s
  1071   488    0.32118   22  320    0.35874    0.29769  17.0%   172   40s
  1205   498    0.32301   20  309    0.35874    0.30078  16.2%   169   45s
  1431   489     cutoff   29         0.35874    0.30799  14.1%   161   50s
  1665   476    0.34391   19  400    0.35874    0.31085  13.3%   158   55s
  1870   450    0.35571   21  260    0.35874    0.31868  11.2%   159   60s
  2134   452    0.34046   28  262    0.35874    0.32292  10.0%   155   65s
  2477   525    0.35241   23  310    0.35874    0.32588  9.16%   149   70s
  2747   574    0.33221   24  379    0.35874    0.32781  8.62%   145   75s
  2999   601    0.35566   24  309    0.35874    0.33036  7.91%   142   80s
  3233   604    0.34217   28  239    0.35874    0.33323  7.11%   142   85s
  3451   612    0.33964   26  321    0.35874    0.33479  6.68%   142   90s
  3695   622 infeasible   27         0.35874    0.33650  6.20%   143   95s
  4013   620     cutoff   24         0.35874    0.33850  5.64%   142  100s
  4324   653    0.34604   26  346    0.35874    0.34028  5.15%   139  105s
  4650   646 infeasible   24         0.35874    0.34185  4.71%   138  110s
  4939   654    0.35030   32  336    0.35874    0.34346  4.26%   136  115s
  5208   622 infeasible   35         0.35874    0.34482  3.88%   136  120s
  5618   653     cutoff   43         0.35874    0.34669  3.36%   133  125s
  5919   633     cutoff   25         0.35874    0.34792  3.02%   133  130s
  6618   783    0.35100   39   63    0.35874    0.34928  2.64%   124  135s
  7534   987 infeasible   35         0.35874    0.35033  2.34%   114  140s
  8073  1072     cutoff   32         0.35874    0.35071  2.24%   110  145s
  8856  1223    0.35242   43   74    0.35874    0.35138  2.05%   103  151s
  9499  1360     cutoff   41         0.35874    0.35171  1.96%  98.2  155s
 10653  1579    0.35219   45   85    0.35874    0.35212  1.85%  91.0  160s
 11917  1766    0.35860   36  133    0.35874    0.35254  1.73%  84.4  165s
 13002  1912    0.35638   44  132    0.35874    0.35282  1.65%  79.5  170s
 14428  2051    0.35514   50  100    0.35874    0.35323  1.54%  74.3  175s
 15759  2157     cutoff   44         0.35874    0.35351  1.46%  70.4  180s
 17100  2284     cutoff   42         0.35874    0.35375  1.39%  67.0  185s
 18495  2369    0.35627   49  114    0.35874    0.35403  1.31%  63.9  190s
 19935  2376 infeasible   45         0.35874    0.35431  1.24%  61.2  195s
 21320  2378    0.35545   49   72    0.35874    0.35454  1.17%  58.9  200s
 22803  2358 infeasible   32         0.35874    0.35481  1.10%  56.6  205s
 24296  2333    0.35578   41  110    0.35874    0.35504  1.03%  54.7  210s
 25856  2281 infeasible   56         0.35874    0.35529  0.96%  52.8  215s
 27139  2267    0.35552   43  129    0.35874    0.35552  0.90%  51.5  220s
 28523  2180     cutoff   49         0.35874    0.35574  0.84%  50.1  225s
 30045  2007    0.35788   50  120    0.35874    0.35603  0.76%  48.7  230s
 31516  1801    0.35742   33  164    0.35874    0.35629  0.68%  47.5  235s
 33102  1668    0.35756   44  172    0.35874    0.35654  0.61%  46.2  240s
 34624  1367     cutoff   42         0.35874    0.35684  0.53%  45.1  245s
 36106   961    0.35758   52  115    0.35874    0.35726  0.41%  44.2  250s
 37428   400    0.35825   43   87    0.35874    0.35790  0.23%  43.4  255s

Cutting planes:
  Learned: 34
  Cover: 100
  Implied bound: 136
  Projected implied bound: 24
  Clique: 17
  MIR: 282
  Mixing: 3
  Knapsack: 1
  StrongCG: 9
  Flow cover: 394
  GUB cover: 11
  Inf proof: 5
  Zero half: 1
  Network: 41
  RLT: 6
  Relax-and-lift: 28

Explored 38002 nodes (1657281 simplex iterations) in 257.24 seconds (424.55 work units)
Thread count was 1 (of 20 available processors)

Solution count 10: 0.358741 0.358741 0.358936 ... 0.377846

Optimal solution found (tolerance 0.00e+00)
Best objective 3.587412415544e-01, best bound 3.587412415544e-01, gap 0.0000%

User-callback calls 107984, time in user-callback 4.27 sec
