
Gurobi 13.0.2 (win64) logging started Sat Aug  8 14:52:33 2026

Set parameter LogFile to value "E:\codes\ExactEBRP\results\gf_c6_documentation_hga_round34\runs\v10__round33_v10_tight_T_M2_Q30_seed1783646009__c6_simple_start__3600s\external\native_logs\L0.1_c6_1_next_leaf_target_mip.gurobi.log"
Gurobi Optimizer version 13.0.2 build v13.0.2rc1 (win64 - Windows 10.0 (19045.2))

CPU model: 12th Gen Intel(R) Core(TM) i7-12700KF, instruction set [SSE2|AVX|AVX2]
Thread count: 12 physical cores, 20 logical processors, using up to 1 threads

Non-default parameters:
TimeLimit  3584.279963
MIPGap  0
MIPGapAbs  0
LogToConsole  0
Threads  1

Optimize a model with 4261 rows, 759 columns and 30613 nonzeros (Min)
Model fingerprint: 0xed6d9d6a
Model has 11 linear objective coefficients
Variable types: 374 continuous, 385 integer (315 binary)
Coefficient statistics:
  Matrix range     [1e-02, 1e+05]
  Objective range  [1e-02, 1e+00]
  Bounds range     [1e-01, 2e+02]
  RHS range        [1e-01, 1e+06]

Presolve removed 807 rows and 64 columns
Presolve time: 0.10s
Presolved: 3454 rows, 695 columns, 31406 nonzeros
Variable types: 339 continuous, 356 integer (294 binary)

Root relaxation: objective 4.735330e-01, 1143 iterations, 0.06 seconds (0.19 work units)

    Nodes    |    Current Node    |     Objective Bounds      |     Work
 Expl Unexpl |  Obj  Depth IntInf | Incumbent    BestBd   Gap | It/Node Time

     0     0    0.47353    0  131          -    0.47353      -     -    0s
     0     0    0.50449    0  135          -    0.50449      -     -    0s

Cutting planes:
  Learned: 1
  Gomory: 29
  Cover: 12
  Implied bound: 59
  Clique: 5
  MIR: 42
  StrongCG: 1
  Flow cover: 22
  GUB cover: 2
  Zero half: 4
  Network: 6
  RLT: 5
  Relax-and-lift: 10
  BQP: 6

Explored 1 nodes (1484 simplex iterations) in 0.37 seconds (0.61 work units)
Thread count was 1 (of 20 available processors)

Solution count 0

Solve interrupted
Best objective -, best bound 5.044931435779e-01, gap -

User-callback calls 820, time in user-callback 0.00 sec
