
Gurobi 13.0.2 (win64) logging started Sat Aug  8 14:52:33 2026

Set parameter LogFile to value "E:\codes\ExactEBRP\results\gf_c6_documentation_hga_round34\runs\v10__round33_v10_tight_T_M2_Q30_seed1783646009__c6_simple_start__3600s\external\native_logs\L0_c6_1_next_leaf_target_mip.gurobi.log"
Gurobi Optimizer version 13.0.2 build v13.0.2rc1 (win64 - Windows 10.0 (19045.2))

CPU model: 12th Gen Intel(R) Core(TM) i7-12700KF, instruction set [SSE2|AVX|AVX2]
Thread count: 12 physical cores, 20 logical processors, using up to 1 threads

Non-default parameters:
TimeLimit  3584.760785
MIPGap  0
MIPGapAbs  0
LogToConsole  0
Threads  1

Optimize a model with 4261 rows, 759 columns and 30493 nonzeros (Min)
Model fingerprint: 0x1e7dddcb
Model has 11 linear objective coefficients
Variable types: 374 continuous, 385 integer (315 binary)
Coefficient statistics:
  Matrix range     [1e-02, 1e+05]
  Objective range  [1e-02, 1e+00]
  Bounds range     [2e-01, 2e+02]
  RHS range        [2e-01, 1e+06]

Presolve removed 861 rows and 67 columns
Presolve time: 0.09s
Presolved: 3400 rows, 692 columns, 31222 nonzeros
Variable types: 332 continuous, 360 integer (294 binary)

Root relaxation: objective 4.488866e-01, 969 iterations, 0.05 seconds (0.15 work units)

    Nodes    |    Current Node    |     Objective Bounds      |     Work
 Expl Unexpl |  Obj  Depth IntInf | Incumbent    BestBd   Gap | It/Node Time

     0     0    0.44889    0  145          -    0.44889      -     -    0s

Explored 1 nodes (969 simplex iterations) in 0.16 seconds (0.32 work units)
Thread count was 1 (of 20 available processors)

Solution count 0

Solve interrupted
Best objective -, best bound 4.488865912482e-01, gap -

User-callback calls 661, time in user-callback 0.00 sec
