
Gurobi 13.0.2 (win64) logging started Sat Aug  8 14:52:35 2026

Set parameter LogFile to value "E:\codes\ExactEBRP\results\gf_c6_documentation_hga_round34\runs\v10__round33_v10_tight_T_M2_Q30_seed1783646009__c6_simple_start__3600s\external\native_logs\L1_terminal_mip.gurobi.log"
Gurobi Optimizer version 13.0.2 build v13.0.2rc1 (win64 - Windows 10.0 (19045.2))

CPU model: 12th Gen Intel(R) Core(TM) i7-12700KF, instruction set [SSE2|AVX|AVX2]
Thread count: 12 physical cores, 20 logical processors, using up to 1 threads

Non-default parameters:
TimeLimit  3582.777135
MIPGap  0
MIPGapAbs  0
LogToConsole  0
Threads  1

Optimize a model with 4261 rows, 759 columns and 30613 nonzeros (Min)
Model fingerprint: 0xc9c3f2b6
Model has 11 linear objective coefficients
Variable types: 374 continuous, 385 integer (315 binary)
Coefficient statistics:
  Matrix range     [1e-02, 1e+05]
  Objective range  [1e-02, 1e+00]
  Bounds range     [2e-01, 2e+02]
  RHS range        [2e-01, 1e+06]

Presolved: 3412 rows, 697 columns, 31001 nonzeros

Continuing optimization...

     0     0    0.50916    0  120          -    0.50916      -     -    0s
     0     0    0.50916    0  117          -    0.50916      -     -    0s
H    0     0                       0.7792466    0.50922  34.7%     -    0s
     0     0    0.51101    0  109    0.77925    0.51101  34.4%     -    0s
     0     0    0.51629    0  128    0.77925    0.51629  33.7%     -    0s
     0     0    0.51913    0  121    0.77925    0.51913  33.4%     -    0s
     0     0    0.52168    0  141    0.77925    0.52168  33.1%     -    0s
     0     0    0.52211    0  141    0.77925    0.52211  33.0%     -    0s
     0     0    0.52256    0  142    0.77925    0.52256  32.9%     -    0s
     0     0    0.52277    0  145    0.77925    0.52277  32.9%     -    0s
     0     0    0.52338    0  148    0.77925    0.52338  32.8%     -    0s
     0     0    0.52360    0  140    0.77925    0.52360  32.8%     -    0s
     0     0    0.52369    0  145    0.77925    0.52369  32.8%     -    1s
H    0     0                       0.7212190    0.52373  27.4%     -    1s
     0     0    0.52373    0  147    0.72122    0.52373  27.4%     -    1s
     0     0    0.52373    0  147    0.72122    0.52373  27.4%     -    1s
     0     0    0.52375    0  150    0.72122    0.52375  27.4%     -    1s
     0     0    0.52375    0  151    0.72122    0.52375  27.4%     -    1s
H    0     0                       0.7114889    0.52411  26.3%     -    1s
     0     0    0.52411    0  151    0.71149    0.52411  26.3%     -    1s
     0     0    0.52411    0  151    0.71149    0.52411  26.3%     -    1s
     0     0    0.52411    0  148    0.71149    0.52411  26.3%     -    1s
H    0     0                       0.7088295    0.52413  26.1%     -    1s
     0     2    0.52413    0  145    0.70883    0.52413  26.1%     -    1s
     1     3    0.53330    1  111    0.70883    0.52413  26.1%   388    1s
H    3     3                       0.7054912    0.53091  24.7%   201    1s
H    3     3                       0.6665261    0.53091  20.3%   201    1s
H    3     3                       0.6618703    0.53091  19.8%   201    1s
*   36    26              28       0.5722652    0.53219  7.00%  60.2    1s
H   50    20                       0.5712153    0.53811  5.80%  79.3    1s
H   81    47                       0.5703300    0.53811  5.65%  58.3    1s
*   82    33              35       0.5601359    0.53811  3.93%  57.6    1s
H  220    76                       0.5553160    0.54503  1.85%  42.9    2s
H  220    63                       0.5536762    0.54503  1.56%  42.9    2s

Cutting planes:
  Learned: 9
  Gomory: 2
  Cover: 29
  Implied bound: 112
  Clique: 6
  MIR: 69
  StrongCG: 6
  Flow cover: 39
  GUB cover: 1
  Zero half: 1
  Mod-K: 1
  Network: 4
  RLT: 6
  Relax-and-lift: 22

Explored 395 nodes (16118 simplex iterations) in 2.41 seconds (3.51 work units)
Most recent optimization runtime was 2.06 seconds (2.95 work units)
Thread count was 1 (of 20 available processors)

Solution count 10: 0.553676 0.555316 0.560136 ... 0.70883

Optimal solution found (tolerance 0.00e+00)
Best objective 5.536761744384e-01, best bound 5.536761744384e-01, gap 0.0000%

User-callback calls 1781, time in user-callback 0.00 sec
