
Gurobi 13.0.2 (win64) logging started Sun Aug  9 23:49:37 2026

Set parameter LogFile to value "E:\codes\ExactEBRP\results\gf_simple_start_qualification_round35\runs\matrix1800__round32_multi_m_tight_T_V50_M2_seed104207248__c6_simple_start__1800s\native.log"
Set parameter Threads to value 1
Set parameter Presolve to value -1
Set parameter Seed to value 0
Set parameter MIPGap to value 0
Set parameter MIPGapAbs to value 0
Warning: unknown variable 'r_max' in bounds section (line 81579)
Warning: unknown variable 'r_min' in bounds section (line 81580)
Read LP format model from file E:\codes\ExactEBRP\results\gf_simple_start_qualification_round35\runs\matrix1800__round32_multi_m_tight_T_V50_M2_seed104207248__c6_simple_start__1800s\external\models\L0.lp
Reading time = 0.18 seconds
obj: 74031 rows, 12795 columns, 563253 nonzeros
Set parameter TimeLimit to value 1784.0329407
Warning: unknown variable 'r_max' in bounds section (line 81580)
Warning: unknown variable 'r_min' in bounds section (line 81581)
Read LP format model from file E:\codes\ExactEBRP\results\gf_simple_start_qualification_round35\runs\matrix1800__round32_multi_m_tight_T_V50_M2_seed104207248__c6_simple_start__1800s\external\models\L1.lp
Reading time = 0.18 seconds
obj: 74032 rows, 12795 columns, 563873 nonzeros
Set parameter TimeLimit to value 1781.6313423
Warning: unknown variable 'r_max' in bounds section (line 81580)
Warning: unknown variable 'r_min' in bounds section (line 81581)
Read LP format model from file E:\codes\ExactEBRP\results\gf_simple_start_qualification_round35\runs\matrix1800__round32_multi_m_tight_T_V50_M2_seed104207248__c6_simple_start__1800s\external\models\L2.lp
Reading time = 0.17 seconds
obj: 74032 rows, 12795 columns, 563873 nonzeros
Set parameter TimeLimit to value 1779.0900235
Warning: unknown variable 'r_max' in bounds section (line 81580)
Warning: unknown variable 'r_min' in bounds section (line 81581)
Read LP format model from file E:\codes\ExactEBRP\results\gf_simple_start_qualification_round35\runs\matrix1800__round32_multi_m_tight_T_V50_M2_seed104207248__c6_simple_start__1800s\external\models\L3.lp
Reading time = 0.16 seconds
obj: 74032 rows, 12795 columns, 561423 nonzeros
Set parameter TimeLimit to value 1776.7726211
Warning: unknown variable 'r_max' in bounds section (line 81580)
Warning: unknown variable 'r_min' in bounds section (line 81581)
Read LP format model from file E:\codes\ExactEBRP\results\gf_simple_start_qualification_round35\runs\matrix1800__round32_multi_m_tight_T_V50_M2_seed104207248__c6_simple_start__1800s\external\models\L2.0.lp
Reading time = 0.19 seconds
obj: 74032 rows, 12795 columns, 563873 nonzeros
Set parameter TimeLimit to value 1761.0793076
Warning: unknown variable 'r_max' in bounds section (line 81580)
Warning: unknown variable 'r_min' in bounds section (line 81581)
Read LP format model from file E:\codes\ExactEBRP\results\gf_simple_start_qualification_round35\runs\matrix1800__round32_multi_m_tight_T_V50_M2_seed104207248__c6_simple_start__1800s\external\models\L2.1.lp
Reading time = 0.17 seconds
obj: 74032 rows, 12795 columns, 563873 nonzeros
Set parameter TimeLimit to value 1758.9091242
Warning: unknown variable 'r_max' in bounds section (line 81580)
Warning: unknown variable 'r_min' in bounds section (line 81581)
Read LP format model from file E:\codes\ExactEBRP\results\gf_simple_start_qualification_round35\runs\matrix1800__round32_multi_m_tight_T_V50_M2_seed104207248__c6_simple_start__1800s\external\models\L3.0.lp
Reading time = 0.17 seconds
obj: 74032 rows, 12795 columns, 563873 nonzeros
Set parameter TimeLimit to value 1697.4993345
Warning: unknown variable 'r_max' in bounds section (line 81580)
Warning: unknown variable 'r_min' in bounds section (line 81581)
Read LP format model from file E:\codes\ExactEBRP\results\gf_simple_start_qualification_round35\runs\matrix1800__round32_multi_m_tight_T_V50_M2_seed104207248__c6_simple_start__1800s\external\models\L3.1.lp
Reading time = 0.16 seconds
obj: 74032 rows, 12795 columns, 561423 nonzeros
Set parameter TimeLimit to value 1695.6476963
