
Gurobi 13.0.2 (win64) logging started Sat Jul 25 10:22:16 2026

Set parameter LogFile to value "E:\codes\ExactEBRP\results\gf_nonblocking_gurobi_c6_round31\runs\stage6__round31_sealed_high_imbalance_V50_seed802548647__c5_candidate__1200s\native.log"
Set parameter Threads to value 1
Set parameter Presolve to value -1
Set parameter Seed to value 0
Set parameter MIPGap to value 0
Set parameter MIPGapAbs to value 0
Warning: unknown variable 'r_max' in bounds section (line 103385)
Warning: unknown variable 'r_min' in bounds section (line 103386)
Read LP format model from file E:\codes\ExactEBRP\results\gf_nonblocking_gurobi_c6_round31\runs\stage6__round31_sealed_high_imbalance_V50_seed802548647__c5_candidate__1200s\external\models\L0.lp
Reading time = 0.21 seconds
obj: 93037 rows, 18195 columns, 665284 nonzeros
Set parameter TimeLimit to value 1136.2657494
Warning: unknown variable 'r_max' in bounds section (line 103385)
Warning: unknown variable 'r_min' in bounds section (line 103386)
Read LP format model from file E:\codes\ExactEBRP\results\gf_nonblocking_gurobi_c6_round31\runs\stage6__round31_sealed_high_imbalance_V50_seed802548647__c5_candidate__1200s\external\models\L1.lp
Reading time = 0.21 seconds
obj: 93037 rows, 18195 columns, 665900 nonzeros
Set parameter TimeLimit to value 1130.5402393
Warning: unknown variable 'r_max' in bounds section (line 103385)
Warning: unknown variable 'r_min' in bounds section (line 103386)
Read LP format model from file E:\codes\ExactEBRP\results\gf_nonblocking_gurobi_c6_round31\runs\stage6__round31_sealed_high_imbalance_V50_seed802548647__c5_candidate__1200s\external\models\L2.lp
Reading time = 0.21 seconds
obj: 93037 rows, 18195 columns, 665900 nonzeros
Set parameter TimeLimit to value 1115.8343291
Warning: unknown variable 'r_max' in bounds section (line 103385)
Warning: unknown variable 'r_min' in bounds section (line 103386)
Read LP format model from file E:\codes\ExactEBRP\results\gf_nonblocking_gurobi_c6_round31\runs\stage6__round31_sealed_high_imbalance_V50_seed802548647__c5_candidate__1200s\external\models\L2.0.lp
Reading time = 0.22 seconds
obj: 93037 rows, 18195 columns, 665900 nonzeros
Set parameter TimeLimit to value 1112.2144453
Warning: unknown variable 'r_max' in bounds section (line 103385)
Warning: unknown variable 'r_min' in bounds section (line 103386)
Read LP format model from file E:\codes\ExactEBRP\results\gf_nonblocking_gurobi_c6_round31\runs\stage6__round31_sealed_high_imbalance_V50_seed802548647__c5_candidate__1200s\external\models\L2.1.lp
Reading time = 0.20 seconds
obj: 93037 rows, 18195 columns, 665900 nonzeros
Set parameter TimeLimit to value 1108.0859052
Warning: unknown variable 'r_max' in bounds section (line 103385)
Warning: unknown variable 'r_min' in bounds section (line 103386)
Read LP format model from file E:\codes\ExactEBRP\results\gf_nonblocking_gurobi_c6_round31\runs\stage6__round31_sealed_high_imbalance_V50_seed802548647__c5_candidate__1200s\external\models\L3.lp
Reading time = 0.20 seconds
obj: 93037 rows, 18195 columns, 663450 nonzeros
Set parameter TimeLimit to value 1104.086688
Warning: unknown variable 'r_max' in bounds section (line 103385)
Warning: unknown variable 'r_min' in bounds section (line 103386)
Read LP format model from file E:\codes\ExactEBRP\results\gf_nonblocking_gurobi_c6_round31\runs\stage6__round31_sealed_high_imbalance_V50_seed802548647__c5_candidate__1200s\external\models\L3.0.lp
Reading time = 0.21 seconds
obj: 93037 rows, 18195 columns, 665900 nonzeros
Set parameter TimeLimit to value 1100.4977197
Warning: unknown variable 'r_max' in bounds section (line 103385)
Warning: unknown variable 'r_min' in bounds section (line 103386)
Read LP format model from file E:\codes\ExactEBRP\results\gf_nonblocking_gurobi_c6_round31\runs\stage6__round31_sealed_high_imbalance_V50_seed802548647__c5_candidate__1200s\external\models\L3.1.lp
Reading time = 0.19 seconds
obj: 93037 rows, 18195 columns, 663450 nonzeros
Set parameter TimeLimit to value 1097.7131257
Warning: unknown variable 'r_max' in bounds section (line 103385)
Warning: unknown variable 'r_min' in bounds section (line 103386)
Read LP format model from file E:\codes\ExactEBRP\results\gf_nonblocking_gurobi_c6_round31\runs\stage6__round31_sealed_high_imbalance_V50_seed802548647__c5_candidate__1200s\external\models\L2.0.0.lp
Reading time = 0.21 seconds
obj: 93037 rows, 18195 columns, 665900 nonzeros
Set parameter TimeLimit to value 892.781318
Warning: unknown variable 'r_max' in bounds section (line 103385)
Warning: unknown variable 'r_min' in bounds section (line 103386)
Read LP format model from file E:\codes\ExactEBRP\results\gf_nonblocking_gurobi_c6_round31\runs\stage6__round31_sealed_high_imbalance_V50_seed802548647__c5_candidate__1200s\external\models\L2.0.1.lp
Reading time = 0.22 seconds
obj: 93037 rows, 18195 columns, 665900 nonzeros
Set parameter TimeLimit to value 885.7744822
Warning: unknown variable 'r_max' in bounds section (line 103385)
Warning: unknown variable 'r_min' in bounds section (line 103386)
Read LP format model from file E:\codes\ExactEBRP\results\gf_nonblocking_gurobi_c6_round31\runs\stage6__round31_sealed_high_imbalance_V50_seed802548647__c5_candidate__1200s\external\models\L2.0.1.0.lp
Reading time = 0.20 seconds
obj: 93037 rows, 18195 columns, 665900 nonzeros
Set parameter TimeLimit to value 8.8195481369999993e+02
Warning: unknown variable 'r_max' in bounds section (line 103385)
Warning: unknown variable 'r_min' in bounds section (line 103386)
Read LP format model from file E:\codes\ExactEBRP\results\gf_nonblocking_gurobi_c6_round31\runs\stage6__round31_sealed_high_imbalance_V50_seed802548647__c5_candidate__1200s\external\models\L2.0.1.1.lp
Reading time = 0.22 seconds
obj: 93037 rows, 18195 columns, 665900 nonzeros
Set parameter TimeLimit to value 878.009706
Warning: unknown variable 'r_max' in bounds section (line 103385)
Warning: unknown variable 'r_min' in bounds section (line 103386)
Read LP format model from file E:\codes\ExactEBRP\results\gf_nonblocking_gurobi_c6_round31\runs\stage6__round31_sealed_high_imbalance_V50_seed802548647__c5_candidate__1200s\external\models\L2.0.1.1.0.lp
Reading time = 0.20 seconds
obj: 93037 rows, 18195 columns, 665900 nonzeros
Set parameter TimeLimit to value 874.5692572
Warning: unknown variable 'r_max' in bounds section (line 103385)
Warning: unknown variable 'r_min' in bounds section (line 103386)
Read LP format model from file E:\codes\ExactEBRP\results\gf_nonblocking_gurobi_c6_round31\runs\stage6__round31_sealed_high_imbalance_V50_seed802548647__c5_candidate__1200s\external\models\L2.0.1.1.1.lp
Reading time = 0.22 seconds
obj: 93037 rows, 18195 columns, 665900 nonzeros
Set parameter TimeLimit to value 8.7097318130000008e+02
Warning: unknown variable 'r_max' in bounds section (line 103385)
Warning: unknown variable 'r_min' in bounds section (line 103386)
Read LP format model from file E:\codes\ExactEBRP\results\gf_nonblocking_gurobi_c6_round31\runs\stage6__round31_sealed_high_imbalance_V50_seed802548647__c5_candidate__1200s\external\models\L2.0.1.1.0.0.lp
Reading time = 0.22 seconds
obj: 93037 rows, 18195 columns, 665900 nonzeros
Set parameter TimeLimit to value 861.1609684
Warning: unknown variable 'r_max' in bounds section (line 103385)
Warning: unknown variable 'r_min' in bounds section (line 103386)
Read LP format model from file E:\codes\ExactEBRP\results\gf_nonblocking_gurobi_c6_round31\runs\stage6__round31_sealed_high_imbalance_V50_seed802548647__c5_candidate__1200s\external\models\L2.0.1.1.0.1.lp
Reading time = 0.21 seconds
obj: 93037 rows, 18195 columns, 665900 nonzeros
Set parameter TimeLimit to value 8.5724799899999994e+02
Warning: unknown variable 'r_max' in bounds section (line 103385)
Warning: unknown variable 'r_min' in bounds section (line 103386)
Read LP format model from file E:\codes\ExactEBRP\results\gf_nonblocking_gurobi_c6_round31\runs\stage6__round31_sealed_high_imbalance_V50_seed802548647__c5_candidate__1200s\external\models\L2.0.1.1.1.0.lp
Reading time = 0.21 seconds
obj: 93037 rows, 18195 columns, 665900 nonzeros
Set parameter TimeLimit to value 847.1441208
Warning: unknown variable 'r_max' in bounds section (line 103385)
Warning: unknown variable 'r_min' in bounds section (line 103386)
Read LP format model from file E:\codes\ExactEBRP\results\gf_nonblocking_gurobi_c6_round31\runs\stage6__round31_sealed_high_imbalance_V50_seed802548647__c5_candidate__1200s\external\models\L2.0.1.1.1.1.lp
Reading time = 0.22 seconds
obj: 93037 rows, 18195 columns, 665900 nonzeros
Set parameter TimeLimit to value 8.4342189430000008e+02
