
Gurobi 13.0.2 (win64) logging started Fri Oct  2 09:12:06 2026

Set parameter LogFile to value "E:\codes\ExactEBRP\results\unified_exact_round99\confirmation01\raw\04_N2_ENS-C\external\native_logs\L0.1_lp.gurobi.log"
Gurobi Optimizer version 13.0.2 build v13.0.2rc1 (win64 - Windows 10.0 (19045.2))

CPU model: 12th Gen Intel(R) Core(TM) i7-12700KF, instruction set [SSE2|AVX|AVX2]
Thread count: 12 physical cores, 20 logical processors, using up to 1 threads

Non-default parameters:
TimeLimit  1786.7702906
MIPGap  0
MIPGapAbs  0
LogToConsole  0
Threads  1

Optimize a model with 31105 rows, 8895 columns and 194028 nonzeros (Min)
Model fingerprint: 0x293e4335
Model has 31 linear objective coefficients
Coefficient statistics:
  Matrix range     [4e-02, 2e+04]
  Objective range  [4e-02, 1e+00]
  Bounds range     [1e-01, 1e+03]
  RHS range        [2e-01, 6e+04]

Presolve removed 6728 rows and 122 columns
Presolve time: 0.09s
Presolved: 24377 rows, 8774 columns, 160183 nonzeros

Iteration    Objective       Primal Inf.    Dual Inf.      Time
       0    1.2495117e-01   7.698281e+02   0.000000e+00      0s

Extra simplex iterations after uncrush: 21
    6668    2.1946649e-01   0.000000e+00   0.000000e+00      1s

Solved in 6668 iterations and 0.60 seconds (1.97 work units)
Optimal objective  2.194664949e-01

User-callback calls 6818, time in user-callback 0.00 sec
