
Gurobi 13.0.2 (win64) logging started Fri Oct  2 09:12:07 2026

Set parameter LogFile to value "E:\codes\ExactEBRP\results\unified_exact_round99\confirmation01\raw\04_N2_ENS-C\external\native_logs\L0_c6_1_child_disjunction_target_mip.gurobi.log"
Set parameter TimeLimit to value 1785.8084818
Gurobi Optimizer version 13.0.2 build v13.0.2rc1 (win64 - Windows 10.0 (19045.2))

CPU model: 12th Gen Intel(R) Core(TM) i7-12700KF, instruction set [SSE2|AVX|AVX2]
Thread count: 12 physical cores, 20 logical processors, using up to 1 threads

Non-default parameters:
TimeLimit  1785.8084818
MIPGap  0
MIPGapAbs  0
LogToConsole  0
Threads  1

Optimize a model with 31151 rows, 8941 columns and 193035 nonzeros (Min)
Model fingerprint: 0x61a42c8f
Model has 31 linear objective coefficients
Variable types: 4540 continuous, 4401 integer (4101 binary)
Coefficient statistics:
  Matrix range     [4e-02, 2e+04]
  Objective range  [4e-02, 1e+00]
  Bounds range     [2e-01, 1e+03]
  RHS range        [2e-01, 6e+04]

Loaded user MIP start with objective 0.249902

Presolve removed 7788 rows and 32 columns
Presolve time: 0.49s
Presolved: 23363 rows, 8909 columns, 206376 nonzeros
Variable types: 4073 continuous, 4836 integer (4101 binary)

Root relaxation: objective 1.328318e-01, 8935 iterations, 0.73 seconds (1.90 work units)

    Nodes    |    Current Node    |     Objective Bounds      |     Work
 Expl Unexpl |  Obj  Depth IntInf | Incumbent    BestBd   Gap | It/Node Time

     0     0    0.13283    0  331    0.24990    0.13283  46.8%     -    1s
     0     0    0.15384    0  348    0.24990    0.15384  38.4%     -    4s

Cutting planes:
  Gomory: 16
  Cover: 29
  Implied bound: 314
  Clique: 7
  MIR: 287
  StrongCG: 156
  Flow cover: 29
  GUB cover: 17
  Network: 5
  RLT: 3
  Relax-and-lift: 343
  BQP: 11
  PSD: 3

Explored 1 nodes (20681 simplex iterations) in 4.97 seconds (9.21 work units)
Thread count was 1 (of 20 available processors)

Solution count 2: 0.249902 0.249902

Solve interrupted
Best objective 2.499023336042e-01, best bound 1.538368427348e-01, gap 38.4412%

User-callback calls 1301, time in user-callback 0.01 sec
