
Gurobi 13.0.2 (win64) logging started Sat Aug  8 14:50:56 2026

Set parameter LogFile to value "E:\codes\ExactEBRP\results\gf_c6_documentation_hga_round34\runs\v10__round33_v10_high_imbalance_M2_Q30_seed1244253498__c6_simple_start__3600s\external\native_logs\L2.0.1.1_terminal_mip.gurobi.log"
Gurobi Optimizer version 13.0.2 build v13.0.2rc1 (win64 - Windows 10.0 (19045.2))

CPU model: 12th Gen Intel(R) Core(TM) i7-12700KF, instruction set [SSE2|AVX|AVX2]
Thread count: 12 physical cores, 20 logical processors, using up to 1 threads

Non-default parameters:
TimeLimit  3580.1909671
MIPGap  0
MIPGapAbs  0
LogToConsole  0
Threads  1

Optimize a model with 4269 rows, 761 columns and 30648 nonzeros (Min)
Model fingerprint: 0xdbcf4c1a
Model has 11 linear objective coefficients
Variable types: 375 continuous, 386 integer (316 binary)
Coefficient statistics:
  Matrix range     [1e-02, 1e+05]
  Objective range  [1e-02, 1e+00]
  Bounds range     [5e-01, 8e+02]
  RHS range        [5e-01, 1e+06]

Presolve removed 979 rows and 107 columns
Presolve time: 0.16s
Presolved: 3290 rows, 654 columns, 40653 nonzeros
Variable types: 321 continuous, 333 integer (273 binary)

Extra simplex iterations after uncrush: 41

Root relaxation: objective 2.335768e+00, 773 iterations, 0.04 seconds (0.12 work units)

    Nodes    |    Current Node    |     Objective Bounds      |     Work
 Expl Unexpl |  Obj  Depth IntInf | Incumbent    BestBd   Gap | It/Node Time

     0     0    2.33577    0  123          -    2.33577      -     -    0s
     0     0    2.34419    0  118          -    2.34419      -     -    0s
     0     0    2.34562    0  130          -    2.34562      -     -    0s
     0     0    2.35076    0  138          -    2.35076      -     -    0s
     0     0    2.35226    0  139          -    2.35226      -     -    0s
     0     0    2.35345    0  145          -    2.35345      -     -    0s
     0     0    2.35374    0  144          -    2.35374      -     -    0s
     0     0    2.35617    0  138          -    2.35617      -     -    0s
     0     0    2.35637    0  140          -    2.35637      -     -    0s
     0     0    2.35763    0  140          -    2.35763      -     -    1s
     0     0    2.35797    0  141          -    2.35797      -     -    1s
     0     0    2.36046    0  138          -    2.36046      -     -    1s
     0     0    2.36101    0  133          -    2.36101      -     -    1s
     0     0    2.36131    0  147          -    2.36131      -     -    1s
     0     0    2.36135    0  153          -    2.36135      -     -    1s
     0     0    2.36188    0  144          -    2.36188      -     -    1s
     0     0    2.36200    0  151          -    2.36200      -     -    1s
     0     0    2.36204    0  152          -    2.36204      -     -    1s
     0     0    2.36204    0  155          -    2.36204      -     -    1s
     0     0    2.36246    0  149          -    2.36246      -     -    2s
     0     0    2.36270    0  151          -    2.36270      -     -    2s
     0     0    2.36276    0  160          -    2.36276      -     -    2s
     0     0    2.36279    0  157          -    2.36279      -     -    2s
     0     0    2.36282    0  153          -    2.36282      -     -    2s
     0     0    2.36282    0  155          -    2.36282      -     -    2s
     0     0    2.36298    0  155          -    2.36298      -     -    2s
     0     0    2.36300    0  161          -    2.36300      -     -    2s
     0     0    2.36301    0  159          -    2.36301      -     -    2s
     0     0    2.36301    0  159          -    2.36301      -     -    2s
     0     0    2.36302    0  164          -    2.36302      -     -    2s
     0     0    2.36302    0  164          -    2.36302      -     -    2s
     0     0    2.36302    0  163          -    2.36302      -     -    2s
     0     2    2.36302    0  163          -    2.36302      -     -    3s

Cutting planes:
  Learned: 5
  Gomory: 2
  Cover: 12
  Implied bound: 43
  Clique: 6
  MIR: 30
  StrongCG: 3
  Flow cover: 24
  GUB cover: 2
  Zero half: 1
  Mod-K: 1
  Network: 6
  RLT: 5
  Relax-and-lift: 21
  BQP: 1

Explored 3 nodes (4135 simplex iterations) in 3.41 seconds (4.17 work units)
Thread count was 1 (of 20 available processors)

Solution count 0

Model is infeasible
Best objective -, best bound -, gap -

User-callback calls 2416, time in user-callback 0.00 sec
