
Gurobi 13.0.2 (win64) logging started Sat Aug  8 14:50:52 2026

Set parameter LogFile to value "E:\codes\ExactEBRP\results\gf_c6_documentation_hga_round34\runs\v10__round33_v10_high_imbalance_M2_Q30_seed1244253498__c6_simple_start__3600s\external\native_logs\L2.0_c6_1_next_leaf_target_mip.gurobi.log"
Gurobi Optimizer version 13.0.2 build v13.0.2rc1 (win64 - Windows 10.0 (19045.2))

CPU model: 12th Gen Intel(R) Core(TM) i7-12700KF, instruction set [SSE2|AVX|AVX2]
Thread count: 12 physical cores, 20 logical processors, using up to 1 threads

Non-default parameters:
TimeLimit  3584.374204
MIPGap  0
MIPGapAbs  0
LogToConsole  0
Threads  1

Optimize a model with 4269 rows, 761 columns and 30648 nonzeros (Min)
Model fingerprint: 0xed5dd4a3
Model has 11 linear objective coefficients
Variable types: 375 continuous, 386 integer (316 binary)
Coefficient statistics:
  Matrix range     [1e-02, 1e+05]
  Objective range  [1e-02, 1e+00]
  Bounds range     [5e-01, 8e+02]
  RHS range        [5e-01, 1e+06]

Presolve removed 930 rows and 90 columns
Presolve time: 0.11s
Presolved: 3339 rows, 671 columns, 32010 nonzeros
Variable types: 329 continuous, 342 integer (282 binary)

Root relaxation: objective 2.322711e+00, 655 iterations, 0.03 seconds (0.08 work units)

    Nodes    |    Current Node    |     Objective Bounds      |     Work
 Expl Unexpl |  Obj  Depth IntInf | Incumbent    BestBd   Gap | It/Node Time

     0     0    2.32271    0  112          -    2.32271      -     -    0s

Explored 1 nodes (655 simplex iterations) in 0.16 seconds (0.29 work units)
Thread count was 1 (of 20 available processors)

Solution count 0

Solve interrupted
Best objective -, best bound 2.322711365916e+00, gap -

User-callback calls 710, time in user-callback 0.00 sec
