
Gurobi 13.0.2 (win64) logging started Sat Aug  8 15:29:08 2026

Set parameter LogFile to value "E:\codes\ExactEBRP\results\gf_c6_documentation_hga_round34\runs\repeat__round33_v10_moderate_M2_Q20_seed1118884127__c6_hga_light__repeat1__3600s\external\native_logs\L0_lp.gurobi.log"
Gurobi Optimizer version 13.0.2 build v13.0.2rc1 (win64 - Windows 10.0 (19045.2))

CPU model: 12th Gen Intel(R) Core(TM) i7-12700KF, instruction set [SSE2|AVX|AVX2]
Thread count: 12 physical cores, 20 logical processors, using up to 1 threads

Non-default parameters:
TimeLimit  3583.3528062
MIPGap  0
MIPGapAbs  0
LogToConsole  0
Threads  1

Optimize a model with 4274 rows, 761 columns and 30526 nonzeros (Min)
Model fingerprint: 0x5f115002
Model has 11 linear objective coefficients
Coefficient statistics:
  Matrix range     [2e-03, 1e+05]
  Objective range  [9e-03, 1e+00]
  Bounds range     [2e-03, 5e+01]
  RHS range        [2e-03, 1e+06]

Presolve removed 425 rows and 55 columns
Presolve time: 0.02s
Presolved: 3849 rows, 743 columns, 28114 nonzeros

Iteration    Objective       Primal Inf.    Dual Inf.      Time
       0    0.0000000e+00   2.712889e+01   0.000000e+00      0s
     350    0.0000000e+00   0.000000e+00   0.000000e+00      0s

Solved in 350 iterations and 0.03 seconds (0.08 work units)
Optimal objective  0.000000000e+00

User-callback calls 493, time in user-callback 0.00 sec
