
Gurobi 13.0.2 (win64) logging started Sat Aug  8 15:29:09 2026

Set parameter LogFile to value "E:\codes\ExactEBRP\results\gf_c6_documentation_hga_round34\runs\repeat__round33_v10_moderate_M2_Q20_seed1118884127__c6_hga_light__repeat1__3600s\external\native_logs\L3_c6_1_next_leaf_target_mip.gurobi.log"
Gurobi Optimizer version 13.0.2 build v13.0.2rc1 (win64 - Windows 10.0 (19045.2))

CPU model: 12th Gen Intel(R) Core(TM) i7-12700KF, instruction set [SSE2|AVX|AVX2]
Thread count: 12 physical cores, 20 logical processors, using up to 1 threads

Non-default parameters:
TimeLimit  3582.6379236
MIPGap  0
MIPGapAbs  0
LogToConsole  0
Threads  1

Optimize a model with 4277 rows, 761 columns and 30660 nonzeros (Min)
Model fingerprint: 0xeee57104
Model has 11 linear objective coefficients
Variable types: 375 continuous, 386 integer (316 binary)
Coefficient statistics:
  Matrix range     [6e-03, 1e+05]
  Objective range  [9e-03, 1e+00]
  Bounds range     [6e-03, 5e+01]
  RHS range        [6e-03, 1e+06]

Presolve removed 2371 rows and 235 columns
Presolve time: 0.10s
Presolved: 1906 rows, 526 columns, 17841 nonzeros
Variable types: 266 continuous, 260 integer (223 binary)

Root relaxation: objective 5.648606e-03, 451 iterations, 0.01 seconds (0.03 work units)

    Nodes    |    Current Node    |     Objective Bounds      |     Work
 Expl Unexpl |  Obj  Depth IntInf | Incumbent    BestBd   Gap | It/Node Time

     0     0    0.00565    0   60          -    0.00565      -     -    0s
     0     0    0.00565    0   62          -    0.00565      -     -    0s
     0     0    0.00565    0   56          -    0.00565      -     -    0s
     0     0    0.00565    0   69          -    0.00565      -     -    0s
     0     0    0.00565    0   48          -    0.00565      -     -    0s
     0     0    0.00565    0   39          -    0.00565      -     -    0s
     0     0    0.00565    0   53          -    0.00565      -     -    0s
     0     0    0.00565    0   53          -    0.00565      -     -    0s
     0     0    0.00565    0   62          -    0.00565      -     -    0s
     0     0    0.00565    0   63          -    0.00565      -     -    0s
     0     0    0.00565    0   52          -    0.00565      -     -    0s
H    0     0                       0.0075315    0.00565  25.0%     -    0s
     0     0    0.00565    0   35    0.00753    0.00565  25.0%     -    0s
     0     0    0.00565    0   55    0.00753    0.00565  25.0%     -    0s
     0     0    0.00565    0   55    0.00753    0.00565  25.0%     -    0s
     0     0    0.00565    0   55    0.00753    0.00565  25.0%     -    0s
     0     0    0.00565    0   27    0.00753    0.00565  25.0%     -    0s
     0     2    0.00565    0   27    0.00753    0.00565  25.0%     -    0s

Cutting planes:
  Learned: 10
  Gomory: 1
  Cover: 29
  Implied bound: 65
  Clique: 4
  MIR: 30
  Flow cover: 28
  GUB cover: 1
  Zero half: 2
  Network: 7
  RLT: 2
  Relax-and-lift: 9

Explored 28 nodes (8083 simplex iterations) in 0.74 seconds (1.18 work units)
Thread count was 1 (of 20 available processors)

Solution count 1: 0.00753148 

Solve interrupted
Best objective 7.531475161480e-03, best bound 7.500328723404e-03, gap 0.4136%

User-callback calls 1194, time in user-callback 0.00 sec
