
Gurobi 13.0.2 (win64) logging started Sat Oct  3 14:09:12 2026

Set parameter LogFile to value "E:\codes\ExactEBRP\results\unified_exact_round100\certification_N201\raw\02_R99-N2_P-GRB\native.log"
Set parameter Threads to value 1
Set parameter Presolve to value -1
Set parameter Seed to value 0
Set parameter MIPGap to value 0
Set parameter MIPGapAbs to value 0
Set parameter TimeLimit to value 3594
Read LP format model from file E:\codes\ExactEBRP\results\unified_exact_round100\certification_N201\raw\02_R99-N2_P-GRB\compact.lp
Reading time = 0.01 seconds
obj: 10630 rows, 4244 columns, 50586 nonzeros
Set parameter TimeLimit to value 3596.6758326
Gurobi Optimizer version 13.0.2 build v13.0.2rc1 (win64 - Windows 10.0 (19045.2))

CPU model: 12th Gen Intel(R) Core(TM) i7-12700KF, instruction set [SSE2|AVX|AVX2]
Thread count: 12 physical cores, 20 logical processors, using up to 1 threads

Non-default parameters:
TimeLimit  3596.6758326
MIPGap  0
MIPGapAbs  0
LogToConsole  0
Threads  1

Optimize a model with 10630 rows, 4244 columns and 50586 nonzeros (Min)
Model fingerprint: 0x11b286ad
Model has 31 linear objective coefficients
Variable types: 795 continuous, 3449 integer (3149 binary)
Coefficient statistics:
  Matrix range     [4e-02, 1e+03]
  Objective range  [4e-02, 1e+00]
  Bounds range     [1e+00, 4e+01]
  RHS range        [1e+00, 7e+03]

Presolve removed 211 rows and 31 columns
Presolve time: 0.11s
Presolved: 10419 rows, 4213 columns, 90850 nonzeros
Variable types: 299 continuous, 3914 integer (3149 binary)
Found heuristic solution: objective 1.4416837

Root relaxation: objective 1.174951e-01, 3857 iterations, 0.16 seconds (0.37 work units)

    Nodes    |    Current Node    |     Objective Bounds      |     Work
 Expl Unexpl |  Obj  Depth IntInf | Incumbent    BestBd   Gap | It/Node Time

     0     0    0.11750    0  291    1.44168    0.11750  91.9%     -    0s
     0     0    0.14038    0  473    1.44168    0.14038  90.3%     -    1s
     0     0    0.14089    0  524    1.44168    0.14089  90.2%     -    1s
     0     0    0.14089    0  584    1.44168    0.14089  90.2%     -    1s
     0     0    0.14089    0  565    1.44168    0.14089  90.2%     -    1s
     0     0    0.14184    0  676    1.44168    0.14184  90.2%     -    2s
     0     0    0.14201    0  690    1.44168    0.14201  90.1%     -    2s
     0     0    0.14283    0  750    1.44168    0.14283  90.1%     -    2s
H    0     0                       1.3661561    0.14295  89.5%     -    2s
H    0     0                       1.3451656    0.14295  89.4%     -    2s
H    0     0                       1.3210189    0.14295  89.2%     -    2s
     0     0    0.14295    0  757    1.32102    0.14295  89.2%     -    2s
     0     0    0.14295    0  753    1.32102    0.14295  89.2%     -    2s
     0     0    0.14295    0  746    1.32102    0.14295  89.2%     -    3s
     0     0    0.14303    0  772    1.32102    0.14303  89.2%     -    3s
H    0     0                       1.1718237    0.14324  87.8%     -    3s
H    0     0                       1.1699297    0.14324  87.8%     -    3s
H    0     0                       1.1678992    0.14324  87.7%     -    3s
H    0     0                       1.1513630    0.14324  87.6%     -    3s
H    0     0                       1.1457551    0.14324  87.5%     -    3s
H    0     0                       1.1217835    0.14324  87.2%     -    3s
H    0     0                       1.1068081    0.14324  87.1%     -    3s
H    0     0                       1.0996478    0.14324  87.0%     -    3s
H    0     0                       1.0923017    0.14324  86.9%     -    3s
H    0     0                       1.0886471    0.14324  86.8%     -    3s
     0     0    0.14324    0  796    1.08865    0.14324  86.8%     -    3s
     0     0    0.14324    0  799    1.08865    0.14324  86.8%     -    3s
H    0     0                       1.0640706    0.14324  86.5%     -    3s
     0     0    0.14324    0  743    1.06407    0.14324  86.5%     -    3s
     0     0    0.14324    0  755    1.06407    0.14324  86.5%     -    4s
     0     0    0.14324    0  756    1.06407    0.14324  86.5%     -    4s
     0     0    0.14341    0  810    1.06407    0.14341  86.5%     -    4s
     0     0    0.14344    0  808    1.06407    0.14344  86.5%     -    4s
     0     0    0.14344    0  795    1.06407    0.14344  86.5%     -    4s
     0     0    0.14360    0  790    1.06407    0.14360  86.5%     -    4s
     0     0    0.14411    0  809    1.06407    0.14411  86.5%     -    5s
     0     0    0.14411    0  810    1.06407    0.14411  86.5%     -    5s
     0     0    0.14423    0  810    1.06407    0.14423  86.4%     -    5s
H    0     0                       0.9505302    0.14423  84.8%     -    5s
     0     0    0.14423    0  794    0.95053    0.14423  84.8%     -    5s
     0     0    0.14442    0  802    0.95053    0.14442  84.8%     -    5s
     0     0    0.14442    0  878    0.95053    0.14442  84.8%     -    6s
     0     0    0.14459    0  848    0.95053    0.14459  84.8%     -    6s
     0     0    0.14459    0  836    0.95053    0.14459  84.8%     -    6s
     0     0    0.14460    0  805    0.95053    0.14460  84.8%     -    6s
H    0     0                       0.9302824    0.14471  84.4%     -    6s
     0     0    0.14471    0  810    0.93028    0.14471  84.4%     -    6s
     0     0    0.14471    0  821    0.93028    0.14471  84.4%     -    7s
     0     0    0.14472    0  821    0.93028    0.14472  84.4%     -    7s
     0     0    0.14472    0  741    0.93028    0.14472  84.4%     -    7s
H    0     0                       0.9033747    0.14472  84.0%     -    7s
H    0     0                       0.8823841    0.14472  83.6%     -    8s
     0     2    0.14472    0  723    0.88238    0.14472  83.6%     -    8s
H    4     4                       0.8520752    0.14603  82.9%   581    8s
H    4     4                       0.8517225    0.14603  82.9%   581    8s
H    4     4                       0.8503219    0.14603  82.8%   581    8s
H    4     4                       0.8416557    0.14603  82.6%   581    8s
H    4     4                       0.8366969    0.14603  82.5%   581    8s
H    4     4                       0.8103861    0.14603  82.0%   581    8s
H    4     4                       0.7673676    0.14603  81.0%   581    8s
H    9     9                       0.7541719    0.14611  80.6%   365    8s
H   12    12                       0.7384905    0.14611  80.2%   359    9s
H   12    12                       0.7379844    0.14611  80.2%   359    9s
H   12    12                       0.7374793    0.14611  80.2%   359    9s
H   12    12                       0.7367216    0.14611  80.2%   359    9s
H   12    12                       0.7151738    0.14611  79.6%   359    9s
H   12    12                       0.7005555    0.14611  79.1%   359    9s
H   12    12                       0.6839127    0.14611  78.6%   359    9s
H   12    12                       0.6787562    0.14611  78.5%   359    9s
H   12    12                       0.6781446    0.14611  78.5%   359    9s
H   12    12                       0.6769916    0.14611  78.4%   359    9s
H   12    12                       0.6574894    0.14611  77.8%   359    9s
H   12    12                       0.6432520    0.14611  77.3%   359    9s
H   12    12                       0.6254958    0.14611  76.6%   359    9s
H   12    12                       0.6108473    0.14611  76.1%   359    9s
H   16    16                       0.5959393    0.14611  75.5%   316    9s
H   16    16                       0.5957671    0.14611  75.5%   316    9s
H   16    16                       0.5859396    0.14611  75.1%   316    9s
    18    20    0.14915   14  634    0.58594    0.14611  75.1%   375   10s
H   27    25                       0.5314009    0.14611  72.5%   274   10s
H   27    25                       0.5295863    0.14611  72.4%   274   10s
H   27    25                       0.5295301    0.14611  72.4%   274   10s
H   27    25                       0.5282021    0.14611  72.3%   274   10s
H   27    25                       0.5273527    0.14611  72.3%   274   10s
H   35    33                       0.5267467    0.14611  72.3%   263   10s
H   35    33                       0.5265560    0.14611  72.3%   263   10s
H   35    33                       0.5220758    0.14611  72.0%   263   10s
H   35    33                       0.5210580    0.14611  72.0%   263   10s
H   35    33                       0.5188370    0.14611  71.8%   263   10s
H   35    33                       0.5179765    0.14611  71.8%   263   10s
H   48    44                       0.5141390    0.14611  71.6%   222   10s
H   48    44                       0.5097209    0.14611  71.3%   222   10s
H   48    44                       0.5037826    0.14611  71.0%   222   10s
H   48    44                       0.4990820    0.14611  70.7%   222   10s
H   48    44                       0.4989558    0.14611  70.7%   222   10s
H   48    44                       0.4975434    0.14611  70.6%   222   10s
H   90    81                       0.4969252    0.14611  70.6%   226   11s
H   99    90                       0.4813727    0.14611  69.6%   211   11s
H   99    90                       0.4792051    0.14611  69.5%   211   11s
H   99    90                       0.4780164    0.14611  69.4%   211   11s
H   99    90                       0.4777930    0.14611  69.4%   211   11s
H   99    90                       0.4776980    0.14611  69.4%   211   11s
H  104    95                       0.4773969    0.14611  69.4%   206   12s
H  104    95                       0.4773969    0.14611  69.4%   206   12s
H  104    95                       0.4773924    0.14611  69.4%   206   12s
H  104    95                       0.4772256    0.14611  69.4%   206   12s
H  104    95                       0.4692041    0.14611  68.9%   206   12s
H  104    95                       0.4260811    0.14611  65.7%   206   12s
H  104    95                       0.4259091    0.14611  65.7%   206   12s
H  104    95                       0.4243431    0.14611  65.6%   206   12s
H  105    96                       0.4240797    0.14611  65.5%   205   13s
H  105    96                       0.4240676    0.14611  65.5%   205   13s
H  105    96                       0.4237294    0.14611  65.5%   205   13s
H  105    96                       0.4236889    0.14611  65.5%   205   13s
H  121   112                       0.4183006    0.14611  65.1%   226   13s
H  121   112                       0.4182869    0.14611  65.1%   226   13s
H  121   112                       0.4182575    0.14611  65.1%   226   13s
H  121   112                       0.4181342    0.14611  65.1%   226   13s
H  154   145                       0.3808376    0.14611  61.6%   212   15s
H  154   145                       0.3776787    0.14611  61.3%   212   15s
H  154   145                       0.3773338    0.14611  61.3%   212   15s
H  154   145                       0.3772018    0.14611  61.3%   212   15s
H  230   211                       0.3758595    0.14611  61.1%   173   17s
H  230   211                       0.3757188    0.14611  61.1%   173   17s
H  232   213                       0.3708356    0.14663  60.5%   199   18s
   321   304    0.17777   78  148    0.37084    0.14663  60.5%   172   20s
H  537   494                       0.3700941    0.14810  60.0%   156   26s
H  537   494                       0.3679949    0.14810  59.8%   156   26s
   540   496    0.17911   92  288    0.36799    0.14663  60.2%   155   30s
   547   501    0.17391   26  619    0.36799    0.15413  58.1%   153   35s
H  550   477                       0.3643513    0.15435  57.6%   152   38s
   554   480    0.16233   86  738    0.36435    0.15435  57.6%   151   40s
H  560   460                       0.3641912    0.15451  57.6%   149   45s
H  560   436                       0.3639465    0.15451  57.5%   149   45s
H  560   414                       0.3639428    0.15451  57.5%   149   45s
H  562   394                       0.3377170    0.15451  54.2%   237   45s
H  562   374                       0.3127401    0.15451  50.6%   237   45s
H  563   356                       0.3123209    0.15451  50.5%   237   46s
H  565   339                       0.2868514    0.15451  46.1%   236   47s
H  565   321                       0.2791360    0.15451  44.6%   236   47s
H  565   305                       0.2743606    0.15451  43.7%   236   47s
H  565   290                       0.2739620    0.15451  43.6%   236   47s
H  565   275                       0.2735868    0.15451  43.5%   236   47s
H  565   261                       0.2720083    0.15451  43.2%   236   47s
H  565   247                       0.2719284    0.15451  43.2%   236   47s
H  565   235                       0.2718630    0.15451  43.2%   236   47s
H  565   223                       0.2715222    0.15451  43.1%   236   47s
H  565   211                       0.2715105    0.15451  43.1%   236   47s
H  567   202                       0.2699608    0.15460  42.7%   236   48s
H  567   191                       0.2699300    0.15460  42.7%   236   48s
   578   201    0.15556   21  598    0.26993    0.15535  42.4%   246   50s
H  581   191                       0.2555926    0.15535  39.2%   250   50s
H  581   182                       0.2545017    0.15535  39.0%   250   50s
H  581   173                       0.2544061    0.15535  38.9%   250   50s
H  586   168                       0.2494534    0.15535  37.7%   251   51s
   658   207    0.16430   61  197    0.24945    0.15535  37.7%   248   55s
H  755   255                       0.2174395    0.15535  28.6%   250   59s
H  755   247                       0.2170886    0.15535  28.4%   250   59s
   758   248    0.17042  111   66    0.21709    0.15535  28.4%   253   60s
H  807   240                       0.2156728    0.15535  28.0%   250   61s
H  811   233                       0.2059240    0.15539  24.5%   254   62s
   833   250    0.17654   31  601    0.20592    0.15539  24.5%   258   65s
H  843   248                       0.2058657    0.15539  24.5%   258   65s
H  843   242                       0.2058515    0.15539  24.5%   258   65s
   920   304    0.16617   75   89    0.20585    0.15539  24.5%   263   70s
H  952   330                       0.2028788    0.15539  23.4%   262   71s
H 1046   378                       0.2016903    0.15550  22.9%   264   74s
H 1054   382                       0.1985067    0.15550  21.7%   268   75s
H 1054   381                       0.1984794    0.15550  21.7%   268   75s
H 1059   386                       0.1983047    0.15550  21.6%   268   75s
  1121   443    0.18806   58   96    0.19830    0.15550  21.6%   272   80s
H 1180   483                       0.1983021    0.15550  21.6%   269   82s
H 1180   482                       0.1978085    0.15550  21.4%   269   82s
H 1180   482                       0.1977986    0.15550  21.4%   269   82s
H 1180   481                       0.1975287    0.15550  21.3%   269   82s
  1265   538    0.19034  130  244    0.19753    0.15550  21.3%   272   85s
  1283   549    0.16015   21  704    0.19753    0.15631  20.9%   292   90s
  1358   604    0.17386   59  100    0.19753    0.15631  20.9%   298   95s
  1527   680    0.15756   23  478    0.19753    0.15635  20.8%   293  100s
  1550   701    0.16475   35  576    0.19753    0.15635  20.8%   307  105s
  1565   716    0.16838   42  268    0.19753    0.15635  20.8%   308  112s
  1620   759    0.16886   71  103    0.19753    0.15635  20.8%   310  115s
H 1668   775                       0.1968948    0.15635  20.6%   316  118s
H 1669   774                       0.1962543    0.15635  20.3%   317  118s
H 1669   774                       0.1960979    0.15635  20.3%   317  118s
H 1669   774                       0.1958883    0.15635  20.2%   317  118s
H 1670   775                       0.1958578    0.15635  20.2%   317  118s
H 1674   775                       0.1953509    0.15635  20.0%   319  119s
H 1674   773                       0.1951413    0.15635  19.9%   319  119s
H 1674   773                       0.1951022    0.15635  19.9%   319  119s
  1679   780    0.16350   28  409    0.19510    0.15635  19.9%   321  120s
  1764   855    0.17022   70   99    0.19510    0.15635  19.9%   319  125s
  1896   933    0.16569   33  374    0.19510    0.15654  19.8%   319  130s
H 1975   993                       0.1944863    0.15654  19.5%   314  134s
H 1975   985                       0.1919019    0.15654  18.4%   314  136s
H 1975   969                       0.1898560    0.15654  17.6%   314  136s
H 1975   965                       0.1895132    0.15654  17.4%   314  137s
  1984   975    0.17853   77  141    0.18951    0.15654  17.4%   315  140s
  2118  1053    0.16641   36  588    0.18951    0.15656  17.4%   316  145s
  2243  1155    0.18489   99  148    0.18951    0.15656  17.4%   315  150s
  2311  1209    0.16918   60   82    0.18951    0.15656  17.4%   318  155s
  2397  1280    0.17003   34  552    0.18951    0.15659  17.4%   319  160s
  2546  1405    0.16697   23  478    0.18951    0.15708  17.1%   312  165s
  2714  1536    0.16551   35  378    0.18951    0.15709  17.1%   306  170s
  2846  1644    0.16268   38  405    0.18951    0.15710  17.1%   303  175s
  2919  1708    0.16739   44  230    0.18951    0.15725  17.0%   306  180s
  3084  1847    0.16849   83   85    0.18951    0.15728  17.0%   299  185s
  3251  1969    0.17479   53  189    0.18951    0.15735  17.0%   294  190s
  3424  2104    0.15817   40  326    0.18951    0.15743  16.9%   289  195s
  3542  2208    0.16916   28  301    0.18951    0.15758  16.9%   287  200s
  3681  2310    0.18795   98  321    0.18951    0.15758  16.9%   287  205s
  3845  2427    0.16405   37  296    0.18951    0.15771  16.8%   282  210s
H 3903  2470                       0.1895097    0.15796  16.6%   282  212s
H 3905  2472                       0.1893821    0.15796  16.6%   282  214s
H 3905  2472                       0.1893610    0.15796  16.6%   282  214s
H 3906  2461                       0.1887132    0.15796  16.3%   282  214s
H 3906  2448                       0.1881146    0.15796  16.0%   282  214s
H 3906  2232                       0.1816120    0.15796  13.0%   282  215s
H 3906  2210                       0.1808433    0.15796  12.7%   282  215s
H 3907  2204                       0.1806787    0.15796  12.6%   282  215s
  4038  2302    0.16829   24  438    0.18068    0.15805  12.5%   281  220s
  4150  2384    0.16796   35  382    0.18068    0.15813  12.5%   280  226s
  4225  2446    0.17435   90  126    0.18068    0.15817  12.5%   280  230s
  4296  2487    0.17362   38  220    0.18068    0.15822  12.4%   282  235s
  4382  2545    0.16402   28  763    0.18068    0.15822  12.4%   284  240s
  4535  2677    0.16002   19  646    0.18068    0.15833  12.4%   279  245s
  4647  2767    0.16903   47  401    0.18068    0.15836  12.4%   278  250s
  4734  2808    0.17781   21  752    0.18068    0.15839  12.3%   280  255s
  4861  2906    0.16125   25  508    0.18068    0.15871  12.2%   278  260s
H 4978  2631                       0.1775564    0.15872  10.6%   277  264s
  4990  2645    0.16594   39  250    0.17756    0.15872  10.6%   278  265s
  5117  2762    0.17184   65  126    0.17756    0.15873  10.6%   275  270s
  5206  2830    0.17387   40  227    0.17756    0.15878  10.6%   277  275s
  5291  2904    0.16585   53  115    0.17756    0.15879  10.6%   279  280s
  5406  2974    0.16998   39  401    0.17756    0.15886  10.5%   281  285s
  5518  3030    0.17121   54  156    0.17756    0.15886  10.5%   281  290s
H 5555  3065                       0.1775307    0.15886  10.5%   280  291s
H 5555  3054                       0.1774171    0.15886  10.5%   280  291s
  5620  3101    0.16823   47  231    0.17742    0.15890  10.4%   280  295s
  5757  3224    0.17333   57  189    0.17742    0.15890  10.4%   278  300s
  5799  3256    0.16568   36  202    0.17742    0.15891  10.4%   282  305s
  5898  3340    0.16361   24  708    0.17742    0.15893  10.4%   282  310s
  5981  3410    0.17254   61  212    0.17742    0.15902  10.4%   282  315s
  6098  3515    0.17660  102   94    0.17742    0.15904  10.4%   281  320s
  6202  3606    0.17471   87  145    0.17742    0.15904  10.4%   281  325s
  6279  3662    0.17157   75  123    0.17742    0.15907  10.3%   282  330s
H 6316  3683                       0.1774126    0.15907  10.3%   282  331s
H 6316  3679                       0.1773644    0.15907  10.3%   282  331s
  6380  3729    0.16197   41  263    0.17736    0.15915  10.3%   282  336s
  6433  3777    0.17510   66  217    0.17736    0.15915  10.3%   284  340s
  6555  3846    0.16844   36  287    0.17736    0.15921  10.2%   284  345s
  6621  3900    0.16374   30  546    0.17736    0.15922  10.2%   284  350s
  6775  4032    0.17214   79  143    0.17736    0.15927  10.2%   283  355s
  6843  4076    0.16760   34  569    0.17736    0.15927  10.2%   287  360s
  6978  4177    0.16196   23  679    0.17736    0.15933  10.2%   288  365s
  7103  4280    0.17231  130  101    0.17736    0.15933  10.2%   286  370s
  7260  4417    0.17735   92   89    0.17736    0.15944  10.1%   284  375s
  7413  4527    0.17551   66  116    0.17736    0.15950  10.1%   284  380s
  7576  4672    0.16985   29  410    0.17736    0.15957  10.0%   282  385s
  7677  4763    0.17396   40  278    0.17736    0.15961  10.0%   283  390s
  7739  4817     cutoff   70         0.17736    0.15961  10.0%   285  395s
  7873  4921    0.17169  114   74    0.17736    0.15961  10.0%   283  405s
  7965  4982    0.16119   24  483    0.17736    0.15967  10.0%   283  410s
  8059  5066    0.16117   19  809    0.17736    0.15967  10.0%   283  415s
  8090  5096    0.16833   50   77    0.17736    0.15967  10.0%   283  420s
  8182  5163    0.16777   25  635    0.17736    0.15968  10.0%   283  425s
  8281  5249    0.16729   37  371    0.17736    0.15970  10.0%   283  430s
  8346  5298    0.16747   53  111    0.17736    0.15971  10.0%   284  435s
  8414  5344    0.16731   32  391    0.17736    0.15978  9.92%   285  440s
  8495  5416    0.16877   43  131    0.17736    0.15978  9.92%   286  445s
  8586  5486    0.16647   39  187    0.17736    0.15980  9.90%   286  450s
  8702  5568    0.16349   27  508    0.17736    0.15988  9.86%   287  455s
  8867  5716    0.16151   26  420    0.17736    0.15989  9.85%   284  460s
  8966  5779    0.17716   67  158    0.17736    0.15989  9.85%   285  465s
  9067  5861    0.17570   91  120    0.17736    0.15993  9.83%   284  470s
  9184  5948    0.16888   32  428    0.17736    0.15994  9.82%   285  475s
  9247  5985    0.16540   21  569    0.17736    0.15999  9.80%   286  480s
  9374  6104    0.17103   46  101    0.17736    0.16001  9.79%   285  485s
  9485  6200    0.17273   64  105    0.17736    0.16003  9.77%   285  490s
  9567  6272    0.16765   47  166    0.17736    0.16003  9.77%   285  495s
  9643  6332    0.17155   59  123    0.17736    0.16018  9.69%   285  500s
  9773  6440    0.17605   90  103    0.17736    0.16019  9.68%   285  505s
  9883  6525    0.17161   72   84    0.17736    0.16025  9.65%   285  510s
  9970  6571    0.17246   42  330    0.17736    0.16026  9.65%   287  515s
 10086  6660    0.17463   37  269    0.17736    0.16028  9.63%   287  520s
 10158  6719    0.16452   45  281    0.17736    0.16029  9.63%   288  525s
 10203  6758    0.17222   35  741    0.17736    0.16029  9.63%   287  555s
 10208  6761    0.17386   42  446    0.17736    0.16202  8.65%   287  561s
 10210  6763    0.16947   54  429    0.17736    0.16209  8.61%   287  566s
 10212  6764    0.16742   36  499    0.17736    0.16209  8.61%   287  570s
 10214  6765    0.17564   84  429    0.17736    0.16210  8.61%   287  575s
 10217  6767    0.17229   50  498    0.17736    0.16213  8.59%   287  581s
 10219  6769    0.16883   55  566    0.17736    0.16213  8.59%   287  586s
 10221  6770    0.16704   42  564    0.17736    0.16213  8.59%   287  591s
 10223  6771    0.17272  118  514    0.17736    0.16213  8.59%   287  596s
 10225  6773    0.17687   43  533    0.17736    0.16213  8.59%   287  601s
 10227  6774    0.16339   30  549    0.17736    0.16213  8.59%   287  606s
 10229  6775    0.16763   39  517    0.17736    0.16213  8.59%   287  611s
 10231  6777    0.16658  101  505    0.17736    0.16213  8.59%   287  616s
 10233  6778    0.16686   63  497    0.17736    0.16213  8.59%   287  621s
 10235  6779    0.17146   26  471    0.17736    0.16218  8.56%   286  625s
 10237  6781    0.17499   65  574    0.17736    0.16218  8.56%   286  630s
 10240  6783    0.17086  108  428    0.17736    0.16218  8.56%   286  638s
 10241  6783    0.17373  108  497    0.17736    0.16218  8.56%   286  640s
 10244  6785    0.17509   97  599    0.17736    0.16218  8.56%   286  647s
 10246  6787    0.16627   68  418    0.17736    0.16218  8.56%   286  652s
 10248  6788    0.16218   32  427    0.17736    0.16218  8.56%   286  655s
 10250  6789    0.17195   33  407    0.17736    0.16218  8.56%   286  660s
 10264  6799    0.16484   34  536    0.17736    0.16305  8.07%   297  665s
 10307  6827    0.16554   56   83    0.17736    0.16305  8.07%   297  670s
 10356  6857    0.16554   81  117    0.17736    0.16305  8.07%   296  675s
 10403  6880    0.16709  104  165    0.17736    0.16305  8.07%   297  680s
 10433  6881    0.16661   33  492    0.17736    0.16305  8.07%   298  685s
 10496  6915    0.16625   65  130    0.17736    0.16305  8.07%   297  690s
 10615  6942    0.16356   31  580    0.17736    0.16321  7.98%   296  696s
 10618  6944    0.16480   33  556    0.17736    0.16321  7.98%   298  700s
 10680  6969    0.16650   66   84    0.17736    0.16321  7.98%   298  705s
 10751  6990    0.16469   31  604    0.17736    0.16325  7.96%   298  710s
 10760  6994     cutoff   35         0.17736    0.16325  7.96%   300  715s
 10781  7007    0.16676   46  294    0.17736    0.16325  7.96%   301  720s
 10822  7030    0.16724   67   83    0.17736    0.16325  7.96%   301  733s
 10823  7030    0.16724   67  116    0.17736    0.16325  7.96%   301  735s
 10906  7049     cutoff  110         0.17736    0.16325  7.96%   301  740s
 10956  7061    0.16943   52   79    0.17736    0.16325  7.96%   301  745s
 11033  7085    0.16392   32  460    0.17736    0.16374  7.68%   300  750s
 11035  7087    0.16435   33  547    0.17736    0.16374  7.68%   301  755s
 11061  7104    0.16622   46  180    0.17736    0.16374  7.68%   301  760s
 11115  7126    0.16575   73  138    0.17736    0.16374  7.68%   301  765s
 11168  7147    0.17087   32  470    0.17736    0.16434  7.34%   302  770s
 11237  7181    0.17369   67  100    0.17736    0.16434  7.34%   302  775s
 11326  7199    0.16460   39  324    0.17736    0.16434  7.34%   302  780s
 11394  7236    0.16604   73   98    0.17736    0.16434  7.34%   301  785s
 11490  7253    0.16702   49   94    0.17736    0.16435  7.34%   300  790s
 11563  7300    0.16837  104  245    0.17736    0.16435  7.34%   299  795s
 11602  7305    0.16579   43  270    0.17736    0.16435  7.34%   300  800s
 11685  7357    0.16639  109  142    0.17736    0.16435  7.34%   298  805s
 11742  7371    0.16456   34  594    0.17736    0.16449  7.26%   299  811s
 11787  7400    0.16605   73   91    0.17736    0.16449  7.26%   298  815s
 11886  7448    0.16603   35  581    0.17736    0.16456  7.22%   297  820s
 11943  7482    0.16831   86   85    0.17736    0.16456  7.22%   297  825s
 12010  7517    0.16759   39  326    0.17736    0.16456  7.22%   296  830s
 12078  7562    0.16933   89  108    0.17736    0.16456  7.22%   295  835s
 12131  7575    0.16558   55  184    0.17736    0.16458  7.21%   296  840s
 12197  7618    0.16591  110   99    0.17736    0.16458  7.21%   295  845s
 12240  7626    0.16769   44  226    0.17736    0.16460  7.19%   295  850s
 12314  7658    0.16514   45  183    0.17736    0.16463  7.18%   294  855s
 12379  7700    0.16583   90   80    0.17736    0.16463  7.18%   294  860s
 12457  7722    0.17166   58  101    0.17736    0.16463  7.18%   293  865s
 12538  7756    0.16517   32  658    0.17736    0.16466  7.16%   293  870s
 12590  7784     cutoff   81         0.17736    0.16466  7.16%   293  875s
 12631  7798    0.16599   59  106    0.17736    0.16468  7.15%   293  881s
 12700  7807     cutoff   94         0.17736    0.16468  7.15%   293  885s
 12768  7822    0.16632   38  343    0.17736    0.16469  7.14%   293  890s
 12829  7863    0.16750   99  661    0.17736    0.16469  7.14%   292  895s
 12871  7882    0.16600   38  519    0.17736    0.16469  7.14%   293  900s
 12888  7893    0.16993   55  453    0.17736    0.16469  7.14%   293  906s
 12933  7923    0.17007  100   81    0.17736    0.16469  7.14%   292  910s
 13041  7980    0.16835   77   81    0.17736    0.16476  7.11%   290  915s
 13148  8043    0.17276  139  185    0.17736    0.16476  7.11%   289  920s
 13237  8074     cutoff  104         0.17736    0.16481  7.08%   288  925s
 13350  8138    0.17388  142   83    0.17736    0.16481  7.08%   287  930s
 13441  8175    0.17684  111  188    0.17736    0.16481  7.08%   286  935s
 13495  8203    0.16866   59   83    0.17736    0.16481  7.08%   286  940s
 13579  8232    0.16547   38  551    0.17736    0.16482  7.07%   286  945s
 13636  8262    0.16841   90  120    0.17736    0.16482  7.07%   285  950s
 13777  8314     cutoff  122         0.17736    0.16482  7.07%   284  955s
 13869  8355     cutoff  114         0.17736    0.16482  7.07%   283  960s
 14029  8398    0.16482   44  253    0.17736    0.16482  7.07%   281  965s
 14149  8455     cutoff   81         0.17736    0.16482  7.07%   280  970s
 14288  8522    0.16561   68  117    0.17736    0.16482  7.07%   279  975s
 14419  8593    0.16538   56  190    0.17736    0.16482  7.07%   278  980s
 14560  8650    0.16631   49  566    0.17736    0.16482  7.07%   277  985s
 14683  8711    0.16603  111  401    0.17736    0.16482  7.07%   276  990s
 14796  8759    0.17446   74  120    0.17736    0.16482  7.07%   276  995s
 14900  8798    0.16982  105  269    0.17736    0.16482  7.07%   275 1000s
 15000  8834    0.16553   53  404    0.17736    0.16482  7.07%   275 1005s
 15111  8893    0.16565   86  102    0.17736    0.16482  7.07%   274 1010s
 15225  8947    0.16565   90  101    0.17736    0.16482  7.07%   274 1015s
 15323  8973    0.16501   47  272    0.17736    0.16482  7.07%   274 1020s
 15451  9036    0.17608   70  176    0.17736    0.16482  7.07%   273 1025s
 15552  9084    0.16560   68  125    0.17736    0.16482  7.07%   272 1030s
 15648  9120     cutoff   70         0.17736    0.16482  7.07%   273 1035s
 15759  9155    0.16518   55  197    0.17736    0.16482  7.07%   272 1040s
 15894  9225    0.16565  105   99    0.17736    0.16482  7.07%   271 1045s
 16037  9282    0.17674   97   86    0.17736    0.16482  7.07%   270 1050s
 16152  9330    0.16563   83   99    0.17736    0.16482  7.07%   270 1055s
 16287  9380    0.17082   72   98    0.17736    0.16482  7.07%   269 1060s
 16490  9484    0.16561   71  129    0.17736    0.16482  7.07%   267 1065s
 16617  9527    0.16577   45  391    0.17736    0.16482  7.07%   267 1070s
 16739  9571    0.17725   96  115    0.17736    0.16482  7.07%   267 1075s
 16841  9617    0.16534   68  325    0.17736    0.16482  7.07%   267 1080s
 16970  9673     cutoff   77         0.17736    0.16482  7.07%   266 1085s
 17046  9687    0.16756   74  303    0.17736    0.16482  7.07%   266 1090s
 17206  9756    0.16553   56  726    0.17736    0.16482  7.07%   265 1095s
 17306  9801    0.17525   91  177    0.17736    0.16482  7.07%   265 1100s
 17406  9829    0.16482   53  252    0.17736    0.16482  7.07%   265 1105s
 17444  9850    0.16631   67  248    0.17736    0.16482  7.07%   266 1110s
 17500  9867    0.17664   88  108    0.17736    0.16482  7.07%   267 1115s
 17593  9883     cutoff   62         0.17736    0.16482  7.07%   267 1120s
 17691  9907    0.16482   51  240    0.17736    0.16482  7.07%   267 1125s
 17796  9948    0.16539   75  184    0.17736    0.16482  7.07%   267 1130s
 17936  9979    0.16935   68  240    0.17736    0.16482  7.07%   267 1135s
 18069 10042    0.16735   67  208    0.17736    0.16482  7.07%   266 1140s
 18193 10084    0.17459   61  212    0.17736    0.16482  7.07%   266 1145s
 18324 10145    0.17302   82  209    0.17736    0.16482  7.07%   265 1150s
 18432 10189    0.16562   75  659    0.17736    0.16482  7.07%   265 1155s
 18496 10211    0.16541   65  153    0.17736    0.16482  7.07%   266 1160s
 18597 10253    0.17173   90  286    0.17736    0.16482  7.07%   266 1165s
 18687 10297    0.17096   87  219    0.17736    0.16482  7.07%   266 1170s
 18734 10296    0.16799   65  499    0.17736    0.16482  7.07%   266 1175s
 18870 10343    0.16482   57  254    0.17736    0.16482  7.07%   265 1180s
 18938 10374     cutoff   65         0.17736    0.16482  7.07%   265 1185s
 19018 10378     cutoff   98         0.17736    0.16482  7.07%   266 1190s
 19152 10412     cutoff  102         0.17736    0.16482  7.07%   266 1195s
 19335 10504    0.17202  106  218    0.17736    0.16482  7.07%   265 1200s
 19489 10582    0.16565   96  148    0.17736    0.16482  7.07%   264 1205s
 19607 10611    0.16506   58  410    0.17736    0.16482  7.07%   264 1210s
 19684 10649    0.16510   69  344    0.17736    0.16482  7.07%   264 1215s
 19790 10688     cutoff   56         0.17736    0.16482  7.07%   264 1220s
 19927 10753    0.16636  103  227    0.17736    0.16482  7.07%   264 1225s
 20054 10786    0.16666   74  236    0.17736    0.16482  7.07%   264 1230s
 20180 10837    0.16516   58  137    0.17736    0.16482  7.07%   263 1235s
 20309 10874    0.16482   61  299    0.17736    0.16482  7.07%   263 1240s
 20404 10909    0.16892   72  192    0.17736    0.16482  7.07%   263 1245s
 20534 10945    0.16482   48  264    0.17736    0.16482  7.07%   263 1250s
 20652 11003    0.17687  106  265    0.17736    0.16482  7.07%   262 1270s
 20766 11026    0.16520   61  194    0.17736    0.16482  7.07%   262 1275s
 20888 11085    0.16482   50  293    0.17736    0.16482  7.07%   262 1280s
 21011 11141    0.17666   69  302    0.17736    0.16482  7.07%   262 1285s
 21139 11200    0.16613  113  173    0.17736    0.16482  7.07%   261 1290s
 21233 11215    0.16482   54  291    0.17736    0.16482  7.07%   261 1295s
 21330 11254    0.17725   93  119    0.17736    0.16482  7.07%   261 1300s
 21470 11318     cutoff  102         0.17736    0.16482  7.07%   261 1305s
 21593 11344    0.16546   62  402    0.17736    0.16482  7.07%   261 1310s
 21678 11370    0.17609   62  591    0.17736    0.16482  7.07%   261 1315s
 21799 11420    0.17578   69  156    0.17736    0.16482  7.07%   261 1320s
 21925 11468    0.16482   53  277    0.17736    0.16482  7.07%   260 1325s
 22062 11533    0.16581   81  236    0.17736    0.16482  7.07%   260 1330s
 22188 11563    0.17391  104  208    0.17736    0.16482  7.07%   260 1335s
 22322 11601    0.17490   72  230    0.17736    0.16482  7.07%   260 1340s
 22411 11622     cutoff   71         0.17736    0.16482  7.07%   261 1345s
 22532 11656    0.16503   60  247    0.17736    0.16482  7.07%   261 1350s
 22625 11688     cutoff   78         0.17736    0.16482  7.07%   261 1355s
 22722 11727    0.16546   70  252    0.17736    0.16482  7.07%   261 1360s
 22871 11785    0.16549   63  712    0.17736    0.16482  7.07%   260 1365s
 22976 11830     cutoff   96         0.17736    0.16482  7.07%   260 1370s
 23125 11866    0.16537   67  183    0.17736    0.16482  7.07%   260 1375s
 23260 11928    0.17634   96  114    0.17736    0.16482  7.07%   260 1380s
 23350 11939    0.16482   55  257    0.17736    0.16482  7.07%   260 1385s
 23453 11975    0.16495   58  158    0.17736    0.16482  7.07%   260 1390s
 23559 12017    0.16482   51  270    0.17736    0.16482  7.07%   260 1395s
 23663 12062    0.16826   72  185    0.17736    0.16482  7.07%   260 1400s
 23798 12103    0.16609   60  356    0.17736    0.16482  7.07%   260 1405s
 23932 12165    0.16844   81  620    0.17736    0.16482  7.07%   260 1410s
 24046 12214    0.16757   79  222    0.17736    0.16482  7.07%   259 1415s
 24145 12254    0.16517   63  216    0.17736    0.16482  7.07%   259 1420s
 24228 12289    0.16498   62  118    0.17736    0.16482  7.07%   260 1425s
 24310 12321    0.16519   65  221    0.17736    0.16482  7.07%   260 1430s
 24343 12327    0.16786   65  704    0.17736    0.16482  7.07%   261 1435s
 24455 12373    0.17120  103  129    0.17736    0.16482  7.07%   260 1440s
 24530 12374     cutoff   66         0.17736    0.16482  7.07%   261 1445s
 24611 12403    0.17004   65  458    0.17736    0.16482  7.07%   261 1450s
 24725 12448    0.16523   72  298    0.17736    0.16482  7.07%   260 1455s
 24861 12518    0.16541   75  120    0.17736    0.16482  7.07%   260 1460s
 24963 12556    0.16863   93  108    0.17736    0.16482  7.07%   260 1465s
 25134 12627    0.16968  128   67    0.17736    0.16482  7.07%   259 1470s
 25189 12644    0.17513   62  423    0.17736    0.16482  7.07%   260 1475s
 25250 12644    0.16709   59  371    0.17736    0.16482  7.07%   260 1480s
 25329 12688    0.17312  105  172    0.17736    0.16482  7.07%   261 1485s
 25426 12711    0.16935   72  311    0.17736    0.16482  7.07%   261 1490s
 25545 12747     cutoff   75         0.17736    0.16482  7.07%   260 1495s
 25646 12775    0.16482   50  255    0.17736    0.16482  7.07%   260 1500s
 25726 12805    0.16495   58  170    0.17736    0.16482  7.07%   260 1505s
 25851 12855    0.16495   60  171    0.17736    0.16482  7.07%   260 1510s
 25937 12889    0.17271   62  229    0.17736    0.16482  7.07%   260 1515s
 25991 12905 infeasible   83         0.17736    0.16482  7.07%   261 1520s
 26080 12932    0.16800   67  385    0.17736    0.16482  7.07%   261 1525s
 26167 12962    0.16622   64  317    0.17736    0.16482  7.07%   261 1530s
 26293 13008    0.16613   56  456    0.17736    0.16482  7.07%   261 1535s
 26352 13039    0.16582   67  523    0.17736    0.16482  7.07%   261 1540s
 26468 13088    0.16516   63  199    0.17736    0.16482  7.07%   261 1545s
 26558 13132    0.16683   80  451    0.17736    0.16482  7.07%   261 1550s
 26654 13172    0.16809   75  298    0.17736    0.16482  7.07%   261 1555s
 26769 13191     cutoff   85         0.17736    0.16482  7.07%   262 1560s
 26880 13236     cutoff   74         0.17736    0.16482  7.07%   261 1565s
 26969 13236    0.16492   60  431    0.17736    0.16482  7.07%   262 1570s
 27040 13256     cutoff   72         0.17736    0.16482  7.07%   262 1575s
 27195 13318    0.16482   60  295    0.17736    0.16482  7.07%   262 1580s
 27336 13377    0.17287   58  330    0.17736    0.16482  7.07%   262 1585s
 27446 13418    0.16495   59  134    0.17736    0.16482  7.07%   262 1590s
 27505 13439    0.16713   59  372    0.17736    0.16482  7.07%   262 1595s
 27611 13478    0.16807   75  181    0.17736    0.16482  7.07%   262 1600s
 27696 13508    0.17135   84  395    0.17736    0.16482  7.07%   262 1605s
 27813 13561    0.16599   87  413    0.17736    0.16482  7.07%   262 1610s
 27931 13600    0.17271   65  227    0.17736    0.16482  7.07%   262 1615s
 28018 13626    0.17637   79   91    0.17736    0.16482  7.07%   262 1620s
 28187 13667    0.16636   56  168    0.17736    0.16482  7.07%   262 1625s
 28303 13724    0.16518   70  323    0.17736    0.16482  7.07%   262 1630s
 28442 13767    0.17176   52  321    0.17736    0.16482  7.07%   262 1635s
 28558 13821    0.17393  117  183    0.17736    0.16482  7.07%   262 1640s
 28773 13904    0.16539   70  208    0.17736    0.16482  7.07%   261 1645s
 28957 13982    0.17656   75  199    0.17736    0.16482  7.07%   260 1650s
 29117 14052    0.16482   47  254    0.17736    0.16482  7.07%   260 1655s
 29284 14133    0.17459   62  216    0.17736    0.16482  7.07%   259 1660s
 29459 14207    0.16517   66  264    0.17736    0.16482  7.07%   259 1665s
 29602 14261    0.16696   82  220    0.17736    0.16482  7.07%   258 1670s
 29662 14289    0.16527   64  269    0.17736    0.16482  7.07%   259 1675s
 29751 14332    0.16495   69  230    0.17736    0.16482  7.07%   259 1680s
 29840 14369    0.16547   72  443    0.17736    0.16482  7.07%   259 1685s
 29940 14402     cutoff   82         0.17736    0.16482  7.07%   259 1690s
 30033 14417    0.16946   71  528    0.17736    0.16482  7.07%   259 1695s
 30147 14465    0.16959   87  278    0.17736    0.16482  7.07%   259 1700s
 30290 14519    0.16528   68  367    0.17736    0.16482  7.07%   258 1705s
 30348 14540    0.16710   66  392    0.17736    0.16482  7.07%   259 1710s
 30437 14567    0.16482   58  226    0.17736    0.16482  7.07%   259 1715s
 30544 14597    0.16752   59  756    0.17736    0.16482  7.07%   259 1720s
 30612 14623    0.17683   93  295    0.17736    0.16482  7.07%   259 1725s
 30729 14698     cutoff   99         0.17736    0.16482  7.07%   259 1730s
 30859 14782    0.16558   63  730    0.17736    0.16482  7.07%   259 1735s
 30964 14851    0.16482   60  254    0.17736    0.16482  7.07%   259 1740s
 31007 14886     cutoff   78         0.17736    0.16482  7.07%   259 1745s
 31123 14965    0.16678   72  293    0.17736    0.16482  7.07%   259 1750s
 31243 15045    0.16564   76  523    0.17736    0.16482  7.07%   259 1755s
 31386 15140    0.17230   73  536    0.17736    0.16482  7.07%   259 1760s
 31475 15199    0.16859   78  246    0.17736    0.16482  7.07%   259 1765s
 31564 15260    0.16703   66  154    0.17736    0.16482  7.07%   259 1770s
 31657 15323    0.16616   64  750    0.17736    0.16482  7.07%   260 1775s
 31823 15429    0.16606   79  481    0.17736    0.16482  7.07%   259 1780s
 31869 15456    0.16520   73  306    0.17736    0.16482  7.07%   260 1785s
 31998 15560    0.17585   83  214    0.17736    0.16482  7.07%   259 1790s
 32115 15628    0.16738   88  596    0.17736    0.16482  7.07%   259 1795s
 32230 15692     cutoff   79         0.17736    0.16482  7.07%   259 1800s
 32313 15749    0.16664   94  243    0.17736    0.16482  7.07%   260 1805s
 32381 15799    0.17363   89  231    0.17736    0.16482  7.07%   260 1810s
 32447 15833    0.16779   75  697    0.17736    0.16482  7.07%   261 1815s
 32531 15876    0.17147   94  409    0.17736    0.16482  7.07%   261 1820s
 32594 15907    0.16654   78  434    0.17736    0.16482  7.07%   262 1825s
 32741 16003    0.16638   69  404    0.17736    0.16482  7.07%   261 1830s
 32846 16061     cutoff   73         0.17736    0.16482  7.07%   262 1835s
 32989 16160    0.16561   89  233    0.17736    0.16482  7.07%   261 1840s
 33184 16287     cutoff  104         0.17736    0.16482  7.07%   261 1845s
 33329 16384    0.16541   89  332    0.17736    0.16482  7.07%   261 1850s
 33482 16477    0.16511   80  458    0.17736    0.16482  7.07%   260 1855s
 33609 16562    0.16508   81  451    0.17736    0.16482  7.07%   260 1860s
 33735 16623    0.16486   74  423    0.17736    0.16482  7.07%   260 1865s
 33814 16674     cutoff   83         0.17736    0.16482  7.07%   260 1870s
 33889 16725     cutoff   86         0.17736    0.16482  7.07%   260 1875s
 34007 16795     cutoff   70         0.17736    0.16482  7.07%   260 1880s
 34044 16830    0.17131   83  673    0.17736    0.16482  7.07%   261 1885s
 34157 16897     cutoff  106         0.17736    0.16482  7.07%   261 1890s
 34210 16930    0.17599   76  315    0.17736    0.16482  7.07%   261 1895s
 34284 16960    0.16610   73  320    0.17736    0.16482  7.07%   261 1900s
 34402 17040     cutoff   76         0.17736    0.16482  7.07%   261 1905s
 34492 17100    0.16521   83  310    0.17736    0.16482  7.07%   261 1910s
 34597 17169     cutoff   64         0.17736    0.16482  7.07%   261 1915s
 34679 17212    0.16482   61  272    0.17736    0.16482  7.07%   261 1920s
 34769 17275    0.16589   75  764    0.17736    0.16482  7.07%   261 1925s
 34861 17330    0.17204   85  438    0.17736    0.16482  7.07%   261 1930s
 34926 17362    0.16762   74  705    0.17736    0.16482  7.07%   261 1935s
 35018 17423    0.16496   74  589    0.17736    0.16482  7.07%   261 1942s
 35029 17432    0.17067   78  665    0.17736    0.16482  7.07%   262 1945s
 35118 17487    0.16767   78  289    0.17736    0.16482  7.07%   262 1950s
 35219 17543    0.16511   70  448    0.17736    0.16482  7.07%   262 1955s
 35312 17582     cutoff   91         0.17736    0.16482  7.07%   262 1960s
 35422 17646    0.16482   56  233    0.17736    0.16482  7.07%   262 1965s
 35519 17718    0.16499   72  188    0.17736    0.16482  7.07%   262 1970s
 35631 17795    0.16665   75  335    0.17736    0.16482  7.07%   262 1975s
 35707 17845    0.16505   74  304    0.17736    0.16482  7.07%   262 1980s
 35783 17872    0.17692   79  389    0.17736    0.16482  7.07%   263 1985s
 35849 17919    0.16752   68  233    0.17736    0.16482  7.07%   263 1990s
 35898 17945    0.16498   70  212    0.17736    0.16482  7.07%   263 1995s
 36012 18013     cutoff   98         0.17736    0.16482  7.07%   263 2000s
 36162 18093    0.16482   65  232    0.17736    0.16482  7.07%   263 2005s
 36244 18145    0.16482   66  289    0.17736    0.16482  7.07%   263 2010s
 36369 18234     cutoff   94         0.17736    0.16482  7.07%   263 2015s
 36467 18289    0.17591   91  434    0.17736    0.16482  7.07%   263 2020s
 36576 18359    0.16910   72  728    0.17736    0.16482  7.07%   263 2025s
 36678 18424     cutoff   93         0.17736    0.16482  7.07%   263 2030s
 36809 18499    0.16498   73  203    0.17736    0.16482  7.07%   263 2035s
 36915 18590    0.17072  132  238    0.17736    0.16482  7.07%   263 2040s
 37032 18659    0.16708   67  312    0.17736    0.16482  7.07%   263 2045s
 37137 18721     cutoff   66         0.17736    0.16482  7.07%   263 2050s
 37224 18784    0.16581   65  729    0.17736    0.16482  7.07%   263 2055s
 37317 18845    0.16894   79  253    0.17736    0.16482  7.07%   263 2060s
 37423 18916     cutoff   85         0.17736    0.16482  7.07%   263 2065s
 37588 19004    0.16758   71  725    0.17736    0.16482  7.07%   263 2070s
 37669 19041    0.16611   71  664    0.17736    0.16482  7.07%   263 2075s
 37737 19094     cutoff   83         0.17736    0.16482  7.07%   263 2080s
 37872 19183    0.16526   75  747    0.17736    0.16482  7.07%   263 2085s
 38015 19268    0.16498   72  448    0.17736    0.16482  7.07%   263 2090s
 38100 19315     cutoff   89         0.17736    0.16482  7.07%   263 2095s
 38245 19417    0.16482   76  245    0.17736    0.16482  7.07%   263 2100s
 38335 19465     cutoff   78         0.17736    0.16482  7.07%   263 2105s
 38422 19508    0.16793   78  727    0.17736    0.16482  7.07%   263 2110s
 38529 19580    0.17141   83  296    0.17736    0.16482  7.07%   263 2115s
 38589 19594    0.16482   72  256    0.17736    0.16482  7.07%   264 2120s
 38717 19684    0.17008   85  321    0.17736    0.16482  7.07%   263 2125s
 38883 19770     cutoff   75         0.17736    0.16482  7.07%   263 2130s
 38925 19795     cutoff   59         0.17736    0.16482  7.07%   263 2135s
 39037 19859    0.16592   65  199    0.17736    0.16482  7.07%   263 2140s
 39135 19926     cutoff   71         0.17736    0.16482  7.07%   264 2145s
 39264 20017    0.17478   72  276    0.17736    0.16482  7.07%   263 2150s
 39402 20107    0.17359   91   73    0.17736    0.16482  7.07%   263 2155s
 39537 20187    0.16675   85  490    0.17736    0.16482  7.07%   263 2160s
 39682 20258    0.16503   81  298    0.17736    0.16482  7.07%   263 2165s
 39843 20368    0.16540   69  421    0.17736    0.16482  7.07%   262 2170s
 39964 20467    0.17193  101  199    0.17736    0.16482  7.07%   262 2175s
 40065 20523    0.17160   88  232    0.17736    0.16482  7.07%   262 2180s
 40149 20566    0.16482   65  238    0.17736    0.16482  7.07%   262 2185s
 40259 20640    0.16580   79  383    0.17736    0.16482  7.07%   262 2190s
 40365 20706    0.16759   69  709    0.17736    0.16482  7.07%   262 2195s
 40435 20742    0.16545   70  311    0.17736    0.16482  7.07%   263 2200s
 40521 20798     cutoff   84         0.17736    0.16482  7.07%   263 2205s
 40618 20863    0.17003   80  322    0.17736    0.16482  7.07%   263 2210s
 40716 20915    0.16882   74  603    0.17736    0.16482  7.07%   263 2215s
 40808 20952    0.16978   84  338    0.17736    0.16482  7.07%   263 2220s
 40857 20971    0.16524   71  614    0.17736    0.16482  7.07%   264 2225s
 40935 21021     cutoff   87         0.17736    0.16482  7.07%   264 2230s
 41048 21072    0.16758   70  730    0.17736    0.16482  7.07%   264 2235s
 41113 21117    0.16747   74  443    0.17736    0.16482  7.07%   264 2240s
 41206 21164    0.16482   69  248    0.17736    0.16482  7.07%   264 2245s
 41300 21230    0.17122   79  201    0.17736    0.16482  7.07%   264 2250s
 41433 21297    0.17292   77  392    0.17736    0.16482  7.07%   264 2255s
 41621 21406    0.16508   70  397    0.17736    0.16482  7.07%   264 2260s
 41743 21484    0.16754   70  544    0.17736    0.16482  7.07%   264 2265s
 41804 21513     cutoff   69         0.17736    0.16482  7.07%   264 2270s
 41884 21542    0.16482   69  236    0.17736    0.16482  7.07%   264 2275s
 42048 21645    0.16971   70  480    0.17736    0.16482  7.07%   264 2280s
 42199 21739     cutoff   72         0.17736    0.16482  7.07%   264 2285s
 42313 21790    0.16713   69  391    0.17736    0.16482  7.07%   264 2290s
 42419 21870    0.16808   79  709    0.17736    0.16482  7.07%   264 2295s
 42535 21943    0.17021   75  441    0.17736    0.16482  7.07%   264 2300s
 42632 21981    0.16514   79  424    0.17736    0.16482  7.07%   264 2305s
 42637 21982     cutoff   83         0.17736    0.16482  7.07%   264 2310s
 42731 22034    0.16727   77  737    0.17736    0.16482  7.07%   264 2315s
 42809 22075     cutoff   81         0.17736    0.16482  7.07%   264 2320s
 42877 22108    0.16503   76  219    0.17736    0.16482  7.07%   264 2325s
 42942 22145    0.16511   81  298    0.17736    0.16482  7.07%   265 2330s
 43066 22218     cutoff  104         0.17736    0.16482  7.07%   265 2335s
 43180 22281     cutoff   70         0.17736    0.16482  7.07%   265 2340s
 43249 22324    0.16684   70  341    0.17736    0.16482  7.07%   265 2345s
 43345 22365    0.17484   83  407    0.17736    0.16482  7.07%   265 2350s
 43491 22448    0.16501   74  476    0.17736    0.16482  7.07%   265 2355s
 43638 22551    0.16532   81  343    0.17736    0.16482  7.07%   264 2360s
 43763 22636     cutoff   82         0.17736    0.16482  7.07%   264 2365s
 43851 22670    0.17678   66  694    0.17736    0.16482  7.07%   265 2370s
 43915 22717    0.16736   84  368    0.17736    0.16482  7.07%   265 2375s
 44024 22774     cutoff   69         0.17736    0.16482  7.07%   264 2380s
 44129 22826    0.16729   79  704    0.17736    0.16482  7.07%   265 2385s
 44247 22899     cutoff   96         0.17736    0.16482  7.07%   265 2390s
 44349 22966    0.16567   72  308    0.17736    0.16482  7.07%   265 2395s
 44458 23036     cutoff   89         0.17736    0.16482  7.07%   265 2400s
 44593 23110    0.17441   78  341    0.17736    0.16482  7.07%   264 2405s
 44713 23191    0.16482   71  259    0.17736    0.16482  7.07%   264 2410s
 44794 23239    0.17715   77  630    0.17736    0.16482  7.07%   264 2415s
 44928 23292    0.17667  104  236    0.17736    0.16482  7.07%   264 2420s
 45025 23343    0.16979   86  310    0.17736    0.16482  7.07%   264 2425s
 45147 23398    0.16482   72  234    0.17736    0.16482  7.07%   264 2430s
 45248 23464    0.17693   76  280    0.17736    0.16482  7.07%   264 2435s
 45312 23490    0.16726   77  696    0.17736    0.16482  7.07%   265 2440s
 45408 23548    0.16593   79  417    0.17736    0.16482  7.07%   265 2445s
 45500 23585 infeasible   84         0.17736    0.16482  7.07%   265 2450s
 45610 23638    0.17558   80  544    0.17736    0.16482  7.07%   265 2455s
 45720 23696    0.16551   78  367    0.17736    0.16482  7.07%   265 2460s
 45840 23777     cutoff   78         0.17736    0.16482  7.07%   265 2465s
 45909 23812    0.16616   72  677    0.17736    0.16482  7.07%   265 2470s
 45977 23844     cutoff   80         0.17736    0.16482  7.07%   265 2475s
H46043 23772                       0.1771049    0.16482  6.94%   265 2479s
H46043 23717                       0.1770058    0.16482  6.88%   265 2479s
 46045 23719    0.17184   88  541    0.17701    0.16482  6.88%   265 2483s
 46097 23741    0.17673  104  203    0.17701    0.16482  6.88%   265 2506s
H46152 23503                       0.1767271    0.16482  6.74%   265 2509s
 46157 23506    0.17280   77  403    0.17673    0.16482  6.74%   265 2510s
 46257 23560    0.16482   70  278    0.17673    0.16482  6.74%   265 2515s
 46325 23599    0.17011   72  529    0.17673    0.16482  6.74%   265 2520s
 46407 23635    0.16570   69  702    0.17673    0.16482  6.74%   265 2525s
 46498 23690     cutoff   79         0.17673    0.16482  6.74%   265 2530s
 46609 23736    0.16859   73  629    0.17673    0.16482  6.74%   265 2535s
 46696 23798    0.17299  100  323    0.17673    0.16482  6.74%   265 2540s
 46802 23853    0.17216   77  301    0.17673    0.16482  6.74%   265 2545s
 46862 23878    0.17259   73  305    0.17673    0.16482  6.74%   265 2550s
 46941 23890    0.16482   69  269    0.17673    0.16482  6.74%   266 2555s
 47014 23945    0.17062   89  266    0.17673    0.16482  6.74%   266 2560s
 47120 24003    0.16676   93  321    0.17673    0.16482  6.74%   266 2565s
 47225 24071    0.16922   91  408    0.17673    0.16482  6.74%   266 2570s
 47315 24123     cutoff   80         0.17673    0.16482  6.74%   266 2575s
 47425 24180    0.16508   66  683    0.17673    0.16482  6.74%   266 2580s
 47511 24240    0.17170   97  403    0.17673    0.16482  6.74%   266 2585s
 47616 24302    0.17560   94  199    0.17673    0.16482  6.74%   266 2590s
 47724 24363    0.17249   79  296    0.17673    0.16482  6.74%   266 2596s
 47826 24425     cutoff   65         0.17673    0.16482  6.74%   266 2600s
 47860 24449    0.16613   81  366    0.17673    0.16482  6.74%   266 2605s
 47979 24530    0.17057   94  571    0.17673    0.16482  6.74%   266 2610s
 48109 24611    0.17405  107  209    0.17673    0.16482  6.74%   266 2615s
 48211 24648    0.16505   81  241    0.17673    0.16482  6.74%   266 2620s
 48306 24709    0.16714   74  374    0.17673    0.16482  6.74%   266 2625s
 48375 24744    0.17579   84  359    0.17673    0.16482  6.74%   266 2630s
 48528 24818    0.16485   78  326    0.17673    0.16482  6.74%   266 2635s
 48638 24885    0.17525  104  279    0.17673    0.16482  6.74%   266 2640s
 48702 24915    0.17555   93  201    0.17673    0.16482  6.74%   266 2646s
 48763 24949    0.16652   76  507    0.17673    0.16482  6.74%   266 2650s
 48881 25017    0.17623   72  728    0.17673    0.16482  6.74%   266 2655s
 48936 25046    0.16634   79  515    0.17673    0.16482  6.74%   266 2660s
 49038 25086    0.16714   69  353    0.17673    0.16482  6.74%   266 2665s
 49121 25133    0.16482   74  252    0.17673    0.16482  6.74%   266 2670s
 49224 25196     cutoff   92         0.17673    0.16482  6.74%   266 2675s
 49309 25229    0.16696   75  736    0.17673    0.16482  6.74%   267 2680s
 49458 25314    0.17601   96  432    0.17673    0.16482  6.74%   266 2685s
 49557 25359    0.16672   79  390    0.17673    0.16482  6.74%   267 2690s
 49617 25380    0.17513   75  458    0.17673    0.16482  6.74%   267 2695s
 49694 25409     cutoff   83         0.17673    0.16482  6.74%   267 2700s
 49787 25448    0.16870   77  497    0.17673    0.16482  6.74%   267 2705s
 49887 25513    0.16908   93  247    0.17673    0.16482  6.74%   267 2710s
 50011 25580     cutoff   94         0.17673    0.16482  6.74%   267 2715s
 50090 25621    0.17387   86  446    0.17673    0.16482  6.74%   267 2720s
 50209 25673    0.17466   81  462    0.17673    0.16482  6.74%   267 2725s
 50294 25699    0.16833   66  434    0.17673    0.16482  6.74%   268 2730s
 50367 25744    0.16732   73  359    0.17673    0.16482  6.74%   268 2735s
 50456 25809    0.16709   71  366    0.17673    0.16482  6.74%   268 2740s
 50599 25882    0.17623   72  730    0.17673    0.16482  6.74%   268 2745s
 50657 25911    0.17442   74  306    0.17673    0.16482  6.74%   268 2751s
 50715 25925    0.16511   71  323    0.17673    0.16482  6.74%   268 2755s
 50802 25972     cutoff  105         0.17673    0.16482  6.74%   269 2760s
 50897 26014    0.16630   74  699    0.17673    0.16482  6.74%   269 2765s
 50970 26045    0.16796   74  716    0.17673    0.16482  6.74%   269 2770s
 51072 26092     cutoff   64         0.17673    0.16482  6.74%   269 2775s
 51159 26159    0.16928   87  367    0.17673    0.16482  6.74%   269 2780s
 51274 26218    0.17521   82  277    0.17673    0.16482  6.74%   269 2785s
 51371 26269    0.16482   67  254    0.17673    0.16482  6.74%   269 2790s
 51472 26305     cutoff   67         0.17673    0.16482  6.74%   269 2795s
 51577 26374    0.16626   60  781    0.17673    0.16482  6.74%   269 2800s
 51653 26422    0.16554   69  784    0.17673    0.16482  6.74%   269 2805s
 51707 26444    0.16713   70  390    0.17673    0.16482  6.74%   269 2810s
 51828 26519    0.16571   71  780    0.17673    0.16482  6.74%   269 2815s
 51925 26573    0.16681   77  708    0.17673    0.16482  6.74%   269 2820s
 52026 26614    0.16482   74  289    0.17673    0.16482  6.74%   269 2825s
 52139 26675     cutoff   81         0.17673    0.16482  6.74%   269 2830s
 52250 26749     cutoff  125         0.17673    0.16482  6.74%   269 2835s
 52326 26792     cutoff   87         0.17673    0.16482  6.74%   269 2840s
 52413 26828    0.16482   71  250    0.17673    0.16482  6.74%   269 2845s
 52542 26911    0.16482   75  254    0.17673    0.16482  6.74%   269 2850s
 52654 26976    0.16811   87  360    0.17673    0.16482  6.74%   269 2855s
 52754 27039    0.16485   69  330    0.17673    0.16482  6.74%   269 2860s
 52825 27080    0.16482   71  251    0.17673    0.16482  6.74%   269 2865s
 52912 27140    0.16660   74  570    0.17673    0.16482  6.74%   269 2870s
 52987 27176    0.16851   75  513    0.17673    0.16482  6.74%   269 2875s
 53102 27231    0.16482   65  266    0.17673    0.16482  6.74%   269 2880s
 53172 27264     cutoff   66         0.17673    0.16482  6.74%   269 2885s
 53305 27344    0.16907   73  472    0.17673    0.16482  6.74%   269 2890s
 53361 27353     cutoff   76         0.17673    0.16482  6.74%   270 2895s
 53454 27416    0.16746   74  724    0.17673    0.16482  6.74%   270 2900s
 53532 27471    0.17299   66  334    0.17673    0.16482  6.74%   270 2905s
 53601 27518    0.17531   78  316    0.17673    0.16482  6.74%   270 2910s
 53690 27568     cutoff   67         0.17673    0.16482  6.74%   270 2915s
 53754 27598    0.16926   80  495    0.17673    0.16482  6.74%   270 2920s
 53834 27644    0.17632   83  378    0.17673    0.16482  6.74%   270 2925s
 53918 27695    0.17272   57  442    0.17673    0.16482  6.74%   270 2930s
 53957 27717    0.17593   93  439    0.17673    0.16482  6.74%   270 2935s
 54064 27771    0.16482   61  246    0.17673    0.16482  6.74%   270 2940s
 54144 27825    0.16753   71  335    0.17673    0.16482  6.74%   270 2945s
 54199 27855    0.16606   61  727    0.17673    0.16482  6.74%   271 2950s
 54265 27889     cutoff   73         0.17673    0.16482  6.74%   271 2955s
 54355 27942    0.16559   69  799    0.17673    0.16482  6.74%   271 2960s
 54472 28037    0.17471   84  352    0.17673    0.16482  6.74%   271 2965s
 54568 28098    0.16482   61  279    0.17673    0.16482  6.74%   271 2970s
 54657 28142    0.16482   64  267    0.17673    0.16482  6.74%   271 2975s
 54773 28222    0.17348  101  203    0.17673    0.16482  6.74%   271 2980s
 54907 28290     cutoff   89         0.17673    0.16482  6.74%   270 2985s
 55006 28345    0.17436   74  476    0.17673    0.16482  6.74%   271 2990s
 55088 28372    0.16482   70  288    0.17673    0.16482  6.74%   271 2996s
 55193 28435    0.16844   84  382    0.17673    0.16482  6.74%   271 3000s
 55376 28524     cutoff  101         0.17673    0.16482  6.74%   270 3005s
 55519 28603    0.17399   98  356    0.17673    0.16482  6.74%   270 3010s
 55601 28631    0.16499   68  759    0.17673    0.16482  6.74%   270 3015s
 55691 28691    0.16794   75  655    0.17673    0.16482  6.74%   270 3020s
 55733 28725    0.16689   70  391    0.17673    0.16482  6.74%   270 3025s
 55832 28789    0.16576   59  373    0.17673    0.16482  6.74%   270 3030s
 55889 28837    0.16760   72  358    0.17673    0.16482  6.74%   270 3035s
 55967 28880    0.17585   81  299    0.17673    0.16482  6.74%   271 3040s
 56028 28904    0.16514   66  430    0.17673    0.16482  6.74%   271 3045s
 56094 28950    0.17521   65  285    0.17673    0.16482  6.74%   271 3050s
 56154 28990    0.16625   66  749    0.17673    0.16482  6.74%   271 3055s
 56244 29050    0.17530   78  281    0.17673    0.16482  6.74%   271 3060s
 56323 29102    0.16641   75  579    0.17673    0.16482  6.74%   271 3065s
 56429 29171    0.16592   74  376    0.17673    0.16482  6.74%   271 3070s
 56552 29252    0.16812   84  331    0.17673    0.16482  6.74%   271 3075s
 56652 29304    0.16482   57  275    0.17673    0.16482  6.74%   271 3080s
 56755 29377    0.16482   60  240    0.17673    0.16482  6.74%   271 3085s
 56855 29454     cutoff   91         0.17673    0.16482  6.74%   270 3090s
 56910 29480    0.16816   64  683    0.17673    0.16482  6.74%   271 3095s
 57006 29550    0.16751   65  688    0.17673    0.16482  6.74%   271 3100s
 57066 29585    0.16482   56  256    0.17673    0.16482  6.74%   271 3105s
 57161 29645    0.16483   63  367    0.17673    0.16482  6.74%   271 3110s
 57262 29713    0.16507   59  410    0.17673    0.16482  6.74%   271 3115s
 57402 29808    0.16500   59  474    0.17673    0.16482  6.74%   271 3120s
 57494 29875    0.16776   88  319    0.17673    0.16482  6.74%   271 3125s
 57561 29918    0.17366   62  405    0.17673    0.16482  6.74%   271 3130s
 57633 29950     cutoff   81         0.17673    0.16482  6.74%   271 3135s
 57746 30000    0.17499   66  496    0.17673    0.16482  6.74%   271 3140s
 57826 30044    0.16482   57  229    0.17673    0.16482  6.74%   271 3145s
 57890 30094    0.16543   63  382    0.17673    0.16482  6.74%   271 3150s
 57992 30153    0.16482   57  229    0.17673    0.16482  6.74%   271 3155s
 58072 30200     cutoff   85         0.17673    0.16482  6.74%   271 3160s
 58156 30267    0.16595   85  198    0.17673    0.16482  6.74%   271 3165s
 58272 30342    0.16505   62  266    0.17673    0.16482  6.74%   271 3170s
 58351 30393    0.16751   71  656    0.17673    0.16482  6.74%   271 3175s
 58482 30491    0.16485   59  330    0.17673    0.16482  6.74%   271 3180s
 58523 30532    0.17362  100  218    0.17673    0.16482  6.74%   271 3186s
 58608 30597    0.16890   92  225    0.17673    0.16482  6.74%   271 3190s
 58743 30665    0.16538   61  739    0.17673    0.16482  6.74%   271 3195s
 58791 30693    0.16868   67  368    0.17673    0.16482  6.74%   271 3200s
 58903 30735    0.16508   74  320    0.17673    0.16482  6.74%   271 3205s
 58985 30799    0.16908   84  230    0.17673    0.16482  6.74%   271 3210s
 59075 30856    0.16484   69  377    0.17673    0.16482  6.74%   271 3215s
 59153 30905    0.16713   62  386    0.17673    0.16482  6.74%   271 3220s
 59223 30954    0.16482   58  256    0.17673    0.16482  6.74%   271 3225s
 59307 31028    0.17555   88  312    0.17673    0.16482  6.74%   271 3230s
 59471 31141    0.16482   70  248    0.17673    0.16482  6.74%   271 3235s
 59576 31199    0.16652   59  780    0.17673    0.16482  6.74%   271 3240s
 59682 31283    0.16567   65  365    0.17673    0.16482  6.74%   271 3245s
 59791 31355     cutoff   78         0.17673    0.16482  6.74%   271 3250s
 59862 31402    0.17062   86  238    0.17673    0.16482  6.74%   271 3255s
 59940 31451    0.16965   69  734    0.17673    0.16482  6.74%   271 3260s
 60007 31495    0.16713   71  396    0.17673    0.16482  6.74%   271 3265s
 60134 31589    0.16693   72  374    0.17673    0.16482  6.74%   271 3270s
 60239 31668    0.16875   77  600    0.17673    0.16482  6.74%   271 3275s
 60382 31755    0.16553   71  302    0.17673    0.16482  6.74%   271 3280s
 60515 31849    0.16488   75  314    0.17673    0.16482  6.74%   271 3285s
 60590 31904    0.17538   94  265    0.17673    0.16482  6.74%   271 3290s
 60669 31941    0.16482   70  249    0.17673    0.16482  6.74%   271 3295s
 60766 32002     cutoff   90         0.17673    0.16482  6.74%   271 3300s
 60879 32088    0.16624   73  353    0.17673    0.16482  6.74%   271 3305s
 61004 32153    0.16890   83  446    0.17673    0.16482  6.74%   271 3310s
 61148 32243    0.16751   76  640    0.17673    0.16482  6.74%   270 3315s
 61212 32277    0.17545   87  563    0.17673    0.16482  6.74%   271 3320s
 61320 32349    0.16780   78  670    0.17673    0.16482  6.74%   270 3325s
 61401 32405    0.16972   74  447    0.17673    0.16482  6.74%   271 3330s
 61495 32452    0.16543   71  266    0.17673    0.16482  6.74%   271 3335s
 61585 32510    0.17611   89  453    0.17673    0.16482  6.74%   271 3340s
 61681 32572    0.16497   69  445    0.17673    0.16482  6.74%   271 3345s
 61753 32630    0.16995   83  291    0.17673    0.16482  6.74%   271 3350s
 61866 32703     cutoff   89         0.17673    0.16482  6.74%   271 3355s
 61987 32760    0.16928   69  770    0.17673    0.16482  6.74%   271 3360s
 62079 32825    0.17218   83  585    0.17673    0.16482  6.74%   271 3365s
 62143 32871     cutoff   85         0.17673    0.16482  6.74%   271 3370s
 62257 32941    0.17583   75  723    0.17673    0.16482  6.74%   271 3375s
 62351 32988    0.16847   68  748    0.17673    0.16482  6.74%   271 3380s
 62459 33067    0.17669   89  319    0.17673    0.16482  6.74%   271 3385s
 62583 33160    0.17637  118  182    0.17673    0.16482  6.74%   271 3390s
 62679 33222    0.16874   83  197    0.17673    0.16482  6.74%   271 3395s
 62811 33310    0.16577   76  274    0.17673    0.16482  6.74%   271 3400s
 62894 33364    0.17545   73  690    0.17673    0.16482  6.74%   271 3405s
 62994 33422    0.16783   82  416    0.17673    0.16482  6.74%   271 3410s
 63124 33508    0.17534  100  244    0.17673    0.16482  6.74%   271 3415s
 63257 33580    0.16509   75  783    0.17673    0.16482  6.74%   271 3420s
 63378 33647    0.16587   68  744    0.17673    0.16482  6.74%   271 3425s
 63491 33710    0.17600  107  343    0.17673    0.16482  6.74%   271 3430s
 63619 33793    0.17421  104  308    0.17673    0.16482  6.74%   270 3435s
 63705 33848    0.16496   60  292    0.17673    0.16482  6.74%   270 3440s
 63811 33913    0.16744   75  742    0.17673    0.16482  6.74%   270 3445s
 63894 33946    0.16642   59  401    0.17673    0.16482  6.74%   270 3450s
 64009 34036    0.16482   56  236    0.17673    0.16482  6.74%   270 3455s
 64110 34099 infeasible   99         0.17673    0.16482  6.74%   270 3460s
 64261 34199    0.16547   65  376    0.17673    0.16482  6.74%   270 3465s
 64377 34302    0.17091  112  155    0.17673    0.16482  6.74%   270 3470s
 64474 34361    0.16550   72  356    0.17673    0.16482  6.74%   270 3475s
 64563 34424    0.16505   74  299    0.17673    0.16482  6.74%   270 3480s
 64682 34521    0.16743   83  199    0.17673    0.16482  6.74%   270 3485s
 64822 34608    0.16482   63  240    0.17673    0.16482  6.74%   270 3490s
 64934 34683    0.16503   72  328    0.17673    0.16482  6.74%   269 3495s
 65042 34745    0.16940   71  518    0.17673    0.16482  6.74%   270 3500s
 65167 34831    0.16750   86  487    0.17673    0.16482  6.74%   269 3505s
 65274 34893    0.16583   64  415    0.17673    0.16482  6.74%   269 3510s
 65404 34986    0.16482   70  236    0.17673    0.16482  6.74%   269 3515s
 65520 35074    0.17071  101  144    0.17673    0.16482  6.74%   269 3520s
 65586 35095    0.16485   63  390    0.17673    0.16482  6.74%   269 3525s
 65682 35153    0.16494   62  416    0.17673    0.16482  6.74%   269 3530s
 65805 35242    0.16505   72  224    0.17673    0.16482  6.74%   269 3535s
 65923 35318    0.17663   96  431    0.17673    0.16482  6.74%   269 3540s
 66032 35391    0.16482   66  243    0.17673    0.16482  6.74%   269 3545s
 66116 35431    0.16589   67  502    0.17673    0.16482  6.74%   269 3550s
 66202 35480    0.17458   68  357    0.17673    0.16482  6.74%   269 3555s
 66296 35544     cutoff  113         0.17673    0.16482  6.74%   269 3560s
 66417 35624    0.16482   58  252    0.17673    0.16482  6.74%   269 3565s
 66542 35708    0.16499   69  441    0.17673    0.16482  6.74%   269 3570s
 66637 35778    0.16534   70  455    0.17673    0.16482  6.74%   269 3575s
 66724 35830    0.16482   67  260    0.17673    0.16482  6.74%   269 3580s
 66817 35901    0.16665   76  406    0.17673    0.16482  6.74%   269 3585s
 66901 35949    0.16674   75  326    0.17673    0.16482  6.74%   269 3590s
 67016 36025    0.16899   77  444    0.17673    0.16482  6.74%   269 3595s

Cutting planes:
  Learned: 82
  Gomory: 70
  Cover: 150
  Implied bound: 272
  Projected implied bound: 99
  Clique: 149
  MIR: 817
  Mixing: 3
  StrongCG: 158
  Flow cover: 1475
  GUB cover: 1
  Inf proof: 19
  Zero half: 36
  RLT: 16
  Relax-and-lift: 521
  BQP: 15

Explored 67071 nodes (18073372 simplex iterations) in 3596.68 seconds (6757.70 work units)
Thread count was 1 (of 20 available processors)

Solution count 10: 0.176727 0.177006 0.177105 ... 0.180843

Time limit reached
Best objective 1.767271252026e-01, best bound 1.648215195848e-01, gap 6.7367%

User-callback calls 765187, time in user-callback 0.88 sec
