
Gurobi 13.0.2 (win64) logging started Fri Oct  2 03:03:57 2026

Set parameter LogFile to value "E:\codes\ExactEBRP\results\unified_exact_round99\linked01\raw\03_F2_M-BL\external\native_logs\L0_c6_1_child_disjunction_target_mip.gurobi.log"
Set parameter TimeLimit to value 894.7465223
Gurobi Optimizer version 13.0.2 build v13.0.2rc1 (win64 - Windows 10.0 (19045.2))

CPU model: 12th Gen Intel(R) Core(TM) i7-12700KF, instruction set [SSE2|AVX|AVX2]
Thread count: 12 physical cores, 20 logical processors, using up to 1 threads

Non-default parameters:
TimeLimit  894.7465223
MIPGap  0
MIPGapAbs  0
LogToConsole  0
Threads  1

Optimize a model with 9329 rows, 3488 columns and 53985 nonzeros (Min)
Model fingerprint: 0x9c929492
Model has 21 linear objective coefficients
Variable types: 1861 continuous, 1627 integer (1567 binary)
Coefficient statistics:
  Matrix range     [4e-02, 2e+04]
  Objective range  [4e-02, 1e+00]
  Bounds range     [9e-01, 4e+02]
  RHS range        [9e-01, 5e+04]

Loaded user MIP start with objective 0.885348

Presolve removed 1715 rows and 22 columns
Presolve time: 0.09s
Presolved: 7614 rows, 3466 columns, 45351 nonzeros
Variable types: 1649 continuous, 1817 integer (1567 binary)

Root relaxation: objective 5.984895e-01, 3419 iterations, 0.14 seconds (0.37 work units)

    Nodes    |    Current Node    |     Objective Bounds      |     Work
 Expl Unexpl |  Obj  Depth IntInf | Incumbent    BestBd   Gap | It/Node Time

     0     0    0.59849    0  330    0.88535    0.59849  32.4%     -    0s
     0     0    0.64951    0  346    0.88535    0.64951  26.6%     -    0s

Explored 1 nodes (4032 simplex iterations) in 0.35 seconds (0.80 work units)
Thread count was 1 (of 20 available processors)

Solution count 2: 0.885348 0.885348

Solve interrupted
Best objective 8.853483009346e-01, best bound 6.495133669934e-01, gap 26.6375%

User-callback calls 506, time in user-callback 0.00 sec
