
Gurobi 13.0.2 (win64) logging started Sat Aug  8 14:47:40 2026

Set parameter LogFile to value "E:\codes\ExactEBRP\results\gf_c6_documentation_hga_round34\runs\v10__round33_v10_high_imbalance_M2_Q20_seed1719879984__c6_hga_full__3600s\external\native_logs\L1.1_c6_1_next_leaf_target_mip.gurobi.log"
Gurobi Optimizer version 13.0.2 build v13.0.2rc1 (win64 - Windows 10.0 (19045.2))

CPU model: 12th Gen Intel(R) Core(TM) i7-12700KF, instruction set [SSE2|AVX|AVX2]
Thread count: 12 physical cores, 20 logical processors, using up to 1 threads

Non-default parameters:
TimeLimit  3572.6348155
MIPGap  0
MIPGapAbs  0
LogToConsole  0
Threads  1

Optimize a model with 4276 rows, 763 columns and 30673 nonzeros (Min)
Model fingerprint: 0x4d444ef9
Model has 11 linear objective coefficients
Variable types: 376 continuous, 387 integer (317 binary)
Coefficient statistics:
  Matrix range     [1e-02, 1e+05]
  Objective range  [1e-02, 1e+00]
  Bounds range     [3e-01, 6e+02]
  RHS range        [3e-01, 1e+06]

Presolve removed 873 rows and 39 columns
Presolve time: 0.09s
Presolved: 3403 rows, 724 columns, 34489 nonzeros
Variable types: 350 continuous, 374 integer (308 binary)

Root relaxation: objective 1.765427e+00, 695 iterations, 0.03 seconds (0.09 work units)

    Nodes    |    Current Node    |     Objective Bounds      |     Work
 Expl Unexpl |  Obj  Depth IntInf | Incumbent    BestBd   Gap | It/Node Time

     0     0    1.76543    0  134          -    1.76543      -     -    0s
     0     0    1.77832    0  130          -    1.77832      -     -    0s
     0     0    1.78120    0  139          -    1.78120      -     -    0s
     0     0    1.78315    0  156          -    1.78315      -     -    0s
     0     0    1.78449    0  158          -    1.78449      -     -    0s
     0     0    1.78645    0  153          -    1.78645      -     -    0s
     0     0    1.78701    0  132          -    1.78701      -     -    0s
     0     0    1.78779    0  146          -    1.78779      -     -    0s
     0     0    1.78835    0  156          -    1.78835      -     -    0s
     0     0    1.78927    0  158          -    1.78927      -     -    0s
     0     0    1.78993    0  166          -    1.78993      -     -    0s
     0     0    1.79134    0  153          -    1.79134      -     -    1s
     0     0    1.79141    0  147          -    1.79141      -     -    1s
     0     0    1.79158    0  156          -    1.79158      -     -    1s
     0     0    1.79158    0  167          -    1.79158      -     -    1s
     0     0    1.79158    0  157          -    1.79158      -     -    1s
     0     0    1.79158    0  164          -    1.79158      -     -    1s
     0     0    1.79158    0  170          -    1.79158      -     -    1s
     0     0    1.79158    0  167          -    1.79158      -     -    1s
     0     0    1.79159    0  163          -    1.79159      -     -    1s
     0     0    1.79159    0  164          -    1.79159      -     -    1s
     0     0    1.79159    0  164          -    1.79159      -     -    1s
     0     0    1.79159    0  160          -    1.79159      -     -    1s
     0     2    1.79162    0  160          -    1.79162      -     -    2s
H  271   157                       1.8398451    1.79834  2.26%  90.5    4s
   400   212    1.81808    4  116    1.83985    1.80112  2.10%  91.8    5s
H  501   224                       1.8398451    1.80420  1.94%  99.1    5s

Cutting planes:
  Learned: 16
  Gomory: 2
  Cover: 43
  Implied bound: 167
  Clique: 6
  MIR: 112
  StrongCG: 11
  Flow cover: 66
  Zero half: 2
  Network: 15
  RLT: 8
  Relax-and-lift: 16
  BQP: 6

Explored 1066 nodes (123831 simplex iterations) in 9.06 seconds (17.62 work units)
Thread count was 1 (of 20 available processors)

Solution count 1: 1.83985 

Solve interrupted
Best objective 1.839845063537e+00, best bound 1.817579364906e+00, gap 1.2102%

User-callback calls 5629, time in user-callback 0.00 sec
