
Gurobi 13.0.2 (win64) logging started Sat Jul 25 05:09:09 2026

Set parameter LogFile to value "E:\codes\ExactEBRP\results\gf_nonblocking_gurobi_c6_round31\runs\stage6__moderate_seed3302__c5_candidate__1200s\external\native_logs\L0.1.1.0.0.1.1.0_terminal_mip.gurobi.log"
Gurobi Optimizer version 13.0.2 build v13.0.2rc1 (win64 - Windows 10.0 (19045.2))

CPU model: 12th Gen Intel(R) Core(TM) i7-12700KF, instruction set [SSE2|AVX|AVX2]
Thread count: 12 physical cores, 20 logical processors, using up to 1 threads

Non-default parameters:
TimeLimit  579.3604114
MIPGap  0
MIPGapAbs  0
LogToConsole  0
Threads  1

Optimize a model with 11903 rows, 3374 columns and 67328 nonzeros (Min)
Model fingerprint: 0xee7e7fa7
Model has 21 linear objective coefficients
Variable types: 1684 continuous, 1690 integer (1490 binary)
Coefficient statistics:
  Matrix range     [7e-03, 1e+04]
  Objective range  [7e-03, 1e+00]
  Bounds range     [4e-02, 3e+02]
  RHS range        [4e-02, 5e+04]

Presolve removed 996 rows and 75 columns
Presolve time: 0.20s
Presolved: 10907 rows, 3299 columns, 71126 nonzeros
Variable types: 1634 continuous, 1665 integer (1474 binary)

Root relaxation: objective 1.401575e-01, 5223 iterations, 0.45 seconds (1.34 work units)

    Nodes    |    Current Node    |     Objective Bounds      |     Work
 Expl Unexpl |  Obj  Depth IntInf | Incumbent    BestBd   Gap | It/Node Time

     0     0    0.14016    0  318          -    0.14016      -     -    0s
     0     0    0.14096    0  318          -    0.14096      -     -    1s
     0     0    0.14711    0  335          -    0.14711      -     -    2s
     0     0    0.14748    0  317          -    0.14748      -     -    2s
     0     0    0.16136    0  371          -    0.16136      -     -    4s
     0     0    0.16326    0  350          -    0.16326      -     -    4s
     0     0    0.16723    0  380          -    0.16723      -     -    5s
     0     0    0.16778    0  389          -    0.16778      -     -    5s
     0     0    0.17058    0  342          -    0.17058      -     -    6s
     0     0    0.17087    0  365          -    0.17087      -     -    6s
     0     0    0.17219    0  318          -    0.17219      -     -    7s
     0     0    0.17256    0  367          -    0.17256      -     -    8s
     0     0    0.17340    0  348          -    0.17340      -     -    9s
     0     0    0.17349    0  335          -    0.17349      -     -    9s
     0     0    0.17391    0  354          -    0.17391      -     -   10s
     0     0    0.17403    0  299          -    0.17403      -     -   11s
     0     0    0.17419    0  334          -    0.17419      -     -   12s
     0     0    0.17424    0  334          -    0.17424      -     -   12s
     0     0    0.17441    0  313          -    0.17441      -     -   13s
     0     0    0.17450    0  293          -    0.17450      -     -   13s
     0     0    0.17456    0  324          -    0.17456      -     -   14s
     0     0    0.17459    0  345          -    0.17459      -     -   14s
     0     0    0.17469    0  321          -    0.17469      -     -   15s
     0     0    0.17473    0  313          -    0.17473      -     -   15s
     0     0    0.17483    0  316          -    0.17483      -     -   16s
     0     0    0.17489    0  347          -    0.17489      -     -   16s
     0     0    0.17494    0  376          -    0.17494      -     -   17s
     0     0    0.17498    0  354          -    0.17498      -     -   18s
     0     0    0.17498    0  319          -    0.17498      -     -   18s
     0     0    0.17498    0  311          -    0.17498      -     -   19s
     0     0    0.17498    0  306          -    0.17498      -     -   19s
     0     0    0.17498    0  356          -    0.17498      -     -   19s
     0     0    0.17500    0  376          -    0.17500      -     -   20s
     0     0    0.17500    0  373          -    0.17500      -     -   21s
     0     0    0.17500    0  305          -    0.17500      -     -   21s
     0     2    0.17501    0  290          -    0.17501      -     -   22s
     6     8    0.17507    5  348          -    0.17501      -  2171   26s
    13    15    0.17550   10  305          -    0.17501      -  1549   38s
    27    29    0.17768   19  331          -    0.17501      -  1325   40s
    55    55    0.18860   42  309          -    0.17501      -   860   49s
    61    61    0.18394   48  319          -    0.17501      -   792   52s
   254   248    0.18086    4  277          -    0.17501      -   251   70s
   401   395    0.18375  148  258          -    0.17501      -   230   75s
   525   505    0.19543   24  322          -    0.17507      -   207   82s
   527   507    0.19509   96  362          -    0.17507      -   206   86s
   529   508    0.19836   66  396          -    0.17507      -   205   90s
   532   510    0.19641   53  379          -    0.17578      -   204   96s
   535   512    0.19495   58  388          -    0.17666      -   203  101s
   537   513    0.17773   15  386          -    0.17773      -   202  105s
   540   515    0.19761  202  370          -    0.17910      -   201  111s
   543   517    0.19402   88  364          -    0.17990      -   200  116s
   546   519    0.18166   37  356          -    0.18067      -   199  121s
   548   521    0.19081   28  384          -    0.18103      -   198  125s
   551   523    0.19807  207  423          -    0.18133      -   197  131s
   556   526    0.18394   49  396          -    0.18214      -   195  135s
   560   529    0.19534   83  357          -    0.18237      -   194  145s
   568   534    0.18244   20  401          -    0.18244      -   191  150s
   578   541    0.19518   68  398          -    0.18245      -   188  155s
   589   549    0.19832  163  285          -    0.18245      -   427  162s
   591   551    0.20048  147  339          -    0.18245      -   426  166s
   593   552    0.19627   94  344          -    0.18245      -   425  170s
   596   554    0.19384  123  377          -    0.18245      -   422  176s
   598   555    0.19540   71  365          -    0.18271      -   421  180s
   601   557    0.18301   12  358          -    0.18301      -   419  185s
   603   559    0.18306   15  405          -    0.18306      -   418  190s
   607   561    0.18322   36  382          -    0.18322      -   415  196s
   609   563    0.19822  100  414          -    0.18365      -   413  200s
   612   565    0.19807  165  385          -    0.18421      -   411  206s
   614   566    0.19859  103  404          -    0.18437      -   410  211s
   618   569    0.19910  119  391          -    0.18456      -   407  215s
   624   573    0.19668  211  395          -    0.18463      -   403  220s
   630   577    0.19995   57  419          -    0.18463      -   400  225s
   638   583    0.19771   24  347          -    0.18464      -   576  231s
   640   584    0.19761  202  367          -    0.18464      -   574  235s
   643   586    0.19402   88  371          -    0.18464      -   571  241s
   645   588    0.19084    8  365          -    0.18464      -   570  245s
   648   590    0.19081   28  363          -    0.18487      -   567  251s
   650   591    0.19960   31  343          -    0.18506      -   565  255s
   653   593    0.19495   22  387          -    0.18506      -   563  260s
   656   595    0.18507   49  377          -    0.18507      -   560  265s
   659   597    0.19081   28  384          -    0.18523      -   558  270s
   666   602    0.19877   51  372          -    0.18533      -   552  275s
   673   606    0.18537   14  423          -    0.18537      -   546  280s
   678   610    0.19518   68  397          -    0.18540      -   542  285s
   686   616    0.19516  162  288          -    0.18540      -   683  291s
   688   617    0.19273  205  336          -    0.18540      -   681  295s
   691   619    0.20048  147  348          -    0.18540      -   678  301s
   694   621    0.19278   38  357          -    0.18540      -   675  306s
   696   623    0.19384  123  404          -    0.18553      -   674  311s
   698   624    0.19540   71  378          -    0.18560      -   672  315s
   701   626    0.18565   12  398          -    0.18565      -   669  321s
   704   628    0.18567   72  391          -    0.18567      -   666  325s
   712   633    0.19807  165  373          -    0.18574      -   658  330s
   720   639    0.19706  198  376          -    0.18582      -   651  341s
   726   643    0.19931  129  368          -    0.18587      -   646  345s
   730   645    0.19995   57  384          -    0.18587      -   642  350s
   736   643 infeasible   52               - infeasible      -   785  355s

Cutting planes:
  Learned: 16
  Cover: 16
  Implied bound: 49
  Projected implied bound: 10
  Clique: 10
  MIR: 130
  Mixing: 2
  Flow cover: 135
  GUB cover: 1
  Zero half: 2
  Network: 22
  RLT: 4
  Relax-and-lift: 17
  BQP: 8

Explored 737 nodes (651115 simplex iterations) in 355.37 seconds (593.38 work units)
Thread count was 1 (of 20 available processors)

Solution count 0

Model is infeasible
Best objective -, best bound -, gap -

User-callback calls 96061, time in user-callback 0.01 sec
