
Gurobi 13.0.2 (win64) logging started Sat Jul 25 05:16:34 2026

Set parameter LogFile to value "E:\codes\ExactEBRP\results\gf_nonblocking_gurobi_c6_round31\runs\stage6__moderate_seed3302__c5_candidate__1200s\external\native_logs\L0.1.1.0.1.0.0_terminal_mip.gurobi.log"
Gurobi Optimizer version 13.0.2 build v13.0.2rc1 (win64 - Windows 10.0 (19045.2))

CPU model: 12th Gen Intel(R) Core(TM) i7-12700KF, instruction set [SSE2|AVX|AVX2]
Thread count: 12 physical cores, 20 logical processors, using up to 1 threads

Non-default parameters:
TimeLimit  1.3425933690000011e+02
MIPGap  0
MIPGapAbs  0
LogToConsole  0
Threads  1

Optimize a model with 11903 rows, 3374 columns and 67328 nonzeros (Min)
Model fingerprint: 0xe1523f73
Model has 21 linear objective coefficients
Variable types: 1684 continuous, 1690 integer (1490 binary)
Coefficient statistics:
  Matrix range     [7e-03, 1e+04]
  Objective range  [7e-03, 1e+00]
  Bounds range     [4e-02, 3e+02]
  RHS range        [4e-02, 5e+04]

Presolve removed 1014 rows and 75 columns
Presolve time: 0.20s
Presolved: 10889 rows, 3299 columns, 71100 nonzeros
Variable types: 1634 continuous, 1665 integer (1474 binary)

Root relaxation: objective 1.402561e-01, 5730 iterations, 0.48 seconds (1.38 work units)

    Nodes    |    Current Node    |     Objective Bounds      |     Work
 Expl Unexpl |  Obj  Depth IntInf | Incumbent    BestBd   Gap | It/Node Time

     0     0    0.14026    0  306          -    0.14026      -     -    0s
     0     0    0.14105    0  340          -    0.14105      -     -    1s
     0     0    0.14724    0  377          -    0.14724      -     -    2s
     0     0    0.14788    0  355          -    0.14788      -     -    2s
     0     0    0.15971    0  328          -    0.15971      -     -    3s
     0     0    0.16092    0  340          -    0.16092      -     -    4s
     0     0    0.16558    0  385          -    0.16558      -     -    5s
     0     0    0.16599    0  365          -    0.16599      -     -    5s
     0     0    0.16920    0  382          -    0.16920      -     -    6s
     0     0    0.16946    0  392          -    0.16946      -     -    7s
     0     0    0.17038    0  389          -    0.17038      -     -    8s
     0     0    0.17045    0  374          -    0.17045      -     -    8s
     0     0    0.17131    0  369          -    0.17131      -     -    9s
     0     0    0.17146    0  404          -    0.17146      -     -   10s
     0     0    0.17177    0  344          -    0.17177      -     -   11s
     0     0    0.17183    0  347          -    0.17183      -     -   11s
     0     0    0.17204    0  308          -    0.17204      -     -   12s
     0     0    0.17206    0  314          -    0.17206      -     -   12s
     0     0    0.17225    0  350          -    0.17225      -     -   13s
     0     0    0.17227    0  346          -    0.17227      -     -   13s
     0     0    0.17237    0  387          -    0.17237      -     -   14s
     0     0    0.17242    0  379          -    0.17242      -     -   14s
     0     0    0.17253    0  339          -    0.17253      -     -   15s
     0     0    0.17257    0  334          -    0.17257      -     -   15s
     0     0    0.17263    0  346          -    0.17263      -     -   16s
     0     0    0.17264    0  321          -    0.17264      -     -   17s
     0     0    0.17265    0  367          -    0.17265      -     -   17s
     0     0    0.17266    0  354          -    0.17266      -     -   18s
     0     0    0.17266    0  316          -    0.17266      -     -   18s
     0     0    0.17266    0  316          -    0.17266      -     -   18s
     0     0    0.17266    0  311          -    0.17266      -     -   18s
     0     2    0.17267    0  308          -    0.17267      -     -   20s
     9    11    0.17271    6  306          -    0.17267      -  1047   25s
    52    54    0.17843   46  299          -    0.17267      -   747   30s
    63    65    0.18355   54  291          -    0.17267      -   784   42s
   125   127    0.18541  111  238          -    0.17267      -   577   45s
   362   356    0.18034    5  255          -    0.17270      -   286   50s
   519   503    0.18712   16  233          -    0.17271      -   279   55s
   525   507    0.19930  168  332          -    0.17271      -   276   61s
   527   508    0.19309  237  374          -    0.17271      -   275   65s
   530   510    0.19235   83  356          -    0.17339      -   273   70s
   533   512    0.19385  204  372          -    0.17742      -   272   75s
   536   514    0.19514  292  369          -    0.17826      -   270   81s
   539   516    0.22520  133  392          -    0.17858      -   269   86s
   542   518    0.18091   63  369          -    0.17867      -   267   91s
   544   520    0.19495  228  404          -    0.17876      -   266   95s
   549   523    0.18201    8  421          -    0.17957      -   264  100s
   555   527    0.17971   48  415          -    0.17971      -   261  105s
   559   530    0.19318  137  366          -    0.17975      -   259  110s
   567   535    0.19694   25  366          -    0.17977      -   256  115s
   578   544    0.19950  198  311          -    0.17977      -   457  120s
   582   547    0.17977   28  348          -    0.17977      -   454  126s
   584   548    0.18425  108  362          -    0.17977      -   453  131s

Cutting planes:
  Learned: 12
  Cover: 34
  Implied bound: 97
  Projected implied bound: 19
  Clique: 11
  MIR: 156
  StrongCG: 6
  Flow cover: 179
  GUB cover: 5
  Zero half: 1
  Network: 20
  RLT: 4
  Relax-and-lift: 21
  BQP: 42
  PSD: 1

Explored 585 nodes (357788 simplex iterations) in 134.27 seconds (239.20 work units)
Thread count was 1 (of 20 available processors)

Solution count 0

Time limit reached
Best objective -, best bound 1.797715057774e-01, gap -

User-callback calls 35144, time in user-callback 0.00 sec
