
Gurobi 13.0.2 (win64) logging started Mon Aug 10 00:22:15 2026

Set parameter LogFile to value "E:\codes\ExactEBRP\results\gf_simple_start_qualification_round35\runs\v50_3600__high_imbalance_seed6202__c6_simple_start__3600s\native.log"
Set parameter Threads to value 1
Set parameter Presolve to value -1
Set parameter Seed to value 0
Set parameter MIPGap to value 0
Set parameter MIPGapAbs to value 0
Warning: unknown variable 'r_max' in bounds section (line 103349)
Warning: unknown variable 'r_min' in bounds section (line 103350)
Read LP format model from file E:\codes\ExactEBRP\results\gf_simple_start_qualification_round35\runs\v50_3600__high_imbalance_seed6202__c6_simple_start__3600s\external\models\L0.lp
Reading time = 0.21 seconds
obj: 93009 rows, 18187 columns, 665195 nonzeros
Set parameter TimeLimit to value 3583.8409342
Warning: unknown variable 'r_max' in bounds section (line 103349)
Warning: unknown variable 'r_min' in bounds section (line 103350)
Read LP format model from file E:\codes\ExactEBRP\results\gf_simple_start_qualification_round35\runs\v50_3600__high_imbalance_seed6202__c6_simple_start__3600s\external\models\L1.lp
Reading time = 0.21 seconds
obj: 93009 rows, 18187 columns, 665803 nonzeros
Set parameter TimeLimit to value 3578.6285472
Warning: unknown variable 'r_max' in bounds section (line 103349)
Warning: unknown variable 'r_min' in bounds section (line 103350)
Read LP format model from file E:\codes\ExactEBRP\results\gf_simple_start_qualification_round35\runs\v50_3600__high_imbalance_seed6202__c6_simple_start__3600s\external\models\L2.lp
Reading time = 0.21 seconds
obj: 93009 rows, 18187 columns, 665803 nonzeros
Set parameter TimeLimit to value 3561.3842855
Warning: unknown variable 'r_max' in bounds section (line 103349)
Warning: unknown variable 'r_min' in bounds section (line 103350)
Read LP format model from file E:\codes\ExactEBRP\results\gf_simple_start_qualification_round35\runs\v50_3600__high_imbalance_seed6202__c6_simple_start__3600s\external\models\L3.lp
Reading time = 0.20 seconds
obj: 93009 rows, 18187 columns, 663353 nonzeros
Set parameter TimeLimit to value 3558.1988776
Warning: unknown variable 'r_max' in bounds section (line 103349)
Warning: unknown variable 'r_min' in bounds section (line 103350)
Read LP format model from file E:\codes\ExactEBRP\results\gf_simple_start_qualification_round35\runs\v50_3600__high_imbalance_seed6202__c6_simple_start__3600s\external\models\L2.0.lp
Reading time = 0.22 seconds
obj: 93009 rows, 18187 columns, 665803 nonzeros
Set parameter TimeLimit to value 3529.1968424
Warning: unknown variable 'r_max' in bounds section (line 103349)
Warning: unknown variable 'r_min' in bounds section (line 103350)
Read LP format model from file E:\codes\ExactEBRP\results\gf_simple_start_qualification_round35\runs\v50_3600__high_imbalance_seed6202__c6_simple_start__3600s\external\models\L2.1.lp
Reading time = 0.20 seconds
obj: 93009 rows, 18187 columns, 665803 nonzeros
Set parameter TimeLimit to value 3524.6488072
